

================================================================
== Vitis HLS Report for 'conv_Pipeline_VITIS_LOOP_52_10_VITIS_LOOP_53_11_VITIS_LOOP_54_12'
================================================================
* Date:           Wed Oct  7 16:10:24 2026

* Version:        2022.2 (Build 3670227 on Oct 13 2022)
* Project:        vitis.prj
* Solution:       solution1 (Vivado IP Flow Target)
* Product family: zynq
* Target device:  xc7z020-clg400-1


================================================================
== Performance Estimates
================================================================
+ Timing: 
    * Summary: 
    +--------+----------+----------+------------+
    |  Clock |  Target  | Estimated| Uncertainty|
    +--------+----------+----------+------------+
    |ap_clk  |  10.00 ns|  7.005 ns|     2.70 ns|
    +--------+----------+----------+------------+

+ Latency: 
    * Summary: 
    +---------+---------+----------+----------+--------+--------+---------+
    |  Latency (cycles) |  Latency (absolute) |     Interval    | Pipeline|
    |   min   |   max   |    min   |    max   |   min  |   max  |   Type  |
    +---------+---------+----------+----------+--------+--------+---------+
    |   193609|   193609|  1.936 ms|  1.936 ms|  193609|  193609|       no|
    +---------+---------+----------+----------+--------+--------+---------+

    + Detail: 
        * Instance: 
        N/A

        * Loop: 
        +------------------------------------------------------+---------+---------+----------+-----------+-----------+--------+----------+
        |                                                      |  Latency (cycles) | Iteration|  Initiation Interval  |  Trip  |          |
        |                       Loop Name                      |   min   |   max   |  Latency |  achieved |   target  |  Count | Pipelined|
        +------------------------------------------------------+---------+---------+----------+-----------+-----------+--------+----------+
        |- VITIS_LOOP_52_10_VITIS_LOOP_53_11_VITIS_LOOP_54_12  |   193607|   193607|         9|          1|          1|  193600|       yes|
        +------------------------------------------------------+---------+---------+----------+-----------+-----------+--------+----------+



================================================================
== Utilization Estimates
================================================================
* Summary: 
+-----------------+---------+-----+--------+-------+-----+
|       Name      | BRAM_18K| DSP |   FF   |  LUT  | URAM|
+-----------------+---------+-----+--------+-------+-----+
|DSP              |        -|    1|       -|      -|    -|
|Expression       |        -|    -|       0|    189|    -|
|FIFO             |        -|    -|       -|      -|    -|
|Instance         |        -|    0|       0|     33|    -|
|Memory           |        -|    -|       -|      -|    -|
|Multiplexer      |        -|    -|       -|     72|    -|
|Register         |        -|    -|     206|     32|    -|
+-----------------+---------+-----+--------+-------+-----+
|Total            |        0|    1|     206|    326|    0|
+-----------------+---------+-----+--------+-------+-----+
|Available        |      280|  220|  106400|  53200|    0|
+-----------------+---------+-----+--------+-------+-----+
|Utilization (%)  |        0|   ~0|      ~0|     ~0|    0|
+-----------------+---------+-----+--------+-------+-----+

+ Detail: 
    * Instance: 
    +---------------------------------+-----------------------------+---------+----+---+----+-----+
    |             Instance            |            Module           | BRAM_18K| DSP| FF| LUT| URAM|
    +---------------------------------+-----------------------------+---------+----+---+----+-----+
    |fcmp_32ns_32ns_1_2_no_dsp_1_U26  |fcmp_32ns_32ns_1_2_no_dsp_1  |        0|   0|  0|   0|    0|
    |mul_7ns_7ns_13_1_1_U27           |mul_7ns_7ns_13_1_1           |        0|   0|  0|  33|    0|
    +---------------------------------+-----------------------------+---------+----+---+----+-----+
    |Total                            |                             |        0|   0|  0|  33|    0|
    +---------------------------------+-----------------------------+---------+----+---+----+-----+

    * DSP: 
    +-------------------------------------------+---------------------------------------+---------------------+
    |                  Instance                 |                 Module                |      Expression     |
    +-------------------------------------------+---------------------------------------+---------------------+
    |ama_addmuladd_13ns_6ns_6ns_6ns_18_4_1_U28  |ama_addmuladd_13ns_6ns_6ns_6ns_18_4_1  |  (i0 + i1) * i2 + i3|
    +-------------------------------------------+---------------------------------------+---------------------+

    * Memory: 
    N/A

    * FIFO: 
    N/A

    * Expression: 
    +-------------------------+----------+----+---+----+------------+------------+
    |      Variable Name      | Operation| DSP| FF| LUT| Bitwidth P0| Bitwidth P1|
    +-------------------------+----------+----+---+----+------------+------------+
    |add_ln52_1_fu_152_p2     |         +|   0|  0|  25|          18|           1|
    |add_ln52_fu_161_p2       |         +|   0|  0|  14|           7|           1|
    |add_ln53_1_fu_181_p2     |         +|   0|  0|  12|          12|           1|
    |add_ln53_fu_249_p2       |         +|   0|  0|  14|           6|           1|
    |add_ln54_fu_280_p2       |         +|   0|  0|  14|           6|           1|
    |and_ln52_fu_243_p2       |       and|   0|  0|   2|           1|           1|
    |and_ln56_fu_337_p2       |       and|   0|  0|   2|           1|           1|
    |icmp_ln52_fu_146_p2      |      icmp|   0|  0|  13|          18|          18|
    |icmp_ln53_fu_167_p2      |      icmp|   0|  0|  12|          12|          12|
    |icmp_ln54_fu_237_p2      |      icmp|   0|  0|  10|           6|           5|
    |icmp_ln56_1_fu_323_p2    |      icmp|   0|  0|  15|          23|           1|
    |icmp_ln56_fu_317_p2      |      icmp|   0|  0|  11|           8|           2|
    |or_ln53_fu_255_p2        |        or|   0|  0|   2|           1|           1|
    |or_ln56_fu_333_p2        |        or|   0|  0|   2|           1|           1|
    |select_ln52_1_fu_173_p3  |    select|   0|  0|   7|           1|           7|
    |select_ln52_fu_216_p3    |    select|   0|  0|   6|           1|           1|
    |select_ln53_1_fu_268_p3  |    select|   0|  0|   6|           1|           6|
    |select_ln53_2_fu_187_p3  |    select|   0|  0|  12|           1|           1|
    |select_ln53_fu_260_p3    |    select|   0|  0|   6|           1|           1|
    |ap_enable_pp0            |       xor|   0|  0|   2|           1|           2|
    |xor_ln52_fu_232_p2       |       xor|   0|  0|   2|           1|           2|
    +-------------------------+----------+----+---+----+------------+------------+
    |Total                    |          |   0|  0| 189|         127|          67|
    +-------------------------+----------+----+---+----+------------+------------+

    * Multiplexer: 
    +-------------------------+----+-----------+-----+-----------+
    |           Name          | LUT| Input Size| Bits| Total Bits|
    +-------------------------+----+-----------+-----+-----------+
    |ap_done_int              |   9|          2|    1|          2|
    |ap_enable_reg_pp0_iter1  |   9|          2|    1|          2|
    |ap_enable_reg_pp0_iter2  |   9|          2|    1|          2|
    |indvar_flatten228_fu_80  |   9|          2|   12|         24|
    |indvar_flatten242_fu_88  |   9|          2|   18|         36|
    |x_fu_84                  |   9|          2|    7|         14|
    |y_fu_76                  |   9|          2|    6|         12|
    |z_fu_72                  |   9|          2|    6|         12|
    +-------------------------+----+-----------+-----+-----------+
    |Total                    |  72|         16|   52|        104|
    +-------------------------+----+-----------+-----+-----------+

    * Register: 
    +-----------------------------------+----+----+-----+-----------+
    |                Name               | FF | LUT| Bits| Const Bits|
    +-----------------------------------+----+----+-----+-----------+
    |and_ln56_reg_441                   |   1|   0|    1|          0|
    |ap_CS_fsm                          |   1|   0|    1|          0|
    |ap_done_reg                        |   1|   0|    1|          0|
    |ap_enable_reg_pp0_iter1            |   1|   0|    1|          0|
    |ap_enable_reg_pp0_iter2            |   1|   0|    1|          0|
    |ap_enable_reg_pp0_iter3            |   1|   0|    1|          0|
    |ap_enable_reg_pp0_iter4            |   1|   0|    1|          0|
    |ap_enable_reg_pp0_iter5            |   1|   0|    1|          0|
    |ap_enable_reg_pp0_iter6            |   1|   0|    1|          0|
    |ap_enable_reg_pp0_iter7            |   1|   0|    1|          0|
    |ap_enable_reg_pp0_iter8            |   1|   0|    1|          0|
    |ap_enable_reg_pp0_iter9            |   1|   0|    1|          0|
    |ap_loop_exit_ready_pp0_iter2_reg   |   1|   0|    1|          0|
    |ap_loop_exit_ready_pp0_iter3_reg   |   1|   0|    1|          0|
    |ap_loop_exit_ready_pp0_iter4_reg   |   1|   0|    1|          0|
    |ap_loop_exit_ready_pp0_iter5_reg   |   1|   0|    1|          0|
    |ap_loop_exit_ready_pp0_iter6_reg   |   1|   0|    1|          0|
    |ap_loop_exit_ready_pp0_iter7_reg   |   1|   0|    1|          0|
    |ap_loop_exit_ready_pp0_iter8_reg   |   1|   0|    1|          0|
    |icmp_ln53_reg_393                  |   1|   0|    1|          0|
    |icmp_ln56_1_reg_431                |   1|   0|    1|          0|
    |icmp_ln56_1_reg_431_pp0_iter7_reg  |   1|   0|    1|          0|
    |icmp_ln56_reg_426                  |   1|   0|    1|          0|
    |icmp_ln56_reg_426_pp0_iter7_reg    |   1|   0|    1|          0|
    |indvar_flatten228_fu_80            |  12|   0|   12|          0|
    |indvar_flatten242_fu_88            |  18|   0|   18|          0|
    |output_fm_addr_reg_415             |  18|   0|   18|          0|
    |output_fm_load_reg_421             |  32|   0|   32|          0|
    |select_ln52_1_reg_400              |   7|   0|    7|          0|
    |select_ln53_reg_405                |   6|   0|    6|          0|
    |select_ln53_reg_405_pp0_iter3_reg  |   6|   0|    6|          0|
    |x_fu_84                            |   7|   0|    7|          0|
    |y_fu_76                            |   6|   0|    6|          0|
    |z_fu_72                            |   6|   0|    6|          0|
    |output_fm_addr_reg_415             |  64|  32|   18|          0|
    +-----------------------------------+----+----+-----+-----------+
    |Total                              | 206|  32|  160|          0|
    +-----------------------------------+----+----+-----+-----------+



================================================================
== Interface
================================================================
* Summary: 
+--------------------+-----+-----+------------+------------------------------------------------------------------+--------------+
|      RTL Ports     | Dir | Bits|  Protocol  |                           Source Object                          |    C Type    |
+--------------------+-----+-----+------------+------------------------------------------------------------------+--------------+
|ap_clk              |   in|    1|  ap_ctrl_hs|  conv_Pipeline_VITIS_LOOP_52_10_VITIS_LOOP_53_11_VITIS_LOOP_54_12|  return value|
|ap_rst              |   in|    1|  ap_ctrl_hs|  conv_Pipeline_VITIS_LOOP_52_10_VITIS_LOOP_53_11_VITIS_LOOP_54_12|  return value|
|ap_start            |   in|    1|  ap_ctrl_hs|  conv_Pipeline_VITIS_LOOP_52_10_VITIS_LOOP_53_11_VITIS_LOOP_54_12|  return value|
|ap_done             |  out|    1|  ap_ctrl_hs|  conv_Pipeline_VITIS_LOOP_52_10_VITIS_LOOP_53_11_VITIS_LOOP_54_12|  return value|
|ap_idle             |  out|    1|  ap_ctrl_hs|  conv_Pipeline_VITIS_LOOP_52_10_VITIS_LOOP_53_11_VITIS_LOOP_54_12|  return value|
|ap_ready            |  out|    1|  ap_ctrl_hs|  conv_Pipeline_VITIS_LOOP_52_10_VITIS_LOOP_53_11_VITIS_LOOP_54_12|  return value|
|output_fm_address0  |  out|   18|   ap_memory|                                                         output_fm|         array|
|output_fm_ce0       |  out|    1|   ap_memory|                                                         output_fm|         array|
|output_fm_we0       |  out|    1|   ap_memory|                                                         output_fm|         array|
|output_fm_d0        |  out|   32|   ap_memory|                                                         output_fm|         array|
|output_fm_address1  |  out|   18|   ap_memory|                                                         output_fm|         array|
|output_fm_ce1       |  out|    1|   ap_memory|                                                         output_fm|         array|
|output_fm_q1        |   in|   32|   ap_memory|                                                         output_fm|         array|
+--------------------+-----+-----+------------+------------------------------------------------------------------+--------------+

