

================================================================
== Vitis HLS Report for 'conv'
================================================================
* Date:           Wed Oct  7 17:39:54 2026

* Version:        2022.2 (Build 3670227 on Oct 13 2022)
* Project:        vitis.prj
* Solution:       solution1 (Vivado IP Flow Target)
* Product family: zynq
* Target device:  xc7z020-clg400-1


================================================================
== Performance Estimates
================================================================
+ Timing: 
    * Summary: 
    +--------+----------+----------+------------+
    |  Clock |  Target  | Estimated| Uncertainty|
    +--------+----------+----------+------------+
    |ap_clk  |  10.00 ns|  8.280 ns|     2.70 ns|
    +--------+----------+----------+------------+

+ Latency: 
    * Summary: 
    +-----------+-----------+-----------+-----------+-----------+-----------+---------+
    |    Latency (cycles)   |   Latency (absolute)  |        Interval       | Pipeline|
    |    min    |    max    |    min    |    max    |    min    |    max    |   Type  |
    +-----------+-----------+-----------+-----------+-----------+-----------+---------+
    |  381972870|  381972870|  3.820 sec|  3.820 sec|  381972871|  381972871|       no|
    +-----------+-----------+-----------+-----------+-----------+-----------+---------+

    + Detail: 
        * Instance: 
        +----------------------------------------------------------+-----------------------------------------------+---------+---------+-----------+-----------+------+------+---------+
        |                                                          |                                               |  Latency (cycles) |   Latency (absolute)  |   Interval  | Pipeline|
        |                         Instance                         |                     Module                    |   min   |   max   |    min    |    max    |  min |  max |   Type  |
        +----------------------------------------------------------+-----------------------------------------------+---------+---------+-----------+-----------+------+------+---------+
        |grp_conv_Pipeline_VITIS_LOOP_23_4_VITIS_LOOP_25_5_fu_218  |conv_Pipeline_VITIS_LOOP_23_4_VITIS_LOOP_25_5  |     1896|     1896|  18.960 us|  18.960 us|  1896|  1896|       no|
        +----------------------------------------------------------+-----------------------------------------------+---------+---------+-----------+-----------+------+------+---------+

        * Loop: 
        +---------------------------------------------------+-----------+-----------+----------+-----------+-----------+--------+----------+
        |                                                   |    Latency (cycles)   | Iteration|  Initiation Interval  |  Trip  |          |
        |                     Loop Name                     |    min    |    max    |  Latency |  achieved |   target  |  Count | Pipelined|
        +---------------------------------------------------+-----------+-----------+----------+-----------+-----------+--------+----------+
        |- VITIS_LOOP_15_1_VITIS_LOOP_17_2_VITIS_LOOP_19_3  |  381972800|  381972800|      1973|          -|          -|  193600|        no|
        +---------------------------------------------------+-----------+-----------+----------+-----------+-----------+--------+----------+



================================================================
== Utilization Estimates
================================================================
* Summary: 
+-----------------+---------+-----+--------+-------+-----+
|       Name      | BRAM_18K| DSP |   FF   |  LUT  | URAM|
+-----------------+---------+-----+--------+-------+-----+
|DSP              |        -|    1|       -|      -|    -|
|Expression       |        -|    -|       0|    447|    -|
|FIFO             |        -|    -|       -|      -|    -|
|Instance         |        0|    6|    3787|   5611|    -|
|Memory           |        -|    -|       -|      -|    -|
|Multiplexer      |        -|    -|       -|    954|    -|
|Register         |        -|    -|     808|      -|    -|
+-----------------+---------+-----+--------+-------+-----+
|Total            |        0|    7|    4595|   7012|    0|
+-----------------+---------+-----+--------+-------+-----+
|Available        |      280|  220|  106400|  53200|    0|
+-----------------+---------+-----+--------+-------+-----+
|Utilization (%)  |        0|    3|       4|     13|    0|
+-----------------+---------+-----+--------+-------+-----+

+ Detail: 
    * Instance: 
    +----------------------------------------------------------+-----------------------------------------------+---------+----+------+------+-----+
    |                         Instance                         |                     Module                    | BRAM_18K| DSP|  FF  |  LUT | URAM|
    +----------------------------------------------------------+-----------------------------------------------+---------+----+------+------+-----+
    |control_s_axi_U                                           |control_s_axi                                  |        0|   0|   316|   552|    0|
    |grp_conv_Pipeline_VITIS_LOOP_23_4_VITIS_LOOP_25_5_fu_218  |conv_Pipeline_VITIS_LOOP_23_4_VITIS_LOOP_25_5  |        0|   6|  2035|  2423|    0|
    |fcmp_32ns_32ns_1_2_no_dsp_1_U20                           |fcmp_32ns_32ns_1_2_no_dsp_1                    |        0|   0|     0|     0|    0|
    |mem1_m_axi_U                                              |mem1_m_axi                                     |        0|   0|   718|  1318|    0|
    |mem2_m_axi_U                                              |mem2_m_axi                                     |        0|   0|   718|  1318|    0|
    +----------------------------------------------------------+-----------------------------------------------+---------+----+------+------+-----+
    |Total                                                     |                                               |        0|   6|  3787|  5611|    0|
    +----------------------------------------------------------+-----------------------------------------------+---------+----+------+------+-----+

    * DSP: 
    +-----------------------------+-------------------------+-----------+
    |           Instance          |          Module         | Expression|
    +-----------------------------+-------------------------+-----------+
    |mul_mul_7ns_11ns_18_4_1_U21  |mul_mul_7ns_11ns_18_4_1  |    i0 * i1|
    +-----------------------------+-------------------------+-----------+

    * Memory: 
    N/A

    * FIFO: 
    N/A

    * Expression: 
    +-------------------------+----------+----+---+----+------------+------------+
    |      Variable Name      | Operation| DSP| FF| LUT| Bitwidth P0| Bitwidth P1|
    +-------------------------+----------+----+---+----+------------+------------+
    |add_ln15_1_fu_339_p2     |         +|   0|  0|  70|          63|          63|
    |add_ln15_2_fu_390_p2     |         +|   0|  0|  71|          64|          64|
    |add_ln15_3_fu_321_p2     |         +|   0|  0|  14|           7|           1|
    |add_ln15_fu_303_p2       |         +|   0|  0|  25|          18|           1|
    |add_ln17_1_fu_358_p2     |         +|   0|  0|  12|          12|           1|
    |add_ln17_fu_495_p2       |         +|   0|  0|  14|           6|           1|
    |add_ln19_fu_455_p2       |         +|   0|  0|  14|           6|           1|
    |tmp_fu_450_p2            |         +|   0|  0|  71|          64|          64|
    |and_ln15_fu_419_p2       |       and|   0|  0|   2|           1|           1|
    |and_ln38_fu_568_p2       |       and|   0|  0|   2|           1|           1|
    |icmp_ln15_fu_297_p2      |      icmp|   0|  0|  13|          18|          18|
    |icmp_ln17_fu_315_p2      |      icmp|   0|  0|  12|          12|          12|
    |icmp_ln19_fu_413_p2      |      icmp|   0|  0|  10|           6|           5|
    |icmp_ln38_1_fu_556_p2    |      icmp|   0|  0|  15|          23|           1|
    |icmp_ln38_fu_550_p2      |      icmp|   0|  0|  11|           8|           2|
    |or_ln17_fu_425_p2        |        or|   0|  0|   2|           1|           1|
    |or_ln38_fu_562_p2        |        or|   0|  0|   2|           1|           1|
    |select_ln15_1_fu_327_p3  |    select|   0|  0|   7|           1|           7|
    |select_ln15_2_fu_488_p3  |    select|   0|  0|   8|           1|           1|
    |select_ln15_fu_469_p3    |    select|   0|  0|   6|           1|           1|
    |select_ln17_1_fu_509_p3  |    select|   0|  0|   8|           1|           8|
    |select_ln17_2_fu_517_p3  |    select|   0|  0|   6|           1|           6|
    |select_ln17_3_fu_364_p3  |    select|   0|  0|  12|           1|           1|
    |select_ln17_fu_430_p3    |    select|   0|  0|   6|           1|           1|
    |select_ln38_fu_574_p3    |    select|   0|  0|  32|           1|          32|
    |xor_ln15_fu_408_p2       |       xor|   0|  0|   2|           1|           2|
    +-------------------------+----------+----+---+----+------------+------------+
    |Total                    |          |   0|  0| 447|         320|         297|
    +-------------------------+----------+----+---+----+------------+------------+

    * Multiplexer: 
    +-------------------------+-----+-----------+-----+-----------+
    |           Name          | LUT | Input Size| Bits| Total Bits|
    +-------------------------+-----+-----------+-----+-----------+
    |ap_NS_fsm                |  790|        148|    1|        148|
    |indvar_flatten35_fu_158  |    9|          2|   18|         36|
    |indvar_flatten9_fu_150   |    9|          2|   12|         24|
    |mem1_ARVALID             |    9|          2|    1|          2|
    |mem1_RREADY              |    9|          2|    1|          2|
    |mem1_blk_n_AW            |    9|          2|    1|          2|
    |mem1_blk_n_B             |    9|          2|    1|          2|
    |mem1_blk_n_W             |    9|          2|    1|          2|
    |mem2_ARADDR              |   14|          3|   64|        192|
    |mem2_ARLEN               |   14|          3|   32|         96|
    |mem2_ARVALID             |   14|          3|    1|          3|
    |mem2_RREADY              |   14|          3|    1|          3|
    |mem2_blk_n_AR            |    9|          2|    1|          2|
    |mem2_blk_n_R             |    9|          2|    1|          2|
    |n_fu_154                 |    9|          2|    7|         14|
    |out_c_fu_142             |    9|          2|    6|         12|
    |out_r_fu_146             |    9|          2|    6|         12|
    +-------------------------+-----+-----------+-----+-----------+
    |Total                    |  954|        184|  155|        554|
    +-------------------------+-----+-----------+-----+-----------+

    * Register: 
    +-----------------------------------------------------------------------+-----+----+-----+-----------+
    |                                  Name                                 |  FF | LUT| Bits| Const Bits|
    +-----------------------------------------------------------------------+-----+----+-----+-----------+
    |and_ln15_reg_688                                                       |    1|   0|    1|          0|
    |ap_CS_fsm                                                              |  147|   0|  147|          0|
    |bitcast_ln15_reg_699                                                   |   32|   0|   32|          0|
    |grp_conv_Pipeline_VITIS_LOOP_23_4_VITIS_LOOP_25_5_fu_218_ap_start_reg  |    1|   0|    1|          0|
    |icmp_ln17_reg_659                                                      |    1|   0|    1|          0|
    |indvar_flatten35_fu_158                                                |   18|   0|   18|          0|
    |indvar_flatten9_fu_150                                                 |   12|   0|   12|          0|
    |input_fm_read_reg_629                                                  |   64|   0|   64|          0|
    |mem1_addr_reg_640                                                      |   64|   0|   64|          0|
    |mem2_addr_read_reg_683                                                 |   32|   0|   32|          0|
    |mem2_addr_reg_667                                                      |   64|   0|   64|          0|
    |n_fu_154                                                               |    7|   0|    7|          0|
    |out_c_fu_142                                                           |    6|   0|    6|          0|
    |out_r_fu_146                                                           |    6|   0|    6|          0|
    |select_ln17_1_reg_704                                                  |    6|   0|    8|          2|
    |select_ln38_reg_712                                                    |   32|   0|   32|          0|
    |sext_ln15_1_reg_651                                                    |   63|   0|   63|          0|
    |sext_ln17_mid2_v_reg_678                                               |   62|   0|   62|          0|
    |tmp_reg_694                                                            |   64|   0|   64|          0|
    |trunc_ln15_1_reg_646                                                   |   62|   0|   62|          0|
    |weights_read_reg_624                                                   |   64|   0|   64|          0|
    +-----------------------------------------------------------------------+-----+----+-----+-----------+
    |Total                                                                  |  808|   0|  810|          2|
    +-----------------------------------------------------------------------+-----+----+-----+-----------+



================================================================
== Interface
================================================================
* Summary: 
+-----------------------+-----+-----+------------+--------------+--------------+
|       RTL Ports       | Dir | Bits|  Protocol  | Source Object|    C Type    |
+-----------------------+-----+-----+------------+--------------+--------------+
|s_axi_control_AWVALID  |   in|    1|       s_axi|       control|        scalar|
|s_axi_control_AWREADY  |  out|    1|       s_axi|       control|        scalar|
|s_axi_control_AWADDR   |   in|    6|       s_axi|       control|        scalar|
|s_axi_control_WVALID   |   in|    1|       s_axi|       control|        scalar|
|s_axi_control_WREADY   |  out|    1|       s_axi|       control|        scalar|
|s_axi_control_WDATA    |   in|   32|       s_axi|       control|        scalar|
|s_axi_control_WSTRB    |   in|    4|       s_axi|       control|        scalar|
|s_axi_control_ARVALID  |   in|    1|       s_axi|       control|        scalar|
|s_axi_control_ARREADY  |  out|    1|       s_axi|       control|        scalar|
|s_axi_control_ARADDR   |   in|    6|       s_axi|       control|        scalar|
|s_axi_control_RVALID   |  out|    1|       s_axi|       control|        scalar|
|s_axi_control_RREADY   |   in|    1|       s_axi|       control|        scalar|
|s_axi_control_RDATA    |  out|   32|       s_axi|       control|        scalar|
|s_axi_control_RRESP    |  out|    2|       s_axi|       control|        scalar|
|s_axi_control_BVALID   |  out|    1|       s_axi|       control|        scalar|
|s_axi_control_BREADY   |   in|    1|       s_axi|       control|        scalar|
|s_axi_control_BRESP    |  out|    2|       s_axi|       control|        scalar|
|ap_clk                 |   in|    1|  ap_ctrl_hs|          conv|  return value|
|ap_rst_n               |   in|    1|  ap_ctrl_hs|          conv|  return value|
|interrupt              |  out|    1|  ap_ctrl_hs|          conv|  return value|
|m_axi_mem1_AWVALID     |  out|    1|       m_axi|          mem1|       pointer|
|m_axi_mem1_AWREADY     |   in|    1|       m_axi|          mem1|       pointer|
|m_axi_mem1_AWADDR      |  out|   64|       m_axi|          mem1|       pointer|
|m_axi_mem1_AWID        |  out|    1|       m_axi|          mem1|       pointer|
|m_axi_mem1_AWLEN       |  out|    8|       m_axi|          mem1|       pointer|
|m_axi_mem1_AWSIZE      |  out|    3|       m_axi|          mem1|       pointer|
|m_axi_mem1_AWBURST     |  out|    2|       m_axi|          mem1|       pointer|
|m_axi_mem1_AWLOCK      |  out|    2|       m_axi|          mem1|       pointer|
|m_axi_mem1_AWCACHE     |  out|    4|       m_axi|          mem1|       pointer|
|m_axi_mem1_AWPROT      |  out|    3|       m_axi|          mem1|       pointer|
|m_axi_mem1_AWQOS       |  out|    4|       m_axi|          mem1|       pointer|
|m_axi_mem1_AWREGION    |  out|    4|       m_axi|          mem1|       pointer|
|m_axi_mem1_AWUSER      |  out|    1|       m_axi|          mem1|       pointer|
|m_axi_mem1_WVALID      |  out|    1|       m_axi|          mem1|       pointer|
|m_axi_mem1_WREADY      |   in|    1|       m_axi|          mem1|       pointer|
|m_axi_mem1_WDATA       |  out|   32|       m_axi|          mem1|       pointer|
|m_axi_mem1_WSTRB       |  out|    4|       m_axi|          mem1|       pointer|
|m_axi_mem1_WLAST       |  out|    1|       m_axi|          mem1|       pointer|
|m_axi_mem1_WID         |  out|    1|       m_axi|          mem1|       pointer|
|m_axi_mem1_WUSER       |  out|    1|       m_axi|          mem1|       pointer|
|m_axi_mem1_ARVALID     |  out|    1|       m_axi|          mem1|       pointer|
|m_axi_mem1_ARREADY     |   in|    1|       m_axi|          mem1|       pointer|
|m_axi_mem1_ARADDR      |  out|   64|       m_axi|          mem1|       pointer|
|m_axi_mem1_ARID        |  out|    1|       m_axi|          mem1|       pointer|
|m_axi_mem1_ARLEN       |  out|    8|       m_axi|          mem1|       pointer|
|m_axi_mem1_ARSIZE      |  out|    3|       m_axi|          mem1|       pointer|
|m_axi_mem1_ARBURST     |  out|    2|       m_axi|          mem1|       pointer|
|m_axi_mem1_ARLOCK      |  out|    2|       m_axi|          mem1|       pointer|
|m_axi_mem1_ARCACHE     |  out|    4|       m_axi|          mem1|       pointer|
|m_axi_mem1_ARPROT      |  out|    3|       m_axi|          mem1|       pointer|
|m_axi_mem1_ARQOS       |  out|    4|       m_axi|          mem1|       pointer|
|m_axi_mem1_ARREGION    |  out|    4|       m_axi|          mem1|       pointer|
|m_axi_mem1_ARUSER      |  out|    1|       m_axi|          mem1|       pointer|
|m_axi_mem1_RVALID      |   in|    1|       m_axi|          mem1|       pointer|
|m_axi_mem1_RREADY      |  out|    1|       m_axi|          mem1|       pointer|
|m_axi_mem1_RDATA       |   in|   32|       m_axi|          mem1|       pointer|
|m_axi_mem1_RLAST       |   in|    1|       m_axi|          mem1|       pointer|
|m_axi_mem1_RID         |   in|    1|       m_axi|          mem1|       pointer|
|m_axi_mem1_RUSER       |   in|    1|       m_axi|          mem1|       pointer|
|m_axi_mem1_RRESP       |   in|    2|       m_axi|          mem1|       pointer|
|m_axi_mem1_BVALID      |   in|    1|       m_axi|          mem1|       pointer|
|m_axi_mem1_BREADY      |  out|    1|       m_axi|          mem1|       pointer|
|m_axi_mem1_BRESP       |   in|    2|       m_axi|          mem1|       pointer|
|m_axi_mem1_BID         |   in|    1|       m_axi|          mem1|       pointer|
|m_axi_mem1_BUSER       |   in|    1|       m_axi|          mem1|       pointer|
|m_axi_mem2_AWVALID     |  out|    1|       m_axi|          mem2|       pointer|
|m_axi_mem2_AWREADY     |   in|    1|       m_axi|          mem2|       pointer|
|m_axi_mem2_AWADDR      |  out|   64|       m_axi|          mem2|       pointer|
|m_axi_mem2_AWID        |  out|    1|       m_axi|          mem2|       pointer|
|m_axi_mem2_AWLEN       |  out|    8|       m_axi|          mem2|       pointer|
|m_axi_mem2_AWSIZE      |  out|    3|       m_axi|          mem2|       pointer|
|m_axi_mem2_AWBURST     |  out|    2|       m_axi|          mem2|       pointer|
|m_axi_mem2_AWLOCK      |  out|    2|       m_axi|          mem2|       pointer|
|m_axi_mem2_AWCACHE     |  out|    4|       m_axi|          mem2|       pointer|
|m_axi_mem2_AWPROT      |  out|    3|       m_axi|          mem2|       pointer|
|m_axi_mem2_AWQOS       |  out|    4|       m_axi|          mem2|       pointer|
|m_axi_mem2_AWREGION    |  out|    4|       m_axi|          mem2|       pointer|
|m_axi_mem2_AWUSER      |  out|    1|       m_axi|          mem2|       pointer|
|m_axi_mem2_WVALID      |  out|    1|       m_axi|          mem2|       pointer|
|m_axi_mem2_WREADY      |   in|    1|       m_axi|          mem2|       pointer|
|m_axi_mem2_WDATA       |  out|   32|       m_axi|          mem2|       pointer|
|m_axi_mem2_WSTRB       |  out|    4|       m_axi|          mem2|       pointer|
|m_axi_mem2_WLAST       |  out|    1|       m_axi|          mem2|       pointer|
|m_axi_mem2_WID         |  out|    1|       m_axi|          mem2|       pointer|
|m_axi_mem2_WUSER       |  out|    1|       m_axi|          mem2|       pointer|
|m_axi_mem2_ARVALID     |  out|    1|       m_axi|          mem2|       pointer|
|m_axi_mem2_ARREADY     |   in|    1|       m_axi|          mem2|       pointer|
|m_axi_mem2_ARADDR      |  out|   64|       m_axi|          mem2|       pointer|
|m_axi_mem2_ARID        |  out|    1|       m_axi|          mem2|       pointer|
|m_axi_mem2_ARLEN       |  out|    8|       m_axi|          mem2|       pointer|
|m_axi_mem2_ARSIZE      |  out|    3|       m_axi|          mem2|       pointer|
|m_axi_mem2_ARBURST     |  out|    2|       m_axi|          mem2|       pointer|
|m_axi_mem2_ARLOCK      |  out|    2|       m_axi|          mem2|       pointer|
|m_axi_mem2_ARCACHE     |  out|    4|       m_axi|          mem2|       pointer|
|m_axi_mem2_ARPROT      |  out|    3|       m_axi|          mem2|       pointer|
|m_axi_mem2_ARQOS       |  out|    4|       m_axi|          mem2|       pointer|
|m_axi_mem2_ARREGION    |  out|    4|       m_axi|          mem2|       pointer|
|m_axi_mem2_ARUSER      |  out|    1|       m_axi|          mem2|       pointer|
|m_axi_mem2_RVALID      |   in|    1|       m_axi|          mem2|       pointer|
|m_axi_mem2_RREADY      |  out|    1|       m_axi|          mem2|       pointer|
|m_axi_mem2_RDATA       |   in|   32|       m_axi|          mem2|       pointer|
|m_axi_mem2_RLAST       |   in|    1|       m_axi|          mem2|       pointer|
|m_axi_mem2_RID         |   in|    1|       m_axi|          mem2|       pointer|
|m_axi_mem2_RUSER       |   in|    1|       m_axi|          mem2|       pointer|
|m_axi_mem2_RRESP       |   in|    2|       m_axi|          mem2|       pointer|
|m_axi_mem2_BVALID      |   in|    1|       m_axi|          mem2|       pointer|
|m_axi_mem2_BREADY      |  out|    1|       m_axi|          mem2|       pointer|
|m_axi_mem2_BRESP       |   in|    2|       m_axi|          mem2|       pointer|
|m_axi_mem2_BID         |   in|    1|       m_axi|          mem2|       pointer|
|m_axi_mem2_BUSER       |   in|    1|       m_axi|          mem2|       pointer|
+-----------------------+-----+-----+------------+--------------+--------------+

