

================================================================
== Vitis HLS Report for 'conv_Pipeline_VITIS_LOOP_23_4_VITIS_LOOP_25_5'
================================================================
* Date:           Wed Oct  7 17:39:53 2026

* Version:        2022.2 (Build 3670227 on Oct 13 2022)
* Project:        vitis.prj
* Solution:       solution1 (Vivado IP Flow Target)
* Product family: zynq
* Target device:  xc7z020-clg400-1


================================================================
== Performance Estimates
================================================================
+ Timing: 
    * Summary: 
    +--------+----------+----------+------------+
    |  Clock |  Target  | Estimated| Uncertainty|
    +--------+----------+----------+------------+
    |ap_clk  |  10.00 ns|  8.280 ns|     2.70 ns|
    +--------+----------+----------+------------+

+ Latency: 
    * Summary: 
    +---------+---------+-----------+-----------+------+------+---------+
    |  Latency (cycles) |   Latency (absolute)  |   Interval  | Pipeline|
    |   min   |   max   |    min    |    max    |  min |  max |   Type  |
    +---------+---------+-----------+-----------+------+------+---------+
    |     1896|     1896|  18.960 us|  18.960 us|  1896|  1896|       no|
    +---------+---------+-----------+-----------+------+------+---------+

    + Detail: 
        * Instance: 
        N/A

        * Loop: 
        +-----------------------------------+---------+---------+----------+-----------+-----------+------+----------+
        |                                   |  Latency (cycles) | Iteration|  Initiation Interval  | Trip |          |
        |             Loop Name             |   min   |   max   |  Latency |  achieved |   target  | Count| Pipelined|
        +-----------------------------------+---------+---------+----------+-----------+-----------+------+----------+
        |- VITIS_LOOP_23_4_VITIS_LOOP_25_5  |     1894|     1894|       135|         55|          1|    33|       yes|
        +-----------------------------------+---------+---------+----------+-----------+-----------+------+----------+



================================================================
== Utilization Estimates
================================================================
* Summary: 
+-----------------+---------+-----+--------+-------+-----+
|       Name      | BRAM_18K| DSP |   FF   |  LUT  | URAM|
+-----------------+---------+-----+--------+-------+-----+
|DSP              |        -|    1|       -|      -|    -|
|Expression       |        -|    -|       0|    991|    -|
|FIFO             |        -|    -|       -|      -|    -|
|Instance         |        -|    5|     348|    776|    -|
|Memory           |        -|    -|       -|      -|    -|
|Multiplexer      |        -|    -|       -|    656|    -|
|Register         |        -|    -|    1687|      -|    -|
+-----------------+---------+-----+--------+-------+-----+
|Total            |        0|    6|    2035|   2423|    0|
+-----------------+---------+-----+--------+-------+-----+
|Available        |      280|  220|  106400|  53200|    0|
+-----------------+---------+-----+--------+-------+-----+
|Utilization (%)  |        0|    2|       1|      4|    0|
+-----------------+---------+-----+--------+-------+-----+

+ Detail: 
    * Instance: 
    +-----------------------------------+--------------------------------+---------+----+-----+-----+-----+
    |              Instance             |             Module             | BRAM_18K| DSP|  FF | LUT | URAM|
    +-----------------------------------+--------------------------------+---------+----+-----+-----+-----+
    |fadd_32ns_32ns_32_5_full_dsp_1_U1  |fadd_32ns_32ns_32_5_full_dsp_1  |        0|   2|  205|  390|    0|
    |fmul_32ns_32ns_32_4_max_dsp_1_U2   |fmul_32ns_32ns_32_4_max_dsp_1   |        0|   3|  143|  321|    0|
    |mul_2ns_19ns_20_1_1_U4             |mul_2ns_19ns_20_1_1             |        0|   0|    0|    7|    0|
    |mul_2ns_8ns_9_1_1_U3               |mul_2ns_8ns_9_1_1               |        0|   0|    0|   41|    0|
    |mul_4ns_5ns_8_1_1_U5               |mul_4ns_5ns_8_1_1               |        0|   0|    0|   17|    0|
    +-----------------------------------+--------------------------------+---------+----+-----+-----+-----+
    |Total                              |                                |        0|   5|  348|  776|    0|
    +-----------------------------------+--------------------------------+---------+----+-----+-----+-----+

    * DSP: 
    +-------------------------------------------+----------------------------------------+---------------------+
    |                  Instance                 |                 Module                 |      Expression     |
    +-------------------------------------------+----------------------------------------+---------------------+
    |ama_addmuladd_4ns_8ns_10ns_20ns_20_4_1_U6  |ama_addmuladd_4ns_8ns_10ns_20ns_20_4_1  |  i0 + (i1 + i2) * i3|
    +-------------------------------------------+----------------------------------------+---------------------+

    * Memory: 
    N/A

    * FIFO: 
    N/A

    * Expression: 
    +------------------------------------+----------+----+---+----+------------+------------+
    |            Variable Name           | Operation| DSP| FF| LUT| Bitwidth P0| Bitwidth P1|
    +------------------------------------+----------+----+---+----+------------+------------+
    |add_ln23_1_fu_399_p2                |         +|   0|  0|  10|           2|           1|
    |add_ln23_fu_373_p2                  |         +|   0|  0|  14|           6|           1|
    |add_ln25_fu_656_p2                  |         +|   0|  0|  13|           4|           1|
    |add_ln33_10_fu_641_p2               |         +|   0|  0|  70|          63|           4|
    |add_ln33_11_fu_485_p2               |         +|   0|  0|  63|          63|          63|
    |add_ln33_1_fu_506_p2                |         +|   0|  0|  70|          63|           1|
    |add_ln33_2_fu_521_p2                |         +|   0|  0|  70|          63|           2|
    |add_ln33_3_fu_536_p2                |         +|   0|  0|  70|          63|           2|
    |add_ln33_4_fu_551_p2                |         +|   0|  0|  70|          63|           3|
    |add_ln33_5_fu_566_p2                |         +|   0|  0|  70|          63|           3|
    |add_ln33_6_fu_581_p2                |         +|   0|  0|  70|          63|           3|
    |add_ln33_7_fu_596_p2                |         +|   0|  0|  70|          63|           3|
    |add_ln33_8_fu_611_p2                |         +|   0|  0|  70|          63|           4|
    |add_ln33_9_fu_626_p2                |         +|   0|  0|  70|          63|           4|
    |add_ln33_fu_490_p2                  |         +|   0|  0|  63|          63|          63|
    |empty_25_fu_460_p2                  |         +|   0|  0|  71|          64|          64|
    |ap_block_pp0_stage10_11001          |       and|   0|  0|   2|           1|           1|
    |ap_block_pp0_stage11_11001          |       and|   0|  0|   2|           1|           1|
    |ap_block_pp0_stage12_11001          |       and|   0|  0|   2|           1|           1|
    |ap_block_pp0_stage13_11001          |       and|   0|  0|   2|           1|           1|
    |ap_block_pp0_stage14_11001          |       and|   0|  0|   2|           1|           1|
    |ap_block_pp0_stage19_11001          |       and|   0|  0|   2|           1|           1|
    |ap_block_pp0_stage4_11001           |       and|   0|  0|   2|           1|           1|
    |ap_block_pp0_stage5_11001           |       and|   0|  0|   2|           1|           1|
    |ap_block_pp0_stage6_11001           |       and|   0|  0|   2|           1|           1|
    |ap_block_pp0_stage7_11001           |       and|   0|  0|   2|           1|           1|
    |ap_block_pp0_stage8_11001           |       and|   0|  0|   2|           1|           1|
    |ap_block_pp0_stage9_11001           |       and|   0|  0|   2|           1|           1|
    |ap_block_state10_io                 |       and|   0|  0|   2|           1|           1|
    |icmp_ln23_fu_367_p2                 |      icmp|   0|  0|  10|           6|           6|
    |icmp_ln25_fu_385_p2                 |      icmp|   0|  0|   9|           4|           4|
    |ap_block_state5_io                  |        or|   0|  0|   2|           1|           1|
    |ap_block_state75_pp0_stage19_iter1  |        or|   0|  0|   2|           1|           1|
    |select_ln23_1_fu_405_p3             |    select|   0|  0|   2|           1|           2|
    |select_ln23_fu_391_p3               |    select|   0|  0|   4|           1|           1|
    |ap_enable_pp0                       |       xor|   0|  0|   2|           1|           2|
    +------------------------------------+----------+----+---+----+------------+------------+
    |Total                               |          |   0|  0| 991|         860|         252|
    +------------------------------------+----------+----+---+----+------------+------------+

    * Multiplexer: 
    +--------------------------------------+-----+-----------+-----+-----------+
    |                 Name                 | LUT | Input Size| Bits| Total Bits|
    +--------------------------------------+-----+-----------+-----+-----------+
    |ap_NS_fsm                             |  241|         56|    1|         56|
    |ap_done_int                           |    9|          2|    1|          2|
    |ap_enable_reg_pp0_iter0               |    9|          2|    1|          2|
    |ap_enable_reg_pp0_iter1               |    9|          2|    1|          2|
    |ap_enable_reg_pp0_iter2               |    9|          2|    1|          2|
    |ap_loop_exit_ready_pp0_iter1_reg      |    9|          2|    1|          2|
    |ap_sig_allocacmp_indvar_flatten_load  |    9|          2|    6|         12|
    |ap_sig_allocacmp_kr_load              |    9|          2|    4|          8|
    |ap_sig_allocacmp_m_load               |    9|          2|    2|          4|
    |ap_sig_allocacmp_sum_load             |    9|          2|   32|         64|
    |grp_fu_313_p0                         |   14|          3|   32|         96|
    |grp_fu_313_p1                         |   53|         10|   32|        320|
    |grp_fu_317_p0                         |   65|         12|   32|        384|
    |grp_fu_317_p1                         |   65|         12|   32|        384|
    |indvar_flatten_fu_134                 |    9|          2|    6|         12|
    |kr_fu_126                             |    9|          2|    4|          8|
    |m_axi_mem2_ARADDR                     |   65|         12|   64|        768|
    |m_fu_130                              |    9|          2|    2|          4|
    |mem1_blk_n_AR                         |    9|          2|    1|          2|
    |mem1_blk_n_R                          |    9|          2|    1|          2|
    |mem2_blk_n_AR                         |    9|          2|    1|          2|
    |mem2_blk_n_R                          |    9|          2|    1|          2|
    |sum_fu_122                            |    9|          2|   32|         64|
    +--------------------------------------+-----+-----------+-----+-----------+
    |Total                                 |  656|        139|  290|       2202|
    +--------------------------------------+-----+-----------+-----+-----------+

    * Register: 
    +----------------------------------+----+----+-----+-----------+
    |               Name               | FF | LUT| Bits| Const Bits|
    +----------------------------------+----+----+-----+-----------+
    |add_ln33_reg_867                  |  63|   0|   63|          0|
    |ap_CS_fsm                         |  55|   0|   55|          0|
    |ap_done_reg                       |   1|   0|    1|          0|
    |ap_enable_reg_pp0_iter0_reg       |   1|   0|    1|          0|
    |ap_enable_reg_pp0_iter1           |   1|   0|    1|          0|
    |ap_enable_reg_pp0_iter2           |   1|   0|    1|          0|
    |ap_loop_exit_ready_pp0_iter1_reg  |   1|   0|    1|          0|
    |empty_22_reg_856                  |   8|   0|    8|          0|
    |icmp_ln23_reg_827                 |   1|   0|    1|          0|
    |icmp_ln23_reg_827_pp0_iter1_reg   |   1|   0|    1|          0|
    |indvar_flatten_fu_134             |   6|   0|    6|          0|
    |kr_cast_reg_846                   |   4|   0|    8|          4|
    |kr_fu_126                         |   4|   0|    4|          0|
    |m_fu_130                          |   2|   0|    2|          0|
    |mem1_addr_reg_861                 |  64|   0|   64|          0|
    |mem2_addr_10_read_reg_1123        |  32|   0|   32|          0|
    |mem2_addr_10_reg_942              |  64|   0|   64|          0|
    |mem2_addr_1_read_reg_963          |  32|   0|   32|          0|
    |mem2_addr_1_reg_888               |  64|   0|   64|          0|
    |mem2_addr_2_read_reg_978          |  32|   0|   32|          0|
    |mem2_addr_2_reg_894               |  64|   0|   64|          0|
    |mem2_addr_3_read_reg_993          |  32|   0|   32|          0|
    |mem2_addr_3_reg_900               |  64|   0|   64|          0|
    |mem2_addr_4_read_reg_1008         |  32|   0|   32|          0|
    |mem2_addr_4_reg_906               |  64|   0|   64|          0|
    |mem2_addr_5_read_reg_1028         |  32|   0|   32|          0|
    |mem2_addr_5_reg_912               |  64|   0|   64|          0|
    |mem2_addr_6_read_reg_1048         |  32|   0|   32|          0|
    |mem2_addr_6_reg_918               |  64|   0|   64|          0|
    |mem2_addr_7_read_reg_1068         |  32|   0|   32|          0|
    |mem2_addr_7_reg_924               |  64|   0|   64|          0|
    |mem2_addr_8_read_reg_1088         |  32|   0|   32|          0|
    |mem2_addr_8_reg_930               |  64|   0|   64|          0|
    |mem2_addr_9_read_reg_1103         |  32|   0|   32|          0|
    |mem2_addr_9_reg_936               |  64|   0|   64|          0|
    |mem2_addr_read_reg_948            |  32|   0|   32|          0|
    |mul_2_reg_1033                    |  32|   0|   32|          0|
    |mul_3_reg_1053                    |  32|   0|   32|          0|
    |mul_4_reg_1073                    |  32|   0|   32|          0|
    |mul_6_reg_1108                    |  32|   0|   32|          0|
    |mul_7_reg_1128                    |  32|   0|   32|          0|
    |mul_8_reg_1143                    |  32|   0|   32|          0|
    |mul_9_reg_1148                    |  32|   0|   32|          0|
    |mul_ln23_1_reg_851                |  20|   0|   20|          0|
    |mul_ln23_reg_841                  |   9|   0|    9|          0|
    |reg_321                           |  32|   0|   32|          0|
    |reg_325                           |  32|   0|   32|          0|
    |reg_330                           |  32|   0|   32|          0|
    |reg_335                           |  32|   0|   32|          0|
    |select_ln23_1_reg_836             |   2|   0|    2|          0|
    |select_ln23_reg_831               |   4|   0|    4|          0|
    |sext_ln15_3_cast_reg_822          |  63|   0|   63|          0|
    |sum_fu_122                        |  32|   0|   32|          0|
    +----------------------------------+----+----+-----+-----------+
    |Total                             |1687|   0| 1691|          4|
    +----------------------------------+----+----+-----+-----------+



================================================================
== Interface
================================================================
* Summary: 
+---------------------+-----+-----+------------+-----------------------------------------------+--------------+
|      RTL Ports      | Dir | Bits|  Protocol  |                 Source Object                 |    C Type    |
+---------------------+-----+-----+------------+-----------------------------------------------+--------------+
|ap_clk               |   in|    1|  ap_ctrl_hs|  conv_Pipeline_VITIS_LOOP_23_4_VITIS_LOOP_25_5|  return value|
|ap_rst               |   in|    1|  ap_ctrl_hs|  conv_Pipeline_VITIS_LOOP_23_4_VITIS_LOOP_25_5|  return value|
|ap_start             |   in|    1|  ap_ctrl_hs|  conv_Pipeline_VITIS_LOOP_23_4_VITIS_LOOP_25_5|  return value|
|ap_done              |  out|    1|  ap_ctrl_hs|  conv_Pipeline_VITIS_LOOP_23_4_VITIS_LOOP_25_5|  return value|
|ap_idle              |  out|    1|  ap_ctrl_hs|  conv_Pipeline_VITIS_LOOP_23_4_VITIS_LOOP_25_5|  return value|
|ap_ready             |  out|    1|  ap_ctrl_hs|  conv_Pipeline_VITIS_LOOP_23_4_VITIS_LOOP_25_5|  return value|
|bitcast_ln15         |   in|   32|     ap_none|                                   bitcast_ln15|        scalar|
|m_axi_mem2_AWVALID   |  out|    1|       m_axi|                                           mem2|       pointer|
|m_axi_mem2_AWREADY   |   in|    1|       m_axi|                                           mem2|       pointer|
|m_axi_mem2_AWADDR    |  out|   64|       m_axi|                                           mem2|       pointer|
|m_axi_mem2_AWID      |  out|    1|       m_axi|                                           mem2|       pointer|
|m_axi_mem2_AWLEN     |  out|   32|       m_axi|                                           mem2|       pointer|
|m_axi_mem2_AWSIZE    |  out|    3|       m_axi|                                           mem2|       pointer|
|m_axi_mem2_AWBURST   |  out|    2|       m_axi|                                           mem2|       pointer|
|m_axi_mem2_AWLOCK    |  out|    2|       m_axi|                                           mem2|       pointer|
|m_axi_mem2_AWCACHE   |  out|    4|       m_axi|                                           mem2|       pointer|
|m_axi_mem2_AWPROT    |  out|    3|       m_axi|                                           mem2|       pointer|
|m_axi_mem2_AWQOS     |  out|    4|       m_axi|                                           mem2|       pointer|
|m_axi_mem2_AWREGION  |  out|    4|       m_axi|                                           mem2|       pointer|
|m_axi_mem2_AWUSER    |  out|    1|       m_axi|                                           mem2|       pointer|
|m_axi_mem2_WVALID    |  out|    1|       m_axi|                                           mem2|       pointer|
|m_axi_mem2_WREADY    |   in|    1|       m_axi|                                           mem2|       pointer|
|m_axi_mem2_WDATA     |  out|   32|       m_axi|                                           mem2|       pointer|
|m_axi_mem2_WSTRB     |  out|    4|       m_axi|                                           mem2|       pointer|
|m_axi_mem2_WLAST     |  out|    1|       m_axi|                                           mem2|       pointer|
|m_axi_mem2_WID       |  out|    1|       m_axi|                                           mem2|       pointer|
|m_axi_mem2_WUSER     |  out|    1|       m_axi|                                           mem2|       pointer|
|m_axi_mem2_ARVALID   |  out|    1|       m_axi|                                           mem2|       pointer|
|m_axi_mem2_ARREADY   |   in|    1|       m_axi|                                           mem2|       pointer|
|m_axi_mem2_ARADDR    |  out|   64|       m_axi|                                           mem2|       pointer|
|m_axi_mem2_ARID      |  out|    1|       m_axi|                                           mem2|       pointer|
|m_axi_mem2_ARLEN     |  out|   32|       m_axi|                                           mem2|       pointer|
|m_axi_mem2_ARSIZE    |  out|    3|       m_axi|                                           mem2|       pointer|
|m_axi_mem2_ARBURST   |  out|    2|       m_axi|                                           mem2|       pointer|
|m_axi_mem2_ARLOCK    |  out|    2|       m_axi|                                           mem2|       pointer|
|m_axi_mem2_ARCACHE   |  out|    4|       m_axi|                                           mem2|       pointer|
|m_axi_mem2_ARPROT    |  out|    3|       m_axi|                                           mem2|       pointer|
|m_axi_mem2_ARQOS     |  out|    4|       m_axi|                                           mem2|       pointer|
|m_axi_mem2_ARREGION  |  out|    4|       m_axi|                                           mem2|       pointer|
|m_axi_mem2_ARUSER    |  out|    1|       m_axi|                                           mem2|       pointer|
|m_axi_mem2_RVALID    |   in|    1|       m_axi|                                           mem2|       pointer|
|m_axi_mem2_RREADY    |  out|    1|       m_axi|                                           mem2|       pointer|
|m_axi_mem2_RDATA     |   in|   32|       m_axi|                                           mem2|       pointer|
|m_axi_mem2_RLAST     |   in|    1|       m_axi|                                           mem2|       pointer|
|m_axi_mem2_RID       |   in|    1|       m_axi|                                           mem2|       pointer|
|m_axi_mem2_RFIFONUM  |   in|    9|       m_axi|                                           mem2|       pointer|
|m_axi_mem2_RUSER     |   in|    1|       m_axi|                                           mem2|       pointer|
|m_axi_mem2_RRESP     |   in|    2|       m_axi|                                           mem2|       pointer|
|m_axi_mem2_BVALID    |   in|    1|       m_axi|                                           mem2|       pointer|
|m_axi_mem2_BREADY    |  out|    1|       m_axi|                                           mem2|       pointer|
|m_axi_mem2_BRESP     |   in|    2|       m_axi|                                           mem2|       pointer|
|m_axi_mem2_BID       |   in|    1|       m_axi|                                           mem2|       pointer|
|m_axi_mem2_BUSER     |   in|    1|       m_axi|                                           mem2|       pointer|
|m_axi_mem1_AWVALID   |  out|    1|       m_axi|                                           mem1|       pointer|
|m_axi_mem1_AWREADY   |   in|    1|       m_axi|                                           mem1|       pointer|
|m_axi_mem1_AWADDR    |  out|   64|       m_axi|                                           mem1|       pointer|
|m_axi_mem1_AWID      |  out|    1|       m_axi|                                           mem1|       pointer|
|m_axi_mem1_AWLEN     |  out|   32|       m_axi|                                           mem1|       pointer|
|m_axi_mem1_AWSIZE    |  out|    3|       m_axi|                                           mem1|       pointer|
|m_axi_mem1_AWBURST   |  out|    2|       m_axi|                                           mem1|       pointer|
|m_axi_mem1_AWLOCK    |  out|    2|       m_axi|                                           mem1|       pointer|
|m_axi_mem1_AWCACHE   |  out|    4|       m_axi|                                           mem1|       pointer|
|m_axi_mem1_AWPROT    |  out|    3|       m_axi|                                           mem1|       pointer|
|m_axi_mem1_AWQOS     |  out|    4|       m_axi|                                           mem1|       pointer|
|m_axi_mem1_AWREGION  |  out|    4|       m_axi|                                           mem1|       pointer|
|m_axi_mem1_AWUSER    |  out|    1|       m_axi|                                           mem1|       pointer|
|m_axi_mem1_WVALID    |  out|    1|       m_axi|                                           mem1|       pointer|
|m_axi_mem1_WREADY    |   in|    1|       m_axi|                                           mem1|       pointer|
|m_axi_mem1_WDATA     |  out|   32|       m_axi|                                           mem1|       pointer|
|m_axi_mem1_WSTRB     |  out|    4|       m_axi|                                           mem1|       pointer|
|m_axi_mem1_WLAST     |  out|    1|       m_axi|                                           mem1|       pointer|
|m_axi_mem1_WID       |  out|    1|       m_axi|                                           mem1|       pointer|
|m_axi_mem1_WUSER     |  out|    1|       m_axi|                                           mem1|       pointer|
|m_axi_mem1_ARVALID   |  out|    1|       m_axi|                                           mem1|       pointer|
|m_axi_mem1_ARREADY   |   in|    1|       m_axi|                                           mem1|       pointer|
|m_axi_mem1_ARADDR    |  out|   64|       m_axi|                                           mem1|       pointer|
|m_axi_mem1_ARID      |  out|    1|       m_axi|                                           mem1|       pointer|
|m_axi_mem1_ARLEN     |  out|   32|       m_axi|                                           mem1|       pointer|
|m_axi_mem1_ARSIZE    |  out|    3|       m_axi|                                           mem1|       pointer|
|m_axi_mem1_ARBURST   |  out|    2|       m_axi|                                           mem1|       pointer|
|m_axi_mem1_ARLOCK    |  out|    2|       m_axi|                                           mem1|       pointer|
|m_axi_mem1_ARCACHE   |  out|    4|       m_axi|                                           mem1|       pointer|
|m_axi_mem1_ARPROT    |  out|    3|       m_axi|                                           mem1|       pointer|
|m_axi_mem1_ARQOS     |  out|    4|       m_axi|                                           mem1|       pointer|
|m_axi_mem1_ARREGION  |  out|    4|       m_axi|                                           mem1|       pointer|
|m_axi_mem1_ARUSER    |  out|    1|       m_axi|                                           mem1|       pointer|
|m_axi_mem1_RVALID    |   in|    1|       m_axi|                                           mem1|       pointer|
|m_axi_mem1_RREADY    |  out|    1|       m_axi|                                           mem1|       pointer|
|m_axi_mem1_RDATA     |   in|   32|       m_axi|                                           mem1|       pointer|
|m_axi_mem1_RLAST     |   in|    1|       m_axi|                                           mem1|       pointer|
|m_axi_mem1_RID       |   in|    1|       m_axi|                                           mem1|       pointer|
|m_axi_mem1_RFIFONUM  |   in|    9|       m_axi|                                           mem1|       pointer|
|m_axi_mem1_RUSER     |   in|    1|       m_axi|                                           mem1|       pointer|
|m_axi_mem1_RRESP     |   in|    2|       m_axi|                                           mem1|       pointer|
|m_axi_mem1_BVALID    |   in|    1|       m_axi|                                           mem1|       pointer|
|m_axi_mem1_BREADY    |  out|    1|       m_axi|                                           mem1|       pointer|
|m_axi_mem1_BRESP     |   in|    2|       m_axi|                                           mem1|       pointer|
|m_axi_mem1_BID       |   in|    1|       m_axi|                                           mem1|       pointer|
|m_axi_mem1_BUSER     |   in|    1|       m_axi|                                           mem1|       pointer|
|select_ln17_1        |   in|    8|     ap_none|                                  select_ln17_1|        scalar|
|tmp                  |   in|   64|     ap_none|                                            tmp|        scalar|
|sext_ln15_3          |   in|   62|     ap_none|                                    sext_ln15_3|        scalar|
|sum_out              |  out|   32|      ap_vld|                                        sum_out|       pointer|
|sum_out_ap_vld       |  out|    1|      ap_vld|                                        sum_out|       pointer|
+---------------------+-----+-----+------------+-----------------------------------------------+--------------+

