

================================================================
== Vitis HLS Report for 'conv'
================================================================
* Date:           Wed Oct  7 19:15:24 2026

* Version:        2022.2 (Build 3670227 on Oct 13 2022)
* Project:        vitis.prj
* Solution:       solution1 (Vivado IP Flow Target)
* Product family: zynq
* Target device:  xc7z020-clg400-1


================================================================
== Performance Estimates
================================================================
+ Timing: 
    * Summary: 
    +--------+----------+----------+------------+
    |  Clock |  Target  | Estimated| Uncertainty|
    +--------+----------+----------+------------+
    |ap_clk  |  10.00 ns|  8.844 ns|     2.70 ns|
    +--------+----------+----------+------------+

+ Latency: 
    * Summary: 
    +-----------+-----------+-----------+-----------+-----------+-----------+---------+
    |    Latency (cycles)   |   Latency (absolute)  |        Interval       | Pipeline|
    |    min    |    max    |    min    |    max    |    min    |    max    |   Type  |
    +-----------+-----------+-----------+-----------+-----------+-----------+---------+
    |  312276870|  312276870|  3.123 sec|  3.123 sec|  312276871|  312276871|       no|
    +-----------+-----------+-----------+-----------+-----------+-----------+---------+

    + Detail: 
        * Instance: 
        +------------------------------------------+-------------------------------+---------+---------+-----------+-----------+------+------+---------+
        |                                          |                               |  Latency (cycles) |   Latency (absolute)  |   Interval  | Pipeline|
        |                 Instance                 |             Module            |   min   |   max   |    min    |    max    |  min |  max |   Type  |
        +------------------------------------------+-------------------------------+---------+---------+-----------+-----------+------+------+---------+
        |grp_conv_Pipeline_VITIS_LOOP_27_6_fu_220  |conv_Pipeline_VITIS_LOOP_27_6  |     1536|     1536|  15.360 us|  15.360 us|  1536|  1536|       no|
        +------------------------------------------+-------------------------------+---------+---------+-----------+-----------+------+------+---------+

        * Loop: 
        +---------------------------------------------------+-----------+-----------+----------+-----------+-----------+--------+----------+
        |                                                   |    Latency (cycles)   | Iteration|  Initiation Interval  |  Trip  |          |
        |                     Loop Name                     |    min    |    max    |  Latency |  achieved |   target  |  Count | Pipelined|
        +---------------------------------------------------+-----------+-----------+----------+-----------+-----------+--------+----------+
        |- VITIS_LOOP_15_1_VITIS_LOOP_17_2_VITIS_LOOP_19_3  |  312276800|  312276800|      1613|          -|          -|  193600|        no|
        +---------------------------------------------------+-----------+-----------+----------+-----------+-----------+--------+----------+



================================================================
== Utilization Estimates
================================================================
* Summary: 
+-----------------+---------+-----+--------+-------+-----+
|       Name      | BRAM_18K| DSP |   FF   |  LUT  | URAM|
+-----------------+---------+-----+--------+-------+-----+
|DSP              |        -|    2|       -|      -|    -|
|Expression       |        -|    -|       0|    447|    -|
|FIFO             |        -|    -|       -|      -|    -|
|Instance         |        0|    9|    2783|   4905|    -|
|Memory           |        -|    -|       -|      -|    -|
|Multiplexer      |        -|    -|       -|    954|    -|
|Register         |        -|    -|     825|      -|    -|
+-----------------+---------+-----+--------+-------+-----+
|Total            |        0|   11|    3608|   6306|    0|
+-----------------+---------+-----+--------+-------+-----+
|Available        |      280|  220|  106400|  53200|    0|
+-----------------+---------+-----+--------+-------+-----+
|Utilization (%)  |        0|    5|       3|     11|    0|
+-----------------+---------+-----+--------+-------+-----+

+ Detail: 
    * Instance: 
    +------------------------------------------+-------------------------------+---------+----+------+------+-----+
    |                 Instance                 |             Module            | BRAM_18K| DSP|  FF  |  LUT | URAM|
    +------------------------------------------+-------------------------------+---------+----+------+------+-----+
    |control_s_axi_U                           |control_s_axi                  |        0|   0|   316|   552|    0|
    |grp_conv_Pipeline_VITIS_LOOP_27_6_fu_220  |conv_Pipeline_VITIS_LOOP_27_6  |        0|   9|  1031|  1717|    0|
    |fcmp_32ns_32ns_1_2_no_dsp_1_U25           |fcmp_32ns_32ns_1_2_no_dsp_1    |        0|   0|     0|     0|    0|
    |mem1_m_axi_U                              |mem1_m_axi                     |        0|   0|   718|  1318|    0|
    |mem2_m_axi_U                              |mem2_m_axi                     |        0|   0|   718|  1318|    0|
    +------------------------------------------+-------------------------------+---------+----+------+------+-----+
    |Total                                     |                               |        0|   9|  2783|  4905|    0|
    +------------------------------------------+-------------------------------+---------+----+------+------+-----+

    * DSP: 
    +-----------------------------+-------------------------+-----------+
    |           Instance          |          Module         | Expression|
    +-----------------------------+-------------------------+-----------+
    |mul_mul_7ns_11ns_18_4_1_U26  |mul_mul_7ns_11ns_18_4_1  |    i0 * i1|
    |mul_mul_8ns_10ns_18_4_1_U27  |mul_mul_8ns_10ns_18_4_1  |    i0 * i1|
    +-----------------------------+-------------------------+-----------+

    * Memory: 
    N/A

    * FIFO: 
    N/A

    * Expression: 
    +-------------------------+----------+----+---+----+------------+------------+
    |      Variable Name      | Operation| DSP| FF| LUT| Bitwidth P0| Bitwidth P1|
    +-------------------------+----------+----+---+----+------------+------------+
    |add_ln15_1_fu_342_p2     |         +|   0|  0|  70|          63|          63|
    |add_ln15_2_fu_393_p2     |         +|   0|  0|  71|          64|          64|
    |add_ln15_3_fu_324_p2     |         +|   0|  0|  14|           7|           1|
    |add_ln15_fu_306_p2       |         +|   0|  0|  25|          18|           1|
    |add_ln17_1_fu_361_p2     |         +|   0|  0|  12|          12|           1|
    |add_ln17_fu_453_p2       |         +|   0|  0|  14|           6|           1|
    |add_ln19_fu_517_p2       |         +|   0|  0|  14|           6|           1|
    |tmp_fu_508_p2            |         +|   0|  0|  71|          64|          64|
    |and_ln15_fu_447_p2       |       and|   0|  0|   2|           1|           1|
    |and_ln39_fu_576_p2       |       and|   0|  0|   2|           1|           1|
    |icmp_ln15_fu_300_p2      |      icmp|   0|  0|  13|          18|          18|
    |icmp_ln17_fu_318_p2      |      icmp|   0|  0|  12|          12|          12|
    |icmp_ln19_fu_441_p2      |      icmp|   0|  0|  10|           6|           5|
    |icmp_ln39_1_fu_564_p2    |      icmp|   0|  0|  15|          23|           1|
    |icmp_ln39_fu_558_p2      |      icmp|   0|  0|  11|           8|           2|
    |or_ln17_fu_459_p2        |        or|   0|  0|   2|           1|           1|
    |or_ln39_fu_570_p2        |        or|   0|  0|   2|           1|           1|
    |select_ln15_1_fu_330_p3  |    select|   0|  0|   7|           1|           7|
    |select_ln15_2_fu_429_p3  |    select|   0|  0|   8|           1|           1|
    |select_ln15_fu_414_p3    |    select|   0|  0|   6|           1|           1|
    |select_ln17_1_fu_480_p3  |    select|   0|  0|   8|           1|           8|
    |select_ln17_2_fu_488_p3  |    select|   0|  0|   6|           1|           6|
    |select_ln17_3_fu_367_p3  |    select|   0|  0|  12|           1|           1|
    |select_ln17_fu_464_p3    |    select|   0|  0|   6|           1|           1|
    |select_ln39_fu_582_p3    |    select|   0|  0|  32|           1|          32|
    |xor_ln15_fu_436_p2       |       xor|   0|  0|   2|           1|           2|
    +-------------------------+----------+----+---+----+------------+------------+
    |Total                    |          |   0|  0| 447|         320|         297|
    +-------------------------+----------+----+---+----+------------+------------+

    * Multiplexer: 
    +-------------------------+-----+-----------+-----+-----------+
    |           Name          | LUT | Input Size| Bits| Total Bits|
    +-------------------------+-----+-----------+-----+-----------+
    |ap_NS_fsm                |  790|        148|    1|        148|
    |indvar_flatten68_fu_152  |    9|          2|   12|         24|
    |indvar_flatten94_fu_160  |    9|          2|   18|         36|
    |mem1_ARVALID             |    9|          2|    1|          2|
    |mem1_RREADY              |    9|          2|    1|          2|
    |mem1_blk_n_AW            |    9|          2|    1|          2|
    |mem1_blk_n_B             |    9|          2|    1|          2|
    |mem1_blk_n_W             |    9|          2|    1|          2|
    |mem2_ARADDR              |   14|          3|   64|        192|
    |mem2_ARLEN               |   14|          3|   32|         96|
    |mem2_ARVALID             |   14|          3|    1|          3|
    |mem2_RREADY              |   14|          3|    1|          3|
    |mem2_blk_n_AR            |    9|          2|    1|          2|
    |mem2_blk_n_R             |    9|          2|    1|          2|
    |n_fu_156                 |    9|          2|    7|         14|
    |out_c_fu_144             |    9|          2|    6|         12|
    |out_r_fu_148             |    9|          2|    6|         12|
    +-------------------------+-----+-----------+-----+-----------+
    |Total                    |  954|        184|  155|        554|
    +-------------------------+-----+-----------+-----+-----------+

    * Register: 
    +-------------------------------------------------------+-----+----+-----+-----------+
    |                          Name                         |  FF | LUT| Bits| Const Bits|
    +-------------------------------------------------------+-----+----+-----+-----------+
    |ap_CS_fsm                                              |  147|   0|  147|          0|
    |bitcast_ln15_reg_722                                   |   32|   0|   32|          0|
    |grp_conv_Pipeline_VITIS_LOOP_27_6_fu_220_ap_start_reg  |    1|   0|    1|          0|
    |icmp_ln17_reg_673                                      |    1|   0|    1|          0|
    |indvar_flatten68_fu_152                                |   12|   0|   12|          0|
    |indvar_flatten94_fu_160                                |   18|   0|   18|          0|
    |input_fm_read_reg_643                                  |   64|   0|   64|          0|
    |mem1_addr_reg_654                                      |   64|   0|   64|          0|
    |mem2_addr_read_reg_712                                 |   32|   0|   32|          0|
    |mem2_addr_reg_681                                      |   64|   0|   64|          0|
    |n_fu_156                                               |    7|   0|    7|          0|
    |out_c_fu_144                                           |    6|   0|    6|          0|
    |out_r_fu_148                                           |    6|   0|    6|          0|
    |p_mid136_reg_717                                       |   18|   0|   18|          0|
    |select_ln17_1_reg_697                                  |    6|   0|    8|          2|
    |select_ln39_reg_730                                    |   32|   0|   32|          0|
    |sext_ln15_1_reg_665                                    |   63|   0|   63|          0|
    |sext_ln17_mid2_v_reg_692                               |   62|   0|   62|          0|
    |tmp_reg_702                                            |   64|   0|   64|          0|
    |trunc_ln15_1_reg_660                                   |   62|   0|   62|          0|
    |weights_read_reg_638                                   |   64|   0|   64|          0|
    +-------------------------------------------------------+-----+----+-----+-----------+
    |Total                                                  |  825|   0|  827|          2|
    +-------------------------------------------------------+-----+----+-----+-----------+



================================================================
== Interface
================================================================
* Summary: 
+-----------------------+-----+-----+------------+--------------+--------------+
|       RTL Ports       | Dir | Bits|  Protocol  | Source Object|    C Type    |
+-----------------------+-----+-----+------------+--------------+--------------+
|s_axi_control_AWVALID  |   in|    1|       s_axi|       control|        scalar|
|s_axi_control_AWREADY  |  out|    1|       s_axi|       control|        scalar|
|s_axi_control_AWADDR   |   in|    6|       s_axi|       control|        scalar|
|s_axi_control_WVALID   |   in|    1|       s_axi|       control|        scalar|
|s_axi_control_WREADY   |  out|    1|       s_axi|       control|        scalar|
|s_axi_control_WDATA    |   in|   32|       s_axi|       control|        scalar|
|s_axi_control_WSTRB    |   in|    4|       s_axi|       control|        scalar|
|s_axi_control_ARVALID  |   in|    1|       s_axi|       control|        scalar|
|s_axi_control_ARREADY  |  out|    1|       s_axi|       control|        scalar|
|s_axi_control_ARADDR   |   in|    6|       s_axi|       control|        scalar|
|s_axi_control_RVALID   |  out|    1|       s_axi|       control|        scalar|
|s_axi_control_RREADY   |   in|    1|       s_axi|       control|        scalar|
|s_axi_control_RDATA    |  out|   32|       s_axi|       control|        scalar|
|s_axi_control_RRESP    |  out|    2|       s_axi|       control|        scalar|
|s_axi_control_BVALID   |  out|    1|       s_axi|       control|        scalar|
|s_axi_control_BREADY   |   in|    1|       s_axi|       control|        scalar|
|s_axi_control_BRESP    |  out|    2|       s_axi|       control|        scalar|
|ap_clk                 |   in|    1|  ap_ctrl_hs|          conv|  return value|
|ap_rst_n               |   in|    1|  ap_ctrl_hs|          conv|  return value|
|interrupt              |  out|    1|  ap_ctrl_hs|          conv|  return value|
|m_axi_mem1_AWVALID     |  out|    1|       m_axi|          mem1|       pointer|
|m_axi_mem1_AWREADY     |   in|    1|       m_axi|          mem1|       pointer|
|m_axi_mem1_AWADDR      |  out|   64|       m_axi|          mem1|       pointer|
|m_axi_mem1_AWID        |  out|    1|       m_axi|          mem1|       pointer|
|m_axi_mem1_AWLEN       |  out|    8|       m_axi|          mem1|       pointer|
|m_axi_mem1_AWSIZE      |  out|    3|       m_axi|          mem1|       pointer|
|m_axi_mem1_AWBURST     |  out|    2|       m_axi|          mem1|       pointer|
|m_axi_mem1_AWLOCK      |  out|    2|       m_axi|          mem1|       pointer|
|m_axi_mem1_AWCACHE     |  out|    4|       m_axi|          mem1|       pointer|
|m_axi_mem1_AWPROT      |  out|    3|       m_axi|          mem1|       pointer|
|m_axi_mem1_AWQOS       |  out|    4|       m_axi|          mem1|       pointer|
|m_axi_mem1_AWREGION    |  out|    4|       m_axi|          mem1|       pointer|
|m_axi_mem1_AWUSER      |  out|    1|       m_axi|          mem1|       pointer|
|m_axi_mem1_WVALID      |  out|    1|       m_axi|          mem1|       pointer|
|m_axi_mem1_WREADY      |   in|    1|       m_axi|          mem1|       pointer|
|m_axi_mem1_WDATA       |  out|   32|       m_axi|          mem1|       pointer|
|m_axi_mem1_WSTRB       |  out|    4|       m_axi|          mem1|       pointer|
|m_axi_mem1_WLAST       |  out|    1|       m_axi|          mem1|       pointer|
|m_axi_mem1_WID         |  out|    1|       m_axi|          mem1|       pointer|
|m_axi_mem1_WUSER       |  out|    1|       m_axi|          mem1|       pointer|
|m_axi_mem1_ARVALID     |  out|    1|       m_axi|          mem1|       pointer|
|m_axi_mem1_ARREADY     |   in|    1|       m_axi|          mem1|       pointer|
|m_axi_mem1_ARADDR      |  out|   64|       m_axi|          mem1|       pointer|
|m_axi_mem1_ARID        |  out|    1|       m_axi|          mem1|       pointer|
|m_axi_mem1_ARLEN       |  out|    8|       m_axi|          mem1|       pointer|
|m_axi_mem1_ARSIZE      |  out|    3|       m_axi|          mem1|       pointer|
|m_axi_mem1_ARBURST     |  out|    2|       m_axi|          mem1|       pointer|
|m_axi_mem1_ARLOCK      |  out|    2|       m_axi|          mem1|       pointer|
|m_axi_mem1_ARCACHE     |  out|    4|       m_axi|          mem1|       pointer|
|m_axi_mem1_ARPROT      |  out|    3|       m_axi|          mem1|       pointer|
|m_axi_mem1_ARQOS       |  out|    4|       m_axi|          mem1|       pointer|
|m_axi_mem1_ARREGION    |  out|    4|       m_axi|          mem1|       pointer|
|m_axi_mem1_ARUSER      |  out|    1|       m_axi|          mem1|       pointer|
|m_axi_mem1_RVALID      |   in|    1|       m_axi|          mem1|       pointer|
|m_axi_mem1_RREADY      |  out|    1|       m_axi|          mem1|       pointer|
|m_axi_mem1_RDATA       |   in|   32|       m_axi|          mem1|       pointer|
|m_axi_mem1_RLAST       |   in|    1|       m_axi|          mem1|       pointer|
|m_axi_mem1_RID         |   in|    1|       m_axi|          mem1|       pointer|
|m_axi_mem1_RUSER       |   in|    1|       m_axi|          mem1|       pointer|
|m_axi_mem1_RRESP       |   in|    2|       m_axi|          mem1|       pointer|
|m_axi_mem1_BVALID      |   in|    1|       m_axi|          mem1|       pointer|
|m_axi_mem1_BREADY      |  out|    1|       m_axi|          mem1|       pointer|
|m_axi_mem1_BRESP       |   in|    2|       m_axi|          mem1|       pointer|
|m_axi_mem1_BID         |   in|    1|       m_axi|          mem1|       pointer|
|m_axi_mem1_BUSER       |   in|    1|       m_axi|          mem1|       pointer|
|m_axi_mem2_AWVALID     |  out|    1|       m_axi|          mem2|       pointer|
|m_axi_mem2_AWREADY     |   in|    1|       m_axi|          mem2|       pointer|
|m_axi_mem2_AWADDR      |  out|   64|       m_axi|          mem2|       pointer|
|m_axi_mem2_AWID        |  out|    1|       m_axi|          mem2|       pointer|
|m_axi_mem2_AWLEN       |  out|    8|       m_axi|          mem2|       pointer|
|m_axi_mem2_AWSIZE      |  out|    3|       m_axi|          mem2|       pointer|
|m_axi_mem2_AWBURST     |  out|    2|       m_axi|          mem2|       pointer|
|m_axi_mem2_AWLOCK      |  out|    2|       m_axi|          mem2|       pointer|
|m_axi_mem2_AWCACHE     |  out|    4|       m_axi|          mem2|       pointer|
|m_axi_mem2_AWPROT      |  out|    3|       m_axi|          mem2|       pointer|
|m_axi_mem2_AWQOS       |  out|    4|       m_axi|          mem2|       pointer|
|m_axi_mem2_AWREGION    |  out|    4|       m_axi|          mem2|       pointer|
|m_axi_mem2_AWUSER      |  out|    1|       m_axi|          mem2|       pointer|
|m_axi_mem2_WVALID      |  out|    1|       m_axi|          mem2|       pointer|
|m_axi_mem2_WREADY      |   in|    1|       m_axi|          mem2|       pointer|
|m_axi_mem2_WDATA       |  out|   32|       m_axi|          mem2|       pointer|
|m_axi_mem2_WSTRB       |  out|    4|       m_axi|          mem2|       pointer|
|m_axi_mem2_WLAST       |  out|    1|       m_axi|          mem2|       pointer|
|m_axi_mem2_WID         |  out|    1|       m_axi|          mem2|       pointer|
|m_axi_mem2_WUSER       |  out|    1|       m_axi|          mem2|       pointer|
|m_axi_mem2_ARVALID     |  out|    1|       m_axi|          mem2|       pointer|
|m_axi_mem2_ARREADY     |   in|    1|       m_axi|          mem2|       pointer|
|m_axi_mem2_ARADDR      |  out|   64|       m_axi|          mem2|       pointer|
|m_axi_mem2_ARID        |  out|    1|       m_axi|          mem2|       pointer|
|m_axi_mem2_ARLEN       |  out|    8|       m_axi|          mem2|       pointer|
|m_axi_mem2_ARSIZE      |  out|    3|       m_axi|          mem2|       pointer|
|m_axi_mem2_ARBURST     |  out|    2|       m_axi|          mem2|       pointer|
|m_axi_mem2_ARLOCK      |  out|    2|       m_axi|          mem2|       pointer|
|m_axi_mem2_ARCACHE     |  out|    4|       m_axi|          mem2|       pointer|
|m_axi_mem2_ARPROT      |  out|    3|       m_axi|          mem2|       pointer|
|m_axi_mem2_ARQOS       |  out|    4|       m_axi|          mem2|       pointer|
|m_axi_mem2_ARREGION    |  out|    4|       m_axi|          mem2|       pointer|
|m_axi_mem2_ARUSER      |  out|    1|       m_axi|          mem2|       pointer|
|m_axi_mem2_RVALID      |   in|    1|       m_axi|          mem2|       pointer|
|m_axi_mem2_RREADY      |  out|    1|       m_axi|          mem2|       pointer|
|m_axi_mem2_RDATA       |   in|   32|       m_axi|          mem2|       pointer|
|m_axi_mem2_RLAST       |   in|    1|       m_axi|          mem2|       pointer|
|m_axi_mem2_RID         |   in|    1|       m_axi|          mem2|       pointer|
|m_axi_mem2_RUSER       |   in|    1|       m_axi|          mem2|       pointer|
|m_axi_mem2_RRESP       |   in|    2|       m_axi|          mem2|       pointer|
|m_axi_mem2_BVALID      |   in|    1|       m_axi|          mem2|       pointer|
|m_axi_mem2_BREADY      |  out|    1|       m_axi|          mem2|       pointer|
|m_axi_mem2_BRESP       |   in|    2|       m_axi|          mem2|       pointer|
|m_axi_mem2_BID         |   in|    1|       m_axi|          mem2|       pointer|
|m_axi_mem2_BUSER       |   in|    1|       m_axi|          mem2|       pointer|
+-----------------------+-----+-----+------------+--------------+--------------+

