

================================================================
== Vitis HLS Report for 'Loop_VITIS_LOOP_24_1_proc1_Pipeline_VITIS_LOOP_51_7_VITIS_LOOP_53_8'
================================================================
* Date:           Wed Oct  7 21:22:24 2026

* Version:        2022.2 (Build 3670227 on Oct 13 2022)
* Project:        vitis.prj
* Solution:       solution1 (Vivado IP Flow Target)
* Product family: zynq
* Target device:  xc7z020-clg400-1


================================================================
== Performance Estimates
================================================================
+ Timing: 
    * Summary: 
    +--------+----------+----------+------------+
    |  Clock |  Target  | Estimated| Uncertainty|
    +--------+----------+----------+------------+
    |ap_clk  |  10.00 ns|  7.300 ns|     2.70 ns|
    +--------+----------+----------+------------+

+ Latency: 
    * Summary: 
    +---------+---------+----------+----------+-----+-----+---------+
    |  Latency (cycles) |  Latency (absolute) |  Interval | Pipeline|
    |   min   |   max   |    min   |    max   | min | max |   Type  |
    +---------+---------+----------+----------+-----+-----+---------+
    |      124|      124|  1.240 us|  1.240 us|  124|  124|       no|
    +---------+---------+----------+----------+-----+-----+---------+

    + Detail: 
        * Instance: 
        N/A

        * Loop: 
        +-----------------------------------+---------+---------+----------+-----------+-----------+------+----------+
        |                                   |  Latency (cycles) | Iteration|  Initiation Interval  | Trip |          |
        |             Loop Name             |   min   |   max   |  Latency |  achieved |   target  | Count| Pipelined|
        +-----------------------------------+---------+---------+----------+-----------+-----------+------+----------+
        |- VITIS_LOOP_51_7_VITIS_LOOP_53_8  |      122|      122|         3|          1|          1|   121|       yes|
        +-----------------------------------+---------+---------+----------+-----------+-----------+------+----------+



================================================================
== Utilization Estimates
================================================================
* Summary: 
+-----------------+---------+-----+--------+-------+-----+
|       Name      | BRAM_18K| DSP |   FF   |  LUT  | URAM|
+-----------------+---------+-----+--------+-------+-----+
|DSP              |        -|    -|       -|      -|    -|
|Expression       |        -|    -|       0|     73|    -|
|FIFO             |        -|    -|       -|      -|    -|
|Instance         |        -|    -|       -|      -|    -|
|Memory           |        -|    -|       -|      -|    -|
|Multiplexer      |        -|    -|       -|     63|    -|
|Register         |        -|    -|      53|      -|    -|
+-----------------+---------+-----+--------+-------+-----+
|Total            |        0|    0|      53|    136|    0|
+-----------------+---------+-----+--------+-------+-----+
|Available        |      280|  220|  106400|  53200|    0|
+-----------------+---------+-----+--------+-------+-----+
|Utilization (%)  |        0|    0|      ~0|     ~0|    0|
+-----------------+---------+-----+--------+-------+-----+

+ Detail: 
    * Instance: 
    N/A

    * DSP: 
    N/A

    * Memory: 
    N/A

    * FIFO: 
    N/A

    * Expression: 
    +----------------------------------+----------+----+---+----+------------+------------+
    |           Variable Name          | Operation| DSP| FF| LUT| Bitwidth P0| Bitwidth P1|
    +----------------------------------+----------+----+---+----+------------+------------+
    |add_ln51_1_fu_286_p2              |         +|   0|  0|  14|           7|           1|
    |add_ln51_fu_309_p2                |         +|   0|  0|  13|           4|           1|
    |add_ln53_fu_366_p2                |         +|   0|  0|  13|           4|           1|
    |ap_block_pp0_stage0_11001         |       and|   0|  0|   2|           1|           1|
    |ap_block_state2_pp0_stage0_iter1  |       and|   0|  0|   2|           1|           1|
    |icmp_ln51_fu_280_p2               |      icmp|   0|  0|  10|           7|           4|
    |icmp_ln53_fu_315_p2               |      icmp|   0|  0|   9|           4|           4|
    |select_ln51_1_fu_329_p3           |    select|   0|  0|   4|           1|           4|
    |select_ln51_fu_321_p3             |    select|   0|  0|   4|           1|           1|
    |ap_enable_pp0                     |       xor|   0|  0|   2|           1|           2|
    +----------------------------------+----------+----+---+----+------------+------------+
    |Total                             |          |   0|  0|  73|          31|          20|
    +----------------------------------+----------+----+---+----+------------+------------+

    * Multiplexer: 
    +----------------------------------------+----+-----------+-----+-----------+
    |                  Name                  | LUT| Input Size| Bits| Total Bits|
    +----------------------------------------+----+-----------+-----+-----------+
    |ap_done_int                             |   9|          2|    1|          2|
    |ap_enable_reg_pp0_iter2                 |   9|          2|    1|          2|
    |ap_sig_allocacmp_indvar_flatten79_load  |   9|          2|    7|         14|
    |indvar_flatten79_fu_100                 |   9|          2|    7|         14|
    |kc_fu_92                                |   9|          2|    4|          8|
    |kr_fu_96                                |   9|          2|    4|          8|
    |mem2_blk_n_R                            |   9|          2|    1|          2|
    +----------------------------------------+----+-----------+-----+-----------+
    |Total                                   |  63|         14|   25|         50|
    +----------------------------------------+----+-----------+-----+-----------+

    * Register: 
    +----------------------------------+----+----+-----+-----------+
    |               Name               | FF | LUT| Bits| Const Bits|
    +----------------------------------+----+----+-----+-----------+
    |ap_CS_fsm                         |   1|   0|    1|          0|
    |ap_done_reg                       |   1|   0|    1|          0|
    |ap_enable_reg_pp0_iter1           |   1|   0|    1|          0|
    |ap_enable_reg_pp0_iter2           |   1|   0|    1|          0|
    |ap_loop_exit_ready_pp0_iter1_reg  |   1|   0|    1|          0|
    |icmp_ln51_reg_408                 |   1|   0|    1|          0|
    |indvar_flatten79_fu_100           |   7|   0|    7|          0|
    |kc_fu_92                          |   4|   0|    4|          0|
    |kr_fu_96                          |   4|   0|    4|          0|
    |mem2_addr_read_reg_412            |  32|   0|   32|          0|
    +----------------------------------+----+----+-----+-----------+
    |Total                             |  53|   0|   53|          0|
    +----------------------------------+----+----+-----+-----------+



================================================================
== Interface
================================================================
* Summary: 
+---------------------------+-----+-----+------------+---------------------------------------------------------------------+--------------+
|         RTL Ports         | Dir | Bits|  Protocol  |                            Source Object                            |    C Type    |
+---------------------------+-----+-----+------------+---------------------------------------------------------------------+--------------+
|ap_clk                     |   in|    1|  ap_ctrl_hs|  Loop_VITIS_LOOP_24_1_proc1_Pipeline_VITIS_LOOP_51_7_VITIS_LOOP_53_8|  return value|
|ap_rst                     |   in|    1|  ap_ctrl_hs|  Loop_VITIS_LOOP_24_1_proc1_Pipeline_VITIS_LOOP_51_7_VITIS_LOOP_53_8|  return value|
|ap_start                   |   in|    1|  ap_ctrl_hs|  Loop_VITIS_LOOP_24_1_proc1_Pipeline_VITIS_LOOP_51_7_VITIS_LOOP_53_8|  return value|
|ap_done                    |  out|    1|  ap_ctrl_hs|  Loop_VITIS_LOOP_24_1_proc1_Pipeline_VITIS_LOOP_51_7_VITIS_LOOP_53_8|  return value|
|ap_idle                    |  out|    1|  ap_ctrl_hs|  Loop_VITIS_LOOP_24_1_proc1_Pipeline_VITIS_LOOP_51_7_VITIS_LOOP_53_8|  return value|
|ap_ready                   |  out|    1|  ap_ctrl_hs|  Loop_VITIS_LOOP_24_1_proc1_Pipeline_VITIS_LOOP_51_7_VITIS_LOOP_53_8|  return value|
|m_axi_mem2_AWVALID         |  out|    1|       m_axi|                                                                 mem2|       pointer|
|m_axi_mem2_AWREADY         |   in|    1|       m_axi|                                                                 mem2|       pointer|
|m_axi_mem2_AWADDR          |  out|   64|       m_axi|                                                                 mem2|       pointer|
|m_axi_mem2_AWID            |  out|    1|       m_axi|                                                                 mem2|       pointer|
|m_axi_mem2_AWLEN           |  out|   32|       m_axi|                                                                 mem2|       pointer|
|m_axi_mem2_AWSIZE          |  out|    3|       m_axi|                                                                 mem2|       pointer|
|m_axi_mem2_AWBURST         |  out|    2|       m_axi|                                                                 mem2|       pointer|
|m_axi_mem2_AWLOCK          |  out|    2|       m_axi|                                                                 mem2|       pointer|
|m_axi_mem2_AWCACHE         |  out|    4|       m_axi|                                                                 mem2|       pointer|
|m_axi_mem2_AWPROT          |  out|    3|       m_axi|                                                                 mem2|       pointer|
|m_axi_mem2_AWQOS           |  out|    4|       m_axi|                                                                 mem2|       pointer|
|m_axi_mem2_AWREGION        |  out|    4|       m_axi|                                                                 mem2|       pointer|
|m_axi_mem2_AWUSER          |  out|    1|       m_axi|                                                                 mem2|       pointer|
|m_axi_mem2_WVALID          |  out|    1|       m_axi|                                                                 mem2|       pointer|
|m_axi_mem2_WREADY          |   in|    1|       m_axi|                                                                 mem2|       pointer|
|m_axi_mem2_WDATA           |  out|   32|       m_axi|                                                                 mem2|       pointer|
|m_axi_mem2_WSTRB           |  out|    4|       m_axi|                                                                 mem2|       pointer|
|m_axi_mem2_WLAST           |  out|    1|       m_axi|                                                                 mem2|       pointer|
|m_axi_mem2_WID             |  out|    1|       m_axi|                                                                 mem2|       pointer|
|m_axi_mem2_WUSER           |  out|    1|       m_axi|                                                                 mem2|       pointer|
|m_axi_mem2_ARVALID         |  out|    1|       m_axi|                                                                 mem2|       pointer|
|m_axi_mem2_ARREADY         |   in|    1|       m_axi|                                                                 mem2|       pointer|
|m_axi_mem2_ARADDR          |  out|   64|       m_axi|                                                                 mem2|       pointer|
|m_axi_mem2_ARID            |  out|    1|       m_axi|                                                                 mem2|       pointer|
|m_axi_mem2_ARLEN           |  out|   32|       m_axi|                                                                 mem2|       pointer|
|m_axi_mem2_ARSIZE          |  out|    3|       m_axi|                                                                 mem2|       pointer|
|m_axi_mem2_ARBURST         |  out|    2|       m_axi|                                                                 mem2|       pointer|
|m_axi_mem2_ARLOCK          |  out|    2|       m_axi|                                                                 mem2|       pointer|
|m_axi_mem2_ARCACHE         |  out|    4|       m_axi|                                                                 mem2|       pointer|
|m_axi_mem2_ARPROT          |  out|    3|       m_axi|                                                                 mem2|       pointer|
|m_axi_mem2_ARQOS           |  out|    4|       m_axi|                                                                 mem2|       pointer|
|m_axi_mem2_ARREGION        |  out|    4|       m_axi|                                                                 mem2|       pointer|
|m_axi_mem2_ARUSER          |  out|    1|       m_axi|                                                                 mem2|       pointer|
|m_axi_mem2_RVALID          |   in|    1|       m_axi|                                                                 mem2|       pointer|
|m_axi_mem2_RREADY          |  out|    1|       m_axi|                                                                 mem2|       pointer|
|m_axi_mem2_RDATA           |   in|   32|       m_axi|                                                                 mem2|       pointer|
|m_axi_mem2_RLAST           |   in|    1|       m_axi|                                                                 mem2|       pointer|
|m_axi_mem2_RID             |   in|    1|       m_axi|                                                                 mem2|       pointer|
|m_axi_mem2_RFIFONUM        |   in|    9|       m_axi|                                                                 mem2|       pointer|
|m_axi_mem2_RUSER           |   in|    1|       m_axi|                                                                 mem2|       pointer|
|m_axi_mem2_RRESP           |   in|    2|       m_axi|                                                                 mem2|       pointer|
|m_axi_mem2_BVALID          |   in|    1|       m_axi|                                                                 mem2|       pointer|
|m_axi_mem2_BREADY          |  out|    1|       m_axi|                                                                 mem2|       pointer|
|m_axi_mem2_BRESP           |   in|    2|       m_axi|                                                                 mem2|       pointer|
|m_axi_mem2_BID             |   in|    1|       m_axi|                                                                 mem2|       pointer|
|m_axi_mem2_BUSER           |   in|    1|       m_axi|                                                                 mem2|       pointer|
|sext_ln38_1                |   in|   62|     ap_none|                                                          sext_ln38_1|        scalar|
|local_weights_address0     |  out|    4|   ap_memory|                                                        local_weights|         array|
|local_weights_ce0          |  out|    1|   ap_memory|                                                        local_weights|         array|
|local_weights_we0          |  out|    1|   ap_memory|                                                        local_weights|         array|
|local_weights_d0           |  out|   32|   ap_memory|                                                        local_weights|         array|
|local_weights_10_address0  |  out|    4|   ap_memory|                                                     local_weights_10|         array|
|local_weights_10_ce0       |  out|    1|   ap_memory|                                                     local_weights_10|         array|
|local_weights_10_we0       |  out|    1|   ap_memory|                                                     local_weights_10|         array|
|local_weights_10_d0        |  out|   32|   ap_memory|                                                     local_weights_10|         array|
|local_weights_9_address0   |  out|    4|   ap_memory|                                                      local_weights_9|         array|
|local_weights_9_ce0        |  out|    1|   ap_memory|                                                      local_weights_9|         array|
|local_weights_9_we0        |  out|    1|   ap_memory|                                                      local_weights_9|         array|
|local_weights_9_d0         |  out|   32|   ap_memory|                                                      local_weights_9|         array|
|local_weights_8_address0   |  out|    4|   ap_memory|                                                      local_weights_8|         array|
|local_weights_8_ce0        |  out|    1|   ap_memory|                                                      local_weights_8|         array|
|local_weights_8_we0        |  out|    1|   ap_memory|                                                      local_weights_8|         array|
|local_weights_8_d0         |  out|   32|   ap_memory|                                                      local_weights_8|         array|
|local_weights_7_address0   |  out|    4|   ap_memory|                                                      local_weights_7|         array|
|local_weights_7_ce0        |  out|    1|   ap_memory|                                                      local_weights_7|         array|
|local_weights_7_we0        |  out|    1|   ap_memory|                                                      local_weights_7|         array|
|local_weights_7_d0         |  out|   32|   ap_memory|                                                      local_weights_7|         array|
|local_weights_6_address0   |  out|    4|   ap_memory|                                                      local_weights_6|         array|
|local_weights_6_ce0        |  out|    1|   ap_memory|                                                      local_weights_6|         array|
|local_weights_6_we0        |  out|    1|   ap_memory|                                                      local_weights_6|         array|
|local_weights_6_d0         |  out|   32|   ap_memory|                                                      local_weights_6|         array|
|local_weights_5_address0   |  out|    4|   ap_memory|                                                      local_weights_5|         array|
|local_weights_5_ce0        |  out|    1|   ap_memory|                                                      local_weights_5|         array|
|local_weights_5_we0        |  out|    1|   ap_memory|                                                      local_weights_5|         array|
|local_weights_5_d0         |  out|   32|   ap_memory|                                                      local_weights_5|         array|
|local_weights_4_address0   |  out|    4|   ap_memory|                                                      local_weights_4|         array|
|local_weights_4_ce0        |  out|    1|   ap_memory|                                                      local_weights_4|         array|
|local_weights_4_we0        |  out|    1|   ap_memory|                                                      local_weights_4|         array|
|local_weights_4_d0         |  out|   32|   ap_memory|                                                      local_weights_4|         array|
|local_weights_3_address0   |  out|    4|   ap_memory|                                                      local_weights_3|         array|
|local_weights_3_ce0        |  out|    1|   ap_memory|                                                      local_weights_3|         array|
|local_weights_3_we0        |  out|    1|   ap_memory|                                                      local_weights_3|         array|
|local_weights_3_d0         |  out|   32|   ap_memory|                                                      local_weights_3|         array|
|local_weights_2_address0   |  out|    4|   ap_memory|                                                      local_weights_2|         array|
|local_weights_2_ce0        |  out|    1|   ap_memory|                                                      local_weights_2|         array|
|local_weights_2_we0        |  out|    1|   ap_memory|                                                      local_weights_2|         array|
|local_weights_2_d0         |  out|   32|   ap_memory|                                                      local_weights_2|         array|
|local_weights_1_address0   |  out|    4|   ap_memory|                                                      local_weights_1|         array|
|local_weights_1_ce0        |  out|    1|   ap_memory|                                                      local_weights_1|         array|
|local_weights_1_we0        |  out|    1|   ap_memory|                                                      local_weights_1|         array|
|local_weights_1_d0         |  out|   32|   ap_memory|                                                      local_weights_1|         array|
+---------------------------+-----+-----+------------+---------------------------------------------------------------------+--------------+

