

================================================================
== Vitis HLS Report for 'Loop_VITIS_LOOP_24_1_proc1_Pipeline_VITIS_LOOP_85_13_VITIS_LOOP_87_14'
================================================================
* Date:           Wed Oct  7 21:22:25 2026

* Version:        2022.2 (Build 3670227 on Oct 13 2022)
* Project:        vitis.prj
* Solution:       solution1 (Vivado IP Flow Target)
* Product family: zynq
* Target device:  xc7z020-clg400-1


================================================================
== Performance Estimates
================================================================
+ Timing: 
    * Summary: 
    +--------+----------+----------+------------+
    |  Clock |  Target  | Estimated| Uncertainty|
    +--------+----------+----------+------------+
    |ap_clk  |  10.00 ns|  7.300 ns|     2.70 ns|
    +--------+----------+----------+------------+

+ Latency: 
    * Summary: 
    +---------+---------+-----------+-----------+------+------+---------+
    |  Latency (cycles) |   Latency (absolute)  |   Interval  | Pipeline|
    |   min   |   max   |    min    |    max    |  min |  max |   Type  |
    +---------+---------+-----------+-----------+------+------+---------+
    |     3030|     3030|  30.300 us|  30.300 us|  3030|  3030|       no|
    +---------+---------+-----------+-----------+------+------+---------+

    + Detail: 
        * Instance: 
        N/A

        * Loop: 
        +-------------------------------------+---------+---------+----------+-----------+-----------+------+----------+
        |                                     |  Latency (cycles) | Iteration|  Initiation Interval  | Trip |          |
        |              Loop Name              |   min   |   max   |  Latency |  achieved |   target  | Count| Pipelined|
        +-------------------------------------+---------+---------+----------+-----------+-----------+------+----------+
        |- VITIS_LOOP_85_13_VITIS_LOOP_87_14  |     3028|     3028|         5|          1|          1|  3025|       yes|
        +-------------------------------------+---------+---------+----------+-----------+-----------+------+----------+



================================================================
== Utilization Estimates
================================================================
* Summary: 
+-----------------+---------+-----+--------+-------+-----+
|       Name      | BRAM_18K| DSP |   FF   |  LUT  | URAM|
+-----------------+---------+-----+--------+-------+-----+
|DSP              |        -|    -|       -|      -|    -|
|Expression       |        -|    -|       0|    140|    -|
|FIFO             |        -|    -|       -|      -|    -|
|Instance         |        -|    -|       0|    237|    -|
|Memory           |        -|    -|       -|      -|    -|
|Multiplexer      |        -|    -|       -|     81|    -|
|Register         |        -|    -|     200|     32|    -|
+-----------------+---------+-----+--------+-------+-----+
|Total            |        0|    0|     200|    490|    0|
+-----------------+---------+-----+--------+-------+-----+
|Available        |      280|  220|  106400|  53200|    0|
+-----------------+---------+-----+--------+-------+-----+
|Utilization (%)  |        0|    0|      ~0|     ~0|    0|
+-----------------+---------+-----+--------+-------+-----+

+ Detail: 
    * Instance: 
    +----------------------------------+-----------------------------+---------+----+---+-----+-----+
    |             Instance             |            Module           | BRAM_18K| DSP| FF| LUT | URAM|
    +----------------------------------+-----------------------------+---------+----+---+-----+-----+
    |fcmp_32ns_32ns_1_2_no_dsp_1_U495  |fcmp_32ns_32ns_1_2_no_dsp_1  |        0|   0|  0|    0|    0|
    |mux_556_32_1_1_U496               |mux_556_32_1_1               |        0|   0|  0|  237|    0|
    +----------------------------------+-----------------------------+---------+----+---+-----+-----+
    |Total                             |                             |        0|   0|  0|  237|    0|
    +----------------------------------+-----------------------------+---------+----+---+-----+-----+

    * DSP: 
    N/A

    * Memory: 
    N/A

    * FIFO: 
    N/A

    * Expression: 
    +---------------------------+----------+----+---+----+------------+------------+
    |       Variable Name       | Operation| DSP| FF| LUT| Bitwidth P0| Bitwidth P1|
    +---------------------------+----------+----+---+----+------------+------------+
    |add_ln85_1_fu_954_p2       |         +|   0|  0|  12|          12|           1|
    |add_ln85_fu_966_p2         |         +|   0|  0|  14|           6|           1|
    |add_ln87_fu_1053_p2        |         +|   0|  0|  14|           6|           1|
    |and_ln93_fu_1229_p2        |       and|   0|  0|   2|           1|           1|
    |ap_block_pp0_stage0_11001  |       and|   0|  0|   2|           1|           1|
    |icmp_ln85_fu_948_p2        |      icmp|   0|  0|  12|          12|          12|
    |icmp_ln87_fu_972_p2        |      icmp|   0|  0|  10|           6|           5|
    |icmp_ln93_1_fu_1217_p2     |      icmp|   0|  0|  15|          23|           1|
    |icmp_ln93_fu_1211_p2       |      icmp|   0|  0|  11|           8|           2|
    |or_ln93_fu_1223_p2         |        or|   0|  0|   2|           1|           1|
    |select_ln85_1_fu_986_p3    |    select|   0|  0|   6|           1|           6|
    |select_ln85_fu_978_p3      |    select|   0|  0|   6|           1|           1|
    |select_ln92_fu_1235_p3     |    select|   0|  0|  32|           1|          32|
    |ap_enable_pp0              |       xor|   0|  0|   2|           1|           2|
    +---------------------------+----------+----+---+----+------------+------------+
    |Total                      |          |   0|  0| 140|          80|          67|
    +---------------------------+----------+----+---+----+------------+------------+

    * Multiplexer: 
    +-----------------------------------------+----+-----------+-----+-----------+
    |                   Name                  | LUT| Input Size| Bits| Total Bits|
    +-----------------------------------------+----+-----------+-----+-----------+
    |ap_done_int                              |   9|          2|    1|          2|
    |ap_enable_reg_pp0_iter4                  |   9|          2|    1|          2|
    |ap_sig_allocacmp_indvar_flatten159_load  |   9|          2|   12|         24|
    |ap_sig_allocacmp_out_c_load              |   9|          2|    6|         12|
    |ap_sig_allocacmp_out_r_load              |   9|          2|    6|         12|
    |indvar_flatten159_fu_188                 |   9|          2|   12|         24|
    |mem1_blk_n_W                             |   9|          2|    1|          2|
    |out_c_fu_180                             |   9|          2|    6|         12|
    |out_r_fu_184                             |   9|          2|    6|         12|
    +-----------------------------------------+----+-----------+-----+-----------+
    |Total                                    |  81|         18|   51|        102|
    +-----------------------------------------+----+-----------+-----+-----------+

    * Register: 
    +----------------------------------+----+----+-----+-----------+
    |               Name               | FF | LUT| Bits| Const Bits|
    +----------------------------------+----+----+-----+-----------+
    |ap_CS_fsm                         |   1|   0|    1|          0|
    |ap_done_reg                       |   1|   0|    1|          0|
    |ap_enable_reg_pp0_iter1           |   1|   0|    1|          0|
    |ap_enable_reg_pp0_iter2           |   1|   0|    1|          0|
    |ap_enable_reg_pp0_iter3           |   1|   0|    1|          0|
    |ap_enable_reg_pp0_iter4           |   1|   0|    1|          0|
    |ap_loop_exit_ready_pp0_iter1_reg  |   1|   0|    1|          0|
    |ap_loop_exit_ready_pp0_iter2_reg  |   1|   0|    1|          0|
    |ap_loop_exit_ready_pp0_iter3_reg  |   1|   0|    1|          0|
    |icmp_ln85_reg_1269                |   1|   0|    1|          0|
    |indvar_flatten159_fu_188          |  12|   0|   12|          0|
    |out_c_fu_180                      |   6|   0|    6|          0|
    |out_r_fu_184                      |   6|   0|    6|          0|
    |result_reg_1553                   |  32|   0|   32|          0|
    |result_reg_1553_pp0_iter2_reg     |  32|   0|   32|          0|
    |select_ln85_reg_1273              |   6|   0|    6|          0|
    |select_ln92_reg_1564              |  32|   0|   32|          0|
    |icmp_ln85_reg_1269                |  64|  32|    1|          0|
    +----------------------------------+----+----+-----+-----------+
    |Total                             | 200|  32|  137|          0|
    +----------------------------------+----+----+-----+-----------+



================================================================
== Interface
================================================================
* Summary: 
+--------------------------+-----+-----+------------+-----------------------------------------------------------------------+--------------+
|         RTL Ports        | Dir | Bits|  Protocol  |                             Source Object                             |    C Type    |
+--------------------------+-----+-----+------------+-----------------------------------------------------------------------+--------------+
|ap_clk                    |   in|    1|  ap_ctrl_hs|  Loop_VITIS_LOOP_24_1_proc1_Pipeline_VITIS_LOOP_85_13_VITIS_LOOP_87_14|  return value|
|ap_rst                    |   in|    1|  ap_ctrl_hs|  Loop_VITIS_LOOP_24_1_proc1_Pipeline_VITIS_LOOP_85_13_VITIS_LOOP_87_14|  return value|
|ap_start                  |   in|    1|  ap_ctrl_hs|  Loop_VITIS_LOOP_24_1_proc1_Pipeline_VITIS_LOOP_85_13_VITIS_LOOP_87_14|  return value|
|ap_done                   |  out|    1|  ap_ctrl_hs|  Loop_VITIS_LOOP_24_1_proc1_Pipeline_VITIS_LOOP_85_13_VITIS_LOOP_87_14|  return value|
|ap_idle                   |  out|    1|  ap_ctrl_hs|  Loop_VITIS_LOOP_24_1_proc1_Pipeline_VITIS_LOOP_85_13_VITIS_LOOP_87_14|  return value|
|ap_ready                  |  out|    1|  ap_ctrl_hs|  Loop_VITIS_LOOP_24_1_proc1_Pipeline_VITIS_LOOP_85_13_VITIS_LOOP_87_14|  return value|
|m_axi_mem1_AWVALID        |  out|    1|       m_axi|                                                                   mem1|       pointer|
|m_axi_mem1_AWREADY        |   in|    1|       m_axi|                                                                   mem1|       pointer|
|m_axi_mem1_AWADDR         |  out|   64|       m_axi|                                                                   mem1|       pointer|
|m_axi_mem1_AWID           |  out|    1|       m_axi|                                                                   mem1|       pointer|
|m_axi_mem1_AWLEN          |  out|   32|       m_axi|                                                                   mem1|       pointer|
|m_axi_mem1_AWSIZE         |  out|    3|       m_axi|                                                                   mem1|       pointer|
|m_axi_mem1_AWBURST        |  out|    2|       m_axi|                                                                   mem1|       pointer|
|m_axi_mem1_AWLOCK         |  out|    2|       m_axi|                                                                   mem1|       pointer|
|m_axi_mem1_AWCACHE        |  out|    4|       m_axi|                                                                   mem1|       pointer|
|m_axi_mem1_AWPROT         |  out|    3|       m_axi|                                                                   mem1|       pointer|
|m_axi_mem1_AWQOS          |  out|    4|       m_axi|                                                                   mem1|       pointer|
|m_axi_mem1_AWREGION       |  out|    4|       m_axi|                                                                   mem1|       pointer|
|m_axi_mem1_AWUSER         |  out|    1|       m_axi|                                                                   mem1|       pointer|
|m_axi_mem1_WVALID         |  out|    1|       m_axi|                                                                   mem1|       pointer|
|m_axi_mem1_WREADY         |   in|    1|       m_axi|                                                                   mem1|       pointer|
|m_axi_mem1_WDATA          |  out|   32|       m_axi|                                                                   mem1|       pointer|
|m_axi_mem1_WSTRB          |  out|    4|       m_axi|                                                                   mem1|       pointer|
|m_axi_mem1_WLAST          |  out|    1|       m_axi|                                                                   mem1|       pointer|
|m_axi_mem1_WID            |  out|    1|       m_axi|                                                                   mem1|       pointer|
|m_axi_mem1_WUSER          |  out|    1|       m_axi|                                                                   mem1|       pointer|
|m_axi_mem1_ARVALID        |  out|    1|       m_axi|                                                                   mem1|       pointer|
|m_axi_mem1_ARREADY        |   in|    1|       m_axi|                                                                   mem1|       pointer|
|m_axi_mem1_ARADDR         |  out|   64|       m_axi|                                                                   mem1|       pointer|
|m_axi_mem1_ARID           |  out|    1|       m_axi|                                                                   mem1|       pointer|
|m_axi_mem1_ARLEN          |  out|   32|       m_axi|                                                                   mem1|       pointer|
|m_axi_mem1_ARSIZE         |  out|    3|       m_axi|                                                                   mem1|       pointer|
|m_axi_mem1_ARBURST        |  out|    2|       m_axi|                                                                   mem1|       pointer|
|m_axi_mem1_ARLOCK         |  out|    2|       m_axi|                                                                   mem1|       pointer|
|m_axi_mem1_ARCACHE        |  out|    4|       m_axi|                                                                   mem1|       pointer|
|m_axi_mem1_ARPROT         |  out|    3|       m_axi|                                                                   mem1|       pointer|
|m_axi_mem1_ARQOS          |  out|    4|       m_axi|                                                                   mem1|       pointer|
|m_axi_mem1_ARREGION       |  out|    4|       m_axi|                                                                   mem1|       pointer|
|m_axi_mem1_ARUSER         |  out|    1|       m_axi|                                                                   mem1|       pointer|
|m_axi_mem1_RVALID         |   in|    1|       m_axi|                                                                   mem1|       pointer|
|m_axi_mem1_RREADY         |  out|    1|       m_axi|                                                                   mem1|       pointer|
|m_axi_mem1_RDATA          |   in|   32|       m_axi|                                                                   mem1|       pointer|
|m_axi_mem1_RLAST          |   in|    1|       m_axi|                                                                   mem1|       pointer|
|m_axi_mem1_RID            |   in|    1|       m_axi|                                                                   mem1|       pointer|
|m_axi_mem1_RFIFONUM       |   in|    9|       m_axi|                                                                   mem1|       pointer|
|m_axi_mem1_RUSER          |   in|    1|       m_axi|                                                                   mem1|       pointer|
|m_axi_mem1_RRESP          |   in|    2|       m_axi|                                                                   mem1|       pointer|
|m_axi_mem1_BVALID         |   in|    1|       m_axi|                                                                   mem1|       pointer|
|m_axi_mem1_BREADY         |  out|    1|       m_axi|                                                                   mem1|       pointer|
|m_axi_mem1_BRESP          |   in|    2|       m_axi|                                                                   mem1|       pointer|
|m_axi_mem1_BID            |   in|    1|       m_axi|                                                                   mem1|       pointer|
|m_axi_mem1_BUSER          |   in|    1|       m_axi|                                                                   mem1|       pointer|
|sext_ln24                 |   in|   62|     ap_none|                                                              sext_ln24|        scalar|
|local_output_address0     |  out|    6|   ap_memory|                                                           local_output|         array|
|local_output_ce0          |  out|    1|   ap_memory|                                                           local_output|         array|
|local_output_q0           |   in|   32|   ap_memory|                                                           local_output|         array|
|local_output_1_address0   |  out|    6|   ap_memory|                                                         local_output_1|         array|
|local_output_1_ce0        |  out|    1|   ap_memory|                                                         local_output_1|         array|
|local_output_1_q0         |   in|   32|   ap_memory|                                                         local_output_1|         array|
|local_output_2_address0   |  out|    6|   ap_memory|                                                         local_output_2|         array|
|local_output_2_ce0        |  out|    1|   ap_memory|                                                         local_output_2|         array|
|local_output_2_q0         |   in|   32|   ap_memory|                                                         local_output_2|         array|
|local_output_3_address0   |  out|    6|   ap_memory|                                                         local_output_3|         array|
|local_output_3_ce0        |  out|    1|   ap_memory|                                                         local_output_3|         array|
|local_output_3_q0         |   in|   32|   ap_memory|                                                         local_output_3|         array|
|local_output_4_address0   |  out|    6|   ap_memory|                                                         local_output_4|         array|
|local_output_4_ce0        |  out|    1|   ap_memory|                                                         local_output_4|         array|
|local_output_4_q0         |   in|   32|   ap_memory|                                                         local_output_4|         array|
|local_output_5_address0   |  out|    6|   ap_memory|                                                         local_output_5|         array|
|local_output_5_ce0        |  out|    1|   ap_memory|                                                         local_output_5|         array|
|local_output_5_q0         |   in|   32|   ap_memory|                                                         local_output_5|         array|
|local_output_6_address0   |  out|    6|   ap_memory|                                                         local_output_6|         array|
|local_output_6_ce0        |  out|    1|   ap_memory|                                                         local_output_6|         array|
|local_output_6_q0         |   in|   32|   ap_memory|                                                         local_output_6|         array|
|local_output_7_address0   |  out|    6|   ap_memory|                                                         local_output_7|         array|
|local_output_7_ce0        |  out|    1|   ap_memory|                                                         local_output_7|         array|
|local_output_7_q0         |   in|   32|   ap_memory|                                                         local_output_7|         array|
|local_output_8_address0   |  out|    6|   ap_memory|                                                         local_output_8|         array|
|local_output_8_ce0        |  out|    1|   ap_memory|                                                         local_output_8|         array|
|local_output_8_q0         |   in|   32|   ap_memory|                                                         local_output_8|         array|
|local_output_9_address0   |  out|    6|   ap_memory|                                                         local_output_9|         array|
|local_output_9_ce0        |  out|    1|   ap_memory|                                                         local_output_9|         array|
|local_output_9_q0         |   in|   32|   ap_memory|                                                         local_output_9|         array|
|local_output_10_address0  |  out|    6|   ap_memory|                                                        local_output_10|         array|
|local_output_10_ce0       |  out|    1|   ap_memory|                                                        local_output_10|         array|
|local_output_10_q0        |   in|   32|   ap_memory|                                                        local_output_10|         array|
|local_output_11_address0  |  out|    6|   ap_memory|                                                        local_output_11|         array|
|local_output_11_ce0       |  out|    1|   ap_memory|                                                        local_output_11|         array|
|local_output_11_q0        |   in|   32|   ap_memory|                                                        local_output_11|         array|
|local_output_12_address0  |  out|    6|   ap_memory|                                                        local_output_12|         array|
|local_output_12_ce0       |  out|    1|   ap_memory|                                                        local_output_12|         array|
|local_output_12_q0        |   in|   32|   ap_memory|                                                        local_output_12|         array|
|local_output_13_address0  |  out|    6|   ap_memory|                                                        local_output_13|         array|
|local_output_13_ce0       |  out|    1|   ap_memory|                                                        local_output_13|         array|
|local_output_13_q0        |   in|   32|   ap_memory|                                                        local_output_13|         array|
|local_output_14_address0  |  out|    6|   ap_memory|                                                        local_output_14|         array|
|local_output_14_ce0       |  out|    1|   ap_memory|                                                        local_output_14|         array|
|local_output_14_q0        |   in|   32|   ap_memory|                                                        local_output_14|         array|
|local_output_15_address0  |  out|    6|   ap_memory|                                                        local_output_15|         array|
|local_output_15_ce0       |  out|    1|   ap_memory|                                                        local_output_15|         array|
|local_output_15_q0        |   in|   32|   ap_memory|                                                        local_output_15|         array|
|local_output_16_address0  |  out|    6|   ap_memory|                                                        local_output_16|         array|
|local_output_16_ce0       |  out|    1|   ap_memory|                                                        local_output_16|         array|
|local_output_16_q0        |   in|   32|   ap_memory|                                                        local_output_16|         array|
|local_output_17_address0  |  out|    6|   ap_memory|                                                        local_output_17|         array|
|local_output_17_ce0       |  out|    1|   ap_memory|                                                        local_output_17|         array|
|local_output_17_q0        |   in|   32|   ap_memory|                                                        local_output_17|         array|
|local_output_18_address0  |  out|    6|   ap_memory|                                                        local_output_18|         array|
|local_output_18_ce0       |  out|    1|   ap_memory|                                                        local_output_18|         array|
|local_output_18_q0        |   in|   32|   ap_memory|                                                        local_output_18|         array|
|local_output_19_address0  |  out|    6|   ap_memory|                                                        local_output_19|         array|
|local_output_19_ce0       |  out|    1|   ap_memory|                                                        local_output_19|         array|
|local_output_19_q0        |   in|   32|   ap_memory|                                                        local_output_19|         array|
|local_output_20_address0  |  out|    6|   ap_memory|                                                        local_output_20|         array|
|local_output_20_ce0       |  out|    1|   ap_memory|                                                        local_output_20|         array|
|local_output_20_q0        |   in|   32|   ap_memory|                                                        local_output_20|         array|
|local_output_21_address0  |  out|    6|   ap_memory|                                                        local_output_21|         array|
|local_output_21_ce0       |  out|    1|   ap_memory|                                                        local_output_21|         array|
|local_output_21_q0        |   in|   32|   ap_memory|                                                        local_output_21|         array|
|local_output_22_address0  |  out|    6|   ap_memory|                                                        local_output_22|         array|
|local_output_22_ce0       |  out|    1|   ap_memory|                                                        local_output_22|         array|
|local_output_22_q0        |   in|   32|   ap_memory|                                                        local_output_22|         array|
|local_output_23_address0  |  out|    6|   ap_memory|                                                        local_output_23|         array|
|local_output_23_ce0       |  out|    1|   ap_memory|                                                        local_output_23|         array|
|local_output_23_q0        |   in|   32|   ap_memory|                                                        local_output_23|         array|
|local_output_24_address0  |  out|    6|   ap_memory|                                                        local_output_24|         array|
|local_output_24_ce0       |  out|    1|   ap_memory|                                                        local_output_24|         array|
|local_output_24_q0        |   in|   32|   ap_memory|                                                        local_output_24|         array|
|local_output_25_address0  |  out|    6|   ap_memory|                                                        local_output_25|         array|
|local_output_25_ce0       |  out|    1|   ap_memory|                                                        local_output_25|         array|
|local_output_25_q0        |   in|   32|   ap_memory|                                                        local_output_25|         array|
|local_output_26_address0  |  out|    6|   ap_memory|                                                        local_output_26|         array|
|local_output_26_ce0       |  out|    1|   ap_memory|                                                        local_output_26|         array|
|local_output_26_q0        |   in|   32|   ap_memory|                                                        local_output_26|         array|
|local_output_27_address0  |  out|    6|   ap_memory|                                                        local_output_27|         array|
|local_output_27_ce0       |  out|    1|   ap_memory|                                                        local_output_27|         array|
|local_output_27_q0        |   in|   32|   ap_memory|                                                        local_output_27|         array|
|local_output_28_address0  |  out|    6|   ap_memory|                                                        local_output_28|         array|
|local_output_28_ce0       |  out|    1|   ap_memory|                                                        local_output_28|         array|
|local_output_28_q0        |   in|   32|   ap_memory|                                                        local_output_28|         array|
|local_output_29_address0  |  out|    6|   ap_memory|                                                        local_output_29|         array|
|local_output_29_ce0       |  out|    1|   ap_memory|                                                        local_output_29|         array|
|local_output_29_q0        |   in|   32|   ap_memory|                                                        local_output_29|         array|
|local_output_30_address0  |  out|    6|   ap_memory|                                                        local_output_30|         array|
|local_output_30_ce0       |  out|    1|   ap_memory|                                                        local_output_30|         array|
|local_output_30_q0        |   in|   32|   ap_memory|                                                        local_output_30|         array|
|local_output_31_address0  |  out|    6|   ap_memory|                                                        local_output_31|         array|
|local_output_31_ce0       |  out|    1|   ap_memory|                                                        local_output_31|         array|
|local_output_31_q0        |   in|   32|   ap_memory|                                                        local_output_31|         array|
|local_output_32_address0  |  out|    6|   ap_memory|                                                        local_output_32|         array|
|local_output_32_ce0       |  out|    1|   ap_memory|                                                        local_output_32|         array|
|local_output_32_q0        |   in|   32|   ap_memory|                                                        local_output_32|         array|
|local_output_33_address0  |  out|    6|   ap_memory|                                                        local_output_33|         array|
|local_output_33_ce0       |  out|    1|   ap_memory|                                                        local_output_33|         array|
|local_output_33_q0        |   in|   32|   ap_memory|                                                        local_output_33|         array|
|local_output_34_address0  |  out|    6|   ap_memory|                                                        local_output_34|         array|
|local_output_34_ce0       |  out|    1|   ap_memory|                                                        local_output_34|         array|
|local_output_34_q0        |   in|   32|   ap_memory|                                                        local_output_34|         array|
|local_output_35_address0  |  out|    6|   ap_memory|                                                        local_output_35|         array|
|local_output_35_ce0       |  out|    1|   ap_memory|                                                        local_output_35|         array|
|local_output_35_q0        |   in|   32|   ap_memory|                                                        local_output_35|         array|
|local_output_36_address0  |  out|    6|   ap_memory|                                                        local_output_36|         array|
|local_output_36_ce0       |  out|    1|   ap_memory|                                                        local_output_36|         array|
|local_output_36_q0        |   in|   32|   ap_memory|                                                        local_output_36|         array|
|local_output_37_address0  |  out|    6|   ap_memory|                                                        local_output_37|         array|
|local_output_37_ce0       |  out|    1|   ap_memory|                                                        local_output_37|         array|
|local_output_37_q0        |   in|   32|   ap_memory|                                                        local_output_37|         array|
|local_output_38_address0  |  out|    6|   ap_memory|                                                        local_output_38|         array|
|local_output_38_ce0       |  out|    1|   ap_memory|                                                        local_output_38|         array|
|local_output_38_q0        |   in|   32|   ap_memory|                                                        local_output_38|         array|
|local_output_39_address0  |  out|    6|   ap_memory|                                                        local_output_39|         array|
|local_output_39_ce0       |  out|    1|   ap_memory|                                                        local_output_39|         array|
|local_output_39_q0        |   in|   32|   ap_memory|                                                        local_output_39|         array|
|local_output_40_address0  |  out|    6|   ap_memory|                                                        local_output_40|         array|
|local_output_40_ce0       |  out|    1|   ap_memory|                                                        local_output_40|         array|
|local_output_40_q0        |   in|   32|   ap_memory|                                                        local_output_40|         array|
|local_output_41_address0  |  out|    6|   ap_memory|                                                        local_output_41|         array|
|local_output_41_ce0       |  out|    1|   ap_memory|                                                        local_output_41|         array|
|local_output_41_q0        |   in|   32|   ap_memory|                                                        local_output_41|         array|
|local_output_42_address0  |  out|    6|   ap_memory|                                                        local_output_42|         array|
|local_output_42_ce0       |  out|    1|   ap_memory|                                                        local_output_42|         array|
|local_output_42_q0        |   in|   32|   ap_memory|                                                        local_output_42|         array|
|local_output_43_address0  |  out|    6|   ap_memory|                                                        local_output_43|         array|
|local_output_43_ce0       |  out|    1|   ap_memory|                                                        local_output_43|         array|
|local_output_43_q0        |   in|   32|   ap_memory|                                                        local_output_43|         array|
|local_output_44_address0  |  out|    6|   ap_memory|                                                        local_output_44|         array|
|local_output_44_ce0       |  out|    1|   ap_memory|                                                        local_output_44|         array|
|local_output_44_q0        |   in|   32|   ap_memory|                                                        local_output_44|         array|
|local_output_45_address0  |  out|    6|   ap_memory|                                                        local_output_45|         array|
|local_output_45_ce0       |  out|    1|   ap_memory|                                                        local_output_45|         array|
|local_output_45_q0        |   in|   32|   ap_memory|                                                        local_output_45|         array|
|local_output_46_address0  |  out|    6|   ap_memory|                                                        local_output_46|         array|
|local_output_46_ce0       |  out|    1|   ap_memory|                                                        local_output_46|         array|
|local_output_46_q0        |   in|   32|   ap_memory|                                                        local_output_46|         array|
|local_output_47_address0  |  out|    6|   ap_memory|                                                        local_output_47|         array|
|local_output_47_ce0       |  out|    1|   ap_memory|                                                        local_output_47|         array|
|local_output_47_q0        |   in|   32|   ap_memory|                                                        local_output_47|         array|
|local_output_48_address0  |  out|    6|   ap_memory|                                                        local_output_48|         array|
|local_output_48_ce0       |  out|    1|   ap_memory|                                                        local_output_48|         array|
|local_output_48_q0        |   in|   32|   ap_memory|                                                        local_output_48|         array|
|local_output_49_address0  |  out|    6|   ap_memory|                                                        local_output_49|         array|
|local_output_49_ce0       |  out|    1|   ap_memory|                                                        local_output_49|         array|
|local_output_49_q0        |   in|   32|   ap_memory|                                                        local_output_49|         array|
|local_output_50_address0  |  out|    6|   ap_memory|                                                        local_output_50|         array|
|local_output_50_ce0       |  out|    1|   ap_memory|                                                        local_output_50|         array|
|local_output_50_q0        |   in|   32|   ap_memory|                                                        local_output_50|         array|
|local_output_51_address0  |  out|    6|   ap_memory|                                                        local_output_51|         array|
|local_output_51_ce0       |  out|    1|   ap_memory|                                                        local_output_51|         array|
|local_output_51_q0        |   in|   32|   ap_memory|                                                        local_output_51|         array|
|local_output_52_address0  |  out|    6|   ap_memory|                                                        local_output_52|         array|
|local_output_52_ce0       |  out|    1|   ap_memory|                                                        local_output_52|         array|
|local_output_52_q0        |   in|   32|   ap_memory|                                                        local_output_52|         array|
|local_output_53_address0  |  out|    6|   ap_memory|                                                        local_output_53|         array|
|local_output_53_ce0       |  out|    1|   ap_memory|                                                        local_output_53|         array|
|local_output_53_q0        |   in|   32|   ap_memory|                                                        local_output_53|         array|
|local_output_54_address0  |  out|    6|   ap_memory|                                                        local_output_54|         array|
|local_output_54_ce0       |  out|    1|   ap_memory|                                                        local_output_54|         array|
|local_output_54_q0        |   in|   32|   ap_memory|                                                        local_output_54|         array|
+--------------------------+-----+-----+------------+-----------------------------------------------------------------------+--------------+

