

================================================================
== Synthesis Summary Report of 'matmul'
================================================================
+ General Information: 
    * Date:           Fri Oct  2 16:18:38 2026
    * Version:        2022.2 (Build 3670227 on Oct 13 2022)
    * Project:        vitis.prj
    * Solution:       solution1 (Vivado IP Flow Target)
    * Product family: zynq
    * Target device:  xc7z020-clg400-1
    

+ Performance & Resource Estimates: 
    
    PS: '+' for module; 'o' for loop; '*' for dataflow
    +------------------------------------------------------+------+------+---------+-----------+----------+---------+-------+----------+----------+---------+-----------+------------+-----+
    |                        Modules                       | Issue|      | Latency |  Latency  | Iteration|         |  Trip |          |          |         |           |            |     |
    |                        & Loops                       | Type | Slack| (cycles)|    (ns)   |  Latency | Interval| Count | Pipelined|   BRAM   |   DSP   |     FF    |     LUT    | URAM|
    +------------------------------------------------------+------+------+---------+-----------+----------+---------+-------+----------+----------+---------+-----------+------------+-----+
    |+ matmul                                              |     -|  0.00|  3290154|  3.290e+07|         -|  3290155|      -|        no|  80 (28%)|   6 (2%)|  2772 (2%)|  5533 (10%)|    -|
    | + matmul_Pipeline_VITIS_LOOP_19_1_VITIS_LOOP_21_2    |     -|  0.00|    15004|  1.500e+05|         -|    15004|      -|        no|         -|  1 (~0%)|   70 (~0%)|   171 (~0%)|    -|
    |  o VITIS_LOOP_19_1_VITIS_LOOP_21_2                   |     -|  7.30|    15002|  1.500e+05|         4|        1|  15000|       yes|         -|        -|          -|           -|    -|
    | + matmul_Pipeline_VITIS_LOOP_28_3_VITIS_LOOP_30_4    |     -|  0.00|    30004|  3.000e+05|         -|    30004|      -|        no|         -|  1 (~0%)|   72 (~0%)|   176 (~0%)|    -|
    |  o VITIS_LOOP_28_3_VITIS_LOOP_30_4                   |     -|  7.30|    30002|  3.000e+05|         4|        1|  30000|       yes|         -|        -|          -|           -|    -|
    | + matmul_Pipeline_VITIS_LOOP_37_5_VITIS_LOOP_39_6    |     -|  1.00|    20004|  2.000e+05|         -|    20004|      -|        no|         -|  1 (~0%)|   53 (~0%)|   161 (~0%)|    -|
    |  o VITIS_LOOP_37_5_VITIS_LOOP_39_6                   |     -|  7.30|    20002|  2.000e+05|         4|        1|  20000|       yes|         -|        -|          -|           -|    -|
    | + matmul_Pipeline_VITIS_LOOP_61_10_VITIS_LOOP_63_11  |     -|  0.00|    20006|  2.001e+05|         -|    20006|      -|        no|         -|  1 (~0%)|  138 (~0%)|   204 (~0%)|    -|
    |  o VITIS_LOOP_61_10_VITIS_LOOP_63_11                 |     -|  7.30|    20004|  2.000e+05|         6|        1|  20000|       yes|         -|        -|          -|           -|    -|
    | o VITIS_LOOP_49_7_VITIS_LOOP_51_8                    |     -|  7.30|  3240000|  3.240e+07|       162|        -|  20000|        no|         -|        -|          -|           -|    -|
    |  + matmul_Pipeline_VITIS_LOOP_53_9                   |     -|  1.95|      155|  1.550e+03|         -|      155|      -|        no|         -|  1 (~0%)|  208 (~0%)|   232 (~0%)|    -|
    |   o VITIS_LOOP_53_9                                  |     -|  7.30|      153|  1.530e+03|         5|        1|    150|       yes|         -|        -|          -|           -|    -|
    +------------------------------------------------------+------+------+---------+-----------+----------+---------+-------+----------+----------+---------+-----------+------------+-----+


================================================================
== HW Interfaces
================================================================
* M_AXI
+------------+------------+---------------+---------+--------+----------+-----------+--------------+--------------+-------------+-------------+
| Interface  | Data Width | Address Width | Latency | Offset | Register | Max Widen | Max Read     | Max Write    | Num Read    | Num Write   |
|            | (SW->HW)   |               |         |        |          | Bitwidth  | Burst Length | Burst Length | Outstanding | Outstanding |
+------------+------------+---------------+---------+--------+----------+-----------+--------------+--------------+-------------+-------------+
| m_axi_mem1 | 16 -> 16   | 64            | 64      | slave  | 0        | 0         | 16           | 16           | 16          | 16          |
| m_axi_mem2 | 16 -> 16   | 64            | 64      | slave  | 0        | 0         | 16           | 16           | 16          | 16          |
+------------+------------+---------------+---------+--------+----------+-----------+--------------+--------------+-------------+-------------+

* S_AXILITE Interfaces
+---------------+------------+---------------+--------+----------+
| Interface     | Data Width | Address Width | Offset | Register |
+---------------+------------+---------------+--------+----------+
| s_axi_control | 32         | 6             | 16     | 0        |
+---------------+------------+---------------+--------+----------+

* S_AXILITE Registers
+---------------+-----------------+--------+-------+--------+----------------------------------+----------------------------------------------------------------------+
| Interface     | Register        | Offset | Width | Access | Description                      | Bit Fields                                                           |
+---------------+-----------------+--------+-------+--------+----------------------------------+----------------------------------------------------------------------+
| s_axi_control | CTRL            | 0x00   | 32    | RW     | Control signals                  | 0=AP_START 1=AP_DONE 2=AP_IDLE 3=AP_READY 7=AUTO_RESTART 9=INTERRUPT |
| s_axi_control | GIER            | 0x04   | 32    | RW     | Global Interrupt Enable Register | 0=Enable                                                             |
| s_axi_control | IP_IER          | 0x08   | 32    | RW     | IP Interrupt Enable Register     | 0=CHAN0_INT_EN 1=CHAN1_INT_EN                                        |
| s_axi_control | IP_ISR          | 0x0c   | 32    | RW     | IP Interrupt Status Register     | 0=CHAN0_INT_ST 1=CHAN1_INT_ST                                        |
| s_axi_control | Matrix_A_DRAM_1 | 0x10   | 32    | W      | Data signal of Matrix_A_DRAM     |                                                                      |
| s_axi_control | Matrix_A_DRAM_2 | 0x14   | 32    | W      | Data signal of Matrix_A_DRAM     |                                                                      |
| s_axi_control | Matrix_B_DRAM_1 | 0x1c   | 32    | W      | Data signal of Matrix_B_DRAM     |                                                                      |
| s_axi_control | Matrix_B_DRAM_2 | 0x20   | 32    | W      | Data signal of Matrix_B_DRAM     |                                                                      |
| s_axi_control | Matrix_C_DRAM_1 | 0x28   | 32    | W      | Data signal of Matrix_C_DRAM     |                                                                      |
| s_axi_control | Matrix_C_DRAM_2 | 0x2c   | 32    | W      | Data signal of Matrix_C_DRAM     |                                                                      |
+---------------+-----------------+--------+-------+--------+----------------------------------+----------------------------------------------------------------------+

* TOP LEVEL CONTROL
+-----------+------------+-----------+
| Interface | Type       | Ports     |
+-----------+------------+-----------+
| ap_clk    | clock      | ap_clk    |
| ap_rst_n  | reset      | ap_rst_n  |
| interrupt | interrupt  | interrupt |
| ap_ctrl   | ap_ctrl_hs |           |
+-----------+------------+-----------+


================================================================
== SW I/O Information
================================================================
* Top Function Arguments
+---------------+-----------+-------------+
| Argument      | Direction | Datatype    |
+---------------+-----------+-------------+
| Matrix_A_DRAM | inout     | ap_int<16>* |
| Matrix_B_DRAM | in        | ap_int<16>* |
| Matrix_C_DRAM | inout     | ap_int<16>* |
+---------------+-----------+-------------+

* SW-to-HW Mapping
+---------------+---------------+-----------+----------+-------------------------------------------+
| Argument      | HW Interface  | HW Type   | HW Usage | HW Info                                   |
+---------------+---------------+-----------+----------+-------------------------------------------+
| Matrix_A_DRAM | m_axi_mem1    | interface |          |                                           |
| Matrix_A_DRAM | s_axi_control | register  | offset   | name=Matrix_A_DRAM_1 offset=0x10 range=32 |
| Matrix_A_DRAM | s_axi_control | register  | offset   | name=Matrix_A_DRAM_2 offset=0x14 range=32 |
| Matrix_B_DRAM | m_axi_mem2    | interface |          |                                           |
| Matrix_B_DRAM | s_axi_control | register  | offset   | name=Matrix_B_DRAM_1 offset=0x1c range=32 |
| Matrix_B_DRAM | s_axi_control | register  | offset   | name=Matrix_B_DRAM_2 offset=0x20 range=32 |
| Matrix_C_DRAM | m_axi_mem1    | interface |          |                                           |
| Matrix_C_DRAM | s_axi_control | register  | offset   | name=Matrix_C_DRAM_1 offset=0x28 range=32 |
| Matrix_C_DRAM | s_axi_control | register  | offset   | name=Matrix_C_DRAM_2 offset=0x2c range=32 |
+---------------+---------------+-----------+----------+-------------------------------------------+


================================================================
== M_AXI Burst Information
================================================================
 Note: All burst requests might be further partitioned into multiple requests during RTL generation based on max_read_burst_length or max_write_burst_length settings.

* Inferred Burst Summary
+--------------+------------------+-----------+--------+-------+------------------+
| HW Interface | Loop             | Direction | Length | Width | Location         |
+--------------+------------------+-----------+--------+-------+------------------+
| m_axi_mem1   | VITIS_LOOP_19_1  | read      | 15000  | 16    | matmul.cpp:19:22 |
| m_axi_mem2   | VITIS_LOOP_28_3  | read      | 30000  | 16    | matmul.cpp:28:22 |
| m_axi_mem1   | VITIS_LOOP_61_10 | write     | 20000  | 16    | matmul.cpp:61:23 |
+--------------+------------------+-----------+--------+-------+------------------+

* Inferred Bursts and Widening Missed
+--------------+---------------+------------------+-------------------------------------------------------------------------------------------------------+------------+------------------+
| HW Interface | Variable      | Loop             | Problem                                                                                               | Resolution | Location         |
+--------------+---------------+------------------+-------------------------------------------------------------------------------------------------------+------------+------------------+
| m_axi_mem1   | Matrix_C_DRAM | VITIS_LOOP_63_11 | Could not widen since type i16 size is greater than or equal to the max_widen_bitwidth threshold of 0 | 214-353    | matmul.cpp:63:27 |
| m_axi_mem2   | Matrix_B_DRAM | VITIS_LOOP_30_4  | Could not widen since type i16 size is greater than or equal to the max_widen_bitwidth threshold of 0 | 214-353    | matmul.cpp:30:26 |
| m_axi_mem1   | Matrix_A_DRAM | VITIS_LOOP_21_2  | Could not widen since type i16 size is greater than or equal to the max_widen_bitwidth threshold of 0 | 214-353    | matmul.cpp:21:26 |
+--------------+---------------+------------------+-------------------------------------------------------------------------------------------------------+------------+------------------+

    * Resolution URL: www.xilinx.com/cgi-bin/docs/rdoc?v=2022.2;t=hls+guidance;d=XXX-YYY.html (replace XXX-YYY with column value)

================================================================
== Bind Op Report
================================================================
+------------------------------------------------------+-----+--------+-------------+-----+--------+---------+
| Name                                                 | DSP | Pragma | Variable    | Op  | Impl   | Latency |
+------------------------------------------------------+-----+--------+-------------+-----+--------+---------+
| + matmul                                             | 6   |        |             |     |        |         |
|   add_ln49_1_fu_294_p2                               | -   |        | add_ln49_1  | add | fabric | 0       |
|   add_ln49_fu_306_p2                                 | -   |        | add_ln49    | add | fabric | 0       |
|   mul_7ns_9ns_14_1_1_U27                             | -   |        | mul_ln186   | mul | auto   | 0       |
|   mac_muladd_7ns_8ns_8ns_15_4_1_U28                  | 1   |        | empty_26    | mul | dsp48  | 3       |
|   mac_muladd_7ns_8ns_8ns_15_4_1_U28                  | 1   |        | empty_27    | add | dsp48  | 3       |
|   add_ln51_fu_338_p2                                 | -   |        | add_ln51    | add | fabric | 0       |
|  + matmul_Pipeline_VITIS_LOOP_19_1_VITIS_LOOP_21_2   | 1   |        |             |     |        |         |
|    add_ln19_1_fu_130_p2                              | -   |        | add_ln19_1  | add | fabric | 0       |
|    add_ln19_fu_142_p2                                | -   |        | add_ln19    | add | fabric | 0       |
|    mac_muladd_7ns_8ns_8ns_14_4_1_U1                  | 1   |        | mul_ln23    | mul | dsp48  | 3       |
|    mac_muladd_7ns_8ns_8ns_14_4_1_U1                  | 1   |        | add_ln23    | add | dsp48  | 3       |
|    add_ln21_fu_174_p2                                | -   |        | add_ln21    | add | fabric | 0       |
|  + matmul_Pipeline_VITIS_LOOP_28_3_VITIS_LOOP_30_4   | 1   |        |             |     |        |         |
|    add_ln28_1_fu_126_p2                              | -   |        | add_ln28_1  | add | fabric | 0       |
|    add_ln28_fu_138_p2                                | -   |        | add_ln28    | add | fabric | 0       |
|    mac_muladd_8ns_8ns_8ns_15_4_1_U6                  | 1   |        | mul_ln32    | mul | dsp48  | 3       |
|    mac_muladd_8ns_8ns_8ns_15_4_1_U6                  | 1   |        | add_ln32    | add | dsp48  | 3       |
|    add_ln30_fu_170_p2                                | -   |        | add_ln30    | add | fabric | 0       |
|  + matmul_Pipeline_VITIS_LOOP_37_5_VITIS_LOOP_39_6   | 1   |        |             |     |        |         |
|    add_ln37_1_fu_94_p2                               | -   |        | add_ln37_1  | add | fabric | 0       |
|    add_ln37_fu_106_p2                                | -   |        | add_ln37    | add | fabric | 0       |
|    mac_muladd_7ns_8ns_8ns_15_4_1_U11                 | 1   |        | mul_ln41    | mul | dsp48  | 3       |
|    mac_muladd_7ns_8ns_8ns_15_4_1_U11                 | 1   |        | add_ln41    | add | dsp48  | 3       |
|    add_ln39_fu_138_p2                                | -   |        | add_ln39    | add | fabric | 0       |
|  + matmul_Pipeline_VITIS_LOOP_53_9                   | 1   |        |             |     |        |         |
|    add_ln53_fu_158_p2                                | -   |        | add_ln53    | add | fabric | 0       |
|    add_ln186_fu_171_p2                               | -   |        | add_ln186   | add | fabric | 0       |
|    add_ln186_2_fu_182_p2                             | -   |        | add_ln186_2 | add | fabric | 0       |
|    add_ln186_1_fu_188_p2                             | -   |        | add_ln186_1 | add | fabric | 0       |
|    mac_muladd_16s_16s_16ns_16_4_1_U14                | 1   |        | mul_ln840   | mul | dsp48  | 3       |
|    mac_muladd_16s_16s_16ns_16_4_1_U14                | 1   |        | add_ln840   | add | dsp48  | 3       |
|  + matmul_Pipeline_VITIS_LOOP_61_10_VITIS_LOOP_63_11 | 1   |        |             |     |        |         |
|    add_ln61_1_fu_135_p2                              | -   |        | add_ln61_1  | add | fabric | 0       |
|    add_ln61_fu_147_p2                                | -   |        | add_ln61    | add | fabric | 0       |
|    mac_muladd_7ns_8ns_8ns_15_4_1_U23                 | 1   |        | mul_ln65    | mul | dsp48  | 3       |
|    mac_muladd_7ns_8ns_8ns_15_4_1_U23                 | 1   |        | add_ln65    | add | dsp48  | 3       |
|    add_ln63_fu_179_p2                                | -   |        | add_ln63    | add | fabric | 0       |
+------------------------------------------------------+-----+--------+-------------+-----+--------+---------+


================================================================
== Bind Storage Report
================================================================
+---------------------+------+------+--------+-----------------+---------+------+---------+
| Name                | BRAM | URAM | Pragma | Variable        | Storage | Impl | Latency |
+---------------------+------+------+--------+-----------------+---------+------+---------+
| + matmul            | 80   | 0    |        |                 |         |      |         |
|   Matrix_A_BRAM_V_U | 16   | -    |        | Matrix_A_BRAM_V | ram_1p  | auto | 1       |
|   Matrix_B_BRAM_V_U | 32   | -    |        | Matrix_B_BRAM_V | ram_1p  | auto | 1       |
|   Matrix_C_BRAM_V_U | 32   | -    |        | Matrix_C_BRAM_V | ram_1p  | auto | 1       |
+---------------------+------+------+--------+-----------------+---------+------+---------+


================================================================
== Pragma Report
================================================================
* Valid Pragma Syntax
+-----------+--------------------------------------------------------------------------+-------------------------+
| Type      | Options                                                                  | Location                |
+-----------+--------------------------------------------------------------------------+-------------------------+
| interface | mode = m_axi depth = 1 port = Matrix_A_DRAM offset = slave bundle = mem1 | matmul.cpp:9 in matmul  |
| interface | mode = m_axi depth = 1 port = Matrix_B_DRAM offset = slave bundle = mem2 | matmul.cpp:10 in matmul |
| interface | mode = m_axi depth = 1 port = Matrix_C_DRAM offset = slave bundle = mem1 | matmul.cpp:11 in matmul |
| interface | mode = s_axilite port = return                                           | matmul.cpp:12 in matmul |
+-----------+--------------------------------------------------------------------------+-------------------------+


