

================================================================
== Vitis HLS Report for 'conv_Pipeline_VITIS_LOOP_36_8_VITIS_LOOP_37_92'
================================================================
* Date:           Wed Oct  7 15:53:15 2026

* Version:        2022.2 (Build 3670227 on Oct 13 2022)
* Project:        vitis.prj
* Solution:       solution1 (Vivado IP Flow Target)
* Product family: zynq
* Target device:  xc7z020-clg400-1


================================================================
== Performance Estimates
================================================================
+ Timing: 
    * Summary: 
    +--------+----------+----------+------------+
    |  Clock |  Target  | Estimated| Uncertainty|
    +--------+----------+----------+------------+
    |ap_clk  |  10.00 ns|  7.256 ns|     2.70 ns|
    +--------+----------+----------+------------+

+ Latency: 
    * Summary: 
    +---------+---------+----------+----------+-----+-----+---------+
    |  Latency (cycles) |  Latency (absolute) |  Interval | Pipeline|
    |   min   |   max   |    min   |    max   | min | max |   Type  |
    +---------+---------+----------+----------+-----+-----+---------+
    |      985|      985|  9.850 us|  9.850 us|  985|  985|       no|
    +---------+---------+----------+----------+-----+-----+---------+

    + Detail: 
        * Instance: 
        N/A

        * Loop: 
        +-----------------------------------+---------+---------+----------+-----------+-----------+------+----------+
        |                                   |  Latency (cycles) | Iteration|  Initiation Interval  | Trip |          |
        |             Loop Name             |   min   |   max   |  Latency |  achieved |   target  | Count| Pipelined|
        +-----------------------------------+---------+---------+----------+-----------+-----------+------+----------+
        |- VITIS_LOOP_36_8_VITIS_LOOP_37_9  |      983|      983|        24|          8|          1|   121|       yes|
        +-----------------------------------+---------+---------+----------+-----------+-----------+------+----------+



================================================================
== Utilization Estimates
================================================================
* Summary: 
+-----------------+---------+-----+--------+-------+-----+
|       Name      | BRAM_18K| DSP |   FF   |  LUT  | URAM|
+-----------------+---------+-----+--------+-------+-----+
|DSP              |        -|    2|       -|      -|    -|
|Expression       |        -|    -|       0|    163|    -|
|FIFO             |        -|    -|       -|      -|    -|
|Instance         |        -|    -|     238|    278|    -|
|Memory           |        -|    -|       -|      -|    -|
|Multiplexer      |        -|    -|       -|    143|    -|
|Register         |        -|    -|     756|     64|    -|
+-----------------+---------+-----+--------+-------+-----+
|Total            |        0|    2|     994|    648|    0|
+-----------------+---------+-----+--------+-------+-----+
|Available        |      280|  220|  106400|  53200|    0|
+-----------------+---------+-----+--------+-------+-----+
|Utilization (%)  |        0|   ~0|      ~0|      1|    0|
+-----------------+---------+-----+--------+-------+-----+

+ Detail: 
    * Instance: 
    +-------------------------+---------------------+---------+----+-----+-----+-----+
    |         Instance        |        Module       | BRAM_18K| DSP|  FF | LUT | URAM|
    +-------------------------+---------------------+---------+----+-----+-----+-----+
    |mux_114_32_1_1_U85       |mux_114_32_1_1       |        0|   0|    0|   59|    0|
    |mux_114_32_1_1_U86       |mux_114_32_1_1       |        0|   0|    0|   59|    0|
    |urem_9ns_5ns_4_13_1_U84  |urem_9ns_5ns_4_13_1  |        0|   0|  238|  160|    0|
    +-------------------------+---------------------+---------+----+-----+-----+-----+
    |Total                    |                     |        0|   0|  238|  278|    0|
    +-------------------------+---------------------+---------+----+-----+-----+-----+

    * DSP: 
    +-----------------------------+-------------------------+-----------+
    |           Instance          |          Module         | Expression|
    +-----------------------------+-------------------------+-----------+
    |mul_mul_11s_5ns_14_4_1_U88   |mul_mul_11s_5ns_14_4_1   |    i0 * i1|
    |mul_mul_9ns_10ns_19_4_1_U87  |mul_mul_9ns_10ns_19_4_1  |    i0 * i1|
    +-----------------------------+-------------------------+-----------+

    * Memory: 
    N/A

    * FIFO: 
    N/A

    * Expression: 
    +-------------------------+----------+----+---+----+------------+------------+
    |      Variable Name      | Operation| DSP| FF| LUT| Bitwidth P0| Bitwidth P1|
    +-------------------------+----------+----+---+----+------------+------------+
    |add_ln36_2_fu_539_p2     |         +|   0|  0|  13|           4|           1|
    |add_ln36_5_fu_683_p2     |         +|   0|  0|  12|          12|          12|
    |add_ln36_fu_530_p2       |         +|   0|  0|  14|           7|           1|
    |add_ln37_fu_661_p2       |         +|   0|  0|  13|           4|           1|
    |add_ln40_2_fu_607_p2     |         +|   0|  0|  14|           9|           9|
    |add_ln42_3_fu_637_p2     |         +|   0|  0|  17|          14|          14|
    |add_ln42_fu_581_p2       |         +|   0|  0|  12|          11|          11|
    |empty_fu_510_p2          |         +|   0|  0|  14|           9|           9|
    |p_mid172_fu_563_p2       |         +|   0|  0|  14|           9|           9|
    |icmp_ln36_fu_524_p2      |      icmp|   0|  0|  10|           7|           4|
    |icmp_ln37_fu_545_p2      |      icmp|   0|  0|   9|           4|           4|
    |select_ln36_7_fu_569_p3  |    select|   0|  0|   9|           1|           9|
    |select_ln36_8_fu_595_p3  |    select|   0|  0|   2|           1|           1|
    |select_ln36_9_fu_656_p3  |    select|   0|  0|   4|           1|           4|
    |select_ln36_fu_551_p3    |    select|   0|  0|   4|           1|           1|
    |ap_enable_pp0            |       xor|   0|  0|   2|           1|           2|
    +-------------------------+----------+----+---+----+------------+------------+
    |Total                    |          |   0|  0| 163|          95|          92|
    +-------------------------+----------+----+---+----+------------+------------+

    * Multiplexer: 
    +----------------------------------------+----+-----------+-----+-----------+
    |                  Name                  | LUT| Input Size| Bits| Total Bits|
    +----------------------------------------+----+-----------+-----+-----------+
    |ap_NS_fsm                               |  48|          9|    1|          9|
    |ap_done_int                             |   9|          2|    1|          2|
    |ap_enable_reg_pp0_iter0                 |   9|          2|    1|          2|
    |ap_enable_reg_pp0_iter1                 |   9|          2|    1|          2|
    |ap_sig_allocacmp_indvar_flatten74_load  |   9|          2|    7|         14|
    |ap_sig_allocacmp_j                      |   9|          2|    4|          8|
    |ap_sig_allocacmp_k_load                 |   9|          2|    4|          8|
    |indvar_flatten74_fu_132                 |   9|          2|    7|         14|
    |j_2_fu_128                              |   9|          2|    4|          8|
    |k_fu_124                                |   9|          2|    4|          8|
    |output_fm_address0                      |  14|          3|   18|         54|
    +----------------------------------------+----+-----------+-----+-----------+
    |Total                                   | 143|         30|   52|        129|
    +----------------------------------------+----+-----------+-----+-----------+

    * Register: 
    +-----------------------------------+----+----+-----+-----------+
    |                Name               | FF | LUT| Bits| Const Bits|
    +-----------------------------------+----+----+-----+-----------+
    |add68_2_reg_1151                   |  32|   0|   32|          0|
    |add_ln36_2_reg_906                 |   4|   0|    4|          0|
    |add_ln36_reg_901                   |   7|   0|    7|          0|
    |add_ln40_2_reg_931                 |   9|   0|    9|          0|
    |add_ln42_3_reg_951                 |  14|   0|   14|          0|
    |add_ln42_reg_922                   |  11|   0|   11|          0|
    |ap_CS_fsm                          |   8|   0|    8|          0|
    |ap_done_reg                        |   1|   0|    1|          0|
    |ap_enable_reg_pp0_iter0_reg        |   1|   0|    1|          0|
    |ap_enable_reg_pp0_iter1            |   1|   0|    1|          0|
    |ap_enable_reg_pp0_iter2            |   1|   0|    1|          0|
    |ap_loop_exit_ready_pp0_iter1_reg   |   1|   0|    1|          0|
    |icmp_ln36_reg_897                  |   1|   0|    1|          0|
    |icmp_ln37_reg_911                  |   1|   0|    1|          0|
    |indvar_flatten74_fu_132            |   7|   0|    7|          0|
    |input_fm_0_load_reg_1011           |  32|   0|   32|          0|
    |input_fm_10_load_reg_1061          |  32|   0|   32|          0|
    |input_fm_1_load_reg_1016           |  32|   0|   32|          0|
    |input_fm_2_load_reg_1021           |  32|   0|   32|          0|
    |input_fm_3_load_reg_1026           |  32|   0|   32|          0|
    |input_fm_4_load_reg_1031           |  32|   0|   32|          0|
    |input_fm_5_load_reg_1036           |  32|   0|   32|          0|
    |input_fm_6_load_reg_1041           |  32|   0|   32|          0|
    |input_fm_7_load_reg_1046           |  32|   0|   32|          0|
    |input_fm_8_load_reg_1051           |  32|   0|   32|          0|
    |input_fm_9_load_reg_1056           |  32|   0|   32|          0|
    |j_2_fu_128                         |   4|   0|    4|          0|
    |j_reg_887                          |   4|   0|    4|          0|
    |k_fu_124                           |   4|   0|    4|          0|
    |mul_2_reg_1136                     |  32|   0|   32|          0|
    |output_fm_addr_reg_892             |  18|   0|   18|          0|
    |output_fm_load_reg_1141            |  32|   0|   32|          0|
    |select_ln36_8_reg_927              |   1|   0|    1|          0|
    |select_ln36_9_reg_1066             |   4|   0|    4|          0|
    |select_ln36_reg_916                |   4|   0|    4|          0|
    |select_ln36_reg_916_pp0_iter1_reg  |   4|   0|    4|          0|
    |tmp_4_reg_1126                     |  32|   0|   32|          0|
    |tmp_5_reg_1131                     |  32|   0|   32|          0|
    |tmp_7_reg_946                      |   6|   0|    6|          0|
    |output_fm_addr_reg_892             |  64|  32|   18|          0|
    |select_ln36_8_reg_927              |  64|  32|    1|          0|
    +-----------------------------------+----+----+-----+-----------+
    |Total                              | 756|  64|  647|          0|
    +-----------------------------------+----+----+-----+-----------+



================================================================
== Interface
================================================================
* Summary: 
+----------------------+-----+-----+------------+------------------------------------------------+--------------+
|       RTL Ports      | Dir | Bits|  Protocol  |                  Source Object                 |    C Type    |
+----------------------+-----+-----+------------+------------------------------------------------+--------------+
|ap_clk                |   in|    1|  ap_ctrl_hs|  conv_Pipeline_VITIS_LOOP_36_8_VITIS_LOOP_37_92|  return value|
|ap_rst                |   in|    1|  ap_ctrl_hs|  conv_Pipeline_VITIS_LOOP_36_8_VITIS_LOOP_37_92|  return value|
|ap_start              |   in|    1|  ap_ctrl_hs|  conv_Pipeline_VITIS_LOOP_36_8_VITIS_LOOP_37_92|  return value|
|ap_done               |  out|    1|  ap_ctrl_hs|  conv_Pipeline_VITIS_LOOP_36_8_VITIS_LOOP_37_92|  return value|
|ap_idle               |  out|    1|  ap_ctrl_hs|  conv_Pipeline_VITIS_LOOP_36_8_VITIS_LOOP_37_92|  return value|
|ap_ready              |  out|    1|  ap_ctrl_hs|  conv_Pipeline_VITIS_LOOP_36_8_VITIS_LOOP_37_92|  return value|
|grp_fu_1186_p_din0    |  out|   32|  ap_ctrl_hs|  conv_Pipeline_VITIS_LOOP_36_8_VITIS_LOOP_37_92|  return value|
|grp_fu_1186_p_din1    |  out|   32|  ap_ctrl_hs|  conv_Pipeline_VITIS_LOOP_36_8_VITIS_LOOP_37_92|  return value|
|grp_fu_1186_p_opcode  |  out|    2|  ap_ctrl_hs|  conv_Pipeline_VITIS_LOOP_36_8_VITIS_LOOP_37_92|  return value|
|grp_fu_1186_p_dout0   |   in|   32|  ap_ctrl_hs|  conv_Pipeline_VITIS_LOOP_36_8_VITIS_LOOP_37_92|  return value|
|grp_fu_1186_p_ce      |  out|    1|  ap_ctrl_hs|  conv_Pipeline_VITIS_LOOP_36_8_VITIS_LOOP_37_92|  return value|
|grp_fu_1190_p_din0    |  out|   32|  ap_ctrl_hs|  conv_Pipeline_VITIS_LOOP_36_8_VITIS_LOOP_37_92|  return value|
|grp_fu_1190_p_din1    |  out|   32|  ap_ctrl_hs|  conv_Pipeline_VITIS_LOOP_36_8_VITIS_LOOP_37_92|  return value|
|grp_fu_1190_p_dout0   |   in|   32|  ap_ctrl_hs|  conv_Pipeline_VITIS_LOOP_36_8_VITIS_LOOP_37_92|  return value|
|grp_fu_1190_p_ce      |  out|    1|  ap_ctrl_hs|  conv_Pipeline_VITIS_LOOP_36_8_VITIS_LOOP_37_92|  return value|
|output_fm_address0    |  out|   18|   ap_memory|                                       output_fm|         array|
|output_fm_ce0         |  out|    1|   ap_memory|                                       output_fm|         array|
|output_fm_we0         |  out|    1|   ap_memory|                                       output_fm|         array|
|output_fm_d0          |  out|   32|   ap_memory|                                       output_fm|         array|
|output_fm_q0          |   in|   32|   ap_memory|                                       output_fm|         array|
|add_ln42_9            |   in|   18|     ap_none|                                      add_ln42_9|        scalar|
|select_ln30_2         |   in|    9|     ap_none|                                   select_ln30_2|        scalar|
|mul_ln42_1            |   in|   10|     ap_none|                                      mul_ln42_1|        scalar|
|mul_ln42_2            |   in|   12|     ap_none|                                      mul_ln42_2|        scalar|
|weights_0_address0    |  out|   12|   ap_memory|                                       weights_0|         array|
|weights_0_ce0         |  out|    1|   ap_memory|                                       weights_0|         array|
|weights_0_q0          |   in|   32|   ap_memory|                                       weights_0|         array|
|weights_1_address0    |  out|   12|   ap_memory|                                       weights_1|         array|
|weights_1_ce0         |  out|    1|   ap_memory|                                       weights_1|         array|
|weights_1_q0          |   in|   32|   ap_memory|                                       weights_1|         array|
|weights_2_address0    |  out|   12|   ap_memory|                                       weights_2|         array|
|weights_2_ce0         |  out|    1|   ap_memory|                                       weights_2|         array|
|weights_2_q0          |   in|   32|   ap_memory|                                       weights_2|         array|
|weights_3_address0    |  out|   12|   ap_memory|                                       weights_3|         array|
|weights_3_ce0         |  out|    1|   ap_memory|                                       weights_3|         array|
|weights_3_q0          |   in|   32|   ap_memory|                                       weights_3|         array|
|weights_4_address0    |  out|   12|   ap_memory|                                       weights_4|         array|
|weights_4_ce0         |  out|    1|   ap_memory|                                       weights_4|         array|
|weights_4_q0          |   in|   32|   ap_memory|                                       weights_4|         array|
|weights_5_address0    |  out|   12|   ap_memory|                                       weights_5|         array|
|weights_5_ce0         |  out|    1|   ap_memory|                                       weights_5|         array|
|weights_5_q0          |   in|   32|   ap_memory|                                       weights_5|         array|
|weights_6_address0    |  out|   12|   ap_memory|                                       weights_6|         array|
|weights_6_ce0         |  out|    1|   ap_memory|                                       weights_6|         array|
|weights_6_q0          |   in|   32|   ap_memory|                                       weights_6|         array|
|weights_7_address0    |  out|   12|   ap_memory|                                       weights_7|         array|
|weights_7_ce0         |  out|    1|   ap_memory|                                       weights_7|         array|
|weights_7_q0          |   in|   32|   ap_memory|                                       weights_7|         array|
|weights_8_address0    |  out|   12|   ap_memory|                                       weights_8|         array|
|weights_8_ce0         |  out|    1|   ap_memory|                                       weights_8|         array|
|weights_8_q0          |   in|   32|   ap_memory|                                       weights_8|         array|
|weights_9_address0    |  out|   12|   ap_memory|                                       weights_9|         array|
|weights_9_ce0         |  out|    1|   ap_memory|                                       weights_9|         array|
|weights_9_q0          |   in|   32|   ap_memory|                                       weights_9|         array|
|weights_10_address0   |  out|   12|   ap_memory|                                      weights_10|         array|
|weights_10_ce0        |  out|    1|   ap_memory|                                      weights_10|         array|
|weights_10_q0         |   in|   32|   ap_memory|                                      weights_10|         array|
|zext_ln42_2           |   in|    8|     ap_none|                                     zext_ln42_2|        scalar|
|input_fm_0_address0   |  out|   14|   ap_memory|                                      input_fm_0|         array|
|input_fm_0_ce0        |  out|    1|   ap_memory|                                      input_fm_0|         array|
|input_fm_0_q0         |   in|   32|   ap_memory|                                      input_fm_0|         array|
|input_fm_1_address0   |  out|   14|   ap_memory|                                      input_fm_1|         array|
|input_fm_1_ce0        |  out|    1|   ap_memory|                                      input_fm_1|         array|
|input_fm_1_q0         |   in|   32|   ap_memory|                                      input_fm_1|         array|
|input_fm_2_address0   |  out|   14|   ap_memory|                                      input_fm_2|         array|
|input_fm_2_ce0        |  out|    1|   ap_memory|                                      input_fm_2|         array|
|input_fm_2_q0         |   in|   32|   ap_memory|                                      input_fm_2|         array|
|input_fm_3_address0   |  out|   14|   ap_memory|                                      input_fm_3|         array|
|input_fm_3_ce0        |  out|    1|   ap_memory|                                      input_fm_3|         array|
|input_fm_3_q0         |   in|   32|   ap_memory|                                      input_fm_3|         array|
|input_fm_4_address0   |  out|   14|   ap_memory|                                      input_fm_4|         array|
|input_fm_4_ce0        |  out|    1|   ap_memory|                                      input_fm_4|         array|
|input_fm_4_q0         |   in|   32|   ap_memory|                                      input_fm_4|         array|
|input_fm_5_address0   |  out|   14|   ap_memory|                                      input_fm_5|         array|
|input_fm_5_ce0        |  out|    1|   ap_memory|                                      input_fm_5|         array|
|input_fm_5_q0         |   in|   32|   ap_memory|                                      input_fm_5|         array|
|input_fm_6_address0   |  out|   14|   ap_memory|                                      input_fm_6|         array|
|input_fm_6_ce0        |  out|    1|   ap_memory|                                      input_fm_6|         array|
|input_fm_6_q0         |   in|   32|   ap_memory|                                      input_fm_6|         array|
|input_fm_7_address0   |  out|   14|   ap_memory|                                      input_fm_7|         array|
|input_fm_7_ce0        |  out|    1|   ap_memory|                                      input_fm_7|         array|
|input_fm_7_q0         |   in|   32|   ap_memory|                                      input_fm_7|         array|
|input_fm_8_address0   |  out|   14|   ap_memory|                                      input_fm_8|         array|
|input_fm_8_ce0        |  out|    1|   ap_memory|                                      input_fm_8|         array|
|input_fm_8_q0         |   in|   32|   ap_memory|                                      input_fm_8|         array|
|input_fm_9_address0   |  out|   14|   ap_memory|                                      input_fm_9|         array|
|input_fm_9_ce0        |  out|    1|   ap_memory|                                      input_fm_9|         array|
|input_fm_9_q0         |   in|   32|   ap_memory|                                      input_fm_9|         array|
|input_fm_10_address0  |  out|   14|   ap_memory|                                     input_fm_10|         array|
|input_fm_10_ce0       |  out|    1|   ap_memory|                                     input_fm_10|         array|
|input_fm_10_q0        |   in|   32|   ap_memory|                                     input_fm_10|         array|
+----------------------+-----+-----+------------+------------------------------------------------+--------------+

