

================================================================
== Vitis HLS Report for 'conv_Pipeline_VITIS_LOOP_17_4_VITIS_LOOP_19_5_VITIS_LOOP_21_6'
================================================================
* Date:           Wed Oct  7 17:29:05 2026

* Version:        2022.2 (Build 3670227 on Oct 13 2022)
* Project:        vitis.prj
* Solution:       solution1 (Vivado IP Flow Target)
* Product family: zynq
* Target device:  xc7z020-clg400-1


================================================================
== Performance Estimates
================================================================
+ Timing: 
    * Summary: 
    +--------+----------+----------+------------+
    |  Clock |  Target  | Estimated| Uncertainty|
    +--------+----------+----------+------------+
    |ap_clk  |  10.00 ns|  7.256 ns|     2.70 ns|
    +--------+----------+----------+------------+

+ Latency: 
    * Summary: 
    +---------+---------+-----------+-----------+------+------+---------+
    |  Latency (cycles) |   Latency (absolute)  |   Interval  | Pipeline|
    |   min   |   max   |    min    |    max    |  min |  max |   Type  |
    +---------+---------+-----------+-----------+------+------+---------+
    |     1829|     1829|  18.290 us|  18.290 us|  1829|  1829|       no|
    +---------+---------+-----------+-----------+------+------+---------+

    + Detail: 
        * Instance: 
        N/A

        * Loop: 
        +---------------------------------------------------+---------+---------+----------+-----------+-----------+------+----------+
        |                                                   |  Latency (cycles) | Iteration|  Initiation Interval  | Trip |          |
        |                     Loop Name                     |   min   |   max   |  Latency |  achieved |   target  | Count| Pipelined|
        +---------------------------------------------------+---------+---------+----------+-----------+-----------+------+----------+
        |- VITIS_LOOP_17_4_VITIS_LOOP_19_5_VITIS_LOOP_21_6  |     1827|     1827|        18|          5|          1|   363|       yes|
        +---------------------------------------------------+---------+---------+----------+-----------+-----------+------+----------+



================================================================
== Utilization Estimates
================================================================
* Summary: 
+-----------------+---------+-----+--------+-------+-----+
|       Name      | BRAM_18K| DSP |   FF   |  LUT  | URAM|
+-----------------+---------+-----+--------+-------+-----+
|DSP              |        -|    3|       -|      -|    -|
|Expression       |        -|    -|       0|    199|    -|
|FIFO             |        -|    -|       -|      -|    -|
|Instance         |        -|    5|     348|    762|    -|
|Memory           |        -|    -|       -|      -|    -|
|Multiplexer      |        -|    -|       -|    184|    -|
|Register         |        -|    -|     296|     32|    -|
+-----------------+---------+-----+--------+-------+-----+
|Total            |        0|    8|     644|   1177|    0|
+-----------------+---------+-----+--------+-------+-----+
|Available        |      280|  220|  106400|  53200|    0|
+-----------------+---------+-----+--------+-------+-----+
|Utilization (%)  |        0|    3|      ~0|      2|    0|
+-----------------+---------+-----+--------+-------+-----+

+ Detail: 
    * Instance: 
    +-----------------------------------+--------------------------------+---------+----+-----+-----+-----+
    |              Instance             |             Module             | BRAM_18K| DSP|  FF | LUT | URAM|
    +-----------------------------------+--------------------------------+---------+----+-----+-----+-----+
    |fadd_32ns_32ns_32_5_full_dsp_1_U1  |fadd_32ns_32ns_32_5_full_dsp_1  |        0|   2|  205|  390|    0|
    |fmul_32ns_32ns_32_4_max_dsp_1_U2   |fmul_32ns_32ns_32_4_max_dsp_1   |        0|   3|  143|  321|    0|
    |mul_2ns_9ns_10_1_1_U3              |mul_2ns_9ns_10_1_1              |        0|   0|    0|   51|    0|
    +-----------------------------------+--------------------------------+---------+----+-----+-----+-----+
    |Total                              |                                |        0|   5|  348|  762|    0|
    +-----------------------------------+--------------------------------+---------+----+-----+-----+-----+

    * DSP: 
    +------------------------------------------+---------------------------------------+---------------------+
    |                 Instance                 |                 Module                |      Expression     |
    +------------------------------------------+---------------------------------------+---------------------+
    |ama_addmuladd_10ns_8ns_8ns_8ns_18_4_1_U5  |ama_addmuladd_10ns_8ns_8ns_8ns_18_4_1  |  (i0 + i1) * i2 + i3|
    |mac_muladd_11s_4ns_4ns_14_4_1_U4          |mac_muladd_11s_4ns_4ns_14_4_1          |         i0 * i1 + i2|
    |mac_muladd_14s_4ns_4ns_15_4_1_U6          |mac_muladd_14s_4ns_4ns_15_4_1          |         i0 * i1 + i2|
    +------------------------------------------+---------------------------------------+---------------------+

    * Memory: 
    N/A

    * FIFO: 
    N/A

    * Expression: 
    +-------------------------+----------+----+---+----+------------+------------+
    |      Variable Name      | Operation| DSP| FF| LUT| Bitwidth P0| Bitwidth P1|
    +-------------------------+----------+----+---+----+------------+------------+
    |add_ln17_1_fu_219_p2     |         +|   0|  0|  14|           9|           1|
    |add_ln17_fu_231_p2       |         +|   0|  0|  10|           2|           1|
    |add_ln19_1_fu_397_p2     |         +|   0|  0|  15|           8|           1|
    |add_ln19_fu_273_p2       |         +|   0|  0|  13|           4|           1|
    |add_ln21_fu_417_p2       |         +|   0|  0|  13|           4|           1|
    |add_ln24_fu_384_p2       |         +|   0|  0|  15|           8|           8|
    |add_ln27_fu_263_p2       |         +|   0|  0|  12|          11|          11|
    |empty_fu_292_p2          |         +|   0|  0|  15|           8|           8|
    |p_mid1_fu_335_p2         |         +|   0|  0|  15|           8|           8|
    |and_ln17_fu_326_p2       |       and|   0|  0|   2|           1|           1|
    |icmp_ln17_fu_213_p2      |      icmp|   0|  0|  11|           9|           9|
    |icmp_ln19_fu_237_p2      |      icmp|   0|  0|  11|           8|           7|
    |icmp_ln21_fu_320_p2      |      icmp|   0|  0|   9|           4|           4|
    |or_ln19_fu_366_p2        |        or|   0|  0|   2|           1|           1|
    |select_ln17_1_fu_251_p3  |    select|   0|  0|   2|           1|           2|
    |select_ln17_2_fu_309_p3  |    select|   0|  0|   8|           1|           8|
    |select_ln17_fu_243_p3    |    select|   0|  0|   4|           1|           1|
    |select_ln19_1_fu_352_p3  |    select|   0|  0|   4|           1|           4|
    |select_ln19_2_fu_340_p3  |    select|   0|  0|   8|           1|           8|
    |select_ln19_3_fu_402_p3  |    select|   0|  0|   8|           1|           1|
    |select_ln19_fu_370_p3    |    select|   0|  0|   4|           1|           1|
    |ap_enable_pp0            |       xor|   0|  0|   2|           1|           2|
    |xor_ln17_fu_315_p2       |       xor|   0|  0|   2|           1|           2|
    +-------------------------+----------+----+---+----+------------+------------+
    |Total                    |          |   0|  0| 199|          94|          91|
    +-------------------------+----------+----+---+----+------------+------------+

    * Multiplexer: 
    +----------------------------------------+----+-----------+-----+-----------+
    |                  Name                  | LUT| Input Size| Bits| Total Bits|
    +----------------------------------------+----+-----------+-----+-----------+
    |ap_NS_fsm                               |  31|          6|    1|          6|
    |ap_done_int                             |   9|          2|    1|          2|
    |ap_enable_reg_pp0_iter0                 |   9|          2|    1|          2|
    |ap_enable_reg_pp0_iter1                 |   9|          2|    1|          2|
    |ap_enable_reg_pp0_iter3                 |   9|          2|    1|          2|
    |ap_loop_exit_ready_pp0_iter1_reg        |   9|          2|    1|          2|
    |ap_loop_exit_ready_pp0_iter2_reg        |   9|          2|    1|          2|
    |ap_sig_allocacmp_indvar_flatten21_load  |   9|          2|    9|         18|
    |ap_sig_allocacmp_indvar_flatten_load    |   9|          2|    8|         16|
    |ap_sig_allocacmp_kr_1                   |   9|          2|    4|          8|
    |ap_sig_allocacmp_m_load                 |   9|          2|    2|          4|
    |ap_sig_allocacmp_sum_1_load             |   9|          2|   32|         64|
    |indvar_flatten21_fu_104                 |   9|          2|    9|         18|
    |indvar_flatten_fu_96                    |   9|          2|    8|         16|
    |kc_fu_88                                |   9|          2|    4|          8|
    |kr_fu_92                                |   9|          2|    4|          8|
    |m_fu_100                                |   9|          2|    2|          4|
    |sum_1_fu_84                             |   9|          2|   32|         64|
    +----------------------------------------+----+-----------+-----+-----------+
    |Total                                   | 184|         40|  121|        246|
    +----------------------------------------+----+-----------+-----+-----------+

    * Register: 
    +----------------------------------+----+----+-----+-----------+
    |               Name               | FF | LUT| Bits| Const Bits|
    +----------------------------------+----+----+-----+-----------+
    |add_ln19_reg_572                  |   4|   0|    4|          0|
    |and_ln17_reg_583                  |   1|   0|    1|          0|
    |ap_CS_fsm                         |   5|   0|    5|          0|
    |ap_done_reg                       |   1|   0|    1|          0|
    |ap_enable_reg_pp0_iter0_reg       |   1|   0|    1|          0|
    |ap_enable_reg_pp0_iter1           |   1|   0|    1|          0|
    |ap_enable_reg_pp0_iter2           |   1|   0|    1|          0|
    |ap_enable_reg_pp0_iter3           |   1|   0|    1|          0|
    |ap_loop_exit_ready_pp0_iter1_reg  |   1|   0|    1|          0|
    |ap_loop_exit_ready_pp0_iter2_reg  |   1|   0|    1|          0|
    |icmp_ln17_reg_540                 |   1|   0|    1|          0|
    |icmp_ln19_reg_549                 |   1|   0|    1|          0|
    |indvar_flatten21_fu_104           |   9|   0|    9|          0|
    |indvar_flatten_fu_96              |   8|   0|    8|          0|
    |indvar_flatten_load_reg_544       |   8|   0|    8|          0|
    |input_fm_load_reg_620             |  32|   0|   32|          0|
    |kc_fu_88                          |   4|   0|    4|          0|
    |kc_load_reg_578                   |   4|   0|    4|          0|
    |kr_1_reg_535                      |   4|   0|    4|          0|
    |kr_fu_92                          |   4|   0|    4|          0|
    |m_fu_100                          |   2|   0|    2|          0|
    |mul_reg_645                       |  32|   0|   32|          0|
    |select_ln17_1_reg_562             |   2|   0|    2|          0|
    |select_ln17_reg_557               |   4|   0|    4|          0|
    |select_ln19_reg_594               |   4|   0|    4|          0|
    |sum_1_fu_84                       |  32|   0|   32|          0|
    |sum_reg_655                       |  32|   0|   32|          0|
    |weights_load_reg_630              |  32|   0|   32|          0|
    |icmp_ln17_reg_540                 |  64|  32|    1|          0|
    +----------------------------------+----+----+-----+-----------+
    |Total                             | 296|  32|  233|          0|
    +----------------------------------+----+----+-----+-----------+



================================================================
== Interface
================================================================
* Summary: 
+-------------------+-----+-----+------------+---------------------------------------------------------------+--------------+
|     RTL Ports     | Dir | Bits|  Protocol  |                         Source Object                         |    C Type    |
+-------------------+-----+-----+------------+---------------------------------------------------------------+--------------+
|ap_clk             |   in|    1|  ap_ctrl_hs|  conv_Pipeline_VITIS_LOOP_17_4_VITIS_LOOP_19_5_VITIS_LOOP_21_6|  return value|
|ap_rst             |   in|    1|  ap_ctrl_hs|  conv_Pipeline_VITIS_LOOP_17_4_VITIS_LOOP_19_5_VITIS_LOOP_21_6|  return value|
|ap_start           |   in|    1|  ap_ctrl_hs|  conv_Pipeline_VITIS_LOOP_17_4_VITIS_LOOP_19_5_VITIS_LOOP_21_6|  return value|
|ap_done            |  out|    1|  ap_ctrl_hs|  conv_Pipeline_VITIS_LOOP_17_4_VITIS_LOOP_19_5_VITIS_LOOP_21_6|  return value|
|ap_idle            |  out|    1|  ap_ctrl_hs|  conv_Pipeline_VITIS_LOOP_17_4_VITIS_LOOP_19_5_VITIS_LOOP_21_6|  return value|
|ap_ready           |  out|    1|  ap_ctrl_hs|  conv_Pipeline_VITIS_LOOP_17_4_VITIS_LOOP_19_5_VITIS_LOOP_21_6|  return value|
|bitcast_ln9        |   in|   32|     ap_none|                                                    bitcast_ln9|        scalar|
|select_ln11_2      |   in|    8|     ap_none|                                                  select_ln11_2|        scalar|
|sub_ln27           |   in|   10|     ap_none|                                                       sub_ln27|        scalar|
|weights_address0   |  out|   15|   ap_memory|                                                        weights|         array|
|weights_ce0        |  out|    1|   ap_memory|                                                        weights|         array|
|weights_q0         |   in|   32|   ap_memory|                                                        weights|         array|
|tmp_4              |   in|    8|     ap_none|                                                          tmp_4|        scalar|
|input_fm_address0  |  out|   18|   ap_memory|                                                       input_fm|         array|
|input_fm_ce0       |  out|    1|   ap_memory|                                                       input_fm|         array|
|input_fm_q0        |   in|   32|   ap_memory|                                                       input_fm|         array|
|sum_1_out          |  out|   32|      ap_vld|                                                      sum_1_out|       pointer|
|sum_1_out_ap_vld   |  out|    1|      ap_vld|                                                      sum_1_out|       pointer|
+-------------------+-----+-----+------------+---------------------------------------------------------------+--------------+

