

================================================================
== Vitis HLS Report for 'conv_Pipeline_VITIS_LOOP_27_4_VITIS_LOOP_29_6_VITIS_LOOP_35_8_VITIS_LOOP_36_9'
================================================================
* Date:           Wed Oct  7 15:22:21 2026

* Version:        2022.2 (Build 3670227 on Oct 13 2022)
* Project:        vitis.prj
* Solution:       solution1 (Vivado IP Flow Target)
* Product family: zynq
* Target device:  xc7z020-clg400-1


================================================================
== Performance Estimates
================================================================
+ Timing: 
    * Summary: 
    +--------+----------+----------+------------+
    |  Clock |  Target  | Estimated| Uncertainty|
    +--------+----------+----------+------------+
    |ap_clk  |  10.00 ns|  7.256 ns|     2.70 ns|
    +--------+----------+----------+------------+

+ Latency: 
    * Summary: 
    +-----------+-----------+-----------+-----------+-----------+-----------+---------+
    |    Latency (cycles)   |   Latency (absolute)  |        Interval       | Pipeline|
    |    min    |    max    |    min    |    max    |    min    |    max    |   Type  |
    +-----------+-----------+-----------+-----------+-----------+-----------+---------+
    |  562214412|  562214412|  5.622 sec|  5.622 sec|  562214412|  562214412|       no|
    +-----------+-----------+-----------+-----------+-----------+-----------+---------+

    + Detail: 
        * Instance: 
        N/A

        * Loop: 
        +-------------------------------------------------------------------+-----------+-----------+----------+-----------+-----------+----------+----------+
        |                                                                   |    Latency (cycles)   | Iteration|  Initiation Interval  |   Trip   |          |
        |                             Loop Name                             |    min    |    max    |  Latency |  achieved |   target  |   Count  | Pipelined|
        +-------------------------------------------------------------------+-----------+-----------+----------+-----------+-----------+----------+----------+
        |- VITIS_LOOP_27_4_VITIS_LOOP_29_6_VITIS_LOOP_35_8_VITIS_LOOP_36_9  |  562214410|  562214410|        19|          8|          1|  70276800|       yes|
        +-------------------------------------------------------------------+-----------+-----------+----------+-----------+-----------+----------+----------+



================================================================
== Utilization Estimates
================================================================
* Summary: 
+-----------------+---------+-----+--------+-------+-----+
|       Name      | BRAM_18K| DSP |   FF   |  LUT  | URAM|
+-----------------+---------+-----+--------+-------+-----+
|DSP              |        -|    5|       -|      -|    -|
|Expression       |        -|    -|       0|    693|    -|
|FIFO             |        -|    -|       -|      -|    -|
|Instance         |        -|    5|     348|    744|    -|
|Memory           |        -|    -|       -|      -|    -|
|Multiplexer      |        -|    -|       -|    206|    -|
|Register         |        -|    -|     546|      -|    -|
+-----------------+---------+-----+--------+-------+-----+
|Total            |        0|   10|     894|   1643|    0|
+-----------------+---------+-----+--------+-------+-----+
|Available        |      280|  220|  106400|  53200|    0|
+-----------------+---------+-----+--------+-------+-----+
|Utilization (%)  |        0|    4|      ~0|      3|    0|
+-----------------+---------+-----+--------+-------+-----+

+ Detail: 
    * Instance: 
    +-----------------------------------+--------------------------------+---------+----+-----+-----+-----+
    |              Instance             |             Module             | BRAM_18K| DSP|  FF | LUT | URAM|
    +-----------------------------------+--------------------------------+---------+----+-----+-----+-----+
    |fadd_32ns_32ns_32_5_full_dsp_1_U7  |fadd_32ns_32ns_32_5_full_dsp_1  |        0|   2|  205|  390|    0|
    |fmul_32ns_32ns_32_4_max_dsp_1_U8   |fmul_32ns_32ns_32_4_max_dsp_1   |        0|   3|  143|  321|    0|
    |mul_7ns_7ns_13_1_1_U9              |mul_7ns_7ns_13_1_1              |        0|   0|    0|   33|    0|
    +-----------------------------------+--------------------------------+---------+----+-----+-----+-----+
    |Total                              |                                |        0|   5|  348|  744|    0|
    +-----------------------------------+--------------------------------+---------+----+-----+-----+-----+

    * DSP: 
    +-------------------------------------------+---------------------------------------+---------------------+
    |                  Instance                 |                 Module                |      Expression     |
    +-------------------------------------------+---------------------------------------+---------------------+
    |ama_addmuladd_13ns_6ns_6ns_6ns_18_4_1_U12  |ama_addmuladd_13ns_6ns_6ns_6ns_18_4_1  |  (i0 + i1) * i2 + i3|
    |mac_muladd_11s_4ns_4ns_14_4_1_U11          |mac_muladd_11s_4ns_4ns_14_4_1          |         i0 * i1 + i2|
    |mac_muladd_11s_8ns_9s_18_4_1_U13           |mac_muladd_11s_8ns_9s_18_4_1           |         i0 * i1 + i2|
    |mac_muladd_14s_4ns_4ns_15_4_1_U14          |mac_muladd_14s_4ns_4ns_15_4_1          |         i0 * i1 + i2|
    |mac_muladd_2ns_8ns_9s_11_4_1_U10           |mac_muladd_2ns_8ns_9s_11_4_1           |         i0 * i1 + i2|
    +-------------------------------------------+---------------------------------------+---------------------+

    * Memory: 
    N/A

    * FIFO: 
    N/A

    * Expression: 
    +--------------------------+----------+----+---+----+------------+------------+
    |       Variable Name      | Operation| DSP| FF| LUT| Bitwidth P0| Bitwidth P1|
    +--------------------------+----------+----+---+----+------------+------------+
    |add_ln27_1_fu_289_p2      |         +|   0|  0|  34|          27|           1|
    |add_ln27_fu_301_p2        |         +|   0|  0|  14|           7|           1|
    |add_ln28_1_fu_1038_p2     |         +|   0|  0|  28|          21|           1|
    |add_ln28_fu_345_p2        |         +|   0|  0|  10|           2|           1|
    |add_ln29_1_fu_979_p2      |         +|   0|  0|  26|          19|           1|
    |add_ln29_fu_562_p2        |         +|   0|  0|  15|           8|           3|
    |add_ln30_fu_379_p2        |         +|   0|  0|  15|           8|           4|
    |add_ln31_1_fu_967_p2      |         +|   0|  0|  14|          13|           1|
    |add_ln31_fu_630_p2        |         +|   0|  0|  15|           8|           3|
    |add_ln34_fu_395_p2        |         +|   0|  0|  15|           8|           4|
    |add_ln35_1_fu_1013_p2     |         +|   0|  0|  15|           8|           1|
    |add_ln35_fu_930_p2        |         +|   0|  0|  13|           4|           1|
    |add_ln36_fu_962_p2        |         +|   0|  0|  13|           4|           1|
    |add_ln39_1_fu_893_p2      |         +|   0|  0|  13|           4|           4|
    |add_ln39_fu_902_p2        |         +|   0|  0|  14|           9|           9|
    |add_ln41_fu_512_p2        |         +|   0|  0|  12|          11|          11|
    |empty_fu_421_p2           |         +|   0|  0|  14|           9|           9|
    |p_mid142_fu_812_p2        |         +|   0|  0|  14|           9|           4|
    |p_mid183_fu_769_p2        |         +|   0|  0|  14|           9|           4|
    |p_mid1_fu_855_p2          |         +|   0|  0|  14|           9|           9|
    |tmp_fu_411_p2             |         +|   0|  0|  13|           4|           4|
    |tmp_mid1_fu_846_p2        |         +|   0|  0|  13|           4|           4|
    |sub_ln41_fu_465_p2        |         -|   0|  0|  13|          10|          10|
    |and_ln27_1_fu_481_p2      |       and|   0|  0|   2|           1|           1|
    |and_ln27_2_fu_492_p2      |       and|   0|  0|   2|           1|           1|
    |and_ln27_3_fu_552_p2      |       and|   0|  0|   2|           1|           1|
    |and_ln27_4_fu_339_p2      |       and|   0|  0|   2|           1|           1|
    |and_ln27_fu_739_p2        |       and|   0|  0|   2|           1|           1|
    |and_ln28_1_fu_540_p2      |       and|   0|  0|   2|           1|           1|
    |and_ln28_2_fu_546_p2      |       and|   0|  0|   2|           1|           1|
    |and_ln28_3_fu_556_p2      |       and|   0|  0|   2|           1|           1|
    |and_ln28_fu_749_p2        |       and|   0|  0|   2|           1|           1|
    |and_ln29_1_fu_624_p2      |       and|   0|  0|   2|           1|           1|
    |and_ln29_fu_618_p2        |       and|   0|  0|   2|           1|           1|
    |and_ln31_fu_686_p2        |       and|   0|  0|   2|           1|           1|
    |and_ln40_fu_914_p2        |       and|   0|  0|   2|           1|           1|
    |icmp_ln27_fu_283_p2       |      icmp|   0|  0|  16|          27|          27|
    |icmp_ln28_fu_307_p2       |      icmp|   0|  0|  14|          21|          21|
    |icmp_ln29_fu_333_p2       |      icmp|   0|  0|  13|          19|          19|
    |icmp_ln31_fu_327_p2       |      icmp|   0|  0|  12|          13|          12|
    |icmp_ln35_fu_486_p2       |      icmp|   0|  0|  11|           8|           7|
    |icmp_ln36_fu_475_p2       |      icmp|   0|  0|   9|           4|           4|
    |icmp_ln40_fu_908_p2       |      icmp|   0|  0|  11|           9|           8|
    |or_ln28_1_fu_535_p2       |        or|   0|  0|   2|           1|           1|
    |or_ln28_fu_497_p2         |        or|   0|  0|   2|           1|           1|
    |or_ln29_1_fu_573_p2       |        or|   0|  0|   2|           1|           1|
    |or_ln29_fu_568_p2         |        or|   0|  0|   2|           1|           1|
    |or_ln31_1_fu_642_p2       |        or|   0|  0|   2|           1|           1|
    |or_ln31_2_fu_680_p2       |        or|   0|  0|   2|           1|           1|
    |or_ln31_fu_636_p2         |        or|   0|  0|   2|           1|           1|
    |or_ln35_1_fu_698_p2       |        or|   0|  0|   2|           1|           1|
    |or_ln35_2_fu_704_p2       |        or|   0|  0|   2|           1|           1|
    |or_ln35_fu_692_p2         |        or|   0|  0|   2|           1|           1|
    |select_ln27_1_fu_444_p3   |    select|   0|  0|   7|           1|           7|
    |select_ln27_fu_313_p3     |    select|   0|  0|   2|           1|           1|
    |select_ln28_1_fu_351_p3   |    select|   0|  0|   2|           1|           2|
    |select_ln28_2_fu_522_p3   |    select|   0|  0|   6|           1|           1|
    |select_ln28_3_fu_743_p3   |    select|   0|  0|   9|           1|           2|
    |select_ln28_4_fu_1043_p3  |    select|   0|  0|  21|           1|           1|
    |select_ln28_fu_501_p3     |    select|   0|  0|   8|           1|           3|
    |select_ln29_1_fu_757_p3   |    select|   0|  0|   8|           1|           8|
    |select_ln29_2_fu_596_p3   |    select|   0|  0|   6|           1|           6|
    |select_ln29_3_fu_604_p3   |    select|   0|  0|   6|           1|           1|
    |select_ln29_4_fu_775_p3   |    select|   0|  0|   9|           1|           9|
    |select_ln29_5_fu_796_p3   |    select|   0|  0|   2|           1|           1|
    |select_ln29_6_fu_984_p3   |    select|   0|  0|  19|           1|           1|
    |select_ln29_fu_578_p3     |    select|   0|  0|   8|           1|           3|
    |select_ln31_1_fu_803_p3   |    select|   0|  0|   8|           1|           8|
    |select_ln31_2_fu_666_p3   |    select|   0|  0|   6|           1|           6|
    |select_ln31_3_fu_818_p3   |    select|   0|  0|   9|           1|           9|
    |select_ln31_4_fu_839_p3   |    select|   0|  0|   2|           1|           1|
    |select_ln31_5_fu_972_p3   |    select|   0|  0|  13|           1|           1|
    |select_ln31_fu_648_p3     |    select|   0|  0|   4|           1|           1|
    |select_ln35_1_fu_935_p3   |    select|   0|  0|   4|           1|           4|
    |select_ln35_2_fu_861_p3   |    select|   0|  0|   9|           1|           9|
    |select_ln35_3_fu_886_p3   |    select|   0|  0|   2|           1|           1|
    |select_ln35_4_fu_1018_p3  |    select|   0|  0|   8|           1|           1|
    |select_ln35_fu_709_p3     |    select|   0|  0|   4|           1|           1|
    |ap_enable_pp0             |       xor|   0|  0|   2|           1|           2|
    |rev34_fu_790_p2           |       xor|   0|  0|   2|           1|           2|
    |rev37_fu_833_p2           |       xor|   0|  0|   2|           1|           2|
    |rev40_fu_880_p2           |       xor|   0|  0|   2|           1|           2|
    |rev_fu_435_p2             |       xor|   0|  0|   2|           1|           2|
    |xor_ln27_fu_321_p2        |       xor|   0|  0|   2|           1|           2|
    |xor_ln28_fu_530_p2        |       xor|   0|  0|   2|           1|           2|
    |xor_ln29_fu_612_p2        |       xor|   0|  0|   2|           2|           1|
    |xor_ln31_fu_674_p2        |       xor|   0|  0|   2|           2|           1|
    +--------------------------+----------+----+---+----+------------+------------+
    |Total                     |          |   0|  0| 693|         375|         316|
    +--------------------------+----------+----+---+----+------------+------------+

    * Multiplexer: 
    +----------------------------------+----+-----------+-----+-----------+
    |               Name               | LUT| Input Size| Bits| Total Bits|
    +----------------------------------+----+-----------+-----+-----------+
    |a_fu_138                          |   9|          2|    8|         16|
    |ap_NS_fsm                         |  48|          9|    1|          9|
    |ap_done_int                       |   9|          2|    1|          2|
    |ap_enable_reg_pp0_iter0           |   9|          2|    1|          2|
    |ap_enable_reg_pp0_iter1           |   9|          2|    1|          2|
    |ap_enable_reg_pp0_iter2           |   9|          2|    1|          2|
    |ap_loop_exit_ready_pp0_iter1_reg  |   9|          2|    1|          2|
    |f_fu_162                          |   9|          2|    7|         14|
    |i_fu_146                          |   9|          2|    8|         16|
    |indvar_flatten153_fu_158          |   9|          2|   21|         42|
    |indvar_flatten21_fu_134           |   9|          2|    8|         16|
    |indvar_flatten221_fu_166          |   9|          2|   27|         54|
    |indvar_flatten50_fu_142           |   9|          2|   13|         26|
    |indvar_flatten95_fu_150           |   9|          2|   19|         38|
    |j_fu_130                          |   9|          2|    4|          8|
    |k_fu_126                          |   9|          2|    4|          8|
    |m_fu_154                          |   9|          2|    2|          4|
    |output_fm_address0                |  14|          3|   18|         54|
    +----------------------------------+----+-----------+-----+-----------+
    |Total                             | 206|         44|  145|        315|
    +----------------------------------+----+-----------+-----+-----------+

    * Register: 
    +---------------------------------------+----+----+-----+-----------+
    |                  Name                 | FF | LUT| Bits| Const Bits|
    +---------------------------------------+----+----+-----+-----------+
    |a_fu_138                               |   8|   0|    8|          0|
    |add_ln27_1_reg_1213                    |  27|   0|   27|          0|
    |add_ln27_reg_1223                      |   7|   0|    7|          0|
    |add_ln29_reg_1321                      |   8|   0|    8|          0|
    |add_ln31_reg_1349                      |   8|   0|    8|          0|
    |add_ln39_reg_1390                      |   9|   0|    9|          0|
    |add_ln41_2_reg_1419                    |  18|   0|   18|          0|
    |add_reg_1484                           |  32|   0|   32|          0|
    |and_ln27_4_reg_1256                    |   1|   0|    1|          0|
    |and_ln28_3_reg_1314                    |   1|   0|    1|          0|
    |and_ln29_1_reg_1342                    |   1|   0|    1|          0|
    |and_ln31_reg_1371                      |   1|   0|    1|          0|
    |and_ln40_reg_1395                      |   1|   0|    1|          0|
    |and_ln40_reg_1395_pp0_iter1_reg        |   1|   0|    1|          0|
    |ap_CS_fsm                              |   8|   0|    8|          0|
    |ap_done_reg                            |   1|   0|    1|          0|
    |ap_enable_reg_pp0_iter0_reg            |   1|   0|    1|          0|
    |ap_enable_reg_pp0_iter1                |   1|   0|    1|          0|
    |ap_enable_reg_pp0_iter2                |   1|   0|    1|          0|
    |ap_loop_exit_ready_pp0_iter1_reg       |   1|   0|    1|          0|
    |empty_reg_1278                         |   9|   0|    9|          0|
    |f_fu_162                               |   7|   0|    7|          0|
    |f_load_reg_1218                        |   7|   0|    7|          0|
    |i_fu_146                               |   8|   0|    8|          0|
    |icmp_ln27_reg_1209                     |   1|   0|    1|          0|
    |icmp_ln27_reg_1209_pp0_iter1_reg       |   1|   0|    1|          0|
    |icmp_ln28_reg_1228                     |   1|   0|    1|          0|
    |icmp_ln29_reg_1251                     |   1|   0|    1|          0|
    |icmp_ln31_reg_1246                     |   1|   0|    1|          0|
    |indvar_flatten153_fu_158               |  21|   0|   21|          0|
    |indvar_flatten153_load_reg_1204        |  21|   0|   21|          0|
    |indvar_flatten21_fu_134                |   8|   0|    8|          0|
    |indvar_flatten21_load_reg_1273         |   8|   0|    8|          0|
    |indvar_flatten221_fu_166               |  27|   0|   27|          0|
    |indvar_flatten50_fu_142                |  13|   0|   13|          0|
    |indvar_flatten50_load_reg_1194         |  13|   0|   13|          0|
    |indvar_flatten95_fu_150                |  19|   0|   19|          0|
    |indvar_flatten95_load_reg_1199         |  19|   0|   19|          0|
    |input_fm_load_reg_1449                 |  32|   0|   32|          0|
    |j_fu_130                               |   4|   0|    4|          0|
    |k_fu_126                               |   4|   0|    4|          0|
    |m_fu_154                               |   2|   0|    2|          0|
    |mul_reg_1469                           |  32|   0|   32|          0|
    |or_ln28_1_reg_1309                     |   1|   0|    1|          0|
    |or_ln28_reg_1293                       |   1|   0|    1|          0|
    |or_ln29_1_reg_1327                     |   1|   0|    1|          0|
    |or_ln31_1_reg_1354                     |   1|   0|    1|          0|
    |output_fm_addr_reg_1439                |  18|   0|   18|          0|
    |output_fm_addr_reg_1439_pp0_iter2_reg  |  18|   0|   18|          0|
    |output_fm_load_reg_1474                |  32|   0|   32|          0|
    |rev_reg_1283                           |   1|   0|    1|          0|
    |select_ln27_1_reg_1288                 |   7|   0|    7|          0|
    |select_ln28_1_reg_1262                 |   2|   0|    2|          0|
    |select_ln28_reg_1299                   |   8|   0|    8|          0|
    |select_ln29_2_reg_1337                 |   6|   0|    6|          0|
    |select_ln29_reg_1332                   |   8|   0|    8|          0|
    |select_ln31_2_reg_1366                 |   6|   0|    6|          0|
    |select_ln31_reg_1359                   |   4|   0|    4|          0|
    |select_ln35_reg_1378                   |   4|   0|    4|          0|
    |weights_load_reg_1454                  |  32|   0|   32|          0|
    |xor_ln27_reg_1238                      |   1|   0|    1|          0|
    +---------------------------------------+----+----+-----+-----------+
    |Total                                  | 546|   0|  546|          0|
    +---------------------------------------+----+----+-----+-----------+



================================================================
== Interface
================================================================
* Summary: 
+--------------------+-----+-----+------------+-------------------------------------------------------------------------------+--------------+
|      RTL Ports     | Dir | Bits|  Protocol  |                                 Source Object                                 |    C Type    |
+--------------------+-----+-----+------------+-------------------------------------------------------------------------------+--------------+
|ap_clk              |   in|    1|  ap_ctrl_hs|  conv_Pipeline_VITIS_LOOP_27_4_VITIS_LOOP_29_6_VITIS_LOOP_35_8_VITIS_LOOP_36_9|  return value|
|ap_rst              |   in|    1|  ap_ctrl_hs|  conv_Pipeline_VITIS_LOOP_27_4_VITIS_LOOP_29_6_VITIS_LOOP_35_8_VITIS_LOOP_36_9|  return value|
|ap_start            |   in|    1|  ap_ctrl_hs|  conv_Pipeline_VITIS_LOOP_27_4_VITIS_LOOP_29_6_VITIS_LOOP_35_8_VITIS_LOOP_36_9|  return value|
|ap_done             |  out|    1|  ap_ctrl_hs|  conv_Pipeline_VITIS_LOOP_27_4_VITIS_LOOP_29_6_VITIS_LOOP_35_8_VITIS_LOOP_36_9|  return value|
|ap_idle             |  out|    1|  ap_ctrl_hs|  conv_Pipeline_VITIS_LOOP_27_4_VITIS_LOOP_29_6_VITIS_LOOP_35_8_VITIS_LOOP_36_9|  return value|
|ap_ready            |  out|    1|  ap_ctrl_hs|  conv_Pipeline_VITIS_LOOP_27_4_VITIS_LOOP_29_6_VITIS_LOOP_35_8_VITIS_LOOP_36_9|  return value|
|output_fm_address0  |  out|   18|   ap_memory|                                                                      output_fm|         array|
|output_fm_ce0       |  out|    1|   ap_memory|                                                                      output_fm|         array|
|output_fm_we0       |  out|    1|   ap_memory|                                                                      output_fm|         array|
|output_fm_d0        |  out|   32|   ap_memory|                                                                      output_fm|         array|
|output_fm_q0        |   in|   32|   ap_memory|                                                                      output_fm|         array|
|weights_address0    |  out|   15|   ap_memory|                                                                        weights|         array|
|weights_ce0         |  out|    1|   ap_memory|                                                                        weights|         array|
|weights_q0          |   in|   32|   ap_memory|                                                                        weights|         array|
|input_fm_address0   |  out|   18|   ap_memory|                                                                       input_fm|         array|
|input_fm_ce0        |  out|    1|   ap_memory|                                                                       input_fm|         array|
|input_fm_q0         |   in|   32|   ap_memory|                                                                       input_fm|         array|
+--------------------+-----+-----+------------+-------------------------------------------------------------------------------+--------------+

