

================================================================
== Vitis HLS Report for 'conv_Pipeline_VITIS_LOOP_48_8'
================================================================
* Date:           Wed Oct  7 01:14:40 2026

* Version:        2022.2 (Build 3670227 on Oct 13 2022)
* Project:        vitis.prj
* Solution:       solution1 (Vivado IP Flow Target)
* Product family: zynq
* Target device:  xc7z020-clg400-1


================================================================
== Performance Estimates
================================================================
+ Timing: 
    * Summary: 
    +--------+----------+----------+------------+
    |  Clock |  Target  | Estimated| Uncertainty|
    +--------+----------+----------+------------+
    |ap_clk  |  10.00 ns|  8.280 ns|     2.70 ns|
    +--------+----------+----------+------------+

+ Latency: 
    * Summary: 
    +---------+---------+----------+----------+-----+-----+---------+
    |  Latency (cycles) |  Latency (absolute) |  Interval | Pipeline|
    |   min   |   max   |    min   |    max   | min | max |   Type  |
    +---------+---------+----------+----------+-----+-----+---------+
    |      617|      617|  6.170 us|  6.170 us|  617|  617|       no|
    +---------+---------+----------+----------+-----+-----+---------+

    + Detail: 
        * Instance: 
        N/A

        * Loop: 
        +-------------------+---------+---------+----------+-----------+-----------+------+----------+
        |                   |  Latency (cycles) | Iteration|  Initiation Interval  | Trip |          |
        |     Loop Name     |   min   |   max   |  Latency |  achieved |   target  | Count| Pipelined|
        +-------------------+---------+---------+----------+-----------+-----------+------+----------+
        |- VITIS_LOOP_48_8  |      615|      615|        66|         55|          1|    11|       yes|
        +-------------------+---------+---------+----------+-----------+-----------+------+----------+



================================================================
== Utilization Estimates
================================================================
* Summary: 
+-----------------+---------+-----+--------+-------+-----+
|       Name      | BRAM_18K| DSP |   FF   |  LUT  | URAM|
+-----------------+---------+-----+--------+-------+-----+
|DSP              |        -|    1|       -|      -|    -|
|Expression       |        -|    -|       0|    260|    -|
|FIFO             |        -|    -|       -|      -|    -|
|Instance         |        -|    5|     348|   1360|    -|
|Memory           |        -|    -|       -|      -|    -|
|Multiplexer      |        -|    -|       -|   1258|    -|
|Register         |        -|    -|    1333|      -|    -|
+-----------------+---------+-----+--------+-------+-----+
|Total            |        0|    6|    1681|   2878|    0|
+-----------------+---------+-----+--------+-------+-----+
|Available        |      280|  220|  106400|  53200|    0|
+-----------------+---------+-----+--------+-------+-----+
|Utilization (%)  |        0|    2|       1|      5|    0|
+-----------------+---------+-----+--------+-------+-----+

+ Detail: 
    * Instance: 
    +-----------------------------------+--------------------------------+---------+----+-----+-----+-----+
    |              Instance             |             Module             | BRAM_18K| DSP|  FF | LUT | URAM|
    +-----------------------------------+--------------------------------+---------+----+-----+-----+-----+
    |fadd_32ns_32ns_32_5_full_dsp_1_U7  |fadd_32ns_32ns_32_5_full_dsp_1  |        0|   2|  205|  390|    0|
    |fmul_32ns_32ns_32_4_max_dsp_1_U8   |fmul_32ns_32ns_32_4_max_dsp_1   |        0|   3|  143|  321|    0|
    |mux_114_32_1_1_U9                  |mux_114_32_1_1                  |        0|   0|    0|   59|    0|
    |mux_114_32_1_1_U10                 |mux_114_32_1_1                  |        0|   0|    0|   59|    0|
    |mux_114_32_1_1_U11                 |mux_114_32_1_1                  |        0|   0|    0|   59|    0|
    |mux_114_32_1_1_U12                 |mux_114_32_1_1                  |        0|   0|    0|   59|    0|
    |mux_114_32_1_1_U13                 |mux_114_32_1_1                  |        0|   0|    0|   59|    0|
    |mux_114_32_1_1_U14                 |mux_114_32_1_1                  |        0|   0|    0|   59|    0|
    |mux_114_32_1_1_U15                 |mux_114_32_1_1                  |        0|   0|    0|   59|    0|
    |mux_114_32_1_1_U16                 |mux_114_32_1_1                  |        0|   0|    0|   59|    0|
    |mux_114_32_1_1_U17                 |mux_114_32_1_1                  |        0|   0|    0|   59|    0|
    |mux_114_32_1_1_U18                 |mux_114_32_1_1                  |        0|   0|    0|   59|    0|
    |mux_114_32_1_1_U19                 |mux_114_32_1_1                  |        0|   0|    0|   59|    0|
    +-----------------------------------+--------------------------------+---------+----+-----+-----+-----+
    |Total                              |                                |        0|   5|  348| 1360|    0|
    +-----------------------------------+--------------------------------+---------+----+-----+-----+-----+

    * DSP: 
    +-----------------------------+-------------------------+-----------+
    |           Instance          |          Module         | Expression|
    +-----------------------------+-------------------------+-----------+
    |mul_mul_10ns_5ns_14_4_1_U20  |mul_mul_10ns_5ns_14_4_1  |    i0 * i1|
    +-----------------------------+-------------------------+-----------+

    * Memory: 
    N/A

    * FIFO: 
    N/A

    * Expression: 
    +------------------------+----------+----+---+----+------------+------------+
    |      Variable Name     | Operation| DSP| FF| LUT| Bitwidth P0| Bitwidth P1|
    +------------------------+----------+----+---+----+------------+------------+
    |add_ln48_fu_1631_p2     |         +|   0|  0|  13|           4|           1|
    |add_ln52_11_fu_1960_p2  |         +|   0|  0|  17|          14|          14|
    |add_ln52_12_fu_1964_p2  |         +|   0|  0|  17|          14|          14|
    |add_ln52_1_fu_1692_p2   |         +|   0|  0|  17|          14|          14|
    |add_ln52_2_fu_1711_p2   |         +|   0|  0|  17|          14|          14|
    |add_ln52_3_fu_1730_p2   |         +|   0|  0|  17|          14|          14|
    |add_ln52_4_fu_1749_p2   |         +|   0|  0|  17|          14|          14|
    |add_ln52_5_fu_1910_p2   |         +|   0|  0|  17|          14|          14|
    |add_ln52_6_fu_1929_p2   |         +|   0|  0|  17|          14|          14|
    |add_ln52_7_fu_1948_p2   |         +|   0|  0|  17|          14|          14|
    |add_ln52_8_fu_1952_p2   |         +|   0|  0|  17|          14|          14|
    |add_ln52_9_fu_1956_p2   |         +|   0|  0|  17|          14|          14|
    |add_ln52_fu_1676_p2     |         +|   0|  0|  13|          10|          10|
    |empty_16_fu_1641_p2     |         +|   0|  0|  12|          12|          12|
    |empty_17_fu_1666_p2     |         +|   0|  0|  15|           8|           8|
    |icmp_ln48_fu_1625_p2    |      icmp|   0|  0|   9|           4|           4|
    |ifzero_fu_1686_p2       |      icmp|   0|  0|   9|           4|           4|
    |ap_enable_pp0           |       xor|   0|  0|   2|           1|           2|
    +------------------------+----------+----+---+----+------------+------------+
    |Total                   |          |   0|  0| 260|         197|         195|
    +------------------------+----------+----+---+----+------------+------------+

    * Multiplexer: 
    +-------------------------------------+-----+-----------+-----+-----------+
    |                 Name                | LUT | Input Size| Bits| Total Bits|
    +-------------------------------------+-----+-----------+-----+-----------+
    |add62_lcssa27_fu_148                 |    9|          2|   32|         64|
    |ap_NS_fsm                            |  241|         56|    1|         56|
    |ap_done_int                          |    9|          2|    1|          2|
    |ap_enable_reg_pp0_iter0              |    9|          2|    1|          2|
    |ap_enable_reg_pp0_iter0_reg          |    9|          2|    1|          2|
    |ap_enable_reg_pp0_iter1              |    9|          2|    1|          2|
    |ap_sig_allocacmp_add62_lcssa27_load  |    9|          2|   32|         64|
    |ap_sig_allocacmp_j_1                 |    9|          2|    4|          8|
    |grp_fu_1540_p0                       |   14|          3|   32|         96|
    |grp_fu_1540_p1                       |   53|         10|   32|        320|
    |grp_fu_1544_p0                       |   65|         12|   32|        384|
    |grp_fu_1544_p1                       |   65|         12|   32|        384|
    |input_fm_0_address0                  |   37|          7|   14|         98|
    |input_fm_0_address1                  |   31|          6|   14|         84|
    |input_fm_10_address0                 |   37|          7|   14|         98|
    |input_fm_10_address1                 |   31|          6|   14|         84|
    |input_fm_1_address0                  |   37|          7|   14|         98|
    |input_fm_1_address1                  |   31|          6|   14|         84|
    |input_fm_2_address0                  |   37|          7|   14|         98|
    |input_fm_2_address1                  |   31|          6|   14|         84|
    |input_fm_3_address0                  |   37|          7|   14|         98|
    |input_fm_3_address1                  |   31|          6|   14|         84|
    |input_fm_4_address0                  |   37|          7|   14|         98|
    |input_fm_4_address1                  |   31|          6|   14|         84|
    |input_fm_5_address0                  |   37|          7|   14|         98|
    |input_fm_5_address1                  |   31|          6|   14|         84|
    |input_fm_6_address0                  |   37|          7|   14|         98|
    |input_fm_6_address1                  |   31|          6|   14|         84|
    |input_fm_7_address0                  |   37|          7|   14|         98|
    |input_fm_7_address1                  |   31|          6|   14|         84|
    |input_fm_8_address0                  |   37|          7|   14|         98|
    |input_fm_8_address1                  |   31|          6|   14|         84|
    |input_fm_9_address0                  |   37|          7|   14|         98|
    |input_fm_9_address1                  |   31|          6|   14|         84|
    |j_fu_152                             |    9|          2|    4|          8|
    +-------------------------------------+-----+-----------+-----+-----------+
    |Total                                | 1258|        252|  513|       3394|
    +-------------------------------------+-----+-----------+-----+-----------+

    * Register: 
    +---------------------------------------+----+----+-----+-----------+
    |                  Name                 | FF | LUT| Bits| Const Bits|
    +---------------------------------------+----+----+-----+-----------+
    |add62_lcssa27_fu_148                   |  32|   0|   32|          0|
    |add_ln48_reg_2878                      |   4|   0|    4|          0|
    |add_ln52_11_reg_3272                   |  14|   0|   14|          0|
    |add_ln52_12_reg_3277                   |  14|   0|   14|          0|
    |add_ln52_7_reg_3257                    |  14|   0|   14|          0|
    |add_ln52_8_reg_3262                    |  14|   0|   14|          0|
    |add_ln52_9_reg_3267                    |  14|   0|   14|          0|
    |ap_CS_fsm                              |  55|   0|   55|          0|
    |ap_done_reg                            |   1|   0|    1|          0|
    |ap_enable_reg_pp0_iter0_reg            |   1|   0|    1|          0|
    |ap_enable_reg_pp0_iter1                |   1|   0|    1|          0|
    |icmp_ln48_reg_2874                     |   1|   0|    1|          0|
    |ifzero_reg_2943                        |   1|   0|    1|          0|
    |ifzero_reg_2943_pp0_iter1_reg          |   1|   0|    1|          0|
    |j_fu_152                               |   4|   0|    4|          0|
    |mul_2_reg_3737                         |  32|   0|   32|          0|
    |mul_3_reg_3747                         |  32|   0|   32|          0|
    |mul_4_reg_3757                         |  32|   0|   32|          0|
    |mul_6_reg_3772                         |  32|   0|   32|          0|
    |mul_7_reg_3782                         |  32|   0|   32|          0|
    |mul_8_reg_3787                         |  32|   0|   32|          0|
    |mul_9_reg_3792                         |  32|   0|   32|          0|
    |mul_ln52_reg_3002                      |  14|   0|   14|          0|
    |output_fm_addr_reg_2869                |  18|   0|   18|          0|
    |output_fm_addr_reg_2869_pp0_iter1_reg  |  18|   0|   18|          0|
    |reg_1548                               |  32|   0|   32|          0|
    |reg_1553                               |  32|   0|   32|          0|
    |reg_1558                               |  32|   0|   32|          0|
    |tmp_1_1_reg_3242                       |  32|   0|   32|          0|
    |tmp_1_2_reg_3387                       |  32|   0|   32|          0|
    |tmp_1_3_reg_3392                       |  32|   0|   32|          0|
    |tmp_1_4_reg_3512                       |  32|   0|   32|          0|
    |tmp_1_5_reg_3517                       |  32|   0|   32|          0|
    |tmp_1_6_reg_3637                       |  32|   0|   32|          0|
    |tmp_1_7_reg_3642                       |  32|   0|   32|          0|
    |tmp_1_8_reg_3707                       |  32|   0|   32|          0|
    |tmp_1_9_reg_3712                       |  32|   0|   32|          0|
    |tmp_1_reg_3237                         |  32|   0|   32|          0|
    |tmp_1_s_reg_3727                       |  32|   0|   32|          0|
    |weights_0_load_reg_2947                |  32|   0|   32|          0|
    |weights_10_load_reg_2997               |  32|   0|   32|          0|
    |weights_1_load_reg_2952                |  32|   0|   32|          0|
    |weights_2_load_reg_2957                |  32|   0|   32|          0|
    |weights_3_load_reg_2962                |  32|   0|   32|          0|
    |weights_4_load_reg_2967                |  32|   0|   32|          0|
    |weights_5_load_reg_2972                |  32|   0|   32|          0|
    |weights_6_load_reg_2977                |  32|   0|   32|          0|
    |weights_7_load_reg_2982                |  32|   0|   32|          0|
    |weights_8_load_reg_2987                |  32|   0|   32|          0|
    |weights_9_load_reg_2992                |  32|   0|   32|          0|
    |zext_ln52_10_cast_reg_2819             |   8|   0|   14|          6|
    |zext_ln52_11_cast_reg_2814             |   8|   0|   14|          6|
    |zext_ln52_1_cast_reg_2864              |   8|   0|   14|          6|
    |zext_ln52_2_cast_reg_2859              |   8|   0|   14|          6|
    |zext_ln52_3_cast_reg_2854              |   8|   0|   14|          6|
    |zext_ln52_4_cast_reg_2849              |   8|   0|   14|          6|
    |zext_ln52_5_cast_reg_2844              |   8|   0|   14|          6|
    |zext_ln52_6_cast_reg_2839              |   8|   0|   14|          6|
    |zext_ln52_7_cast_reg_2834              |   8|   0|   14|          6|
    |zext_ln52_8_cast_reg_2829              |   8|   0|   14|          6|
    |zext_ln52_9_cast_reg_2824              |   8|   0|   14|          6|
    +---------------------------------------+----+----+-----+-----------+
    |Total                                  |1333|   0| 1399|         66|
    +---------------------------------------+----+----+-----+-----------+



================================================================
== Interface
================================================================
* Summary: 
+----------------------+-----+-----+------------+-------------------------------+--------------+
|       RTL Ports      | Dir | Bits|  Protocol  |         Source Object         |    C Type    |
+----------------------+-----+-----+------------+-------------------------------+--------------+
|ap_clk                |   in|    1|  ap_ctrl_hs|  conv_Pipeline_VITIS_LOOP_48_8|  return value|
|ap_rst                |   in|    1|  ap_ctrl_hs|  conv_Pipeline_VITIS_LOOP_48_8|  return value|
|ap_start              |   in|    1|  ap_ctrl_hs|  conv_Pipeline_VITIS_LOOP_48_8|  return value|
|ap_done               |  out|    1|  ap_ctrl_hs|  conv_Pipeline_VITIS_LOOP_48_8|  return value|
|ap_idle               |  out|    1|  ap_ctrl_hs|  conv_Pipeline_VITIS_LOOP_48_8|  return value|
|ap_ready              |  out|    1|  ap_ctrl_hs|  conv_Pipeline_VITIS_LOOP_48_8|  return value|
|bitcast_ln52          |   in|   32|     ap_none|                   bitcast_ln52|        scalar|
|output_fm_address0    |  out|   18|   ap_memory|                      output_fm|         array|
|output_fm_ce0         |  out|    1|   ap_memory|                      output_fm|         array|
|output_fm_we0         |  out|    1|   ap_memory|                      output_fm|         array|
|output_fm_d0          |  out|   32|   ap_memory|                      output_fm|         array|
|add_ln52_10           |   in|   18|     ap_none|                    add_ln52_10|        scalar|
|empty                 |   in|   12|     ap_none|                          empty|        scalar|
|weights_0_address0    |  out|   12|   ap_memory|                      weights_0|         array|
|weights_0_ce0         |  out|    1|   ap_memory|                      weights_0|         array|
|weights_0_q0          |   in|   32|   ap_memory|                      weights_0|         array|
|weights_1_address0    |  out|   12|   ap_memory|                      weights_1|         array|
|weights_1_ce0         |  out|    1|   ap_memory|                      weights_1|         array|
|weights_1_q0          |   in|   32|   ap_memory|                      weights_1|         array|
|weights_2_address0    |  out|   12|   ap_memory|                      weights_2|         array|
|weights_2_ce0         |  out|    1|   ap_memory|                      weights_2|         array|
|weights_2_q0          |   in|   32|   ap_memory|                      weights_2|         array|
|weights_3_address0    |  out|   12|   ap_memory|                      weights_3|         array|
|weights_3_ce0         |  out|    1|   ap_memory|                      weights_3|         array|
|weights_3_q0          |   in|   32|   ap_memory|                      weights_3|         array|
|weights_4_address0    |  out|   12|   ap_memory|                      weights_4|         array|
|weights_4_ce0         |  out|    1|   ap_memory|                      weights_4|         array|
|weights_4_q0          |   in|   32|   ap_memory|                      weights_4|         array|
|weights_5_address0    |  out|   12|   ap_memory|                      weights_5|         array|
|weights_5_ce0         |  out|    1|   ap_memory|                      weights_5|         array|
|weights_5_q0          |   in|   32|   ap_memory|                      weights_5|         array|
|weights_6_address0    |  out|   12|   ap_memory|                      weights_6|         array|
|weights_6_ce0         |  out|    1|   ap_memory|                      weights_6|         array|
|weights_6_q0          |   in|   32|   ap_memory|                      weights_6|         array|
|weights_7_address0    |  out|   12|   ap_memory|                      weights_7|         array|
|weights_7_ce0         |  out|    1|   ap_memory|                      weights_7|         array|
|weights_7_q0          |   in|   32|   ap_memory|                      weights_7|         array|
|weights_8_address0    |  out|   12|   ap_memory|                      weights_8|         array|
|weights_8_ce0         |  out|    1|   ap_memory|                      weights_8|         array|
|weights_8_q0          |   in|   32|   ap_memory|                      weights_8|         array|
|weights_9_address0    |  out|   12|   ap_memory|                      weights_9|         array|
|weights_9_ce0         |  out|    1|   ap_memory|                      weights_9|         array|
|weights_9_q0          |   in|   32|   ap_memory|                      weights_9|         array|
|weights_10_address0   |  out|   12|   ap_memory|                     weights_10|         array|
|weights_10_ce0        |  out|    1|   ap_memory|                     weights_10|         array|
|weights_10_q0         |   in|   32|   ap_memory|                     weights_10|         array|
|select_ln39_1         |   in|    8|     ap_none|                  select_ln39_1|        scalar|
|mul_ln52_1            |   in|   10|     ap_none|                     mul_ln52_1|        scalar|
|zext_ln52_1           |   in|    8|     ap_none|                    zext_ln52_1|        scalar|
|input_fm_0_address0   |  out|   14|   ap_memory|                     input_fm_0|         array|
|input_fm_0_ce0        |  out|    1|   ap_memory|                     input_fm_0|         array|
|input_fm_0_q0         |   in|   32|   ap_memory|                     input_fm_0|         array|
|input_fm_0_address1   |  out|   14|   ap_memory|                     input_fm_0|         array|
|input_fm_0_ce1        |  out|    1|   ap_memory|                     input_fm_0|         array|
|input_fm_0_q1         |   in|   32|   ap_memory|                     input_fm_0|         array|
|zext_ln52_2           |   in|    8|     ap_none|                    zext_ln52_2|        scalar|
|zext_ln52_3           |   in|    8|     ap_none|                    zext_ln52_3|        scalar|
|zext_ln52_4           |   in|    8|     ap_none|                    zext_ln52_4|        scalar|
|zext_ln52_5           |   in|    8|     ap_none|                    zext_ln52_5|        scalar|
|zext_ln52_6           |   in|    8|     ap_none|                    zext_ln52_6|        scalar|
|zext_ln52_7           |   in|    8|     ap_none|                    zext_ln52_7|        scalar|
|zext_ln52_8           |   in|    8|     ap_none|                    zext_ln52_8|        scalar|
|zext_ln52_9           |   in|    8|     ap_none|                    zext_ln52_9|        scalar|
|zext_ln52_10          |   in|    8|     ap_none|                   zext_ln52_10|        scalar|
|zext_ln52_11          |   in|    8|     ap_none|                   zext_ln52_11|        scalar|
|input_fm_1_address0   |  out|   14|   ap_memory|                     input_fm_1|         array|
|input_fm_1_ce0        |  out|    1|   ap_memory|                     input_fm_1|         array|
|input_fm_1_q0         |   in|   32|   ap_memory|                     input_fm_1|         array|
|input_fm_1_address1   |  out|   14|   ap_memory|                     input_fm_1|         array|
|input_fm_1_ce1        |  out|    1|   ap_memory|                     input_fm_1|         array|
|input_fm_1_q1         |   in|   32|   ap_memory|                     input_fm_1|         array|
|input_fm_2_address0   |  out|   14|   ap_memory|                     input_fm_2|         array|
|input_fm_2_ce0        |  out|    1|   ap_memory|                     input_fm_2|         array|
|input_fm_2_q0         |   in|   32|   ap_memory|                     input_fm_2|         array|
|input_fm_2_address1   |  out|   14|   ap_memory|                     input_fm_2|         array|
|input_fm_2_ce1        |  out|    1|   ap_memory|                     input_fm_2|         array|
|input_fm_2_q1         |   in|   32|   ap_memory|                     input_fm_2|         array|
|input_fm_3_address0   |  out|   14|   ap_memory|                     input_fm_3|         array|
|input_fm_3_ce0        |  out|    1|   ap_memory|                     input_fm_3|         array|
|input_fm_3_q0         |   in|   32|   ap_memory|                     input_fm_3|         array|
|input_fm_3_address1   |  out|   14|   ap_memory|                     input_fm_3|         array|
|input_fm_3_ce1        |  out|    1|   ap_memory|                     input_fm_3|         array|
|input_fm_3_q1         |   in|   32|   ap_memory|                     input_fm_3|         array|
|input_fm_4_address0   |  out|   14|   ap_memory|                     input_fm_4|         array|
|input_fm_4_ce0        |  out|    1|   ap_memory|                     input_fm_4|         array|
|input_fm_4_q0         |   in|   32|   ap_memory|                     input_fm_4|         array|
|input_fm_4_address1   |  out|   14|   ap_memory|                     input_fm_4|         array|
|input_fm_4_ce1        |  out|    1|   ap_memory|                     input_fm_4|         array|
|input_fm_4_q1         |   in|   32|   ap_memory|                     input_fm_4|         array|
|input_fm_5_address0   |  out|   14|   ap_memory|                     input_fm_5|         array|
|input_fm_5_ce0        |  out|    1|   ap_memory|                     input_fm_5|         array|
|input_fm_5_q0         |   in|   32|   ap_memory|                     input_fm_5|         array|
|input_fm_5_address1   |  out|   14|   ap_memory|                     input_fm_5|         array|
|input_fm_5_ce1        |  out|    1|   ap_memory|                     input_fm_5|         array|
|input_fm_5_q1         |   in|   32|   ap_memory|                     input_fm_5|         array|
|input_fm_6_address0   |  out|   14|   ap_memory|                     input_fm_6|         array|
|input_fm_6_ce0        |  out|    1|   ap_memory|                     input_fm_6|         array|
|input_fm_6_q0         |   in|   32|   ap_memory|                     input_fm_6|         array|
|input_fm_6_address1   |  out|   14|   ap_memory|                     input_fm_6|         array|
|input_fm_6_ce1        |  out|    1|   ap_memory|                     input_fm_6|         array|
|input_fm_6_q1         |   in|   32|   ap_memory|                     input_fm_6|         array|
|input_fm_7_address0   |  out|   14|   ap_memory|                     input_fm_7|         array|
|input_fm_7_ce0        |  out|    1|   ap_memory|                     input_fm_7|         array|
|input_fm_7_q0         |   in|   32|   ap_memory|                     input_fm_7|         array|
|input_fm_7_address1   |  out|   14|   ap_memory|                     input_fm_7|         array|
|input_fm_7_ce1        |  out|    1|   ap_memory|                     input_fm_7|         array|
|input_fm_7_q1         |   in|   32|   ap_memory|                     input_fm_7|         array|
|input_fm_8_address0   |  out|   14|   ap_memory|                     input_fm_8|         array|
|input_fm_8_ce0        |  out|    1|   ap_memory|                     input_fm_8|         array|
|input_fm_8_q0         |   in|   32|   ap_memory|                     input_fm_8|         array|
|input_fm_8_address1   |  out|   14|   ap_memory|                     input_fm_8|         array|
|input_fm_8_ce1        |  out|    1|   ap_memory|                     input_fm_8|         array|
|input_fm_8_q1         |   in|   32|   ap_memory|                     input_fm_8|         array|
|input_fm_9_address0   |  out|   14|   ap_memory|                     input_fm_9|         array|
|input_fm_9_ce0        |  out|    1|   ap_memory|                     input_fm_9|         array|
|input_fm_9_q0         |   in|   32|   ap_memory|                     input_fm_9|         array|
|input_fm_9_address1   |  out|   14|   ap_memory|                     input_fm_9|         array|
|input_fm_9_ce1        |  out|    1|   ap_memory|                     input_fm_9|         array|
|input_fm_9_q1         |   in|   32|   ap_memory|                     input_fm_9|         array|
|input_fm_10_address0  |  out|   14|   ap_memory|                    input_fm_10|         array|
|input_fm_10_ce0       |  out|    1|   ap_memory|                    input_fm_10|         array|
|input_fm_10_q0        |   in|   32|   ap_memory|                    input_fm_10|         array|
|input_fm_10_address1  |  out|   14|   ap_memory|                    input_fm_10|         array|
|input_fm_10_ce1       |  out|    1|   ap_memory|                    input_fm_10|         array|
|input_fm_10_q1        |   in|   32|   ap_memory|                    input_fm_10|         array|
|trunc_ln              |   in|    4|     ap_none|                       trunc_ln|        scalar|
|trunc_ln52_1          |   in|    4|     ap_none|                   trunc_ln52_1|        scalar|
|trunc_ln52_2          |   in|    4|     ap_none|                   trunc_ln52_2|        scalar|
|trunc_ln52_3          |   in|    4|     ap_none|                   trunc_ln52_3|        scalar|
|trunc_ln52_4          |   in|    4|     ap_none|                   trunc_ln52_4|        scalar|
|trunc_ln52_5          |   in|    4|     ap_none|                   trunc_ln52_5|        scalar|
|trunc_ln52_6          |   in|    4|     ap_none|                   trunc_ln52_6|        scalar|
|trunc_ln52_7          |   in|    4|     ap_none|                   trunc_ln52_7|        scalar|
|trunc_ln52_8          |   in|    4|     ap_none|                   trunc_ln52_8|        scalar|
|trunc_ln52_9          |   in|    4|     ap_none|                   trunc_ln52_9|        scalar|
|trunc_ln52_s          |   in|    4|     ap_none|                   trunc_ln52_s|        scalar|
+----------------------+-----+-----+------------+-------------------------------+--------------+

