

================================================================
== Vitis HLS Report for 'conv_Pipeline_VITIS_LOOP_36_8_VITIS_LOOP_37_9'
================================================================
* Date:           Wed Oct  7 15:53:14 2026

* Version:        2022.2 (Build 3670227 on Oct 13 2022)
* Project:        vitis.prj
* Solution:       solution1 (Vivado IP Flow Target)
* Product family: zynq
* Target device:  xc7z020-clg400-1


================================================================
== Performance Estimates
================================================================
+ Timing: 
    * Summary: 
    +--------+----------+----------+------------+
    |  Clock |  Target  | Estimated| Uncertainty|
    +--------+----------+----------+------------+
    |ap_clk  |  10.00 ns|  7.256 ns|     2.70 ns|
    +--------+----------+----------+------------+

+ Latency: 
    * Summary: 
    +---------+---------+----------+----------+-----+-----+---------+
    |  Latency (cycles) |  Latency (absolute) |  Interval | Pipeline|
    |   min   |   max   |    min   |    max   | min | max |   Type  |
    +---------+---------+----------+----------+-----+-----+---------+
    |      984|      984|  9.840 us|  9.840 us|  984|  984|       no|
    +---------+---------+----------+----------+-----+-----+---------+

    + Detail: 
        * Instance: 
        N/A

        * Loop: 
        +-----------------------------------+---------+---------+----------+-----------+-----------+------+----------+
        |                                   |  Latency (cycles) | Iteration|  Initiation Interval  | Trip |          |
        |             Loop Name             |   min   |   max   |  Latency |  achieved |   target  | Count| Pipelined|
        +-----------------------------------+---------+---------+----------+-----------+-----------+------+----------+
        |- VITIS_LOOP_36_8_VITIS_LOOP_37_9  |      982|      982|        23|          8|          1|   121|       yes|
        +-----------------------------------+---------+---------+----------+-----------+-----------+------+----------+



================================================================
== Utilization Estimates
================================================================
* Summary: 
+-----------------+---------+-----+--------+-------+-----+
|       Name      | BRAM_18K| DSP |   FF   |  LUT  | URAM|
+-----------------+---------+-----+--------+-------+-----+
|DSP              |        -|    1|       -|      -|    -|
|Expression       |        -|    -|       0|    191|    -|
|FIFO             |        -|    -|       -|      -|    -|
|Instance         |        -|    3|     636|    500|    -|
|Memory           |        -|    -|       -|      -|    -|
|Multiplexer      |        -|    -|       -|    152|    -|
|Register         |        -|    -|     781|     64|    -|
+-----------------+---------+-----+--------+-------+-----+
|Total            |        0|    4|    1417|    907|    0|
+-----------------+---------+-----+--------+-------+-----+
|Available        |      280|  220|  106400|  53200|    0|
+-----------------+---------+-----+--------+-------+-----+
|Utilization (%)  |        0|    1|       1|      1|    0|
+-----------------+---------+-----+--------+-------+-----+

+ Detail: 
    * Instance: 
    +-------------------------+---------------------+---------+----+-----+-----+-----+
    |         Instance        |        Module       | BRAM_18K| DSP|  FF | LUT | URAM|
    +-------------------------+---------------------+---------+----+-----+-----+-----+
    |mul_9ns_66ns_73_5_1_U10  |mul_9ns_66ns_73_5_1  |        0|   3|  441|  256|    0|
    |mux_114_32_1_1_U11       |mux_114_32_1_1       |        0|   0|    0|   59|    0|
    |mux_114_32_1_1_U12       |mux_114_32_1_1       |        0|   0|    0|   59|    0|
    |urem_8ns_5ns_4_12_1_U9   |urem_8ns_5ns_4_12_1  |        0|   0|  195|  126|    0|
    +-------------------------+---------------------+---------+----+-----+-----+-----+
    |Total                    |                     |        0|   3|  636|  500|    0|
    +-------------------------+---------------------+---------+----+-----+-----+-----+

    * DSP: 
    +----------------------------+------------------------+-----------+
    |          Instance          |         Module         | Expression|
    +----------------------------+------------------------+-----------+
    |mul_mul_11s_5ns_14_4_1_U13  |mul_mul_11s_5ns_14_4_1  |    i0 * i1|
    +----------------------------+------------------------+-----------+

    * Memory: 
    N/A

    * FIFO: 
    N/A

    * Expression: 
    +--------------------------+----------+----+---+----+------------+------------+
    |       Variable Name      | Operation| DSP| FF| LUT| Bitwidth P0| Bitwidth P1|
    +--------------------------+----------+----+---+----+------------+------------+
    |add_ln36_5_fu_570_p2      |         +|   0|  0|  14|           7|           1|
    |add_ln36_7_fu_715_p2      |         +|   0|  0|  12|          12|          12|
    |add_ln36_fu_575_p2        |         +|   0|  0|  13|           4|           1|
    |add_ln37_fu_693_p2        |         +|   0|  0|  13|           4|           1|
    |add_ln40_3_fu_530_p2      |         +|   0|  0|  13|           4|           4|
    |add_ln40_fu_540_p2        |         +|   0|  0|  14|           9|           9|
    |add_ln42_6_fu_668_p2      |         +|   0|  0|  17|          14|          14|
    |add_ln42_fu_601_p2        |         +|   0|  0|  12|          11|          11|
    |empty_fu_557_p2           |         +|   0|  0|  14|           9|           9|
    |p_mid1_fu_585_p2          |         +|   0|  0|  14|           9|           9|
    |and_ln41_fu_632_p2        |       and|   0|  0|   2|           1|           1|
    |icmp_ln36_fu_507_p2       |      icmp|   0|  0|  10|           7|           4|
    |icmp_ln37_fu_516_p2       |      icmp|   0|  0|   9|           4|           4|
    |icmp_ln41_fu_627_p2       |      icmp|   0|  0|  11|           9|           8|
    |select_ln36_13_fu_614_p3  |    select|   0|  0|   2|           1|           1|
    |select_ln36_14_fu_688_p3  |    select|   0|  0|   4|           1|           4|
    |select_ln36_1_fu_590_p3   |    select|   0|  0|   9|           1|           9|
    |select_ln36_fu_522_p3     |    select|   0|  0|   4|           1|           1|
    |ap_enable_pp0             |       xor|   0|  0|   2|           1|           2|
    |xor_ln36_fu_621_p2        |       xor|   0|  0|   2|           1|           2|
    +--------------------------+----------+----+---+----+------------+------------+
    |Total                     |          |   0|  0| 191|         110|         107|
    +--------------------------+----------+----+---+----+------------+------------+

    * Multiplexer: 
    +----------------------------------------+----+-----------+-----+-----------+
    |                  Name                  | LUT| Input Size| Bits| Total Bits|
    +----------------------------------------+----+-----------+-----+-----------+
    |ap_NS_fsm                               |  48|          9|    1|          9|
    |ap_done_int                             |   9|          2|    1|          2|
    |ap_enable_reg_pp0_iter0                 |   9|          2|    1|          2|
    |ap_enable_reg_pp0_iter1                 |   9|          2|    1|          2|
    |ap_enable_reg_pp0_iter2                 |   9|          2|    1|          2|
    |ap_loop_exit_ready_pp0_iter1_reg        |   9|          2|    1|          2|
    |ap_sig_allocacmp_indvar_flatten32_load  |   9|          2|    7|         14|
    |ap_sig_allocacmp_k_load                 |   9|          2|    4|          8|
    |indvar_flatten32_fu_136                 |   9|          2|    7|         14|
    |j_fu_132                                |   9|          2|    4|          8|
    |k_fu_128                                |   9|          2|    4|          8|
    |output_fm_address0                      |  14|          3|   18|         54|
    +----------------------------------------+----+-----------+-----+-----------+
    |Total                                   | 152|         32|   50|        125|
    +----------------------------------------+----+-----------+-----+-----------+

    * Register: 
    +-----------------------------------+----+----+-----+-----------+
    |                Name               | FF | LUT| Bits| Const Bits|
    +-----------------------------------+----+----+-----+-----------+
    |add_ln36_5_reg_965                 |   7|   0|    7|          0|
    |add_ln36_reg_970                   |   4|   0|    4|          0|
    |add_ln40_reg_949                   |   9|   0|    9|          0|
    |add_ln42_reg_975                   |  11|   0|   11|          0|
    |add_reg_1199                       |  32|   0|   32|          0|
    |and_ln41_reg_980                   |   1|   0|    1|          0|
    |ap_CS_fsm                          |   8|   0|    8|          0|
    |ap_done_reg                        |   1|   0|    1|          0|
    |ap_enable_reg_pp0_iter0_reg        |   1|   0|    1|          0|
    |ap_enable_reg_pp0_iter1            |   1|   0|    1|          0|
    |ap_enable_reg_pp0_iter2            |   1|   0|    1|          0|
    |ap_loop_exit_ready_pp0_iter1_reg   |   1|   0|    1|          0|
    |icmp_ln36_reg_932                  |   1|   0|    1|          0|
    |icmp_ln36_reg_932_pp0_iter1_reg    |   1|   0|    1|          0|
    |icmp_ln37_reg_936                  |   1|   0|    1|          0|
    |indvar_flatten32_fu_136            |   7|   0|    7|          0|
    |indvar_flatten32_load_reg_922      |   7|   0|    7|          0|
    |input_fm_0_load_reg_1064           |  32|   0|   32|          0|
    |input_fm_10_load_reg_1114          |  32|   0|   32|          0|
    |input_fm_1_load_reg_1069           |  32|   0|   32|          0|
    |input_fm_2_load_reg_1074           |  32|   0|   32|          0|
    |input_fm_3_load_reg_1079           |  32|   0|   32|          0|
    |input_fm_4_load_reg_1084           |  32|   0|   32|          0|
    |input_fm_5_load_reg_1089           |  32|   0|   32|          0|
    |input_fm_6_load_reg_1094           |  32|   0|   32|          0|
    |input_fm_7_load_reg_1099           |  32|   0|   32|          0|
    |input_fm_8_load_reg_1104           |  32|   0|   32|          0|
    |input_fm_9_load_reg_1109           |  32|   0|   32|          0|
    |j_3_reg_960                        |   4|   0|    4|          0|
    |j_fu_132                           |   4|   0|    4|          0|
    |k_fu_128                           |   4|   0|    4|          0|
    |mul_ln42_1_cast_reg_917            |  10|   0|   11|          1|
    |mul_ln42_4_reg_994                 |  14|   0|   14|          0|
    |mul_reg_1184                       |  32|   0|   32|          0|
    |output_fm_addr_reg_927             |  18|   0|   18|          0|
    |output_fm_load_reg_1189            |  32|   0|   32|          0|
    |select_ln36_14_reg_1059            |   4|   0|    4|          0|
    |select_ln36_reg_943                |   4|   0|    4|          0|
    |select_ln36_reg_943_pp0_iter1_reg  |   4|   0|    4|          0|
    |tmp_12_reg_999                     |   5|   0|    5|          0|
    |tmp_1_reg_1179                     |  32|   0|   32|          0|
    |tmp_reg_1174                       |  32|   0|   32|          0|
    |trunc_ln41_reg_955                 |   8|   0|    8|          0|
    |and_ln41_reg_980                   |  64|  32|    1|          0|
    |output_fm_addr_reg_927             |  64|  32|   18|          0|
    +-----------------------------------+----+----+-----+-----------+
    |Total                              | 781|  64|  673|          1|
    +-----------------------------------+----+----+-----+-----------+



================================================================
== Interface
================================================================
* Summary: 
+----------------------+-----+-----+------------+-----------------------------------------------+--------------+
|       RTL Ports      | Dir | Bits|  Protocol  |                 Source Object                 |    C Type    |
+----------------------+-----+-----+------------+-----------------------------------------------+--------------+
|ap_clk                |   in|    1|  ap_ctrl_hs|  conv_Pipeline_VITIS_LOOP_36_8_VITIS_LOOP_37_9|  return value|
|ap_rst                |   in|    1|  ap_ctrl_hs|  conv_Pipeline_VITIS_LOOP_36_8_VITIS_LOOP_37_9|  return value|
|ap_start              |   in|    1|  ap_ctrl_hs|  conv_Pipeline_VITIS_LOOP_36_8_VITIS_LOOP_37_9|  return value|
|ap_done               |  out|    1|  ap_ctrl_hs|  conv_Pipeline_VITIS_LOOP_36_8_VITIS_LOOP_37_9|  return value|
|ap_idle               |  out|    1|  ap_ctrl_hs|  conv_Pipeline_VITIS_LOOP_36_8_VITIS_LOOP_37_9|  return value|
|ap_ready              |  out|    1|  ap_ctrl_hs|  conv_Pipeline_VITIS_LOOP_36_8_VITIS_LOOP_37_9|  return value|
|grp_fu_1186_p_din0    |  out|   32|  ap_ctrl_hs|  conv_Pipeline_VITIS_LOOP_36_8_VITIS_LOOP_37_9|  return value|
|grp_fu_1186_p_din1    |  out|   32|  ap_ctrl_hs|  conv_Pipeline_VITIS_LOOP_36_8_VITIS_LOOP_37_9|  return value|
|grp_fu_1186_p_opcode  |  out|    2|  ap_ctrl_hs|  conv_Pipeline_VITIS_LOOP_36_8_VITIS_LOOP_37_9|  return value|
|grp_fu_1186_p_dout0   |   in|   32|  ap_ctrl_hs|  conv_Pipeline_VITIS_LOOP_36_8_VITIS_LOOP_37_9|  return value|
|grp_fu_1186_p_ce      |  out|    1|  ap_ctrl_hs|  conv_Pipeline_VITIS_LOOP_36_8_VITIS_LOOP_37_9|  return value|
|grp_fu_1190_p_din0    |  out|   32|  ap_ctrl_hs|  conv_Pipeline_VITIS_LOOP_36_8_VITIS_LOOP_37_9|  return value|
|grp_fu_1190_p_din1    |  out|   32|  ap_ctrl_hs|  conv_Pipeline_VITIS_LOOP_36_8_VITIS_LOOP_37_9|  return value|
|grp_fu_1190_p_dout0   |   in|   32|  ap_ctrl_hs|  conv_Pipeline_VITIS_LOOP_36_8_VITIS_LOOP_37_9|  return value|
|grp_fu_1190_p_ce      |  out|    1|  ap_ctrl_hs|  conv_Pipeline_VITIS_LOOP_36_8_VITIS_LOOP_37_9|  return value|
|output_fm_address0    |  out|   18|   ap_memory|                                      output_fm|         array|
|output_fm_ce0         |  out|    1|   ap_memory|                                      output_fm|         array|
|output_fm_we0         |  out|    1|   ap_memory|                                      output_fm|         array|
|output_fm_d0          |  out|   32|   ap_memory|                                      output_fm|         array|
|output_fm_q0          |   in|   32|   ap_memory|                                      output_fm|         array|
|add_ln42_2            |   in|   18|     ap_none|                                     add_ln42_2|        scalar|
|select_ln30_2         |   in|    9|     ap_none|                                  select_ln30_2|        scalar|
|mul_ln42_1            |   in|   10|     ap_none|                                     mul_ln42_1|        scalar|
|mul_ln42_2            |   in|   12|     ap_none|                                     mul_ln42_2|        scalar|
|weights_0_address0    |  out|   12|   ap_memory|                                      weights_0|         array|
|weights_0_ce0         |  out|    1|   ap_memory|                                      weights_0|         array|
|weights_0_q0          |   in|   32|   ap_memory|                                      weights_0|         array|
|weights_1_address0    |  out|   12|   ap_memory|                                      weights_1|         array|
|weights_1_ce0         |  out|    1|   ap_memory|                                      weights_1|         array|
|weights_1_q0          |   in|   32|   ap_memory|                                      weights_1|         array|
|weights_2_address0    |  out|   12|   ap_memory|                                      weights_2|         array|
|weights_2_ce0         |  out|    1|   ap_memory|                                      weights_2|         array|
|weights_2_q0          |   in|   32|   ap_memory|                                      weights_2|         array|
|weights_3_address0    |  out|   12|   ap_memory|                                      weights_3|         array|
|weights_3_ce0         |  out|    1|   ap_memory|                                      weights_3|         array|
|weights_3_q0          |   in|   32|   ap_memory|                                      weights_3|         array|
|weights_4_address0    |  out|   12|   ap_memory|                                      weights_4|         array|
|weights_4_ce0         |  out|    1|   ap_memory|                                      weights_4|         array|
|weights_4_q0          |   in|   32|   ap_memory|                                      weights_4|         array|
|weights_5_address0    |  out|   12|   ap_memory|                                      weights_5|         array|
|weights_5_ce0         |  out|    1|   ap_memory|                                      weights_5|         array|
|weights_5_q0          |   in|   32|   ap_memory|                                      weights_5|         array|
|weights_6_address0    |  out|   12|   ap_memory|                                      weights_6|         array|
|weights_6_ce0         |  out|    1|   ap_memory|                                      weights_6|         array|
|weights_6_q0          |   in|   32|   ap_memory|                                      weights_6|         array|
|weights_7_address0    |  out|   12|   ap_memory|                                      weights_7|         array|
|weights_7_ce0         |  out|    1|   ap_memory|                                      weights_7|         array|
|weights_7_q0          |   in|   32|   ap_memory|                                      weights_7|         array|
|weights_8_address0    |  out|   12|   ap_memory|                                      weights_8|         array|
|weights_8_ce0         |  out|    1|   ap_memory|                                      weights_8|         array|
|weights_8_q0          |   in|   32|   ap_memory|                                      weights_8|         array|
|weights_9_address0    |  out|   12|   ap_memory|                                      weights_9|         array|
|weights_9_ce0         |  out|    1|   ap_memory|                                      weights_9|         array|
|weights_9_q0          |   in|   32|   ap_memory|                                      weights_9|         array|
|weights_10_address0   |  out|   12|   ap_memory|                                     weights_10|         array|
|weights_10_ce0        |  out|    1|   ap_memory|                                     weights_10|         array|
|weights_10_q0         |   in|   32|   ap_memory|                                     weights_10|         array|
|zext_ln32             |   in|    8|     ap_none|                                      zext_ln32|        scalar|
|input_fm_0_address0   |  out|   14|   ap_memory|                                     input_fm_0|         array|
|input_fm_0_ce0        |  out|    1|   ap_memory|                                     input_fm_0|         array|
|input_fm_0_q0         |   in|   32|   ap_memory|                                     input_fm_0|         array|
|input_fm_1_address0   |  out|   14|   ap_memory|                                     input_fm_1|         array|
|input_fm_1_ce0        |  out|    1|   ap_memory|                                     input_fm_1|         array|
|input_fm_1_q0         |   in|   32|   ap_memory|                                     input_fm_1|         array|
|input_fm_2_address0   |  out|   14|   ap_memory|                                     input_fm_2|         array|
|input_fm_2_ce0        |  out|    1|   ap_memory|                                     input_fm_2|         array|
|input_fm_2_q0         |   in|   32|   ap_memory|                                     input_fm_2|         array|
|input_fm_3_address0   |  out|   14|   ap_memory|                                     input_fm_3|         array|
|input_fm_3_ce0        |  out|    1|   ap_memory|                                     input_fm_3|         array|
|input_fm_3_q0         |   in|   32|   ap_memory|                                     input_fm_3|         array|
|input_fm_4_address0   |  out|   14|   ap_memory|                                     input_fm_4|         array|
|input_fm_4_ce0        |  out|    1|   ap_memory|                                     input_fm_4|         array|
|input_fm_4_q0         |   in|   32|   ap_memory|                                     input_fm_4|         array|
|input_fm_5_address0   |  out|   14|   ap_memory|                                     input_fm_5|         array|
|input_fm_5_ce0        |  out|    1|   ap_memory|                                     input_fm_5|         array|
|input_fm_5_q0         |   in|   32|   ap_memory|                                     input_fm_5|         array|
|input_fm_6_address0   |  out|   14|   ap_memory|                                     input_fm_6|         array|
|input_fm_6_ce0        |  out|    1|   ap_memory|                                     input_fm_6|         array|
|input_fm_6_q0         |   in|   32|   ap_memory|                                     input_fm_6|         array|
|input_fm_7_address0   |  out|   14|   ap_memory|                                     input_fm_7|         array|
|input_fm_7_ce0        |  out|    1|   ap_memory|                                     input_fm_7|         array|
|input_fm_7_q0         |   in|   32|   ap_memory|                                     input_fm_7|         array|
|input_fm_8_address0   |  out|   14|   ap_memory|                                     input_fm_8|         array|
|input_fm_8_ce0        |  out|    1|   ap_memory|                                     input_fm_8|         array|
|input_fm_8_q0         |   in|   32|   ap_memory|                                     input_fm_8|         array|
|input_fm_9_address0   |  out|   14|   ap_memory|                                     input_fm_9|         array|
|input_fm_9_ce0        |  out|    1|   ap_memory|                                     input_fm_9|         array|
|input_fm_9_q0         |   in|   32|   ap_memory|                                     input_fm_9|         array|
|input_fm_10_address0  |  out|   14|   ap_memory|                                    input_fm_10|         array|
|input_fm_10_ce0       |  out|    1|   ap_memory|                                    input_fm_10|         array|
|input_fm_10_q0        |   in|   32|   ap_memory|                                    input_fm_10|         array|
+----------------------+-----+-----+------------+-----------------------------------------------+--------------+

