

================================================================
== Vitis HLS Report for 'conv'
================================================================
* Date:           Wed Oct  7 01:14:42 2026

* Version:        2022.2 (Build 3670227 on Oct 13 2022)
* Project:        vitis.prj
* Solution:       solution1 (Vivado IP Flow Target)
* Product family: zynq
* Target device:  xc7z020-clg400-1


================================================================
== Performance Estimates
================================================================
+ Timing: 
    * Summary: 
    +--------+----------+----------+------------+
    |  Clock |  Target  | Estimated| Uncertainty|
    +--------+----------+----------+------------+
    |ap_clk  |  10.00 ns|  8.280 ns|     2.70 ns|
    +--------+----------+----------+------------+

+ Latency: 
    * Summary: 
    +-----------+-----------+-----------+-----------+-----------+-----------+---------+
    |    Latency (cycles)   |   Latency (absolute)  |        Interval       | Pipeline|
    |    min    |    max    |    min    |    max    |    min    |    max    |   Type  |
    +-----------+-----------+-----------+-----------+-----------+-----------+---------+
    |  367452817|  367452817|  3.675 sec|  3.675 sec|  367452818|  367452818|       no|
    +-----------+-----------+-----------+-----------+-----------+-----------+---------+

    + Detail: 
        * Instance: 
        +-----------------------------------------------------------------------------+------------------------------------------------------------------+---------+---------+----------+----------+--------+--------+---------+
        |                                                                             |                                                                  |  Latency (cycles) |  Latency (absolute) |     Interval    | Pipeline|
        |                                   Instance                                  |                              Module                              |   min   |   max   |    min   |    max   |   min  |   max  |   Type  |
        +-----------------------------------------------------------------------------+------------------------------------------------------------------+---------+---------+----------+----------+--------+--------+---------+
        |grp_conv_Pipeline_VITIS_LOOP_31_1_VITIS_LOOP_32_2_VITIS_LOOP_33_3_fu_209     |conv_Pipeline_VITIS_LOOP_31_1_VITIS_LOOP_32_2_VITIS_LOOP_33_3     |   193605|   193605|  1.936 ms|  1.936 ms|  193605|  193605|       no|
        |grp_conv_Pipeline_VITIS_LOOP_61_10_VITIS_LOOP_62_11_VITIS_LOOP_63_12_fu_217  |conv_Pipeline_VITIS_LOOP_61_10_VITIS_LOOP_62_11_VITIS_LOOP_63_12  |   193609|   193609|  1.936 ms|  1.936 ms|  193609|  193609|       no|
        |grp_conv_Pipeline_VITIS_LOOP_48_8_fu_223                                     |conv_Pipeline_VITIS_LOOP_48_8                                     |      617|      617|  6.170 us|  6.170 us|     617|     617|       no|
        +-----------------------------------------------------------------------------+------------------------------------------------------------------+---------+---------+----------+----------+--------+--------+---------+

        * Loop: 
        +---------------------------------------------------+-----------+-----------+----------+-----------+-----------+--------+----------+
        |                                                   |    Latency (cycles)   | Iteration|  Initiation Interval  |  Trip  |          |
        |                     Loop Name                     |    min    |    max    |  Latency |  achieved |   target  |  Count | Pipelined|
        +---------------------------------------------------+-----------+-----------+----------+-----------+-----------+--------+----------+
        |- VITIS_LOOP_40_4_VITIS_LOOP_42_6_VITIS_LOOP_44_7  |  367065600|  367065600|       632|          -|          -|  580800|        no|
        +---------------------------------------------------+-----------+-----------+----------+-----------+-----------+--------+----------+



================================================================
== Utilization Estimates
================================================================
* Summary: 
+-----------------+---------+-----+--------+-------+-----+
|       Name      | BRAM_18K| DSP |   FF   |  LUT  | URAM|
+-----------------+---------+-----+--------+-------+-----+
|DSP              |        -|    1|       -|      -|    -|
|Expression       |        -|    -|       0|    456|    -|
|FIFO             |        -|    -|       -|      -|    -|
|Instance         |        -|    9|    3196|   4767|    -|
|Memory           |        -|    -|       -|      -|    -|
|Multiplexer      |        -|    -|       -|    255|    -|
|Register         |        -|    -|     460|      -|    -|
+-----------------+---------+-----+--------+-------+-----+
|Total            |        0|   10|    3656|   5478|    0|
+-----------------+---------+-----+--------+-------+-----+
|Available        |      280|  220|  106400|  53200|    0|
+-----------------+---------+-----+--------+-------+-----+
|Utilization (%)  |        0|    4|       3|     10|    0|
+-----------------+---------+-----+--------+-------+-----+

+ Detail: 
    * Instance: 
    +-----------------------------------------------------------------------------+------------------------------------------------------------------+---------+----+------+------+-----+
    |                                   Instance                                  |                              Module                              | BRAM_18K| DSP|  FF  |  LUT | URAM|
    +-----------------------------------------------------------------------------+------------------------------------------------------------------+---------+----+------+------+-----+
    |grp_conv_Pipeline_VITIS_LOOP_31_1_VITIS_LOOP_32_2_VITIS_LOOP_33_3_fu_209     |conv_Pipeline_VITIS_LOOP_31_1_VITIS_LOOP_32_2_VITIS_LOOP_33_3     |        0|   1|   143|   296|    0|
    |grp_conv_Pipeline_VITIS_LOOP_48_8_fu_223                                     |conv_Pipeline_VITIS_LOOP_48_8                                     |        0|   6|  1681|  2878|    0|
    |grp_conv_Pipeline_VITIS_LOOP_61_10_VITIS_LOOP_62_11_VITIS_LOOP_63_12_fu_217  |conv_Pipeline_VITIS_LOOP_61_10_VITIS_LOOP_62_11_VITIS_LOOP_63_12  |        0|   1|   206|   326|    0|
    |mul_11s_5ns_12_1_1_U104                                                      |mul_11s_5ns_12_1_1                                                |        0|   1|     0|     6|    0|
    |mul_2ns_9ns_10_1_1_U103                                                      |mul_2ns_9ns_10_1_1                                                |        0|   0|     0|    51|    0|
    |mul_7ns_7ns_13_1_1_U102                                                      |mul_7ns_7ns_13_1_1                                                |        0|   0|     0|    33|    0|
    |mul_8ns_10ns_17_1_1_U81                                                      |mul_8ns_10ns_17_1_1                                               |        0|   0|     0|    63|    0|
    |mul_8ns_10ns_17_1_1_U83                                                      |mul_8ns_10ns_17_1_1                                               |        0|   0|     0|    63|    0|
    |mul_8ns_10ns_17_1_1_U85                                                      |mul_8ns_10ns_17_1_1                                               |        0|   0|     0|    63|    0|
    |mul_8ns_10ns_17_1_1_U87                                                      |mul_8ns_10ns_17_1_1                                               |        0|   0|     0|    63|    0|
    |mul_8ns_10ns_17_1_1_U89                                                      |mul_8ns_10ns_17_1_1                                               |        0|   0|     0|    63|    0|
    |mul_8ns_10ns_17_1_1_U91                                                      |mul_8ns_10ns_17_1_1                                               |        0|   0|     0|    63|    0|
    |mul_8ns_10ns_17_1_1_U93                                                      |mul_8ns_10ns_17_1_1                                               |        0|   0|     0|    63|    0|
    |mul_8ns_10ns_17_1_1_U95                                                      |mul_8ns_10ns_17_1_1                                               |        0|   0|     0|    63|    0|
    |mul_8ns_10ns_17_1_1_U97                                                      |mul_8ns_10ns_17_1_1                                               |        0|   0|     0|    63|    0|
    |mul_8ns_10ns_17_1_1_U99                                                      |mul_8ns_10ns_17_1_1                                               |        0|   0|     0|    63|    0|
    |mul_8ns_10ns_17_1_1_U101                                                     |mul_8ns_10ns_17_1_1                                               |        0|   0|     0|    63|    0|
    |urem_8ns_5ns_4_12_seq_1_U80                                                  |urem_8ns_5ns_4_12_seq_1                                           |        0|   0|   106|    44|    0|
    |urem_8ns_5ns_4_12_seq_1_U82                                                  |urem_8ns_5ns_4_12_seq_1                                           |        0|   0|   106|    44|    0|
    |urem_8ns_5ns_4_12_seq_1_U84                                                  |urem_8ns_5ns_4_12_seq_1                                           |        0|   0|   106|    44|    0|
    |urem_8ns_5ns_4_12_seq_1_U86                                                  |urem_8ns_5ns_4_12_seq_1                                           |        0|   0|   106|    44|    0|
    |urem_8ns_5ns_4_12_seq_1_U88                                                  |urem_8ns_5ns_4_12_seq_1                                           |        0|   0|   106|    44|    0|
    |urem_8ns_5ns_4_12_seq_1_U90                                                  |urem_8ns_5ns_4_12_seq_1                                           |        0|   0|   106|    44|    0|
    |urem_8ns_5ns_4_12_seq_1_U92                                                  |urem_8ns_5ns_4_12_seq_1                                           |        0|   0|   106|    44|    0|
    |urem_8ns_5ns_4_12_seq_1_U94                                                  |urem_8ns_5ns_4_12_seq_1                                           |        0|   0|   106|    44|    0|
    |urem_8ns_5ns_4_12_seq_1_U96                                                  |urem_8ns_5ns_4_12_seq_1                                           |        0|   0|   106|    44|    0|
    |urem_8ns_5ns_4_12_seq_1_U98                                                  |urem_8ns_5ns_4_12_seq_1                                           |        0|   0|   106|    44|    0|
    |urem_8ns_5ns_4_12_seq_1_U100                                                 |urem_8ns_5ns_4_12_seq_1                                           |        0|   0|   106|    44|    0|
    +-----------------------------------------------------------------------------+------------------------------------------------------------------+---------+----+------+------+-----+
    |Total                                                                        |                                                                  |        0|   9|  3196|  4767|    0|
    +-----------------------------------------------------------------------------+------------------------------------------------------------------+---------+----+------+------+-----+

    * DSP: 
    +--------------------------------------------+---------------------------------------+---------------------+
    |                  Instance                  |                 Module                |      Expression     |
    +--------------------------------------------+---------------------------------------+---------------------+
    |ama_addmuladd_13ns_6ns_6ns_6ns_18_4_1_U105  |ama_addmuladd_13ns_6ns_6ns_6ns_18_4_1  |  (i0 + i1) * i2 + i3|
    +--------------------------------------------+---------------------------------------+---------------------+

    * Memory: 
    N/A

    * FIFO: 
    N/A

    * Expression: 
    +-------------------------+----------+----+---+----+------------+------------+
    |      Variable Name      | Operation| DSP| FF| LUT| Bitwidth P0| Bitwidth P1|
    +-------------------------+----------+----+---+----+------------+------------+
    |add_ln40_1_fu_363_p2     |         +|   0|  0|  27|          20|           1|
    |add_ln40_fu_903_p2       |         +|   0|  0|  14|           7|           1|
    |add_ln41_1_fu_456_p2     |         +|   0|  0|  17|          14|           1|
    |add_ln41_fu_970_p2       |         +|   0|  0|  10|           2|           1|
    |add_ln42_1_fu_442_p2     |         +|   0|  0|  12|          12|           1|
    |add_ln42_fu_503_p2       |         +|   0|  0|  15|           8|           3|
    |add_ln43_1_fu_509_p2     |         +|   0|  0|  15|           8|           2|
    |add_ln43_fu_341_p2       |         +|   0|  0|  15|           8|           4|
    |add_ln47_fu_546_p2       |         +|   0|  0|  15|           8|           4|
    |add_ln52_1_fu_618_p2     |         +|   0|  0|  15|           8|           3|
    |add_ln52_2_fu_649_p2     |         +|   0|  0|  15|           8|           3|
    |add_ln52_3_fu_680_p2     |         +|   0|  0|  15|           8|           2|
    |add_ln52_4_fu_735_p2     |         +|   0|  0|  15|           8|           1|
    |add_ln52_5_fu_766_p2     |         +|   0|  0|  15|           8|           2|
    |add_ln52_6_fu_797_p2     |         +|   0|  0|  15|           8|           2|
    |add_ln52_7_fu_828_p2     |         +|   0|  0|  15|           8|           3|
    |add_ln52_8_fu_859_p2     |         +|   0|  0|  15|           8|           3|
    |add_ln52_fu_587_p2       |         +|   0|  0|  15|           8|           4|
    |empty_30_fu_987_p2       |         +|   0|  0|  12|          11|          11|
    |empty_29_fu_960_p2       |         -|   0|  0|  13|          10|          10|
    |and_ln40_fu_408_p2       |       and|   0|  0|   2|           1|           1|
    |icmp_ln40_fu_357_p2      |      icmp|   0|  0|  14|          20|          20|
    |icmp_ln41_fu_378_p2      |      icmp|   0|  0|  12|          14|          14|
    |icmp_ln42_fu_402_p2      |      icmp|   0|  0|  12|          12|          12|
    |icmp_ln44_fu_384_p2      |      icmp|   0|  0|  11|           8|           7|
    |or_ln40_fu_390_p2        |        or|   0|  0|   2|           1|           1|
    |or_ln41_1_fu_428_p2      |        or|   0|  0|   2|           1|           1|
    |or_ln41_fu_414_p2        |        or|   0|  0|   2|           1|           1|
    |select_ln39_1_fu_515_p3  |    select|   0|  0|   8|           1|           8|
    |select_ln39_2_fu_532_p3  |    select|   0|  0|   6|           1|           6|
    |select_ln39_fu_434_p3    |    select|   0|  0|   8|           1|           8|
    |select_ln40_1_fu_909_p3  |    select|   0|  0|   7|           1|           7|
    |select_ln40_fu_939_p3    |    select|   0|  0|   2|           1|           1|
    |select_ln41_1_fu_420_p3  |    select|   0|  0|   8|           1|           3|
    |select_ln41_2_fu_976_p3  |    select|   0|  0|   2|           1|           2|
    |select_ln41_3_fu_491_p3  |    select|   0|  0|   8|           1|           1|
    |select_ln41_4_fu_497_p3  |    select|   0|  0|   6|           1|           1|
    |select_ln41_5_fu_462_p3  |    select|   0|  0|  14|           1|           1|
    |select_ln41_fu_485_p3    |    select|   0|  0|   8|           1|           3|
    |select_ln42_1_fu_448_p3  |    select|   0|  0|  12|           1|           1|
    |select_ln42_fu_539_p3    |    select|   0|  0|   8|           1|           8|
    |xor_ln40_fu_396_p2       |       xor|   0|  0|   2|           1|           2|
    +-------------------------+----------+----+---+----+------------+------------+
    |Total                    |          |   0|  0| 456|         252|         171|
    +-------------------------+----------+----+---+----+------------+------------+

    * Multiplexer: 
    +-------------------------+----+-----------+-----+-----------+
    |           Name          | LUT| Input Size| Bits| Total Bits|
    +-------------------------+----+-----------+-----+-----------+
    |a_fu_168                 |   9|          2|    8|         16|
    |ap_NS_fsm                |  93|         19|    1|         19|
    |f_fu_188                 |   9|          2|    7|         14|
    |i_fu_172                 |   9|          2|    8|         16|
    |indvar_flatten21_fu_176  |   9|          2|   12|         24|
    |indvar_flatten39_fu_184  |   9|          2|   14|         28|
    |indvar_flatten67_fu_192  |   9|          2|   20|         40|
    |m_fu_180                 |   9|          2|    2|          4|
    |output_fm_address0       |  25|          5|   18|         90|
    |output_fm_ce0            |  25|          5|    1|          5|
    |output_fm_ce1            |   9|          2|    1|          2|
    |output_fm_d0             |  20|          4|   32|        128|
    |output_fm_we0            |  20|          4|    1|          4|
    +-------------------------+----+-----------+-----+-----------+
    |Total                    | 255|         53|  125|        390|
    +-------------------------+----+-----------+-----+-----------+

    * Register: 
    +------------------------------------------------------------------------------------------+----+----+-----+-----------+
    |                                           Name                                           | FF | LUT| Bits| Const Bits|
    +------------------------------------------------------------------------------------------+----+----+-----+-----------+
    |a_fu_168                                                                                  |   8|   0|    8|          0|
    |add_ln43_reg_1175                                                                         |   8|   0|    8|          0|
    |add_ln52_10_reg_1371                                                                      |  18|   0|   18|          0|
    |and_ln40_reg_1194                                                                         |   1|   0|    1|          0|
    |ap_CS_fsm                                                                                 |  18|   0|   18|          0|
    |bitcast_ln52_reg_1451                                                                     |  32|   0|   32|          0|
    |empty_30_reg_1366                                                                         |  11|   0|   11|          0|
    |f_fu_188                                                                                  |   7|   0|    7|          0|
    |grp_conv_Pipeline_VITIS_LOOP_31_1_VITIS_LOOP_32_2_VITIS_LOOP_33_3_fu_209_ap_start_reg     |   1|   0|    1|          0|
    |grp_conv_Pipeline_VITIS_LOOP_48_8_fu_223_ap_start_reg                                     |   1|   0|    1|          0|
    |grp_conv_Pipeline_VITIS_LOOP_61_10_VITIS_LOOP_62_11_VITIS_LOOP_63_12_fu_217_ap_start_reg  |   1|   0|    1|          0|
    |i_fu_172                                                                                  |   8|   0|    8|          0|
    |icmp_ln41_reg_1188                                                                        |   1|   0|    1|          0|
    |indvar_flatten21_fu_176                                                                   |  12|   0|   12|          0|
    |indvar_flatten39_fu_184                                                                   |  14|   0|   14|          0|
    |indvar_flatten67_fu_192                                                                   |  20|   0|   20|          0|
    |m_fu_180                                                                                  |   2|   0|    2|          0|
    |mul_ln41_reg_1386                                                                         |  12|   0|   12|          0|
    |mul_ln52_1_reg_1381                                                                       |  10|   0|   10|          0|
    |or_ln41_1_reg_1206                                                                        |   1|   0|    1|          0|
    |or_ln41_reg_1199                                                                          |   1|   0|    1|          0|
    |output_fm_load_reg_1391                                                                   |  32|   0|   32|          0|
    |select_ln39_1_reg_1229                                                                    |   8|   0|    8|          0|
    |select_ln39_2_reg_1234                                                                    |   6|   0|    6|          0|
    |select_ln39_reg_1213                                                                      |   8|   0|    8|          0|
    |select_ln40_1_reg_1349                                                                    |   7|   0|    7|          0|
    |select_ln41_2_reg_1361                                                                    |   2|   0|    2|          0|
    |tmp_10_reg_1314                                                                           |   5|   0|    5|          0|
    |tmp_11_reg_1324                                                                           |   5|   0|    5|          0|
    |tmp_12_reg_1334                                                                           |   5|   0|    5|          0|
    |tmp_13_reg_1344                                                                           |   5|   0|    5|          0|
    |tmp_1_reg_1259                                                                            |   5|   0|    5|          0|
    |tmp_2_reg_1269                                                                            |   5|   0|    5|          0|
    |tmp_3_reg_1180                                                                            |   6|   0|    6|          0|
    |tmp_5_reg_1244                                                                            |   6|   0|    6|          0|
    |tmp_6_reg_1279                                                                            |   5|   0|    5|          0|
    |tmp_7_reg_1289                                                                            |   5|   0|    5|          0|
    |tmp_8_reg_1294                                                                            |   5|   0|    5|          0|
    |tmp_9_reg_1304                                                                            |   5|   0|    5|          0|
    |tmp_reg_1249                                                                              |   5|   0|    5|          0|
    |trunc_ln52_10_reg_1561                                                                    |   4|   0|    4|          0|
    |trunc_ln52_1_reg_1471                                                                     |   4|   0|    4|          0|
    |trunc_ln52_2_reg_1481                                                                     |   4|   0|    4|          0|
    |trunc_ln52_3_reg_1491                                                                     |   4|   0|    4|          0|
    |trunc_ln52_4_reg_1501                                                                     |   4|   0|    4|          0|
    |trunc_ln52_5_reg_1511                                                                     |   4|   0|    4|          0|
    |trunc_ln52_6_reg_1521                                                                     |   4|   0|    4|          0|
    |trunc_ln52_7_reg_1531                                                                     |   4|   0|    4|          0|
    |trunc_ln52_8_reg_1541                                                                     |   4|   0|    4|          0|
    |trunc_ln52_9_reg_1551                                                                     |   4|   0|    4|          0|
    |trunc_ln52_reg_1461                                                                       |   4|   0|    4|          0|
    |urem_ln52_10_reg_1446                                                                     |   4|   0|    4|          0|
    |urem_ln52_1_reg_1401                                                                      |   4|   0|    4|          0|
    |urem_ln52_2_reg_1406                                                                      |   4|   0|    4|          0|
    |urem_ln52_3_reg_1411                                                                      |   4|   0|    4|          0|
    |urem_ln52_4_reg_1416                                                                      |   4|   0|    4|          0|
    |urem_ln52_5_reg_1421                                                                      |   4|   0|    4|          0|
    |urem_ln52_6_reg_1426                                                                      |   4|   0|    4|          0|
    |urem_ln52_7_reg_1431                                                                      |   4|   0|    4|          0|
    |urem_ln52_8_reg_1436                                                                      |   4|   0|    4|          0|
    |urem_ln52_9_reg_1441                                                                      |   4|   0|    4|          0|
    |urem_ln52_reg_1396                                                                        |   4|   0|    4|          0|
    |zext_ln52_29_reg_1456                                                                     |   5|   0|    8|          3|
    |zext_ln52_31_reg_1466                                                                     |   5|   0|    8|          3|
    |zext_ln52_33_reg_1476                                                                     |   5|   0|    8|          3|
    |zext_ln52_35_reg_1486                                                                     |   5|   0|    8|          3|
    |zext_ln52_37_reg_1496                                                                     |   5|   0|    8|          3|
    |zext_ln52_39_reg_1506                                                                     |   5|   0|    8|          3|
    |zext_ln52_41_reg_1516                                                                     |   5|   0|    8|          3|
    |zext_ln52_43_reg_1526                                                                     |   5|   0|    8|          3|
    |zext_ln52_45_reg_1536                                                                     |   5|   0|    8|          3|
    |zext_ln52_47_reg_1546                                                                     |   5|   0|    8|          3|
    |zext_ln52_49_reg_1556                                                                     |   5|   0|    8|          3|
    +------------------------------------------------------------------------------------------+----+----+-----+-----------+
    |Total                                                                                     | 460|   0|  493|         33|
    +------------------------------------------------------------------------------------------+----+----+-----+-----------+



================================================================
== Interface
================================================================
* Summary: 
+----------------------+-----+-----+------------+--------------+--------------+
|       RTL Ports      | Dir | Bits|  Protocol  | Source Object|    C Type    |
+----------------------+-----+-----+------------+--------------+--------------+
|ap_clk                |   in|    1|  ap_ctrl_hs|          conv|  return value|
|ap_rst                |   in|    1|  ap_ctrl_hs|          conv|  return value|
|ap_start              |   in|    1|  ap_ctrl_hs|          conv|  return value|
|ap_done               |  out|    1|  ap_ctrl_hs|          conv|  return value|
|ap_idle               |  out|    1|  ap_ctrl_hs|          conv|  return value|
|ap_ready              |  out|    1|  ap_ctrl_hs|          conv|  return value|
|input_fm_0_address0   |  out|   14|   ap_memory|    input_fm_0|         array|
|input_fm_0_ce0        |  out|    1|   ap_memory|    input_fm_0|         array|
|input_fm_0_q0         |   in|   32|   ap_memory|    input_fm_0|         array|
|input_fm_0_address1   |  out|   14|   ap_memory|    input_fm_0|         array|
|input_fm_0_ce1        |  out|    1|   ap_memory|    input_fm_0|         array|
|input_fm_0_q1         |   in|   32|   ap_memory|    input_fm_0|         array|
|input_fm_1_address0   |  out|   14|   ap_memory|    input_fm_1|         array|
|input_fm_1_ce0        |  out|    1|   ap_memory|    input_fm_1|         array|
|input_fm_1_q0         |   in|   32|   ap_memory|    input_fm_1|         array|
|input_fm_1_address1   |  out|   14|   ap_memory|    input_fm_1|         array|
|input_fm_1_ce1        |  out|    1|   ap_memory|    input_fm_1|         array|
|input_fm_1_q1         |   in|   32|   ap_memory|    input_fm_1|         array|
|input_fm_2_address0   |  out|   14|   ap_memory|    input_fm_2|         array|
|input_fm_2_ce0        |  out|    1|   ap_memory|    input_fm_2|         array|
|input_fm_2_q0         |   in|   32|   ap_memory|    input_fm_2|         array|
|input_fm_2_address1   |  out|   14|   ap_memory|    input_fm_2|         array|
|input_fm_2_ce1        |  out|    1|   ap_memory|    input_fm_2|         array|
|input_fm_2_q1         |   in|   32|   ap_memory|    input_fm_2|         array|
|input_fm_3_address0   |  out|   14|   ap_memory|    input_fm_3|         array|
|input_fm_3_ce0        |  out|    1|   ap_memory|    input_fm_3|         array|
|input_fm_3_q0         |   in|   32|   ap_memory|    input_fm_3|         array|
|input_fm_3_address1   |  out|   14|   ap_memory|    input_fm_3|         array|
|input_fm_3_ce1        |  out|    1|   ap_memory|    input_fm_3|         array|
|input_fm_3_q1         |   in|   32|   ap_memory|    input_fm_3|         array|
|input_fm_4_address0   |  out|   14|   ap_memory|    input_fm_4|         array|
|input_fm_4_ce0        |  out|    1|   ap_memory|    input_fm_4|         array|
|input_fm_4_q0         |   in|   32|   ap_memory|    input_fm_4|         array|
|input_fm_4_address1   |  out|   14|   ap_memory|    input_fm_4|         array|
|input_fm_4_ce1        |  out|    1|   ap_memory|    input_fm_4|         array|
|input_fm_4_q1         |   in|   32|   ap_memory|    input_fm_4|         array|
|input_fm_5_address0   |  out|   14|   ap_memory|    input_fm_5|         array|
|input_fm_5_ce0        |  out|    1|   ap_memory|    input_fm_5|         array|
|input_fm_5_q0         |   in|   32|   ap_memory|    input_fm_5|         array|
|input_fm_5_address1   |  out|   14|   ap_memory|    input_fm_5|         array|
|input_fm_5_ce1        |  out|    1|   ap_memory|    input_fm_5|         array|
|input_fm_5_q1         |   in|   32|   ap_memory|    input_fm_5|         array|
|input_fm_6_address0   |  out|   14|   ap_memory|    input_fm_6|         array|
|input_fm_6_ce0        |  out|    1|   ap_memory|    input_fm_6|         array|
|input_fm_6_q0         |   in|   32|   ap_memory|    input_fm_6|         array|
|input_fm_6_address1   |  out|   14|   ap_memory|    input_fm_6|         array|
|input_fm_6_ce1        |  out|    1|   ap_memory|    input_fm_6|         array|
|input_fm_6_q1         |   in|   32|   ap_memory|    input_fm_6|         array|
|input_fm_7_address0   |  out|   14|   ap_memory|    input_fm_7|         array|
|input_fm_7_ce0        |  out|    1|   ap_memory|    input_fm_7|         array|
|input_fm_7_q0         |   in|   32|   ap_memory|    input_fm_7|         array|
|input_fm_7_address1   |  out|   14|   ap_memory|    input_fm_7|         array|
|input_fm_7_ce1        |  out|    1|   ap_memory|    input_fm_7|         array|
|input_fm_7_q1         |   in|   32|   ap_memory|    input_fm_7|         array|
|input_fm_8_address0   |  out|   14|   ap_memory|    input_fm_8|         array|
|input_fm_8_ce0        |  out|    1|   ap_memory|    input_fm_8|         array|
|input_fm_8_q0         |   in|   32|   ap_memory|    input_fm_8|         array|
|input_fm_8_address1   |  out|   14|   ap_memory|    input_fm_8|         array|
|input_fm_8_ce1        |  out|    1|   ap_memory|    input_fm_8|         array|
|input_fm_8_q1         |   in|   32|   ap_memory|    input_fm_8|         array|
|input_fm_9_address0   |  out|   14|   ap_memory|    input_fm_9|         array|
|input_fm_9_ce0        |  out|    1|   ap_memory|    input_fm_9|         array|
|input_fm_9_q0         |   in|   32|   ap_memory|    input_fm_9|         array|
|input_fm_9_address1   |  out|   14|   ap_memory|    input_fm_9|         array|
|input_fm_9_ce1        |  out|    1|   ap_memory|    input_fm_9|         array|
|input_fm_9_q1         |   in|   32|   ap_memory|    input_fm_9|         array|
|input_fm_10_address0  |  out|   14|   ap_memory|   input_fm_10|         array|
|input_fm_10_ce0       |  out|    1|   ap_memory|   input_fm_10|         array|
|input_fm_10_q0        |   in|   32|   ap_memory|   input_fm_10|         array|
|input_fm_10_address1  |  out|   14|   ap_memory|   input_fm_10|         array|
|input_fm_10_ce1       |  out|    1|   ap_memory|   input_fm_10|         array|
|input_fm_10_q1        |   in|   32|   ap_memory|   input_fm_10|         array|
|weights_0_address0    |  out|   12|   ap_memory|     weights_0|         array|
|weights_0_ce0         |  out|    1|   ap_memory|     weights_0|         array|
|weights_0_q0          |   in|   32|   ap_memory|     weights_0|         array|
|weights_1_address0    |  out|   12|   ap_memory|     weights_1|         array|
|weights_1_ce0         |  out|    1|   ap_memory|     weights_1|         array|
|weights_1_q0          |   in|   32|   ap_memory|     weights_1|         array|
|weights_2_address0    |  out|   12|   ap_memory|     weights_2|         array|
|weights_2_ce0         |  out|    1|   ap_memory|     weights_2|         array|
|weights_2_q0          |   in|   32|   ap_memory|     weights_2|         array|
|weights_3_address0    |  out|   12|   ap_memory|     weights_3|         array|
|weights_3_ce0         |  out|    1|   ap_memory|     weights_3|         array|
|weights_3_q0          |   in|   32|   ap_memory|     weights_3|         array|
|weights_4_address0    |  out|   12|   ap_memory|     weights_4|         array|
|weights_4_ce0         |  out|    1|   ap_memory|     weights_4|         array|
|weights_4_q0          |   in|   32|   ap_memory|     weights_4|         array|
|weights_5_address0    |  out|   12|   ap_memory|     weights_5|         array|
|weights_5_ce0         |  out|    1|   ap_memory|     weights_5|         array|
|weights_5_q0          |   in|   32|   ap_memory|     weights_5|         array|
|weights_6_address0    |  out|   12|   ap_memory|     weights_6|         array|
|weights_6_ce0         |  out|    1|   ap_memory|     weights_6|         array|
|weights_6_q0          |   in|   32|   ap_memory|     weights_6|         array|
|weights_7_address0    |  out|   12|   ap_memory|     weights_7|         array|
|weights_7_ce0         |  out|    1|   ap_memory|     weights_7|         array|
|weights_7_q0          |   in|   32|   ap_memory|     weights_7|         array|
|weights_8_address0    |  out|   12|   ap_memory|     weights_8|         array|
|weights_8_ce0         |  out|    1|   ap_memory|     weights_8|         array|
|weights_8_q0          |   in|   32|   ap_memory|     weights_8|         array|
|weights_9_address0    |  out|   12|   ap_memory|     weights_9|         array|
|weights_9_ce0         |  out|    1|   ap_memory|     weights_9|         array|
|weights_9_q0          |   in|   32|   ap_memory|     weights_9|         array|
|weights_10_address0   |  out|   12|   ap_memory|    weights_10|         array|
|weights_10_ce0        |  out|    1|   ap_memory|    weights_10|         array|
|weights_10_q0         |   in|   32|   ap_memory|    weights_10|         array|
|biases_address0       |  out|    6|   ap_memory|        biases|         array|
|biases_ce0            |  out|    1|   ap_memory|        biases|         array|
|biases_q0             |   in|   32|   ap_memory|        biases|         array|
|output_fm_address0    |  out|   18|   ap_memory|     output_fm|         array|
|output_fm_ce0         |  out|    1|   ap_memory|     output_fm|         array|
|output_fm_we0         |  out|    1|   ap_memory|     output_fm|         array|
|output_fm_d0          |  out|   32|   ap_memory|     output_fm|         array|
|output_fm_q0          |   in|   32|   ap_memory|     output_fm|         array|
|output_fm_address1    |  out|   18|   ap_memory|     output_fm|         array|
|output_fm_ce1         |  out|    1|   ap_memory|     output_fm|         array|
|output_fm_q1          |   in|   32|   ap_memory|     output_fm|         array|
+----------------------+-----+-----+------------+--------------+--------------+

