

================================================================
== Vitis HLS Report for 'conv_Pipeline_VITIS_LOOP_18_1_VITIS_LOOP_19_2_VITIS_LOOP_20_3'
================================================================
* Date:           Wed Oct  7 15:53:13 2026

* Version:        2022.2 (Build 3670227 on Oct 13 2022)
* Project:        vitis.prj
* Solution:       solution1 (Vivado IP Flow Target)
* Product family: zynq
* Target device:  xc7z020-clg400-1


================================================================
== Performance Estimates
================================================================
+ Timing: 
    * Summary: 
    +--------+----------+----------+------------+
    |  Clock |  Target  | Estimated| Uncertainty|
    +--------+----------+----------+------------+
    |ap_clk  |  10.00 ns|  7.215 ns|     2.70 ns|
    +--------+----------+----------+------------+

+ Latency: 
    * Summary: 
    +---------+---------+----------+----------+--------+--------+---------+
    |  Latency (cycles) |  Latency (absolute) |     Interval    | Pipeline|
    |   min   |   max   |    min   |    max   |   min  |   max  |   Type  |
    +---------+---------+----------+----------+--------+--------+---------+
    |   116168|   116168|  1.162 ms|  1.162 ms|  116168|  116168|       no|
    +---------+---------+----------+----------+--------+--------+---------+

    + Detail: 
        * Instance: 
        N/A

        * Loop: 
        +---------------------------------------------------+---------+---------+----------+-----------+-----------+-------+----------+
        |                                                   |  Latency (cycles) | Iteration|  Initiation Interval  |  Trip |          |
        |                     Loop Name                     |   min   |   max   |  Latency |  achieved |   target  | Count | Pipelined|
        +---------------------------------------------------+---------+---------+----------+-----------+-----------+-------+----------+
        |- VITIS_LOOP_18_1_VITIS_LOOP_19_2_VITIS_LOOP_20_3  |   116166|   116166|        10|          3|          1|  38720|       yes|
        +---------------------------------------------------+---------+---------+----------+-----------+-----------+-------+----------+



================================================================
== Utilization Estimates
================================================================
* Summary: 
+-----------------+---------+-----+--------+-------+-----+
|       Name      | BRAM_18K| DSP |   FF   |  LUT  | URAM|
+-----------------+---------+-----+--------+-------+-----+
|DSP              |        -|    2|       -|      -|    -|
|Expression       |        -|    -|       0|    338|    -|
|FIFO             |        -|    -|       -|      -|    -|
|Instance         |        -|    -|       -|      -|    -|
|Memory           |        -|    -|       -|      -|    -|
|Multiplexer      |        -|    -|       -|    181|    -|
|Register         |        -|    -|     182|      -|    -|
+-----------------+---------+-----+--------+-------+-----+
|Total            |        0|    2|     182|    519|    0|
+-----------------+---------+-----+--------+-------+-----+
|Available        |      280|  220|  106400|  53200|    0|
+-----------------+---------+-----+--------+-------+-----+
|Utilization (%)  |        0|   ~0|      ~0|     ~0|    0|
+-----------------+---------+-----+--------+-------+-----+

+ Detail: 
    * Instance: 
    N/A

    * DSP: 
    +----------------------------------+-------------------------------+--------------+
    |             Instance             |             Module            |  Expression  |
    +----------------------------------+-------------------------------+--------------+
    |mac_muladd_7ns_6ns_6ns_13_4_1_U1  |mac_muladd_7ns_6ns_6ns_13_4_1  |  i0 * i1 + i2|
    |mul_mul_13ns_6ns_18_4_1_U2        |mul_mul_13ns_6ns_18_4_1        |       i0 * i1|
    +----------------------------------+-------------------------------+--------------+

    * Memory: 
    N/A

    * FIFO: 
    N/A

    * Expression: 
    +-------------------------+----------+----+---+----+------------+------------+
    |      Variable Name      | Operation| DSP| FF| LUT| Bitwidth P0| Bitwidth P1|
    +-------------------------+----------+----+---+----+------------+------------+
    |add_ln18_1_fu_186_p2     |         +|   0|  0|  23|          16|           1|
    |add_ln18_fu_198_p2       |         +|   0|  0|  14|           7|           1|
    |add_ln19_1_fu_274_p2     |         +|   0|  0|  13|          10|           1|
    |add_ln19_fu_256_p2       |         +|   0|  0|  14|           6|           1|
    |add_ln20_1_fu_359_p2     |         +|   0|  0|  14|           6|           2|
    |add_ln20_2_fu_364_p2     |         +|   0|  0|  14|           6|           2|
    |add_ln20_3_fu_369_p2     |         +|   0|  0|  14|           6|           3|
    |add_ln20_4_fu_312_p2     |         +|   0|  0|  14|           6|           3|
    |add_ln20_fu_340_p2       |         +|   0|  0|  14|           6|           1|
    |add_ln22_1_fu_330_p2     |         +|   0|  0|  25|          18|          18|
    |add_ln22_2_fu_349_p2     |         +|   0|  0|  25|          18|          18|
    |add_ln22_3_fu_377_p2     |         +|   0|  0|  25|          18|          18|
    |add_ln22_4_fu_390_p2     |         +|   0|  0|  25|          18|          18|
    |add_ln22_5_fu_403_p2     |         +|   0|  0|  25|          18|          18|
    |icmp_ln18_fu_180_p2      |      icmp|   0|  0|  13|          16|          16|
    |icmp_ln19_fu_204_p2      |      icmp|   0|  0|  11|          10|          10|
    |icmp_ln20_fu_245_p2      |      icmp|   0|  0|  10|           6|           5|
    |or_ln18_fu_251_p2        |        or|   0|  0|   2|           1|           1|
    |select_ln18_1_fu_299_p3  |    select|   0|  0|   6|           1|           1|
    |select_ln18_2_fu_210_p3  |    select|   0|  0|   7|           1|           7|
    |select_ln18_fu_238_p3    |    select|   0|  0|   6|           1|           1|
    |select_ln19_1_fu_262_p3  |    select|   0|  0|   6|           1|           6|
    |select_ln19_2_fu_279_p3  |    select|   0|  0|  10|           1|           1|
    |select_ln19_fu_305_p3    |    select|   0|  0|   6|           1|           6|
    |ap_enable_pp0            |       xor|   0|  0|   2|           1|           2|
    +-------------------------+----------+----+---+----+------------+------------+
    |Total                    |          |   0|  0| 338|         199|         161|
    +-------------------------+----------+----+---+----+------------+------------+

    * Multiplexer: 
    +----------------------------------+----+-----------+-----+-----------+
    |               Name               | LUT| Input Size| Bits| Total Bits|
    +----------------------------------+----+-----------+-----+-----------+
    |ap_NS_fsm                         |  20|          4|    1|          4|
    |ap_done_int                       |   9|          2|    1|          2|
    |ap_enable_reg_pp0_iter0           |   9|          2|    1|          2|
    |ap_enable_reg_pp0_iter1           |   9|          2|    1|          2|
    |ap_enable_reg_pp0_iter3           |   9|          2|    1|          2|
    |ap_loop_exit_ready_pp0_iter1_reg  |   9|          2|    1|          2|
    |ap_loop_exit_ready_pp0_iter2_reg  |   9|          2|    1|          2|
    |indvar_flatten14_fu_84            |   9|          2|   16|         32|
    |indvar_flatten_fu_76              |   9|          2|   10|         20|
    |output_fm_address0                |  20|          4|   18|         72|
    |output_fm_address1                |  14|          3|   18|         54|
    |output_fm_d0                      |  14|          3|   32|         96|
    |output_fm_d1                      |  14|          3|   32|         96|
    |x_fu_80                           |   9|          2|    7|         14|
    |y_fu_72                           |   9|          2|    6|         12|
    |z_fu_68                           |   9|          2|    6|         12|
    +----------------------------------+----+-----------+-----+-----------+
    |Total                             | 181|         39|  152|        424|
    +----------------------------------+----+-----------+-----+-----------+

    * Register: 
    +-------------------------------------+----+----+-----+-----------+
    |                 Name                | FF | LUT| Bits| Const Bits|
    +-------------------------------------+----+----+-----+-----------+
    |add_ln20_1_reg_538                   |   6|   0|    6|          0|
    |add_ln20_2_reg_543                   |   6|   0|    6|          0|
    |add_ln20_3_reg_548                   |   6|   0|    6|          0|
    |add_ln22_5_reg_553                   |  18|   0|   18|          0|
    |ap_CS_fsm                            |   3|   0|    3|          0|
    |ap_done_reg                          |   1|   0|    1|          0|
    |ap_enable_reg_pp0_iter0_reg          |   1|   0|    1|          0|
    |ap_enable_reg_pp0_iter1              |   1|   0|    1|          0|
    |ap_enable_reg_pp0_iter2              |   1|   0|    1|          0|
    |ap_enable_reg_pp0_iter3              |   1|   0|    1|          0|
    |ap_loop_exit_ready_pp0_iter1_reg     |   1|   0|    1|          0|
    |ap_loop_exit_ready_pp0_iter2_reg     |   1|   0|    1|          0|
    |biases_load_reg_532                  |  32|   0|   32|          0|
    |icmp_ln18_reg_462                    |   1|   0|    1|          0|
    |icmp_ln18_reg_462_pp0_iter1_reg      |   1|   0|    1|          0|
    |icmp_ln19_reg_471                    |   1|   0|    1|          0|
    |icmp_ln19_reg_471_pp0_iter1_reg      |   1|   0|    1|          0|
    |indvar_flatten14_fu_84               |  16|   0|   16|          0|
    |indvar_flatten_fu_76                 |  10|   0|   10|          0|
    |indvar_flatten_load_reg_466          |  10|   0|   10|          0|
    |mul_ln22_1_reg_523                   |  18|   0|   18|          0|
    |or_ln18_reg_494                      |   1|   0|    1|          0|
    |select_ln18_2_reg_479                |   7|   0|    7|          0|
    |select_ln18_2_reg_479_pp0_iter1_reg  |   7|   0|    7|          0|
    |select_ln19_reg_509                  |   6|   0|    6|          0|
    |x_fu_80                              |   7|   0|    7|          0|
    |y_fu_72                              |   6|   0|    6|          0|
    |z_fu_68                              |   6|   0|    6|          0|
    |z_load_reg_489                       |   6|   0|    6|          0|
    +-------------------------------------+----+----+-----+-----------+
    |Total                                | 182|   0|  182|          0|
    +-------------------------------------+----+----+-----+-----------+



================================================================
== Interface
================================================================
* Summary: 
+--------------------+-----+-----+------------+---------------------------------------------------------------+--------------+
|      RTL Ports     | Dir | Bits|  Protocol  |                         Source Object                         |    C Type    |
+--------------------+-----+-----+------------+---------------------------------------------------------------+--------------+
|ap_clk              |   in|    1|  ap_ctrl_hs|  conv_Pipeline_VITIS_LOOP_18_1_VITIS_LOOP_19_2_VITIS_LOOP_20_3|  return value|
|ap_rst              |   in|    1|  ap_ctrl_hs|  conv_Pipeline_VITIS_LOOP_18_1_VITIS_LOOP_19_2_VITIS_LOOP_20_3|  return value|
|ap_start            |   in|    1|  ap_ctrl_hs|  conv_Pipeline_VITIS_LOOP_18_1_VITIS_LOOP_19_2_VITIS_LOOP_20_3|  return value|
|ap_done             |  out|    1|  ap_ctrl_hs|  conv_Pipeline_VITIS_LOOP_18_1_VITIS_LOOP_19_2_VITIS_LOOP_20_3|  return value|
|ap_idle             |  out|    1|  ap_ctrl_hs|  conv_Pipeline_VITIS_LOOP_18_1_VITIS_LOOP_19_2_VITIS_LOOP_20_3|  return value|
|ap_ready            |  out|    1|  ap_ctrl_hs|  conv_Pipeline_VITIS_LOOP_18_1_VITIS_LOOP_19_2_VITIS_LOOP_20_3|  return value|
|biases_address0     |  out|    6|   ap_memory|                                                         biases|         array|
|biases_ce0          |  out|    1|   ap_memory|                                                         biases|         array|
|biases_q0           |   in|   32|   ap_memory|                                                         biases|         array|
|output_fm_address0  |  out|   18|   ap_memory|                                                      output_fm|         array|
|output_fm_ce0       |  out|    1|   ap_memory|                                                      output_fm|         array|
|output_fm_we0       |  out|    1|   ap_memory|                                                      output_fm|         array|
|output_fm_d0        |  out|   32|   ap_memory|                                                      output_fm|         array|
|output_fm_address1  |  out|   18|   ap_memory|                                                      output_fm|         array|
|output_fm_ce1       |  out|    1|   ap_memory|                                                      output_fm|         array|
|output_fm_we1       |  out|    1|   ap_memory|                                                      output_fm|         array|
|output_fm_d1        |  out|   32|   ap_memory|                                                      output_fm|         array|
+--------------------+-----+-----+------------+---------------------------------------------------------------+--------------+

