

================================================================
== Vitis HLS Report for 'conv_Pipeline_VITIS_LOOP_31_1_VITIS_LOOP_32_2_VITIS_LOOP_33_3'
================================================================
* Date:           Wed Oct  7 01:14:40 2026

* Version:        2022.2 (Build 3670227 on Oct 13 2022)
* Project:        vitis.prj
* Solution:       solution1 (Vivado IP Flow Target)
* Product family: zynq
* Target device:  xc7z020-clg400-1


================================================================
== Performance Estimates
================================================================
+ Timing: 
    * Summary: 
    +--------+----------+----------+------------+
    |  Clock |  Target  | Estimated| Uncertainty|
    +--------+----------+----------+------------+
    |ap_clk  |  10.00 ns|  7.005 ns|     2.70 ns|
    +--------+----------+----------+------------+

+ Latency: 
    * Summary: 
    +---------+---------+----------+----------+--------+--------+---------+
    |  Latency (cycles) |  Latency (absolute) |     Interval    | Pipeline|
    |   min   |   max   |    min   |    max   |   min  |   max  |   Type  |
    +---------+---------+----------+----------+--------+--------+---------+
    |   193605|   193605|  1.936 ms|  1.936 ms|  193605|  193605|       no|
    +---------+---------+----------+----------+--------+--------+---------+

    + Detail: 
        * Instance: 
        N/A

        * Loop: 
        +---------------------------------------------------+---------+---------+----------+-----------+-----------+--------+----------+
        |                                                   |  Latency (cycles) | Iteration|  Initiation Interval  |  Trip  |          |
        |                     Loop Name                     |   min   |   max   |  Latency |  achieved |   target  |  Count | Pipelined|
        +---------------------------------------------------+---------+---------+----------+-----------+-----------+--------+----------+
        |- VITIS_LOOP_31_1_VITIS_LOOP_32_2_VITIS_LOOP_33_3  |   193603|   193603|         5|          1|          1|  193600|       yes|
        +---------------------------------------------------+---------+---------+----------+-----------+-----------+--------+----------+



================================================================
== Utilization Estimates
================================================================
* Summary: 
+-----------------+---------+-----+--------+-------+-----+
|       Name      | BRAM_18K| DSP |   FF   |  LUT  | URAM|
+-----------------+---------+-----+--------+-------+-----+
|DSP              |        -|    1|       -|      -|    -|
|Expression       |        -|    -|       0|    159|    -|
|FIFO             |        -|    -|       -|      -|    -|
|Instance         |        -|    0|       0|     33|    -|
|Memory           |        -|    -|       -|      -|    -|
|Multiplexer      |        -|    -|       -|     72|    -|
|Register         |        -|    -|     143|     32|    -|
+-----------------+---------+-----+--------+-------+-----+
|Total            |        0|    1|     143|    296|    0|
+-----------------+---------+-----+--------+-------+-----+
|Available        |      280|  220|  106400|  53200|    0|
+-----------------+---------+-----+--------+-------+-----+
|Utilization (%)  |        0|   ~0|      ~0|     ~0|    0|
+-----------------+---------+-----+--------+-------+-----+

+ Detail: 
    * Instance: 
    +-----------------------+--------------------+---------+----+---+----+-----+
    |        Instance       |       Module       | BRAM_18K| DSP| FF| LUT| URAM|
    +-----------------------+--------------------+---------+----+---+----+-----+
    |mul_7ns_7ns_13_1_1_U1  |mul_7ns_7ns_13_1_1  |        0|   0|  0|  33|    0|
    +-----------------------+--------------------+---------+----+---+----+-----+
    |Total                  |                    |        0|   0|  0|  33|    0|
    +-----------------------+--------------------+---------+----+---+----+-----+

    * DSP: 
    +------------------------------------------+---------------------------------------+---------------------+
    |                 Instance                 |                 Module                |      Expression     |
    +------------------------------------------+---------------------------------------+---------------------+
    |ama_addmuladd_13ns_6ns_6ns_6ns_18_4_1_U2  |ama_addmuladd_13ns_6ns_6ns_6ns_18_4_1  |  (i0 + i1) * i2 + i3|
    +------------------------------------------+---------------------------------------+---------------------+

    * Memory: 
    N/A

    * FIFO: 
    N/A

    * Expression: 
    +-------------------------+----------+----+---+----+------------+------------+
    |      Variable Name      | Operation| DSP| FF| LUT| Bitwidth P0| Bitwidth P1|
    +-------------------------+----------+----+---+----+------------+------------+
    |add_ln31_1_fu_143_p2     |         +|   0|  0|  25|          18|           1|
    |add_ln31_fu_155_p2       |         +|   0|  0|  14|           7|           1|
    |add_ln32_1_fu_175_p2     |         +|   0|  0|  12|          12|           1|
    |add_ln32_fu_243_p2       |         +|   0|  0|  14|           6|           1|
    |add_ln33_fu_274_p2       |         +|   0|  0|  14|           6|           1|
    |and_ln31_fu_237_p2       |       and|   0|  0|   2|           1|           1|
    |icmp_ln31_fu_137_p2      |      icmp|   0|  0|  13|          18|          18|
    |icmp_ln32_fu_161_p2      |      icmp|   0|  0|  12|          12|          12|
    |icmp_ln33_fu_231_p2      |      icmp|   0|  0|  10|           6|           5|
    |or_ln32_fu_249_p2        |        or|   0|  0|   2|           1|           1|
    |select_ln31_1_fu_167_p3  |    select|   0|  0|   7|           1|           7|
    |select_ln31_fu_210_p3    |    select|   0|  0|   6|           1|           1|
    |select_ln32_1_fu_262_p3  |    select|   0|  0|   6|           1|           6|
    |select_ln32_2_fu_181_p3  |    select|   0|  0|  12|           1|           1|
    |select_ln32_fu_254_p3    |    select|   0|  0|   6|           1|           1|
    |ap_enable_pp0            |       xor|   0|  0|   2|           1|           2|
    |xor_ln31_fu_226_p2       |       xor|   0|  0|   2|           1|           2|
    +-------------------------+----------+----+---+----+------------+------------+
    |Total                    |          |   0|  0| 159|          94|          62|
    +-------------------------+----------+----+---+----+------------+------------+

    * Multiplexer: 
    +-------------------------+----+-----------+-----+-----------+
    |           Name          | LUT| Input Size| Bits| Total Bits|
    +-------------------------+----+-----------+-----+-----------+
    |ap_done_int              |   9|          2|    1|          2|
    |ap_enable_reg_pp0_iter1  |   9|          2|    1|          2|
    |ap_enable_reg_pp0_iter2  |   9|          2|    1|          2|
    |indvar_flatten14_fu_78   |   9|          2|   18|         36|
    |indvar_flatten_fu_70     |   9|          2|   12|         24|
    |x_fu_74                  |   9|          2|    7|         14|
    |y_fu_66                  |   9|          2|    6|         12|
    |z_fu_62                  |   9|          2|    6|         12|
    +-------------------------+----+-----------+-----+-----------+
    |Total                    |  72|         16|   52|        104|
    +-------------------------+----+-----------+-----+-----------+

    * Register: 
    +-----------------------------------+----+----+-----+-----------+
    |                Name               | FF | LUT| Bits| Const Bits|
    +-----------------------------------+----+----+-----+-----------+
    |ap_CS_fsm                          |   1|   0|    1|          0|
    |ap_done_reg                        |   1|   0|    1|          0|
    |ap_enable_reg_pp0_iter1            |   1|   0|    1|          0|
    |ap_enable_reg_pp0_iter2            |   1|   0|    1|          0|
    |ap_enable_reg_pp0_iter3            |   1|   0|    1|          0|
    |ap_enable_reg_pp0_iter4            |   1|   0|    1|          0|
    |ap_enable_reg_pp0_iter5            |   1|   0|    1|          0|
    |ap_loop_exit_ready_pp0_iter2_reg   |   1|   0|    1|          0|
    |ap_loop_exit_ready_pp0_iter3_reg   |   1|   0|    1|          0|
    |ap_loop_exit_ready_pp0_iter4_reg   |   1|   0|    1|          0|
    |icmp_ln32_reg_351                  |   1|   0|    1|          0|
    |indvar_flatten14_fu_78             |  18|   0|   18|          0|
    |indvar_flatten_fu_70               |  12|   0|   12|          0|
    |select_ln31_1_reg_358              |   7|   0|    7|          0|
    |select_ln32_reg_364                |   6|   0|    6|          0|
    |select_ln32_reg_364_pp0_iter3_reg  |   6|   0|    6|          0|
    |x_fu_74                            |   7|   0|    7|          0|
    |y_fu_66                            |   6|   0|    6|          0|
    |z_fu_62                            |   6|   0|    6|          0|
    |select_ln31_1_reg_358              |  64|  32|    7|          0|
    +-----------------------------------+----+----+-----+-----------+
    |Total                              | 143|  32|   86|          0|
    +-----------------------------------+----+----+-----+-----------+



================================================================
== Interface
================================================================
* Summary: 
+--------------------+-----+-----+------------+---------------------------------------------------------------+--------------+
|      RTL Ports     | Dir | Bits|  Protocol  |                         Source Object                         |    C Type    |
+--------------------+-----+-----+------------+---------------------------------------------------------------+--------------+
|ap_clk              |   in|    1|  ap_ctrl_hs|  conv_Pipeline_VITIS_LOOP_31_1_VITIS_LOOP_32_2_VITIS_LOOP_33_3|  return value|
|ap_rst              |   in|    1|  ap_ctrl_hs|  conv_Pipeline_VITIS_LOOP_31_1_VITIS_LOOP_32_2_VITIS_LOOP_33_3|  return value|
|ap_start            |   in|    1|  ap_ctrl_hs|  conv_Pipeline_VITIS_LOOP_31_1_VITIS_LOOP_32_2_VITIS_LOOP_33_3|  return value|
|ap_done             |  out|    1|  ap_ctrl_hs|  conv_Pipeline_VITIS_LOOP_31_1_VITIS_LOOP_32_2_VITIS_LOOP_33_3|  return value|
|ap_idle             |  out|    1|  ap_ctrl_hs|  conv_Pipeline_VITIS_LOOP_31_1_VITIS_LOOP_32_2_VITIS_LOOP_33_3|  return value|
|ap_ready            |  out|    1|  ap_ctrl_hs|  conv_Pipeline_VITIS_LOOP_31_1_VITIS_LOOP_32_2_VITIS_LOOP_33_3|  return value|
|biases_address0     |  out|    6|   ap_memory|                                                         biases|         array|
|biases_ce0          |  out|    1|   ap_memory|                                                         biases|         array|
|biases_q0           |   in|   32|   ap_memory|                                                         biases|         array|
|output_fm_address0  |  out|   18|   ap_memory|                                                      output_fm|         array|
|output_fm_ce0       |  out|    1|   ap_memory|                                                      output_fm|         array|
|output_fm_we0       |  out|    1|   ap_memory|                                                      output_fm|         array|
|output_fm_d0        |  out|   32|   ap_memory|                                                      output_fm|         array|
+--------------------+-----+-----+------------+---------------------------------------------------------------+--------------+

