

================================================================
== Vitis HLS Report for 'conv_Pipeline_VITIS_LOOP_51_10_VITIS_LOOP_52_11_VITIS_LOOP_53_12'
================================================================
* Date:           Wed Oct  7 15:53:16 2026

* Version:        2022.2 (Build 3670227 on Oct 13 2022)
* Project:        vitis.prj
* Solution:       solution1 (Vivado IP Flow Target)
* Product family: zynq
* Target device:  xc7z020-clg400-1


================================================================
== Performance Estimates
================================================================
+ Timing: 
    * Summary: 
    +--------+----------+----------+------------+
    |  Clock |  Target  | Estimated| Uncertainty|
    +--------+----------+----------+------------+
    |ap_clk  |  10.00 ns|  7.215 ns|     2.70 ns|
    +--------+----------+----------+------------+

+ Latency: 
    * Summary: 
    +---------+---------+----------+----------+--------+--------+---------+
    |  Latency (cycles) |  Latency (absolute) |     Interval    | Pipeline|
    |   min   |   max   |    min   |    max   |   min  |   max  |   Type  |
    +---------+---------+----------+----------+--------+--------+---------+
    |   193613|   193613|  1.936 ms|  1.936 ms|  193613|  193613|       no|
    +---------+---------+----------+----------+--------+--------+---------+

    + Detail: 
        * Instance: 
        N/A

        * Loop: 
        +------------------------------------------------------+---------+---------+----------+-----------+-----------+-------+----------+
        |                                                      |  Latency (cycles) | Iteration|  Initiation Interval  |  Trip |          |
        |                       Loop Name                      |   min   |   max   |  Latency |  achieved |   target  | Count | Pipelined|
        +------------------------------------------------------+---------+---------+----------+-----------+-----------+-------+----------+
        |- VITIS_LOOP_51_10_VITIS_LOOP_52_11_VITIS_LOOP_53_12  |   193611|   193611|        17|          5|          1|  38720|       yes|
        +------------------------------------------------------+---------+---------+----------+-----------+-----------+-------+----------+



================================================================
== Utilization Estimates
================================================================
* Summary: 
+-----------------+---------+-----+--------+-------+-----+
|       Name      | BRAM_18K| DSP |   FF   |  LUT  | URAM|
+-----------------+---------+-----+--------+-------+-----+
|DSP              |        -|    2|       -|      -|    -|
|Expression       |        -|    -|       0|    455|    -|
|FIFO             |        -|    -|       -|      -|    -|
|Instance         |        -|    -|       -|      -|    -|
|Memory           |        -|    -|       -|      -|    -|
|Multiplexer      |        -|    -|       -|    232|    -|
|Register         |        -|    -|     474|     32|    -|
+-----------------+---------+-----+--------+-------+-----+
|Total            |        0|    2|     474|    719|    0|
+-----------------+---------+-----+--------+-------+-----+
|Available        |      280|  220|  106400|  53200|    0|
+-----------------+---------+-----+--------+-------+-----+
|Utilization (%)  |        0|   ~0|      ~0|      1|    0|
+-----------------+---------+-----+--------+-------+-----+

+ Detail: 
    * Instance: 
    +----------------------------------+-----------------------------+---------+----+---+----+-----+
    |             Instance             |            Module           | BRAM_18K| DSP| FF| LUT| URAM|
    +----------------------------------+-----------------------------+---------+----+---+----+-----+
    |fcmp_32ns_32ns_1_2_no_dsp_1_U189  |fcmp_32ns_32ns_1_2_no_dsp_1  |        0|   0|  0|   0|    0|
    +----------------------------------+-----------------------------+---------+----+---+----+-----+
    |Total                             |                             |        0|   0|  0|   0|    0|
    +----------------------------------+-----------------------------+---------+----+---+----+-----+

    * DSP: 
    +------------------------------------+-------------------------------+--------------+
    |              Instance              |             Module            |  Expression  |
    +------------------------------------+-------------------------------+--------------+
    |mac_muladd_7ns_6ns_6ns_13_4_1_U190  |mac_muladd_7ns_6ns_6ns_13_4_1  |  i0 * i1 + i2|
    |mul_mul_13ns_6ns_18_4_1_U191        |mul_mul_13ns_6ns_18_4_1        |       i0 * i1|
    +------------------------------------+-------------------------------+--------------+

    * Memory: 
    N/A

    * FIFO: 
    N/A

    * Expression: 
    +-------------------------+----------+----+---+----+------------+------------+
    |      Variable Name      | Operation| DSP| FF| LUT| Bitwidth P0| Bitwidth P1|
    +-------------------------+----------+----+---+----+------------+------------+
    |add_ln51_1_fu_232_p2     |         +|   0|  0|  23|          16|           1|
    |add_ln51_fu_241_p2       |         +|   0|  0|  14|           7|           1|
    |add_ln52_1_fu_325_p2     |         +|   0|  0|  13|          10|           1|
    |add_ln52_fu_299_p2       |         +|   0|  0|  14|           6|           1|
    |add_ln53_1_fu_398_p2     |         +|   0|  0|  14|           6|           2|
    |add_ln53_2_fu_403_p2     |         +|   0|  0|  14|           6|           2|
    |add_ln53_3_fu_408_p2     |         +|   0|  0|  14|           6|           3|
    |add_ln53_4_fu_355_p2     |         +|   0|  0|  14|           6|           3|
    |add_ln53_fu_379_p2       |         +|   0|  0|  14|           6|           1|
    |add_ln55_1_fu_369_p2     |         +|   0|  0|  25|          18|          18|
    |add_ln55_2_fu_388_p2     |         +|   0|  0|  25|          18|          18|
    |add_ln55_3_fu_436_p2     |         +|   0|  0|  25|          18|          18|
    |add_ln55_4_fu_449_p2     |         +|   0|  0|  25|          18|          18|
    |add_ln55_5_fu_462_p2     |         +|   0|  0|  25|          18|          18|
    |and_ln55_1_fu_525_p2     |       and|   0|  0|   2|           1|           1|
    |and_ln55_2_fu_550_p2     |       and|   0|  0|   2|           1|           1|
    |and_ln55_3_fu_564_p2     |       and|   0|  0|   2|           1|           1|
    |and_ln55_4_fu_540_p2     |       and|   0|  0|   2|           1|           1|
    |and_ln55_fu_500_p2       |       and|   0|  0|   2|           1|           1|
    |grp_fu_164_p2            |      icmp|   0|  0|  11|           8|           2|
    |grp_fu_180_p2            |      icmp|   0|  0|  11|           8|           2|
    |icmp_ln51_fu_226_p2      |      icmp|   0|  0|  13|          16|          16|
    |icmp_ln52_fu_247_p2      |      icmp|   0|  0|  11|          10|          10|
    |icmp_ln53_fu_288_p2      |      icmp|   0|  0|  10|           6|           5|
    |icmp_ln55_1_fu_417_p2    |      icmp|   0|  0|  15|          23|           1|
    |icmp_ln55_3_fu_427_p2    |      icmp|   0|  0|  15|          23|           1|
    |icmp_ln55_5_fu_476_p2    |      icmp|   0|  0|  15|          23|           1|
    |icmp_ln55_7_fu_486_p2    |      icmp|   0|  0|  15|          23|           1|
    |icmp_ln55_9_fu_515_p2    |      icmp|   0|  0|  15|          23|           1|
    |or_ln51_fu_294_p2        |        or|   0|  0|   2|           1|           1|
    |or_ln55_1_fu_521_p2      |        or|   0|  0|   2|           1|           1|
    |or_ln55_2_fu_546_p2      |        or|   0|  0|   2|           1|           1|
    |or_ln55_3_fu_560_p2      |        or|   0|  0|   2|           1|           1|
    |or_ln55_4_fu_536_p2      |        or|   0|  0|   2|           1|           1|
    |or_ln55_fu_496_p2        |        or|   0|  0|   2|           1|           1|
    |select_ln51_1_fu_342_p3  |    select|   0|  0|   6|           1|           1|
    |select_ln51_2_fu_253_p3  |    select|   0|  0|   7|           1|           7|
    |select_ln51_fu_281_p3    |    select|   0|  0|   6|           1|           1|
    |select_ln52_1_fu_305_p3  |    select|   0|  0|   6|           1|           6|
    |select_ln52_2_fu_330_p3  |    select|   0|  0|  10|           1|           1|
    |select_ln52_fu_348_p3    |    select|   0|  0|   6|           1|           6|
    |ap_enable_pp0            |       xor|   0|  0|   2|           1|           2|
    +-------------------------+----------+----+---+----+------------+------------+
    |Total                    |          |   0|  0| 455|         340|         180|
    +-------------------------+----------+----+---+----+------------+------------+

    * Multiplexer: 
    +----------------------------------+----+-----------+-----+-----------+
    |               Name               | LUT| Input Size| Bits| Total Bits|
    +----------------------------------+----+-----------+-----+-----------+
    |ap_NS_fsm                         |  31|          6|    1|          6|
    |ap_done_int                       |   9|          2|    1|          2|
    |ap_enable_reg_pp0_iter0           |   9|          2|    1|          2|
    |ap_enable_reg_pp0_iter1           |   9|          2|    1|          2|
    |ap_enable_reg_pp0_iter3           |   9|          2|    1|          2|
    |ap_loop_exit_ready_pp0_iter1_reg  |   9|          2|    1|          2|
    |ap_loop_exit_ready_pp0_iter2_reg  |   9|          2|    1|          2|
    |grp_fu_149_p0                     |  31|          6|   32|        192|
    |indvar_flatten190_fu_86           |   9|          2|   10|         20|
    |indvar_flatten204_fu_94           |   9|          2|   16|         32|
    |output_fm_address0                |  31|          6|   18|        108|
    |output_fm_address1                |  31|          6|   18|        108|
    |reg_190                           |   9|          2|   32|         64|
    |x_fu_90                           |   9|          2|    7|         14|
    |y_fu_82                           |   9|          2|    6|         12|
    |z_fu_78                           |   9|          2|    6|         12|
    +----------------------------------+----+-----------+-----+-----------+
    |Total                             | 232|         48|  152|        580|
    +----------------------------------+----+-----------+-----+-----------+

    * Register: 
    +----------------------------------------+----+----+-----+-----------+
    |                  Name                  | FF | LUT| Bits| Const Bits|
    +----------------------------------------+----+----+-----+-----------+
    |add_ln53_1_reg_695                      |   6|   0|    6|          0|
    |add_ln53_2_reg_700                      |   6|   0|    6|          0|
    |add_ln53_3_reg_705                      |   6|   0|    6|          0|
    |add_ln55_5_reg_740                      |  18|   0|   18|          0|
    |and_ln55_1_reg_800                      |   1|   0|    1|          0|
    |and_ln55_2_reg_813                      |   1|   0|    1|          0|
    |and_ln55_3_reg_822                      |   1|   0|    1|          0|
    |and_ln55_4_reg_809                      |   1|   0|    1|          0|
    |and_ln55_reg_781                        |   1|   0|    1|          0|
    |ap_CS_fsm                               |   5|   0|    5|          0|
    |ap_done_reg                             |   1|   0|    1|          0|
    |ap_enable_reg_pp0_iter0_reg             |   1|   0|    1|          0|
    |ap_enable_reg_pp0_iter1                 |   1|   0|    1|          0|
    |ap_enable_reg_pp0_iter2                 |   1|   0|    1|          0|
    |ap_enable_reg_pp0_iter3                 |   1|   0|    1|          0|
    |ap_loop_exit_ready_pp0_iter1_reg        |   1|   0|    1|          0|
    |ap_loop_exit_ready_pp0_iter2_reg        |   1|   0|    1|          0|
    |icmp_ln51_reg_630                       |   1|   0|    1|          0|
    |icmp_ln52_reg_634                       |   1|   0|    1|          0|
    |icmp_ln52_reg_634_pp0_iter1_reg         |   1|   0|    1|          0|
    |icmp_ln55_1_reg_715                     |   1|   0|    1|          0|
    |icmp_ln55_2_reg_720                     |   1|   0|    1|          0|
    |icmp_ln55_3_reg_725                     |   1|   0|    1|          0|
    |icmp_ln55_4_reg_750                     |   1|   0|    1|          0|
    |icmp_ln55_5_reg_755                     |   1|   0|    1|          0|
    |icmp_ln55_6_reg_765                     |   1|   0|    1|          0|
    |icmp_ln55_7_reg_770                     |   1|   0|    1|          0|
    |icmp_ln55_8_reg_790                     |   1|   0|    1|          0|
    |icmp_ln55_9_reg_795                     |   1|   0|    1|          0|
    |icmp_ln55_reg_710                       |   1|   0|    1|          0|
    |indvar_flatten190_fu_86                 |  10|   0|   10|          0|
    |indvar_flatten190_load_reg_625          |  10|   0|   10|          0|
    |indvar_flatten204_fu_94                 |  16|   0|   16|          0|
    |mul_ln55_1_reg_676                      |  18|   0|   18|          0|
    |or_ln51_reg_652                         |   1|   0|    1|          0|
    |output_fm_addr_1_reg_690                |  18|   0|   18|          0|
    |output_fm_addr_1_reg_690_pp0_iter2_reg  |  18|   0|   18|          0|
    |output_fm_addr_2_reg_730                |  18|   0|   18|          0|
    |output_fm_addr_2_reg_730_pp0_iter2_reg  |  18|   0|   18|          0|
    |output_fm_addr_3_reg_735                |  18|   0|   18|          0|
    |output_fm_addr_3_reg_735_pp0_iter2_reg  |  18|   0|   18|          0|
    |output_fm_addr_4_reg_775                |  18|   0|   18|          0|
    |output_fm_addr_4_reg_775_pp0_iter3_reg  |  18|   0|   18|          0|
    |output_fm_addr_reg_685                  |  18|   0|   18|          0|
    |output_fm_load_3_reg_760                |  32|   0|   32|          0|
    |reg_186                                 |  32|   0|   32|          0|
    |reg_190                                 |  32|   0|   32|          0|
    |select_ln52_reg_667                     |   6|   0|    6|          0|
    |x_fu_90                                 |   7|   0|    7|          0|
    |y_fu_82                                 |   6|   0|    6|          0|
    |z_fu_78                                 |   6|   0|    6|          0|
    |z_load_reg_647                          |   6|   0|    6|          0|
    |icmp_ln51_reg_630                       |  64|  32|    1|          0|
    +----------------------------------------+----+----+-----+-----------+
    |Total                                   | 474|  32|  411|          0|
    +----------------------------------------+----+----+-----+-----------+



================================================================
== Interface
================================================================
* Summary: 
+--------------------+-----+-----+------------+------------------------------------------------------------------+--------------+
|      RTL Ports     | Dir | Bits|  Protocol  |                           Source Object                          |    C Type    |
+--------------------+-----+-----+------------+------------------------------------------------------------------+--------------+
|ap_clk              |   in|    1|  ap_ctrl_hs|  conv_Pipeline_VITIS_LOOP_51_10_VITIS_LOOP_52_11_VITIS_LOOP_53_12|  return value|
|ap_rst              |   in|    1|  ap_ctrl_hs|  conv_Pipeline_VITIS_LOOP_51_10_VITIS_LOOP_52_11_VITIS_LOOP_53_12|  return value|
|ap_start            |   in|    1|  ap_ctrl_hs|  conv_Pipeline_VITIS_LOOP_51_10_VITIS_LOOP_52_11_VITIS_LOOP_53_12|  return value|
|ap_done             |  out|    1|  ap_ctrl_hs|  conv_Pipeline_VITIS_LOOP_51_10_VITIS_LOOP_52_11_VITIS_LOOP_53_12|  return value|
|ap_idle             |  out|    1|  ap_ctrl_hs|  conv_Pipeline_VITIS_LOOP_51_10_VITIS_LOOP_52_11_VITIS_LOOP_53_12|  return value|
|ap_ready            |  out|    1|  ap_ctrl_hs|  conv_Pipeline_VITIS_LOOP_51_10_VITIS_LOOP_52_11_VITIS_LOOP_53_12|  return value|
|output_fm_address0  |  out|   18|   ap_memory|                                                         output_fm|         array|
|output_fm_ce0       |  out|    1|   ap_memory|                                                         output_fm|         array|
|output_fm_we0       |  out|    1|   ap_memory|                                                         output_fm|         array|
|output_fm_d0        |  out|   32|   ap_memory|                                                         output_fm|         array|
|output_fm_q0        |   in|   32|   ap_memory|                                                         output_fm|         array|
|output_fm_address1  |  out|   18|   ap_memory|                                                         output_fm|         array|
|output_fm_ce1       |  out|    1|   ap_memory|                                                         output_fm|         array|
|output_fm_we1       |  out|    1|   ap_memory|                                                         output_fm|         array|
|output_fm_d1        |  out|   32|   ap_memory|                                                         output_fm|         array|
|output_fm_q1        |   in|   32|   ap_memory|                                                         output_fm|         array|
+--------------------+-----+-----+------------+------------------------------------------------------------------+--------------+

