

================================================================
== Synthesis Summary Report of 'conv'
================================================================
+ General Information: 
    * Date:           Wed Oct  7 17:39:55 2026
    * Version:        2022.2 (Build 3670227 on Oct 13 2022)
    * Project:        vitis.prj
    * Solution:       solution1 (Vivado IP Flow Target)
    * Product family: zynq
    * Target device:  xc7z020-clg400-1
    

+ Performance & Resource Estimates: 
    
    PS: '+' for module; 'o' for loop; '*' for dataflow
    +----------------------------------------------------+--------+-------+-----------+-----------+----------+-----------+--------+----------+------+--------+-----------+------------+-----+
    |                       Modules                      |  Issue |       |  Latency  |  Latency  | Iteration|           |  Trip  |          |      |        |           |            |     |
    |                       & Loops                      |  Type  | Slack |  (cycles) |    (ns)   |  Latency |  Interval |  Count | Pipelined| BRAM |   DSP  |     FF    |     LUT    | URAM|
    +----------------------------------------------------+--------+-------+-----------+-----------+----------+-----------+--------+----------+------+--------+-----------+------------+-----+
    |+ conv                                              |  Timing|  -0.98|  381972870|  3.820e+09|         -|  381972871|       -|        no|     -|  7 (3%)|  4595 (4%)|  7012 (13%)|    -|
    | o VITIS_LOOP_15_1_VITIS_LOOP_17_2_VITIS_LOOP_19_3  |       -|   7.30|  381972800|  3.820e+09|      1973|          -|  193600|        no|     -|       -|          -|           -|    -|
    |  + conv_Pipeline_VITIS_LOOP_23_4_VITIS_LOOP_25_5   |  Timing|  -0.98|       1896|  1.896e+04|         -|       1896|       -|        no|     -|  6 (2%)|  2035 (1%)|   2423 (4%)|    -|
    |   o VITIS_LOOP_23_4_VITIS_LOOP_25_5                |      II|   7.30|       1894|  1.894e+04|       135|         55|      33|       yes|     -|       -|          -|           -|    -|
    +----------------------------------------------------+--------+-------+-----------+-----------+----------+-----------+--------+----------+------+--------+-----------+------------+-----+


================================================================
== HW Interfaces
================================================================
* M_AXI
+------------+------------+---------------+---------+--------+----------+-----------+--------------+--------------+-------------+-------------+
| Interface  | Data Width | Address Width | Latency | Offset | Register | Max Widen | Max Read     | Max Write    | Num Read    | Num Write   |
|            | (SW->HW)   |               |         |        |          | Bitwidth  | Burst Length | Burst Length | Outstanding | Outstanding |
+------------+------------+---------------+---------+--------+----------+-----------+--------------+--------------+-------------+-------------+
| m_axi_mem1 | 32 -> 32   | 64            | 64      | slave  | 0        | 0         | 16           | 16           | 16          | 16          |
| m_axi_mem2 | 32 -> 32   | 64            | 64      | slave  | 0        | 0         | 16           | 16           | 16          | 16          |
+------------+------------+---------------+---------+--------+----------+-----------+--------------+--------------+-------------+-------------+

* S_AXILITE Interfaces
+---------------+------------+---------------+--------+----------+
| Interface     | Data Width | Address Width | Offset | Register |
+---------------+------------+---------------+--------+----------+
| s_axi_control | 32         | 6             | 16     | 0        |
+---------------+------------+---------------+--------+----------+

* S_AXILITE Registers
+---------------+-------------+--------+-------+--------+----------------------------------+----------------------------------------------------------------------+
| Interface     | Register    | Offset | Width | Access | Description                      | Bit Fields                                                           |
+---------------+-------------+--------+-------+--------+----------------------------------+----------------------------------------------------------------------+
| s_axi_control | CTRL        | 0x00   | 32    | RW     | Control signals                  | 0=AP_START 1=AP_DONE 2=AP_IDLE 3=AP_READY 7=AUTO_RESTART 9=INTERRUPT |
| s_axi_control | GIER        | 0x04   | 32    | RW     | Global Interrupt Enable Register | 0=Enable                                                             |
| s_axi_control | IP_IER      | 0x08   | 32    | RW     | IP Interrupt Enable Register     | 0=CHAN0_INT_EN 1=CHAN1_INT_EN                                        |
| s_axi_control | IP_ISR      | 0x0c   | 32    | RW     | IP Interrupt Status Register     | 0=CHAN0_INT_ST 1=CHAN1_INT_ST                                        |
| s_axi_control | input_fm_1  | 0x10   | 32    | W      | Data signal of input_fm          |                                                                      |
| s_axi_control | input_fm_2  | 0x14   | 32    | W      | Data signal of input_fm          |                                                                      |
| s_axi_control | weights_1   | 0x1c   | 32    | W      | Data signal of weights           |                                                                      |
| s_axi_control | weights_2   | 0x20   | 32    | W      | Data signal of weights           |                                                                      |
| s_axi_control | biases_1    | 0x28   | 32    | W      | Data signal of biases            |                                                                      |
| s_axi_control | biases_2    | 0x2c   | 32    | W      | Data signal of biases            |                                                                      |
| s_axi_control | output_fm_1 | 0x34   | 32    | W      | Data signal of output_fm         |                                                                      |
| s_axi_control | output_fm_2 | 0x38   | 32    | W      | Data signal of output_fm         |                                                                      |
+---------------+-------------+--------+-------+--------+----------------------------------+----------------------------------------------------------------------+

* TOP LEVEL CONTROL
+-----------+------------+-----------+
| Interface | Type       | Ports     |
+-----------+------------+-----------+
| ap_clk    | clock      | ap_clk    |
| ap_rst_n  | reset      | ap_rst_n  |
| interrupt | interrupt  | interrupt |
| ap_ctrl   | ap_ctrl_hs |           |
+-----------+------------+-----------+


================================================================
== SW I/O Information
================================================================
* Top Function Arguments
+-----------+-----------+----------+
| Argument  | Direction | Datatype |
+-----------+-----------+----------+
| input_fm  | inout     | float*   |
| weights   | in        | float*   |
| biases    | in        | float*   |
| output_fm | inout     | float*   |
+-----------+-----------+----------+

* SW-to-HW Mapping
+-----------+---------------+-----------+----------+---------------------------------------+
| Argument  | HW Interface  | HW Type   | HW Usage | HW Info                               |
+-----------+---------------+-----------+----------+---------------------------------------+
| input_fm  | m_axi_mem1    | interface |          |                                       |
| input_fm  | s_axi_control | register  | offset   | name=input_fm_1 offset=0x10 range=32  |
| input_fm  | s_axi_control | register  | offset   | name=input_fm_2 offset=0x14 range=32  |
| weights   | m_axi_mem2    | interface |          |                                       |
| weights   | s_axi_control | register  | offset   | name=weights_1 offset=0x1c range=32   |
| weights   | s_axi_control | register  | offset   | name=weights_2 offset=0x20 range=32   |
| biases    | m_axi_mem2    | interface |          |                                       |
| biases    | s_axi_control | register  | offset   | name=biases_1 offset=0x28 range=32    |
| biases    | s_axi_control | register  | offset   | name=biases_2 offset=0x2c range=32    |
| output_fm | m_axi_mem1    | interface |          |                                       |
| output_fm | s_axi_control | register  | offset   | name=output_fm_1 offset=0x34 range=32 |
| output_fm | s_axi_control | register  | offset   | name=output_fm_2 offset=0x38 range=32 |
+-----------+---------------+-----------+----------+---------------------------------------+


================================================================
== M_AXI Burst Information
================================================================
 Note: All burst requests might be further partitioned into multiple requests during RTL generation based on max_read_burst_length or max_write_burst_length settings.

* Inferred Burst Summary
+--------------+-----------------+-----------+--------+-------+----------------+
| HW Interface | Loop            | Direction | Length | Width | Location       |
+--------------+-----------------+-----------+--------+-------+----------------+
| m_axi_mem1   | VITIS_LOOP_15_1 | write     | 193600 | 32    | conv.cpp:15:19 |
| m_axi_mem1   | VITIS_LOOP_27_6 | read      | 11     | 32    | conv.cpp:27:42 |
+--------------+-----------------+-----------+--------+-------+----------------+

* Inferred Bursts and Widening Missed
+--------------+-----------+-----------------+---------------------------------------------------------------------------------------------------------+------------+----------------+
| HW Interface | Variable  | Loop            | Problem                                                                                                 | Resolution | Location       |
+--------------+-----------+-----------------+---------------------------------------------------------------------------------------------------------+------------+----------------+
| m_axi_mem1   | input_fm  | VITIS_LOOP_25_5 | Stride is incompatible                                                                                  | 214-230    | conv.cpp:25:38 |
| m_axi_mem2   | weights   | VITIS_LOOP_19_3 | Stride is incompatible                                                                                  | 214-230    | conv.cpp:19:30 |
| m_axi_mem1   | output_fm | VITIS_LOOP_19_3 | Could not widen since type float size is greater than or equal to the max_widen_bitwidth threshold of 0 | 214-353    | conv.cpp:19:30 |
| m_axi_mem1   | input_fm  | VITIS_LOOP_27_6 | Could not widen since type float size is greater than or equal to the max_widen_bitwidth threshold of 0 | 214-353    | conv.cpp:27:42 |
| m_axi_mem2   | weights   | VITIS_LOOP_27_6 | Could not widen since type float size is greater than or equal to the max_widen_bitwidth threshold of 0 | 214-353    | conv.cpp:27:42 |
| m_axi_mem2   | biases    | VITIS_LOOP_15_1 | Could not widen since type float size is greater than or equal to the max_widen_bitwidth threshold of 0 | 214-353    | conv.cpp:15:19 |
| m_axi_mem2   |           |                 | Could not burst due to multiple potential reads to the same bundle in the same region.                  | 214-224    | conv.cpp:15:19 |
+--------------+-----------+-----------------+---------------------------------------------------------------------------------------------------------+------------+----------------+

    * Resolution URL: www.xilinx.com/cgi-bin/docs/rdoc?v=2022.2;t=hls+guidance;d=XXX-YYY.html (replace XXX-YYY with column value)

================================================================
== Bind Op Report
================================================================
+--------------------------------------------------+-----+--------+-------------+------+---------+---------+
| Name                                             | DSP | Pragma | Variable    | Op   | Impl    | Latency |
+--------------------------------------------------+-----+--------+-------------+------+---------+---------+
| + conv                                           | 7   |        |             |      |         |         |
|   add_ln15_fu_303_p2                             | -   |        | add_ln15    | add  | fabric  | 0       |
|   add_ln15_3_fu_321_p2                           | -   |        | add_ln15_3  | add  | fabric  | 0       |
|   add_ln15_1_fu_339_p2                           | -   |        | add_ln15_1  | add  | fabric  | 0       |
|   mul_mul_7ns_11ns_18_4_1_U21                    | 1   |        | mul_ln15    | mul  | dsp48   | 3       |
|   add_ln15_2_fu_390_p2                           | -   |        | add_ln15_2  | add  | fabric  | 0       |
|   add_ln17_fu_495_p2                             | -   |        | add_ln17    | add  | fabric  | 0       |
|   tmp_fu_450_p2                                  | -   |        | tmp         | add  | fabric  | 0       |
|   add_ln19_fu_455_p2                             | -   |        | add_ln19    | add  | fabric  | 0       |
|   add_ln17_1_fu_358_p2                           | -   |        | add_ln17_1  | add  | fabric  | 0       |
|  + conv_Pipeline_VITIS_LOOP_23_4_VITIS_LOOP_25_5 | 6   |        |             |      |         |         |
|    add_ln23_fu_373_p2                            | -   |        | add_ln23    | add  | fabric  | 0       |
|    add_ln23_1_fu_399_p2                          | -   |        | add_ln23_1  | add  | fabric  | 0       |
|    mul_2ns_8ns_9_1_1_U3                          | -   |        | mul_ln23    | mul  | auto    | 0       |
|    mul_2ns_19ns_20_1_1_U4                        | -   |        | mul_ln23_1  | mul  | auto    | 0       |
|    mul_4ns_5ns_8_1_1_U5                          | -   |        | empty_22    | mul  | auto    | 0       |
|    ama_addmuladd_4ns_8ns_10ns_20ns_20_4_1_U6     | 1   |        | empty_23    | add  | dsp48   | 3       |
|    ama_addmuladd_4ns_8ns_10ns_20ns_20_4_1_U6     | 1   |        | empty_24    | mul  | dsp48   | 3       |
|    ama_addmuladd_4ns_8ns_10ns_20ns_20_4_1_U6     | 1   |        | tmp1        | add  | dsp48   | 3       |
|    empty_25_fu_460_p2                            | -   |        | empty_25    | add  | fabric  | 0       |
|    fmul_32ns_32ns_32_4_max_dsp_1_U2              | 3   |        | mul         | fmul | maxdsp  | 3       |
|    fadd_32ns_32ns_32_5_full_dsp_1_U1             | 2   |        | sum_s       | fadd | fulldsp | 4       |
|    add_ln33_1_fu_506_p2                          | -   |        | add_ln33_1  | add  | fabric  | 0       |
|    fmul_32ns_32ns_32_4_max_dsp_1_U2              | 3   |        | mul_1       | fmul | maxdsp  | 3       |
|    fadd_32ns_32ns_32_5_full_dsp_1_U1             | 2   |        | sum_2_1     | fadd | fulldsp | 4       |
|    add_ln33_2_fu_521_p2                          | -   |        | add_ln33_2  | add  | fabric  | 0       |
|    fmul_32ns_32ns_32_4_max_dsp_1_U2              | 3   |        | mul_2       | fmul | maxdsp  | 3       |
|    fadd_32ns_32ns_32_5_full_dsp_1_U1             | 2   |        | sum_2_2     | fadd | fulldsp | 4       |
|    add_ln33_3_fu_536_p2                          | -   |        | add_ln33_3  | add  | fabric  | 0       |
|    fmul_32ns_32ns_32_4_max_dsp_1_U2              | 3   |        | mul_3       | fmul | maxdsp  | 3       |
|    fadd_32ns_32ns_32_5_full_dsp_1_U1             | 2   |        | sum_2_3     | fadd | fulldsp | 4       |
|    add_ln33_4_fu_551_p2                          | -   |        | add_ln33_4  | add  | fabric  | 0       |
|    fmul_32ns_32ns_32_4_max_dsp_1_U2              | 3   |        | mul_4       | fmul | maxdsp  | 3       |
|    fadd_32ns_32ns_32_5_full_dsp_1_U1             | 2   |        | sum_2_4     | fadd | fulldsp | 4       |
|    add_ln33_5_fu_566_p2                          | -   |        | add_ln33_5  | add  | fabric  | 0       |
|    fmul_32ns_32ns_32_4_max_dsp_1_U2              | 3   |        | mul_5       | fmul | maxdsp  | 3       |
|    fadd_32ns_32ns_32_5_full_dsp_1_U1             | 2   |        | sum_2_5     | fadd | fulldsp | 4       |
|    add_ln33_6_fu_581_p2                          | -   |        | add_ln33_6  | add  | fabric  | 0       |
|    fmul_32ns_32ns_32_4_max_dsp_1_U2              | 3   |        | mul_6       | fmul | maxdsp  | 3       |
|    fadd_32ns_32ns_32_5_full_dsp_1_U1             | 2   |        | sum_2_6     | fadd | fulldsp | 4       |
|    add_ln33_7_fu_596_p2                          | -   |        | add_ln33_7  | add  | fabric  | 0       |
|    fmul_32ns_32ns_32_4_max_dsp_1_U2              | 3   |        | mul_7       | fmul | maxdsp  | 3       |
|    fadd_32ns_32ns_32_5_full_dsp_1_U1             | 2   |        | sum_2_7     | fadd | fulldsp | 4       |
|    add_ln33_8_fu_611_p2                          | -   |        | add_ln33_8  | add  | fabric  | 0       |
|    fmul_32ns_32ns_32_4_max_dsp_1_U2              | 3   |        | mul_8       | fmul | maxdsp  | 3       |
|    fadd_32ns_32ns_32_5_full_dsp_1_U1             | 2   |        | sum_2_8     | fadd | fulldsp | 4       |
|    add_ln33_9_fu_626_p2                          | -   |        | add_ln33_9  | add  | fabric  | 0       |
|    fmul_32ns_32ns_32_4_max_dsp_1_U2              | 3   |        | mul_9       | fmul | maxdsp  | 3       |
|    fadd_32ns_32ns_32_5_full_dsp_1_U1             | 2   |        | sum_2_9     | fadd | fulldsp | 4       |
|    add_ln33_10_fu_641_p2                         | -   |        | add_ln33_10 | add  | fabric  | 0       |
|    fmul_32ns_32ns_32_4_max_dsp_1_U2              | 3   |        | mul_s       | fmul | maxdsp  | 3       |
|    fadd_32ns_32ns_32_5_full_dsp_1_U1             | 2   |        | sum_2_s     | fadd | fulldsp | 4       |
|    add_ln25_fu_656_p2                            | -   |        | add_ln25    | add  | fabric  | 0       |
+--------------------------------------------------+-----+--------+-------------+------+---------+---------+


================================================================
== Bind Storage Report
================================================================
  No bind storage info in design

================================================================
== Pragma Report
================================================================
* Valid Pragma Syntax
+-----------+----------------------------------------------------+--------------------------------+
| Type      | Options                                            | Location                       |
+-----------+----------------------------------------------------+--------------------------------+
| interface | mode=m_axi port=input_fm offset=slave bundle=mem1  | conv.cpp:9 in conv, input_fm   |
| interface | mode=m_axi port=weights offset=slave bundle=mem2   | conv.cpp:10 in conv, weights   |
| interface | mode=m_axi port=biases offset=slave bundle=mem2    | conv.cpp:11 in conv, biases    |
| interface | mode=m_axi port=output_fm offset=slave bundle=mem1 | conv.cpp:12 in conv, output_fm |
| interface | mode=s_axilite port=return                         | conv.cpp:13 in conv, return    |
+-----------+----------------------------------------------------+--------------------------------+


