

================================================================
== Synthesis Summary Report of 'conv'
================================================================
+ General Information: 
    * Date:           Wed Oct  7 17:29:06 2026
    * Version:        2022.2 (Build 3670227 on Oct 13 2022)
    * Project:        vitis.prj
    * Solution:       solution1 (Vivado IP Flow Target)
    * Product family: zynq
    * Target device:  xc7z020-clg400-1
    

+ Performance & Resource Estimates: 
    
    PS: '+' for module; 'o' for loop; '*' for dataflow
    +-------------------------------------------------------------------+------+------+-----------+-----------+----------+-----------+--------+----------+------+--------+-----------+-----------+-----+
    |                              Modules                              | Issue|      |  Latency  |  Latency  | Iteration|           |  Trip  |          |      |        |           |           |     |
    |                              & Loops                              | Type | Slack|  (cycles) |    (ns)   |  Latency |  Interval |  Count | Pipelined| BRAM |   DSP  |     FF    |    LUT    | URAM|
    +-------------------------------------------------------------------+------+------+-----------+-----------+----------+-----------+--------+----------+------+--------+-----------+-----------+-----+
    |+ conv                                                             |     -|  0.04|  355256001|  3.553e+09|         -|  355256002|       -|        no|     -|  9 (4%)|  819 (~0%)|  1545 (2%)|    -|
    | o VITIS_LOOP_9_1_VITIS_LOOP_11_2_VITIS_LOOP_13_3                  |     -|  7.30|  355256000|  3.553e+09|      1835|          -|  193600|        no|     -|       -|          -|          -|    -|
    |  + conv_Pipeline_VITIS_LOOP_17_4_VITIS_LOOP_19_5_VITIS_LOOP_21_6  |     -|  0.04|       1829|  1.829e+04|         -|       1829|       -|        no|     -|  8 (3%)|  644 (~0%)|  1177 (2%)|    -|
    |   o VITIS_LOOP_17_4_VITIS_LOOP_19_5_VITIS_LOOP_21_6               |    II|  7.30|       1827|  1.827e+04|        18|          5|     363|       yes|     -|       -|          -|          -|    -|
    +-------------------------------------------------------------------+------+------+-----------+-----------+----------+-----------+--------+----------+------+--------+-----------+-----------+-----+


================================================================
== HW Interfaces
================================================================
* AP_MEMORY
+--------------------+----------+
| Interface          | Bitwidth |
+--------------------+----------+
| biases_address0    | 6        |
| biases_q0          | 32       |
| input_fm_address0  | 18       |
| input_fm_q0        | 32       |
| output_fm_address0 | 18       |
| output_fm_d0       | 32       |
| weights_address0   | 15       |
| weights_q0         | 32       |
+--------------------+----------+

* TOP LEVEL CONTROL
+-----------+------------+-----------------------------------+
| Interface | Type       | Ports                             |
+-----------+------------+-----------------------------------+
| ap_clk    | clock      | ap_clk                            |
| ap_rst    | reset      | ap_rst                            |
| ap_ctrl   | ap_ctrl_hs | ap_done ap_idle ap_ready ap_start |
+-----------+------------+-----------------------------------+


================================================================
== SW I/O Information
================================================================
* Top Function Arguments
+-----------+-----------+----------+
| Argument  | Direction | Datatype |
+-----------+-----------+----------+
| input_fm  | in        | float*   |
| weights   | in        | float*   |
| biases    | in        | float*   |
| output_fm | out       | float*   |
+-----------+-----------+----------+

* SW-to-HW Mapping
+-----------+--------------------+---------+----------+
| Argument  | HW Interface       | HW Type | HW Usage |
+-----------+--------------------+---------+----------+
| input_fm  | input_fm_address0  | port    | offset   |
| input_fm  | input_fm_ce0       | port    |          |
| input_fm  | input_fm_q0        | port    |          |
| weights   | weights_address0   | port    | offset   |
| weights   | weights_ce0        | port    |          |
| weights   | weights_q0         | port    |          |
| biases    | biases_address0    | port    | offset   |
| biases    | biases_ce0         | port    |          |
| biases    | biases_q0          | port    |          |
| output_fm | output_fm_address0 | port    | offset   |
| output_fm | output_fm_ce0      | port    |          |
| output_fm | output_fm_we0      | port    |          |
| output_fm | output_fm_d0       | port    |          |
+-----------+--------------------+---------+----------+


================================================================
== Bind Op Report
================================================================
+------------------------------------------------------------------+-----+--------+------------+------+---------+---------+
| Name                                                             | DSP | Pragma | Variable   | Op   | Impl    | Latency |
+------------------------------------------------------------------+-----+--------+------------+------+---------+---------+
| + conv                                                           | 9   |        |            |      |         |         |
|   add_ln9_1_fu_194_p2                                            | -   |        | add_ln9_1  | add  | fabric  | 0       |
|   add_ln9_fu_206_p2                                              | -   |        | add_ln9    | add  | fabric  | 0       |
|   sub_ln27_fu_290_p2                                             | -   |        | sub_ln27   | sub  | fabric  | 0       |
|   mul_7ns_7ns_13_1_1_U21                                         | -   |        | mul_ln32   | mul  | auto    | 0       |
|   add_ln11_fu_340_p2                                             | -   |        | add_ln11   | add  | fabric  | 0       |
|   ama_addmuladd_13ns_6ns_6ns_6ns_18_4_1_U22                      | 1   |        | add_ln32   | add  | dsp48   | 3       |
|   ama_addmuladd_13ns_6ns_6ns_6ns_18_4_1_U22                      | 1   |        | mul_ln32_1 | mul  | dsp48   | 3       |
|   ama_addmuladd_13ns_6ns_6ns_6ns_18_4_1_U22                      | 1   |        | add_ln32_1 | add  | dsp48   | 3       |
|   add_ln13_fu_397_p2                                             | -   |        | add_ln13   | add  | fabric  | 0       |
|   add_ln11_1_fu_231_p2                                           | -   |        | add_ln11_1 | add  | fabric  | 0       |
|  + conv_Pipeline_VITIS_LOOP_17_4_VITIS_LOOP_19_5_VITIS_LOOP_21_6 | 8   |        |            |      |         |         |
|    empty_fu_292_p2                                               | -   |        | empty      | add  | fabric  | 0       |
|    add_ln17_1_fu_219_p2                                          | -   |        | add_ln17_1 | add  | fabric  | 0       |
|    add_ln17_fu_231_p2                                            | -   |        | add_ln17   | add  | fabric  | 0       |
|    mul_2ns_9ns_10_1_1_U3                                         | -   |        | mul_ln26   | mul  | auto    | 0       |
|    add_ln27_fu_263_p2                                            | -   |        | add_ln27   | add  | fabric  | 0       |
|    mac_muladd_11s_4ns_4ns_14_4_1_U4                              | 1   |        | mul_ln17   | mul  | dsp48   | 3       |
|    add_ln19_fu_273_p2                                            | -   |        | add_ln19   | add  | fabric  | 0       |
|    mac_muladd_11s_4ns_4ns_14_4_1_U4                              | 1   |        | add_ln27_1 | add  | dsp48   | 3       |
|    mac_muladd_14s_4ns_4ns_15_4_1_U6                              | 1   |        | mul_ln19   | mul  | dsp48   | 3       |
|    p_mid1_fu_335_p2                                              | -   |        | p_mid1     | add  | fabric  | 0       |
|    ama_addmuladd_10ns_8ns_8ns_8ns_18_4_1_U5                      | 1   |        | add_ln26   | add  | dsp48   | 3       |
|    ama_addmuladd_10ns_8ns_8ns_8ns_18_4_1_U5                      | 1   |        | mul_ln26_1 | mul  | dsp48   | 3       |
|    mac_muladd_14s_4ns_4ns_15_4_1_U6                              | 1   |        | add_ln27_2 | add  | dsp48   | 3       |
|    add_ln24_fu_384_p2                                            | -   |        | add_ln24   | add  | fabric  | 0       |
|    ama_addmuladd_10ns_8ns_8ns_8ns_18_4_1_U5                      | 1   |        | add_ln26_1 | add  | dsp48   | 3       |
|    fmul_32ns_32ns_32_4_max_dsp_1_U2                              | 3   |        | mul        | fmul | maxdsp  | 3       |
|    fadd_32ns_32ns_32_5_full_dsp_1_U1                             | 2   |        | sum        | fadd | fulldsp | 4       |
|    add_ln21_fu_417_p2                                            | -   |        | add_ln21   | add  | fabric  | 0       |
|    add_ln19_1_fu_397_p2                                          | -   |        | add_ln19_1 | add  | fabric  | 0       |
+------------------------------------------------------------------+-----+--------+------------+------+---------+---------+


================================================================
== Bind Storage Report
================================================================
  No bind storage info in design

================================================================
== Pragma Report
================================================================
  No pragmas found

