

================================================================
== Synthesis Summary Report of 'conv'
================================================================
+ General Information: 
    * Date:           Wed Oct  7 15:53:18 2026
    * Version:        2022.2 (Build 3670227 on Oct 13 2022)
    * Project:        vitis.prj
    * Solution:       solution1 (Vivado IP Flow Target)
    * Product family: zynq
    * Target device:  xc7z020-clg400-1
    

+ Performance & Resource Estimates: 
    
    PS: '+' for module; 'o' for loop; '*' for dataflow
    +---------------------------------------------------------------------+------+------+-----------+-----------+----------+-----------+--------+----------+------+---------+-----------+------------+-----+
    |                               Modules                               | Issue|      |  Latency  |  Latency  | Iteration|           |  Trip  |          |      |         |           |            |     |
    |                               & Loops                               | Type | Slack|  (cycles) |    (ns)   |  Latency |  Interval |  Count | Pipelined| BRAM |   DSP   |     FF    |     LUT    | URAM|
    +---------------------------------------------------------------------+------+------+-----------+-----------+----------+-----------+--------+----------+------+---------+-----------+------------+-----+
    |+ conv                                                               |     -|  0.04|  573791704|  5.738e+09|         -|  573791705|       -|        no|     -|  21 (9%)|  6568 (6%)|  8138 (15%)|    -|
    | + conv_Pipeline_VITIS_LOOP_18_1_VITIS_LOOP_19_2_VITIS_LOOP_20_3     |     -|  0.08|     116168|  1.162e+06|         -|     116168|       -|        no|     -|  2 (~0%)|  182 (~0%)|   519 (~0%)|    -|
    |  o VITIS_LOOP_18_1_VITIS_LOOP_19_2_VITIS_LOOP_20_3                  |    II|  7.30|     116166|  1.162e+06|        10|          3|   38720|       yes|     -|        -|          -|           -|    -|
    | + conv_Pipeline_VITIS_LOOP_51_10_VITIS_LOOP_52_11_VITIS_LOOP_53_12  |     -|  0.08|     193613|  1.936e+06|         -|     193613|       -|        no|     -|  2 (~0%)|  474 (~0%)|    719 (1%)|    -|
    |  o VITIS_LOOP_51_10_VITIS_LOOP_52_11_VITIS_LOOP_53_12               |    II|  7.30|     193611|  1.936e+06|        17|          5|   38720|       yes|     -|        -|          -|           -|    -|
    | o VITIS_LOOP_28_4_VITIS_LOOP_30_6_VITIS_LOOP_32_7                   |     -|  7.30|  573481920|  5.735e+09|      4937|          -|  116160|        no|     -|        -|          -|           -|    -|
    |  + conv_Pipeline_VITIS_LOOP_36_8_VITIS_LOOP_37_9                    |     -|  0.04|        984|  9.840e+03|         -|        984|       -|        no|     -|   4 (1%)|  1417 (1%)|    907 (1%)|    -|
    |   o VITIS_LOOP_36_8_VITIS_LOOP_37_9                                 |    II|  7.30|        982|  9.820e+03|        23|          8|     121|       yes|     -|        -|          -|           -|    -|
    |  + conv_Pipeline_VITIS_LOOP_36_8_VITIS_LOOP_37_91                   |     -|  0.04|        984|  9.840e+03|         -|        984|       -|        no|     -|  1 (~0%)|  953 (~0%)|    709 (1%)|    -|
    |   o VITIS_LOOP_36_8_VITIS_LOOP_37_9                                 |    II|  7.30|        982|  9.820e+03|        23|          8|     121|       yes|     -|        -|          -|           -|    -|
    |  + conv_Pipeline_VITIS_LOOP_36_8_VITIS_LOOP_37_92                   |     -|  0.04|        985|  9.850e+03|         -|        985|       -|        no|     -|  2 (~0%)|  994 (~0%)|    648 (1%)|    -|
    |   o VITIS_LOOP_36_8_VITIS_LOOP_37_9                                 |    II|  7.30|        983|  9.830e+03|        24|          8|     121|       yes|     -|        -|          -|           -|    -|
    |  + conv_Pipeline_VITIS_LOOP_36_8_VITIS_LOOP_37_93                   |     -|  0.04|        984|  9.840e+03|         -|        984|       -|        no|     -|  1 (~0%)|  953 (~0%)|    709 (1%)|    -|
    |   o VITIS_LOOP_36_8_VITIS_LOOP_37_9                                 |    II|  7.30|        982|  9.820e+03|        23|          8|     121|       yes|     -|        -|          -|           -|    -|
    |  + conv_Pipeline_VITIS_LOOP_36_8_VITIS_LOOP_37_94                   |     -|  0.04|        984|  9.840e+03|         -|        984|       -|        no|     -|  1 (~0%)|  953 (~0%)|    709 (1%)|    -|
    |   o VITIS_LOOP_36_8_VITIS_LOOP_37_9                                 |    II|  7.30|        982|  9.820e+03|        23|          8|     121|       yes|     -|        -|          -|           -|    -|
    +---------------------------------------------------------------------+------+------+-----------+-----------+----------+-----------+--------+----------+------+---------+-----------+------------+-----+


================================================================
== HW Interfaces
================================================================
* AP_MEMORY
+----------------------+----------+
| Interface            | Bitwidth |
+----------------------+----------+
| biases_address0      | 6        |
| biases_q0            | 32       |
| input_fm_0_address0  | 14       |
| input_fm_0_q0        | 32       |
| input_fm_10_address0 | 14       |
| input_fm_10_q0       | 32       |
| input_fm_1_address0  | 14       |
| input_fm_1_q0        | 32       |
| input_fm_2_address0  | 14       |
| input_fm_2_q0        | 32       |
| input_fm_3_address0  | 14       |
| input_fm_3_q0        | 32       |
| input_fm_4_address0  | 14       |
| input_fm_4_q0        | 32       |
| input_fm_5_address0  | 14       |
| input_fm_5_q0        | 32       |
| input_fm_6_address0  | 14       |
| input_fm_6_q0        | 32       |
| input_fm_7_address0  | 14       |
| input_fm_7_q0        | 32       |
| input_fm_8_address0  | 14       |
| input_fm_8_q0        | 32       |
| input_fm_9_address0  | 14       |
| input_fm_9_q0        | 32       |
| output_fm_address0   | 18       |
| output_fm_address1   | 18       |
| output_fm_d0         | 32       |
| output_fm_d1         | 32       |
| output_fm_q0         | 32       |
| output_fm_q1         | 32       |
| weights_0_address0   | 12       |
| weights_0_q0         | 32       |
| weights_10_address0  | 12       |
| weights_10_q0        | 32       |
| weights_1_address0   | 12       |
| weights_1_q0         | 32       |
| weights_2_address0   | 12       |
| weights_2_q0         | 32       |
| weights_3_address0   | 12       |
| weights_3_q0         | 32       |
| weights_4_address0   | 12       |
| weights_4_q0         | 32       |
| weights_5_address0   | 12       |
| weights_5_q0         | 32       |
| weights_6_address0   | 12       |
| weights_6_q0         | 32       |
| weights_7_address0   | 12       |
| weights_7_q0         | 32       |
| weights_8_address0   | 12       |
| weights_8_q0         | 32       |
| weights_9_address0   | 12       |
| weights_9_q0         | 32       |
+----------------------+----------+

* TOP LEVEL CONTROL
+-----------+------------+-----------------------------------+
| Interface | Type       | Ports                             |
+-----------+------------+-----------------------------------+
| ap_clk    | clock      | ap_clk                            |
| ap_rst    | reset      | ap_rst                            |
| ap_ctrl   | ap_ctrl_hs | ap_done ap_idle ap_ready ap_start |
+-----------+------------+-----------------------------------+


================================================================
== SW I/O Information
================================================================
* Top Function Arguments
+-----------+-----------+----------+
| Argument  | Direction | Datatype |
+-----------+-----------+----------+
| input_fm  | in        | float*   |
| weights   | in        | float*   |
| biases    | in        | float*   |
| output_fm | inout     | float*   |
+-----------+-----------+----------+

* SW-to-HW Mapping
+-----------+----------------------+---------+----------+
| Argument  | HW Interface         | HW Type | HW Usage |
+-----------+----------------------+---------+----------+
| input_fm  | input_fm_0_address0  | port    | offset   |
| input_fm  | input_fm_0_ce0       | port    |          |
| input_fm  | input_fm_0_q0        | port    |          |
| input_fm  | input_fm_1_address0  | port    | offset   |
| input_fm  | input_fm_1_ce0       | port    |          |
| input_fm  | input_fm_1_q0        | port    |          |
| input_fm  | input_fm_2_address0  | port    | offset   |
| input_fm  | input_fm_2_ce0       | port    |          |
| input_fm  | input_fm_2_q0        | port    |          |
| input_fm  | input_fm_3_address0  | port    | offset   |
| input_fm  | input_fm_3_ce0       | port    |          |
| input_fm  | input_fm_3_q0        | port    |          |
| input_fm  | input_fm_4_address0  | port    | offset   |
| input_fm  | input_fm_4_ce0       | port    |          |
| input_fm  | input_fm_4_q0        | port    |          |
| input_fm  | input_fm_5_address0  | port    | offset   |
| input_fm  | input_fm_5_ce0       | port    |          |
| input_fm  | input_fm_5_q0        | port    |          |
| input_fm  | input_fm_6_address0  | port    | offset   |
| input_fm  | input_fm_6_ce0       | port    |          |
| input_fm  | input_fm_6_q0        | port    |          |
| input_fm  | input_fm_7_address0  | port    | offset   |
| input_fm  | input_fm_7_ce0       | port    |          |
| input_fm  | input_fm_7_q0        | port    |          |
| input_fm  | input_fm_8_address0  | port    | offset   |
| input_fm  | input_fm_8_ce0       | port    |          |
| input_fm  | input_fm_8_q0        | port    |          |
| input_fm  | input_fm_9_address0  | port    | offset   |
| input_fm  | input_fm_9_ce0       | port    |          |
| input_fm  | input_fm_9_q0        | port    |          |
| input_fm  | input_fm_10_address0 | port    | offset   |
| input_fm  | input_fm_10_ce0      | port    |          |
| input_fm  | input_fm_10_q0       | port    |          |
| weights   | weights_0_address0   | port    | offset   |
| weights   | weights_0_ce0        | port    |          |
| weights   | weights_0_q0         | port    |          |
| weights   | weights_1_address0   | port    | offset   |
| weights   | weights_1_ce0        | port    |          |
| weights   | weights_1_q0         | port    |          |
| weights   | weights_2_address0   | port    | offset   |
| weights   | weights_2_ce0        | port    |          |
| weights   | weights_2_q0         | port    |          |
| weights   | weights_3_address0   | port    | offset   |
| weights   | weights_3_ce0        | port    |          |
| weights   | weights_3_q0         | port    |          |
| weights   | weights_4_address0   | port    | offset   |
| weights   | weights_4_ce0        | port    |          |
| weights   | weights_4_q0         | port    |          |
| weights   | weights_5_address0   | port    | offset   |
| weights   | weights_5_ce0        | port    |          |
| weights   | weights_5_q0         | port    |          |
| weights   | weights_6_address0   | port    | offset   |
| weights   | weights_6_ce0        | port    |          |
| weights   | weights_6_q0         | port    |          |
| weights   | weights_7_address0   | port    | offset   |
| weights   | weights_7_ce0        | port    |          |
| weights   | weights_7_q0         | port    |          |
| weights   | weights_8_address0   | port    | offset   |
| weights   | weights_8_ce0        | port    |          |
| weights   | weights_8_q0         | port    |          |
| weights   | weights_9_address0   | port    | offset   |
| weights   | weights_9_ce0        | port    |          |
| weights   | weights_9_q0         | port    |          |
| weights   | weights_10_address0  | port    | offset   |
| weights   | weights_10_ce0       | port    |          |
| weights   | weights_10_q0        | port    |          |
| biases    | biases_address0      | port    | offset   |
| biases    | biases_ce0           | port    |          |
| biases    | biases_q0            | port    |          |
| output_fm | output_fm_address0   | port    | offset   |
| output_fm | output_fm_ce0        | port    |          |
| output_fm | output_fm_we0        | port    |          |
| output_fm | output_fm_d0         | port    |          |
| output_fm | output_fm_q0         | port    |          |
| output_fm | output_fm_address1   | port    | offset   |
| output_fm | output_fm_ce1        | port    |          |
| output_fm | output_fm_we1        | port    |          |
| output_fm | output_fm_d1         | port    |          |
| output_fm | output_fm_q1         | port    |          |
+-----------+----------------------+---------+----------+


================================================================
== Bind Op Report
================================================================
+---------------------------------------------------------------------+-----+--------+-------------+-----+--------+---------+
| Name                                                                | DSP | Pragma | Variable    | Op  | Impl   | Latency |
+---------------------------------------------------------------------+-----+--------+-------------+-----+--------+---------+
| + conv                                                              | 21  |        |             |     |        |         |
|   add_ln31_fu_522_p2                                                | -   |        | add_ln31    | add | fabric | 0       |
|   empty_fu_538_p2                                                   | -   |        | empty       | add | fabric | 0       |
|   add_ln28_1_fu_550_p2                                              | -   |        | add_ln28_1  | add | fabric | 0       |
|   add_ln28_fu_562_p2                                                | -   |        | add_ln28    | add | fabric | 0       |
|   sub_ln42_fu_782_p2                                                | -   |        | sub_ln42    | sub | fabric | 0       |
|   mac_muladd_7ns_6ns_6ns_13_4_1_U196                                | 1   |        | mul_ln42    | mul | dsp48  | 3       |
|   add_ln29_fu_792_p2                                                | -   |        | add_ln29    | add | fabric | 0       |
|   mul_2ns_9ns_10_1_1_U194                                           | -   |        | mul_ln42_1  | mul | auto   | 0       |
|   add_ln42_fu_809_p2                                                | -   |        | add_ln42    | add | fabric | 0       |
|   mul_11s_5ns_12_1_1_U195                                           | 1   |        | mul_ln29    | mul | auto   | 0       |
|   add_ln30_fu_696_p2                                                | -   |        | add_ln30    | add | fabric | 0       |
|   mac_muladd_7ns_6ns_6ns_13_4_1_U196                                | 1   |        | add_ln42_1  | add | dsp48  | 3       |
|   mul_mul_13ns_6ns_18_4_1_U197                                      | 1   |        | mul_ln42_3  | mul | dsp48  | 3       |
|   p_mid1127_fu_728_p2                                               | -   |        | p_mid1127   | add | fabric | 0       |
|   add_ln35_fu_852_p2                                                | -   |        | add_ln35    | add | fabric | 0       |
|   add_ln42_2_fu_872_p2                                              | -   |        | add_ln42_2  | add | fabric | 0       |
|   add_ln42_4_fu_902_p2                                              | -   |        | add_ln42_4  | add | fabric | 0       |
|   empty_25_fu_908_p2                                                | -   |        | empty_25    | add | fabric | 0       |
|   add_ln42_7_fu_916_p2                                              | -   |        | add_ln42_7  | add | fabric | 0       |
|   empty_27_fu_928_p2                                                | -   |        | empty_27    | add | fabric | 0       |
|   add_ln42_8_fu_937_p2                                              | -   |        | add_ln42_8  | add | fabric | 0       |
|   empty_28_fu_943_p2                                                | -   |        | empty_28    | add | fabric | 0       |
|   add_ln42_9_fu_952_p2                                              | -   |        | add_ln42_9  | add | fabric | 0       |
|   add_ln32_fu_888_p2                                                | -   |        | add_ln32    | add | fabric | 0       |
|   add_ln30_1_fu_640_p2                                              | -   |        | add_ln30_1  | add | fabric | 0       |
|   add_ln29_1_fu_586_p2                                              | -   |        | add_ln29_1  | add | fabric | 0       |
|  + conv_Pipeline_VITIS_LOOP_18_1_VITIS_LOOP_19_2_VITIS_LOOP_20_3    | 2   |        |             |     |        |         |
|    add_ln18_1_fu_186_p2                                             | -   |        | add_ln18_1  | add | fabric | 0       |
|    add_ln18_fu_198_p2                                               | -   |        | add_ln18    | add | fabric | 0       |
|    mac_muladd_7ns_6ns_6ns_13_4_1_U1                                 | 1   |        | mul_ln22    | mul | dsp48  | 3       |
|    add_ln19_fu_256_p2                                               | -   |        | add_ln19    | add | fabric | 0       |
|    mac_muladd_7ns_6ns_6ns_13_4_1_U1                                 | 1   |        | add_ln22    | add | dsp48  | 3       |
|    mul_mul_13ns_6ns_18_4_1_U2                                       | 1   |        | mul_ln22_1  | mul | dsp48  | 3       |
|    add_ln22_1_fu_330_p2                                             | -   |        | add_ln22_1  | add | fabric | 0       |
|    add_ln20_fu_340_p2                                               | -   |        | add_ln20    | add | fabric | 0       |
|    add_ln22_2_fu_349_p2                                             | -   |        | add_ln22_2  | add | fabric | 0       |
|    add_ln20_1_fu_359_p2                                             | -   |        | add_ln20_1  | add | fabric | 0       |
|    add_ln22_3_fu_377_p2                                             | -   |        | add_ln22_3  | add | fabric | 0       |
|    add_ln20_2_fu_364_p2                                             | -   |        | add_ln20_2  | add | fabric | 0       |
|    add_ln22_4_fu_390_p2                                             | -   |        | add_ln22_4  | add | fabric | 0       |
|    add_ln20_3_fu_369_p2                                             | -   |        | add_ln20_3  | add | fabric | 0       |
|    add_ln22_5_fu_403_p2                                             | -   |        | add_ln22_5  | add | fabric | 0       |
|    add_ln20_4_fu_312_p2                                             | -   |        | add_ln20_4  | add | fabric | 0       |
|    add_ln19_1_fu_274_p2                                             | -   |        | add_ln19_1  | add | fabric | 0       |
|  + conv_Pipeline_VITIS_LOOP_51_10_VITIS_LOOP_52_11_VITIS_LOOP_53_12 | 2   |        |             |     |        |         |
|    add_ln51_1_fu_232_p2                                             | -   |        | add_ln51_1  | add | fabric | 0       |
|    add_ln51_fu_241_p2                                               | -   |        | add_ln51    | add | fabric | 0       |
|    mac_muladd_7ns_6ns_6ns_13_4_1_U190                               | 1   |        | mul_ln55    | mul | dsp48  | 3       |
|    add_ln52_fu_299_p2                                               | -   |        | add_ln52    | add | fabric | 0       |
|    mac_muladd_7ns_6ns_6ns_13_4_1_U190                               | 1   |        | add_ln55    | add | dsp48  | 3       |
|    mul_mul_13ns_6ns_18_4_1_U191                                     | 1   |        | mul_ln55_1  | mul | dsp48  | 3       |
|    add_ln55_1_fu_369_p2                                             | -   |        | add_ln55_1  | add | fabric | 0       |
|    add_ln53_fu_379_p2                                               | -   |        | add_ln53    | add | fabric | 0       |
|    add_ln55_2_fu_388_p2                                             | -   |        | add_ln55_2  | add | fabric | 0       |
|    add_ln53_1_fu_398_p2                                             | -   |        | add_ln53_1  | add | fabric | 0       |
|    add_ln55_3_fu_436_p2                                             | -   |        | add_ln55_3  | add | fabric | 0       |
|    add_ln53_2_fu_403_p2                                             | -   |        | add_ln53_2  | add | fabric | 0       |
|    add_ln55_4_fu_449_p2                                             | -   |        | add_ln55_4  | add | fabric | 0       |
|    add_ln53_3_fu_408_p2                                             | -   |        | add_ln53_3  | add | fabric | 0       |
|    add_ln55_5_fu_462_p2                                             | -   |        | add_ln55_5  | add | fabric | 0       |
|    add_ln53_4_fu_355_p2                                             | -   |        | add_ln53_4  | add | fabric | 0       |
|    add_ln52_1_fu_325_p2                                             | -   |        | add_ln52_1  | add | fabric | 0       |
|  + conv_Pipeline_VITIS_LOOP_36_8_VITIS_LOOP_37_9                    | 4   |        |             |     |        |         |
|    empty_fu_557_p2                                                  | -   |        | empty       | add | fabric | 0       |
|    add_ln36_5_fu_570_p2                                             | -   |        | add_ln36_5  | add | fabric | 0       |
|    add_ln36_fu_575_p2                                               | -   |        | add_ln36    | add | fabric | 0       |
|    p_mid1_fu_585_p2                                                 | -   |        | p_mid1      | add | fabric | 0       |
|    add_ln42_fu_601_p2                                               | -   |        | add_ln42    | add | fabric | 0       |
|    mul_mul_11s_5ns_14_4_1_U13                                       | 1   |        | mul_ln42_4  | mul | dsp48  | 3       |
|    add_ln36_7_fu_715_p2                                             | -   |        | add_ln36_7  | add | fabric | 0       |
|    add_ln40_3_fu_530_p2                                             | -   |        | add_ln40_3  | add | fabric | 0       |
|    add_ln40_fu_540_p2                                               | -   |        | add_ln40    | add | fabric | 0       |
|    mul_9ns_66ns_73_5_1_U10                                          | 3   |        | mul_ln42    | mul | auto   | 4       |
|    add_ln42_6_fu_668_p2                                             | -   |        | add_ln42_6  | add | fabric | 0       |
|    add_ln37_fu_693_p2                                               | -   |        | add_ln37    | add | fabric | 0       |
|  + conv_Pipeline_VITIS_LOOP_36_8_VITIS_LOOP_37_91                   | 1   |        |             |     |        |         |
|    empty_fu_546_p2                                                  | -   |        | empty       | add | fabric | 0       |
|    add_ln36_fu_559_p2                                               | -   |        | add_ln36    | add | fabric | 0       |
|    add_ln36_1_fu_513_p2                                             | -   |        | add_ln36_1  | add | fabric | 0       |
|    p_mid151_fu_567_p2                                               | -   |        | p_mid151    | add | fabric | 0       |
|    add_ln42_fu_583_p2                                               | -   |        | add_ln42    | add | fabric | 0       |
|    mul_mul_11s_5ns_14_4_1_U52                                       | 1   |        | mul_ln42_6  | mul | dsp48  | 3       |
|    add_ln36_6_fu_690_p2                                             | -   |        | add_ln36_6  | add | fabric | 0       |
|    add_ln40_fu_537_p2                                               | -   |        | add_ln40    | add | fabric | 0       |
|    add_ln40_1_fu_610_p2                                             | -   |        | add_ln40_1  | add | fabric | 0       |
|    mul_8ns_10ns_17_1_1_U49                                          | -   |        | mul_ln42    | mul | auto   | 0       |
|    add_ln42_5_fu_644_p2                                             | -   |        | add_ln42_5  | add | fabric | 0       |
|    add_ln37_fu_668_p2                                               | -   |        | add_ln37    | add | fabric | 0       |
|  + conv_Pipeline_VITIS_LOOP_36_8_VITIS_LOOP_37_92                   | 2   |        |             |     |        |         |
|    empty_fu_510_p2                                                  | -   |        | empty       | add | fabric | 0       |
|    add_ln36_fu_530_p2                                               | -   |        | add_ln36    | add | fabric | 0       |
|    add_ln36_2_fu_539_p2                                             | -   |        | add_ln36_2  | add | fabric | 0       |
|    p_mid172_fu_563_p2                                               | -   |        | p_mid172    | add | fabric | 0       |
|    add_ln42_fu_581_p2                                               | -   |        | add_ln42    | add | fabric | 0       |
|    mul_mul_11s_5ns_14_4_1_U88                                       | 1   |        | mul_ln42_8  | mul | dsp48  | 3       |
|    add_ln36_5_fu_683_p2                                             | -   |        | add_ln36_5  | add | fabric | 0       |
|    add_ln40_2_fu_607_p2                                             | -   |        | add_ln40_2  | add | fabric | 0       |
|    mul_mul_9ns_10ns_19_4_1_U87                                      | 1   |        | mul_ln42    | mul | dsp48  | 3       |
|    add_ln42_3_fu_637_p2                                             | -   |        | add_ln42_3  | add | fabric | 0       |
|    add_ln37_fu_661_p2                                               | -   |        | add_ln37    | add | fabric | 0       |
|  + conv_Pipeline_VITIS_LOOP_36_8_VITIS_LOOP_37_93                   | 1   |        |             |     |        |         |
|    empty_fu_546_p2                                                  | -   |        | empty       | add | fabric | 0       |
|    add_ln36_fu_559_p2                                               | -   |        | add_ln36    | add | fabric | 0       |
|    add_ln36_3_fu_513_p2                                             | -   |        | add_ln36_3  | add | fabric | 0       |
|    p_mid193_fu_567_p2                                               | -   |        | p_mid193    | add | fabric | 0       |
|    add_ln42_fu_583_p2                                               | -   |        | add_ln42    | add | fabric | 0       |
|    mul_mul_11s_5ns_14_4_1_U125                                      | 1   |        | mul_ln42_10 | mul | dsp48  | 3       |
|    add_ln36_4_fu_690_p2                                             | -   |        | add_ln36_4  | add | fabric | 0       |
|    add_ln40_fu_537_p2                                               | -   |        | add_ln40    | add | fabric | 0       |
|    add_ln40_2_fu_610_p2                                             | -   |        | add_ln40_2  | add | fabric | 0       |
|    mul_8ns_10ns_17_1_1_U122                                         | -   |        | mul_ln42    | mul | auto   | 0       |
|    add_ln42_2_fu_644_p2                                             | -   |        | add_ln42_2  | add | fabric | 0       |
|    add_ln37_fu_668_p2                                               | -   |        | add_ln37    | add | fabric | 0       |
|  + conv_Pipeline_VITIS_LOOP_36_8_VITIS_LOOP_37_94                   | 1   |        |             |     |        |         |
|    empty_fu_546_p2                                                  | -   |        | empty       | add | fabric | 0       |
|    add_ln36_fu_559_p2                                               | -   |        | add_ln36    | add | fabric | 0       |
|    add_ln36_1_fu_513_p2                                             | -   |        | add_ln36_1  | add | fabric | 0       |
|    p_mid1114_fu_567_p2                                              | -   |        | p_mid1114   | add | fabric | 0       |
|    add_ln42_fu_583_p2                                               | -   |        | add_ln42    | add | fabric | 0       |
|    mul_mul_11s_5ns_14_4_1_U160                                      | 1   |        | mul_ln42_12 | mul | dsp48  | 3       |
|    add_ln36_2_fu_690_p2                                             | -   |        | add_ln36_2  | add | fabric | 0       |
|    add_ln40_fu_537_p2                                               | -   |        | add_ln40    | add | fabric | 0       |
|    add_ln40_1_fu_610_p2                                             | -   |        | add_ln40_1  | add | fabric | 0       |
|    mul_8ns_10ns_17_1_1_U157                                         | -   |        | mul_ln42    | mul | auto   | 0       |
|    add_ln42_1_fu_644_p2                                             | -   |        | add_ln42_1  | add | fabric | 0       |
|    add_ln37_fu_668_p2                                               | -   |        | add_ln37    | add | fabric | 0       |
+---------------------------------------------------------------------+-----+--------+-------------+-----+--------+---------+


================================================================
== Bind Storage Report
================================================================
  No bind storage info in design

================================================================
== Pragma Report
================================================================
* Valid Pragma Syntax
+-----------------+------------------------------------------+-------------------------------+
| Type            | Options                                  | Location                      |
+-----------------+------------------------------------------+-------------------------------+
| array_partition | variable=weights complete dim=4          | conv.cpp:11 in conv, weights  |
| array_partition | variable=input_fm cyclic factor=11 dim=3 | conv.cpp:12 in conv, input_fm |
| unroll          | factor = 5                               | conv.cpp:21 in conv           |
| unroll          | factor = 5                               | conv.cpp:34 in conv           |
| unroll          | factor = 5                               | conv.cpp:54 in conv           |
+-----------------+------------------------------------------+-------------------------------+


