Copyright 1986-2022 Xilinx, Inc. All Rights Reserved.
---------------------------------------------------------------------------------------------------------------------------------
| Tool Version : Vivado v.2022.2 (lin64) Build 3671981 Fri Oct 14 04:59:54 MDT 2022
| Date         : Tue Oct  6 18:13:22 2026
| Host         : hunmin.ece.iit.edu running 64-bit Red Hat Enterprise Linux Server release 7.9 (Maipo)
| Command      : report_drc -file matrix_wrapper_drc_opted.rpt -pb matrix_wrapper_drc_opted.pb -rpx matrix_wrapper_drc_opted.rpx
| Design       : matrix_wrapper
| Device       : xc7z020clg400-1
| Speed File   : -1
| Design State : Synthesized
---------------------------------------------------------------------------------------------------------------------------------

Report DRC

Table of Contents
-----------------
1. REPORT SUMMARY
2. REPORT DETAILS

1. REPORT SUMMARY
-----------------
            Netlist: netlist
          Floorplan: design_1
      Design limits: <entire design considered>
           Ruledeck: default
             Max violations: <unlimited>
             Violations found: 1
+--------+----------+------------------+------------+
| Rule   | Severity | Description      | Violations |
+--------+----------+------------------+------------+
| DPIP-1 | Warning  | Input pipelining | 1          |
+--------+----------+------------------+------------+

2. REPORT DETAILS
-----------------
DPIP-1#1 Warning
Input pipelining  
DSP matrix_i/matmul_0/inst/grp_matmul_Pipeline_VITIS_LOOP_61_9_fu_2836/mac_muladd_16s_16s_16ns_16_4_1_U206/matmul_mac_muladd_16s_16s_16ns_16_4_1_DSP48_2_U/p_reg_reg input matrix_i/matmul_0/inst/grp_matmul_Pipeline_VITIS_LOOP_61_9_fu_2836/mac_muladd_16s_16s_16ns_16_4_1_U206/matmul_mac_muladd_16s_16s_16ns_16_4_1_DSP48_2_U/p_reg_reg/C[47:0] is not pipelined. Pipelining DSP48 input will improve performance.
Related violations: <none>


