
*** Running vivado
    with args -log conv_optim_auto_pc_1.vds -m64 -product Vivado -mode batch -messageDb vivado.pb -notrace -source conv_optim_auto_pc_1.tcl


****** Vivado v2022.2 (64-bit)
  **** SW Build 3671981 on Fri Oct 14 04:59:54 MDT 2022
  **** IP Build 3669848 on Fri Oct 14 08:30:02 MDT 2022
    ** Copyright 1986-2022 Xilinx, Inc. All Rights Reserved.

source conv_optim_auto_pc_1.tcl -notrace
create_project: Time (s): cpu = 00:00:06 ; elapsed = 00:00:07 . Memory (MB): peak = 1386.516 ; gain = 2.020 ; free physical = 184396 ; free virtual = 289833
INFO: [IP_Flow 19-234] Refreshing IP repositories
INFO: [IP_Flow 19-1700] Loaded user IP repository '/home/ykim131_588fa26/Desktop/ECE588/ECE588_fa2026_Lab03/results/part2/optim/vitis.prj/solution1/impl/ip'.
INFO: [IP_Flow 19-2313] Loaded Vivado IP repository '/apps/Xilinx/Vivado/2022.2/data/ip'.
INFO: [IP_Flow 19-6924] IPCACHE: Running cache check for IP inst: conv_optim_auto_pc_1
Command: synth_design -top conv_optim_auto_pc_1 -part xc7z020clg400-1 -incremental_mode off -mode out_of_context
Starting synth_design
Attempting to get a license for feature 'Synthesis' and/or device 'xc7z020'
INFO: [Common 17-349] Got license for feature 'Synthesis' and/or device 'xc7z020'
INFO: [Device 21-403] Loading part xc7z020clg400-1
INFO: [Synth 8-7079] Multithreading enabled for synth_design using a maximum of 4 processes.
INFO: [Synth 8-7078] Launching helper process for spawning children vivado processes
INFO: [Synth 8-7075] Helper process launched with PID 117550
INFO: [Synth 8-11241] undeclared symbol 'REGCCE', assumed default net type 'wire' [/apps/Xilinx/Vivado/2022.2/data/verilog/src/unimacro/BRAM_SINGLE_MACRO.v:2170]
---------------------------------------------------------------------------------
Starting RTL Elaboration : Time (s): cpu = 00:00:07 ; elapsed = 00:00:09 . Memory (MB): peak = 2098.906 ; gain = 369.547 ; free physical = 177758 ; free virtual = 283207
Synthesis current peak Physical Memory [PSS] (MB): peak = 1151.556; parent = 1033.888; children = 117.668
Synthesis current peak Virtual Memory [VSS] (MB): peak = 3416.984; parent = 2105.844; children = 1311.141
---------------------------------------------------------------------------------
INFO: [Synth 8-6157] synthesizing module 'conv_optim_auto_pc_1' [/home/ykim131_588fa26/Desktop/ECE588/ECE588_fa2026_Lab03/vivado/conv_optim/conv_optim.gen/sources_1/bd/conv_optim/ip/conv_optim_auto_pc_1/synth/conv_optim_auto_pc_1.v:53]
INFO: [Synth 8-6157] synthesizing module 'axi_protocol_converter_v2_1_27_axi_protocol_converter' [/home/ykim131_588fa26/Desktop/ECE588/ECE588_fa2026_Lab03/vivado/conv_optim/conv_optim.gen/sources_1/bd/conv_optim/ipshared/aeb3/hdl/axi_protocol_converter_v2_1_vl_rfs.v:4807]
INFO: [Synth 8-6157] synthesizing module 'axi_protocol_converter_v2_1_27_axi3_conv' [/home/ykim131_588fa26/Desktop/ECE588/ECE588_fa2026_Lab03/vivado/conv_optim/conv_optim.gen/sources_1/bd/conv_optim/ipshared/aeb3/hdl/axi_protocol_converter_v2_1_vl_rfs.v:953]
INFO: [Synth 8-6157] synthesizing module 'axi_protocol_converter_v2_1_27_b_downsizer' [/home/ykim131_588fa26/Desktop/ECE588/ECE588_fa2026_Lab03/vivado/conv_optim/conv_optim.gen/sources_1/bd/conv_optim/ipshared/aeb3/hdl/axi_protocol_converter_v2_1_vl_rfs.v:2275]
INFO: [Synth 8-6155] done synthesizing module 'axi_protocol_converter_v2_1_27_b_downsizer' (0#1) [/home/ykim131_588fa26/Desktop/ECE588/ECE588_fa2026_Lab03/vivado/conv_optim/conv_optim.gen/sources_1/bd/conv_optim/ipshared/aeb3/hdl/axi_protocol_converter_v2_1_vl_rfs.v:2275]
INFO: [Synth 8-6157] synthesizing module 'axi_protocol_converter_v2_1_27_a_axi3_conv' [/home/ykim131_588fa26/Desktop/ECE588/ECE588_fa2026_Lab03/vivado/conv_optim/conv_optim.gen/sources_1/bd/conv_optim/ipshared/aeb3/hdl/axi_protocol_converter_v2_1_vl_rfs.v:61]
INFO: [Synth 8-6157] synthesizing module 'axi_data_fifo_v2_1_26_axic_fifo' [/home/ykim131_588fa26/Desktop/ECE588/ECE588_fa2026_Lab03/vivado/conv_optim/conv_optim.gen/sources_1/bd/conv_optim/ipshared/3111/hdl/axi_data_fifo_v2_1_vl_rfs.v:63]
INFO: [Synth 8-6157] synthesizing module 'axi_data_fifo_v2_1_26_fifo_gen' [/home/ykim131_588fa26/Desktop/ECE588/ECE588_fa2026_Lab03/vivado/conv_optim/conv_optim.gen/sources_1/bd/conv_optim/ipshared/3111/hdl/axi_data_fifo_v2_1_vl_rfs.v:167]
INFO: [Synth 8-6157] synthesizing module 'xpm_cdc_async_rst' [/apps/Xilinx/Vivado/2022.2/data/ip/xpm/xpm_cdc/hdl/xpm_cdc.sv:1174]
INFO: [Synth 8-6155] done synthesizing module 'xpm_cdc_async_rst' (0#1) [/apps/Xilinx/Vivado/2022.2/data/ip/xpm/xpm_cdc/hdl/xpm_cdc.sv:1174]
INFO: [Synth 8-6155] done synthesizing module 'axi_data_fifo_v2_1_26_fifo_gen' (0#1) [/home/ykim131_588fa26/Desktop/ECE588/ECE588_fa2026_Lab03/vivado/conv_optim/conv_optim.gen/sources_1/bd/conv_optim/ipshared/3111/hdl/axi_data_fifo_v2_1_vl_rfs.v:167]
INFO: [Synth 8-6155] done synthesizing module 'axi_data_fifo_v2_1_26_axic_fifo' (0#1) [/home/ykim131_588fa26/Desktop/ECE588/ECE588_fa2026_Lab03/vivado/conv_optim/conv_optim.gen/sources_1/bd/conv_optim/ipshared/3111/hdl/axi_data_fifo_v2_1_vl_rfs.v:63]
INFO: [Synth 8-6155] done synthesizing module 'axi_protocol_converter_v2_1_27_a_axi3_conv' (0#1) [/home/ykim131_588fa26/Desktop/ECE588/ECE588_fa2026_Lab03/vivado/conv_optim/conv_optim.gen/sources_1/bd/conv_optim/ipshared/aeb3/hdl/axi_protocol_converter_v2_1_vl_rfs.v:61]
INFO: [Synth 8-6157] synthesizing module 'axi_protocol_converter_v2_1_27_w_axi3_conv' [/home/ykim131_588fa26/Desktop/ECE588/ECE588_fa2026_Lab03/vivado/conv_optim/conv_optim.gen/sources_1/bd/conv_optim/ipshared/aeb3/hdl/axi_protocol_converter_v2_1_vl_rfs.v:2003]
INFO: [Synth 8-6155] done synthesizing module 'axi_protocol_converter_v2_1_27_w_axi3_conv' (0#1) [/home/ykim131_588fa26/Desktop/ECE588/ECE588_fa2026_Lab03/vivado/conv_optim/conv_optim.gen/sources_1/bd/conv_optim/ipshared/aeb3/hdl/axi_protocol_converter_v2_1_vl_rfs.v:2003]
INFO: [Synth 8-6157] synthesizing module 'axi_protocol_converter_v2_1_27_a_axi3_conv__parameterized0' [/home/ykim131_588fa26/Desktop/ECE588/ECE588_fa2026_Lab03/vivado/conv_optim/conv_optim.gen/sources_1/bd/conv_optim/ipshared/aeb3/hdl/axi_protocol_converter_v2_1_vl_rfs.v:61]
INFO: [Synth 8-6157] synthesizing module 'axi_data_fifo_v2_1_26_axic_fifo__parameterized0' [/home/ykim131_588fa26/Desktop/ECE588/ECE588_fa2026_Lab03/vivado/conv_optim/conv_optim.gen/sources_1/bd/conv_optim/ipshared/3111/hdl/axi_data_fifo_v2_1_vl_rfs.v:63]
INFO: [Synth 8-6157] synthesizing module 'axi_data_fifo_v2_1_26_fifo_gen__parameterized0' [/home/ykim131_588fa26/Desktop/ECE588/ECE588_fa2026_Lab03/vivado/conv_optim/conv_optim.gen/sources_1/bd/conv_optim/ipshared/3111/hdl/axi_data_fifo_v2_1_vl_rfs.v:167]
INFO: [Synth 8-6155] done synthesizing module 'axi_data_fifo_v2_1_26_fifo_gen__parameterized0' (0#1) [/home/ykim131_588fa26/Desktop/ECE588/ECE588_fa2026_Lab03/vivado/conv_optim/conv_optim.gen/sources_1/bd/conv_optim/ipshared/3111/hdl/axi_data_fifo_v2_1_vl_rfs.v:167]
INFO: [Synth 8-6155] done synthesizing module 'axi_data_fifo_v2_1_26_axic_fifo__parameterized0' (0#1) [/home/ykim131_588fa26/Desktop/ECE588/ECE588_fa2026_Lab03/vivado/conv_optim/conv_optim.gen/sources_1/bd/conv_optim/ipshared/3111/hdl/axi_data_fifo_v2_1_vl_rfs.v:63]
INFO: [Synth 8-6155] done synthesizing module 'axi_protocol_converter_v2_1_27_a_axi3_conv__parameterized0' (0#1) [/home/ykim131_588fa26/Desktop/ECE588/ECE588_fa2026_Lab03/vivado/conv_optim/conv_optim.gen/sources_1/bd/conv_optim/ipshared/aeb3/hdl/axi_protocol_converter_v2_1_vl_rfs.v:61]
INFO: [Synth 8-6157] synthesizing module 'axi_protocol_converter_v2_1_27_r_axi3_conv' [/home/ykim131_588fa26/Desktop/ECE588/ECE588_fa2026_Lab03/vivado/conv_optim/conv_optim.gen/sources_1/bd/conv_optim/ipshared/aeb3/hdl/axi_protocol_converter_v2_1_vl_rfs.v:1788]
INFO: [Synth 8-6155] done synthesizing module 'axi_protocol_converter_v2_1_27_r_axi3_conv' (0#1) [/home/ykim131_588fa26/Desktop/ECE588/ECE588_fa2026_Lab03/vivado/conv_optim/conv_optim.gen/sources_1/bd/conv_optim/ipshared/aeb3/hdl/axi_protocol_converter_v2_1_vl_rfs.v:1788]
INFO: [Synth 8-6155] done synthesizing module 'axi_protocol_converter_v2_1_27_axi3_conv' (0#1) [/home/ykim131_588fa26/Desktop/ECE588/ECE588_fa2026_Lab03/vivado/conv_optim/conv_optim.gen/sources_1/bd/conv_optim/ipshared/aeb3/hdl/axi_protocol_converter_v2_1_vl_rfs.v:953]
INFO: [Synth 8-6155] done synthesizing module 'axi_protocol_converter_v2_1_27_axi_protocol_converter' (0#1) [/home/ykim131_588fa26/Desktop/ECE588/ECE588_fa2026_Lab03/vivado/conv_optim/conv_optim.gen/sources_1/bd/conv_optim/ipshared/aeb3/hdl/axi_protocol_converter_v2_1_vl_rfs.v:4807]
INFO: [Synth 8-6155] done synthesizing module 'conv_optim_auto_pc_1' (0#1) [/home/ykim131_588fa26/Desktop/ECE588/ECE588_fa2026_Lab03/vivado/conv_optim/conv_optim.gen/sources_1/bd/conv_optim/ip/conv_optim_auto_pc_1/synth/conv_optim_auto_pc_1.v:53]
WARNING: [Synth 8-6014] Unused sequential element S_AXI_AUSER_Q_reg was removed.  [/home/ykim131_588fa26/Desktop/ECE588/ECE588_fa2026_Lab03/vivado/conv_optim/conv_optim.gen/sources_1/bd/conv_optim/ipshared/aeb3/hdl/axi_protocol_converter_v2_1_vl_rfs.v:281]
WARNING: [Synth 8-6014] Unused sequential element NO_B_CHANNEL.cmd_b_depth_reg was removed.  [/home/ykim131_588fa26/Desktop/ECE588/ECE588_fa2026_Lab03/vivado/conv_optim/conv_optim.gen/sources_1/bd/conv_optim/ipshared/aeb3/hdl/axi_protocol_converter_v2_1_vl_rfs.v:853]
WARNING: [Synth 8-6014] Unused sequential element S_AXI_AUSER_Q_reg was removed.  [/home/ykim131_588fa26/Desktop/ECE588/ECE588_fa2026_Lab03/vivado/conv_optim/conv_optim.gen/sources_1/bd/conv_optim/ipshared/aeb3/hdl/axi_protocol_converter_v2_1_vl_rfs.v:281]
WARNING: [Synth 8-6014] Unused sequential element cmd_b_push_block_reg was removed.  [/home/ykim131_588fa26/Desktop/ECE588/ECE588_fa2026_Lab03/vivado/conv_optim/conv_optim.gen/sources_1/bd/conv_optim/ipshared/aeb3/hdl/axi_protocol_converter_v2_1_vl_rfs.v:637]
WARNING: [Synth 8-7129] Port ACLK in module axi_protocol_converter_v2_1_27_r_axi3_conv is either unconnected or has no load
WARNING: [Synth 8-7129] Port ARESET in module axi_protocol_converter_v2_1_27_r_axi3_conv is either unconnected or has no load
WARNING: [Synth 8-7129] Port ALMOST_FULL_I in module output_blk__parameterized0 is either unconnected or has no load
WARNING: [Synth 8-7129] Port PROG_FULL_I in module output_blk__parameterized0 is either unconnected or has no load
WARNING: [Synth 8-7129] Port ALMOST_EMPTY_I in module output_blk__parameterized0 is either unconnected or has no load
WARNING: [Synth 8-7129] Port PROG_EMPTY_I in module output_blk__parameterized0 is either unconnected or has no load
WARNING: [Synth 8-7129] Port WR_ACK_I in module output_blk__parameterized0 is either unconnected or has no load
WARNING: [Synth 8-7129] Port VALID_I in module output_blk__parameterized0 is either unconnected or has no load
WARNING: [Synth 8-7129] Port OVERFLOW_I in module output_blk__parameterized0 is either unconnected or has no load
WARNING: [Synth 8-7129] Port UNDERFLOW_I in module output_blk__parameterized0 is either unconnected or has no load
WARNING: [Synth 8-7129] Port DATA_COUNT_I[5] in module output_blk__parameterized0 is either unconnected or has no load
WARNING: [Synth 8-7129] Port DATA_COUNT_I[4] in module output_blk__parameterized0 is either unconnected or has no load
WARNING: [Synth 8-7129] Port DATA_COUNT_I[3] in module output_blk__parameterized0 is either unconnected or has no load
WARNING: [Synth 8-7129] Port DATA_COUNT_I[2] in module output_blk__parameterized0 is either unconnected or has no load
WARNING: [Synth 8-7129] Port DATA_COUNT_I[1] in module output_blk__parameterized0 is either unconnected or has no load
WARNING: [Synth 8-7129] Port DATA_COUNT_I[0] in module output_blk__parameterized0 is either unconnected or has no load
WARNING: [Synth 8-7129] Port WR_DATA_COUNT_I[5] in module output_blk__parameterized0 is either unconnected or has no load
WARNING: [Synth 8-7129] Port WR_DATA_COUNT_I[4] in module output_blk__parameterized0 is either unconnected or has no load
WARNING: [Synth 8-7129] Port WR_DATA_COUNT_I[3] in module output_blk__parameterized0 is either unconnected or has no load
WARNING: [Synth 8-7129] Port WR_DATA_COUNT_I[2] in module output_blk__parameterized0 is either unconnected or has no load
WARNING: [Synth 8-7129] Port WR_DATA_COUNT_I[1] in module output_blk__parameterized0 is either unconnected or has no load
WARNING: [Synth 8-7129] Port WR_DATA_COUNT_I[0] in module output_blk__parameterized0 is either unconnected or has no load
WARNING: [Synth 8-7129] Port RD_DATA_COUNT_I[5] in module output_blk__parameterized0 is either unconnected or has no load
WARNING: [Synth 8-7129] Port RD_DATA_COUNT_I[4] in module output_blk__parameterized0 is either unconnected or has no load
WARNING: [Synth 8-7129] Port RD_DATA_COUNT_I[3] in module output_blk__parameterized0 is either unconnected or has no load
WARNING: [Synth 8-7129] Port RD_DATA_COUNT_I[2] in module output_blk__parameterized0 is either unconnected or has no load
WARNING: [Synth 8-7129] Port RD_DATA_COUNT_I[1] in module output_blk__parameterized0 is either unconnected or has no load
WARNING: [Synth 8-7129] Port RD_DATA_COUNT_I[0] in module output_blk__parameterized0 is either unconnected or has no load
WARNING: [Synth 8-7129] Port SBITERR_I in module output_blk__parameterized0 is either unconnected or has no load
WARNING: [Synth 8-7129] Port DBITERR_I in module output_blk__parameterized0 is either unconnected or has no load
WARNING: [Synth 8-7129] Port SRST_FULL_FF in module wr_status_flags_ss is either unconnected or has no load
WARNING: [Synth 8-7129] Port WR_RST in module wr_status_flags_ss is either unconnected or has no load
WARNING: [Synth 8-7129] Port SRST in module wr_status_flags_ss is either unconnected or has no load
WARNING: [Synth 8-7129] Port SAFETY_CKT_WR_RST in module wr_status_flags_ss is either unconnected or has no load
WARNING: [Synth 8-7129] Port WR_PNTR_PLUS2[4] in module wr_status_flags_ss is either unconnected or has no load
WARNING: [Synth 8-7129] Port WR_PNTR_PLUS2[3] in module wr_status_flags_ss is either unconnected or has no load
WARNING: [Synth 8-7129] Port WR_PNTR_PLUS2[2] in module wr_status_flags_ss is either unconnected or has no load
WARNING: [Synth 8-7129] Port WR_PNTR_PLUS2[1] in module wr_status_flags_ss is either unconnected or has no load
WARNING: [Synth 8-7129] Port WR_PNTR_PLUS2[0] in module wr_status_flags_ss is either unconnected or has no load
WARNING: [Synth 8-7129] Port WR_PNTR_PLUS3[4] in module wr_status_flags_ss is either unconnected or has no load
WARNING: [Synth 8-7129] Port WR_PNTR_PLUS3[3] in module wr_status_flags_ss is either unconnected or has no load
WARNING: [Synth 8-7129] Port WR_PNTR_PLUS3[2] in module wr_status_flags_ss is either unconnected or has no load
WARNING: [Synth 8-7129] Port WR_PNTR_PLUS3[1] in module wr_status_flags_ss is either unconnected or has no load
WARNING: [Synth 8-7129] Port WR_PNTR_PLUS3[0] in module wr_status_flags_ss is either unconnected or has no load
WARNING: [Synth 8-7129] Port SRST in module wr_bin_cntr is either unconnected or has no load
WARNING: [Synth 8-7129] Port WR_EN_INTO_LOGIC in module wr_logic is either unconnected or has no load
WARNING: [Synth 8-7129] Port WR_RST_INTO_LOGIC in module wr_logic is either unconnected or has no load
WARNING: [Synth 8-7129] Port RD_EN in module wr_logic is either unconnected or has no load
WARNING: [Synth 8-7129] Port WR_RST_BUSY in module wr_logic is either unconnected or has no load
WARNING: [Synth 8-7129] Port EMPTY in module wr_logic is either unconnected or has no load
WARNING: [Synth 8-7129] Port ALMOST_EMPTY in module wr_logic is either unconnected or has no load
WARNING: [Synth 8-7129] Port PROG_FULL_THRESH[4] in module wr_logic is either unconnected or has no load
WARNING: [Synth 8-7129] Port PROG_FULL_THRESH[3] in module wr_logic is either unconnected or has no load
WARNING: [Synth 8-7129] Port PROG_FULL_THRESH[2] in module wr_logic is either unconnected or has no load
WARNING: [Synth 8-7129] Port PROG_FULL_THRESH[1] in module wr_logic is either unconnected or has no load
WARNING: [Synth 8-7129] Port PROG_FULL_THRESH[0] in module wr_logic is either unconnected or has no load
WARNING: [Synth 8-7129] Port PROG_FULL_THRESH_ASSERT[4] in module wr_logic is either unconnected or has no load
WARNING: [Synth 8-7129] Port PROG_FULL_THRESH_ASSERT[3] in module wr_logic is either unconnected or has no load
WARNING: [Synth 8-7129] Port PROG_FULL_THRESH_ASSERT[2] in module wr_logic is either unconnected or has no load
WARNING: [Synth 8-7129] Port PROG_FULL_THRESH_ASSERT[1] in module wr_logic is either unconnected or has no load
WARNING: [Synth 8-7129] Port PROG_FULL_THRESH_ASSERT[0] in module wr_logic is either unconnected or has no load
WARNING: [Synth 8-7129] Port PROG_FULL_THRESH_NEGATE[4] in module wr_logic is either unconnected or has no load
WARNING: [Synth 8-7129] Port PROG_FULL_THRESH_NEGATE[3] in module wr_logic is either unconnected or has no load
WARNING: [Synth 8-7129] Port PROG_FULL_THRESH_NEGATE[2] in module wr_logic is either unconnected or has no load
WARNING: [Synth 8-7129] Port PROG_FULL_THRESH_NEGATE[1] in module wr_logic is either unconnected or has no load
WARNING: [Synth 8-7129] Port PROG_FULL_THRESH_NEGATE[0] in module wr_logic is either unconnected or has no load
WARNING: [Synth 8-7129] Port SRST in module rd_fwft is either unconnected or has no load
WARNING: [Synth 8-7129] Port SAFETY_CKT_RD_RST in module rd_fwft is either unconnected or has no load
WARNING: [Synth 8-7129] Port RAM_ALMOST_EMPTY in module rd_fwft is either unconnected or has no load
WARNING: [Synth 8-7129] Port SRST in module rd_status_flags_ss is either unconnected or has no load
WARNING: [Synth 8-7129] Port SAFETY_CKT_RD_RST in module rd_status_flags_ss is either unconnected or has no load
WARNING: [Synth 8-7129] Port RD_PNTR_PLUS2[4] in module rd_status_flags_ss is either unconnected or has no load
WARNING: [Synth 8-7129] Port RD_PNTR_PLUS2[3] in module rd_status_flags_ss is either unconnected or has no load
WARNING: [Synth 8-7129] Port RD_PNTR_PLUS2[2] in module rd_status_flags_ss is either unconnected or has no load
WARNING: [Synth 8-7129] Port RD_PNTR_PLUS2[1] in module rd_status_flags_ss is either unconnected or has no load
WARNING: [Synth 8-7129] Port RD_PNTR_PLUS2[0] in module rd_status_flags_ss is either unconnected or has no load
WARNING: [Synth 8-7129] Port SRST in module rd_bin_cntr is either unconnected or has no load
WARNING: [Synth 8-7129] Port RD_EN_INTO_LOGIC in module rd_logic is either unconnected or has no load
WARNING: [Synth 8-7129] Port RD_RST_INTO_LOGIC in module rd_logic is either unconnected or has no load
WARNING: [Synth 8-7129] Port RD_RST_BUSY in module rd_logic is either unconnected or has no load
WARNING: [Synth 8-7129] Port RST_FULL_FF in module rd_logic is either unconnected or has no load
WARNING: [Synth 8-7129] Port ALMOST_FULL_FB in module rd_logic is either unconnected or has no load
WARNING: [Synth 8-7129] Port FULL in module rd_logic is either unconnected or has no load
WARNING: [Synth 8-7129] Port WR_PNTR_PLUS1_RD[4] in module rd_logic is either unconnected or has no load
WARNING: [Synth 8-7129] Port WR_PNTR_PLUS1_RD[3] in module rd_logic is either unconnected or has no load
WARNING: [Synth 8-7129] Port WR_PNTR_PLUS1_RD[2] in module rd_logic is either unconnected or has no load
WARNING: [Synth 8-7129] Port WR_PNTR_PLUS1_RD[1] in module rd_logic is either unconnected or has no load
WARNING: [Synth 8-7129] Port WR_PNTR_PLUS1_RD[0] in module rd_logic is either unconnected or has no load
WARNING: [Synth 8-7129] Port PROG_EMPTY_THRESH[4] in module rd_logic is either unconnected or has no load
WARNING: [Synth 8-7129] Port PROG_EMPTY_THRESH[3] in module rd_logic is either unconnected or has no load
WARNING: [Synth 8-7129] Port PROG_EMPTY_THRESH[2] in module rd_logic is either unconnected or has no load
WARNING: [Synth 8-7129] Port PROG_EMPTY_THRESH[1] in module rd_logic is either unconnected or has no load
WARNING: [Synth 8-7129] Port PROG_EMPTY_THRESH[0] in module rd_logic is either unconnected or has no load
WARNING: [Synth 8-7129] Port PROG_EMPTY_THRESH_ASSERT[4] in module rd_logic is either unconnected or has no load
WARNING: [Synth 8-7129] Port PROG_EMPTY_THRESH_ASSERT[3] in module rd_logic is either unconnected or has no load
WARNING: [Synth 8-7129] Port PROG_EMPTY_THRESH_ASSERT[2] in module rd_logic is either unconnected or has no load
WARNING: [Synth 8-7129] Port PROG_EMPTY_THRESH_ASSERT[1] in module rd_logic is either unconnected or has no load
WARNING: [Synth 8-7129] Port PROG_EMPTY_THRESH_ASSERT[0] in module rd_logic is either unconnected or has no load
WARNING: [Synth 8-7129] Port PROG_EMPTY_THRESH_NEGATE[4] in module rd_logic is either unconnected or has no load
WARNING: [Synth 8-7129] Port PROG_EMPTY_THRESH_NEGATE[3] in module rd_logic is either unconnected or has no load
INFO: [Common 17-14] Message 'Synth 8-7129' appears 100 times and further instances of the messages will be disabled. Use the Tcl command set_msg_config to change the current settings.
---------------------------------------------------------------------------------
Finished RTL Elaboration : Time (s): cpu = 00:00:14 ; elapsed = 00:00:18 . Memory (MB): peak = 2282.816 ; gain = 553.457 ; free physical = 177389 ; free virtual = 282845
Synthesis current peak Physical Memory [PSS] (MB): peak = 1184.942; parent = 1067.274; children = 117.668
Synthesis current peak Virtual Memory [VSS] (MB): peak = 3593.953; parent = 2282.812; children = 1311.141
---------------------------------------------------------------------------------
---------------------------------------------------------------------------------
Start Handling Custom Attributes
---------------------------------------------------------------------------------
---------------------------------------------------------------------------------
Finished Handling Custom Attributes : Time (s): cpu = 00:00:14 ; elapsed = 00:00:18 . Memory (MB): peak = 2300.625 ; gain = 571.266 ; free physical = 177460 ; free virtual = 282913
Synthesis current peak Physical Memory [PSS] (MB): peak = 1184.942; parent = 1067.274; children = 117.668
Synthesis current peak Virtual Memory [VSS] (MB): peak = 3611.766; parent = 2300.625; children = 1311.141
---------------------------------------------------------------------------------
---------------------------------------------------------------------------------
Finished RTL Optimization Phase 1 : Time (s): cpu = 00:00:14 ; elapsed = 00:00:18 . Memory (MB): peak = 2300.625 ; gain = 571.266 ; free physical = 177487 ; free virtual = 282939
Synthesis current peak Physical Memory [PSS] (MB): peak = 1184.942; parent = 1067.274; children = 117.668
Synthesis current peak Virtual Memory [VSS] (MB): peak = 3611.766; parent = 2300.625; children = 1311.141
---------------------------------------------------------------------------------
Netlist sorting complete. Time (s): cpu = 00:00:00.04 ; elapsed = 00:00:00.04 . Memory (MB): peak = 2306.562 ; gain = 0.000 ; free physical = 177914 ; free virtual = 283374
INFO: [Project 1-570] Preparing netlist for logic optimization

Processing XDC Constraints
Initializing timing engine
Parsing XDC File [/home/ykim131_588fa26/Desktop/ECE588/ECE588_fa2026_Lab03/vivado/conv_optim/conv_optim.gen/sources_1/bd/conv_optim/ip/conv_optim_auto_pc_1/conv_optim_auto_pc_1_ooc.xdc] for cell 'inst'
Finished Parsing XDC File [/home/ykim131_588fa26/Desktop/ECE588/ECE588_fa2026_Lab03/vivado/conv_optim/conv_optim.gen/sources_1/bd/conv_optim/ip/conv_optim_auto_pc_1/conv_optim_auto_pc_1_ooc.xdc] for cell 'inst'
Parsing XDC File [/home/ykim131_588fa26/Desktop/ECE588/ECE588_fa2026_Lab03/vivado/conv_optim/conv_optim.runs/conv_optim_auto_pc_1_synth_1/dont_touch.xdc]
Finished Parsing XDC File [/home/ykim131_588fa26/Desktop/ECE588/ECE588_fa2026_Lab03/vivado/conv_optim/conv_optim.runs/conv_optim_auto_pc_1_synth_1/dont_touch.xdc]
INFO: [Project 1-1714] 3 XPM XDC files have been applied to the design.
Completed Processing XDC Constraints

Netlist sorting complete. Time (s): cpu = 00:00:00 ; elapsed = 00:00:00 . Memory (MB): peak = 2427.406 ; gain = 0.000 ; free physical = 177360 ; free virtual = 282824
INFO: [Project 1-111] Unisim Transformation Summary:
No Unisim elements were transformed.

Constraint Validation Runtime : Time (s): cpu = 00:00:00.07 ; elapsed = 00:00:00.05 . Memory (MB): peak = 2427.406 ; gain = 0.000 ; free physical = 177338 ; free virtual = 282802
INFO: [Designutils 20-5008] Incremental synthesis strategy off
INFO: [Synth 8-11241] undeclared symbol 'REGCCE', assumed default net type 'wire' [/apps/Xilinx/Vivado/2022.2/data/verilog/src/unimacro/BRAM_SINGLE_MACRO.v:2170]
---------------------------------------------------------------------------------
Finished Constraint Validation : Time (s): cpu = 00:00:23 ; elapsed = 00:00:28 . Memory (MB): peak = 2427.406 ; gain = 698.047 ; free physical = 177679 ; free virtual = 283147
Synthesis current peak Physical Memory [PSS] (MB): peak = 1184.942; parent = 1067.274; children = 117.668
Synthesis current peak Virtual Memory [VSS] (MB): peak = 3706.531; parent = 2395.391; children = 1311.141
---------------------------------------------------------------------------------
---------------------------------------------------------------------------------
Start Loading Part and Timing Information
---------------------------------------------------------------------------------
Loading part: xc7z020clg400-1
---------------------------------------------------------------------------------
Finished Loading Part and Timing Information : Time (s): cpu = 00:00:23 ; elapsed = 00:00:28 . Memory (MB): peak = 2427.406 ; gain = 698.047 ; free physical = 177672 ; free virtual = 283140
Synthesis current peak Physical Memory [PSS] (MB): peak = 1184.942; parent = 1067.274; children = 117.668
Synthesis current peak Virtual Memory [VSS] (MB): peak = 3706.531; parent = 2395.391; children = 1311.141
---------------------------------------------------------------------------------
---------------------------------------------------------------------------------
Start Applying 'set_property' XDC Constraints
---------------------------------------------------------------------------------
Applied set_property KEEP_HIERARCHY = SOFT for inst. (constraint file  /home/ykim131_588fa26/Desktop/ECE588/ECE588_fa2026_Lab03/vivado/conv_optim/conv_optim.runs/conv_optim_auto_pc_1_synth_1/dont_touch.xdc, line 9).
Applied set_property KEEP_HIERARCHY = SOFT for inst/\gen_axi4_axi3.axi3_conv_inst /\USE_WRITE.write_addr_inst /\USE_BURSTS.cmd_queue /inst/fifo_gen_inst/inst_fifo_gen/\gconvfifo.rf /\grf.rf /rstblk/\ngwrdrst.grst.g7serrst.gnsckt_wrst.rst_wr_reg2_inst . (constraint file  auto generated constraint).
Applied set_property KEEP_HIERARCHY = SOFT for inst/\gen_axi4_axi3.axi3_conv_inst /\USE_WRITE.write_addr_inst /\USE_B_CHANNEL.cmd_b_queue /inst/fifo_gen_inst/inst_fifo_gen/\gconvfifo.rf /\grf.rf /rstblk/\ngwrdrst.grst.g7serrst.gnsckt_wrst.rst_wr_reg2_inst . (constraint file  auto generated constraint).
Applied set_property KEEP_HIERARCHY = SOFT for inst/\gen_axi4_axi3.axi3_conv_inst /\USE_READ.USE_SPLIT_R.read_addr_inst /\USE_R_CHANNEL.cmd_queue /inst/fifo_gen_inst/inst_fifo_gen/\gconvfifo.rf /\grf.rf /rstblk/\ngwrdrst.grst.g7serrst.gnsckt_wrst.rst_wr_reg2_inst . (constraint file  auto generated constraint).
---------------------------------------------------------------------------------
Finished applying 'set_property' XDC Constraints : Time (s): cpu = 00:00:23 ; elapsed = 00:00:28 . Memory (MB): peak = 2427.406 ; gain = 698.047 ; free physical = 177669 ; free virtual = 283137
Synthesis current peak Physical Memory [PSS] (MB): peak = 1184.942; parent = 1067.274; children = 117.668
Synthesis current peak Virtual Memory [VSS] (MB): peak = 3706.531; parent = 2395.391; children = 1311.141
---------------------------------------------------------------------------------
INFO: [Synth 8-802] inferred FSM for state register 'gpregsm1.curr_fwft_state_reg' in module 'rd_fwft'
INFO: [Synth 8-6159] Found Keep on FSM register 'gpregsm1.curr_fwft_state_reg' in module 'rd_fwft', re-encoding will not be performed
---------------------------------------------------------------------------------------------------
                   State |                     New Encoding |                Previous Encoding 
---------------------------------------------------------------------------------------------------
                 invalid |                               00 |                               00
            stage1_valid |                               10 |                               10
       both_stages_valid |                               11 |                               11
            stage2_valid |                               01 |                               01
---------------------------------------------------------------------------------------------------
---------------------------------------------------------------------------------
Finished RTL Optimization Phase 2 : Time (s): cpu = 00:00:24 ; elapsed = 00:00:30 . Memory (MB): peak = 2427.406 ; gain = 698.047 ; free physical = 177411 ; free virtual = 282891
Synthesis current peak Physical Memory [PSS] (MB): peak = 1184.942; parent = 1067.274; children = 117.668
Synthesis current peak Virtual Memory [VSS] (MB): peak = 3706.531; parent = 2395.391; children = 1311.141
---------------------------------------------------------------------------------
---------------------------------------------------------------------------------
Start RTL Component Statistics 
---------------------------------------------------------------------------------
Detailed RTL Component Info : 
+---Adders : 
	   2 Input   64 Bit       Adders := 2     
	   2 Input    8 Bit       Adders := 1     
	   2 Input    6 Bit       Adders := 3     
	   2 Input    5 Bit       Adders := 8     
	   2 Input    4 Bit       Adders := 3     
+---XORs : 
	   2 Input      1 Bit         XORs := 60    
+---Registers : 
	               64 Bit    Registers := 6     
	               16 Bit    Registers := 2     
	               12 Bit    Registers := 2     
	                8 Bit    Registers := 3     
	                6 Bit    Registers := 3     
	                5 Bit    Registers := 16    
	                4 Bit    Registers := 12    
	                3 Bit    Registers := 4     
	                2 Bit    Registers := 10    
	                1 Bit    Registers := 59    
+---Muxes : 
	   8 Input   64 Bit        Muxes := 2     
	   2 Input   64 Bit        Muxes := 2     
	   3 Input   16 Bit        Muxes := 2     
	   2 Input   16 Bit        Muxes := 2     
	   8 Input   12 Bit        Muxes := 2     
	   2 Input    8 Bit        Muxes := 2     
	   2 Input    4 Bit        Muxes := 3     
	   2 Input    2 Bit        Muxes := 39    
	   4 Input    2 Bit        Muxes := 3     
	   5 Input    2 Bit        Muxes := 3     
	   3 Input    2 Bit        Muxes := 2     
	   3 Input    1 Bit        Muxes := 3     
	   2 Input    1 Bit        Muxes := 27    
	   4 Input    1 Bit        Muxes := 6     
---------------------------------------------------------------------------------
Finished RTL Component Statistics 
---------------------------------------------------------------------------------
---------------------------------------------------------------------------------
Start Part Resource Summary
---------------------------------------------------------------------------------
Part Resources:
DSPs: 220 (col length:60)
BRAMs: 280 (col length: RAMB18 60 RAMB36 30)
---------------------------------------------------------------------------------
Finished Part Resource Summary
---------------------------------------------------------------------------------
---------------------------------------------------------------------------------
Start Cross Boundary and Area Optimization
---------------------------------------------------------------------------------
WARNING: [Synth 8-7080] Parallel synthesis criteria is not met
---------------------------------------------------------------------------------
Finished Cross Boundary and Area Optimization : Time (s): cpu = 00:00:28 ; elapsed = 00:00:34 . Memory (MB): peak = 2427.406 ; gain = 698.047 ; free physical = 177175 ; free virtual = 282673
Synthesis current peak Physical Memory [PSS] (MB): peak = 1184.942; parent = 1067.274; children = 117.793
Synthesis current peak Virtual Memory [VSS] (MB): peak = 3706.531; parent = 2395.391; children = 1311.141
---------------------------------------------------------------------------------
---------------------------------------------------------------------------------
Start ROM, RAM, DSP, Shift Register and Retiming Reporting
---------------------------------------------------------------------------------

Distributed RAM: Preliminary Mapping Report (see note below)
+-------------------------------------------------------------------------------------------------------------------+-------------------------------------------------------------------------------+----------------+----------------------+---------------+
|Module Name                                                                                                        | RTL Object                                                                    | Inference      | Size (Depth x Width) | Primitives    | 
+-------------------------------------------------------------------------------------------------------------------+-------------------------------------------------------------------------------+----------------+----------------------+---------------+
|inst/\gen_axi4_axi3.axi3_conv_inst/USE_WRITE.write_addr_inst/USE_BURSTS.cmd_queue/inst/fifo_gen_inst               | inst_fifo_gen/gconvfifo.rf/grf.rf/gntv_or_sync_fifo.mem/gdm.dm_gen.dm/RAM_reg | User Attribute | 32 x 5               | RAM32M x 1    | 
|inst/\gen_axi4_axi3.axi3_conv_inst/USE_WRITE.write_addr_inst/USE_B_CHANNEL.cmd_b_queue/inst/fifo_gen_inst          | inst_fifo_gen/gconvfifo.rf/grf.rf/gntv_or_sync_fifo.mem/gdm.dm_gen.dm/RAM_reg | User Attribute | 32 x 5               | RAM32M x 1    | 
|inst/\gen_axi4_axi3.axi3_conv_inst/USE_READ.USE_SPLIT_R.read_addr_inst/USE_R_CHANNEL.cmd_queue/inst/fifo_gen_inst  | inst_fifo_gen/gconvfifo.rf/grf.rf/gntv_or_sync_fifo.mem/gdm.dm_gen.dm/RAM_reg | User Attribute | 32 x 1               | RAM32X1D x 1  | 
+-------------------------------------------------------------------------------------------------------------------+-------------------------------------------------------------------------------+----------------+----------------------+---------------+

Note: The table above is a preliminary report that shows the Distributed RAMs at the current stage of the synthesis flow. Some Distributed RAMs may be reimplemented as non Distributed RAM primitives later in the synthesis flow. Multiple instantiated RAMs are reported only once.
---------------------------------------------------------------------------------
Finished ROM, RAM, DSP, Shift Register and Retiming Reporting
---------------------------------------------------------------------------------
---------------------------------------------------------------------------------
Start Applying XDC Timing Constraints
---------------------------------------------------------------------------------
---------------------------------------------------------------------------------
Finished Applying XDC Timing Constraints : Time (s): cpu = 00:00:35 ; elapsed = 00:00:41 . Memory (MB): peak = 2427.406 ; gain = 698.047 ; free physical = 177657 ; free virtual = 283143
Synthesis current peak Physical Memory [PSS] (MB): peak = 1238.398; parent = 1120.460; children = 117.938
Synthesis current peak Virtual Memory [VSS] (MB): peak = 3706.531; parent = 2395.391; children = 1311.141
---------------------------------------------------------------------------------
---------------------------------------------------------------------------------
Start Timing Optimization
---------------------------------------------------------------------------------
---------------------------------------------------------------------------------
Finished Timing Optimization : Time (s): cpu = 00:00:37 ; elapsed = 00:00:43 . Memory (MB): peak = 2427.406 ; gain = 698.047 ; free physical = 177575 ; free virtual = 283061
Synthesis current peak Physical Memory [PSS] (MB): peak = 1248.104; parent = 1130.166; children = 117.938
Synthesis current peak Virtual Memory [VSS] (MB): peak = 3706.531; parent = 2395.391; children = 1311.141
---------------------------------------------------------------------------------
---------------------------------------------------------------------------------
Start ROM, RAM, DSP, Shift Register and Retiming Reporting
---------------------------------------------------------------------------------

Distributed RAM: Final Mapping Report
+-------------------------------------------------------------------------------------------------------------------+-------------------------------------------------------------------------------+----------------+----------------------+---------------+
|Module Name                                                                                                        | RTL Object                                                                    | Inference      | Size (Depth x Width) | Primitives    | 
+-------------------------------------------------------------------------------------------------------------------+-------------------------------------------------------------------------------+----------------+----------------------+---------------+
|inst/\gen_axi4_axi3.axi3_conv_inst/USE_WRITE.write_addr_inst/USE_BURSTS.cmd_queue/inst/fifo_gen_inst               | inst_fifo_gen/gconvfifo.rf/grf.rf/gntv_or_sync_fifo.mem/gdm.dm_gen.dm/RAM_reg | User Attribute | 32 x 5               | RAM32M x 1    | 
|inst/\gen_axi4_axi3.axi3_conv_inst/USE_WRITE.write_addr_inst/USE_B_CHANNEL.cmd_b_queue/inst/fifo_gen_inst          | inst_fifo_gen/gconvfifo.rf/grf.rf/gntv_or_sync_fifo.mem/gdm.dm_gen.dm/RAM_reg | User Attribute | 32 x 5               | RAM32M x 1    | 
|inst/\gen_axi4_axi3.axi3_conv_inst/USE_READ.USE_SPLIT_R.read_addr_inst/USE_R_CHANNEL.cmd_queue/inst/fifo_gen_inst  | inst_fifo_gen/gconvfifo.rf/grf.rf/gntv_or_sync_fifo.mem/gdm.dm_gen.dm/RAM_reg | User Attribute | 32 x 1               | RAM32X1D x 1  | 
+-------------------------------------------------------------------------------------------------------------------+-------------------------------------------------------------------------------+----------------+----------------------+---------------+

---------------------------------------------------------------------------------
Finished ROM, RAM, DSP, Shift Register and Retiming Reporting
---------------------------------------------------------------------------------
---------------------------------------------------------------------------------
Start Technology Mapping
---------------------------------------------------------------------------------
---------------------------------------------------------------------------------
Finished Technology Mapping : Time (s): cpu = 00:00:37 ; elapsed = 00:00:43 . Memory (MB): peak = 2427.406 ; gain = 698.047 ; free physical = 177532 ; free virtual = 283019
Synthesis current peak Physical Memory [PSS] (MB): peak = 1248.104; parent = 1130.166; children = 117.938
Synthesis current peak Virtual Memory [VSS] (MB): peak = 3706.531; parent = 2395.391; children = 1311.141
---------------------------------------------------------------------------------
---------------------------------------------------------------------------------
Start IO Insertion
---------------------------------------------------------------------------------
---------------------------------------------------------------------------------
Start Flattening Before IO Insertion
---------------------------------------------------------------------------------
---------------------------------------------------------------------------------
Finished Flattening Before IO Insertion
---------------------------------------------------------------------------------
---------------------------------------------------------------------------------
Start Final Netlist Cleanup
---------------------------------------------------------------------------------
---------------------------------------------------------------------------------
Finished Final Netlist Cleanup
---------------------------------------------------------------------------------
---------------------------------------------------------------------------------
Finished IO Insertion : Time (s): cpu = 00:00:43 ; elapsed = 00:00:49 . Memory (MB): peak = 2427.406 ; gain = 698.047 ; free physical = 179975 ; free virtual = 285469
Synthesis current peak Physical Memory [PSS] (MB): peak = 1250.646; parent = 1132.054; children = 118.592
Synthesis current peak Virtual Memory [VSS] (MB): peak = 3706.531; parent = 2395.391; children = 1311.141
---------------------------------------------------------------------------------
---------------------------------------------------------------------------------
Start Renaming Generated Instances
---------------------------------------------------------------------------------
---------------------------------------------------------------------------------
Finished Renaming Generated Instances : Time (s): cpu = 00:00:43 ; elapsed = 00:00:49 . Memory (MB): peak = 2427.406 ; gain = 698.047 ; free physical = 179977 ; free virtual = 285470
Synthesis current peak Physical Memory [PSS] (MB): peak = 1250.646; parent = 1132.054; children = 118.592
Synthesis current peak Virtual Memory [VSS] (MB): peak = 3706.531; parent = 2395.391; children = 1311.141
---------------------------------------------------------------------------------
---------------------------------------------------------------------------------
Start Rebuilding User Hierarchy
---------------------------------------------------------------------------------
---------------------------------------------------------------------------------
Finished Rebuilding User Hierarchy : Time (s): cpu = 00:00:43 ; elapsed = 00:00:49 . Memory (MB): peak = 2427.406 ; gain = 698.047 ; free physical = 179971 ; free virtual = 285465
Synthesis current peak Physical Memory [PSS] (MB): peak = 1250.817; parent = 1132.230; children = 118.592
Synthesis current peak Virtual Memory [VSS] (MB): peak = 3706.531; parent = 2395.391; children = 1311.141
---------------------------------------------------------------------------------
---------------------------------------------------------------------------------
Start Renaming Generated Ports
---------------------------------------------------------------------------------
---------------------------------------------------------------------------------
Finished Renaming Generated Ports : Time (s): cpu = 00:00:43 ; elapsed = 00:00:49 . Memory (MB): peak = 2427.406 ; gain = 698.047 ; free physical = 180000 ; free virtual = 285494
Synthesis current peak Physical Memory [PSS] (MB): peak = 1250.832; parent = 1132.240; children = 118.592
Synthesis current peak Virtual Memory [VSS] (MB): peak = 3706.531; parent = 2395.391; children = 1311.141
---------------------------------------------------------------------------------
---------------------------------------------------------------------------------
Start Handling Custom Attributes
---------------------------------------------------------------------------------
---------------------------------------------------------------------------------
Finished Handling Custom Attributes : Time (s): cpu = 00:00:43 ; elapsed = 00:00:49 . Memory (MB): peak = 2427.406 ; gain = 698.047 ; free physical = 180008 ; free virtual = 285502
Synthesis current peak Physical Memory [PSS] (MB): peak = 1250.839; parent = 1132.247; children = 118.592
Synthesis current peak Virtual Memory [VSS] (MB): peak = 3706.531; parent = 2395.391; children = 1311.141
---------------------------------------------------------------------------------
---------------------------------------------------------------------------------
Start Renaming Generated Nets
---------------------------------------------------------------------------------
---------------------------------------------------------------------------------
Finished Renaming Generated Nets : Time (s): cpu = 00:00:43 ; elapsed = 00:00:49 . Memory (MB): peak = 2427.406 ; gain = 698.047 ; free physical = 180027 ; free virtual = 285515
Synthesis current peak Physical Memory [PSS] (MB): peak = 1250.839; parent = 1132.247; children = 118.592
Synthesis current peak Virtual Memory [VSS] (MB): peak = 3706.531; parent = 2395.391; children = 1311.141
---------------------------------------------------------------------------------
---------------------------------------------------------------------------------
Start Writing Synthesis Report
---------------------------------------------------------------------------------

Report BlackBoxes: 
+-+--------------+----------+
| |BlackBox name |Instances |
+-+--------------+----------+
+-+--------------+----------+

Report Cell Usage: 
+------+---------+------+
|      |Cell     |Count |
+------+---------+------+
|1     |CARRY4   |    32|
|2     |LUT1     |    51|
|3     |LUT2     |    44|
|4     |LUT3     |    50|
|5     |LUT4     |    66|
|6     |LUT5     |   290|
|7     |LUT6     |    86|
|8     |RAM32M   |     2|
|9     |RAM32X1D |     1|
|10    |FDCE     |    69|
|11    |FDPE     |    33|
|12    |FDRE     |   451|
|13    |FDSE     |     5|
+------+---------+------+
---------------------------------------------------------------------------------
Finished Writing Synthesis Report : Time (s): cpu = 00:00:43 ; elapsed = 00:00:49 . Memory (MB): peak = 2427.406 ; gain = 698.047 ; free physical = 180014 ; free virtual = 285502
Synthesis current peak Physical Memory [PSS] (MB): peak = 1250.843; parent = 1132.251; children = 118.592
Synthesis current peak Virtual Memory [VSS] (MB): peak = 3706.531; parent = 2395.391; children = 1311.141
---------------------------------------------------------------------------------
Synthesis finished with 0 errors, 0 critical warnings and 1617 warnings.
Synthesis Optimization Runtime : Time (s): cpu = 00:00:40 ; elapsed = 00:00:46 . Memory (MB): peak = 2427.406 ; gain = 571.266 ; free physical = 180192 ; free virtual = 285680
Synthesis Optimization Complete : Time (s): cpu = 00:00:43 ; elapsed = 00:00:49 . Memory (MB): peak = 2427.406 ; gain = 698.047 ; free physical = 180183 ; free virtual = 285671
INFO: [Project 1-571] Translating synthesized netlist
Netlist sorting complete. Time (s): cpu = 00:00:00.03 ; elapsed = 00:00:00.03 . Memory (MB): peak = 2427.406 ; gain = 0.000 ; free physical = 180301 ; free virtual = 285790
INFO: [Netlist 29-17] Analyzing 35 Unisim elements for replacement
INFO: [Netlist 29-28] Unisim Transformation completed in 0 CPU seconds
INFO: [Project 1-570] Preparing netlist for logic optimization
INFO: [Opt 31-138] Pushed 0 inverter(s) to 0 load pin(s).
Netlist sorting complete. Time (s): cpu = 00:00:00 ; elapsed = 00:00:00 . Memory (MB): peak = 2427.406 ; gain = 0.000 ; free physical = 180280 ; free virtual = 285763
INFO: [Project 1-111] Unisim Transformation Summary:
  A total of 3 instances were transformed.
  RAM32M => RAM32M (RAMD32(x6), RAMS32(x2)): 2 instances
  RAM32X1D => RAM32X1D (RAMD32(x2)): 1 instance 

Synth Design complete, checksum: 7993d0a9
INFO: [Common 17-83] Releasing license: Synthesis
51 Infos, 105 Warnings, 0 Critical Warnings and 0 Errors encountered.
synth_design completed successfully
synth_design: Time (s): cpu = 00:00:53 ; elapsed = 00:00:56 . Memory (MB): peak = 2427.406 ; gain = 1034.953 ; free physical = 180628 ; free virtual = 286113
INFO: [Common 17-1381] The checkpoint '/home/ykim131_588fa26/Desktop/ECE588/ECE588_fa2026_Lab03/vivado/conv_optim/conv_optim.runs/conv_optim_auto_pc_1_synth_1/conv_optim_auto_pc_1.dcp' has been generated.
INFO: [Coretcl 2-1648] Added synthesis output to IP cache for IP conv_optim_auto_pc_1, cache-ID = 21840482e87a00ad
INFO: [Coretcl 2-1174] Renamed 57 cell refs.
INFO: [Common 17-1381] The checkpoint '/home/ykim131_588fa26/Desktop/ECE588/ECE588_fa2026_Lab03/vivado/conv_optim/conv_optim.runs/conv_optim_auto_pc_1_synth_1/conv_optim_auto_pc_1.dcp' has been generated.
INFO: [runtcl-4] Executing : report_utilization -file conv_optim_auto_pc_1_utilization_synth.rpt -pb conv_optim_auto_pc_1_utilization_synth.pb
INFO: [Common 17-206] Exiting Vivado at Wed Oct  7 21:39:47 2026...
