remark: matmul.cpp:7:0: Unrolling loop 'VITIS_LOOP_71_11' (matmul.cpp:71:27) in function 'matmul' partially with a factor of 2
remark: matmul.cpp:7:0: Unrolling loop 'VITIS_LOOP_59_9' (matmul.cpp:59:30) in function 'matmul' partially with a factor of 2
remark: matmul.cpp:7:0: Unrolling loop 'VITIS_LOOP_43_6' (matmul.cpp:43:26) in function 'matmul' partially with a factor of 2
remark: matmul.cpp:7:0: Unrolling loop 'VITIS_LOOP_32_4' (matmul.cpp:32:26) in function 'matmul' partially with a factor of 2
remark: matmul.cpp:7:0: Unrolling loop 'VITIS_LOOP_21_2' (matmul.cpp:21:26) in function 'matmul' partially with a factor of 2
remark: <unknown>:0:0: Aggregating maxi variable 'Matrix_C_DRAM' with compact=none mode in 16-bits
remark: <unknown>:0:0: Aggregating maxi variable 'Matrix_B_DRAM' with compact=none mode in 16-bits
remark: <unknown>:0:0: Aggregating maxi variable 'Matrix_A_DRAM' with compact=none mode in 16-bits
remark: matmul.cpp:19:22: Sequential read of length 15000 has been inferred _XLX_SEP_ OldID=for.inc.load.8, for.inc.load.14,  _XLX_SEP_ Matrix_A_DRAM1seq Matrix_A_DRAM mem1 VITIS_LOOP_19_1 matmul.cpp:19:22 matmul(ap_int<16> (*) [150], ap_int<16> (*) [200], ap_int<16> (*) [200]) 
remark: matmul.cpp:30:22: Sequential read of length 30000 has been inferred _XLX_SEP_ OldID=for.inc66.load.8, for.inc66.load.14,  _XLX_SEP_ Matrix_B_DRAM2seq Matrix_B_DRAM mem2 VITIS_LOOP_30_3 matmul.cpp:30:22 matmul(ap_int<16> (*) [150], ap_int<16> (*) [200], ap_int<16> (*) [200]) 
remark: matmul.cpp:69:23: Sequential write of length 20000 has been inferred _XLX_SEP_ OldID=for.inc146.store.8, for.inc146.store.14,  _XLX_SEP_ Matrix_C_DRAM3seq Matrix_C_DRAM mem1 VITIS_LOOP_69_10 matmul.cpp:69:23 matmul(ap_int<16> (*) [150], ap_int<16> (*) [200], ap_int<16> (*) [200]) 
remark: matmul.cpp:69:23: Could not widen since type i16 size is greater than or equal to the max_widen_bitwidth threshold of 0 _XLX_SEP_ Matrix_C_DRAM3seq Matrix_C_DRAM mem1 VITIS_LOOP_71_11 matmul.cpp:71:27 matmul(ap_int<16> (*) [150], ap_int<16> (*) [200], ap_int<16> (*) [200]) 
remark: matmul.cpp:30:22: Could not widen since type i16 size is greater than or equal to the max_widen_bitwidth threshold of 0 _XLX_SEP_ Matrix_B_DRAM2seq Matrix_B_DRAM mem2 VITIS_LOOP_32_4 matmul.cpp:32:26 matmul(ap_int<16> (*) [150], ap_int<16> (*) [200], ap_int<16> (*) [200]) 
remark: matmul.cpp:19:22: Could not widen since type i16 size is greater than or equal to the max_widen_bitwidth threshold of 0 _XLX_SEP_ Matrix_A_DRAM1seq Matrix_A_DRAM mem1 VITIS_LOOP_21_2 matmul.cpp:21:26 matmul(ap_int<16> (*) [150], ap_int<16> (*) [200], ap_int<16> (*) [200]) 
remark: matmul.cpp:19:22: Multiple burst reads of length 15000 and bit width 16 has been inferred. These burst requests might be further partitioned into multiple requests during RTL generation, based on max_read_burst_length or max_write_burst_length settings. _XLX_SEP_ seq  mem1 VITIS_LOOP_19_1 matmul.cpp:19:22 matmul(ap_int<16> (*) [150], ap_int<16> (*) [200], ap_int<16> (*) [200]) 
remark: matmul.cpp:19:22: Multiple burst reads of length 15000 and bit width 16 in loop 'VITIS_LOOP_19_1'(matmul.cpp:19:22) has been inferred on bundle 'mem1'. These burst requests might be further partitioned into multiple requests during RTL generation, based on max_read_burst_length or max_write_burst_length settings.
remark: matmul.cpp:30:22: Multiple burst reads of length 30000 and bit width 16 has been inferred. These burst requests might be further partitioned into multiple requests during RTL generation, based on max_read_burst_length or max_write_burst_length settings. _XLX_SEP_ seq1  mem2 VITIS_LOOP_30_3 matmul.cpp:30:22 matmul(ap_int<16> (*) [150], ap_int<16> (*) [200], ap_int<16> (*) [200]) 
remark: matmul.cpp:30:22: Multiple burst reads of length 30000 and bit width 16 in loop 'VITIS_LOOP_30_3'(matmul.cpp:30:22) has been inferred on bundle 'mem2'. These burst requests might be further partitioned into multiple requests during RTL generation, based on max_read_burst_length or max_write_burst_length settings.
remark: matmul.cpp:69:23: Multiple burst writes of length 20000 and bit width 16 has been inferred. These burst requests might be further partitioned into multiple requests during RTL generation, based on max_read_burst_length or max_write_burst_length settings. _XLX_SEP_ seq2  mem1 VITIS_LOOP_69_10 matmul.cpp:69:23 matmul(ap_int<16> (*) [150], ap_int<16> (*) [200], ap_int<16> (*) [200]) 
remark: matmul.cpp:69:23: Multiple burst writes of length 20000 and bit width 16 in loop 'VITIS_LOOP_69_10'(matmul.cpp:69:23) has been inferred on bundle 'mem1'. These burst requests might be further partitioned into multiple requests during RTL generation, based on max_read_burst_length or max_write_burst_length settings.
