

================================================================
== Vitis HLS Report for 'matmul_Pipeline_VITIS_LOOP_41_5_VITIS_LOOP_43_6'
================================================================
* Date:           Fri Oct  2 16:46:19 2026

* Version:        2022.2 (Build 3670227 on Oct 13 2022)
* Project:        vitis.prj
* Solution:       solution1 (Vivado IP Flow Target)
* Product family: zynq
* Target device:  xc7z020-clg400-1


================================================================
== Performance Estimates
================================================================
+ Timing: 
    * Summary: 
    +--------+----------+----------+------------+
    |  Clock |  Target  | Estimated| Uncertainty|
    +--------+----------+----------+------------+
    |ap_clk  |  10.00 ns|  7.213 ns|     2.70 ns|
    +--------+----------+----------+------------+

+ Latency: 
    * Summary: 
    +---------+---------+----------+----------+-------+-------+---------+
    |  Latency (cycles) |  Latency (absolute) |    Interval   | Pipeline|
    |   min   |   max   |    min   |    max   |  min  |  max  |   Type  |
    +---------+---------+----------+----------+-------+-------+---------+
    |    10002|    10002|  0.100 ms|  0.100 ms|  10002|  10002|       no|
    +---------+---------+----------+----------+-------+-------+---------+

    + Detail: 
        * Instance: 
        N/A

        * Loop: 
        +-----------------------------------+---------+---------+----------+-----------+-----------+-------+----------+
        |                                   |  Latency (cycles) | Iteration|  Initiation Interval  |  Trip |          |
        |             Loop Name             |   min   |   max   |  Latency |  achieved |   target  | Count | Pipelined|
        +-----------------------------------+---------+---------+----------+-----------+-----------+-------+----------+
        |- VITIS_LOOP_41_5_VITIS_LOOP_43_6  |    10000|    10000|         2|          1|          1|  10000|       yes|
        +-----------------------------------+---------+---------+----------+-----------+-----------+-------+----------+

============================================================
+ Verbose Summary: Synthesis Manager
============================================================
InlineROM: 1
ExposeGlobal: 0
============================================================
+ Verbose Summary: CDFG Model
============================================================
IsTopModel: 0
ResetActiveHigh: 1
IsCombinational: 0
IsDatapathOnly: 0
HasWiredReturn: 1
HasMFsm: 2
HasVarLatency: 1
IsPipeline: 0
IsRtlPipelined: 0
IsInstanceOverlapped: 0
IsDontTouch: 0
HasImplIP: 0
IsGatedGlobalClock: 0

+ Individual pipeline summary: 
  * Pipeline-0: initiation interval (II) = 1, depth = 2


============================================================
+ Verbose Summary: Schedule
============================================================
* Number of FSM states : 2
* Pipeline : 1
  Pipeline-0 : II = 1, D = 2, States = { 1 2 }
* Dataflow Pipeline: 0

* FSM state transitions: 
1 --> 2 
2 --> 

* FSM state operations: 

State 1 <SV = 0> <Delay = 7.21>
ST_1 : Operation 5 [1/1] (0.00ns)   --->   "%c = alloca i32 1"   --->   Operation 5 'alloca' 'c' <Predicate = true> <Delay = 0.00>
ST_1 : Operation 6 [1/1] (0.00ns)   --->   "%r = alloca i32 1"   --->   Operation 6 'alloca' 'r' <Predicate = true> <Delay = 0.00>
ST_1 : Operation 7 [1/1] (0.00ns)   --->   "%indvar_flatten13 = alloca i32 1"   --->   Operation 7 'alloca' 'indvar_flatten13' <Predicate = true> <Delay = 0.00>
ST_1 : Operation 8 [1/1] (1.58ns)   --->   "%store_ln0 = store i14 0, i14 %indvar_flatten13"   --->   Operation 8 'store' 'store_ln0' <Predicate = true> <Delay = 1.58>
ST_1 : Operation 9 [1/1] (1.58ns)   --->   "%store_ln0 = store i7 0, i7 %r"   --->   Operation 9 'store' 'store_ln0' <Predicate = true> <Delay = 1.58>
ST_1 : Operation 10 [1/1] (1.58ns)   --->   "%store_ln0 = store i8 0, i8 %c"   --->   Operation 10 'store' 'store_ln0' <Predicate = true> <Delay = 1.58>
ST_1 : Operation 11 [1/1] (0.00ns)   --->   "%br_ln0 = br void %for.inc86"   --->   Operation 11 'br' 'br_ln0' <Predicate = true> <Delay = 0.00>
ST_1 : Operation 12 [1/1] (0.00ns)   --->   "%indvar_flatten13_load = load i14 %indvar_flatten13" [matmul.cpp:41]   --->   Operation 12 'load' 'indvar_flatten13_load' <Predicate = true> <Delay = 0.00>
ST_1 : Operation 13 [1/1] (2.20ns)   --->   "%icmp_ln41 = icmp_eq  i14 %indvar_flatten13_load, i14 10000" [matmul.cpp:41]   --->   Operation 13 'icmp' 'icmp_ln41' <Predicate = true> <Delay = 2.20> <CoreInst = "Cmp">   --->   Core 9 'Cmp' <Latency = 0> <II = 1> <Delay = 2.20> <FuncUnit> <Opcode : 'icmp'> <InPorts = 2> <OutPorts = 1>
ST_1 : Operation 14 [1/1] (1.81ns)   --->   "%add_ln41_1 = add i14 %indvar_flatten13_load, i14 1" [matmul.cpp:41]   --->   Operation 14 'add' 'add_ln41_1' <Predicate = true> <Delay = 1.81> <CoreInst = "Adder">   --->   Core 1 'Adder' <Latency = 0> <II = 1> <Delay = 1.81> <FuncUnit> <Opcode : 'add' 'sub'> <InPorts = 2> <OutPorts = 1>
ST_1 : Operation 15 [1/1] (0.00ns)   --->   "%br_ln41 = br i1 %icmp_ln41, void %for.inc89, void %VITIS_LOOP_59_9.preheader.exitStub" [matmul.cpp:41]   --->   Operation 15 'br' 'br_ln41' <Predicate = true> <Delay = 0.00>
ST_1 : Operation 16 [1/1] (0.00ns)   --->   "%c_load = load i8 %c" [matmul.cpp:43]   --->   Operation 16 'load' 'c_load' <Predicate = (!icmp_ln41)> <Delay = 0.00>
ST_1 : Operation 17 [1/1] (0.00ns)   --->   "%r_load = load i7 %r" [matmul.cpp:41]   --->   Operation 17 'load' 'r_load' <Predicate = (!icmp_ln41)> <Delay = 0.00>
ST_1 : Operation 18 [1/1] (1.87ns)   --->   "%add_ln41 = add i7 %r_load, i7 1" [matmul.cpp:41]   --->   Operation 18 'add' 'add_ln41' <Predicate = (!icmp_ln41)> <Delay = 1.87> <CoreInst = "Adder">   --->   Core 1 'Adder' <Latency = 0> <II = 1> <Delay = 1.87> <FuncUnit> <Opcode : 'add' 'sub'> <InPorts = 2> <OutPorts = 1>
ST_1 : Operation 19 [1/1] (1.55ns)   --->   "%icmp_ln43 = icmp_ult  i8 %c_load, i8 200" [matmul.cpp:43]   --->   Operation 19 'icmp' 'icmp_ln43' <Predicate = (!icmp_ln41)> <Delay = 1.55> <CoreInst = "Cmp">   --->   Core 9 'Cmp' <Latency = 0> <II = 1> <Delay = 1.55> <FuncUnit> <Opcode : 'icmp'> <InPorts = 2> <OutPorts = 1>
ST_1 : Operation 20 [1/1] (1.24ns)   --->   "%select_ln41 = select i1 %icmp_ln43, i8 %c_load, i8 0" [matmul.cpp:41]   --->   Operation 20 'select' 'select_ln41' <Predicate = (!icmp_ln41)> <Delay = 1.24> <CoreInst = "Sel">   --->   Core 73 'Sel' <Latency = 0> <II = 1> <Delay = 1.24> <FuncUnit> <Opcode : 'select'> <InPorts = 3> <OutPorts = 1>
ST_1 : Operation 21 [1/1] (0.99ns)   --->   "%select_ln41_1 = select i1 %icmp_ln43, i7 %r_load, i7 %add_ln41" [matmul.cpp:41]   --->   Operation 21 'select' 'select_ln41_1' <Predicate = (!icmp_ln41)> <Delay = 0.99> <CoreInst = "Sel">   --->   Core 73 'Sel' <Latency = 0> <II = 1> <Delay = 0.99> <FuncUnit> <Opcode : 'select'> <InPorts = 3> <OutPorts = 1>
ST_1 : Operation 22 [1/1] (0.00ns)   --->   "%zext_ln47 = zext i7 %select_ln41_1" [matmul.cpp:47]   --->   Operation 22 'zext' 'zext_ln47' <Predicate = (!icmp_ln41)> <Delay = 0.00>
ST_1 : Operation 23 [1/1] (4.35ns)   --->   "%mul_ln47 = mul i15 %zext_ln47, i15 200" [matmul.cpp:47]   --->   Operation 23 'mul' 'mul_ln47' <Predicate = (!icmp_ln41)> <Delay = 4.35> <CoreInst = "Multiplier">   --->   Core 3 'Multiplier' <Latency = 0> <II = 1> <Delay = 4.35> <FuncUnit> <Opcode : 'mul'> <InPorts = 2> <OutPorts = 1>
ST_1 : Operation 24 [1/1] (1.91ns)   --->   "%add_ln43 = add i8 %select_ln41, i8 2" [matmul.cpp:43]   --->   Operation 24 'add' 'add_ln43' <Predicate = (!icmp_ln41)> <Delay = 1.91> <CoreInst = "Adder">   --->   Core 1 'Adder' <Latency = 0> <II = 1> <Delay = 1.91> <FuncUnit> <Opcode : 'add' 'sub'> <InPorts = 2> <OutPorts = 1>
ST_1 : Operation 25 [1/1] (1.58ns)   --->   "%store_ln43 = store i14 %add_ln41_1, i14 %indvar_flatten13" [matmul.cpp:43]   --->   Operation 25 'store' 'store_ln43' <Predicate = (!icmp_ln41)> <Delay = 1.58>
ST_1 : Operation 26 [1/1] (1.58ns)   --->   "%store_ln43 = store i7 %select_ln41_1, i7 %r" [matmul.cpp:43]   --->   Operation 26 'store' 'store_ln43' <Predicate = (!icmp_ln41)> <Delay = 1.58>
ST_1 : Operation 27 [1/1] (1.58ns)   --->   "%store_ln43 = store i8 %add_ln43, i8 %c" [matmul.cpp:43]   --->   Operation 27 'store' 'store_ln43' <Predicate = (!icmp_ln41)> <Delay = 1.58>
ST_1 : Operation 44 [1/1] (0.00ns)   --->   "%ret_ln0 = ret"   --->   Operation 44 'ret' 'ret_ln0' <Predicate = (icmp_ln41)> <Delay = 0.00>

State 2 <SV = 1> <Delay = 5.19>
ST_2 : Operation 28 [1/1] (0.00ns)   --->   "%specloopname_ln0 = specloopname void @_ssdm_op_SpecLoopName, void @VITIS_LOOP_41_5_VITIS_LOOP_43_6_str"   --->   Operation 28 'specloopname' 'specloopname_ln0' <Predicate = true> <Delay = 0.00>
ST_2 : Operation 29 [1/1] (0.00ns)   --->   "%empty = speclooptripcount i32 @_ssdm_op_SpecLoopTripCount, i64 10000, i64 10000, i64 10000"   --->   Operation 29 'speclooptripcount' 'empty' <Predicate = true> <Delay = 0.00>
ST_2 : Operation 30 [1/1] (0.00ns)   --->   "%zext_ln47_1 = zext i8 %select_ln41" [matmul.cpp:47]   --->   Operation 30 'zext' 'zext_ln47_1' <Predicate = true> <Delay = 0.00>
ST_2 : Operation 31 [1/1] (1.94ns)   --->   "%add_ln47 = add i15 %mul_ln47, i15 %zext_ln47_1" [matmul.cpp:47]   --->   Operation 31 'add' 'add_ln47' <Predicate = true> <Delay = 1.94> <CoreInst = "Adder">   --->   Core 1 'Adder' <Latency = 0> <II = 1> <Delay = 1.94> <FuncUnit> <Opcode : 'add' 'sub'> <InPorts = 2> <OutPorts = 1>
ST_2 : Operation 32 [1/1] (0.00ns)   --->   "%zext_ln47_2 = zext i15 %add_ln47" [matmul.cpp:47]   --->   Operation 32 'zext' 'zext_ln47_2' <Predicate = true> <Delay = 0.00>
ST_2 : Operation 33 [1/1] (0.00ns)   --->   "%Matrix_C_BRAM_V_addr = getelementptr i16 %Matrix_C_BRAM_V, i64 0, i64 %zext_ln47_2" [matmul.cpp:47]   --->   Operation 33 'getelementptr' 'Matrix_C_BRAM_V_addr' <Predicate = true> <Delay = 0.00>
ST_2 : Operation 34 [1/1] (0.00ns)   --->   "%specpipeline_ln45 = specpipeline void @_ssdm_op_SpecPipeline, i32 1, i32 0, i32 0, i32 0, void @empty_2" [matmul.cpp:45]   --->   Operation 34 'specpipeline' 'specpipeline_ln45' <Predicate = true> <Delay = 0.00>
ST_2 : Operation 35 [1/1] (0.00ns)   --->   "%specloopname_ln43 = specloopname void @_ssdm_op_SpecLoopName, void @empty_12" [matmul.cpp:43]   --->   Operation 35 'specloopname' 'specloopname_ln43' <Predicate = true> <Delay = 0.00>
ST_2 : Operation 36 [1/1] (3.25ns)   --->   "%store_ln47 = store i16 0, i15 %Matrix_C_BRAM_V_addr" [matmul.cpp:47]   --->   Operation 36 'store' 'store_ln47' <Predicate = true> <Delay = 3.25> <CoreInst = "RAM">   --->   Core 82 'RAM' <Latency = 1> <II = 1> <Delay = 3.25> <Storage> <Opcode : 'load' 'store'> <Ports = 2> <Width = 16> <Depth = 20000> <RAM>
ST_2 : Operation 37 [1/1] (0.00ns) (grouped into LUT with out node add_ln47_1)   --->   "%or_ln43 = or i8 %select_ln41, i8 1" [matmul.cpp:43]   --->   Operation 37 'or' 'or_ln43' <Predicate = true> <Delay = 0.00>
ST_2 : Operation 38 [1/1] (0.00ns) (grouped into LUT with out node add_ln47_1)   --->   "%zext_ln47_3 = zext i8 %or_ln43" [matmul.cpp:47]   --->   Operation 38 'zext' 'zext_ln47_3' <Predicate = true> <Delay = 0.00>
ST_2 : Operation 39 [1/1] (1.94ns) (out node of the LUT)   --->   "%add_ln47_1 = add i15 %mul_ln47, i15 %zext_ln47_3" [matmul.cpp:47]   --->   Operation 39 'add' 'add_ln47_1' <Predicate = true> <Delay = 1.94> <CoreInst = "Adder">   --->   Core 1 'Adder' <Latency = 0> <II = 1> <Delay = 1.94> <FuncUnit> <Opcode : 'add' 'sub'> <InPorts = 2> <OutPorts = 1>
ST_2 : Operation 40 [1/1] (0.00ns)   --->   "%zext_ln47_4 = zext i15 %add_ln47_1" [matmul.cpp:47]   --->   Operation 40 'zext' 'zext_ln47_4' <Predicate = true> <Delay = 0.00>
ST_2 : Operation 41 [1/1] (0.00ns)   --->   "%Matrix_C_BRAM_V_addr_1 = getelementptr i16 %Matrix_C_BRAM_V, i64 0, i64 %zext_ln47_4" [matmul.cpp:47]   --->   Operation 41 'getelementptr' 'Matrix_C_BRAM_V_addr_1' <Predicate = true> <Delay = 0.00>
ST_2 : Operation 42 [1/1] (3.25ns)   --->   "%store_ln47 = store i16 0, i15 %Matrix_C_BRAM_V_addr_1" [matmul.cpp:47]   --->   Operation 42 'store' 'store_ln47' <Predicate = true> <Delay = 3.25> <CoreInst = "RAM">   --->   Core 82 'RAM' <Latency = 1> <II = 1> <Delay = 3.25> <Storage> <Opcode : 'load' 'store'> <Ports = 2> <Width = 16> <Depth = 20000> <RAM>
ST_2 : Operation 43 [1/1] (0.00ns)   --->   "%br_ln43 = br void %for.inc86" [matmul.cpp:43]   --->   Operation 43 'br' 'br_ln43' <Predicate = true> <Delay = 0.00>


============================================================
+ Verbose Summary: Binding
============================================================
STG Binding: 
---------------- STG Properties BEGIN ----------------
- Is combinational: 0
- Is one-state seq: 0
- Is datapath-only: 0
- Is pipelined: 0
- Is top level: 0
Port [ Return ] is wired: 1; IO mode=ap_ctrl_hs:ce=0
Port [ Matrix_C_BRAM_V]:  wired=1; compound=1; hidden=0; nouse=0; global=0; static=0; extern=0; dir=1; type=1; pingpong=0; private_global=0; MemPort=[00]; IO mode=ap_memory:ce=0
---------------- STG Properties END ------------------

---------------- Datapath Model BEGIN ----------------

<LifeTime>
<method=bitvector/>
c                      (alloca           ) [ 010]
r                      (alloca           ) [ 010]
indvar_flatten13       (alloca           ) [ 010]
store_ln0              (store            ) [ 000]
store_ln0              (store            ) [ 000]
store_ln0              (store            ) [ 000]
br_ln0                 (br               ) [ 000]
indvar_flatten13_load  (load             ) [ 000]
icmp_ln41              (icmp             ) [ 010]
add_ln41_1             (add              ) [ 000]
br_ln41                (br               ) [ 000]
c_load                 (load             ) [ 000]
r_load                 (load             ) [ 000]
add_ln41               (add              ) [ 000]
icmp_ln43              (icmp             ) [ 000]
select_ln41            (select           ) [ 011]
select_ln41_1          (select           ) [ 000]
zext_ln47              (zext             ) [ 000]
mul_ln47               (mul              ) [ 011]
add_ln43               (add              ) [ 000]
store_ln43             (store            ) [ 000]
store_ln43             (store            ) [ 000]
store_ln43             (store            ) [ 000]
specloopname_ln0       (specloopname     ) [ 000]
empty                  (speclooptripcount) [ 000]
zext_ln47_1            (zext             ) [ 000]
add_ln47               (add              ) [ 000]
zext_ln47_2            (zext             ) [ 000]
Matrix_C_BRAM_V_addr   (getelementptr    ) [ 000]
specpipeline_ln45      (specpipeline     ) [ 000]
specloopname_ln43      (specloopname     ) [ 000]
store_ln47             (store            ) [ 000]
or_ln43                (or               ) [ 000]
zext_ln47_3            (zext             ) [ 000]
add_ln47_1             (add              ) [ 000]
zext_ln47_4            (zext             ) [ 000]
Matrix_C_BRAM_V_addr_1 (getelementptr    ) [ 000]
store_ln47             (store            ) [ 000]
br_ln43                (br               ) [ 000]
ret_ln0                (ret              ) [ 000]
</LifeTime>

<model>

<comp_list>
<comp id="0" class="1000" name="Matrix_C_BRAM_V">
<pin_list>
<pin id="1" dir="1" index="0" bw="1" slack="0"/>
</pin_list>
<bind>
<StgValue><ssdm name="Matrix_C_BRAM_V"/><MemPortTyVec>0 0 </MemPortTyVec>
</StgValue>
</bind>
</comp>

<comp id="2" class="1001" name="const_2">
<pin_list>
<pin id="3" dir="1" index="0" bw="1" slack="0"/>
</pin_list>
<bind>
<StgValue><ssdm name=""/></StgValue>
</bind>
</comp>

<comp id="4" class="1001" name="const_4">
<pin_list>
<pin id="5" dir="1" index="0" bw="1" slack="0"/>
</pin_list>
<bind>
<StgValue><ssdm name=""/></StgValue>
</bind>
</comp>

<comp id="6" class="1001" name="const_6">
<pin_list>
<pin id="7" dir="1" index="0" bw="1" slack="0"/>
</pin_list>
<bind>
<StgValue><ssdm name=""/></StgValue>
</bind>
</comp>

<comp id="8" class="1001" name="const_8">
<pin_list>
<pin id="9" dir="1" index="0" bw="1" slack="0"/>
</pin_list>
<bind>
<StgValue><ssdm name=""/></StgValue>
</bind>
</comp>

<comp id="10" class="1001" name="const_10">
<pin_list>
<pin id="11" dir="1" index="0" bw="1" slack="0"/>
</pin_list>
<bind>
<StgValue><ssdm name=""/></StgValue>
</bind>
</comp>

<comp id="12" class="1001" name="const_12">
<pin_list>
<pin id="13" dir="1" index="0" bw="1" slack="0"/>
</pin_list>
<bind>
<StgValue><ssdm name=""/></StgValue>
</bind>
</comp>

<comp id="14" class="1001" name="const_14">
<pin_list>
<pin id="15" dir="1" index="0" bw="1" slack="0"/>
</pin_list>
<bind>
<StgValue><ssdm name=""/></StgValue>
</bind>
</comp>

<comp id="16" class="1001" name="const_16">
<pin_list>
<pin id="17" dir="1" index="0" bw="1" slack="0"/>
</pin_list>
<bind>
<StgValue><ssdm name=""/></StgValue>
</bind>
</comp>

<comp id="18" class="1001" name="const_18">
<pin_list>
<pin id="19" dir="1" index="0" bw="1" slack="0"/>
</pin_list>
<bind>
<StgValue><ssdm name=""/></StgValue>
</bind>
</comp>

<comp id="20" class="1001" name="const_20">
<pin_list>
<pin id="21" dir="1" index="0" bw="1" slack="0"/>
</pin_list>
<bind>
<StgValue><ssdm name=""/></StgValue>
</bind>
</comp>

<comp id="22" class="1001" name="const_22">
<pin_list>
<pin id="23" dir="1" index="0" bw="1" slack="2147483647"/>
</pin_list>
<bind>
<StgValue><ssdm name="_ssdm_op_SpecLoopName"/></StgValue>
</bind>
</comp>

<comp id="24" class="1001" name="const_24">
<pin_list>
<pin id="25" dir="1" index="0" bw="1" slack="2147483647"/>
</pin_list>
<bind>
<StgValue><ssdm name="VITIS_LOOP_41_5_VITIS_LOOP_43_6_str"/></StgValue>
</bind>
</comp>

<comp id="26" class="1001" name="const_26">
<pin_list>
<pin id="27" dir="1" index="0" bw="1" slack="2147483647"/>
</pin_list>
<bind>
<StgValue><ssdm name="_ssdm_op_SpecLoopTripCount"/></StgValue>
</bind>
</comp>

<comp id="28" class="1001" name="const_28">
<pin_list>
<pin id="29" dir="1" index="0" bw="1" slack="2147483647"/>
</pin_list>
<bind>
<StgValue><ssdm name=""/></StgValue>
</bind>
</comp>

<comp id="30" class="1001" name="const_30">
<pin_list>
<pin id="31" dir="1" index="0" bw="1" slack="0"/>
</pin_list>
<bind>
<StgValue><ssdm name=""/></StgValue>
</bind>
</comp>

<comp id="32" class="1001" name="const_32">
<pin_list>
<pin id="33" dir="1" index="0" bw="1" slack="2147483647"/>
</pin_list>
<bind>
<StgValue><ssdm name="_ssdm_op_SpecPipeline"/></StgValue>
</bind>
</comp>

<comp id="34" class="1001" name="const_34">
<pin_list>
<pin id="35" dir="1" index="0" bw="1" slack="2147483647"/>
</pin_list>
<bind>
<StgValue><ssdm name=""/></StgValue>
</bind>
</comp>

<comp id="36" class="1001" name="const_36">
<pin_list>
<pin id="37" dir="1" index="0" bw="1" slack="2147483647"/>
</pin_list>
<bind>
<StgValue><ssdm name="empty_2"/></StgValue>
</bind>
</comp>

<comp id="38" class="1001" name="const_38">
<pin_list>
<pin id="39" dir="1" index="0" bw="1" slack="2147483647"/>
</pin_list>
<bind>
<StgValue><ssdm name="empty_12"/></StgValue>
</bind>
</comp>

<comp id="40" class="1001" name="const_40">
<pin_list>
<pin id="41" dir="1" index="0" bw="1" slack="0"/>
</pin_list>
<bind>
<StgValue><ssdm name=""/></StgValue>
</bind>
</comp>

<comp id="42" class="1001" name="const_42">
<pin_list>
<pin id="43" dir="1" index="0" bw="1" slack="0"/>
</pin_list>
<bind>
<StgValue><ssdm name=""/></StgValue>
</bind>
</comp>

<comp id="44" class="1004" name="c_fu_44">
<pin_list>
<pin id="45" dir="0" index="0" bw="1" slack="0"/>
<pin id="46" dir="1" index="1" bw="8" slack="0"/>
</pin_list>
<bind>
<opcode="alloca(26) " fcode="alloca"/>
<opset="c/1 "/>
</bind>
</comp>

<comp id="48" class="1004" name="r_fu_48">
<pin_list>
<pin id="49" dir="0" index="0" bw="1" slack="0"/>
<pin id="50" dir="1" index="1" bw="7" slack="0"/>
</pin_list>
<bind>
<opcode="alloca(26) " fcode="alloca"/>
<opset="r/1 "/>
</bind>
</comp>

<comp id="52" class="1004" name="indvar_flatten13_fu_52">
<pin_list>
<pin id="53" dir="0" index="0" bw="1" slack="0"/>
<pin id="54" dir="1" index="1" bw="14" slack="0"/>
</pin_list>
<bind>
<opcode="alloca(26) " fcode="alloca"/>
<opset="indvar_flatten13/1 "/>
</bind>
</comp>

<comp id="56" class="1004" name="Matrix_C_BRAM_V_addr_gep_fu_56">
<pin_list>
<pin id="57" dir="0" index="0" bw="16" slack="0"/>
<pin id="58" dir="0" index="1" bw="1" slack="0"/>
<pin id="59" dir="0" index="2" bw="15" slack="0"/>
<pin id="60" dir="1" index="3" bw="15" slack="0"/>
</pin_list>
<bind>
<opcode="getelementptr(29) " fcode="getelementptr"/>
<opset="Matrix_C_BRAM_V_addr/2 "/>
</bind>
</comp>

<comp id="63" class="1004" name="grp_access_fu_63">
<pin_list>
<pin id="64" dir="0" index="0" bw="15" slack="0"/>
<pin id="65" dir="0" index="1" bw="16" slack="0"/>
<pin id="66" dir="0" index="2" bw="0" slack="0"/>
<pin id="68" dir="0" index="4" bw="15" slack="0"/>
<pin id="69" dir="0" index="5" bw="16" slack="2147483647"/>
<pin id="70" dir="0" index="6" bw="0" slack="2147483647"/>
<pin id="67" dir="1" index="3" bw="16" slack="2147483647"/>
<pin id="71" dir="1" index="7" bw="16" slack="2147483647"/>
</pin_list>
<bind>
<opcode="store(28) " fcode="store"/>
<opset="store_ln47/2 store_ln47/2 "/>
</bind>
</comp>

<comp id="74" class="1004" name="Matrix_C_BRAM_V_addr_1_gep_fu_74">
<pin_list>
<pin id="75" dir="0" index="0" bw="16" slack="0"/>
<pin id="76" dir="0" index="1" bw="1" slack="0"/>
<pin id="77" dir="0" index="2" bw="15" slack="0"/>
<pin id="78" dir="1" index="3" bw="15" slack="0"/>
</pin_list>
<bind>
<opcode="getelementptr(29) " fcode="getelementptr"/>
<opset="Matrix_C_BRAM_V_addr_1/2 "/>
</bind>
</comp>

<comp id="83" class="1004" name="store_ln0_store_fu_83">
<pin_list>
<pin id="84" dir="0" index="0" bw="1" slack="0"/>
<pin id="85" dir="0" index="1" bw="14" slack="0"/>
<pin id="86" dir="1" index="2" bw="0" slack="2147483647"/>
</pin_list>
<bind>
<opcode="store(28) " fcode="store"/>
<opset="store_ln0/1 "/>
</bind>
</comp>

<comp id="88" class="1004" name="store_ln0_store_fu_88">
<pin_list>
<pin id="89" dir="0" index="0" bw="1" slack="0"/>
<pin id="90" dir="0" index="1" bw="7" slack="0"/>
<pin id="91" dir="1" index="2" bw="0" slack="2147483647"/>
</pin_list>
<bind>
<opcode="store(28) " fcode="store"/>
<opset="store_ln0/1 "/>
</bind>
</comp>

<comp id="93" class="1004" name="store_ln0_store_fu_93">
<pin_list>
<pin id="94" dir="0" index="0" bw="1" slack="0"/>
<pin id="95" dir="0" index="1" bw="8" slack="0"/>
<pin id="96" dir="1" index="2" bw="0" slack="2147483647"/>
</pin_list>
<bind>
<opcode="store(28) " fcode="store"/>
<opset="store_ln0/1 "/>
</bind>
</comp>

<comp id="98" class="1004" name="indvar_flatten13_load_load_fu_98">
<pin_list>
<pin id="99" dir="0" index="0" bw="14" slack="0"/>
<pin id="100" dir="1" index="1" bw="14" slack="0"/>
</pin_list>
<bind>
<opcode="load(27) " fcode="load"/>
<opset="indvar_flatten13_load/1 "/>
</bind>
</comp>

<comp id="101" class="1004" name="icmp_ln41_fu_101">
<pin_list>
<pin id="102" dir="0" index="0" bw="14" slack="0"/>
<pin id="103" dir="0" index="1" bw="14" slack="0"/>
<pin id="104" dir="1" index="2" bw="1" slack="2147483647"/>
</pin_list>
<bind>
<opcode="icmp(45) " fcode="icmp"/>
<opset="icmp_ln41/1 "/>
</bind>
</comp>

<comp id="107" class="1004" name="add_ln41_1_fu_107">
<pin_list>
<pin id="108" dir="0" index="0" bw="14" slack="0"/>
<pin id="109" dir="0" index="1" bw="1" slack="0"/>
<pin id="110" dir="1" index="2" bw="14" slack="0"/>
</pin_list>
<bind>
<opcode="add(8) " fcode="add"/>
<opset="add_ln41_1/1 "/>
</bind>
</comp>

<comp id="113" class="1004" name="c_load_load_fu_113">
<pin_list>
<pin id="114" dir="0" index="0" bw="8" slack="0"/>
<pin id="115" dir="1" index="1" bw="8" slack="0"/>
</pin_list>
<bind>
<opcode="load(27) " fcode="load"/>
<opset="c_load/1 "/>
</bind>
</comp>

<comp id="116" class="1004" name="r_load_load_fu_116">
<pin_list>
<pin id="117" dir="0" index="0" bw="7" slack="0"/>
<pin id="118" dir="1" index="1" bw="7" slack="0"/>
</pin_list>
<bind>
<opcode="load(27) " fcode="load"/>
<opset="r_load/1 "/>
</bind>
</comp>

<comp id="119" class="1004" name="add_ln41_fu_119">
<pin_list>
<pin id="120" dir="0" index="0" bw="7" slack="0"/>
<pin id="121" dir="0" index="1" bw="1" slack="0"/>
<pin id="122" dir="1" index="2" bw="7" slack="0"/>
</pin_list>
<bind>
<opcode="add(8) " fcode="add"/>
<opset="add_ln41/1 "/>
</bind>
</comp>

<comp id="125" class="1004" name="icmp_ln43_fu_125">
<pin_list>
<pin id="126" dir="0" index="0" bw="8" slack="0"/>
<pin id="127" dir="0" index="1" bw="8" slack="0"/>
<pin id="128" dir="1" index="2" bw="1" slack="0"/>
</pin_list>
<bind>
<opcode="icmp(45) " fcode="icmp"/>
<opset="icmp_ln43/1 "/>
</bind>
</comp>

<comp id="131" class="1004" name="select_ln41_fu_131">
<pin_list>
<pin id="132" dir="0" index="0" bw="1" slack="0"/>
<pin id="133" dir="0" index="1" bw="8" slack="0"/>
<pin id="134" dir="0" index="2" bw="1" slack="0"/>
<pin id="135" dir="1" index="3" bw="8" slack="0"/>
</pin_list>
<bind>
<opcode="select(49) " fcode="select"/>
<opset="select_ln41/1 "/>
</bind>
</comp>

<comp id="139" class="1004" name="select_ln41_1_fu_139">
<pin_list>
<pin id="140" dir="0" index="0" bw="1" slack="0"/>
<pin id="141" dir="0" index="1" bw="7" slack="0"/>
<pin id="142" dir="0" index="2" bw="7" slack="0"/>
<pin id="143" dir="1" index="3" bw="7" slack="0"/>
</pin_list>
<bind>
<opcode="select(49) " fcode="select"/>
<opset="select_ln41_1/1 "/>
</bind>
</comp>

<comp id="147" class="1004" name="zext_ln47_fu_147">
<pin_list>
<pin id="148" dir="0" index="0" bw="7" slack="0"/>
<pin id="149" dir="1" index="1" bw="15" slack="0"/>
</pin_list>
<bind>
<opcode="zext(34) " fcode="zext"/>
<opset="zext_ln47/1 "/>
</bind>
</comp>

<comp id="151" class="1004" name="mul_ln47_fu_151">
<pin_list>
<pin id="152" dir="0" index="0" bw="7" slack="0"/>
<pin id="153" dir="0" index="1" bw="9" slack="0"/>
<pin id="154" dir="1" index="2" bw="15" slack="1"/>
</pin_list>
<bind>
<opcode="mul(12) " fcode="mul"/>
<opset="mul_ln47/1 "/>
</bind>
</comp>

<comp id="157" class="1004" name="add_ln43_fu_157">
<pin_list>
<pin id="158" dir="0" index="0" bw="8" slack="0"/>
<pin id="159" dir="0" index="1" bw="3" slack="0"/>
<pin id="160" dir="1" index="2" bw="8" slack="0"/>
</pin_list>
<bind>
<opcode="add(8) " fcode="add"/>
<opset="add_ln43/1 "/>
</bind>
</comp>

<comp id="163" class="1004" name="store_ln43_store_fu_163">
<pin_list>
<pin id="164" dir="0" index="0" bw="14" slack="0"/>
<pin id="165" dir="0" index="1" bw="14" slack="0"/>
<pin id="166" dir="1" index="2" bw="0" slack="2147483647"/>
</pin_list>
<bind>
<opcode="store(28) " fcode="store"/>
<opset="store_ln43/1 "/>
</bind>
</comp>

<comp id="168" class="1004" name="store_ln43_store_fu_168">
<pin_list>
<pin id="169" dir="0" index="0" bw="7" slack="0"/>
<pin id="170" dir="0" index="1" bw="7" slack="0"/>
<pin id="171" dir="1" index="2" bw="0" slack="2147483647"/>
</pin_list>
<bind>
<opcode="store(28) " fcode="store"/>
<opset="store_ln43/1 "/>
</bind>
</comp>

<comp id="173" class="1004" name="store_ln43_store_fu_173">
<pin_list>
<pin id="174" dir="0" index="0" bw="8" slack="0"/>
<pin id="175" dir="0" index="1" bw="8" slack="0"/>
<pin id="176" dir="1" index="2" bw="0" slack="2147483647"/>
</pin_list>
<bind>
<opcode="store(28) " fcode="store"/>
<opset="store_ln43/1 "/>
</bind>
</comp>

<comp id="178" class="1004" name="zext_ln47_1_fu_178">
<pin_list>
<pin id="179" dir="0" index="0" bw="8" slack="1"/>
<pin id="180" dir="1" index="1" bw="15" slack="0"/>
</pin_list>
<bind>
<opcode="zext(34) " fcode="zext"/>
<opset="zext_ln47_1/2 "/>
</bind>
</comp>

<comp id="181" class="1004" name="add_ln47_fu_181">
<pin_list>
<pin id="182" dir="0" index="0" bw="15" slack="1"/>
<pin id="183" dir="0" index="1" bw="8" slack="0"/>
<pin id="184" dir="1" index="2" bw="15" slack="0"/>
</pin_list>
<bind>
<opcode="add(8) " fcode="add"/>
<opset="add_ln47/2 "/>
</bind>
</comp>

<comp id="186" class="1004" name="zext_ln47_2_fu_186">
<pin_list>
<pin id="187" dir="0" index="0" bw="15" slack="0"/>
<pin id="188" dir="1" index="1" bw="64" slack="0"/>
</pin_list>
<bind>
<opcode="zext(34) " fcode="zext"/>
<opset="zext_ln47_2/2 "/>
</bind>
</comp>

<comp id="191" class="1004" name="or_ln43_fu_191">
<pin_list>
<pin id="192" dir="0" index="0" bw="8" slack="1"/>
<pin id="193" dir="0" index="1" bw="1" slack="0"/>
<pin id="194" dir="1" index="2" bw="8" slack="0"/>
</pin_list>
<bind>
<opcode="or(24) " fcode="or"/>
<opset="or_ln43/2 "/>
</bind>
</comp>

<comp id="196" class="1004" name="zext_ln47_3_fu_196">
<pin_list>
<pin id="197" dir="0" index="0" bw="8" slack="0"/>
<pin id="198" dir="1" index="1" bw="15" slack="0"/>
</pin_list>
<bind>
<opcode="zext(34) " fcode="zext"/>
<opset="zext_ln47_3/2 "/>
</bind>
</comp>

<comp id="200" class="1004" name="add_ln47_1_fu_200">
<pin_list>
<pin id="201" dir="0" index="0" bw="15" slack="1"/>
<pin id="202" dir="0" index="1" bw="8" slack="0"/>
<pin id="203" dir="1" index="2" bw="15" slack="0"/>
</pin_list>
<bind>
<opcode="add(8) " fcode="add"/>
<opset="add_ln47_1/2 "/>
</bind>
</comp>

<comp id="205" class="1004" name="zext_ln47_4_fu_205">
<pin_list>
<pin id="206" dir="0" index="0" bw="15" slack="0"/>
<pin id="207" dir="1" index="1" bw="64" slack="0"/>
</pin_list>
<bind>
<opcode="zext(34) " fcode="zext"/>
<opset="zext_ln47_4/2 "/>
</bind>
</comp>

<comp id="210" class="1005" name="c_reg_210">
<pin_list>
<pin id="211" dir="0" index="0" bw="8" slack="0"/>
<pin id="212" dir="1" index="1" bw="8" slack="0"/>
</pin_list>
<bind>
<opset="c "/>
</bind>
</comp>

<comp id="217" class="1005" name="r_reg_217">
<pin_list>
<pin id="218" dir="0" index="0" bw="7" slack="0"/>
<pin id="219" dir="1" index="1" bw="7" slack="0"/>
</pin_list>
<bind>
<opset="r "/>
</bind>
</comp>

<comp id="224" class="1005" name="indvar_flatten13_reg_224">
<pin_list>
<pin id="225" dir="0" index="0" bw="14" slack="0"/>
<pin id="226" dir="1" index="1" bw="14" slack="0"/>
</pin_list>
<bind>
<opset="indvar_flatten13 "/>
</bind>
</comp>

<comp id="234" class="1005" name="select_ln41_reg_234">
<pin_list>
<pin id="235" dir="0" index="0" bw="8" slack="1"/>
<pin id="236" dir="1" index="1" bw="8" slack="1"/>
</pin_list>
<bind>
<opset="select_ln41 "/>
</bind>
</comp>

<comp id="240" class="1005" name="mul_ln47_reg_240">
<pin_list>
<pin id="241" dir="0" index="0" bw="15" slack="1"/>
<pin id="242" dir="1" index="1" bw="15" slack="1"/>
</pin_list>
<bind>
<opset="mul_ln47 "/>
</bind>
</comp>

</comp_list>

<net_list>
<net id="47"><net_src comp="2" pin="0"/><net_sink comp="44" pin=0"/></net>

<net id="51"><net_src comp="2" pin="0"/><net_sink comp="48" pin=0"/></net>

<net id="55"><net_src comp="2" pin="0"/><net_sink comp="52" pin=0"/></net>

<net id="61"><net_src comp="0" pin="0"/><net_sink comp="56" pin=0"/></net>

<net id="62"><net_src comp="30" pin="0"/><net_sink comp="56" pin=1"/></net>

<net id="72"><net_src comp="40" pin="0"/><net_sink comp="63" pin=4"/></net>

<net id="73"><net_src comp="56" pin="3"/><net_sink comp="63" pin=2"/></net>

<net id="79"><net_src comp="0" pin="0"/><net_sink comp="74" pin=0"/></net>

<net id="80"><net_src comp="30" pin="0"/><net_sink comp="74" pin=1"/></net>

<net id="81"><net_src comp="40" pin="0"/><net_sink comp="63" pin=1"/></net>

<net id="82"><net_src comp="74" pin="3"/><net_sink comp="63" pin=0"/></net>

<net id="87"><net_src comp="4" pin="0"/><net_sink comp="83" pin=0"/></net>

<net id="92"><net_src comp="6" pin="0"/><net_sink comp="88" pin=0"/></net>

<net id="97"><net_src comp="8" pin="0"/><net_sink comp="93" pin=0"/></net>

<net id="105"><net_src comp="98" pin="1"/><net_sink comp="101" pin=0"/></net>

<net id="106"><net_src comp="10" pin="0"/><net_sink comp="101" pin=1"/></net>

<net id="111"><net_src comp="98" pin="1"/><net_sink comp="107" pin=0"/></net>

<net id="112"><net_src comp="12" pin="0"/><net_sink comp="107" pin=1"/></net>

<net id="123"><net_src comp="116" pin="1"/><net_sink comp="119" pin=0"/></net>

<net id="124"><net_src comp="14" pin="0"/><net_sink comp="119" pin=1"/></net>

<net id="129"><net_src comp="113" pin="1"/><net_sink comp="125" pin=0"/></net>

<net id="130"><net_src comp="16" pin="0"/><net_sink comp="125" pin=1"/></net>

<net id="136"><net_src comp="125" pin="2"/><net_sink comp="131" pin=0"/></net>

<net id="137"><net_src comp="113" pin="1"/><net_sink comp="131" pin=1"/></net>

<net id="138"><net_src comp="8" pin="0"/><net_sink comp="131" pin=2"/></net>

<net id="144"><net_src comp="125" pin="2"/><net_sink comp="139" pin=0"/></net>

<net id="145"><net_src comp="116" pin="1"/><net_sink comp="139" pin=1"/></net>

<net id="146"><net_src comp="119" pin="2"/><net_sink comp="139" pin=2"/></net>

<net id="150"><net_src comp="139" pin="3"/><net_sink comp="147" pin=0"/></net>

<net id="155"><net_src comp="147" pin="1"/><net_sink comp="151" pin=0"/></net>

<net id="156"><net_src comp="18" pin="0"/><net_sink comp="151" pin=1"/></net>

<net id="161"><net_src comp="131" pin="3"/><net_sink comp="157" pin=0"/></net>

<net id="162"><net_src comp="20" pin="0"/><net_sink comp="157" pin=1"/></net>

<net id="167"><net_src comp="107" pin="2"/><net_sink comp="163" pin=0"/></net>

<net id="172"><net_src comp="139" pin="3"/><net_sink comp="168" pin=0"/></net>

<net id="177"><net_src comp="157" pin="2"/><net_sink comp="173" pin=0"/></net>

<net id="185"><net_src comp="178" pin="1"/><net_sink comp="181" pin=1"/></net>

<net id="189"><net_src comp="181" pin="2"/><net_sink comp="186" pin=0"/></net>

<net id="190"><net_src comp="186" pin="1"/><net_sink comp="56" pin=2"/></net>

<net id="195"><net_src comp="42" pin="0"/><net_sink comp="191" pin=1"/></net>

<net id="199"><net_src comp="191" pin="2"/><net_sink comp="196" pin=0"/></net>

<net id="204"><net_src comp="196" pin="1"/><net_sink comp="200" pin=1"/></net>

<net id="208"><net_src comp="200" pin="2"/><net_sink comp="205" pin=0"/></net>

<net id="209"><net_src comp="205" pin="1"/><net_sink comp="74" pin=2"/></net>

<net id="213"><net_src comp="44" pin="1"/><net_sink comp="210" pin=0"/></net>

<net id="214"><net_src comp="210" pin="1"/><net_sink comp="93" pin=1"/></net>

<net id="215"><net_src comp="210" pin="1"/><net_sink comp="113" pin=0"/></net>

<net id="216"><net_src comp="210" pin="1"/><net_sink comp="173" pin=1"/></net>

<net id="220"><net_src comp="48" pin="1"/><net_sink comp="217" pin=0"/></net>

<net id="221"><net_src comp="217" pin="1"/><net_sink comp="88" pin=1"/></net>

<net id="222"><net_src comp="217" pin="1"/><net_sink comp="116" pin=0"/></net>

<net id="223"><net_src comp="217" pin="1"/><net_sink comp="168" pin=1"/></net>

<net id="227"><net_src comp="52" pin="1"/><net_sink comp="224" pin=0"/></net>

<net id="228"><net_src comp="224" pin="1"/><net_sink comp="83" pin=1"/></net>

<net id="229"><net_src comp="224" pin="1"/><net_sink comp="98" pin=0"/></net>

<net id="230"><net_src comp="224" pin="1"/><net_sink comp="163" pin=1"/></net>

<net id="237"><net_src comp="131" pin="3"/><net_sink comp="234" pin=0"/></net>

<net id="238"><net_src comp="234" pin="1"/><net_sink comp="178" pin=0"/></net>

<net id="239"><net_src comp="234" pin="1"/><net_sink comp="191" pin=0"/></net>

<net id="243"><net_src comp="151" pin="2"/><net_sink comp="240" pin=0"/></net>

<net id="244"><net_src comp="240" pin="1"/><net_sink comp="181" pin=0"/></net>

<net id="245"><net_src comp="240" pin="1"/><net_sink comp="200" pin=0"/></net>

</net_list>

</model> 
---------------- Datapath Model END ------------------

* FSMD analyzer results:
  - Output states:
	Port: Matrix_C_BRAM_V | {2 }
 - Input state : 
  - Chain level:
	State 1
		store_ln0 : 1
		store_ln0 : 1
		store_ln0 : 1
		indvar_flatten13_load : 1
		icmp_ln41 : 2
		add_ln41_1 : 2
		br_ln41 : 3
		c_load : 1
		r_load : 1
		add_ln41 : 2
		icmp_ln43 : 2
		select_ln41 : 3
		select_ln41_1 : 3
		zext_ln47 : 4
		mul_ln47 : 5
		add_ln43 : 4
		store_ln43 : 3
		store_ln43 : 4
		store_ln43 : 5
	State 2
		add_ln47 : 1
		zext_ln47_2 : 2
		Matrix_C_BRAM_V_addr : 3
		store_ln47 : 4
		add_ln47_1 : 1
		zext_ln47_4 : 2
		Matrix_C_BRAM_V_addr_1 : 3
		store_ln47 : 4


============================================================
+ Verbose Summary: Datapath Resource usage 
============================================================

* Functional unit list:
|----------|----------------------|---------|---------|---------|
| Operation|    Functional Unit   |   DSP   |    FF   |   LUT   |
|----------|----------------------|---------|---------|---------|
|          |   add_ln41_1_fu_107  |    0    |    0    |    17   |
|          |    add_ln41_fu_119   |    0    |    0    |    14   |
|    add   |    add_ln43_fu_157   |    0    |    0    |    15   |
|          |    add_ln47_fu_181   |    0    |    0    |    20   |
|          |   add_ln47_1_fu_200  |    0    |    0    |    20   |
|----------|----------------------|---------|---------|---------|
|    mul   |    mul_ln47_fu_151   |    0    |    0    |    51   |
|----------|----------------------|---------|---------|---------|
|   icmp   |   icmp_ln41_fu_101   |    0    |    0    |    12   |
|          |   icmp_ln43_fu_125   |    0    |    0    |    11   |
|----------|----------------------|---------|---------|---------|
|  select  |  select_ln41_fu_131  |    0    |    0    |    8    |
|          | select_ln41_1_fu_139 |    0    |    0    |    7    |
|----------|----------------------|---------|---------|---------|
|          |   zext_ln47_fu_147   |    0    |    0    |    0    |
|          |  zext_ln47_1_fu_178  |    0    |    0    |    0    |
|   zext   |  zext_ln47_2_fu_186  |    0    |    0    |    0    |
|          |  zext_ln47_3_fu_196  |    0    |    0    |    0    |
|          |  zext_ln47_4_fu_205  |    0    |    0    |    0    |
|----------|----------------------|---------|---------|---------|
|    or    |    or_ln43_fu_191    |    0    |    0    |    0    |
|----------|----------------------|---------|---------|---------|
|   Total  |                      |    0    |    0    |   175   |
|----------|----------------------|---------|---------|---------|

Memories:
N/A

* Register list:
+------------------------+--------+
|                        |   FF   |
+------------------------+--------+
|        c_reg_210       |    8   |
|indvar_flatten13_reg_224|   14   |
|    mul_ln47_reg_240    |   15   |
|        r_reg_217       |    7   |
|   select_ln41_reg_234  |    8   |
+------------------------+--------+
|          Total         |   52   |
+------------------------+--------+

* Multiplexer (MUX) list: 
|--------|------|------|------|--------|
|  Comp  |  Pin | Size |  BW  | S x BW |
|--------|------|------|------|--------|
|  Total |      |      |      |    0   |
|--------|------|------|------|--------|



* Summary:
+-----------+--------+--------+--------+
|           |   DSP  |   FF   |   LUT  |
+-----------+--------+--------+--------+
|  Function |    0   |    0   |   175  |
|   Memory  |    -   |    -   |    -   |
|Multiplexer|    -   |    -   |    -   |
|  Register |    -   |   52   |    -   |
+-----------+--------+--------+--------+
|   Total   |    0   |   52   |   175  |
+-----------+--------+--------+--------+
