

================================================================
== Vitis HLS Report for 'matmul_Pipeline_VITIS_LOOP_37_5_VITIS_LOOP_39_6'
================================================================
* Date:           Fri Oct  2 16:18:35 2026

* Version:        2022.2 (Build 3670227 on Oct 13 2022)
* Project:        vitis.prj
* Solution:       solution1 (Vivado IP Flow Target)
* Product family: zynq
* Target device:  xc7z020-clg400-1


================================================================
== Performance Estimates
================================================================
+ Timing: 
    * Summary: 
    +--------+----------+----------+------------+
    |  Clock |  Target  | Estimated| Uncertainty|
    +--------+----------+----------+------------+
    |ap_clk  |  10.00 ns|  6.302 ns|     2.70 ns|
    +--------+----------+----------+------------+

+ Latency: 
    * Summary: 
    +---------+---------+----------+----------+-------+-------+---------+
    |  Latency (cycles) |  Latency (absolute) |    Interval   | Pipeline|
    |   min   |   max   |    min   |    max   |  min  |  max  |   Type  |
    +---------+---------+----------+----------+-------+-------+---------+
    |    20004|    20004|  0.200 ms|  0.200 ms|  20004|  20004|       no|
    +---------+---------+----------+----------+-------+-------+---------+

    + Detail: 
        * Instance: 
        N/A

        * Loop: 
        +-----------------------------------+---------+---------+----------+-----------+-----------+-------+----------+
        |                                   |  Latency (cycles) | Iteration|  Initiation Interval  |  Trip |          |
        |             Loop Name             |   min   |   max   |  Latency |  achieved |   target  | Count | Pipelined|
        +-----------------------------------+---------+---------+----------+-----------+-----------+-------+----------+
        |- VITIS_LOOP_37_5_VITIS_LOOP_39_6  |    20002|    20002|         4|          1|          1|  20000|       yes|
        +-----------------------------------+---------+---------+----------+-----------+-----------+-------+----------+

============================================================
+ Verbose Summary: Synthesis Manager
============================================================
InlineROM: 1
ExposeGlobal: 0
============================================================
+ Verbose Summary: CDFG Model
============================================================
IsTopModel: 0
ResetActiveHigh: 1
IsCombinational: 0
IsDatapathOnly: 0
HasWiredReturn: 1
HasMFsm: 2
HasVarLatency: 1
IsPipeline: 0
IsRtlPipelined: 0
IsInstanceOverlapped: 0
IsDontTouch: 0
HasImplIP: 0
IsGatedGlobalClock: 0

+ Individual pipeline summary: 
  * Pipeline-0: initiation interval (II) = 1, depth = 4


============================================================
+ Verbose Summary: Schedule
============================================================
* Number of FSM states : 4
* Pipeline : 1
  Pipeline-0 : II = 1, D = 4, States = { 1 2 3 4 }
* Dataflow Pipeline: 0

* FSM state transitions: 
1 --> 2 
2 --> 3 
3 --> 4 
4 --> 

* FSM state operations: 

State 1 <SV = 0> <Delay = 6.30>
ST_1 : Operation 7 [1/1] (0.00ns)   --->   "%c = alloca i32 1"   --->   Operation 7 'alloca' 'c' <Predicate = true> <Delay = 0.00>
ST_1 : Operation 8 [1/1] (0.00ns)   --->   "%r = alloca i32 1"   --->   Operation 8 'alloca' 'r' <Predicate = true> <Delay = 0.00>
ST_1 : Operation 9 [1/1] (0.00ns)   --->   "%indvar_flatten13 = alloca i32 1"   --->   Operation 9 'alloca' 'indvar_flatten13' <Predicate = true> <Delay = 0.00>
ST_1 : Operation 10 [1/1] (1.58ns)   --->   "%store_ln0 = store i15 0, i15 %indvar_flatten13"   --->   Operation 10 'store' 'store_ln0' <Predicate = true> <Delay = 1.58>
ST_1 : Operation 11 [1/1] (1.58ns)   --->   "%store_ln0 = store i7 0, i7 %r"   --->   Operation 11 'store' 'store_ln0' <Predicate = true> <Delay = 1.58>
ST_1 : Operation 12 [1/1] (1.58ns)   --->   "%store_ln0 = store i8 0, i8 %c"   --->   Operation 12 'store' 'store_ln0' <Predicate = true> <Delay = 1.58>
ST_1 : Operation 13 [1/1] (0.00ns)   --->   "%br_ln0 = br void %for.inc86"   --->   Operation 13 'br' 'br_ln0' <Predicate = true> <Delay = 0.00>
ST_1 : Operation 14 [1/1] (0.00ns)   --->   "%indvar_flatten13_load = load i15 %indvar_flatten13" [matmul.cpp:37]   --->   Operation 14 'load' 'indvar_flatten13_load' <Predicate = true> <Delay = 0.00>
ST_1 : Operation 15 [1/1] (0.00ns)   --->   "%specpipeline_ln0 = specpipeline void @_ssdm_op_SpecPipeline, i32 4294967295, i32 0, i32 1, i32 0, void @p_str"   --->   Operation 15 'specpipeline' 'specpipeline_ln0' <Predicate = true> <Delay = 0.00>
ST_1 : Operation 16 [1/1] (2.31ns)   --->   "%icmp_ln37 = icmp_eq  i15 %indvar_flatten13_load, i15 20000" [matmul.cpp:37]   --->   Operation 16 'icmp' 'icmp_ln37' <Predicate = true> <Delay = 2.31> <CoreInst = "Cmp">   --->   Core 9 'Cmp' <Latency = 0> <II = 1> <Delay = 2.31> <FuncUnit> <Opcode : 'icmp'> <InPorts = 2> <OutPorts = 1>
ST_1 : Operation 17 [1/1] (1.94ns)   --->   "%add_ln37_1 = add i15 %indvar_flatten13_load, i15 1" [matmul.cpp:37]   --->   Operation 17 'add' 'add_ln37_1' <Predicate = true> <Delay = 1.94> <CoreInst = "Adder">   --->   Core 1 'Adder' <Latency = 0> <II = 1> <Delay = 1.94> <FuncUnit> <Opcode : 'add' 'sub'> <InPorts = 2> <OutPorts = 1>
ST_1 : Operation 18 [1/1] (0.00ns)   --->   "%br_ln37 = br i1 %icmp_ln37, void %for.inc89, void %VITIS_LOOP_53_9.preheader.exitStub" [matmul.cpp:37]   --->   Operation 18 'br' 'br_ln37' <Predicate = true> <Delay = 0.00>
ST_1 : Operation 19 [1/1] (0.00ns)   --->   "%c_load = load i8 %c" [matmul.cpp:39]   --->   Operation 19 'load' 'c_load' <Predicate = (!icmp_ln37)> <Delay = 0.00>
ST_1 : Operation 20 [1/1] (0.00ns)   --->   "%r_load = load i7 %r" [matmul.cpp:37]   --->   Operation 20 'load' 'r_load' <Predicate = (!icmp_ln37)> <Delay = 0.00>
ST_1 : Operation 21 [1/1] (1.87ns)   --->   "%add_ln37 = add i7 %r_load, i7 1" [matmul.cpp:37]   --->   Operation 21 'add' 'add_ln37' <Predicate = (!icmp_ln37)> <Delay = 1.87> <CoreInst = "Adder">   --->   Core 1 'Adder' <Latency = 0> <II = 1> <Delay = 1.87> <FuncUnit> <Opcode : 'add' 'sub'> <InPorts = 2> <OutPorts = 1>
ST_1 : Operation 22 [1/1] (1.55ns)   --->   "%icmp_ln39 = icmp_eq  i8 %c_load, i8 200" [matmul.cpp:39]   --->   Operation 22 'icmp' 'icmp_ln39' <Predicate = (!icmp_ln37)> <Delay = 1.55> <CoreInst = "Cmp">   --->   Core 9 'Cmp' <Latency = 0> <II = 1> <Delay = 1.55> <FuncUnit> <Opcode : 'icmp'> <InPorts = 2> <OutPorts = 1>
ST_1 : Operation 23 [1/1] (1.24ns)   --->   "%select_ln37 = select i1 %icmp_ln39, i8 0, i8 %c_load" [matmul.cpp:37]   --->   Operation 23 'select' 'select_ln37' <Predicate = (!icmp_ln37)> <Delay = 1.24> <CoreInst = "Sel">   --->   Core 73 'Sel' <Latency = 0> <II = 1> <Delay = 1.24> <FuncUnit> <Opcode : 'select'> <InPorts = 3> <OutPorts = 1>
ST_1 : Operation 24 [1/1] (0.99ns)   --->   "%select_ln37_1 = select i1 %icmp_ln39, i7 %add_ln37, i7 %r_load" [matmul.cpp:37]   --->   Operation 24 'select' 'select_ln37_1' <Predicate = (!icmp_ln37)> <Delay = 0.99> <CoreInst = "Sel">   --->   Core 73 'Sel' <Latency = 0> <II = 1> <Delay = 0.99> <FuncUnit> <Opcode : 'select'> <InPorts = 3> <OutPorts = 1>
ST_1 : Operation 25 [1/1] (0.00ns)   --->   "%zext_ln41 = zext i7 %select_ln37_1" [matmul.cpp:41]   --->   Operation 25 'zext' 'zext_ln41' <Predicate = (!icmp_ln37)> <Delay = 0.00>
ST_1 : Operation 26 [3/3] (1.05ns) (grouped into DSP with root node add_ln41)   --->   "%mul_ln41 = mul i15 %zext_ln41, i15 200" [matmul.cpp:41]   --->   Operation 26 'mul' 'mul_ln41' <Predicate = (!icmp_ln37)> <Delay = 1.05> <CoreInst = "DSP48">   --->   Core 119 'DSP48' <Latency = 3> <II = 1> <Delay = 2.15> <IPBlock> <Opcode : 'mul' 'add' 'sub' 'select'> <InPorts = 0> <OutPorts = 1> <Sync> <CReg>
ST_1 : Operation 27 [1/1] (1.91ns)   --->   "%add_ln39 = add i8 %select_ln37, i8 1" [matmul.cpp:39]   --->   Operation 27 'add' 'add_ln39' <Predicate = (!icmp_ln37)> <Delay = 1.91> <CoreInst = "Adder">   --->   Core 1 'Adder' <Latency = 0> <II = 1> <Delay = 1.91> <FuncUnit> <Opcode : 'add' 'sub'> <InPorts = 2> <OutPorts = 1>
ST_1 : Operation 28 [1/1] (1.58ns)   --->   "%store_ln39 = store i15 %add_ln37_1, i15 %indvar_flatten13" [matmul.cpp:39]   --->   Operation 28 'store' 'store_ln39' <Predicate = (!icmp_ln37)> <Delay = 1.58>
ST_1 : Operation 29 [1/1] (1.58ns)   --->   "%store_ln39 = store i7 %select_ln37_1, i7 %r" [matmul.cpp:39]   --->   Operation 29 'store' 'store_ln39' <Predicate = (!icmp_ln37)> <Delay = 1.58>
ST_1 : Operation 30 [1/1] (1.58ns)   --->   "%store_ln39 = store i8 %add_ln39, i8 %c" [matmul.cpp:39]   --->   Operation 30 'store' 'store_ln39' <Predicate = (!icmp_ln37)> <Delay = 1.58>

State 2 <SV = 1> <Delay = 1.05>
ST_2 : Operation 31 [2/3] (1.05ns) (grouped into DSP with root node add_ln41)   --->   "%mul_ln41 = mul i15 %zext_ln41, i15 200" [matmul.cpp:41]   --->   Operation 31 'mul' 'mul_ln41' <Predicate = true> <Delay = 1.05> <CoreInst = "DSP48">   --->   Core 119 'DSP48' <Latency = 3> <II = 1> <Delay = 2.15> <IPBlock> <Opcode : 'mul' 'add' 'sub' 'select'> <InPorts = 0> <OutPorts = 1> <Sync> <CReg>

State 3 <SV = 2> <Delay = 2.10>
ST_3 : Operation 32 [1/3] (0.00ns) (grouped into DSP with root node add_ln41)   --->   "%mul_ln41 = mul i15 %zext_ln41, i15 200" [matmul.cpp:41]   --->   Operation 32 'mul' 'mul_ln41' <Predicate = true> <Delay = 0.00> <CoreInst = "DSP48">   --->   Core 119 'DSP48' <Latency = 3> <II = 1> <Delay = 2.15> <IPBlock> <Opcode : 'mul' 'add' 'sub' 'select'> <InPorts = 0> <OutPorts = 1> <Sync> <CReg>
ST_3 : Operation 33 [1/1] (0.00ns)   --->   "%zext_ln41_1 = zext i8 %select_ln37" [matmul.cpp:41]   --->   Operation 33 'zext' 'zext_ln41_1' <Predicate = true> <Delay = 0.00>
ST_3 : Operation 34 [2/2] (2.10ns) (root node of the DSP)   --->   "%add_ln41 = add i15 %mul_ln41, i15 %zext_ln41_1" [matmul.cpp:41]   --->   Operation 34 'add' 'add_ln41' <Predicate = true> <Delay = 2.10> <CoreInst = "DSP48">   --->   Core 119 'DSP48' <Latency = 3> <II = 1> <Delay = 2.15> <IPBlock> <Opcode : 'mul' 'add' 'sub' 'select'> <InPorts = 0> <OutPorts = 1> <Sync> <CReg>
ST_3 : Operation 44 [1/1] (0.00ns)   --->   "%ret_ln0 = ret"   --->   Operation 44 'ret' 'ret_ln0' <Predicate = (icmp_ln37)> <Delay = 0.00>

State 4 <SV = 3> <Delay = 5.35>
ST_4 : Operation 35 [1/1] (0.00ns)   --->   "%specloopname_ln0 = specloopname void @_ssdm_op_SpecLoopName, void @VITIS_LOOP_37_5_VITIS_LOOP_39_6_str"   --->   Operation 35 'specloopname' 'specloopname_ln0' <Predicate = true> <Delay = 0.00>
ST_4 : Operation 36 [1/1] (0.00ns)   --->   "%empty = speclooptripcount i32 @_ssdm_op_SpecLoopTripCount, i64 20000, i64 20000, i64 20000"   --->   Operation 36 'speclooptripcount' 'empty' <Predicate = true> <Delay = 0.00>
ST_4 : Operation 37 [1/1] (0.00ns)   --->   "%specpipeline_ln0 = specpipeline void @_ssdm_op_SpecPipeline, i32 4294967295, i32 0, i32 1, i32 0, void @p_str"   --->   Operation 37 'specpipeline' 'specpipeline_ln0' <Predicate = true> <Delay = 0.00>
ST_4 : Operation 38 [1/2] (2.10ns) (root node of the DSP)   --->   "%add_ln41 = add i15 %mul_ln41, i15 %zext_ln41_1" [matmul.cpp:41]   --->   Operation 38 'add' 'add_ln41' <Predicate = true> <Delay = 2.10> <CoreInst = "DSP48">   --->   Core 119 'DSP48' <Latency = 3> <II = 1> <Delay = 2.15> <IPBlock> <Opcode : 'mul' 'add' 'sub' 'select'> <InPorts = 0> <OutPorts = 1> <Sync> <CReg>
ST_4 : Operation 39 [1/1] (0.00ns)   --->   "%zext_ln41_2 = zext i15 %add_ln41" [matmul.cpp:41]   --->   Operation 39 'zext' 'zext_ln41_2' <Predicate = true> <Delay = 0.00>
ST_4 : Operation 40 [1/1] (0.00ns)   --->   "%Matrix_C_BRAM_V_addr = getelementptr i16 %Matrix_C_BRAM_V, i64 0, i64 %zext_ln41_2" [matmul.cpp:41]   --->   Operation 40 'getelementptr' 'Matrix_C_BRAM_V_addr' <Predicate = true> <Delay = 0.00>
ST_4 : Operation 41 [1/1] (0.00ns)   --->   "%specloopname_ln39 = specloopname void @_ssdm_op_SpecLoopName, void @empty_5" [matmul.cpp:39]   --->   Operation 41 'specloopname' 'specloopname_ln39' <Predicate = true> <Delay = 0.00>
ST_4 : Operation 42 [1/1] (3.25ns)   --->   "%store_ln41 = store i16 0, i15 %Matrix_C_BRAM_V_addr" [matmul.cpp:41]   --->   Operation 42 'store' 'store_ln41' <Predicate = true> <Delay = 3.25> <CoreInst = "RAM">   --->   Core 82 'RAM' <Latency = 1> <II = 1> <Delay = 3.25> <Storage> <Opcode : 'load' 'store'> <Ports = 2> <Width = 16> <Depth = 20000> <RAM>
ST_4 : Operation 43 [1/1] (0.00ns)   --->   "%br_ln39 = br void %for.inc86" [matmul.cpp:39]   --->   Operation 43 'br' 'br_ln39' <Predicate = true> <Delay = 0.00>


============================================================
+ Verbose Summary: Binding
============================================================
STG Binding: 
---------------- STG Properties BEGIN ----------------
- Is combinational: 0
- Is one-state seq: 0
- Is datapath-only: 0
- Is pipelined: 0
- Is top level: 0
Port [ Return ] is wired: 1; IO mode=ap_ctrl_hs:ce=0
Port [ Matrix_C_BRAM_V]:  wired=1; compound=1; hidden=0; nouse=0; global=0; static=0; extern=0; dir=1; type=1; pingpong=0; private_global=0; MemPort=[03]; IO mode=ap_memory:ce=0
---------------- STG Properties END ------------------

---------------- Datapath Model BEGIN ----------------

<LifeTime>
<method=bitvector/>
c                     (alloca           ) [ 01000]
r                     (alloca           ) [ 01000]
indvar_flatten13      (alloca           ) [ 01000]
store_ln0             (store            ) [ 00000]
store_ln0             (store            ) [ 00000]
store_ln0             (store            ) [ 00000]
br_ln0                (br               ) [ 00000]
indvar_flatten13_load (load             ) [ 00000]
specpipeline_ln0      (specpipeline     ) [ 00000]
icmp_ln37             (icmp             ) [ 01110]
add_ln37_1            (add              ) [ 00000]
br_ln37               (br               ) [ 00000]
c_load                (load             ) [ 00000]
r_load                (load             ) [ 00000]
add_ln37              (add              ) [ 00000]
icmp_ln39             (icmp             ) [ 00000]
select_ln37           (select           ) [ 01110]
select_ln37_1         (select           ) [ 00000]
zext_ln41             (zext             ) [ 01110]
add_ln39              (add              ) [ 00000]
store_ln39            (store            ) [ 00000]
store_ln39            (store            ) [ 00000]
store_ln39            (store            ) [ 00000]
mul_ln41              (mul              ) [ 01001]
zext_ln41_1           (zext             ) [ 01001]
specloopname_ln0      (specloopname     ) [ 00000]
empty                 (speclooptripcount) [ 00000]
specpipeline_ln0      (specpipeline     ) [ 00000]
add_ln41              (add              ) [ 00000]
zext_ln41_2           (zext             ) [ 00000]
Matrix_C_BRAM_V_addr  (getelementptr    ) [ 00000]
specloopname_ln39     (specloopname     ) [ 00000]
store_ln41            (store            ) [ 00000]
br_ln39               (br               ) [ 00000]
ret_ln0               (ret              ) [ 00000]
</LifeTime>

<model>

<comp_list>
<comp id="0" class="1000" name="Matrix_C_BRAM_V">
<pin_list>
<pin id="1" dir="1" index="0" bw="1" slack="0"/>
</pin_list>
<bind>
<StgValue><ssdm name="Matrix_C_BRAM_V"/><MemPortTyVec>0 3 </MemPortTyVec>
</StgValue>
</bind>
</comp>

<comp id="2" class="1001" name="const_2">
<pin_list>
<pin id="3" dir="1" index="0" bw="1" slack="0"/>
</pin_list>
<bind>
<StgValue><ssdm name=""/></StgValue>
</bind>
</comp>

<comp id="4" class="1001" name="const_4">
<pin_list>
<pin id="5" dir="1" index="0" bw="1" slack="0"/>
</pin_list>
<bind>
<StgValue><ssdm name=""/></StgValue>
</bind>
</comp>

<comp id="6" class="1001" name="const_6">
<pin_list>
<pin id="7" dir="1" index="0" bw="1" slack="0"/>
</pin_list>
<bind>
<StgValue><ssdm name=""/></StgValue>
</bind>
</comp>

<comp id="8" class="1001" name="const_8">
<pin_list>
<pin id="9" dir="1" index="0" bw="1" slack="0"/>
</pin_list>
<bind>
<StgValue><ssdm name=""/></StgValue>
</bind>
</comp>

<comp id="10" class="1001" name="const_10">
<pin_list>
<pin id="11" dir="1" index="0" bw="1" slack="2147483647"/>
</pin_list>
<bind>
<StgValue><ssdm name="_ssdm_op_SpecPipeline"/></StgValue>
</bind>
</comp>

<comp id="12" class="1001" name="const_12">
<pin_list>
<pin id="13" dir="1" index="0" bw="1" slack="2147483647"/>
</pin_list>
<bind>
<StgValue><ssdm name=""/></StgValue>
</bind>
</comp>

<comp id="14" class="1001" name="const_14">
<pin_list>
<pin id="15" dir="1" index="0" bw="1" slack="2147483647"/>
</pin_list>
<bind>
<StgValue><ssdm name=""/></StgValue>
</bind>
</comp>

<comp id="16" class="1001" name="const_16">
<pin_list>
<pin id="17" dir="1" index="0" bw="1" slack="2147483647"/>
</pin_list>
<bind>
<StgValue><ssdm name="p_str"/></StgValue>
</bind>
</comp>

<comp id="18" class="1001" name="const_18">
<pin_list>
<pin id="19" dir="1" index="0" bw="1" slack="0"/>
</pin_list>
<bind>
<StgValue><ssdm name=""/></StgValue>
</bind>
</comp>

<comp id="20" class="1001" name="const_20">
<pin_list>
<pin id="21" dir="1" index="0" bw="1" slack="0"/>
</pin_list>
<bind>
<StgValue><ssdm name=""/></StgValue>
</bind>
</comp>

<comp id="22" class="1001" name="const_22">
<pin_list>
<pin id="23" dir="1" index="0" bw="1" slack="0"/>
</pin_list>
<bind>
<StgValue><ssdm name=""/></StgValue>
</bind>
</comp>

<comp id="24" class="1001" name="const_24">
<pin_list>
<pin id="25" dir="1" index="0" bw="1" slack="0"/>
</pin_list>
<bind>
<StgValue><ssdm name=""/></StgValue>
</bind>
</comp>

<comp id="26" class="1001" name="const_26">
<pin_list>
<pin id="27" dir="1" index="0" bw="1" slack="0"/>
</pin_list>
<bind>
<StgValue><ssdm name=""/></StgValue>
</bind>
</comp>

<comp id="28" class="1001" name="const_28">
<pin_list>
<pin id="29" dir="1" index="0" bw="1" slack="0"/>
</pin_list>
<bind>
<StgValue><ssdm name=""/></StgValue>
</bind>
</comp>

<comp id="30" class="1001" name="const_30">
<pin_list>
<pin id="31" dir="1" index="0" bw="1" slack="2147483647"/>
</pin_list>
<bind>
<StgValue><ssdm name="_ssdm_op_SpecLoopName"/></StgValue>
</bind>
</comp>

<comp id="32" class="1001" name="const_32">
<pin_list>
<pin id="33" dir="1" index="0" bw="1" slack="2147483647"/>
</pin_list>
<bind>
<StgValue><ssdm name="VITIS_LOOP_37_5_VITIS_LOOP_39_6_str"/></StgValue>
</bind>
</comp>

<comp id="34" class="1001" name="const_34">
<pin_list>
<pin id="35" dir="1" index="0" bw="1" slack="2147483647"/>
</pin_list>
<bind>
<StgValue><ssdm name="_ssdm_op_SpecLoopTripCount"/></StgValue>
</bind>
</comp>

<comp id="36" class="1001" name="const_36">
<pin_list>
<pin id="37" dir="1" index="0" bw="1" slack="2147483647"/>
</pin_list>
<bind>
<StgValue><ssdm name=""/></StgValue>
</bind>
</comp>

<comp id="38" class="1001" name="const_38">
<pin_list>
<pin id="39" dir="1" index="0" bw="1" slack="0"/>
</pin_list>
<bind>
<StgValue><ssdm name=""/></StgValue>
</bind>
</comp>

<comp id="40" class="1001" name="const_40">
<pin_list>
<pin id="41" dir="1" index="0" bw="1" slack="2147483647"/>
</pin_list>
<bind>
<StgValue><ssdm name="empty_5"/></StgValue>
</bind>
</comp>

<comp id="42" class="1001" name="const_42">
<pin_list>
<pin id="43" dir="1" index="0" bw="1" slack="0"/>
</pin_list>
<bind>
<StgValue><ssdm name=""/></StgValue>
</bind>
</comp>

<comp id="44" class="1004" name="c_fu_44">
<pin_list>
<pin id="45" dir="0" index="0" bw="1" slack="0"/>
<pin id="46" dir="1" index="1" bw="8" slack="0"/>
</pin_list>
<bind>
<opcode="alloca(26) " fcode="alloca"/>
<opset="c/1 "/>
</bind>
</comp>

<comp id="48" class="1004" name="r_fu_48">
<pin_list>
<pin id="49" dir="0" index="0" bw="1" slack="0"/>
<pin id="50" dir="1" index="1" bw="7" slack="0"/>
</pin_list>
<bind>
<opcode="alloca(26) " fcode="alloca"/>
<opset="r/1 "/>
</bind>
</comp>

<comp id="52" class="1004" name="indvar_flatten13_fu_52">
<pin_list>
<pin id="53" dir="0" index="0" bw="1" slack="0"/>
<pin id="54" dir="1" index="1" bw="15" slack="0"/>
</pin_list>
<bind>
<opcode="alloca(26) " fcode="alloca"/>
<opset="indvar_flatten13/1 "/>
</bind>
</comp>

<comp id="56" class="1004" name="Matrix_C_BRAM_V_addr_gep_fu_56">
<pin_list>
<pin id="57" dir="0" index="0" bw="16" slack="0"/>
<pin id="58" dir="0" index="1" bw="1" slack="0"/>
<pin id="59" dir="0" index="2" bw="15" slack="0"/>
<pin id="60" dir="1" index="3" bw="15" slack="0"/>
</pin_list>
<bind>
<opcode="getelementptr(29) " fcode="getelementptr"/>
<opset="Matrix_C_BRAM_V_addr/4 "/>
</bind>
</comp>

<comp id="63" class="1004" name="store_ln41_access_fu_63">
<pin_list>
<pin id="64" dir="0" index="0" bw="15" slack="0"/>
<pin id="65" dir="0" index="1" bw="16" slack="0"/>
<pin id="66" dir="0" index="2" bw="0" slack="2147483647"/>
<pin id="67" dir="1" index="3" bw="16" slack="2147483647"/>
</pin_list>
<bind>
<opcode="store(28) " fcode="store"/>
<opset="store_ln41/4 "/>
</bind>
</comp>

<comp id="70" class="1004" name="store_ln0_store_fu_70">
<pin_list>
<pin id="71" dir="0" index="0" bw="1" slack="0"/>
<pin id="72" dir="0" index="1" bw="15" slack="0"/>
<pin id="73" dir="1" index="2" bw="0" slack="2147483647"/>
</pin_list>
<bind>
<opcode="store(28) " fcode="store"/>
<opset="store_ln0/1 "/>
</bind>
</comp>

<comp id="75" class="1004" name="store_ln0_store_fu_75">
<pin_list>
<pin id="76" dir="0" index="0" bw="1" slack="0"/>
<pin id="77" dir="0" index="1" bw="7" slack="0"/>
<pin id="78" dir="1" index="2" bw="0" slack="2147483647"/>
</pin_list>
<bind>
<opcode="store(28) " fcode="store"/>
<opset="store_ln0/1 "/>
</bind>
</comp>

<comp id="80" class="1004" name="store_ln0_store_fu_80">
<pin_list>
<pin id="81" dir="0" index="0" bw="1" slack="0"/>
<pin id="82" dir="0" index="1" bw="8" slack="0"/>
<pin id="83" dir="1" index="2" bw="0" slack="2147483647"/>
</pin_list>
<bind>
<opcode="store(28) " fcode="store"/>
<opset="store_ln0/1 "/>
</bind>
</comp>

<comp id="85" class="1004" name="indvar_flatten13_load_load_fu_85">
<pin_list>
<pin id="86" dir="0" index="0" bw="15" slack="0"/>
<pin id="87" dir="1" index="1" bw="15" slack="0"/>
</pin_list>
<bind>
<opcode="load(27) " fcode="load"/>
<opset="indvar_flatten13_load/1 "/>
</bind>
</comp>

<comp id="88" class="1004" name="icmp_ln37_fu_88">
<pin_list>
<pin id="89" dir="0" index="0" bw="15" slack="0"/>
<pin id="90" dir="0" index="1" bw="15" slack="0"/>
<pin id="91" dir="1" index="2" bw="1" slack="2"/>
</pin_list>
<bind>
<opcode="icmp(45) " fcode="icmp"/>
<opset="icmp_ln37/1 "/>
</bind>
</comp>

<comp id="94" class="1004" name="add_ln37_1_fu_94">
<pin_list>
<pin id="95" dir="0" index="0" bw="15" slack="0"/>
<pin id="96" dir="0" index="1" bw="1" slack="0"/>
<pin id="97" dir="1" index="2" bw="15" slack="0"/>
</pin_list>
<bind>
<opcode="add(8) " fcode="add"/>
<opset="add_ln37_1/1 "/>
</bind>
</comp>

<comp id="100" class="1004" name="c_load_load_fu_100">
<pin_list>
<pin id="101" dir="0" index="0" bw="8" slack="0"/>
<pin id="102" dir="1" index="1" bw="8" slack="0"/>
</pin_list>
<bind>
<opcode="load(27) " fcode="load"/>
<opset="c_load/1 "/>
</bind>
</comp>

<comp id="103" class="1004" name="r_load_load_fu_103">
<pin_list>
<pin id="104" dir="0" index="0" bw="7" slack="0"/>
<pin id="105" dir="1" index="1" bw="7" slack="0"/>
</pin_list>
<bind>
<opcode="load(27) " fcode="load"/>
<opset="r_load/1 "/>
</bind>
</comp>

<comp id="106" class="1004" name="add_ln37_fu_106">
<pin_list>
<pin id="107" dir="0" index="0" bw="7" slack="0"/>
<pin id="108" dir="0" index="1" bw="1" slack="0"/>
<pin id="109" dir="1" index="2" bw="7" slack="0"/>
</pin_list>
<bind>
<opcode="add(8) " fcode="add"/>
<opset="add_ln37/1 "/>
</bind>
</comp>

<comp id="112" class="1004" name="icmp_ln39_fu_112">
<pin_list>
<pin id="113" dir="0" index="0" bw="8" slack="0"/>
<pin id="114" dir="0" index="1" bw="7" slack="0"/>
<pin id="115" dir="1" index="2" bw="1" slack="0"/>
</pin_list>
<bind>
<opcode="icmp(45) " fcode="icmp"/>
<opset="icmp_ln39/1 "/>
</bind>
</comp>

<comp id="118" class="1004" name="select_ln37_fu_118">
<pin_list>
<pin id="119" dir="0" index="0" bw="1" slack="0"/>
<pin id="120" dir="0" index="1" bw="1" slack="0"/>
<pin id="121" dir="0" index="2" bw="8" slack="0"/>
<pin id="122" dir="1" index="3" bw="8" slack="0"/>
</pin_list>
<bind>
<opcode="select(49) " fcode="select"/>
<opset="select_ln37/1 "/>
</bind>
</comp>

<comp id="126" class="1004" name="select_ln37_1_fu_126">
<pin_list>
<pin id="127" dir="0" index="0" bw="1" slack="0"/>
<pin id="128" dir="0" index="1" bw="7" slack="0"/>
<pin id="129" dir="0" index="2" bw="7" slack="0"/>
<pin id="130" dir="1" index="3" bw="7" slack="0"/>
</pin_list>
<bind>
<opcode="select(49) " fcode="select"/>
<opset="select_ln37_1/1 "/>
</bind>
</comp>

<comp id="134" class="1004" name="zext_ln41_fu_134">
<pin_list>
<pin id="135" dir="0" index="0" bw="7" slack="0"/>
<pin id="136" dir="1" index="1" bw="15" slack="0"/>
</pin_list>
<bind>
<opcode="zext(34) " fcode="zext"/>
<opset="zext_ln41/1 "/>
</bind>
</comp>

<comp id="138" class="1004" name="add_ln39_fu_138">
<pin_list>
<pin id="139" dir="0" index="0" bw="8" slack="0"/>
<pin id="140" dir="0" index="1" bw="1" slack="0"/>
<pin id="141" dir="1" index="2" bw="8" slack="0"/>
</pin_list>
<bind>
<opcode="add(8) " fcode="add"/>
<opset="add_ln39/1 "/>
</bind>
</comp>

<comp id="144" class="1004" name="store_ln39_store_fu_144">
<pin_list>
<pin id="145" dir="0" index="0" bw="15" slack="0"/>
<pin id="146" dir="0" index="1" bw="15" slack="0"/>
<pin id="147" dir="1" index="2" bw="0" slack="2147483647"/>
</pin_list>
<bind>
<opcode="store(28) " fcode="store"/>
<opset="store_ln39/1 "/>
</bind>
</comp>

<comp id="149" class="1004" name="store_ln39_store_fu_149">
<pin_list>
<pin id="150" dir="0" index="0" bw="7" slack="0"/>
<pin id="151" dir="0" index="1" bw="7" slack="0"/>
<pin id="152" dir="1" index="2" bw="0" slack="2147483647"/>
</pin_list>
<bind>
<opcode="store(28) " fcode="store"/>
<opset="store_ln39/1 "/>
</bind>
</comp>

<comp id="154" class="1004" name="store_ln39_store_fu_154">
<pin_list>
<pin id="155" dir="0" index="0" bw="8" slack="0"/>
<pin id="156" dir="0" index="1" bw="8" slack="0"/>
<pin id="157" dir="1" index="2" bw="0" slack="2147483647"/>
</pin_list>
<bind>
<opcode="store(28) " fcode="store"/>
<opset="store_ln39/1 "/>
</bind>
</comp>

<comp id="159" class="1004" name="zext_ln41_1_fu_159">
<pin_list>
<pin id="160" dir="0" index="0" bw="8" slack="2"/>
<pin id="161" dir="1" index="1" bw="15" slack="0"/>
</pin_list>
<bind>
<opcode="zext(34) " fcode="zext"/>
<opset="zext_ln41_1/3 "/>
</bind>
</comp>

<comp id="162" class="1004" name="zext_ln41_2_fu_162">
<pin_list>
<pin id="163" dir="0" index="0" bw="15" slack="0"/>
<pin id="164" dir="1" index="1" bw="64" slack="0"/>
</pin_list>
<bind>
<opcode="zext(34) " fcode="zext"/>
<opset="zext_ln41_2/4 "/>
</bind>
</comp>

<comp id="166" class="1007" name="grp_fu_166">
<pin_list>
<pin id="167" dir="0" index="0" bw="7" slack="0"/>
<pin id="168" dir="0" index="1" bw="8" slack="0"/>
<pin id="169" dir="0" index="2" bw="8" slack="0"/>
<pin id="170" dir="1" index="3" bw="15" slack="0"/>
</pin_list>
<bind>
<opcode="muladd(1172) " fcode="muladd"/>
<opset="mul_ln41/1 add_ln41/3 "/>
</bind>
</comp>

<comp id="175" class="1005" name="c_reg_175">
<pin_list>
<pin id="176" dir="0" index="0" bw="8" slack="0"/>
<pin id="177" dir="1" index="1" bw="8" slack="0"/>
</pin_list>
<bind>
<opset="c "/>
</bind>
</comp>

<comp id="182" class="1005" name="r_reg_182">
<pin_list>
<pin id="183" dir="0" index="0" bw="7" slack="0"/>
<pin id="184" dir="1" index="1" bw="7" slack="0"/>
</pin_list>
<bind>
<opset="r "/>
</bind>
</comp>

<comp id="189" class="1005" name="indvar_flatten13_reg_189">
<pin_list>
<pin id="190" dir="0" index="0" bw="15" slack="0"/>
<pin id="191" dir="1" index="1" bw="15" slack="0"/>
</pin_list>
<bind>
<opset="indvar_flatten13 "/>
</bind>
</comp>

<comp id="196" class="1005" name="icmp_ln37_reg_196">
<pin_list>
<pin id="197" dir="0" index="0" bw="1" slack="2"/>
<pin id="198" dir="1" index="1" bw="1" slack="2147483647"/>
</pin_list>
<bind>
<opset="icmp_ln37 "/>
</bind>
</comp>

<comp id="200" class="1005" name="select_ln37_reg_200">
<pin_list>
<pin id="201" dir="0" index="0" bw="8" slack="2"/>
<pin id="202" dir="1" index="1" bw="8" slack="2"/>
</pin_list>
<bind>
<opset="select_ln37 "/>
</bind>
</comp>

<comp id="205" class="1005" name="zext_ln41_reg_205">
<pin_list>
<pin id="206" dir="0" index="0" bw="15" slack="1"/>
<pin id="207" dir="1" index="1" bw="15" slack="1"/>
</pin_list>
<bind>
<opset="zext_ln41 "/>
</bind>
</comp>

<comp id="210" class="1005" name="zext_ln41_1_reg_210">
<pin_list>
<pin id="211" dir="0" index="0" bw="15" slack="1"/>
<pin id="212" dir="1" index="1" bw="15" slack="1"/>
</pin_list>
<bind>
<opset="zext_ln41_1 "/>
</bind>
</comp>

</comp_list>

<net_list>
<net id="47"><net_src comp="2" pin="0"/><net_sink comp="44" pin=0"/></net>

<net id="51"><net_src comp="2" pin="0"/><net_sink comp="48" pin=0"/></net>

<net id="55"><net_src comp="2" pin="0"/><net_sink comp="52" pin=0"/></net>

<net id="61"><net_src comp="0" pin="0"/><net_sink comp="56" pin=0"/></net>

<net id="62"><net_src comp="38" pin="0"/><net_sink comp="56" pin=1"/></net>

<net id="68"><net_src comp="42" pin="0"/><net_sink comp="63" pin=1"/></net>

<net id="69"><net_src comp="56" pin="3"/><net_sink comp="63" pin=0"/></net>

<net id="74"><net_src comp="4" pin="0"/><net_sink comp="70" pin=0"/></net>

<net id="79"><net_src comp="6" pin="0"/><net_sink comp="75" pin=0"/></net>

<net id="84"><net_src comp="8" pin="0"/><net_sink comp="80" pin=0"/></net>

<net id="92"><net_src comp="85" pin="1"/><net_sink comp="88" pin=0"/></net>

<net id="93"><net_src comp="18" pin="0"/><net_sink comp="88" pin=1"/></net>

<net id="98"><net_src comp="85" pin="1"/><net_sink comp="94" pin=0"/></net>

<net id="99"><net_src comp="20" pin="0"/><net_sink comp="94" pin=1"/></net>

<net id="110"><net_src comp="103" pin="1"/><net_sink comp="106" pin=0"/></net>

<net id="111"><net_src comp="22" pin="0"/><net_sink comp="106" pin=1"/></net>

<net id="116"><net_src comp="100" pin="1"/><net_sink comp="112" pin=0"/></net>

<net id="117"><net_src comp="24" pin="0"/><net_sink comp="112" pin=1"/></net>

<net id="123"><net_src comp="112" pin="2"/><net_sink comp="118" pin=0"/></net>

<net id="124"><net_src comp="8" pin="0"/><net_sink comp="118" pin=1"/></net>

<net id="125"><net_src comp="100" pin="1"/><net_sink comp="118" pin=2"/></net>

<net id="131"><net_src comp="112" pin="2"/><net_sink comp="126" pin=0"/></net>

<net id="132"><net_src comp="106" pin="2"/><net_sink comp="126" pin=1"/></net>

<net id="133"><net_src comp="103" pin="1"/><net_sink comp="126" pin=2"/></net>

<net id="137"><net_src comp="126" pin="3"/><net_sink comp="134" pin=0"/></net>

<net id="142"><net_src comp="118" pin="3"/><net_sink comp="138" pin=0"/></net>

<net id="143"><net_src comp="28" pin="0"/><net_sink comp="138" pin=1"/></net>

<net id="148"><net_src comp="94" pin="2"/><net_sink comp="144" pin=0"/></net>

<net id="153"><net_src comp="126" pin="3"/><net_sink comp="149" pin=0"/></net>

<net id="158"><net_src comp="138" pin="2"/><net_sink comp="154" pin=0"/></net>

<net id="165"><net_src comp="162" pin="1"/><net_sink comp="56" pin=2"/></net>

<net id="171"><net_src comp="134" pin="1"/><net_sink comp="166" pin=0"/></net>

<net id="172"><net_src comp="26" pin="0"/><net_sink comp="166" pin=1"/></net>

<net id="173"><net_src comp="159" pin="1"/><net_sink comp="166" pin=2"/></net>

<net id="174"><net_src comp="166" pin="3"/><net_sink comp="162" pin=0"/></net>

<net id="178"><net_src comp="44" pin="1"/><net_sink comp="175" pin=0"/></net>

<net id="179"><net_src comp="175" pin="1"/><net_sink comp="80" pin=1"/></net>

<net id="180"><net_src comp="175" pin="1"/><net_sink comp="100" pin=0"/></net>

<net id="181"><net_src comp="175" pin="1"/><net_sink comp="154" pin=1"/></net>

<net id="185"><net_src comp="48" pin="1"/><net_sink comp="182" pin=0"/></net>

<net id="186"><net_src comp="182" pin="1"/><net_sink comp="75" pin=1"/></net>

<net id="187"><net_src comp="182" pin="1"/><net_sink comp="103" pin=0"/></net>

<net id="188"><net_src comp="182" pin="1"/><net_sink comp="149" pin=1"/></net>

<net id="192"><net_src comp="52" pin="1"/><net_sink comp="189" pin=0"/></net>

<net id="193"><net_src comp="189" pin="1"/><net_sink comp="70" pin=1"/></net>

<net id="194"><net_src comp="189" pin="1"/><net_sink comp="85" pin=0"/></net>

<net id="195"><net_src comp="189" pin="1"/><net_sink comp="144" pin=1"/></net>

<net id="199"><net_src comp="88" pin="2"/><net_sink comp="196" pin=0"/></net>

<net id="203"><net_src comp="118" pin="3"/><net_sink comp="200" pin=0"/></net>

<net id="204"><net_src comp="200" pin="1"/><net_sink comp="159" pin=0"/></net>

<net id="208"><net_src comp="134" pin="1"/><net_sink comp="205" pin=0"/></net>

<net id="209"><net_src comp="205" pin="1"/><net_sink comp="166" pin=0"/></net>

<net id="213"><net_src comp="159" pin="1"/><net_sink comp="210" pin=0"/></net>

<net id="214"><net_src comp="210" pin="1"/><net_sink comp="166" pin=1"/></net>

</net_list>

</model> 
---------------- Datapath Model END ------------------

* FSMD analyzer results:
  - Output states:
	Port: Matrix_C_BRAM_V | {4 }
 - Input state : 
  - Chain level:
	State 1
		store_ln0 : 1
		store_ln0 : 1
		store_ln0 : 1
		indvar_flatten13_load : 1
		icmp_ln37 : 2
		add_ln37_1 : 2
		br_ln37 : 3
		c_load : 1
		r_load : 1
		add_ln37 : 2
		icmp_ln39 : 2
		select_ln37 : 3
		select_ln37_1 : 3
		zext_ln41 : 4
		mul_ln41 : 5
		add_ln39 : 4
		store_ln39 : 3
		store_ln39 : 4
		store_ln39 : 5
	State 2
	State 3
		add_ln41 : 1
	State 4
		zext_ln41_2 : 1
		Matrix_C_BRAM_V_addr : 2
		store_ln41 : 3


============================================================
+ Verbose Summary: Datapath Resource usage 
============================================================

* Functional unit list:
|----------|----------------------|---------|---------|---------|
| Operation|    Functional Unit   |   DSP   |    FF   |   LUT   |
|----------|----------------------|---------|---------|---------|
|          |   add_ln37_1_fu_94   |    0    |    0    |    20   |
|    add   |    add_ln37_fu_106   |    0    |    0    |    14   |
|          |    add_ln39_fu_138   |    0    |    0    |    15   |
|----------|----------------------|---------|---------|---------|
|   icmp   |    icmp_ln37_fu_88   |    0    |    0    |    12   |
|          |   icmp_ln39_fu_112   |    0    |    0    |    11   |
|----------|----------------------|---------|---------|---------|
|  select  |  select_ln37_fu_118  |    0    |    0    |    8    |
|          | select_ln37_1_fu_126 |    0    |    0    |    7    |
|----------|----------------------|---------|---------|---------|
|  muladd  |      grp_fu_166      |    1    |    0    |    0    |
|----------|----------------------|---------|---------|---------|
|          |   zext_ln41_fu_134   |    0    |    0    |    0    |
|   zext   |  zext_ln41_1_fu_159  |    0    |    0    |    0    |
|          |  zext_ln41_2_fu_162  |    0    |    0    |    0    |
|----------|----------------------|---------|---------|---------|
|   Total  |                      |    1    |    0    |    87   |
|----------|----------------------|---------|---------|---------|

Memories:
N/A

* Register list:
+------------------------+--------+
|                        |   FF   |
+------------------------+--------+
|        c_reg_175       |    8   |
|    icmp_ln37_reg_196   |    1   |
|indvar_flatten13_reg_189|   15   |
|        r_reg_182       |    7   |
|   select_ln37_reg_200  |    8   |
|   zext_ln41_1_reg_210  |   15   |
|    zext_ln41_reg_205   |   15   |
+------------------------+--------+
|          Total         |   69   |
+------------------------+--------+

* Multiplexer (MUX) list: 
|------------|------|------|------|--------||---------||---------|
|    Comp    |  Pin | Size |  BW  | S x BW ||  Delay  ||   LUT   |
|------------|------|------|------|--------||---------||---------|
| grp_fu_166 |  p0  |   2  |   7  |   14   ||    9    |
| grp_fu_166 |  p1  |   2  |   8  |   16   ||    9    |
|------------|------|------|------|--------||---------||---------|
|    Total   |      |      |      |   30   ||  3.176  ||    18   |
|------------|------|------|------|--------||---------||---------|



* Summary:
+-----------+--------+--------+--------+--------+
|           |   DSP  |  Delay |   FF   |   LUT  |
+-----------+--------+--------+--------+--------+
|  Function |    1   |    -   |    0   |   87   |
|   Memory  |    -   |    -   |    -   |    -   |
|Multiplexer|    -   |    3   |    -   |   18   |
|  Register |    -   |    -   |   69   |    -   |
+-----------+--------+--------+--------+--------+
|   Total   |    1   |    3   |   69   |   105  |
+-----------+--------+--------+--------+--------+
