

================================================================
== Vitis HLS Report for 'matmul_Pipeline_VITIS_LOOP_30_3_VITIS_LOOP_32_4'
================================================================
* Date:           Fri Oct  2 16:46:19 2026

* Version:        2022.2 (Build 3670227 on Oct 13 2022)
* Project:        vitis.prj
* Solution:       solution1 (Vivado IP Flow Target)
* Product family: zynq
* Target device:  xc7z020-clg400-1


================================================================
== Performance Estimates
================================================================
+ Timing: 
    * Summary: 
    +--------+----------+----------+------------+
    |  Clock |  Target  | Estimated| Uncertainty|
    +--------+----------+----------+------------+
    |ap_clk  |  10.00 ns|  7.300 ns|     2.70 ns|
    +--------+----------+----------+------------+

+ Latency: 
    * Summary: 
    +---------+---------+----------+----------+-------+-------+---------+
    |  Latency (cycles) |  Latency (absolute) |    Interval   | Pipeline|
    |   min   |   max   |    min   |    max   |  min  |  max  |   Type  |
    +---------+---------+----------+----------+-------+-------+---------+
    |    30003|    30003|  0.300 ms|  0.300 ms|  30003|  30003|       no|
    +---------+---------+----------+----------+-------+-------+---------+

    + Detail: 
        * Instance: 
        N/A

        * Loop: 
        +-----------------------------------+---------+---------+----------+-----------+-----------+-------+----------+
        |                                   |  Latency (cycles) | Iteration|  Initiation Interval  |  Trip |          |
        |             Loop Name             |   min   |   max   |  Latency |  achieved |   target  | Count | Pipelined|
        +-----------------------------------+---------+---------+----------+-----------+-----------+-------+----------+
        |- VITIS_LOOP_30_3_VITIS_LOOP_32_4  |    30001|    30001|         4|          2|          1|  15000|       yes|
        +-----------------------------------+---------+---------+----------+-----------+-----------+-------+----------+

============================================================
+ Verbose Summary: Synthesis Manager
============================================================
InlineROM: 1
ExposeGlobal: 0
============================================================
+ Verbose Summary: CDFG Model
============================================================
IsTopModel: 0
ResetActiveHigh: 1
IsCombinational: 0
IsDatapathOnly: 0
HasWiredReturn: 1
HasMFsm: 2
HasVarLatency: 1
IsPipeline: 0
IsRtlPipelined: 0
IsInstanceOverlapped: 0
IsDontTouch: 0
HasImplIP: 0
IsGatedGlobalClock: 0

+ Individual pipeline summary: 
  * Pipeline-0: initiation interval (II) = 2, depth = 4


============================================================
+ Verbose Summary: Schedule
============================================================
* Number of FSM states : 4
* Pipeline : 1
  Pipeline-0 : II = 2, D = 4, States = { 1 2 3 4 }
* Dataflow Pipeline: 0

* FSM state transitions: 
1 --> 2 
2 --> 3 
3 --> 4 
4 --> 

* FSM state operations: 

State 1 <SV = 0> <Delay = 6.30>
ST_1 : Operation 7 [1/1] (0.00ns)   --->   "%c = alloca i32 1"   --->   Operation 7 'alloca' 'c' <Predicate = true> <Delay = 0.00>
ST_1 : Operation 8 [1/1] (0.00ns)   --->   "%r = alloca i32 1"   --->   Operation 8 'alloca' 'r' <Predicate = true> <Delay = 0.00>
ST_1 : Operation 9 [1/1] (0.00ns)   --->   "%indvar_flatten6 = alloca i32 1"   --->   Operation 9 'alloca' 'indvar_flatten6' <Predicate = true> <Delay = 0.00>
ST_1 : Operation 10 [1/1] (0.00ns)   --->   "%sext_ln30_read = read i63 @_ssdm_op_Read.ap_auto.i63, i63 %sext_ln30"   --->   Operation 10 'read' 'sext_ln30_read' <Predicate = true> <Delay = 0.00>
ST_1 : Operation 11 [1/1] (0.00ns)   --->   "%sext_ln30_cast = sext i63 %sext_ln30_read"   --->   Operation 11 'sext' 'sext_ln30_cast' <Predicate = true> <Delay = 0.00>
ST_1 : Operation 12 [1/1] (0.00ns)   --->   "%specinterface_ln0 = specinterface void @_ssdm_op_SpecInterface, i16 %mem2, void @empty_1, i32 0, i32 0, void @empty_2, i32 64, i32 1, void @empty_5, void @empty_4, void @empty_2, i32 16, i32 16, i32 16, i32 16, void @empty_2, void @empty_2, i32 4294967295, i32 0"   --->   Operation 12 'specinterface' 'specinterface_ln0' <Predicate = true> <Delay = 0.00>
ST_1 : Operation 13 [1/1] (1.58ns)   --->   "%store_ln0 = store i14 0, i14 %indvar_flatten6"   --->   Operation 13 'store' 'store_ln0' <Predicate = true> <Delay = 1.58>
ST_1 : Operation 14 [1/1] (1.58ns)   --->   "%store_ln0 = store i8 0, i8 %r"   --->   Operation 14 'store' 'store_ln0' <Predicate = true> <Delay = 1.58>
ST_1 : Operation 15 [1/1] (1.58ns)   --->   "%store_ln0 = store i8 0, i8 %c"   --->   Operation 15 'store' 'store_ln0' <Predicate = true> <Delay = 1.58>
ST_1 : Operation 16 [1/1] (0.00ns)   --->   "%br_ln0 = br void %for.inc66"   --->   Operation 16 'br' 'br_ln0' <Predicate = true> <Delay = 0.00>
ST_1 : Operation 17 [1/1] (0.00ns)   --->   "%indvar_flatten6_load = load i14 %indvar_flatten6" [matmul.cpp:30]   --->   Operation 17 'load' 'indvar_flatten6_load' <Predicate = true> <Delay = 0.00>
ST_1 : Operation 18 [1/1] (0.00ns)   --->   "%specbitsmap_ln0 = specbitsmap void @_ssdm_op_SpecBitsMap, i16 %mem2"   --->   Operation 18 'specbitsmap' 'specbitsmap_ln0' <Predicate = true> <Delay = 0.00>
ST_1 : Operation 19 [1/1] (0.00ns)   --->   "%mem2_addr = getelementptr i16 %mem2, i64 %sext_ln30_cast" [matmul.cpp:30]   --->   Operation 19 'getelementptr' 'mem2_addr' <Predicate = true> <Delay = 0.00>
ST_1 : Operation 20 [1/1] (2.20ns)   --->   "%icmp_ln30 = icmp_eq  i14 %indvar_flatten6_load, i14 15000" [matmul.cpp:30]   --->   Operation 20 'icmp' 'icmp_ln30' <Predicate = true> <Delay = 2.20> <CoreInst = "Cmp">   --->   Core 9 'Cmp' <Latency = 0> <II = 1> <Delay = 2.20> <FuncUnit> <Opcode : 'icmp'> <InPorts = 2> <OutPorts = 1>
ST_1 : Operation 21 [1/1] (1.81ns)   --->   "%add_ln30_1 = add i14 %indvar_flatten6_load, i14 1" [matmul.cpp:30]   --->   Operation 21 'add' 'add_ln30_1' <Predicate = true> <Delay = 1.81> <CoreInst = "Adder">   --->   Core 1 'Adder' <Latency = 0> <II = 1> <Delay = 1.81> <FuncUnit> <Opcode : 'add' 'sub'> <InPorts = 2> <OutPorts = 1>
ST_1 : Operation 22 [1/1] (0.00ns)   --->   "%br_ln30 = br i1 %icmp_ln30, void %for.inc69, void %for.inc86.preheader.exitStub" [matmul.cpp:30]   --->   Operation 22 'br' 'br_ln30' <Predicate = true> <Delay = 0.00>
ST_1 : Operation 23 [1/1] (0.00ns)   --->   "%c_load = load i8 %c" [matmul.cpp:32]   --->   Operation 23 'load' 'c_load' <Predicate = (!icmp_ln30)> <Delay = 0.00>
ST_1 : Operation 24 [1/1] (0.00ns)   --->   "%r_load = load i8 %r" [matmul.cpp:30]   --->   Operation 24 'load' 'r_load' <Predicate = (!icmp_ln30)> <Delay = 0.00>
ST_1 : Operation 25 [1/1] (1.91ns)   --->   "%add_ln30 = add i8 %r_load, i8 1" [matmul.cpp:30]   --->   Operation 25 'add' 'add_ln30' <Predicate = (!icmp_ln30)> <Delay = 1.91> <CoreInst = "Adder">   --->   Core 1 'Adder' <Latency = 0> <II = 1> <Delay = 1.91> <FuncUnit> <Opcode : 'add' 'sub'> <InPorts = 2> <OutPorts = 1>
ST_1 : Operation 26 [1/1] (1.55ns)   --->   "%icmp_ln32 = icmp_ult  i8 %c_load, i8 200" [matmul.cpp:32]   --->   Operation 26 'icmp' 'icmp_ln32' <Predicate = (!icmp_ln30)> <Delay = 1.55> <CoreInst = "Cmp">   --->   Core 9 'Cmp' <Latency = 0> <II = 1> <Delay = 1.55> <FuncUnit> <Opcode : 'icmp'> <InPorts = 2> <OutPorts = 1>
ST_1 : Operation 27 [1/1] (1.24ns)   --->   "%select_ln30 = select i1 %icmp_ln32, i8 %c_load, i8 0" [matmul.cpp:30]   --->   Operation 27 'select' 'select_ln30' <Predicate = (!icmp_ln30)> <Delay = 1.24> <CoreInst = "Sel">   --->   Core 73 'Sel' <Latency = 0> <II = 1> <Delay = 1.24> <FuncUnit> <Opcode : 'select'> <InPorts = 3> <OutPorts = 1>
ST_1 : Operation 28 [1/1] (1.24ns)   --->   "%select_ln30_1 = select i1 %icmp_ln32, i8 %r_load, i8 %add_ln30" [matmul.cpp:30]   --->   Operation 28 'select' 'select_ln30_1' <Predicate = (!icmp_ln30)> <Delay = 1.24> <CoreInst = "Sel">   --->   Core 73 'Sel' <Latency = 0> <II = 1> <Delay = 1.24> <FuncUnit> <Opcode : 'select'> <InPorts = 3> <OutPorts = 1>
ST_1 : Operation 29 [1/1] (1.91ns)   --->   "%add_ln32 = add i8 %select_ln30, i8 2" [matmul.cpp:32]   --->   Operation 29 'add' 'add_ln32' <Predicate = (!icmp_ln30)> <Delay = 1.91> <CoreInst = "Adder">   --->   Core 1 'Adder' <Latency = 0> <II = 1> <Delay = 1.91> <FuncUnit> <Opcode : 'add' 'sub'> <InPorts = 2> <OutPorts = 1>
ST_1 : Operation 30 [1/1] (1.58ns)   --->   "%store_ln32 = store i14 %add_ln30_1, i14 %indvar_flatten6" [matmul.cpp:32]   --->   Operation 30 'store' 'store_ln32' <Predicate = (!icmp_ln30)> <Delay = 1.58>
ST_1 : Operation 31 [1/1] (1.58ns)   --->   "%store_ln32 = store i8 %select_ln30_1, i8 %r" [matmul.cpp:32]   --->   Operation 31 'store' 'store_ln32' <Predicate = (!icmp_ln30)> <Delay = 1.58>
ST_1 : Operation 32 [1/1] (1.58ns)   --->   "%store_ln32 = store i8 %add_ln32, i8 %c" [matmul.cpp:32]   --->   Operation 32 'store' 'store_ln32' <Predicate = (!icmp_ln30)> <Delay = 1.58>

State 2 <SV = 1> <Delay = 7.30>
ST_2 : Operation 33 [1/1] (0.00ns)   --->   "%zext_ln32 = zext i8 %select_ln30_1" [matmul.cpp:32]   --->   Operation 33 'zext' 'zext_ln32' <Predicate = (!icmp_ln30)> <Delay = 0.00>
ST_2 : Operation 34 [1/1] (4.35ns)   --->   "%mul_ln32 = mul i15 %zext_ln32, i15 200" [matmul.cpp:32]   --->   Operation 34 'mul' 'mul_ln32' <Predicate = (!icmp_ln30)> <Delay = 4.35> <CoreInst = "Multiplier">   --->   Core 3 'Multiplier' <Latency = 0> <II = 1> <Delay = 4.35> <FuncUnit> <Opcode : 'mul'> <InPorts = 2> <OutPorts = 1>
ST_2 : Operation 35 [1/1] (7.30ns)   --->   "%mem2_addr_read = read i16 @_ssdm_op_Read.m_axi.p1i16, i16 %mem2_addr" [matmul.cpp:36]   --->   Operation 35 'read' 'mem2_addr_read' <Predicate = (!icmp_ln30)> <Delay = 7.30> <CoreInst = "m_axi">   --->   Core 113 'm_axi' <Latency = 0> <II = 1> <Delay = 1.00> <Adapter> <Opcode : 'read' 'write' 'readreq' 'writereq' 'writeresp'>
ST_2 : Operation 53 [1/1] (0.00ns)   --->   "%ret_ln0 = ret"   --->   Operation 53 'ret' 'ret_ln0' <Predicate = (icmp_ln30)> <Delay = 0.00>

State 3 <SV = 2> <Delay = 7.30>
ST_3 : Operation 36 [1/1] (0.00ns)   --->   "%zext_ln36 = zext i8 %select_ln30" [matmul.cpp:36]   --->   Operation 36 'zext' 'zext_ln36' <Predicate = true> <Delay = 0.00>
ST_3 : Operation 37 [1/1] (1.94ns)   --->   "%add_ln36 = add i15 %mul_ln32, i15 %zext_ln36" [matmul.cpp:36]   --->   Operation 37 'add' 'add_ln36' <Predicate = true> <Delay = 1.94> <CoreInst = "Adder">   --->   Core 1 'Adder' <Latency = 0> <II = 1> <Delay = 1.94> <FuncUnit> <Opcode : 'add' 'sub'> <InPorts = 2> <OutPorts = 1>
ST_3 : Operation 38 [1/1] (0.00ns)   --->   "%zext_ln36_1 = zext i15 %add_ln36" [matmul.cpp:36]   --->   Operation 38 'zext' 'zext_ln36_1' <Predicate = true> <Delay = 0.00>
ST_3 : Operation 39 [1/1] (0.00ns)   --->   "%Matrix_B_BRAM_V_addr = getelementptr i16 %Matrix_B_BRAM_V, i64 0, i64 %zext_ln36_1" [matmul.cpp:36]   --->   Operation 39 'getelementptr' 'Matrix_B_BRAM_V_addr' <Predicate = true> <Delay = 0.00>
ST_3 : Operation 40 [1/1] (7.30ns)   --->   "%mem2_addr_read_1 = read i16 @_ssdm_op_Read.m_axi.p1i16, i16 %mem2_addr" [matmul.cpp:36]   --->   Operation 40 'read' 'mem2_addr_read_1' <Predicate = true> <Delay = 7.30> <CoreInst = "m_axi">   --->   Core 113 'm_axi' <Latency = 0> <II = 1> <Delay = 1.00> <Adapter> <Opcode : 'read' 'write' 'readreq' 'writereq' 'writeresp'>
ST_3 : Operation 41 [1/1] (3.25ns)   --->   "%store_ln36 = store i16 %mem2_addr_read, i15 %Matrix_B_BRAM_V_addr" [matmul.cpp:36]   --->   Operation 41 'store' 'store_ln36' <Predicate = true> <Delay = 3.25> <CoreInst = "RAM">   --->   Core 82 'RAM' <Latency = 1> <II = 1> <Delay = 3.25> <Storage> <Opcode : 'load' 'store'> <Ports = 2> <Width = 16> <Depth = 30000> <RAM>
ST_3 : Operation 42 [1/1] (0.00ns) (grouped into LUT with out node add_ln36_1)   --->   "%or_ln32 = or i8 %select_ln30, i8 1" [matmul.cpp:32]   --->   Operation 42 'or' 'or_ln32' <Predicate = true> <Delay = 0.00>
ST_3 : Operation 43 [1/1] (0.00ns) (grouped into LUT with out node add_ln36_1)   --->   "%zext_ln36_2 = zext i8 %or_ln32" [matmul.cpp:36]   --->   Operation 43 'zext' 'zext_ln36_2' <Predicate = true> <Delay = 0.00>
ST_3 : Operation 44 [1/1] (1.94ns) (out node of the LUT)   --->   "%add_ln36_1 = add i15 %mul_ln32, i15 %zext_ln36_2" [matmul.cpp:36]   --->   Operation 44 'add' 'add_ln36_1' <Predicate = true> <Delay = 1.94> <CoreInst = "Adder">   --->   Core 1 'Adder' <Latency = 0> <II = 1> <Delay = 1.94> <FuncUnit> <Opcode : 'add' 'sub'> <InPorts = 2> <OutPorts = 1>

State 4 <SV = 3> <Delay = 3.25>
ST_4 : Operation 45 [1/1] (0.00ns)   --->   "%specloopname_ln0 = specloopname void @_ssdm_op_SpecLoopName, void @VITIS_LOOP_30_3_VITIS_LOOP_32_4_str"   --->   Operation 45 'specloopname' 'specloopname_ln0' <Predicate = true> <Delay = 0.00>
ST_4 : Operation 46 [1/1] (0.00ns)   --->   "%empty = speclooptripcount i32 @_ssdm_op_SpecLoopTripCount, i64 15000, i64 15000, i64 15000"   --->   Operation 46 'speclooptripcount' 'empty' <Predicate = true> <Delay = 0.00>
ST_4 : Operation 47 [1/1] (0.00ns)   --->   "%specpipeline_ln34 = specpipeline void @_ssdm_op_SpecPipeline, i32 1, i32 0, i32 0, i32 0, void @empty_2" [matmul.cpp:34]   --->   Operation 47 'specpipeline' 'specpipeline_ln34' <Predicate = true> <Delay = 0.00>
ST_4 : Operation 48 [1/1] (0.00ns)   --->   "%specloopname_ln32 = specloopname void @_ssdm_op_SpecLoopName, void @empty_13" [matmul.cpp:32]   --->   Operation 48 'specloopname' 'specloopname_ln32' <Predicate = true> <Delay = 0.00>
ST_4 : Operation 49 [1/1] (0.00ns)   --->   "%zext_ln36_3 = zext i15 %add_ln36_1" [matmul.cpp:36]   --->   Operation 49 'zext' 'zext_ln36_3' <Predicate = true> <Delay = 0.00>
ST_4 : Operation 50 [1/1] (0.00ns)   --->   "%Matrix_B_BRAM_V_addr_1 = getelementptr i16 %Matrix_B_BRAM_V, i64 0, i64 %zext_ln36_3" [matmul.cpp:36]   --->   Operation 50 'getelementptr' 'Matrix_B_BRAM_V_addr_1' <Predicate = true> <Delay = 0.00>
ST_4 : Operation 51 [1/1] (3.25ns)   --->   "%store_ln36 = store i16 %mem2_addr_read_1, i15 %Matrix_B_BRAM_V_addr_1" [matmul.cpp:36]   --->   Operation 51 'store' 'store_ln36' <Predicate = true> <Delay = 3.25> <CoreInst = "RAM">   --->   Core 82 'RAM' <Latency = 1> <II = 1> <Delay = 3.25> <Storage> <Opcode : 'load' 'store'> <Ports = 2> <Width = 16> <Depth = 30000> <RAM>
ST_4 : Operation 52 [1/1] (0.00ns)   --->   "%br_ln32 = br void %for.inc66" [matmul.cpp:32]   --->   Operation 52 'br' 'br_ln32' <Predicate = true> <Delay = 0.00>


============================================================
+ Verbose Summary: Timing violations
============================================================
Target clock period: 10ns, clock uncertainty: 2.7ns.

 <State 1>: 6.3ns
The critical path consists of the following:
	'alloca' operation ('c') [4]  (0 ns)
	'load' operation ('c_load', matmul.cpp:32) on local variable 'c' [22]  (0 ns)
	'icmp' operation ('icmp_ln32', matmul.cpp:32) [27]  (1.55 ns)
	'select' operation ('select_ln30', matmul.cpp:30) [28]  (1.25 ns)
	'add' operation ('add_ln32', matmul.cpp:32) [47]  (1.92 ns)
	'store' operation ('store_ln32', matmul.cpp:32) of variable 'add_ln32', matmul.cpp:32 on local variable 'c' [50]  (1.59 ns)

 <State 2>: 7.3ns
The critical path consists of the following:
	bus read operation ('mem2_addr_read', matmul.cpp:36) on port 'mem2' (matmul.cpp:36) [38]  (7.3 ns)

 <State 3>: 7.3ns
The critical path consists of the following:
	bus read operation ('mem2_addr_read_1', matmul.cpp:36) on port 'mem2' (matmul.cpp:36) [39]  (7.3 ns)

 <State 4>: 3.25ns
The critical path consists of the following:
	'getelementptr' operation ('Matrix_B_BRAM_V_addr_1', matmul.cpp:36) [45]  (0 ns)
	'store' operation ('store_ln36', matmul.cpp:36) of variable 'mem2_addr_read_1', matmul.cpp:36 on array 'Matrix_B_BRAM_V' [46]  (3.25 ns)


============================================================
+ Verbose Summary: Binding
============================================================
N/A
* FSMD analyzer results:
  - Output states:
 - Input state : 
  - Chain level:
	State 1
	State 2
	State 3
	State 4


============================================================
+ Verbose Summary: Datapath Resource usage 
============================================================
N/A
