

================================================================
== Vitis HLS Report for 'matmul_Pipeline_VITIS_LOOP_43_5_VITIS_LOOP_45_6'
================================================================
* Date:           Tue Oct  6 17:16:02 2026

* Version:        2022.2 (Build 3670227 on Oct 13 2022)
* Project:        vitis.prj
* Solution:       solution1 (Vivado IP Flow Target)
* Product family: zynq
* Target device:  xc7z020-clg400-1


================================================================
== Performance Estimates
================================================================
+ Timing: 
    * Summary: 
    +--------+----------+----------+------------+
    |  Clock |  Target  | Estimated| Uncertainty|
    +--------+----------+----------+------------+
    |ap_clk  |  10.00 ns|  6.302 ns|     2.70 ns|
    +--------+----------+----------+------------+

+ Latency: 
    * Summary: 
    +---------+---------+----------+----------+-------+-------+---------+
    |  Latency (cycles) |  Latency (absolute) |    Interval   | Pipeline|
    |   min   |   max   |    min   |    max   |  min  |  max  |   Type  |
    +---------+---------+----------+----------+-------+-------+---------+
    |    20004|    20004|  0.200 ms|  0.200 ms|  20004|  20004|       no|
    +---------+---------+----------+----------+-------+-------+---------+

    + Detail: 
        * Instance: 
        N/A

        * Loop: 
        +-----------------------------------+---------+---------+----------+-----------+-----------+-------+----------+
        |                                   |  Latency (cycles) | Iteration|  Initiation Interval  |  Trip |          |
        |             Loop Name             |   min   |   max   |  Latency |  achieved |   target  | Count | Pipelined|
        +-----------------------------------+---------+---------+----------+-----------+-----------+-------+----------+
        |- VITIS_LOOP_43_5_VITIS_LOOP_45_6  |    20002|    20002|         4|          1|          1|  20000|       yes|
        +-----------------------------------+---------+---------+----------+-----------+-----------+-------+----------+



================================================================
== Utilization Estimates
================================================================
* Summary: 
+-----------------+---------+-----+--------+-------+-----+
|       Name      | BRAM_18K| DSP |   FF   |  LUT  | URAM|
+-----------------+---------+-----+--------+-------+-----+
|DSP              |        -|    1|       -|      -|    -|
|Expression       |        -|    -|       0|     89|    -|
|FIFO             |        -|    -|       -|      -|    -|
|Instance         |        -|    -|       -|      -|    -|
|Memory           |        -|    -|       -|      -|    -|
|Multiplexer      |        -|    -|       -|     72|    -|
|Register         |        -|    -|      53|      -|    -|
+-----------------+---------+-----+--------+-------+-----+
|Total            |        0|    1|      53|    161|    0|
+-----------------+---------+-----+--------+-------+-----+
|Available        |      280|  220|  106400|  53200|    0|
+-----------------+---------+-----+--------+-------+-----+
|Utilization (%)  |        0|   ~0|      ~0|     ~0|    0|
+-----------------+---------+-----+--------+-------+-----+

+ Detail: 
    * Instance: 
    N/A

    * DSP: 
    +------------------------------------+-------------------------------+--------------+
    |              Instance              |             Module            |  Expression  |
    +------------------------------------+-------------------------------+--------------+
    |mac_muladd_7ns_8ns_8ns_15_4_1_U174  |mac_muladd_7ns_8ns_8ns_15_4_1  |  i0 * i1 + i2|
    +------------------------------------+-------------------------------+--------------+

    * Memory: 
    N/A

    * FIFO: 
    N/A

    * Expression: 
    +-------------------------+----------+----+---+----+------------+------------+
    |      Variable Name      | Operation| DSP| FF| LUT| Bitwidth P0| Bitwidth P1|
    +-------------------------+----------+----+---+----+------------+------------+
    |add_ln43_1_fu_92_p2      |         +|   0|  0|  20|          15|           1|
    |add_ln43_fu_104_p2       |         +|   0|  0|  14|           7|           1|
    |add_ln45_fu_136_p2       |         +|   0|  0|  15|           8|           1|
    |icmp_ln43_fu_86_p2       |      icmp|   0|  0|  12|          15|          15|
    |icmp_ln45_fu_110_p2      |      icmp|   0|  0|  11|           8|           7|
    |select_ln43_1_fu_124_p3  |    select|   0|  0|   7|           1|           7|
    |select_ln43_fu_116_p3    |    select|   0|  0|   8|           1|           1|
    |ap_enable_pp0            |       xor|   0|  0|   2|           1|           2|
    +-------------------------+----------+----+---+----+------------+------------+
    |Total                    |          |   0|  0|  89|          56|          35|
    +-------------------------+----------+----+---+----+------------+------------+

    * Multiplexer: 
    +----------------------------------------+----+-----------+-----+-----------+
    |                  Name                  | LUT| Input Size| Bits| Total Bits|
    +----------------------------------------+----+-----------+-----+-----------+
    |ap_done_int                             |   9|          2|    1|          2|
    |ap_enable_reg_pp0_iter1                 |   9|          2|    1|          2|
    |ap_sig_allocacmp_c_load                 |   9|          2|    8|         16|
    |ap_sig_allocacmp_indvar_flatten13_load  |   9|          2|   15|         30|
    |ap_sig_allocacmp_r_load                 |   9|          2|    7|         14|
    |c_fu_42                                 |   9|          2|    8|         16|
    |indvar_flatten13_fu_50                  |   9|          2|   15|         30|
    |r_fu_46                                 |   9|          2|    7|         14|
    +----------------------------------------+----+-----------+-----+-----------+
    |Total                                   |  72|         16|   62|        124|
    +----------------------------------------+----+-----------+-----+-----------+

    * Register: 
    +-----------------------------------+----+----+-----+-----------+
    |                Name               | FF | LUT| Bits| Const Bits|
    +-----------------------------------+----+----+-----+-----------+
    |ap_CS_fsm                          |   1|   0|    1|          0|
    |ap_done_reg                        |   1|   0|    1|          0|
    |ap_enable_reg_pp0_iter1            |   1|   0|    1|          0|
    |ap_enable_reg_pp0_iter2            |   1|   0|    1|          0|
    |ap_enable_reg_pp0_iter3            |   1|   0|    1|          0|
    |ap_loop_exit_ready_pp0_iter1_reg   |   1|   0|    1|          0|
    |ap_loop_exit_ready_pp0_iter2_reg   |   1|   0|    1|          0|
    |c_fu_42                            |   8|   0|    8|          0|
    |indvar_flatten13_fu_50             |  15|   0|   15|          0|
    |r_fu_46                            |   7|   0|    7|          0|
    |select_ln43_reg_198                |   8|   0|    8|          0|
    |select_ln43_reg_198_pp0_iter1_reg  |   8|   0|    8|          0|
    +-----------------------------------+----+----+-----+-----------+
    |Total                              |  53|   0|   53|          0|
    +-----------------------------------+----+----+-----+-----------+



================================================================
== Interface
================================================================
* Summary: 
+--------------------------+-----+-----+------------+-------------------------------------------------+--------------+
|         RTL Ports        | Dir | Bits|  Protocol  |                  Source Object                  |    C Type    |
+--------------------------+-----+-----+------------+-------------------------------------------------+--------------+
|ap_clk                    |   in|    1|  ap_ctrl_hs|  matmul_Pipeline_VITIS_LOOP_43_5_VITIS_LOOP_45_6|  return value|
|ap_rst                    |   in|    1|  ap_ctrl_hs|  matmul_Pipeline_VITIS_LOOP_43_5_VITIS_LOOP_45_6|  return value|
|ap_start                  |   in|    1|  ap_ctrl_hs|  matmul_Pipeline_VITIS_LOOP_43_5_VITIS_LOOP_45_6|  return value|
|ap_done                   |  out|    1|  ap_ctrl_hs|  matmul_Pipeline_VITIS_LOOP_43_5_VITIS_LOOP_45_6|  return value|
|ap_idle                   |  out|    1|  ap_ctrl_hs|  matmul_Pipeline_VITIS_LOOP_43_5_VITIS_LOOP_45_6|  return value|
|ap_ready                  |  out|    1|  ap_ctrl_hs|  matmul_Pipeline_VITIS_LOOP_43_5_VITIS_LOOP_45_6|  return value|
|Matrix_C_BRAM_V_address0  |  out|   15|   ap_memory|                                  Matrix_C_BRAM_V|         array|
|Matrix_C_BRAM_V_ce0       |  out|    1|   ap_memory|                                  Matrix_C_BRAM_V|         array|
|Matrix_C_BRAM_V_we0       |  out|    1|   ap_memory|                                  Matrix_C_BRAM_V|         array|
|Matrix_C_BRAM_V_d0        |  out|   16|   ap_memory|                                  Matrix_C_BRAM_V|         array|
+--------------------------+-----+-----+------------+-------------------------------------------------+--------------+

============================================================
+ Verbose Summary: Synthesis Manager
============================================================
InlineROM: 1
ExposeGlobal: 0
============================================================
+ Verbose Summary: CDFG Model
============================================================
IsTopModel: 0
ResetActiveHigh: 1
IsCombinational: 2
IsDatapathOnly: 2
HasWiredReturn: 1
HasMFsm: 2
HasVarLatency: 1
IsPipeline: 0
IsRtlPipelined: 0
IsInstanceOverlapped: 0
IsDontTouch: 0
HasImplIP: 0
IsGatedGlobalClock: 0

+ Individual pipeline summary: 
  * Pipeline-0: initiation interval (II) = 1, depth = 4


============================================================
+ Verbose Summary: Schedule
============================================================
* Number of FSM states : 4
* Pipeline : 1
  Pipeline-0 : II = 1, D = 4, States = { 1 2 3 4 }
* Dataflow Pipeline: 0

* FSM state transitions: 
1 --> 2 
2 --> 3 
3 --> 4 
4 --> 

* FSM state operations: 

State 1 <SV = 0> <Delay = 6.30>
ST_1 : Operation 7 [1/1] (0.00ns)   --->   "%c = alloca i32 1"   --->   Operation 7 'alloca' 'c' <Predicate = true> <Delay = 0.00>
ST_1 : Operation 8 [1/1] (0.00ns)   --->   "%r = alloca i32 1"   --->   Operation 8 'alloca' 'r' <Predicate = true> <Delay = 0.00>
ST_1 : Operation 9 [1/1] (0.00ns)   --->   "%indvar_flatten13 = alloca i32 1"   --->   Operation 9 'alloca' 'indvar_flatten13' <Predicate = true> <Delay = 0.00>
ST_1 : Operation 10 [1/1] (1.58ns)   --->   "%store_ln0 = store i15 0, i15 %indvar_flatten13"   --->   Operation 10 'store' 'store_ln0' <Predicate = true> <Delay = 1.58>
ST_1 : Operation 11 [1/1] (1.58ns)   --->   "%store_ln0 = store i7 0, i7 %r"   --->   Operation 11 'store' 'store_ln0' <Predicate = true> <Delay = 1.58>
ST_1 : Operation 12 [1/1] (1.58ns)   --->   "%store_ln0 = store i8 0, i8 %c"   --->   Operation 12 'store' 'store_ln0' <Predicate = true> <Delay = 1.58>
ST_1 : Operation 13 [1/1] (0.00ns)   --->   "%br_ln0 = br void %for.inc86"   --->   Operation 13 'br' 'br_ln0' <Predicate = true> <Delay = 0.00>
ST_1 : Operation 14 [1/1] (0.00ns)   --->   "%indvar_flatten13_load = load i15 %indvar_flatten13" [matmul.cpp:43]   --->   Operation 14 'load' 'indvar_flatten13_load' <Predicate = true> <Delay = 0.00>
ST_1 : Operation 15 [1/1] (2.31ns)   --->   "%icmp_ln43 = icmp_eq  i15 %indvar_flatten13_load, i15 20000" [matmul.cpp:43]   --->   Operation 15 'icmp' 'icmp_ln43' <Predicate = true> <Delay = 2.31> <CoreInst = "Cmp">   --->   Core 9 'Cmp' <Latency = 0> <II = 1> <Delay = 2.31> <FuncUnit> <Opcode : 'icmp'> <InPorts = 2> <OutPorts = 1>
ST_1 : Operation 16 [1/1] (1.94ns)   --->   "%add_ln43_1 = add i15 %indvar_flatten13_load, i15 1" [matmul.cpp:43]   --->   Operation 16 'add' 'add_ln43_1' <Predicate = true> <Delay = 1.94> <CoreInst = "Adder">   --->   Core 1 'Adder' <Latency = 0> <II = 1> <Delay = 1.94> <FuncUnit> <Opcode : 'add' 'sub'> <InPorts = 2> <OutPorts = 1>
ST_1 : Operation 17 [1/1] (0.00ns)   --->   "%br_ln43 = br i1 %icmp_ln43, void %for.inc89, void %VITIS_LOOP_61_9.preheader.exitStub" [matmul.cpp:43]   --->   Operation 17 'br' 'br_ln43' <Predicate = true> <Delay = 0.00>
ST_1 : Operation 18 [1/1] (0.00ns)   --->   "%c_load = load i8 %c" [matmul.cpp:45]   --->   Operation 18 'load' 'c_load' <Predicate = (!icmp_ln43)> <Delay = 0.00>
ST_1 : Operation 19 [1/1] (0.00ns)   --->   "%r_load = load i7 %r" [matmul.cpp:43]   --->   Operation 19 'load' 'r_load' <Predicate = (!icmp_ln43)> <Delay = 0.00>
ST_1 : Operation 20 [1/1] (1.87ns)   --->   "%add_ln43 = add i7 %r_load, i7 1" [matmul.cpp:43]   --->   Operation 20 'add' 'add_ln43' <Predicate = (!icmp_ln43)> <Delay = 1.87> <CoreInst = "Adder">   --->   Core 1 'Adder' <Latency = 0> <II = 1> <Delay = 1.87> <FuncUnit> <Opcode : 'add' 'sub'> <InPorts = 2> <OutPorts = 1>
ST_1 : Operation 21 [1/1] (1.55ns)   --->   "%icmp_ln45 = icmp_eq  i8 %c_load, i8 200" [matmul.cpp:45]   --->   Operation 21 'icmp' 'icmp_ln45' <Predicate = (!icmp_ln43)> <Delay = 1.55> <CoreInst = "Cmp">   --->   Core 9 'Cmp' <Latency = 0> <II = 1> <Delay = 1.55> <FuncUnit> <Opcode : 'icmp'> <InPorts = 2> <OutPorts = 1>
ST_1 : Operation 22 [1/1] (1.24ns)   --->   "%select_ln43 = select i1 %icmp_ln45, i8 0, i8 %c_load" [matmul.cpp:43]   --->   Operation 22 'select' 'select_ln43' <Predicate = (!icmp_ln43)> <Delay = 1.24> <CoreInst = "Sel">   --->   Core 73 'Sel' <Latency = 0> <II = 1> <Delay = 1.24> <FuncUnit> <Opcode : 'select'> <InPorts = 3> <OutPorts = 1>
ST_1 : Operation 23 [1/1] (0.99ns)   --->   "%select_ln43_1 = select i1 %icmp_ln45, i7 %add_ln43, i7 %r_load" [matmul.cpp:43]   --->   Operation 23 'select' 'select_ln43_1' <Predicate = (!icmp_ln43)> <Delay = 0.99> <CoreInst = "Sel">   --->   Core 73 'Sel' <Latency = 0> <II = 1> <Delay = 0.99> <FuncUnit> <Opcode : 'select'> <InPorts = 3> <OutPorts = 1>
ST_1 : Operation 24 [1/1] (0.00ns)   --->   "%zext_ln49 = zext i7 %select_ln43_1" [matmul.cpp:49]   --->   Operation 24 'zext' 'zext_ln49' <Predicate = (!icmp_ln43)> <Delay = 0.00>
ST_1 : Operation 25 [3/3] (1.05ns) (grouped into DSP with root node add_ln49)   --->   "%mul_ln49 = mul i15 %zext_ln49, i15 200" [matmul.cpp:49]   --->   Operation 25 'mul' 'mul_ln49' <Predicate = (!icmp_ln43)> <Delay = 1.05> <CoreInst = "DSP48">   --->   Core 119 'DSP48' <Latency = 3> <II = 1> <Delay = 2.15> <IPBlock> <Opcode : 'mul' 'add' 'sub' 'select'> <InPorts = 0> <OutPorts = 1> <Sync> <CReg>
ST_1 : Operation 26 [1/1] (1.91ns)   --->   "%add_ln45 = add i8 %select_ln43, i8 1" [matmul.cpp:45]   --->   Operation 26 'add' 'add_ln45' <Predicate = (!icmp_ln43)> <Delay = 1.91> <CoreInst = "Adder">   --->   Core 1 'Adder' <Latency = 0> <II = 1> <Delay = 1.91> <FuncUnit> <Opcode : 'add' 'sub'> <InPorts = 2> <OutPorts = 1>
ST_1 : Operation 27 [1/1] (1.58ns)   --->   "%store_ln45 = store i15 %add_ln43_1, i15 %indvar_flatten13" [matmul.cpp:45]   --->   Operation 27 'store' 'store_ln45' <Predicate = (!icmp_ln43)> <Delay = 1.58>
ST_1 : Operation 28 [1/1] (1.58ns)   --->   "%store_ln45 = store i7 %select_ln43_1, i7 %r" [matmul.cpp:45]   --->   Operation 28 'store' 'store_ln45' <Predicate = (!icmp_ln43)> <Delay = 1.58>
ST_1 : Operation 29 [1/1] (1.58ns)   --->   "%store_ln45 = store i8 %add_ln45, i8 %c" [matmul.cpp:45]   --->   Operation 29 'store' 'store_ln45' <Predicate = (!icmp_ln43)> <Delay = 1.58>

State 2 <SV = 1> <Delay = 1.05>
ST_2 : Operation 30 [2/3] (1.05ns) (grouped into DSP with root node add_ln49)   --->   "%mul_ln49 = mul i15 %zext_ln49, i15 200" [matmul.cpp:49]   --->   Operation 30 'mul' 'mul_ln49' <Predicate = true> <Delay = 1.05> <CoreInst = "DSP48">   --->   Core 119 'DSP48' <Latency = 3> <II = 1> <Delay = 2.15> <IPBlock> <Opcode : 'mul' 'add' 'sub' 'select'> <InPorts = 0> <OutPorts = 1> <Sync> <CReg>

State 3 <SV = 2> <Delay = 2.10>
ST_3 : Operation 31 [1/3] (0.00ns) (grouped into DSP with root node add_ln49)   --->   "%mul_ln49 = mul i15 %zext_ln49, i15 200" [matmul.cpp:49]   --->   Operation 31 'mul' 'mul_ln49' <Predicate = true> <Delay = 0.00> <CoreInst = "DSP48">   --->   Core 119 'DSP48' <Latency = 3> <II = 1> <Delay = 2.15> <IPBlock> <Opcode : 'mul' 'add' 'sub' 'select'> <InPorts = 0> <OutPorts = 1> <Sync> <CReg>
ST_3 : Operation 32 [1/1] (0.00ns)   --->   "%zext_ln49_1 = zext i8 %select_ln43" [matmul.cpp:49]   --->   Operation 32 'zext' 'zext_ln49_1' <Predicate = true> <Delay = 0.00>
ST_3 : Operation 33 [2/2] (2.10ns) (root node of the DSP)   --->   "%add_ln49 = add i15 %mul_ln49, i15 %zext_ln49_1" [matmul.cpp:49]   --->   Operation 33 'add' 'add_ln49' <Predicate = true> <Delay = 2.10> <CoreInst = "DSP48">   --->   Core 119 'DSP48' <Latency = 3> <II = 1> <Delay = 2.15> <IPBlock> <Opcode : 'mul' 'add' 'sub' 'select'> <InPorts = 0> <OutPorts = 1> <Sync> <CReg>
ST_3 : Operation 43 [1/1] (0.00ns)   --->   "%ret_ln0 = ret"   --->   Operation 43 'ret' 'ret_ln0' <Predicate = (icmp_ln43)> <Delay = 0.00>

State 4 <SV = 3> <Delay = 5.35>
ST_4 : Operation 34 [1/1] (0.00ns)   --->   "%specloopname_ln0 = specloopname void @_ssdm_op_SpecLoopName, void @VITIS_LOOP_43_5_VITIS_LOOP_45_6_str"   --->   Operation 34 'specloopname' 'specloopname_ln0' <Predicate = true> <Delay = 0.00>
ST_4 : Operation 35 [1/1] (0.00ns)   --->   "%empty = speclooptripcount i32 @_ssdm_op_SpecLoopTripCount, i64 20000, i64 20000, i64 20000"   --->   Operation 35 'speclooptripcount' 'empty' <Predicate = true> <Delay = 0.00>
ST_4 : Operation 36 [1/2] (2.10ns) (root node of the DSP)   --->   "%add_ln49 = add i15 %mul_ln49, i15 %zext_ln49_1" [matmul.cpp:49]   --->   Operation 36 'add' 'add_ln49' <Predicate = true> <Delay = 2.10> <CoreInst = "DSP48">   --->   Core 119 'DSP48' <Latency = 3> <II = 1> <Delay = 2.15> <IPBlock> <Opcode : 'mul' 'add' 'sub' 'select'> <InPorts = 0> <OutPorts = 1> <Sync> <CReg>
ST_4 : Operation 37 [1/1] (0.00ns)   --->   "%zext_ln49_2 = zext i15 %add_ln49" [matmul.cpp:49]   --->   Operation 37 'zext' 'zext_ln49_2' <Predicate = true> <Delay = 0.00>
ST_4 : Operation 38 [1/1] (0.00ns)   --->   "%Matrix_C_BRAM_V_addr = getelementptr i16 %Matrix_C_BRAM_V, i64 0, i64 %zext_ln49_2" [matmul.cpp:49]   --->   Operation 38 'getelementptr' 'Matrix_C_BRAM_V_addr' <Predicate = true> <Delay = 0.00>
ST_4 : Operation 39 [1/1] (0.00ns)   --->   "%specpipeline_ln47 = specpipeline void @_ssdm_op_SpecPipeline, i32 1, i32 0, i32 0, i32 0, void @empty_2" [matmul.cpp:47]   --->   Operation 39 'specpipeline' 'specpipeline_ln47' <Predicate = true> <Delay = 0.00>
ST_4 : Operation 40 [1/1] (0.00ns)   --->   "%specloopname_ln45 = specloopname void @_ssdm_op_SpecLoopName, void @empty_16" [matmul.cpp:45]   --->   Operation 40 'specloopname' 'specloopname_ln45' <Predicate = true> <Delay = 0.00>
ST_4 : Operation 41 [1/1] (3.25ns)   --->   "%store_ln49 = store i16 0, i15 %Matrix_C_BRAM_V_addr" [matmul.cpp:49]   --->   Operation 41 'store' 'store_ln49' <Predicate = true> <Delay = 3.25> <CoreInst = "RAM">   --->   Core 82 'RAM' <Latency = 1> <II = 1> <Delay = 3.25> <Storage> <Opcode : 'load' 'store'> <Ports = 2> <Width = 16> <Depth = 20000> <RAM>
ST_4 : Operation 42 [1/1] (0.00ns)   --->   "%br_ln45 = br void %for.inc86" [matmul.cpp:45]   --->   Operation 42 'br' 'br_ln45' <Predicate = true> <Delay = 0.00>


============================================================
+ Verbose Summary: Binding
============================================================
STG Binding: 
---------------- STG Properties BEGIN ----------------
- Is combinational: 0
- Is one-state seq: 0
- Is datapath-only: 0
- Is pipelined: 0
- Is top level: 0
Port [ Return ] is wired: 1; IO mode=ap_ctrl_hs:ce=0
Port [ Matrix_C_BRAM_V]:  wired=1; compound=1; hidden=0; nouse=0; global=0; static=0; extern=0; dir=1; type=1; pingpong=0; private_global=0; MemPort=[03]; IO mode=ap_memory:ce=0
---------------- STG Properties END ------------------

---------------- Datapath Model BEGIN ----------------

<LifeTime>
<method=bitvector/>
c                     (alloca           ) [ 01000]
r                     (alloca           ) [ 01000]
indvar_flatten13      (alloca           ) [ 01000]
store_ln0             (store            ) [ 00000]
store_ln0             (store            ) [ 00000]
store_ln0             (store            ) [ 00000]
br_ln0                (br               ) [ 00000]
indvar_flatten13_load (load             ) [ 00000]
icmp_ln43             (icmp             ) [ 01110]
add_ln43_1            (add              ) [ 00000]
br_ln43               (br               ) [ 00000]
c_load                (load             ) [ 00000]
r_load                (load             ) [ 00000]
add_ln43              (add              ) [ 00000]
icmp_ln45             (icmp             ) [ 00000]
select_ln43           (select           ) [ 01110]
select_ln43_1         (select           ) [ 00000]
zext_ln49             (zext             ) [ 01110]
add_ln45              (add              ) [ 00000]
store_ln45            (store            ) [ 00000]
store_ln45            (store            ) [ 00000]
store_ln45            (store            ) [ 00000]
mul_ln49              (mul              ) [ 01001]
zext_ln49_1           (zext             ) [ 01001]
specloopname_ln0      (specloopname     ) [ 00000]
empty                 (speclooptripcount) [ 00000]
add_ln49              (add              ) [ 00000]
zext_ln49_2           (zext             ) [ 00000]
Matrix_C_BRAM_V_addr  (getelementptr    ) [ 00000]
specpipeline_ln47     (specpipeline     ) [ 00000]
specloopname_ln45     (specloopname     ) [ 00000]
store_ln49            (store            ) [ 00000]
br_ln45               (br               ) [ 00000]
ret_ln0               (ret              ) [ 00000]
</LifeTime>

<model>

<comp_list>
<comp id="0" class="1000" name="Matrix_C_BRAM_V">
<pin_list>
<pin id="1" dir="1" index="0" bw="1" slack="0"/>
</pin_list>
<bind>
<StgValue><ssdm name="Matrix_C_BRAM_V"/><MemPortTyVec>0 3 </MemPortTyVec>
</StgValue>
</bind>
</comp>

<comp id="2" class="1001" name="const_2">
<pin_list>
<pin id="3" dir="1" index="0" bw="1" slack="0"/>
</pin_list>
<bind>
<StgValue><ssdm name=""/></StgValue>
</bind>
</comp>

<comp id="4" class="1001" name="const_4">
<pin_list>
<pin id="5" dir="1" index="0" bw="1" slack="0"/>
</pin_list>
<bind>
<StgValue><ssdm name=""/></StgValue>
</bind>
</comp>

<comp id="6" class="1001" name="const_6">
<pin_list>
<pin id="7" dir="1" index="0" bw="1" slack="0"/>
</pin_list>
<bind>
<StgValue><ssdm name=""/></StgValue>
</bind>
</comp>

<comp id="8" class="1001" name="const_8">
<pin_list>
<pin id="9" dir="1" index="0" bw="1" slack="0"/>
</pin_list>
<bind>
<StgValue><ssdm name=""/></StgValue>
</bind>
</comp>

<comp id="10" class="1001" name="const_10">
<pin_list>
<pin id="11" dir="1" index="0" bw="1" slack="0"/>
</pin_list>
<bind>
<StgValue><ssdm name=""/></StgValue>
</bind>
</comp>

<comp id="12" class="1001" name="const_12">
<pin_list>
<pin id="13" dir="1" index="0" bw="1" slack="0"/>
</pin_list>
<bind>
<StgValue><ssdm name=""/></StgValue>
</bind>
</comp>

<comp id="14" class="1001" name="const_14">
<pin_list>
<pin id="15" dir="1" index="0" bw="1" slack="0"/>
</pin_list>
<bind>
<StgValue><ssdm name=""/></StgValue>
</bind>
</comp>

<comp id="16" class="1001" name="const_16">
<pin_list>
<pin id="17" dir="1" index="0" bw="1" slack="0"/>
</pin_list>
<bind>
<StgValue><ssdm name=""/></StgValue>
</bind>
</comp>

<comp id="18" class="1001" name="const_18">
<pin_list>
<pin id="19" dir="1" index="0" bw="1" slack="0"/>
</pin_list>
<bind>
<StgValue><ssdm name=""/></StgValue>
</bind>
</comp>

<comp id="20" class="1001" name="const_20">
<pin_list>
<pin id="21" dir="1" index="0" bw="1" slack="0"/>
</pin_list>
<bind>
<StgValue><ssdm name=""/></StgValue>
</bind>
</comp>

<comp id="22" class="1001" name="const_22">
<pin_list>
<pin id="23" dir="1" index="0" bw="1" slack="2147483647"/>
</pin_list>
<bind>
<StgValue><ssdm name="_ssdm_op_SpecLoopName"/></StgValue>
</bind>
</comp>

<comp id="24" class="1001" name="const_24">
<pin_list>
<pin id="25" dir="1" index="0" bw="1" slack="2147483647"/>
</pin_list>
<bind>
<StgValue><ssdm name="VITIS_LOOP_43_5_VITIS_LOOP_45_6_str"/></StgValue>
</bind>
</comp>

<comp id="26" class="1001" name="const_26">
<pin_list>
<pin id="27" dir="1" index="0" bw="1" slack="2147483647"/>
</pin_list>
<bind>
<StgValue><ssdm name="_ssdm_op_SpecLoopTripCount"/></StgValue>
</bind>
</comp>

<comp id="28" class="1001" name="const_28">
<pin_list>
<pin id="29" dir="1" index="0" bw="1" slack="2147483647"/>
</pin_list>
<bind>
<StgValue><ssdm name=""/></StgValue>
</bind>
</comp>

<comp id="30" class="1001" name="const_30">
<pin_list>
<pin id="31" dir="1" index="0" bw="1" slack="0"/>
</pin_list>
<bind>
<StgValue><ssdm name=""/></StgValue>
</bind>
</comp>

<comp id="32" class="1001" name="const_32">
<pin_list>
<pin id="33" dir="1" index="0" bw="1" slack="2147483647"/>
</pin_list>
<bind>
<StgValue><ssdm name="_ssdm_op_SpecPipeline"/></StgValue>
</bind>
</comp>

<comp id="34" class="1001" name="const_34">
<pin_list>
<pin id="35" dir="1" index="0" bw="1" slack="2147483647"/>
</pin_list>
<bind>
<StgValue><ssdm name=""/></StgValue>
</bind>
</comp>

<comp id="36" class="1001" name="const_36">
<pin_list>
<pin id="37" dir="1" index="0" bw="1" slack="2147483647"/>
</pin_list>
<bind>
<StgValue><ssdm name="empty_2"/></StgValue>
</bind>
</comp>

<comp id="38" class="1001" name="const_38">
<pin_list>
<pin id="39" dir="1" index="0" bw="1" slack="2147483647"/>
</pin_list>
<bind>
<StgValue><ssdm name="empty_16"/></StgValue>
</bind>
</comp>

<comp id="40" class="1001" name="const_40">
<pin_list>
<pin id="41" dir="1" index="0" bw="1" slack="0"/>
</pin_list>
<bind>
<StgValue><ssdm name=""/></StgValue>
</bind>
</comp>

<comp id="42" class="1004" name="c_fu_42">
<pin_list>
<pin id="43" dir="0" index="0" bw="1" slack="0"/>
<pin id="44" dir="1" index="1" bw="8" slack="0"/>
</pin_list>
<bind>
<opcode="alloca(26) " fcode="alloca"/>
<opset="c/1 "/>
</bind>
</comp>

<comp id="46" class="1004" name="r_fu_46">
<pin_list>
<pin id="47" dir="0" index="0" bw="1" slack="0"/>
<pin id="48" dir="1" index="1" bw="7" slack="0"/>
</pin_list>
<bind>
<opcode="alloca(26) " fcode="alloca"/>
<opset="r/1 "/>
</bind>
</comp>

<comp id="50" class="1004" name="indvar_flatten13_fu_50">
<pin_list>
<pin id="51" dir="0" index="0" bw="1" slack="0"/>
<pin id="52" dir="1" index="1" bw="15" slack="0"/>
</pin_list>
<bind>
<opcode="alloca(26) " fcode="alloca"/>
<opset="indvar_flatten13/1 "/>
</bind>
</comp>

<comp id="54" class="1004" name="Matrix_C_BRAM_V_addr_gep_fu_54">
<pin_list>
<pin id="55" dir="0" index="0" bw="16" slack="0"/>
<pin id="56" dir="0" index="1" bw="1" slack="0"/>
<pin id="57" dir="0" index="2" bw="15" slack="0"/>
<pin id="58" dir="1" index="3" bw="15" slack="0"/>
</pin_list>
<bind>
<opcode="getelementptr(29) " fcode="getelementptr"/>
<opset="Matrix_C_BRAM_V_addr/4 "/>
</bind>
</comp>

<comp id="61" class="1004" name="store_ln49_access_fu_61">
<pin_list>
<pin id="62" dir="0" index="0" bw="15" slack="0"/>
<pin id="63" dir="0" index="1" bw="16" slack="0"/>
<pin id="64" dir="0" index="2" bw="0" slack="2147483647"/>
<pin id="65" dir="1" index="3" bw="16" slack="2147483647"/>
</pin_list>
<bind>
<opcode="store(28) " fcode="store"/>
<opset="store_ln49/4 "/>
</bind>
</comp>

<comp id="68" class="1004" name="store_ln0_store_fu_68">
<pin_list>
<pin id="69" dir="0" index="0" bw="1" slack="0"/>
<pin id="70" dir="0" index="1" bw="15" slack="0"/>
<pin id="71" dir="1" index="2" bw="0" slack="2147483647"/>
</pin_list>
<bind>
<opcode="store(28) " fcode="store"/>
<opset="store_ln0/1 "/>
</bind>
</comp>

<comp id="73" class="1004" name="store_ln0_store_fu_73">
<pin_list>
<pin id="74" dir="0" index="0" bw="1" slack="0"/>
<pin id="75" dir="0" index="1" bw="7" slack="0"/>
<pin id="76" dir="1" index="2" bw="0" slack="2147483647"/>
</pin_list>
<bind>
<opcode="store(28) " fcode="store"/>
<opset="store_ln0/1 "/>
</bind>
</comp>

<comp id="78" class="1004" name="store_ln0_store_fu_78">
<pin_list>
<pin id="79" dir="0" index="0" bw="1" slack="0"/>
<pin id="80" dir="0" index="1" bw="8" slack="0"/>
<pin id="81" dir="1" index="2" bw="0" slack="2147483647"/>
</pin_list>
<bind>
<opcode="store(28) " fcode="store"/>
<opset="store_ln0/1 "/>
</bind>
</comp>

<comp id="83" class="1004" name="indvar_flatten13_load_load_fu_83">
<pin_list>
<pin id="84" dir="0" index="0" bw="15" slack="0"/>
<pin id="85" dir="1" index="1" bw="15" slack="0"/>
</pin_list>
<bind>
<opcode="load(27) " fcode="load"/>
<opset="indvar_flatten13_load/1 "/>
</bind>
</comp>

<comp id="86" class="1004" name="icmp_ln43_fu_86">
<pin_list>
<pin id="87" dir="0" index="0" bw="15" slack="0"/>
<pin id="88" dir="0" index="1" bw="15" slack="0"/>
<pin id="89" dir="1" index="2" bw="1" slack="2"/>
</pin_list>
<bind>
<opcode="icmp(45) " fcode="icmp"/>
<opset="icmp_ln43/1 "/>
</bind>
</comp>

<comp id="92" class="1004" name="add_ln43_1_fu_92">
<pin_list>
<pin id="93" dir="0" index="0" bw="15" slack="0"/>
<pin id="94" dir="0" index="1" bw="1" slack="0"/>
<pin id="95" dir="1" index="2" bw="15" slack="0"/>
</pin_list>
<bind>
<opcode="add(8) " fcode="add"/>
<opset="add_ln43_1/1 "/>
</bind>
</comp>

<comp id="98" class="1004" name="c_load_load_fu_98">
<pin_list>
<pin id="99" dir="0" index="0" bw="8" slack="0"/>
<pin id="100" dir="1" index="1" bw="8" slack="0"/>
</pin_list>
<bind>
<opcode="load(27) " fcode="load"/>
<opset="c_load/1 "/>
</bind>
</comp>

<comp id="101" class="1004" name="r_load_load_fu_101">
<pin_list>
<pin id="102" dir="0" index="0" bw="7" slack="0"/>
<pin id="103" dir="1" index="1" bw="7" slack="0"/>
</pin_list>
<bind>
<opcode="load(27) " fcode="load"/>
<opset="r_load/1 "/>
</bind>
</comp>

<comp id="104" class="1004" name="add_ln43_fu_104">
<pin_list>
<pin id="105" dir="0" index="0" bw="7" slack="0"/>
<pin id="106" dir="0" index="1" bw="1" slack="0"/>
<pin id="107" dir="1" index="2" bw="7" slack="0"/>
</pin_list>
<bind>
<opcode="add(8) " fcode="add"/>
<opset="add_ln43/1 "/>
</bind>
</comp>

<comp id="110" class="1004" name="icmp_ln45_fu_110">
<pin_list>
<pin id="111" dir="0" index="0" bw="8" slack="0"/>
<pin id="112" dir="0" index="1" bw="8" slack="0"/>
<pin id="113" dir="1" index="2" bw="1" slack="0"/>
</pin_list>
<bind>
<opcode="icmp(45) " fcode="icmp"/>
<opset="icmp_ln45/1 "/>
</bind>
</comp>

<comp id="116" class="1004" name="select_ln43_fu_116">
<pin_list>
<pin id="117" dir="0" index="0" bw="1" slack="0"/>
<pin id="118" dir="0" index="1" bw="8" slack="0"/>
<pin id="119" dir="0" index="2" bw="8" slack="0"/>
<pin id="120" dir="1" index="3" bw="8" slack="0"/>
</pin_list>
<bind>
<opcode="select(49) " fcode="select"/>
<opset="select_ln43/1 "/>
</bind>
</comp>

<comp id="124" class="1004" name="select_ln43_1_fu_124">
<pin_list>
<pin id="125" dir="0" index="0" bw="1" slack="0"/>
<pin id="126" dir="0" index="1" bw="7" slack="0"/>
<pin id="127" dir="0" index="2" bw="7" slack="0"/>
<pin id="128" dir="1" index="3" bw="7" slack="0"/>
</pin_list>
<bind>
<opcode="select(49) " fcode="select"/>
<opset="select_ln43_1/1 "/>
</bind>
</comp>

<comp id="132" class="1004" name="zext_ln49_fu_132">
<pin_list>
<pin id="133" dir="0" index="0" bw="7" slack="0"/>
<pin id="134" dir="1" index="1" bw="15" slack="0"/>
</pin_list>
<bind>
<opcode="zext(34) " fcode="zext"/>
<opset="zext_ln49/1 "/>
</bind>
</comp>

<comp id="136" class="1004" name="add_ln45_fu_136">
<pin_list>
<pin id="137" dir="0" index="0" bw="8" slack="0"/>
<pin id="138" dir="0" index="1" bw="1" slack="0"/>
<pin id="139" dir="1" index="2" bw="8" slack="0"/>
</pin_list>
<bind>
<opcode="add(8) " fcode="add"/>
<opset="add_ln45/1 "/>
</bind>
</comp>

<comp id="142" class="1004" name="store_ln45_store_fu_142">
<pin_list>
<pin id="143" dir="0" index="0" bw="15" slack="0"/>
<pin id="144" dir="0" index="1" bw="15" slack="0"/>
<pin id="145" dir="1" index="2" bw="0" slack="2147483647"/>
</pin_list>
<bind>
<opcode="store(28) " fcode="store"/>
<opset="store_ln45/1 "/>
</bind>
</comp>

<comp id="147" class="1004" name="store_ln45_store_fu_147">
<pin_list>
<pin id="148" dir="0" index="0" bw="7" slack="0"/>
<pin id="149" dir="0" index="1" bw="7" slack="0"/>
<pin id="150" dir="1" index="2" bw="0" slack="2147483647"/>
</pin_list>
<bind>
<opcode="store(28) " fcode="store"/>
<opset="store_ln45/1 "/>
</bind>
</comp>

<comp id="152" class="1004" name="store_ln45_store_fu_152">
<pin_list>
<pin id="153" dir="0" index="0" bw="8" slack="0"/>
<pin id="154" dir="0" index="1" bw="8" slack="0"/>
<pin id="155" dir="1" index="2" bw="0" slack="2147483647"/>
</pin_list>
<bind>
<opcode="store(28) " fcode="store"/>
<opset="store_ln45/1 "/>
</bind>
</comp>

<comp id="157" class="1004" name="zext_ln49_1_fu_157">
<pin_list>
<pin id="158" dir="0" index="0" bw="8" slack="2"/>
<pin id="159" dir="1" index="1" bw="15" slack="0"/>
</pin_list>
<bind>
<opcode="zext(34) " fcode="zext"/>
<opset="zext_ln49_1/3 "/>
</bind>
</comp>

<comp id="160" class="1004" name="zext_ln49_2_fu_160">
<pin_list>
<pin id="161" dir="0" index="0" bw="15" slack="0"/>
<pin id="162" dir="1" index="1" bw="64" slack="0"/>
</pin_list>
<bind>
<opcode="zext(34) " fcode="zext"/>
<opset="zext_ln49_2/4 "/>
</bind>
</comp>

<comp id="164" class="1007" name="grp_fu_164">
<pin_list>
<pin id="165" dir="0" index="0" bw="7" slack="0"/>
<pin id="166" dir="0" index="1" bw="8" slack="0"/>
<pin id="167" dir="0" index="2" bw="8" slack="0"/>
<pin id="168" dir="1" index="3" bw="15" slack="0"/>
</pin_list>
<bind>
<opcode="muladd(1172) " fcode="muladd"/>
<opset="mul_ln49/1 add_ln49/3 "/>
</bind>
</comp>

<comp id="173" class="1005" name="c_reg_173">
<pin_list>
<pin id="174" dir="0" index="0" bw="8" slack="0"/>
<pin id="175" dir="1" index="1" bw="8" slack="0"/>
</pin_list>
<bind>
<opset="c "/>
</bind>
</comp>

<comp id="180" class="1005" name="r_reg_180">
<pin_list>
<pin id="181" dir="0" index="0" bw="7" slack="0"/>
<pin id="182" dir="1" index="1" bw="7" slack="0"/>
</pin_list>
<bind>
<opset="r "/>
</bind>
</comp>

<comp id="187" class="1005" name="indvar_flatten13_reg_187">
<pin_list>
<pin id="188" dir="0" index="0" bw="15" slack="0"/>
<pin id="189" dir="1" index="1" bw="15" slack="0"/>
</pin_list>
<bind>
<opset="indvar_flatten13 "/>
</bind>
</comp>

<comp id="194" class="1005" name="icmp_ln43_reg_194">
<pin_list>
<pin id="195" dir="0" index="0" bw="1" slack="2"/>
<pin id="196" dir="1" index="1" bw="1" slack="2147483647"/>
</pin_list>
<bind>
<opset="icmp_ln43 "/>
</bind>
</comp>

<comp id="198" class="1005" name="select_ln43_reg_198">
<pin_list>
<pin id="199" dir="0" index="0" bw="8" slack="2"/>
<pin id="200" dir="1" index="1" bw="8" slack="2"/>
</pin_list>
<bind>
<opset="select_ln43 "/>
</bind>
</comp>

<comp id="203" class="1005" name="zext_ln49_reg_203">
<pin_list>
<pin id="204" dir="0" index="0" bw="15" slack="1"/>
<pin id="205" dir="1" index="1" bw="15" slack="1"/>
</pin_list>
<bind>
<opset="zext_ln49 "/>
</bind>
</comp>

<comp id="208" class="1005" name="zext_ln49_1_reg_208">
<pin_list>
<pin id="209" dir="0" index="0" bw="15" slack="1"/>
<pin id="210" dir="1" index="1" bw="15" slack="1"/>
</pin_list>
<bind>
<opset="zext_ln49_1 "/>
</bind>
</comp>

</comp_list>

<net_list>
<net id="45"><net_src comp="2" pin="0"/><net_sink comp="42" pin=0"/></net>

<net id="49"><net_src comp="2" pin="0"/><net_sink comp="46" pin=0"/></net>

<net id="53"><net_src comp="2" pin="0"/><net_sink comp="50" pin=0"/></net>

<net id="59"><net_src comp="0" pin="0"/><net_sink comp="54" pin=0"/></net>

<net id="60"><net_src comp="30" pin="0"/><net_sink comp="54" pin=1"/></net>

<net id="66"><net_src comp="40" pin="0"/><net_sink comp="61" pin=1"/></net>

<net id="67"><net_src comp="54" pin="3"/><net_sink comp="61" pin=0"/></net>

<net id="72"><net_src comp="4" pin="0"/><net_sink comp="68" pin=0"/></net>

<net id="77"><net_src comp="6" pin="0"/><net_sink comp="73" pin=0"/></net>

<net id="82"><net_src comp="8" pin="0"/><net_sink comp="78" pin=0"/></net>

<net id="90"><net_src comp="83" pin="1"/><net_sink comp="86" pin=0"/></net>

<net id="91"><net_src comp="10" pin="0"/><net_sink comp="86" pin=1"/></net>

<net id="96"><net_src comp="83" pin="1"/><net_sink comp="92" pin=0"/></net>

<net id="97"><net_src comp="12" pin="0"/><net_sink comp="92" pin=1"/></net>

<net id="108"><net_src comp="101" pin="1"/><net_sink comp="104" pin=0"/></net>

<net id="109"><net_src comp="14" pin="0"/><net_sink comp="104" pin=1"/></net>

<net id="114"><net_src comp="98" pin="1"/><net_sink comp="110" pin=0"/></net>

<net id="115"><net_src comp="16" pin="0"/><net_sink comp="110" pin=1"/></net>

<net id="121"><net_src comp="110" pin="2"/><net_sink comp="116" pin=0"/></net>

<net id="122"><net_src comp="8" pin="0"/><net_sink comp="116" pin=1"/></net>

<net id="123"><net_src comp="98" pin="1"/><net_sink comp="116" pin=2"/></net>

<net id="129"><net_src comp="110" pin="2"/><net_sink comp="124" pin=0"/></net>

<net id="130"><net_src comp="104" pin="2"/><net_sink comp="124" pin=1"/></net>

<net id="131"><net_src comp="101" pin="1"/><net_sink comp="124" pin=2"/></net>

<net id="135"><net_src comp="124" pin="3"/><net_sink comp="132" pin=0"/></net>

<net id="140"><net_src comp="116" pin="3"/><net_sink comp="136" pin=0"/></net>

<net id="141"><net_src comp="20" pin="0"/><net_sink comp="136" pin=1"/></net>

<net id="146"><net_src comp="92" pin="2"/><net_sink comp="142" pin=0"/></net>

<net id="151"><net_src comp="124" pin="3"/><net_sink comp="147" pin=0"/></net>

<net id="156"><net_src comp="136" pin="2"/><net_sink comp="152" pin=0"/></net>

<net id="163"><net_src comp="160" pin="1"/><net_sink comp="54" pin=2"/></net>

<net id="169"><net_src comp="132" pin="1"/><net_sink comp="164" pin=0"/></net>

<net id="170"><net_src comp="18" pin="0"/><net_sink comp="164" pin=1"/></net>

<net id="171"><net_src comp="157" pin="1"/><net_sink comp="164" pin=2"/></net>

<net id="172"><net_src comp="164" pin="3"/><net_sink comp="160" pin=0"/></net>

<net id="176"><net_src comp="42" pin="1"/><net_sink comp="173" pin=0"/></net>

<net id="177"><net_src comp="173" pin="1"/><net_sink comp="78" pin=1"/></net>

<net id="178"><net_src comp="173" pin="1"/><net_sink comp="98" pin=0"/></net>

<net id="179"><net_src comp="173" pin="1"/><net_sink comp="152" pin=1"/></net>

<net id="183"><net_src comp="46" pin="1"/><net_sink comp="180" pin=0"/></net>

<net id="184"><net_src comp="180" pin="1"/><net_sink comp="73" pin=1"/></net>

<net id="185"><net_src comp="180" pin="1"/><net_sink comp="101" pin=0"/></net>

<net id="186"><net_src comp="180" pin="1"/><net_sink comp="147" pin=1"/></net>

<net id="190"><net_src comp="50" pin="1"/><net_sink comp="187" pin=0"/></net>

<net id="191"><net_src comp="187" pin="1"/><net_sink comp="68" pin=1"/></net>

<net id="192"><net_src comp="187" pin="1"/><net_sink comp="83" pin=0"/></net>

<net id="193"><net_src comp="187" pin="1"/><net_sink comp="142" pin=1"/></net>

<net id="197"><net_src comp="86" pin="2"/><net_sink comp="194" pin=0"/></net>

<net id="201"><net_src comp="116" pin="3"/><net_sink comp="198" pin=0"/></net>

<net id="202"><net_src comp="198" pin="1"/><net_sink comp="157" pin=0"/></net>

<net id="206"><net_src comp="132" pin="1"/><net_sink comp="203" pin=0"/></net>

<net id="207"><net_src comp="203" pin="1"/><net_sink comp="164" pin=0"/></net>

<net id="211"><net_src comp="157" pin="1"/><net_sink comp="208" pin=0"/></net>

<net id="212"><net_src comp="208" pin="1"/><net_sink comp="164" pin=1"/></net>

</net_list>

</model> 
---------------- Datapath Model END ------------------

* FSMD analyzer results:
  - Output states:
	Port: Matrix_C_BRAM_V | {4 }
 - Input state : 
  - Chain level:
	State 1
		store_ln0 : 1
		store_ln0 : 1
		store_ln0 : 1
		indvar_flatten13_load : 1
		icmp_ln43 : 2
		add_ln43_1 : 2
		br_ln43 : 3
		c_load : 1
		r_load : 1
		add_ln43 : 2
		icmp_ln45 : 2
		select_ln43 : 3
		select_ln43_1 : 3
		zext_ln49 : 4
		mul_ln49 : 5
		add_ln45 : 4
		store_ln45 : 3
		store_ln45 : 4
		store_ln45 : 5
	State 2
	State 3
		add_ln49 : 1
	State 4
		zext_ln49_2 : 1
		Matrix_C_BRAM_V_addr : 2
		store_ln49 : 3


============================================================
+ Verbose Summary: Datapath Resource usage 
============================================================

* Functional unit list:
|----------|----------------------|---------|---------|---------|
| Operation|    Functional Unit   |   DSP   |    FF   |   LUT   |
|----------|----------------------|---------|---------|---------|
|          |   add_ln43_1_fu_92   |    0    |    0    |    20   |
|    add   |    add_ln43_fu_104   |    0    |    0    |    14   |
|          |    add_ln45_fu_136   |    0    |    0    |    15   |
|----------|----------------------|---------|---------|---------|
|   icmp   |    icmp_ln43_fu_86   |    0    |    0    |    12   |
|          |   icmp_ln45_fu_110   |    0    |    0    |    11   |
|----------|----------------------|---------|---------|---------|
|  select  |  select_ln43_fu_116  |    0    |    0    |    8    |
|          | select_ln43_1_fu_124 |    0    |    0    |    7    |
|----------|----------------------|---------|---------|---------|
|  muladd  |      grp_fu_164      |    1    |    0    |    0    |
|----------|----------------------|---------|---------|---------|
|          |   zext_ln49_fu_132   |    0    |    0    |    0    |
|   zext   |  zext_ln49_1_fu_157  |    0    |    0    |    0    |
|          |  zext_ln49_2_fu_160  |    0    |    0    |    0    |
|----------|----------------------|---------|---------|---------|
|   Total  |                      |    1    |    0    |    87   |
|----------|----------------------|---------|---------|---------|

Memories:
N/A

* Register list:
+------------------------+--------+
|                        |   FF   |
+------------------------+--------+
|        c_reg_173       |    8   |
|    icmp_ln43_reg_194   |    1   |
|indvar_flatten13_reg_187|   15   |
|        r_reg_180       |    7   |
|   select_ln43_reg_198  |    8   |
|   zext_ln49_1_reg_208  |   15   |
|    zext_ln49_reg_203   |   15   |
+------------------------+--------+
|          Total         |   69   |
+------------------------+--------+

* Multiplexer (MUX) list: 
|------------|------|------|------|--------||---------||---------|
|    Comp    |  Pin | Size |  BW  | S x BW ||  Delay  ||   LUT   |
|------------|------|------|------|--------||---------||---------|
| grp_fu_164 |  p0  |   2  |   7  |   14   ||    9    |
| grp_fu_164 |  p1  |   2  |   8  |   16   ||    9    |
|------------|------|------|------|--------||---------||---------|
|    Total   |      |      |      |   30   ||  3.176  ||    18   |
|------------|------|------|------|--------||---------||---------|



* Summary:
+-----------+--------+--------+--------+--------+
|           |   DSP  |  Delay |   FF   |   LUT  |
+-----------+--------+--------+--------+--------+
|  Function |    1   |    -   |    0   |   87   |
|   Memory  |    -   |    -   |    -   |    -   |
|Multiplexer|    -   |    3   |    -   |   18   |
|  Register |    -   |    -   |   69   |    -   |
+-----------+--------+--------+--------+--------+
|   Total   |    1   |    3   |   69   |   105  |
+-----------+--------+--------+--------+--------+
