

================================================================
== Vitis HLS Report for 'matmul_Pipeline_VITIS_LOOP_21_1_VITIS_LOOP_23_2'
================================================================
* Date:           Tue Oct  6 17:15:57 2026

* Version:        2022.2 (Build 3670227 on Oct 13 2022)
* Project:        vitis.prj
* Solution:       solution1 (Vivado IP Flow Target)
* Product family: zynq
* Target device:  xc7z020-clg400-1


================================================================
== Performance Estimates
================================================================
+ Timing: 
    * Summary: 
    +--------+----------+----------+------------+
    |  Clock |  Target  | Estimated| Uncertainty|
    +--------+----------+----------+------------+
    |ap_clk  |  10.00 ns|  7.300 ns|     2.70 ns|
    +--------+----------+----------+------------+

+ Latency: 
    * Summary: 
    +---------+---------+----------+----------+-------+-------+---------+
    |  Latency (cycles) |  Latency (absolute) |    Interval   | Pipeline|
    |   min   |   max   |    min   |    max   |  min  |  max  |   Type  |
    +---------+---------+----------+----------+-------+-------+---------+
    |    15013|    15013|  0.150 ms|  0.150 ms|  15013|  15013|       no|
    +---------+---------+----------+----------+-------+-------+---------+

    + Detail: 
        * Instance: 
        N/A

        * Loop: 
        +-----------------------------------+---------+---------+----------+-----------+-----------+-------+----------+
        |                                   |  Latency (cycles) | Iteration|  Initiation Interval  |  Trip |          |
        |             Loop Name             |   min   |   max   |  Latency |  achieved |   target  | Count | Pipelined|
        +-----------------------------------+---------+---------+----------+-----------+-----------+-------+----------+
        |- VITIS_LOOP_21_1_VITIS_LOOP_23_2  |    15011|    15011|        13|          1|          1|  15000|       yes|
        +-----------------------------------+---------+---------+----------+-----------+-----------+-------+----------+

============================================================
+ Verbose Summary: Synthesis Manager
============================================================
InlineROM: 1
ExposeGlobal: 0
============================================================
+ Verbose Summary: CDFG Model
============================================================
IsTopModel: 0
ResetActiveHigh: 1
IsCombinational: 0
IsDatapathOnly: 0
HasWiredReturn: 1
HasMFsm: 2
HasVarLatency: 1
IsPipeline: 0
IsRtlPipelined: 0
IsInstanceOverlapped: 0
IsDontTouch: 0
HasImplIP: 0
IsGatedGlobalClock: 0

+ Individual pipeline summary: 
  * Pipeline-0: initiation interval (II) = 1, depth = 13


============================================================
+ Verbose Summary: Schedule
============================================================
* Number of FSM states : 13
* Pipeline : 1
  Pipeline-0 : II = 1, D = 13, States = { 1 2 3 4 5 6 7 8 9 10 11 12 13 }
* Dataflow Pipeline: 0

* FSM state transitions: 
1 --> 2 
2 --> 3 
3 --> 4 
4 --> 5 
5 --> 6 
6 --> 7 
7 --> 8 
8 --> 9 
9 --> 10 
10 --> 11 
11 --> 12 
12 --> 13 
13 --> 

* FSM state operations: 

State 1 <SV = 0> <Delay = 7.18>
ST_1 : Operation 16 [1/1] (0.00ns)   --->   "%c = alloca i32 1"   --->   Operation 16 'alloca' 'c' <Predicate = true> <Delay = 0.00>
ST_1 : Operation 17 [1/1] (0.00ns)   --->   "%r = alloca i32 1"   --->   Operation 17 'alloca' 'r' <Predicate = true> <Delay = 0.00>
ST_1 : Operation 18 [1/1] (0.00ns)   --->   "%indvar_flatten = alloca i32 1"   --->   Operation 18 'alloca' 'indvar_flatten' <Predicate = true> <Delay = 0.00>
ST_1 : Operation 19 [1/1] (0.00ns)   --->   "%sext_ln21_read = read i63 @_ssdm_op_Read.ap_auto.i63, i63 %sext_ln21"   --->   Operation 19 'read' 'sext_ln21_read' <Predicate = true> <Delay = 0.00>
ST_1 : Operation 20 [1/1] (0.00ns)   --->   "%sext_ln21_cast = sext i63 %sext_ln21_read"   --->   Operation 20 'sext' 'sext_ln21_cast' <Predicate = true> <Delay = 0.00>
ST_1 : Operation 21 [1/1] (0.00ns)   --->   "%specinterface_ln0 = specinterface void @_ssdm_op_SpecInterface, i16 %mem1, void @empty_1, i32 0, i32 0, void @empty_2, i32 64, i32 1, void @empty_3, void @empty_4, void @empty_2, i32 16, i32 16, i32 16, i32 16, void @empty_2, void @empty_2, i32 4294967295, i32 0"   --->   Operation 21 'specinterface' 'specinterface_ln0' <Predicate = true> <Delay = 0.00>
ST_1 : Operation 22 [1/1] (1.58ns)   --->   "%store_ln0 = store i14 0, i14 %indvar_flatten"   --->   Operation 22 'store' 'store_ln0' <Predicate = true> <Delay = 1.58>
ST_1 : Operation 23 [1/1] (1.58ns)   --->   "%store_ln0 = store i7 0, i7 %r"   --->   Operation 23 'store' 'store_ln0' <Predicate = true> <Delay = 1.58>
ST_1 : Operation 24 [1/1] (1.58ns)   --->   "%store_ln0 = store i8 0, i8 %c"   --->   Operation 24 'store' 'store_ln0' <Predicate = true> <Delay = 1.58>
ST_1 : Operation 25 [1/1] (0.00ns)   --->   "%br_ln0 = br void %for.inc"   --->   Operation 25 'br' 'br_ln0' <Predicate = true> <Delay = 0.00>
ST_1 : Operation 26 [1/1] (0.00ns)   --->   "%indvar_flatten_load = load i14 %indvar_flatten" [matmul.cpp:21]   --->   Operation 26 'load' 'indvar_flatten_load' <Predicate = true> <Delay = 0.00>
ST_1 : Operation 27 [1/1] (2.20ns)   --->   "%icmp_ln21 = icmp_eq  i14 %indvar_flatten_load, i14 15000" [matmul.cpp:21]   --->   Operation 27 'icmp' 'icmp_ln21' <Predicate = true> <Delay = 2.20> <CoreInst = "Cmp">   --->   Core 9 'Cmp' <Latency = 0> <II = 1> <Delay = 2.20> <FuncUnit> <Opcode : 'icmp'> <InPorts = 2> <OutPorts = 1>
ST_1 : Operation 28 [1/1] (1.81ns)   --->   "%add_ln21_1 = add i14 %indvar_flatten_load, i14 1" [matmul.cpp:21]   --->   Operation 28 'add' 'add_ln21_1' <Predicate = true> <Delay = 1.81> <CoreInst = "Adder">   --->   Core 1 'Adder' <Latency = 0> <II = 1> <Delay = 1.81> <FuncUnit> <Opcode : 'add' 'sub'> <InPorts = 2> <OutPorts = 1>
ST_1 : Operation 29 [1/1] (0.00ns)   --->   "%br_ln21 = br i1 %icmp_ln21, void %for.inc45, void %VITIS_LOOP_32_3.exitStub" [matmul.cpp:21]   --->   Operation 29 'br' 'br_ln21' <Predicate = true> <Delay = 0.00>
ST_1 : Operation 30 [1/1] (0.00ns)   --->   "%c_load = load i8 %c" [matmul.cpp:23]   --->   Operation 30 'load' 'c_load' <Predicate = (!icmp_ln21)> <Delay = 0.00>
ST_1 : Operation 31 [1/1] (1.55ns)   --->   "%icmp_ln23 = icmp_eq  i8 %c_load, i8 150" [matmul.cpp:23]   --->   Operation 31 'icmp' 'icmp_ln23' <Predicate = (!icmp_ln21)> <Delay = 1.55> <CoreInst = "Cmp">   --->   Core 9 'Cmp' <Latency = 0> <II = 1> <Delay = 1.55> <FuncUnit> <Opcode : 'icmp'> <InPorts = 2> <OutPorts = 1>
ST_1 : Operation 32 [1/1] (1.24ns)   --->   "%select_ln21 = select i1 %icmp_ln23, i8 0, i8 %c_load" [matmul.cpp:21]   --->   Operation 32 'select' 'select_ln21' <Predicate = (!icmp_ln21)> <Delay = 1.24> <CoreInst = "Sel">   --->   Core 73 'Sel' <Latency = 0> <II = 1> <Delay = 1.24> <FuncUnit> <Opcode : 'select'> <InPorts = 3> <OutPorts = 1>
ST_1 : Operation 33 [12/12] (4.38ns)   --->   "%urem_ln27 = urem i8 %select_ln21, i8 15" [matmul.cpp:27]   --->   Operation 33 'urem' 'urem_ln27' <Predicate = (!icmp_ln21)> <Delay = 4.38> <CoreInst = "Divider">   --->   Core 6 'Divider' <Latency = 11> <II = 1> <Delay = 4.38> <FuncUnit> <Opcode : 'sdiv' 'srem' 'udiv' 'urem'> <InPorts = 2> <OutPorts = 1>
ST_1 : Operation 34 [1/1] (1.91ns)   --->   "%add_ln23 = add i8 %select_ln21, i8 1" [matmul.cpp:23]   --->   Operation 34 'add' 'add_ln23' <Predicate = (!icmp_ln21)> <Delay = 1.91> <CoreInst = "Adder">   --->   Core 1 'Adder' <Latency = 0> <II = 1> <Delay = 1.91> <FuncUnit> <Opcode : 'add' 'sub'> <InPorts = 2> <OutPorts = 1>
ST_1 : Operation 35 [1/1] (1.58ns)   --->   "%store_ln23 = store i14 %add_ln21_1, i14 %indvar_flatten" [matmul.cpp:23]   --->   Operation 35 'store' 'store_ln23' <Predicate = (!icmp_ln21)> <Delay = 1.58>
ST_1 : Operation 36 [1/1] (1.58ns)   --->   "%store_ln23 = store i8 %add_ln23, i8 %c" [matmul.cpp:23]   --->   Operation 36 'store' 'store_ln23' <Predicate = (!icmp_ln21)> <Delay = 1.58>

State 2 <SV = 1> <Delay = 4.52>
ST_2 : Operation 37 [11/12] (4.38ns)   --->   "%urem_ln27 = urem i8 %select_ln21, i8 15" [matmul.cpp:27]   --->   Operation 37 'urem' 'urem_ln27' <Predicate = (!icmp_ln21)> <Delay = 4.38> <CoreInst = "Divider">   --->   Core 6 'Divider' <Latency = 11> <II = 1> <Delay = 4.38> <FuncUnit> <Opcode : 'sdiv' 'srem' 'udiv' 'urem'> <InPorts = 2> <OutPorts = 1>
ST_2 : Operation 38 [1/1] (0.00ns)   --->   "%zext_ln27_1 = zext i8 %select_ln21" [matmul.cpp:27]   --->   Operation 38 'zext' 'zext_ln27_1' <Predicate = (!icmp_ln21)> <Delay = 0.00>
ST_2 : Operation 39 [1/1] (4.52ns)   --->   "%mul_ln27 = mul i17 %zext_ln27_1, i17 274" [matmul.cpp:27]   --->   Operation 39 'mul' 'mul_ln27' <Predicate = (!icmp_ln21)> <Delay = 4.52> <CoreInst = "Multiplier">   --->   Core 3 'Multiplier' <Latency = 0> <II = 1> <Delay = 4.52> <FuncUnit> <Opcode : 'mul'> <InPorts = 2> <OutPorts = 1>
ST_2 : Operation 40 [1/1] (0.00ns)   --->   "%tmp_1 = partselect i5 @_ssdm_op_PartSelect.i5.i17.i32.i32, i17 %mul_ln27, i32 12, i32 16" [matmul.cpp:27]   --->   Operation 40 'partselect' 'tmp_1' <Predicate = (!icmp_ln21)> <Delay = 0.00>

State 3 <SV = 2> <Delay = 4.38>
ST_3 : Operation 41 [10/12] (4.38ns)   --->   "%urem_ln27 = urem i8 %select_ln21, i8 15" [matmul.cpp:27]   --->   Operation 41 'urem' 'urem_ln27' <Predicate = (!icmp_ln21)> <Delay = 4.38> <CoreInst = "Divider">   --->   Core 6 'Divider' <Latency = 11> <II = 1> <Delay = 4.38> <FuncUnit> <Opcode : 'sdiv' 'srem' 'udiv' 'urem'> <InPorts = 2> <OutPorts = 1>

State 4 <SV = 3> <Delay = 4.38>
ST_4 : Operation 42 [9/12] (4.38ns)   --->   "%urem_ln27 = urem i8 %select_ln21, i8 15" [matmul.cpp:27]   --->   Operation 42 'urem' 'urem_ln27' <Predicate = (!icmp_ln21)> <Delay = 4.38> <CoreInst = "Divider">   --->   Core 6 'Divider' <Latency = 11> <II = 1> <Delay = 4.38> <FuncUnit> <Opcode : 'sdiv' 'srem' 'udiv' 'urem'> <InPorts = 2> <OutPorts = 1>

State 5 <SV = 4> <Delay = 4.38>
ST_5 : Operation 43 [8/12] (4.38ns)   --->   "%urem_ln27 = urem i8 %select_ln21, i8 15" [matmul.cpp:27]   --->   Operation 43 'urem' 'urem_ln27' <Predicate = (!icmp_ln21)> <Delay = 4.38> <CoreInst = "Divider">   --->   Core 6 'Divider' <Latency = 11> <II = 1> <Delay = 4.38> <FuncUnit> <Opcode : 'sdiv' 'srem' 'udiv' 'urem'> <InPorts = 2> <OutPorts = 1>

State 6 <SV = 5> <Delay = 4.38>
ST_6 : Operation 44 [7/12] (4.38ns)   --->   "%urem_ln27 = urem i8 %select_ln21, i8 15" [matmul.cpp:27]   --->   Operation 44 'urem' 'urem_ln27' <Predicate = (!icmp_ln21)> <Delay = 4.38> <CoreInst = "Divider">   --->   Core 6 'Divider' <Latency = 11> <II = 1> <Delay = 4.38> <FuncUnit> <Opcode : 'sdiv' 'srem' 'udiv' 'urem'> <InPorts = 2> <OutPorts = 1>

State 7 <SV = 6> <Delay = 4.38>
ST_7 : Operation 45 [6/12] (4.38ns)   --->   "%urem_ln27 = urem i8 %select_ln21, i8 15" [matmul.cpp:27]   --->   Operation 45 'urem' 'urem_ln27' <Predicate = (!icmp_ln21)> <Delay = 4.38> <CoreInst = "Divider">   --->   Core 6 'Divider' <Latency = 11> <II = 1> <Delay = 4.38> <FuncUnit> <Opcode : 'sdiv' 'srem' 'udiv' 'urem'> <InPorts = 2> <OutPorts = 1>

State 8 <SV = 7> <Delay = 4.38>
ST_8 : Operation 46 [5/12] (4.38ns)   --->   "%urem_ln27 = urem i8 %select_ln21, i8 15" [matmul.cpp:27]   --->   Operation 46 'urem' 'urem_ln27' <Predicate = (!icmp_ln21)> <Delay = 4.38> <CoreInst = "Divider">   --->   Core 6 'Divider' <Latency = 11> <II = 1> <Delay = 4.38> <FuncUnit> <Opcode : 'sdiv' 'srem' 'udiv' 'urem'> <InPorts = 2> <OutPorts = 1>

State 9 <SV = 8> <Delay = 4.38>
ST_9 : Operation 47 [4/12] (4.38ns)   --->   "%urem_ln27 = urem i8 %select_ln21, i8 15" [matmul.cpp:27]   --->   Operation 47 'urem' 'urem_ln27' <Predicate = (!icmp_ln21)> <Delay = 4.38> <CoreInst = "Divider">   --->   Core 6 'Divider' <Latency = 11> <II = 1> <Delay = 4.38> <FuncUnit> <Opcode : 'sdiv' 'srem' 'udiv' 'urem'> <InPorts = 2> <OutPorts = 1>

State 10 <SV = 9> <Delay = 4.38>
ST_10 : Operation 48 [3/12] (4.38ns)   --->   "%urem_ln27 = urem i8 %select_ln21, i8 15" [matmul.cpp:27]   --->   Operation 48 'urem' 'urem_ln27' <Predicate = (!icmp_ln21)> <Delay = 4.38> <CoreInst = "Divider">   --->   Core 6 'Divider' <Latency = 11> <II = 1> <Delay = 4.38> <FuncUnit> <Opcode : 'sdiv' 'srem' 'udiv' 'urem'> <InPorts = 2> <OutPorts = 1>

State 11 <SV = 10> <Delay = 4.38>
ST_11 : Operation 49 [2/12] (4.38ns)   --->   "%urem_ln27 = urem i8 %select_ln21, i8 15" [matmul.cpp:27]   --->   Operation 49 'urem' 'urem_ln27' <Predicate = (!icmp_ln21)> <Delay = 4.38> <CoreInst = "Divider">   --->   Core 6 'Divider' <Latency = 11> <II = 1> <Delay = 4.38> <FuncUnit> <Opcode : 'sdiv' 'srem' 'udiv' 'urem'> <InPorts = 2> <OutPorts = 1>

State 12 <SV = 11> <Delay = 7.30>
ST_12 : Operation 50 [1/1] (0.00ns)   --->   "%specbitsmap_ln0 = specbitsmap void @_ssdm_op_SpecBitsMap, i16 %mem1"   --->   Operation 50 'specbitsmap' 'specbitsmap_ln0' <Predicate = true> <Delay = 0.00>
ST_12 : Operation 51 [1/1] (0.00ns)   --->   "%mem1_addr = getelementptr i16 %mem1, i64 %sext_ln21_cast" [matmul.cpp:21]   --->   Operation 51 'getelementptr' 'mem1_addr' <Predicate = true> <Delay = 0.00>
ST_12 : Operation 52 [1/1] (0.00ns)   --->   "%r_load = load i7 %r" [matmul.cpp:21]   --->   Operation 52 'load' 'r_load' <Predicate = (!icmp_ln21)> <Delay = 0.00>
ST_12 : Operation 53 [1/1] (1.87ns)   --->   "%add_ln21 = add i7 %r_load, i7 1" [matmul.cpp:21]   --->   Operation 53 'add' 'add_ln21' <Predicate = (!icmp_ln21 & icmp_ln23)> <Delay = 1.87> <CoreInst = "Adder">   --->   Core 1 'Adder' <Latency = 0> <II = 1> <Delay = 1.87> <FuncUnit> <Opcode : 'add' 'sub'> <InPorts = 2> <OutPorts = 1>
ST_12 : Operation 54 [1/1] (0.99ns)   --->   "%select_ln21_1 = select i1 %icmp_ln23, i7 %add_ln21, i7 %r_load" [matmul.cpp:21]   --->   Operation 54 'select' 'select_ln21_1' <Predicate = (!icmp_ln21)> <Delay = 0.99> <CoreInst = "Sel">   --->   Core 73 'Sel' <Latency = 0> <II = 1> <Delay = 0.99> <FuncUnit> <Opcode : 'select'> <InPorts = 3> <OutPorts = 1>
ST_12 : Operation 55 [1/1] (0.00ns)   --->   "%tmp = bitconcatenate i10 @_ssdm_op_BitConcatenate.i10.i7.i3, i7 %select_ln21_1, i3 0" [matmul.cpp:27]   --->   Operation 55 'bitconcatenate' 'tmp' <Predicate = (!icmp_ln21)> <Delay = 0.00>
ST_12 : Operation 56 [1/1] (0.00ns)   --->   "%tmp_s = bitconcatenate i8 @_ssdm_op_BitConcatenate.i8.i7.i1, i7 %select_ln21_1, i1 0" [matmul.cpp:27]   --->   Operation 56 'bitconcatenate' 'tmp_s' <Predicate = (!icmp_ln21)> <Delay = 0.00>
ST_12 : Operation 57 [1/1] (0.00ns)   --->   "%zext_ln27 = zext i8 %tmp_s" [matmul.cpp:27]   --->   Operation 57 'zext' 'zext_ln27' <Predicate = (!icmp_ln21)> <Delay = 0.00>
ST_12 : Operation 58 [1/1] (0.00ns) (grouped into TernaryAdder)   --->   "%add_ln27 = add i10 %tmp, i10 %zext_ln27" [matmul.cpp:27]   --->   Operation 58 'add' 'add_ln27' <Predicate = (!icmp_ln21)> <Delay = 0.00> <CoreInst = "TAddSub">   --->   Core 10 'TAddSub' <Latency = 0> <II = 1> <Delay = 1.86> <IPBlock> <Opcode : 'add' 'sub'> <InPorts = 3> <OutPorts = 1> <Sync> <CReg>
ST_12 : Operation 59 [1/12] (4.38ns)   --->   "%urem_ln27 = urem i8 %select_ln21, i8 15" [matmul.cpp:27]   --->   Operation 59 'urem' 'urem_ln27' <Predicate = (!icmp_ln21)> <Delay = 4.38> <CoreInst = "Divider">   --->   Core 6 'Divider' <Latency = 11> <II = 1> <Delay = 4.38> <FuncUnit> <Opcode : 'sdiv' 'srem' 'udiv' 'urem'> <InPorts = 2> <OutPorts = 1>
ST_12 : Operation 60 [1/1] (0.00ns)   --->   "%zext_ln27_2 = zext i5 %tmp_1" [matmul.cpp:27]   --->   Operation 60 'zext' 'zext_ln27_2' <Predicate = (!icmp_ln21)> <Delay = 0.00>
ST_12 : Operation 61 [1/1] (3.72ns) (root node of TernaryAdder)   --->   "%add_ln27_1 = add i10 %add_ln27, i10 %zext_ln27_2" [matmul.cpp:27]   --->   Operation 61 'add' 'add_ln27_1' <Predicate = (!icmp_ln21)> <Delay = 3.72> <CoreInst = "TAddSub">   --->   Core 10 'TAddSub' <Latency = 0> <II = 1> <Delay = 1.86> <IPBlock> <Opcode : 'add' 'sub'> <InPorts = 3> <OutPorts = 1> <Sync> <CReg>
ST_12 : Operation 62 [1/1] (7.30ns)   --->   "%mem1_addr_read = read i16 @_ssdm_op_Read.m_axi.p1i16, i16 %mem1_addr" [matmul.cpp:27]   --->   Operation 62 'read' 'mem1_addr_read' <Predicate = (!icmp_ln21)> <Delay = 7.30> <CoreInst = "m_axi">   --->   Core 113 'm_axi' <Latency = 0> <II = 1> <Delay = 1.00> <Adapter> <Opcode : 'read' 'write' 'readreq' 'writereq' 'writeresp'>
ST_12 : Operation 63 [1/1] (0.00ns)   --->   "%trunc_ln27 = trunc i4 %urem_ln27" [matmul.cpp:27]   --->   Operation 63 'trunc' 'trunc_ln27' <Predicate = (!icmp_ln21)> <Delay = 0.00>
ST_12 : Operation 64 [1/1] (0.95ns)   --->   "%switch_ln27 = switch i4 %trunc_ln27, void %arrayidx4410.case.14, i4 0, void %arrayidx4410.case.0, i4 1, void %arrayidx4410.case.1, i4 2, void %arrayidx4410.case.2, i4 3, void %arrayidx4410.case.3, i4 4, void %arrayidx4410.case.4, i4 5, void %arrayidx4410.case.5, i4 6, void %arrayidx4410.case.6, i4 7, void %arrayidx4410.case.7, i4 8, void %arrayidx4410.case.8, i4 9, void %arrayidx4410.case.9, i4 10, void %arrayidx4410.case.10, i4 11, void %arrayidx4410.case.11, i4 12, void %arrayidx4410.case.12, i4 13, void %arrayidx4410.case.13" [matmul.cpp:27]   --->   Operation 64 'switch' 'switch_ln27' <Predicate = (!icmp_ln21)> <Delay = 0.95>
ST_12 : Operation 65 [1/1] (1.58ns)   --->   "%store_ln23 = store i7 %select_ln21_1, i7 %r" [matmul.cpp:23]   --->   Operation 65 'store' 'store_ln23' <Predicate = (!icmp_ln21)> <Delay = 1.58>
ST_12 : Operation 66 [1/1] (0.00ns)   --->   "%br_ln23 = br void %for.inc" [matmul.cpp:23]   --->   Operation 66 'br' 'br_ln23' <Predicate = (!icmp_ln21)> <Delay = 0.00>
ST_12 : Operation 117 [1/1] (0.00ns)   --->   "%ret_ln0 = ret"   --->   Operation 117 'ret' 'ret_ln0' <Predicate = (icmp_ln21)> <Delay = 0.00>

State 13 <SV = 12> <Delay = 3.25>
ST_13 : Operation 67 [1/1] (0.00ns)   --->   "%specloopname_ln0 = specloopname void @_ssdm_op_SpecLoopName, void @VITIS_LOOP_21_1_VITIS_LOOP_23_2_str"   --->   Operation 67 'specloopname' 'specloopname_ln0' <Predicate = true> <Delay = 0.00>
ST_13 : Operation 68 [1/1] (0.00ns)   --->   "%empty = speclooptripcount i32 @_ssdm_op_SpecLoopTripCount, i64 15000, i64 15000, i64 15000"   --->   Operation 68 'speclooptripcount' 'empty' <Predicate = true> <Delay = 0.00>
ST_13 : Operation 69 [1/1] (0.00ns)   --->   "%specpipeline_ln25 = specpipeline void @_ssdm_op_SpecPipeline, i32 1, i32 0, i32 0, i32 0, void @empty_2" [matmul.cpp:25]   --->   Operation 69 'specpipeline' 'specpipeline_ln25' <Predicate = true> <Delay = 0.00>
ST_13 : Operation 70 [1/1] (0.00ns)   --->   "%specloopname_ln23 = specloopname void @_ssdm_op_SpecLoopName, void @empty_7" [matmul.cpp:23]   --->   Operation 70 'specloopname' 'specloopname_ln23' <Predicate = true> <Delay = 0.00>
ST_13 : Operation 71 [1/1] (0.00ns)   --->   "%zext_ln27_3 = zext i10 %add_ln27_1" [matmul.cpp:27]   --->   Operation 71 'zext' 'zext_ln27_3' <Predicate = true> <Delay = 0.00>
ST_13 : Operation 72 [1/1] (0.00ns)   --->   "%Matrix_A_BRAM_V_addr = getelementptr i16 %Matrix_A_BRAM_V, i64 0, i64 %zext_ln27_3" [matmul.cpp:27]   --->   Operation 72 'getelementptr' 'Matrix_A_BRAM_V_addr' <Predicate = true> <Delay = 0.00>
ST_13 : Operation 73 [1/1] (0.00ns)   --->   "%Matrix_A_BRAM_V_1_addr = getelementptr i16 %Matrix_A_BRAM_V_1, i64 0, i64 %zext_ln27_3" [matmul.cpp:27]   --->   Operation 73 'getelementptr' 'Matrix_A_BRAM_V_1_addr' <Predicate = true> <Delay = 0.00>
ST_13 : Operation 74 [1/1] (0.00ns)   --->   "%Matrix_A_BRAM_V_2_addr = getelementptr i16 %Matrix_A_BRAM_V_2, i64 0, i64 %zext_ln27_3" [matmul.cpp:27]   --->   Operation 74 'getelementptr' 'Matrix_A_BRAM_V_2_addr' <Predicate = true> <Delay = 0.00>
ST_13 : Operation 75 [1/1] (0.00ns)   --->   "%Matrix_A_BRAM_V_3_addr = getelementptr i16 %Matrix_A_BRAM_V_3, i64 0, i64 %zext_ln27_3" [matmul.cpp:27]   --->   Operation 75 'getelementptr' 'Matrix_A_BRAM_V_3_addr' <Predicate = true> <Delay = 0.00>
ST_13 : Operation 76 [1/1] (0.00ns)   --->   "%Matrix_A_BRAM_V_4_addr = getelementptr i16 %Matrix_A_BRAM_V_4, i64 0, i64 %zext_ln27_3" [matmul.cpp:27]   --->   Operation 76 'getelementptr' 'Matrix_A_BRAM_V_4_addr' <Predicate = true> <Delay = 0.00>
ST_13 : Operation 77 [1/1] (0.00ns)   --->   "%Matrix_A_BRAM_V_5_addr = getelementptr i16 %Matrix_A_BRAM_V_5, i64 0, i64 %zext_ln27_3" [matmul.cpp:27]   --->   Operation 77 'getelementptr' 'Matrix_A_BRAM_V_5_addr' <Predicate = true> <Delay = 0.00>
ST_13 : Operation 78 [1/1] (0.00ns)   --->   "%Matrix_A_BRAM_V_6_addr = getelementptr i16 %Matrix_A_BRAM_V_6, i64 0, i64 %zext_ln27_3" [matmul.cpp:27]   --->   Operation 78 'getelementptr' 'Matrix_A_BRAM_V_6_addr' <Predicate = true> <Delay = 0.00>
ST_13 : Operation 79 [1/1] (0.00ns)   --->   "%Matrix_A_BRAM_V_7_addr = getelementptr i16 %Matrix_A_BRAM_V_7, i64 0, i64 %zext_ln27_3" [matmul.cpp:27]   --->   Operation 79 'getelementptr' 'Matrix_A_BRAM_V_7_addr' <Predicate = true> <Delay = 0.00>
ST_13 : Operation 80 [1/1] (0.00ns)   --->   "%Matrix_A_BRAM_V_8_addr = getelementptr i16 %Matrix_A_BRAM_V_8, i64 0, i64 %zext_ln27_3" [matmul.cpp:27]   --->   Operation 80 'getelementptr' 'Matrix_A_BRAM_V_8_addr' <Predicate = true> <Delay = 0.00>
ST_13 : Operation 81 [1/1] (0.00ns)   --->   "%Matrix_A_BRAM_V_9_addr = getelementptr i16 %Matrix_A_BRAM_V_9, i64 0, i64 %zext_ln27_3" [matmul.cpp:27]   --->   Operation 81 'getelementptr' 'Matrix_A_BRAM_V_9_addr' <Predicate = true> <Delay = 0.00>
ST_13 : Operation 82 [1/1] (0.00ns)   --->   "%Matrix_A_BRAM_V_10_addr = getelementptr i16 %Matrix_A_BRAM_V_10, i64 0, i64 %zext_ln27_3" [matmul.cpp:27]   --->   Operation 82 'getelementptr' 'Matrix_A_BRAM_V_10_addr' <Predicate = true> <Delay = 0.00>
ST_13 : Operation 83 [1/1] (0.00ns)   --->   "%Matrix_A_BRAM_V_11_addr = getelementptr i16 %Matrix_A_BRAM_V_11, i64 0, i64 %zext_ln27_3" [matmul.cpp:27]   --->   Operation 83 'getelementptr' 'Matrix_A_BRAM_V_11_addr' <Predicate = true> <Delay = 0.00>
ST_13 : Operation 84 [1/1] (0.00ns)   --->   "%Matrix_A_BRAM_V_12_addr = getelementptr i16 %Matrix_A_BRAM_V_12, i64 0, i64 %zext_ln27_3" [matmul.cpp:27]   --->   Operation 84 'getelementptr' 'Matrix_A_BRAM_V_12_addr' <Predicate = true> <Delay = 0.00>
ST_13 : Operation 85 [1/1] (0.00ns)   --->   "%Matrix_A_BRAM_V_13_addr = getelementptr i16 %Matrix_A_BRAM_V_13, i64 0, i64 %zext_ln27_3" [matmul.cpp:27]   --->   Operation 85 'getelementptr' 'Matrix_A_BRAM_V_13_addr' <Predicate = true> <Delay = 0.00>
ST_13 : Operation 86 [1/1] (0.00ns)   --->   "%Matrix_A_BRAM_V_14_addr = getelementptr i16 %Matrix_A_BRAM_V_14, i64 0, i64 %zext_ln27_3" [matmul.cpp:27]   --->   Operation 86 'getelementptr' 'Matrix_A_BRAM_V_14_addr' <Predicate = true> <Delay = 0.00>
ST_13 : Operation 87 [1/1] (3.25ns)   --->   "%store_ln27 = store i16 %mem1_addr_read, i10 %Matrix_A_BRAM_V_13_addr" [matmul.cpp:27]   --->   Operation 87 'store' 'store_ln27' <Predicate = (trunc_ln27 == 13)> <Delay = 3.25> <CoreInst = "RAM">   --->   Core 82 'RAM' <Latency = 1> <II = 1> <Delay = 3.25> <Storage> <Opcode : 'load' 'store'> <Ports = 2> <Width = 16> <Depth = 1000> <RAM>
ST_13 : Operation 88 [1/1] (0.00ns)   --->   "%br_ln27 = br void %arrayidx4410.exit" [matmul.cpp:27]   --->   Operation 88 'br' 'br_ln27' <Predicate = (trunc_ln27 == 13)> <Delay = 0.00>
ST_13 : Operation 89 [1/1] (3.25ns)   --->   "%store_ln27 = store i16 %mem1_addr_read, i10 %Matrix_A_BRAM_V_12_addr" [matmul.cpp:27]   --->   Operation 89 'store' 'store_ln27' <Predicate = (trunc_ln27 == 12)> <Delay = 3.25> <CoreInst = "RAM">   --->   Core 82 'RAM' <Latency = 1> <II = 1> <Delay = 3.25> <Storage> <Opcode : 'load' 'store'> <Ports = 2> <Width = 16> <Depth = 1000> <RAM>
ST_13 : Operation 90 [1/1] (0.00ns)   --->   "%br_ln27 = br void %arrayidx4410.exit" [matmul.cpp:27]   --->   Operation 90 'br' 'br_ln27' <Predicate = (trunc_ln27 == 12)> <Delay = 0.00>
ST_13 : Operation 91 [1/1] (3.25ns)   --->   "%store_ln27 = store i16 %mem1_addr_read, i10 %Matrix_A_BRAM_V_11_addr" [matmul.cpp:27]   --->   Operation 91 'store' 'store_ln27' <Predicate = (trunc_ln27 == 11)> <Delay = 3.25> <CoreInst = "RAM">   --->   Core 82 'RAM' <Latency = 1> <II = 1> <Delay = 3.25> <Storage> <Opcode : 'load' 'store'> <Ports = 2> <Width = 16> <Depth = 1000> <RAM>
ST_13 : Operation 92 [1/1] (0.00ns)   --->   "%br_ln27 = br void %arrayidx4410.exit" [matmul.cpp:27]   --->   Operation 92 'br' 'br_ln27' <Predicate = (trunc_ln27 == 11)> <Delay = 0.00>
ST_13 : Operation 93 [1/1] (3.25ns)   --->   "%store_ln27 = store i16 %mem1_addr_read, i10 %Matrix_A_BRAM_V_10_addr" [matmul.cpp:27]   --->   Operation 93 'store' 'store_ln27' <Predicate = (trunc_ln27 == 10)> <Delay = 3.25> <CoreInst = "RAM">   --->   Core 82 'RAM' <Latency = 1> <II = 1> <Delay = 3.25> <Storage> <Opcode : 'load' 'store'> <Ports = 2> <Width = 16> <Depth = 1000> <RAM>
ST_13 : Operation 94 [1/1] (0.00ns)   --->   "%br_ln27 = br void %arrayidx4410.exit" [matmul.cpp:27]   --->   Operation 94 'br' 'br_ln27' <Predicate = (trunc_ln27 == 10)> <Delay = 0.00>
ST_13 : Operation 95 [1/1] (3.25ns)   --->   "%store_ln27 = store i16 %mem1_addr_read, i10 %Matrix_A_BRAM_V_9_addr" [matmul.cpp:27]   --->   Operation 95 'store' 'store_ln27' <Predicate = (trunc_ln27 == 9)> <Delay = 3.25> <CoreInst = "RAM">   --->   Core 82 'RAM' <Latency = 1> <II = 1> <Delay = 3.25> <Storage> <Opcode : 'load' 'store'> <Ports = 2> <Width = 16> <Depth = 1000> <RAM>
ST_13 : Operation 96 [1/1] (0.00ns)   --->   "%br_ln27 = br void %arrayidx4410.exit" [matmul.cpp:27]   --->   Operation 96 'br' 'br_ln27' <Predicate = (trunc_ln27 == 9)> <Delay = 0.00>
ST_13 : Operation 97 [1/1] (3.25ns)   --->   "%store_ln27 = store i16 %mem1_addr_read, i10 %Matrix_A_BRAM_V_8_addr" [matmul.cpp:27]   --->   Operation 97 'store' 'store_ln27' <Predicate = (trunc_ln27 == 8)> <Delay = 3.25> <CoreInst = "RAM">   --->   Core 82 'RAM' <Latency = 1> <II = 1> <Delay = 3.25> <Storage> <Opcode : 'load' 'store'> <Ports = 2> <Width = 16> <Depth = 1000> <RAM>
ST_13 : Operation 98 [1/1] (0.00ns)   --->   "%br_ln27 = br void %arrayidx4410.exit" [matmul.cpp:27]   --->   Operation 98 'br' 'br_ln27' <Predicate = (trunc_ln27 == 8)> <Delay = 0.00>
ST_13 : Operation 99 [1/1] (3.25ns)   --->   "%store_ln27 = store i16 %mem1_addr_read, i10 %Matrix_A_BRAM_V_7_addr" [matmul.cpp:27]   --->   Operation 99 'store' 'store_ln27' <Predicate = (trunc_ln27 == 7)> <Delay = 3.25> <CoreInst = "RAM">   --->   Core 82 'RAM' <Latency = 1> <II = 1> <Delay = 3.25> <Storage> <Opcode : 'load' 'store'> <Ports = 2> <Width = 16> <Depth = 1000> <RAM>
ST_13 : Operation 100 [1/1] (0.00ns)   --->   "%br_ln27 = br void %arrayidx4410.exit" [matmul.cpp:27]   --->   Operation 100 'br' 'br_ln27' <Predicate = (trunc_ln27 == 7)> <Delay = 0.00>
ST_13 : Operation 101 [1/1] (3.25ns)   --->   "%store_ln27 = store i16 %mem1_addr_read, i10 %Matrix_A_BRAM_V_6_addr" [matmul.cpp:27]   --->   Operation 101 'store' 'store_ln27' <Predicate = (trunc_ln27 == 6)> <Delay = 3.25> <CoreInst = "RAM">   --->   Core 82 'RAM' <Latency = 1> <II = 1> <Delay = 3.25> <Storage> <Opcode : 'load' 'store'> <Ports = 2> <Width = 16> <Depth = 1000> <RAM>
ST_13 : Operation 102 [1/1] (0.00ns)   --->   "%br_ln27 = br void %arrayidx4410.exit" [matmul.cpp:27]   --->   Operation 102 'br' 'br_ln27' <Predicate = (trunc_ln27 == 6)> <Delay = 0.00>
ST_13 : Operation 103 [1/1] (3.25ns)   --->   "%store_ln27 = store i16 %mem1_addr_read, i10 %Matrix_A_BRAM_V_5_addr" [matmul.cpp:27]   --->   Operation 103 'store' 'store_ln27' <Predicate = (trunc_ln27 == 5)> <Delay = 3.25> <CoreInst = "RAM">   --->   Core 82 'RAM' <Latency = 1> <II = 1> <Delay = 3.25> <Storage> <Opcode : 'load' 'store'> <Ports = 2> <Width = 16> <Depth = 1000> <RAM>
ST_13 : Operation 104 [1/1] (0.00ns)   --->   "%br_ln27 = br void %arrayidx4410.exit" [matmul.cpp:27]   --->   Operation 104 'br' 'br_ln27' <Predicate = (trunc_ln27 == 5)> <Delay = 0.00>
ST_13 : Operation 105 [1/1] (3.25ns)   --->   "%store_ln27 = store i16 %mem1_addr_read, i10 %Matrix_A_BRAM_V_4_addr" [matmul.cpp:27]   --->   Operation 105 'store' 'store_ln27' <Predicate = (trunc_ln27 == 4)> <Delay = 3.25> <CoreInst = "RAM">   --->   Core 82 'RAM' <Latency = 1> <II = 1> <Delay = 3.25> <Storage> <Opcode : 'load' 'store'> <Ports = 2> <Width = 16> <Depth = 1000> <RAM>
ST_13 : Operation 106 [1/1] (0.00ns)   --->   "%br_ln27 = br void %arrayidx4410.exit" [matmul.cpp:27]   --->   Operation 106 'br' 'br_ln27' <Predicate = (trunc_ln27 == 4)> <Delay = 0.00>
ST_13 : Operation 107 [1/1] (3.25ns)   --->   "%store_ln27 = store i16 %mem1_addr_read, i10 %Matrix_A_BRAM_V_3_addr" [matmul.cpp:27]   --->   Operation 107 'store' 'store_ln27' <Predicate = (trunc_ln27 == 3)> <Delay = 3.25> <CoreInst = "RAM">   --->   Core 82 'RAM' <Latency = 1> <II = 1> <Delay = 3.25> <Storage> <Opcode : 'load' 'store'> <Ports = 2> <Width = 16> <Depth = 1000> <RAM>
ST_13 : Operation 108 [1/1] (0.00ns)   --->   "%br_ln27 = br void %arrayidx4410.exit" [matmul.cpp:27]   --->   Operation 108 'br' 'br_ln27' <Predicate = (trunc_ln27 == 3)> <Delay = 0.00>
ST_13 : Operation 109 [1/1] (3.25ns)   --->   "%store_ln27 = store i16 %mem1_addr_read, i10 %Matrix_A_BRAM_V_2_addr" [matmul.cpp:27]   --->   Operation 109 'store' 'store_ln27' <Predicate = (trunc_ln27 == 2)> <Delay = 3.25> <CoreInst = "RAM">   --->   Core 82 'RAM' <Latency = 1> <II = 1> <Delay = 3.25> <Storage> <Opcode : 'load' 'store'> <Ports = 2> <Width = 16> <Depth = 1000> <RAM>
ST_13 : Operation 110 [1/1] (0.00ns)   --->   "%br_ln27 = br void %arrayidx4410.exit" [matmul.cpp:27]   --->   Operation 110 'br' 'br_ln27' <Predicate = (trunc_ln27 == 2)> <Delay = 0.00>
ST_13 : Operation 111 [1/1] (3.25ns)   --->   "%store_ln27 = store i16 %mem1_addr_read, i10 %Matrix_A_BRAM_V_1_addr" [matmul.cpp:27]   --->   Operation 111 'store' 'store_ln27' <Predicate = (trunc_ln27 == 1)> <Delay = 3.25> <CoreInst = "RAM">   --->   Core 82 'RAM' <Latency = 1> <II = 1> <Delay = 3.25> <Storage> <Opcode : 'load' 'store'> <Ports = 2> <Width = 16> <Depth = 1000> <RAM>
ST_13 : Operation 112 [1/1] (0.00ns)   --->   "%br_ln27 = br void %arrayidx4410.exit" [matmul.cpp:27]   --->   Operation 112 'br' 'br_ln27' <Predicate = (trunc_ln27 == 1)> <Delay = 0.00>
ST_13 : Operation 113 [1/1] (3.25ns)   --->   "%store_ln27 = store i16 %mem1_addr_read, i10 %Matrix_A_BRAM_V_addr" [matmul.cpp:27]   --->   Operation 113 'store' 'store_ln27' <Predicate = (trunc_ln27 == 0)> <Delay = 3.25> <CoreInst = "RAM">   --->   Core 82 'RAM' <Latency = 1> <II = 1> <Delay = 3.25> <Storage> <Opcode : 'load' 'store'> <Ports = 2> <Width = 16> <Depth = 1000> <RAM>
ST_13 : Operation 114 [1/1] (0.00ns)   --->   "%br_ln27 = br void %arrayidx4410.exit" [matmul.cpp:27]   --->   Operation 114 'br' 'br_ln27' <Predicate = (trunc_ln27 == 0)> <Delay = 0.00>
ST_13 : Operation 115 [1/1] (3.25ns)   --->   "%store_ln27 = store i16 %mem1_addr_read, i10 %Matrix_A_BRAM_V_14_addr" [matmul.cpp:27]   --->   Operation 115 'store' 'store_ln27' <Predicate = (trunc_ln27 == 15) | (trunc_ln27 == 14)> <Delay = 3.25> <CoreInst = "RAM">   --->   Core 82 'RAM' <Latency = 1> <II = 1> <Delay = 3.25> <Storage> <Opcode : 'load' 'store'> <Ports = 2> <Width = 16> <Depth = 1000> <RAM>
ST_13 : Operation 116 [1/1] (0.00ns)   --->   "%br_ln27 = br void %arrayidx4410.exit" [matmul.cpp:27]   --->   Operation 116 'br' 'br_ln27' <Predicate = (trunc_ln27 == 15) | (trunc_ln27 == 14)> <Delay = 0.00>


============================================================
+ Verbose Summary: Timing violations
============================================================
Target clock period: 10ns, clock uncertainty: 2.7ns.

 <State 1>: 7.19ns
The critical path consists of the following:
	'alloca' operation ('c') [18]  (0 ns)
	'load' operation ('c_load', matmul.cpp:23) on local variable 'c' [36]  (0 ns)
	'icmp' operation ('icmp_ln23', matmul.cpp:23) [41]  (1.55 ns)
	'select' operation ('select_ln21', matmul.cpp:21) [42]  (1.25 ns)
	'urem' operation ('urem_ln27', matmul.cpp:27) [50]  (4.39 ns)

 <State 2>: 4.52ns
The critical path consists of the following:
	'mul' operation ('mul_ln27', matmul.cpp:27) [52]  (4.52 ns)

 <State 3>: 4.39ns
The critical path consists of the following:
	'urem' operation ('urem_ln27', matmul.cpp:27) [50]  (4.39 ns)

 <State 4>: 4.39ns
The critical path consists of the following:
	'urem' operation ('urem_ln27', matmul.cpp:27) [50]  (4.39 ns)

 <State 5>: 4.39ns
The critical path consists of the following:
	'urem' operation ('urem_ln27', matmul.cpp:27) [50]  (4.39 ns)

 <State 6>: 4.39ns
The critical path consists of the following:
	'urem' operation ('urem_ln27', matmul.cpp:27) [50]  (4.39 ns)

 <State 7>: 4.39ns
The critical path consists of the following:
	'urem' operation ('urem_ln27', matmul.cpp:27) [50]  (4.39 ns)

 <State 8>: 4.39ns
The critical path consists of the following:
	'urem' operation ('urem_ln27', matmul.cpp:27) [50]  (4.39 ns)

 <State 9>: 4.39ns
The critical path consists of the following:
	'urem' operation ('urem_ln27', matmul.cpp:27) [50]  (4.39 ns)

 <State 10>: 4.39ns
The critical path consists of the following:
	'urem' operation ('urem_ln27', matmul.cpp:27) [50]  (4.39 ns)

 <State 11>: 4.39ns
The critical path consists of the following:
	'urem' operation ('urem_ln27', matmul.cpp:27) [50]  (4.39 ns)

 <State 12>: 7.3ns
The critical path consists of the following:
	'getelementptr' operation ('mem1_addr', matmul.cpp:21) [31]  (0 ns)
	bus read operation ('mem1_addr_read', matmul.cpp:27) on port 'mem1' (matmul.cpp:27) [72]  (7.3 ns)

 <State 13>: 3.25ns
The critical path consists of the following:
	'getelementptr' operation ('Matrix_A_BRAM_V_13_addr', matmul.cpp:27) [70]  (0 ns)
	'store' operation ('store_ln27', matmul.cpp:27) of variable 'mem1_addr_read', matmul.cpp:27 on array 'Matrix_A_BRAM_V_13' [76]  (3.25 ns)


============================================================
+ Verbose Summary: Binding
============================================================
N/A
* FSMD analyzer results:
  - Output states:
 - Input state : 
  - Chain level:
	State 1
	State 2
	State 3
	State 4
	State 5
	State 6
	State 7
	State 8
	State 9
	State 10
	State 11
	State 12
	State 13


============================================================
+ Verbose Summary: Datapath Resource usage 
============================================================
N/A
