

================================================================
== Vitis HLS Report for 'matmul_Pipeline_VITIS_LOOP_53_9'
================================================================
* Date:           Fri Oct  2 16:18:35 2026

* Version:        2022.2 (Build 3670227 on Oct 13 2022)
* Project:        vitis.prj
* Solution:       solution1 (Vivado IP Flow Target)
* Product family: zynq
* Target device:  xc7z020-clg400-1


================================================================
== Performance Estimates
================================================================
+ Timing: 
    * Summary: 
    +--------+----------+----------+------------+
    |  Clock |  Target  | Estimated| Uncertainty|
    +--------+----------+----------+------------+
    |ap_clk  |  10.00 ns|  5.354 ns|     2.70 ns|
    +--------+----------+----------+------------+

+ Latency: 
    * Summary: 
    +---------+---------+----------+----------+-----+-----+---------+
    |  Latency (cycles) |  Latency (absolute) |  Interval | Pipeline|
    |   min   |   max   |    min   |    max   | min | max |   Type  |
    +---------+---------+----------+----------+-----+-----+---------+
    |      155|      155|  1.550 us|  1.550 us|  155|  155|       no|
    +---------+---------+----------+----------+-----+-----+---------+

    + Detail: 
        * Instance: 
        N/A

        * Loop: 
        +-------------------+---------+---------+----------+-----------+-----------+------+----------+
        |                   |  Latency (cycles) | Iteration|  Initiation Interval  | Trip |          |
        |     Loop Name     |   min   |   max   |  Latency |  achieved |   target  | Count| Pipelined|
        +-------------------+---------+---------+----------+-----------+-----------+------+----------+
        |- VITIS_LOOP_53_9  |      153|      153|         5|          1|          1|   150|       yes|
        +-------------------+---------+---------+----------+-----------+-----------+------+----------+

============================================================
+ Verbose Summary: Synthesis Manager
============================================================
InlineROM: 1
ExposeGlobal: 0
============================================================
+ Verbose Summary: CDFG Model
============================================================
IsTopModel: 0
ResetActiveHigh: 1
IsCombinational: 0
IsDatapathOnly: 0
HasWiredReturn: 1
HasMFsm: 2
HasVarLatency: 1
IsPipeline: 0
IsRtlPipelined: 0
IsInstanceOverlapped: 0
IsDontTouch: 0
HasImplIP: 0
IsGatedGlobalClock: 0

+ Individual pipeline summary: 
  * Pipeline-0: initiation interval (II) = 1, depth = 5


============================================================
+ Verbose Summary: Schedule
============================================================
* Number of FSM states : 5
* Pipeline : 1
  Pipeline-0 : II = 1, D = 5, States = { 1 2 3 4 5 }
* Dataflow Pipeline: 0

* FSM state transitions: 
1 --> 2 
2 --> 3 
3 --> 4 
4 --> 5 
5 --> 

* FSM state operations: 

State 1 <SV = 0> <Delay = 5.19>
ST_1 : Operation 8 [1/1] (0.00ns)   --->   "%phi_mul = alloca i32 1"   --->   Operation 8 'alloca' 'phi_mul' <Predicate = true> <Delay = 0.00>
ST_1 : Operation 9 [1/1] (0.00ns)   --->   "%conv3_i88 = alloca i32 1"   --->   Operation 9 'alloca' 'conv3_i88' <Predicate = true> <Delay = 0.00>
ST_1 : Operation 10 [1/1] (0.00ns)   --->   "%dot = alloca i32 1"   --->   Operation 10 'alloca' 'dot' <Predicate = true> <Delay = 0.00>
ST_1 : Operation 11 [1/1] (0.00ns)   --->   "%zext_ln51_read = read i8 @_ssdm_op_Read.ap_auto.i8, i8 %zext_ln51"   --->   Operation 11 'read' 'zext_ln51_read' <Predicate = true> <Delay = 0.00>
ST_1 : Operation 12 [1/1] (0.00ns)   --->   "%mul_ln186_read = read i14 @_ssdm_op_Read.ap_auto.i14, i14 %mul_ln186"   --->   Operation 12 'read' 'mul_ln186_read' <Predicate = true> <Delay = 0.00>
ST_1 : Operation 13 [1/1] (0.00ns)   --->   "%tmp = read i15 @_ssdm_op_Read.ap_auto.i15, i15 %empty"   --->   Operation 13 'read' 'tmp' <Predicate = true> <Delay = 0.00>
ST_1 : Operation 14 [1/1] (0.00ns)   --->   "%Matrix_C_BRAM_V_load_read = read i16 @_ssdm_op_Read.ap_auto.i16, i16 %Matrix_C_BRAM_V_load"   --->   Operation 14 'read' 'Matrix_C_BRAM_V_load_read' <Predicate = true> <Delay = 0.00>
ST_1 : Operation 15 [1/1] (0.00ns)   --->   "%p_cast = zext i15 %tmp"   --->   Operation 15 'zext' 'p_cast' <Predicate = true> <Delay = 0.00>
ST_1 : Operation 16 [1/1] (0.00ns)   --->   "%zext_ln51_cast = zext i8 %zext_ln51_read"   --->   Operation 16 'zext' 'zext_ln51_cast' <Predicate = true> <Delay = 0.00>
ST_1 : Operation 17 [1/1] (1.58ns)   --->   "%store_ln0 = store i8 0, i8 %dot"   --->   Operation 17 'store' 'store_ln0' <Predicate = true> <Delay = 1.58>
ST_1 : Operation 18 [1/1] (1.58ns)   --->   "%store_ln0 = store i16 %Matrix_C_BRAM_V_load_read, i16 %conv3_i88"   --->   Operation 18 'store' 'store_ln0' <Predicate = true> <Delay = 1.58>
ST_1 : Operation 19 [1/1] (1.58ns)   --->   "%store_ln0 = store i15 0, i15 %phi_mul"   --->   Operation 19 'store' 'store_ln0' <Predicate = true> <Delay = 1.58>
ST_1 : Operation 20 [1/1] (0.00ns)   --->   "%br_ln0 = br void %for.inc119"   --->   Operation 20 'br' 'br_ln0' <Predicate = true> <Delay = 0.00>
ST_1 : Operation 21 [1/1] (0.00ns)   --->   "%dot_1 = load i8 %dot" [matmul.cpp:53]   --->   Operation 21 'load' 'dot_1' <Predicate = true> <Delay = 0.00>
ST_1 : Operation 22 [1/1] (1.55ns)   --->   "%icmp_ln53 = icmp_eq  i8 %dot_1, i8 150" [matmul.cpp:53]   --->   Operation 22 'icmp' 'icmp_ln53' <Predicate = true> <Delay = 1.55> <CoreInst = "Cmp">   --->   Core 9 'Cmp' <Latency = 0> <II = 1> <Delay = 1.55> <FuncUnit> <Opcode : 'icmp'> <InPorts = 2> <OutPorts = 1>
ST_1 : Operation 23 [1/1] (1.91ns)   --->   "%add_ln53 = add i8 %dot_1, i8 1" [matmul.cpp:53]   --->   Operation 23 'add' 'add_ln53' <Predicate = true> <Delay = 1.91> <CoreInst = "Adder">   --->   Core 1 'Adder' <Latency = 0> <II = 1> <Delay = 1.91> <FuncUnit> <Opcode : 'add' 'sub'> <InPorts = 2> <OutPorts = 1>
ST_1 : Operation 24 [1/1] (0.00ns)   --->   "%br_ln53 = br i1 %icmp_ln53, void %for.inc119.split, void %for.inc122.exitStub" [matmul.cpp:53]   --->   Operation 24 'br' 'br_ln53' <Predicate = true> <Delay = 0.00>
ST_1 : Operation 25 [1/1] (0.00ns)   --->   "%phi_mul_load = load i15 %phi_mul"   --->   Operation 25 'load' 'phi_mul_load' <Predicate = (!icmp_ln53)> <Delay = 0.00>
ST_1 : Operation 26 [1/1] (0.00ns)   --->   "%zext_ln186 = zext i8 %dot_1"   --->   Operation 26 'zext' 'zext_ln186' <Predicate = (!icmp_ln53)> <Delay = 0.00>
ST_1 : Operation 27 [1/1] (1.81ns)   --->   "%add_ln186 = add i14 %mul_ln186_read, i14 %zext_ln186"   --->   Operation 27 'add' 'add_ln186' <Predicate = (!icmp_ln53)> <Delay = 1.81> <CoreInst = "Adder">   --->   Core 1 'Adder' <Latency = 0> <II = 1> <Delay = 1.81> <FuncUnit> <Opcode : 'add' 'sub'> <InPorts = 2> <OutPorts = 1>
ST_1 : Operation 28 [1/1] (0.00ns)   --->   "%zext_ln186_1 = zext i14 %add_ln186"   --->   Operation 28 'zext' 'zext_ln186_1' <Predicate = (!icmp_ln53)> <Delay = 0.00>
ST_1 : Operation 29 [1/1] (0.00ns)   --->   "%Matrix_A_BRAM_V_addr = getelementptr i16 %Matrix_A_BRAM_V, i64 0, i64 %zext_ln186_1"   --->   Operation 29 'getelementptr' 'Matrix_A_BRAM_V_addr' <Predicate = (!icmp_ln53)> <Delay = 0.00>
ST_1 : Operation 30 [1/1] (1.94ns)   --->   "%add_ln186_2 = add i15 %phi_mul_load, i15 200"   --->   Operation 30 'add' 'add_ln186_2' <Predicate = (!icmp_ln53)> <Delay = 1.94> <CoreInst = "Adder">   --->   Core 1 'Adder' <Latency = 0> <II = 1> <Delay = 1.94> <FuncUnit> <Opcode : 'add' 'sub'> <InPorts = 2> <OutPorts = 1>
ST_1 : Operation 31 [1/1] (1.94ns)   --->   "%add_ln186_1 = add i15 %phi_mul_load, i15 %zext_ln51_cast"   --->   Operation 31 'add' 'add_ln186_1' <Predicate = (!icmp_ln53)> <Delay = 1.94> <CoreInst = "Adder">   --->   Core 1 'Adder' <Latency = 0> <II = 1> <Delay = 1.94> <FuncUnit> <Opcode : 'add' 'sub'> <InPorts = 2> <OutPorts = 1>
ST_1 : Operation 32 [1/1] (0.00ns)   --->   "%zext_ln186_2 = zext i15 %add_ln186_1"   --->   Operation 32 'zext' 'zext_ln186_2' <Predicate = (!icmp_ln53)> <Delay = 0.00>
ST_1 : Operation 33 [1/1] (0.00ns)   --->   "%Matrix_B_BRAM_V_addr = getelementptr i16 %Matrix_B_BRAM_V, i64 0, i64 %zext_ln186_2"   --->   Operation 33 'getelementptr' 'Matrix_B_BRAM_V_addr' <Predicate = (!icmp_ln53)> <Delay = 0.00>
ST_1 : Operation 34 [2/2] (3.25ns)   --->   "%Matrix_A_BRAM_V_load = load i14 %Matrix_A_BRAM_V_addr"   --->   Operation 34 'load' 'Matrix_A_BRAM_V_load' <Predicate = (!icmp_ln53)> <Delay = 3.25> <CoreInst = "RAM">   --->   Core 82 'RAM' <Latency = 1> <II = 1> <Delay = 3.25> <Storage> <Opcode : 'load' 'store'> <Ports = 2> <Width = 16> <Depth = 15000> <RAM>
ST_1 : Operation 35 [2/2] (3.25ns)   --->   "%Matrix_B_BRAM_V_load = load i15 %Matrix_B_BRAM_V_addr"   --->   Operation 35 'load' 'Matrix_B_BRAM_V_load' <Predicate = (!icmp_ln53)> <Delay = 3.25> <CoreInst = "RAM">   --->   Core 82 'RAM' <Latency = 1> <II = 1> <Delay = 3.25> <Storage> <Opcode : 'load' 'store'> <Ports = 2> <Width = 16> <Depth = 30000> <RAM>
ST_1 : Operation 36 [1/1] (1.55ns)   --->   "%ifzero = icmp_eq  i8 %add_ln53, i8 150" [matmul.cpp:53]   --->   Operation 36 'icmp' 'ifzero' <Predicate = (!icmp_ln53)> <Delay = 1.55> <CoreInst = "Cmp">   --->   Core 9 'Cmp' <Latency = 0> <II = 1> <Delay = 1.55> <FuncUnit> <Opcode : 'icmp'> <InPorts = 2> <OutPorts = 1>
ST_1 : Operation 37 [1/1] (0.00ns)   --->   "%br_ln53 = br i1 %ifzero, void %ifFalse, void %ifTrue" [matmul.cpp:53]   --->   Operation 37 'br' 'br_ln53' <Predicate = (!icmp_ln53)> <Delay = 0.00>
ST_1 : Operation 38 [1/1] (1.58ns)   --->   "%store_ln53 = store i8 %add_ln53, i8 %dot" [matmul.cpp:53]   --->   Operation 38 'store' 'store_ln53' <Predicate = (!icmp_ln53)> <Delay = 1.58>
ST_1 : Operation 39 [1/1] (1.58ns)   --->   "%store_ln186 = store i15 %add_ln186_2, i15 %phi_mul"   --->   Operation 39 'store' 'store_ln186' <Predicate = (!icmp_ln53)> <Delay = 1.58>

State 2 <SV = 1> <Delay = 4.30>
ST_2 : Operation 40 [1/2] (3.25ns)   --->   "%Matrix_A_BRAM_V_load = load i14 %Matrix_A_BRAM_V_addr"   --->   Operation 40 'load' 'Matrix_A_BRAM_V_load' <Predicate = (!icmp_ln53)> <Delay = 3.25> <CoreInst = "RAM">   --->   Core 82 'RAM' <Latency = 1> <II = 1> <Delay = 3.25> <Storage> <Opcode : 'load' 'store'> <Ports = 2> <Width = 16> <Depth = 15000> <RAM>
ST_2 : Operation 41 [1/2] (3.25ns)   --->   "%Matrix_B_BRAM_V_load = load i15 %Matrix_B_BRAM_V_addr"   --->   Operation 41 'load' 'Matrix_B_BRAM_V_load' <Predicate = (!icmp_ln53)> <Delay = 3.25> <CoreInst = "RAM">   --->   Core 82 'RAM' <Latency = 1> <II = 1> <Delay = 3.25> <Storage> <Opcode : 'load' 'store'> <Ports = 2> <Width = 16> <Depth = 30000> <RAM>
ST_2 : Operation 42 [3/3] (1.05ns) (grouped into DSP with root node add_ln840)   --->   "%mul_ln840 = mul i16 %Matrix_B_BRAM_V_load, i16 %Matrix_A_BRAM_V_load"   --->   Operation 42 'mul' 'mul_ln840' <Predicate = (!icmp_ln53)> <Delay = 1.05> <CoreInst = "DSP48">   --->   Core 119 'DSP48' <Latency = 3> <II = 1> <Delay = 2.15> <IPBlock> <Opcode : 'mul' 'add' 'sub' 'select'> <InPorts = 0> <OutPorts = 1> <Sync> <CReg>

State 3 <SV = 2> <Delay = 1.05>
ST_3 : Operation 43 [2/3] (1.05ns) (grouped into DSP with root node add_ln840)   --->   "%mul_ln840 = mul i16 %Matrix_B_BRAM_V_load, i16 %Matrix_A_BRAM_V_load"   --->   Operation 43 'mul' 'mul_ln840' <Predicate = (!icmp_ln53)> <Delay = 1.05> <CoreInst = "DSP48">   --->   Core 119 'DSP48' <Latency = 3> <II = 1> <Delay = 2.15> <IPBlock> <Opcode : 'mul' 'add' 'sub' 'select'> <InPorts = 0> <OutPorts = 1> <Sync> <CReg>

State 4 <SV = 3> <Delay = 2.10>
ST_4 : Operation 44 [1/1] (0.00ns)   --->   "%Matrix_C_BRAM_V_addr = getelementptr i16 %Matrix_C_BRAM_V, i64 0, i64 %p_cast"   --->   Operation 44 'getelementptr' 'Matrix_C_BRAM_V_addr' <Predicate = true> <Delay = 0.00>
ST_4 : Operation 45 [1/1] (0.00ns)   --->   "%specpipeline_ln0 = specpipeline void @_ssdm_op_SpecPipeline, i32 4294967295, i32 0, i32 1, i32 0, void @p_str"   --->   Operation 45 'specpipeline' 'specpipeline_ln0' <Predicate = true> <Delay = 0.00>
ST_4 : Operation 46 [1/1] (0.00ns)   --->   "%empty_23 = speclooptripcount i32 @_ssdm_op_SpecLoopTripCount, i64 150, i64 150, i64 150"   --->   Operation 46 'speclooptripcount' 'empty_23' <Predicate = true> <Delay = 0.00>
ST_4 : Operation 47 [1/1] (0.00ns)   --->   "%conv3_i88_load = load i16 %conv3_i88"   --->   Operation 47 'load' 'conv3_i88_load' <Predicate = (!icmp_ln53)> <Delay = 0.00>
ST_4 : Operation 48 [1/3] (0.00ns) (grouped into DSP with root node add_ln840)   --->   "%mul_ln840 = mul i16 %Matrix_B_BRAM_V_load, i16 %Matrix_A_BRAM_V_load"   --->   Operation 48 'mul' 'mul_ln840' <Predicate = (!icmp_ln53)> <Delay = 0.00> <CoreInst = "DSP48">   --->   Core 119 'DSP48' <Latency = 3> <II = 1> <Delay = 2.15> <IPBlock> <Opcode : 'mul' 'add' 'sub' 'select'> <InPorts = 0> <OutPorts = 1> <Sync> <CReg>
ST_4 : Operation 49 [2/2] (2.10ns) (root node of the DSP)   --->   "%add_ln840 = add i16 %mul_ln840, i16 %conv3_i88_load"   --->   Operation 49 'add' 'add_ln840' <Predicate = (!icmp_ln53)> <Delay = 2.10> <CoreInst = "DSP48">   --->   Core 119 'DSP48' <Latency = 3> <II = 1> <Delay = 2.15> <IPBlock> <Opcode : 'mul' 'add' 'sub' 'select'> <InPorts = 0> <OutPorts = 1> <Sync> <CReg>
ST_4 : Operation 56 [1/1] (0.00ns)   --->   "%ret_ln0 = ret"   --->   Operation 56 'ret' 'ret_ln0' <Predicate = (icmp_ln53)> <Delay = 0.00>

State 5 <SV = 4> <Delay = 5.35>
ST_5 : Operation 50 [1/1] (0.00ns)   --->   "%specloopname_ln53 = specloopname void @_ssdm_op_SpecLoopName, void @empty_9" [matmul.cpp:53]   --->   Operation 50 'specloopname' 'specloopname_ln53' <Predicate = true> <Delay = 0.00>
ST_5 : Operation 51 [1/2] (2.10ns) (root node of the DSP)   --->   "%add_ln840 = add i16 %mul_ln840, i16 %conv3_i88_load"   --->   Operation 51 'add' 'add_ln840' <Predicate = true> <Delay = 2.10> <CoreInst = "DSP48">   --->   Core 119 'DSP48' <Latency = 3> <II = 1> <Delay = 2.15> <IPBlock> <Opcode : 'mul' 'add' 'sub' 'select'> <InPorts = 0> <OutPorts = 1> <Sync> <CReg>
ST_5 : Operation 52 [1/1] (3.25ns)   --->   "%store_ln840 = store i16 %add_ln840, i15 %Matrix_C_BRAM_V_addr"   --->   Operation 52 'store' 'store_ln840' <Predicate = (ifzero)> <Delay = 3.25> <CoreInst = "RAM">   --->   Core 82 'RAM' <Latency = 1> <II = 1> <Delay = 3.25> <Storage> <Opcode : 'load' 'store'> <Ports = 2> <Width = 16> <Depth = 20000> <RAM>
ST_5 : Operation 53 [1/1] (0.00ns)   --->   "%br_ln0 = br void %ifFalse"   --->   Operation 53 'br' 'br_ln0' <Predicate = (ifzero)> <Delay = 0.00>
ST_5 : Operation 54 [1/1] (1.58ns)   --->   "%store_ln840 = store i16 %add_ln840, i16 %conv3_i88"   --->   Operation 54 'store' 'store_ln840' <Predicate = true> <Delay = 1.58>
ST_5 : Operation 55 [1/1] (0.00ns)   --->   "%br_ln0 = br void %for.inc119"   --->   Operation 55 'br' 'br_ln0' <Predicate = true> <Delay = 0.00>


============================================================
+ Verbose Summary: Binding
============================================================
STG Binding: 
---------------- STG Properties BEGIN ----------------
- Is combinational: 0
- Is one-state seq: 0
- Is datapath-only: 0
- Is pipelined: 0
- Is top level: 0
Port [ Return ] is wired: 1; IO mode=ap_ctrl_hs:ce=0
Port [ Matrix_C_BRAM_V_load]:  wired=1; compound=0; hidden=0; nouse=0; global=0; static=0; extern=0; dir=0; type=0; pingpong=0; private_global=0; IO mode=ap_none:ce=0
Port [ Matrix_C_BRAM_V]:  wired=1; compound=1; hidden=0; nouse=0; global=0; static=0; extern=0; dir=1; type=1; pingpong=0; private_global=0; MemPort=[03]; IO mode=ap_memory:ce=0
Port [ empty]:  wired=1; compound=0; hidden=0; nouse=0; global=0; static=0; extern=0; dir=0; type=0; pingpong=0; private_global=0; IO mode=ap_none:ce=0
Port [ mul_ln186]:  wired=1; compound=0; hidden=0; nouse=0; global=0; static=0; extern=0; dir=0; type=0; pingpong=0; private_global=0; IO mode=ap_none:ce=0
Port [ Matrix_A_BRAM_V]:  wired=1; compound=1; hidden=0; nouse=0; global=0; static=0; extern=0; dir=0; type=1; pingpong=0; private_global=0; MemPort=[13]; IO mode=ap_memory:ce=0
Port [ zext_ln51]:  wired=1; compound=0; hidden=0; nouse=0; global=0; static=0; extern=0; dir=0; type=0; pingpong=0; private_global=0; IO mode=ap_none:ce=0
Port [ Matrix_B_BRAM_V]:  wired=1; compound=1; hidden=0; nouse=0; global=0; static=0; extern=0; dir=0; type=1; pingpong=0; private_global=0; MemPort=[13]; IO mode=ap_memory:ce=0
---------------- STG Properties END ------------------

---------------- Datapath Model BEGIN ----------------

<LifeTime>
<method=bitvector/>
phi_mul                   (alloca           ) [ 010000]
conv3_i88                 (alloca           ) [ 011111]
dot                       (alloca           ) [ 010000]
zext_ln51_read            (read             ) [ 000000]
mul_ln186_read            (read             ) [ 000000]
tmp                       (read             ) [ 000000]
Matrix_C_BRAM_V_load_read (read             ) [ 000000]
p_cast                    (zext             ) [ 011110]
zext_ln51_cast            (zext             ) [ 000000]
store_ln0                 (store            ) [ 000000]
store_ln0                 (store            ) [ 000000]
store_ln0                 (store            ) [ 000000]
br_ln0                    (br               ) [ 000000]
dot_1                     (load             ) [ 000000]
icmp_ln53                 (icmp             ) [ 011110]
add_ln53                  (add              ) [ 000000]
br_ln53                   (br               ) [ 000000]
phi_mul_load              (load             ) [ 000000]
zext_ln186                (zext             ) [ 000000]
add_ln186                 (add              ) [ 000000]
zext_ln186_1              (zext             ) [ 000000]
Matrix_A_BRAM_V_addr      (getelementptr    ) [ 011000]
add_ln186_2               (add              ) [ 000000]
add_ln186_1               (add              ) [ 000000]
zext_ln186_2              (zext             ) [ 000000]
Matrix_B_BRAM_V_addr      (getelementptr    ) [ 011000]
ifzero                    (icmp             ) [ 011111]
br_ln53                   (br               ) [ 000000]
store_ln53                (store            ) [ 000000]
store_ln186               (store            ) [ 000000]
Matrix_A_BRAM_V_load      (load             ) [ 010110]
Matrix_B_BRAM_V_load      (load             ) [ 010110]
Matrix_C_BRAM_V_addr      (getelementptr    ) [ 010001]
specpipeline_ln0          (specpipeline     ) [ 000000]
empty_23                  (speclooptripcount) [ 000000]
conv3_i88_load            (load             ) [ 010001]
mul_ln840                 (mul              ) [ 010001]
specloopname_ln53         (specloopname     ) [ 000000]
add_ln840                 (add              ) [ 000000]
store_ln840               (store            ) [ 000000]
br_ln0                    (br               ) [ 000000]
store_ln840               (store            ) [ 000000]
br_ln0                    (br               ) [ 000000]
ret_ln0                   (ret              ) [ 000000]
</LifeTime>

<model>

<comp_list>
<comp id="0" class="1000" name="Matrix_C_BRAM_V_load">
<pin_list>
<pin id="1" dir="1" index="0" bw="1" slack="0"/>
</pin_list>
<bind>
<StgValue><ssdm name="Matrix_C_BRAM_V_load"/></StgValue>
</bind>
</comp>

<comp id="2" class="1000" name="Matrix_C_BRAM_V">
<pin_list>
<pin id="3" dir="1" index="0" bw="1" slack="0"/>
</pin_list>
<bind>
<StgValue><ssdm name="Matrix_C_BRAM_V"/><MemPortTyVec>0 3 </MemPortTyVec>
</StgValue>
</bind>
</comp>

<comp id="4" class="1000" name="empty">
<pin_list>
<pin id="5" dir="1" index="0" bw="1" slack="0"/>
</pin_list>
<bind>
<StgValue><ssdm name="empty"/></StgValue>
</bind>
</comp>

<comp id="6" class="1000" name="mul_ln186">
<pin_list>
<pin id="7" dir="1" index="0" bw="1" slack="0"/>
</pin_list>
<bind>
<StgValue><ssdm name="mul_ln186"/></StgValue>
</bind>
</comp>

<comp id="8" class="1000" name="Matrix_A_BRAM_V">
<pin_list>
<pin id="9" dir="1" index="0" bw="1" slack="0"/>
</pin_list>
<bind>
<StgValue><ssdm name="Matrix_A_BRAM_V"/><MemPortTyVec>1 3 </MemPortTyVec>
</StgValue>
</bind>
</comp>

<comp id="10" class="1000" name="zext_ln51">
<pin_list>
<pin id="11" dir="1" index="0" bw="1" slack="0"/>
</pin_list>
<bind>
<StgValue><ssdm name="zext_ln51"/></StgValue>
</bind>
</comp>

<comp id="12" class="1000" name="Matrix_B_BRAM_V">
<pin_list>
<pin id="13" dir="1" index="0" bw="1" slack="0"/>
</pin_list>
<bind>
<StgValue><ssdm name="Matrix_B_BRAM_V"/><MemPortTyVec>1 3 </MemPortTyVec>
</StgValue>
</bind>
</comp>

<comp id="14" class="1001" name="const_14">
<pin_list>
<pin id="15" dir="1" index="0" bw="1" slack="0"/>
</pin_list>
<bind>
<StgValue><ssdm name=""/></StgValue>
</bind>
</comp>

<comp id="16" class="1001" name="const_16">
<pin_list>
<pin id="17" dir="1" index="0" bw="1" slack="0"/>
</pin_list>
<bind>
<StgValue><ssdm name="_ssdm_op_Read.ap_auto.i8"/></StgValue>
</bind>
</comp>

<comp id="18" class="1001" name="const_18">
<pin_list>
<pin id="19" dir="1" index="0" bw="1" slack="0"/>
</pin_list>
<bind>
<StgValue><ssdm name="_ssdm_op_Read.ap_auto.i14"/></StgValue>
</bind>
</comp>

<comp id="20" class="1001" name="const_20">
<pin_list>
<pin id="21" dir="1" index="0" bw="1" slack="0"/>
</pin_list>
<bind>
<StgValue><ssdm name="_ssdm_op_Read.ap_auto.i15"/></StgValue>
</bind>
</comp>

<comp id="22" class="1001" name="const_22">
<pin_list>
<pin id="23" dir="1" index="0" bw="1" slack="0"/>
</pin_list>
<bind>
<StgValue><ssdm name="_ssdm_op_Read.ap_auto.i16"/></StgValue>
</bind>
</comp>

<comp id="24" class="1001" name="const_24">
<pin_list>
<pin id="25" dir="1" index="0" bw="1" slack="0"/>
</pin_list>
<bind>
<StgValue><ssdm name=""/></StgValue>
</bind>
</comp>

<comp id="26" class="1001" name="const_26">
<pin_list>
<pin id="27" dir="1" index="0" bw="1" slack="0"/>
</pin_list>
<bind>
<StgValue><ssdm name=""/></StgValue>
</bind>
</comp>

<comp id="28" class="1001" name="const_28">
<pin_list>
<pin id="29" dir="1" index="0" bw="1" slack="0"/>
</pin_list>
<bind>
<StgValue><ssdm name=""/></StgValue>
</bind>
</comp>

<comp id="30" class="1001" name="const_30">
<pin_list>
<pin id="31" dir="1" index="0" bw="1" slack="0"/>
</pin_list>
<bind>
<StgValue><ssdm name=""/></StgValue>
</bind>
</comp>

<comp id="32" class="1001" name="const_32">
<pin_list>
<pin id="33" dir="1" index="0" bw="1" slack="0"/>
</pin_list>
<bind>
<StgValue><ssdm name=""/></StgValue>
</bind>
</comp>

<comp id="34" class="1001" name="const_34">
<pin_list>
<pin id="35" dir="1" index="0" bw="1" slack="0"/>
</pin_list>
<bind>
<StgValue><ssdm name=""/></StgValue>
</bind>
</comp>

<comp id="36" class="1001" name="const_36">
<pin_list>
<pin id="37" dir="1" index="0" bw="1" slack="2147483647"/>
</pin_list>
<bind>
<StgValue><ssdm name="_ssdm_op_SpecPipeline"/></StgValue>
</bind>
</comp>

<comp id="38" class="1001" name="const_38">
<pin_list>
<pin id="39" dir="1" index="0" bw="1" slack="2147483647"/>
</pin_list>
<bind>
<StgValue><ssdm name=""/></StgValue>
</bind>
</comp>

<comp id="40" class="1001" name="const_40">
<pin_list>
<pin id="41" dir="1" index="0" bw="1" slack="2147483647"/>
</pin_list>
<bind>
<StgValue><ssdm name=""/></StgValue>
</bind>
</comp>

<comp id="42" class="1001" name="const_42">
<pin_list>
<pin id="43" dir="1" index="0" bw="1" slack="2147483647"/>
</pin_list>
<bind>
<StgValue><ssdm name="p_str"/></StgValue>
</bind>
</comp>

<comp id="44" class="1001" name="const_44">
<pin_list>
<pin id="45" dir="1" index="0" bw="1" slack="2147483647"/>
</pin_list>
<bind>
<StgValue><ssdm name="_ssdm_op_SpecLoopTripCount"/></StgValue>
</bind>
</comp>

<comp id="46" class="1001" name="const_46">
<pin_list>
<pin id="47" dir="1" index="0" bw="1" slack="2147483647"/>
</pin_list>
<bind>
<StgValue><ssdm name=""/></StgValue>
</bind>
</comp>

<comp id="48" class="1001" name="const_48">
<pin_list>
<pin id="49" dir="1" index="0" bw="1" slack="2147483647"/>
</pin_list>
<bind>
<StgValue><ssdm name="_ssdm_op_SpecLoopName"/></StgValue>
</bind>
</comp>

<comp id="50" class="1001" name="const_50">
<pin_list>
<pin id="51" dir="1" index="0" bw="1" slack="2147483647"/>
</pin_list>
<bind>
<StgValue><ssdm name="empty_9"/></StgValue>
</bind>
</comp>

<comp id="52" class="1004" name="phi_mul_fu_52">
<pin_list>
<pin id="53" dir="0" index="0" bw="1" slack="0"/>
<pin id="54" dir="1" index="1" bw="15" slack="0"/>
</pin_list>
<bind>
<opcode="alloca(26) " fcode="alloca"/>
<opset="phi_mul/1 "/>
</bind>
</comp>

<comp id="56" class="1004" name="conv3_i88_fu_56">
<pin_list>
<pin id="57" dir="0" index="0" bw="1" slack="0"/>
<pin id="58" dir="1" index="1" bw="16" slack="0"/>
</pin_list>
<bind>
<opcode="alloca(26) " fcode="alloca"/>
<opset="conv3_i88/1 "/>
</bind>
</comp>

<comp id="60" class="1004" name="dot_fu_60">
<pin_list>
<pin id="61" dir="0" index="0" bw="1" slack="0"/>
<pin id="62" dir="1" index="1" bw="8" slack="0"/>
</pin_list>
<bind>
<opcode="alloca(26) " fcode="alloca"/>
<opset="dot/1 "/>
</bind>
</comp>

<comp id="64" class="1004" name="zext_ln51_read_read_fu_64">
<pin_list>
<pin id="65" dir="0" index="0" bw="8" slack="0"/>
<pin id="66" dir="0" index="1" bw="8" slack="0"/>
<pin id="67" dir="1" index="2" bw="8" slack="0"/>
</pin_list>
<bind>
<opcode="read(1150) " fcode="read"/>
<opset="zext_ln51_read/1 "/>
</bind>
</comp>

<comp id="70" class="1004" name="mul_ln186_read_read_fu_70">
<pin_list>
<pin id="71" dir="0" index="0" bw="14" slack="0"/>
<pin id="72" dir="0" index="1" bw="14" slack="0"/>
<pin id="73" dir="1" index="2" bw="14" slack="0"/>
</pin_list>
<bind>
<opcode="read(1150) " fcode="read"/>
<opset="mul_ln186_read/1 "/>
</bind>
</comp>

<comp id="76" class="1004" name="tmp_read_fu_76">
<pin_list>
<pin id="77" dir="0" index="0" bw="15" slack="0"/>
<pin id="78" dir="0" index="1" bw="15" slack="0"/>
<pin id="79" dir="1" index="2" bw="15" slack="0"/>
</pin_list>
<bind>
<opcode="read(1150) " fcode="read"/>
<opset="tmp/1 "/>
</bind>
</comp>

<comp id="82" class="1004" name="Matrix_C_BRAM_V_load_read_read_fu_82">
<pin_list>
<pin id="83" dir="0" index="0" bw="16" slack="0"/>
<pin id="84" dir="0" index="1" bw="16" slack="0"/>
<pin id="85" dir="1" index="2" bw="16" slack="0"/>
</pin_list>
<bind>
<opcode="read(1150) " fcode="read"/>
<opset="Matrix_C_BRAM_V_load_read/1 "/>
</bind>
</comp>

<comp id="88" class="1004" name="Matrix_A_BRAM_V_addr_gep_fu_88">
<pin_list>
<pin id="89" dir="0" index="0" bw="16" slack="0"/>
<pin id="90" dir="0" index="1" bw="1" slack="0"/>
<pin id="91" dir="0" index="2" bw="14" slack="0"/>
<pin id="92" dir="1" index="3" bw="14" slack="0"/>
</pin_list>
<bind>
<opcode="getelementptr(29) " fcode="getelementptr"/>
<opset="Matrix_A_BRAM_V_addr/1 "/>
</bind>
</comp>

<comp id="95" class="1004" name="Matrix_B_BRAM_V_addr_gep_fu_95">
<pin_list>
<pin id="96" dir="0" index="0" bw="16" slack="0"/>
<pin id="97" dir="0" index="1" bw="1" slack="0"/>
<pin id="98" dir="0" index="2" bw="15" slack="0"/>
<pin id="99" dir="1" index="3" bw="15" slack="0"/>
</pin_list>
<bind>
<opcode="getelementptr(29) " fcode="getelementptr"/>
<opset="Matrix_B_BRAM_V_addr/1 "/>
</bind>
</comp>

<comp id="102" class="1004" name="grp_access_fu_102">
<pin_list>
<pin id="103" dir="0" index="0" bw="14" slack="0"/>
<pin id="104" dir="0" index="1" bw="16" slack="2147483647"/>
<pin id="105" dir="0" index="2" bw="0" slack="2147483647"/>
<pin id="106" dir="1" index="3" bw="16" slack="0"/>
</pin_list>
<bind>
<opcode="load(27) " fcode="load"/>
<opset="Matrix_A_BRAM_V_load/1 "/>
</bind>
</comp>

<comp id="108" class="1004" name="grp_access_fu_108">
<pin_list>
<pin id="109" dir="0" index="0" bw="15" slack="0"/>
<pin id="110" dir="0" index="1" bw="16" slack="2147483647"/>
<pin id="111" dir="0" index="2" bw="0" slack="2147483647"/>
<pin id="112" dir="1" index="3" bw="16" slack="0"/>
</pin_list>
<bind>
<opcode="load(27) " fcode="load"/>
<opset="Matrix_B_BRAM_V_load/1 "/>
</bind>
</comp>

<comp id="114" class="1004" name="Matrix_C_BRAM_V_addr_gep_fu_114">
<pin_list>
<pin id="115" dir="0" index="0" bw="16" slack="0"/>
<pin id="116" dir="0" index="1" bw="1" slack="0"/>
<pin id="117" dir="0" index="2" bw="15" slack="3"/>
<pin id="118" dir="1" index="3" bw="15" slack="1"/>
</pin_list>
<bind>
<opcode="getelementptr(29) " fcode="getelementptr"/>
<opset="Matrix_C_BRAM_V_addr/4 "/>
</bind>
</comp>

<comp id="121" class="1004" name="store_ln840_access_fu_121">
<pin_list>
<pin id="122" dir="0" index="0" bw="15" slack="1"/>
<pin id="123" dir="0" index="1" bw="16" slack="0"/>
<pin id="124" dir="0" index="2" bw="0" slack="2147483647"/>
<pin id="125" dir="1" index="3" bw="16" slack="2147483647"/>
</pin_list>
<bind>
<opcode="store(28) " fcode="store"/>
<opset="store_ln840/5 "/>
</bind>
</comp>

<comp id="126" class="1004" name="p_cast_fu_126">
<pin_list>
<pin id="127" dir="0" index="0" bw="15" slack="0"/>
<pin id="128" dir="1" index="1" bw="64" slack="3"/>
</pin_list>
<bind>
<opcode="zext(34) " fcode="zext"/>
<opset="p_cast/1 "/>
</bind>
</comp>

<comp id="130" class="1004" name="zext_ln51_cast_fu_130">
<pin_list>
<pin id="131" dir="0" index="0" bw="8" slack="0"/>
<pin id="132" dir="1" index="1" bw="15" slack="0"/>
</pin_list>
<bind>
<opcode="zext(34) " fcode="zext"/>
<opset="zext_ln51_cast/1 "/>
</bind>
</comp>

<comp id="134" class="1004" name="store_ln0_store_fu_134">
<pin_list>
<pin id="135" dir="0" index="0" bw="1" slack="0"/>
<pin id="136" dir="0" index="1" bw="8" slack="0"/>
<pin id="137" dir="1" index="2" bw="0" slack="2147483647"/>
</pin_list>
<bind>
<opcode="store(28) " fcode="store"/>
<opset="store_ln0/1 "/>
</bind>
</comp>

<comp id="139" class="1004" name="store_ln0_store_fu_139">
<pin_list>
<pin id="140" dir="0" index="0" bw="16" slack="0"/>
<pin id="141" dir="0" index="1" bw="16" slack="0"/>
<pin id="142" dir="1" index="2" bw="0" slack="2147483647"/>
</pin_list>
<bind>
<opcode="store(28) " fcode="store"/>
<opset="store_ln0/1 "/>
</bind>
</comp>

<comp id="144" class="1004" name="store_ln0_store_fu_144">
<pin_list>
<pin id="145" dir="0" index="0" bw="1" slack="0"/>
<pin id="146" dir="0" index="1" bw="15" slack="0"/>
<pin id="147" dir="1" index="2" bw="0" slack="2147483647"/>
</pin_list>
<bind>
<opcode="store(28) " fcode="store"/>
<opset="store_ln0/1 "/>
</bind>
</comp>

<comp id="149" class="1004" name="dot_1_load_fu_149">
<pin_list>
<pin id="150" dir="0" index="0" bw="8" slack="0"/>
<pin id="151" dir="1" index="1" bw="8" slack="0"/>
</pin_list>
<bind>
<opcode="load(27) " fcode="load"/>
<opset="dot_1/1 "/>
</bind>
</comp>

<comp id="152" class="1004" name="icmp_ln53_fu_152">
<pin_list>
<pin id="153" dir="0" index="0" bw="8" slack="0"/>
<pin id="154" dir="0" index="1" bw="8" slack="0"/>
<pin id="155" dir="1" index="2" bw="1" slack="1"/>
</pin_list>
<bind>
<opcode="icmp(45) " fcode="icmp"/>
<opset="icmp_ln53/1 "/>
</bind>
</comp>

<comp id="158" class="1004" name="add_ln53_fu_158">
<pin_list>
<pin id="159" dir="0" index="0" bw="8" slack="0"/>
<pin id="160" dir="0" index="1" bw="1" slack="0"/>
<pin id="161" dir="1" index="2" bw="8" slack="0"/>
</pin_list>
<bind>
<opcode="add(8) " fcode="add"/>
<opset="add_ln53/1 "/>
</bind>
</comp>

<comp id="164" class="1004" name="phi_mul_load_load_fu_164">
<pin_list>
<pin id="165" dir="0" index="0" bw="15" slack="0"/>
<pin id="166" dir="1" index="1" bw="15" slack="0"/>
</pin_list>
<bind>
<opcode="load(27) " fcode="load"/>
<opset="phi_mul_load/1 "/>
</bind>
</comp>

<comp id="167" class="1004" name="zext_ln186_fu_167">
<pin_list>
<pin id="168" dir="0" index="0" bw="8" slack="0"/>
<pin id="169" dir="1" index="1" bw="14" slack="0"/>
</pin_list>
<bind>
<opcode="zext(34) " fcode="zext"/>
<opset="zext_ln186/1 "/>
</bind>
</comp>

<comp id="171" class="1004" name="add_ln186_fu_171">
<pin_list>
<pin id="172" dir="0" index="0" bw="14" slack="0"/>
<pin id="173" dir="0" index="1" bw="8" slack="0"/>
<pin id="174" dir="1" index="2" bw="14" slack="0"/>
</pin_list>
<bind>
<opcode="add(8) " fcode="add"/>
<opset="add_ln186/1 "/>
</bind>
</comp>

<comp id="177" class="1004" name="zext_ln186_1_fu_177">
<pin_list>
<pin id="178" dir="0" index="0" bw="14" slack="0"/>
<pin id="179" dir="1" index="1" bw="64" slack="0"/>
</pin_list>
<bind>
<opcode="zext(34) " fcode="zext"/>
<opset="zext_ln186_1/1 "/>
</bind>
</comp>

<comp id="182" class="1004" name="add_ln186_2_fu_182">
<pin_list>
<pin id="183" dir="0" index="0" bw="15" slack="0"/>
<pin id="184" dir="0" index="1" bw="9" slack="0"/>
<pin id="185" dir="1" index="2" bw="15" slack="0"/>
</pin_list>
<bind>
<opcode="add(8) " fcode="add"/>
<opset="add_ln186_2/1 "/>
</bind>
</comp>

<comp id="188" class="1004" name="add_ln186_1_fu_188">
<pin_list>
<pin id="189" dir="0" index="0" bw="15" slack="0"/>
<pin id="190" dir="0" index="1" bw="8" slack="0"/>
<pin id="191" dir="1" index="2" bw="15" slack="0"/>
</pin_list>
<bind>
<opcode="add(8) " fcode="add"/>
<opset="add_ln186_1/1 "/>
</bind>
</comp>

<comp id="194" class="1004" name="zext_ln186_2_fu_194">
<pin_list>
<pin id="195" dir="0" index="0" bw="15" slack="0"/>
<pin id="196" dir="1" index="1" bw="64" slack="0"/>
</pin_list>
<bind>
<opcode="zext(34) " fcode="zext"/>
<opset="zext_ln186_2/1 "/>
</bind>
</comp>

<comp id="199" class="1004" name="ifzero_fu_199">
<pin_list>
<pin id="200" dir="0" index="0" bw="8" slack="0"/>
<pin id="201" dir="0" index="1" bw="8" slack="0"/>
<pin id="202" dir="1" index="2" bw="1" slack="4"/>
</pin_list>
<bind>
<opcode="icmp(45) " fcode="icmp"/>
<opset="ifzero/1 "/>
</bind>
</comp>

<comp id="205" class="1004" name="store_ln53_store_fu_205">
<pin_list>
<pin id="206" dir="0" index="0" bw="8" slack="0"/>
<pin id="207" dir="0" index="1" bw="8" slack="0"/>
<pin id="208" dir="1" index="2" bw="0" slack="2147483647"/>
</pin_list>
<bind>
<opcode="store(28) " fcode="store"/>
<opset="store_ln53/1 "/>
</bind>
</comp>

<comp id="210" class="1004" name="store_ln186_store_fu_210">
<pin_list>
<pin id="211" dir="0" index="0" bw="15" slack="0"/>
<pin id="212" dir="0" index="1" bw="15" slack="0"/>
<pin id="213" dir="1" index="2" bw="0" slack="2147483647"/>
</pin_list>
<bind>
<opcode="store(28) " fcode="store"/>
<opset="store_ln186/1 "/>
</bind>
</comp>

<comp id="215" class="1004" name="conv3_i88_load_load_fu_215">
<pin_list>
<pin id="216" dir="0" index="0" bw="16" slack="3"/>
<pin id="217" dir="1" index="1" bw="16" slack="0"/>
</pin_list>
<bind>
<opcode="load(27) " fcode="load"/>
<opset="conv3_i88_load/4 "/>
</bind>
</comp>

<comp id="218" class="1004" name="store_ln840_store_fu_218">
<pin_list>
<pin id="219" dir="0" index="0" bw="16" slack="0"/>
<pin id="220" dir="0" index="1" bw="16" slack="4"/>
<pin id="221" dir="1" index="2" bw="0" slack="2147483647"/>
</pin_list>
<bind>
<opcode="store(28) " fcode="store"/>
<opset="store_ln840/5 "/>
</bind>
</comp>

<comp id="222" class="1007" name="grp_fu_222">
<pin_list>
<pin id="223" dir="0" index="0" bw="16" slack="0"/>
<pin id="224" dir="0" index="1" bw="16" slack="0"/>
<pin id="225" dir="0" index="2" bw="16" slack="0"/>
<pin id="226" dir="1" index="3" bw="16" slack="0"/>
</pin_list>
<bind>
<opcode="muladd(1172) " fcode="muladd"/>
<opset="mul_ln840/2 add_ln840/4 "/>
</bind>
</comp>

<comp id="232" class="1005" name="phi_mul_reg_232">
<pin_list>
<pin id="233" dir="0" index="0" bw="15" slack="0"/>
<pin id="234" dir="1" index="1" bw="15" slack="0"/>
</pin_list>
<bind>
<opset="phi_mul "/>
</bind>
</comp>

<comp id="239" class="1005" name="conv3_i88_reg_239">
<pin_list>
<pin id="240" dir="0" index="0" bw="16" slack="0"/>
<pin id="241" dir="1" index="1" bw="16" slack="0"/>
</pin_list>
<bind>
<opset="conv3_i88 "/>
</bind>
</comp>

<comp id="246" class="1005" name="dot_reg_246">
<pin_list>
<pin id="247" dir="0" index="0" bw="8" slack="0"/>
<pin id="248" dir="1" index="1" bw="8" slack="0"/>
</pin_list>
<bind>
<opset="dot "/>
</bind>
</comp>

<comp id="253" class="1005" name="p_cast_reg_253">
<pin_list>
<pin id="254" dir="0" index="0" bw="64" slack="3"/>
<pin id="255" dir="1" index="1" bw="64" slack="3"/>
</pin_list>
<bind>
<opset="p_cast "/>
</bind>
</comp>

<comp id="258" class="1005" name="icmp_ln53_reg_258">
<pin_list>
<pin id="259" dir="0" index="0" bw="1" slack="1"/>
<pin id="260" dir="1" index="1" bw="1" slack="2147483647"/>
</pin_list>
<bind>
<opset="icmp_ln53 "/>
</bind>
</comp>

<comp id="262" class="1005" name="Matrix_A_BRAM_V_addr_reg_262">
<pin_list>
<pin id="263" dir="0" index="0" bw="14" slack="1"/>
<pin id="264" dir="1" index="1" bw="14" slack="1"/>
</pin_list>
<bind>
<opset="Matrix_A_BRAM_V_addr "/>
</bind>
</comp>

<comp id="267" class="1005" name="Matrix_B_BRAM_V_addr_reg_267">
<pin_list>
<pin id="268" dir="0" index="0" bw="15" slack="1"/>
<pin id="269" dir="1" index="1" bw="15" slack="1"/>
</pin_list>
<bind>
<opset="Matrix_B_BRAM_V_addr "/>
</bind>
</comp>

<comp id="272" class="1005" name="ifzero_reg_272">
<pin_list>
<pin id="273" dir="0" index="0" bw="1" slack="4"/>
<pin id="274" dir="1" index="1" bw="1" slack="2147483647"/>
</pin_list>
<bind>
<opset="ifzero "/>
</bind>
</comp>

<comp id="276" class="1005" name="Matrix_A_BRAM_V_load_reg_276">
<pin_list>
<pin id="277" dir="0" index="0" bw="16" slack="1"/>
<pin id="278" dir="1" index="1" bw="16" slack="1"/>
</pin_list>
<bind>
<opset="Matrix_A_BRAM_V_load "/>
</bind>
</comp>

<comp id="281" class="1005" name="Matrix_B_BRAM_V_load_reg_281">
<pin_list>
<pin id="282" dir="0" index="0" bw="16" slack="1"/>
<pin id="283" dir="1" index="1" bw="16" slack="1"/>
</pin_list>
<bind>
<opset="Matrix_B_BRAM_V_load "/>
</bind>
</comp>

<comp id="286" class="1005" name="Matrix_C_BRAM_V_addr_reg_286">
<pin_list>
<pin id="287" dir="0" index="0" bw="15" slack="1"/>
<pin id="288" dir="1" index="1" bw="15" slack="1"/>
</pin_list>
<bind>
<opset="Matrix_C_BRAM_V_addr "/>
</bind>
</comp>

<comp id="291" class="1005" name="conv3_i88_load_reg_291">
<pin_list>
<pin id="292" dir="0" index="0" bw="16" slack="1"/>
<pin id="293" dir="1" index="1" bw="16" slack="1"/>
</pin_list>
<bind>
<opset="conv3_i88_load "/>
</bind>
</comp>

</comp_list>

<net_list>
<net id="55"><net_src comp="14" pin="0"/><net_sink comp="52" pin=0"/></net>

<net id="59"><net_src comp="14" pin="0"/><net_sink comp="56" pin=0"/></net>

<net id="63"><net_src comp="14" pin="0"/><net_sink comp="60" pin=0"/></net>

<net id="68"><net_src comp="16" pin="0"/><net_sink comp="64" pin=0"/></net>

<net id="69"><net_src comp="10" pin="0"/><net_sink comp="64" pin=1"/></net>

<net id="74"><net_src comp="18" pin="0"/><net_sink comp="70" pin=0"/></net>

<net id="75"><net_src comp="6" pin="0"/><net_sink comp="70" pin=1"/></net>

<net id="80"><net_src comp="20" pin="0"/><net_sink comp="76" pin=0"/></net>

<net id="81"><net_src comp="4" pin="0"/><net_sink comp="76" pin=1"/></net>

<net id="86"><net_src comp="22" pin="0"/><net_sink comp="82" pin=0"/></net>

<net id="87"><net_src comp="0" pin="0"/><net_sink comp="82" pin=1"/></net>

<net id="93"><net_src comp="8" pin="0"/><net_sink comp="88" pin=0"/></net>

<net id="94"><net_src comp="32" pin="0"/><net_sink comp="88" pin=1"/></net>

<net id="100"><net_src comp="12" pin="0"/><net_sink comp="95" pin=0"/></net>

<net id="101"><net_src comp="32" pin="0"/><net_sink comp="95" pin=1"/></net>

<net id="107"><net_src comp="88" pin="3"/><net_sink comp="102" pin=0"/></net>

<net id="113"><net_src comp="95" pin="3"/><net_sink comp="108" pin=0"/></net>

<net id="119"><net_src comp="2" pin="0"/><net_sink comp="114" pin=0"/></net>

<net id="120"><net_src comp="32" pin="0"/><net_sink comp="114" pin=1"/></net>

<net id="129"><net_src comp="76" pin="2"/><net_sink comp="126" pin=0"/></net>

<net id="133"><net_src comp="64" pin="2"/><net_sink comp="130" pin=0"/></net>

<net id="138"><net_src comp="24" pin="0"/><net_sink comp="134" pin=0"/></net>

<net id="143"><net_src comp="82" pin="2"/><net_sink comp="139" pin=0"/></net>

<net id="148"><net_src comp="26" pin="0"/><net_sink comp="144" pin=0"/></net>

<net id="156"><net_src comp="149" pin="1"/><net_sink comp="152" pin=0"/></net>

<net id="157"><net_src comp="28" pin="0"/><net_sink comp="152" pin=1"/></net>

<net id="162"><net_src comp="149" pin="1"/><net_sink comp="158" pin=0"/></net>

<net id="163"><net_src comp="30" pin="0"/><net_sink comp="158" pin=1"/></net>

<net id="170"><net_src comp="149" pin="1"/><net_sink comp="167" pin=0"/></net>

<net id="175"><net_src comp="70" pin="2"/><net_sink comp="171" pin=0"/></net>

<net id="176"><net_src comp="167" pin="1"/><net_sink comp="171" pin=1"/></net>

<net id="180"><net_src comp="171" pin="2"/><net_sink comp="177" pin=0"/></net>

<net id="181"><net_src comp="177" pin="1"/><net_sink comp="88" pin=2"/></net>

<net id="186"><net_src comp="164" pin="1"/><net_sink comp="182" pin=0"/></net>

<net id="187"><net_src comp="34" pin="0"/><net_sink comp="182" pin=1"/></net>

<net id="192"><net_src comp="164" pin="1"/><net_sink comp="188" pin=0"/></net>

<net id="193"><net_src comp="130" pin="1"/><net_sink comp="188" pin=1"/></net>

<net id="197"><net_src comp="188" pin="2"/><net_sink comp="194" pin=0"/></net>

<net id="198"><net_src comp="194" pin="1"/><net_sink comp="95" pin=2"/></net>

<net id="203"><net_src comp="158" pin="2"/><net_sink comp="199" pin=0"/></net>

<net id="204"><net_src comp="28" pin="0"/><net_sink comp="199" pin=1"/></net>

<net id="209"><net_src comp="158" pin="2"/><net_sink comp="205" pin=0"/></net>

<net id="214"><net_src comp="182" pin="2"/><net_sink comp="210" pin=0"/></net>

<net id="227"><net_src comp="108" pin="3"/><net_sink comp="222" pin=0"/></net>

<net id="228"><net_src comp="102" pin="3"/><net_sink comp="222" pin=1"/></net>

<net id="229"><net_src comp="215" pin="1"/><net_sink comp="222" pin=2"/></net>

<net id="230"><net_src comp="222" pin="3"/><net_sink comp="121" pin=1"/></net>

<net id="231"><net_src comp="222" pin="3"/><net_sink comp="218" pin=0"/></net>

<net id="235"><net_src comp="52" pin="1"/><net_sink comp="232" pin=0"/></net>

<net id="236"><net_src comp="232" pin="1"/><net_sink comp="144" pin=1"/></net>

<net id="237"><net_src comp="232" pin="1"/><net_sink comp="164" pin=0"/></net>

<net id="238"><net_src comp="232" pin="1"/><net_sink comp="210" pin=1"/></net>

<net id="242"><net_src comp="56" pin="1"/><net_sink comp="239" pin=0"/></net>

<net id="243"><net_src comp="239" pin="1"/><net_sink comp="139" pin=1"/></net>

<net id="244"><net_src comp="239" pin="1"/><net_sink comp="215" pin=0"/></net>

<net id="245"><net_src comp="239" pin="1"/><net_sink comp="218" pin=1"/></net>

<net id="249"><net_src comp="60" pin="1"/><net_sink comp="246" pin=0"/></net>

<net id="250"><net_src comp="246" pin="1"/><net_sink comp="134" pin=1"/></net>

<net id="251"><net_src comp="246" pin="1"/><net_sink comp="149" pin=0"/></net>

<net id="252"><net_src comp="246" pin="1"/><net_sink comp="205" pin=1"/></net>

<net id="256"><net_src comp="126" pin="1"/><net_sink comp="253" pin=0"/></net>

<net id="257"><net_src comp="253" pin="1"/><net_sink comp="114" pin=2"/></net>

<net id="261"><net_src comp="152" pin="2"/><net_sink comp="258" pin=0"/></net>

<net id="265"><net_src comp="88" pin="3"/><net_sink comp="262" pin=0"/></net>

<net id="266"><net_src comp="262" pin="1"/><net_sink comp="102" pin=0"/></net>

<net id="270"><net_src comp="95" pin="3"/><net_sink comp="267" pin=0"/></net>

<net id="271"><net_src comp="267" pin="1"/><net_sink comp="108" pin=0"/></net>

<net id="275"><net_src comp="199" pin="2"/><net_sink comp="272" pin=0"/></net>

<net id="279"><net_src comp="102" pin="3"/><net_sink comp="276" pin=0"/></net>

<net id="280"><net_src comp="276" pin="1"/><net_sink comp="222" pin=1"/></net>

<net id="284"><net_src comp="108" pin="3"/><net_sink comp="281" pin=0"/></net>

<net id="285"><net_src comp="281" pin="1"/><net_sink comp="222" pin=0"/></net>

<net id="289"><net_src comp="114" pin="3"/><net_sink comp="286" pin=0"/></net>

<net id="290"><net_src comp="286" pin="1"/><net_sink comp="121" pin=0"/></net>

<net id="294"><net_src comp="215" pin="1"/><net_sink comp="291" pin=0"/></net>

<net id="295"><net_src comp="291" pin="1"/><net_sink comp="222" pin=1"/></net>

</net_list>

</model> 
---------------- Datapath Model END ------------------

* FSMD analyzer results:
  - Output states:
	Port: Matrix_C_BRAM_V | {5 }
 - Input state : 
	Port: matmul_Pipeline_VITIS_LOOP_53_9 : Matrix_C_BRAM_V_load | {1 }
	Port: matmul_Pipeline_VITIS_LOOP_53_9 : empty | {1 }
	Port: matmul_Pipeline_VITIS_LOOP_53_9 : mul_ln186 | {1 }
	Port: matmul_Pipeline_VITIS_LOOP_53_9 : Matrix_A_BRAM_V | {1 2 }
	Port: matmul_Pipeline_VITIS_LOOP_53_9 : zext_ln51 | {1 }
	Port: matmul_Pipeline_VITIS_LOOP_53_9 : Matrix_B_BRAM_V | {1 2 }
  - Chain level:
	State 1
		store_ln0 : 1
		store_ln0 : 1
		dot_1 : 1
		icmp_ln53 : 2
		add_ln53 : 2
		br_ln53 : 3
		phi_mul_load : 1
		zext_ln186 : 2
		add_ln186 : 3
		zext_ln186_1 : 4
		Matrix_A_BRAM_V_addr : 5
		add_ln186_2 : 2
		add_ln186_1 : 1
		zext_ln186_2 : 2
		Matrix_B_BRAM_V_addr : 3
		Matrix_A_BRAM_V_load : 6
		Matrix_B_BRAM_V_load : 4
		ifzero : 3
		br_ln53 : 4
		store_ln53 : 3
		store_ln186 : 3
	State 2
		mul_ln840 : 1
	State 3
	State 4
		add_ln840 : 1
	State 5
		store_ln840 : 1
		store_ln840 : 1


============================================================
+ Verbose Summary: Datapath Resource usage 
============================================================

* Functional unit list:
|----------|--------------------------------------|---------|---------|---------|
| Operation|            Functional Unit           |   DSP   |    FF   |   LUT   |
|----------|--------------------------------------|---------|---------|---------|
|          |            add_ln53_fu_158           |    0    |    0    |    15   |
|    add   |           add_ln186_fu_171           |    0    |    0    |    17   |
|          |          add_ln186_2_fu_182          |    0    |    0    |    20   |
|          |          add_ln186_1_fu_188          |    0    |    0    |    20   |
|----------|--------------------------------------|---------|---------|---------|
|   icmp   |           icmp_ln53_fu_152           |    0    |    0    |    11   |
|          |             ifzero_fu_199            |    0    |    0    |    11   |
|----------|--------------------------------------|---------|---------|---------|
|  muladd  |              grp_fu_222              |    1    |    0    |    0    |
|----------|--------------------------------------|---------|---------|---------|
|          |       zext_ln51_read_read_fu_64      |    0    |    0    |    0    |
|   read   |       mul_ln186_read_read_fu_70      |    0    |    0    |    0    |
|          |            tmp_read_fu_76            |    0    |    0    |    0    |
|          | Matrix_C_BRAM_V_load_read_read_fu_82 |    0    |    0    |    0    |
|----------|--------------------------------------|---------|---------|---------|
|          |             p_cast_fu_126            |    0    |    0    |    0    |
|          |         zext_ln51_cast_fu_130        |    0    |    0    |    0    |
|   zext   |           zext_ln186_fu_167          |    0    |    0    |    0    |
|          |          zext_ln186_1_fu_177         |    0    |    0    |    0    |
|          |          zext_ln186_2_fu_194         |    0    |    0    |    0    |
|----------|--------------------------------------|---------|---------|---------|
|   Total  |                                      |    1    |    0    |    94   |
|----------|--------------------------------------|---------|---------|---------|

Memories:
N/A

* Register list:
+----------------------------+--------+
|                            |   FF   |
+----------------------------+--------+
|Matrix_A_BRAM_V_addr_reg_262|   14   |
|Matrix_A_BRAM_V_load_reg_276|   16   |
|Matrix_B_BRAM_V_addr_reg_267|   15   |
|Matrix_B_BRAM_V_load_reg_281|   16   |
|Matrix_C_BRAM_V_addr_reg_286|   15   |
|   conv3_i88_load_reg_291   |   16   |
|      conv3_i88_reg_239     |   16   |
|         dot_reg_246        |    8   |
|      icmp_ln53_reg_258     |    1   |
|       ifzero_reg_272       |    1   |
|       p_cast_reg_253       |   64   |
|       phi_mul_reg_232      |   15   |
+----------------------------+--------+
|            Total           |   197  |
+----------------------------+--------+

* Multiplexer (MUX) list: 
|-------------------|------|------|------|--------||---------||---------|
|        Comp       |  Pin | Size |  BW  | S x BW ||  Delay  ||   LUT   |
|-------------------|------|------|------|--------||---------||---------|
| grp_access_fu_102 |  p0  |   2  |  14  |   28   ||    9    |
| grp_access_fu_108 |  p0  |   2  |  15  |   30   ||    9    |
|     grp_fu_222    |  p0  |   2  |  16  |   32   ||    9    |
|     grp_fu_222    |  p1  |   3  |  16  |   48   ||    14   |
|-------------------|------|------|------|--------||---------||---------|
|       Total       |      |      |      |   138  ||  6.4713 ||    41   |
|-------------------|------|------|------|--------||---------||---------|



* Summary:
+-----------+--------+--------+--------+--------+
|           |   DSP  |  Delay |   FF   |   LUT  |
+-----------+--------+--------+--------+--------+
|  Function |    1   |    -   |    0   |   94   |
|   Memory  |    -   |    -   |    -   |    -   |
|Multiplexer|    -   |    6   |    -   |   41   |
|  Register |    -   |    -   |   197  |    -   |
+-----------+--------+--------+--------+--------+
|   Total   |    1   |    6   |   197  |   135  |
+-----------+--------+--------+--------+--------+
