

================================================================
== Vitis HLS Report for 'matmul_Pipeline_VITIS_LOOP_71_10_VITIS_LOOP_73_11'
================================================================
* Date:           Tue Oct  6 17:15:59 2026

* Version:        2022.2 (Build 3670227 on Oct 13 2022)
* Project:        vitis.prj
* Solution:       solution1 (Vivado IP Flow Target)
* Product family: zynq
* Target device:  xc7z020-clg400-1


================================================================
== Performance Estimates
================================================================
+ Timing: 
    * Summary: 
    +--------+----------+----------+------------+
    |  Clock |  Target  | Estimated| Uncertainty|
    +--------+----------+----------+------------+
    |ap_clk  |  10.00 ns|  7.300 ns|     2.70 ns|
    +--------+----------+----------+------------+

+ Latency: 
    * Summary: 
    +---------+---------+----------+----------+-------+-------+---------+
    |  Latency (cycles) |  Latency (absolute) |    Interval   | Pipeline|
    |   min   |   max   |    min   |    max   |  min  |  max  |   Type  |
    +---------+---------+----------+----------+-------+-------+---------+
    |    20006|    20006|  0.200 ms|  0.200 ms|  20006|  20006|       no|
    +---------+---------+----------+----------+-------+-------+---------+

    + Detail: 
        * Instance: 
        N/A

        * Loop: 
        +-------------------------------------+---------+---------+----------+-----------+-----------+-------+----------+
        |                                     |  Latency (cycles) | Iteration|  Initiation Interval  |  Trip |          |
        |              Loop Name              |   min   |   max   |  Latency |  achieved |   target  | Count | Pipelined|
        +-------------------------------------+---------+---------+----------+-----------+-----------+-------+----------+
        |- VITIS_LOOP_71_10_VITIS_LOOP_73_11  |    20004|    20004|         6|          1|          1|  20000|       yes|
        +-------------------------------------+---------+---------+----------+-----------+-----------+-------+----------+

============================================================
+ Verbose Summary: Synthesis Manager
============================================================
InlineROM: 1
ExposeGlobal: 0
============================================================
+ Verbose Summary: CDFG Model
============================================================
IsTopModel: 0
ResetActiveHigh: 1
IsCombinational: 0
IsDatapathOnly: 0
HasWiredReturn: 1
HasMFsm: 2
HasVarLatency: 1
IsPipeline: 0
IsRtlPipelined: 0
IsInstanceOverlapped: 0
IsDontTouch: 0
HasImplIP: 0
IsGatedGlobalClock: 0

+ Individual pipeline summary: 
  * Pipeline-0: initiation interval (II) = 1, depth = 6


============================================================
+ Verbose Summary: Schedule
============================================================
* Number of FSM states : 6
* Pipeline : 1
  Pipeline-0 : II = 1, D = 6, States = { 1 2 3 4 5 6 }
* Dataflow Pipeline: 0

* FSM state transitions: 
1 --> 2 
2 --> 3 
3 --> 4 
4 --> 5 
5 --> 6 
6 --> 

* FSM state operations: 

State 1 <SV = 0> <Delay = 6.30>
ST_1 : Operation 9 [1/1] (0.00ns)   --->   "%c = alloca i32 1"   --->   Operation 9 'alloca' 'c' <Predicate = true> <Delay = 0.00>
ST_1 : Operation 10 [1/1] (0.00ns)   --->   "%r = alloca i32 1"   --->   Operation 10 'alloca' 'r' <Predicate = true> <Delay = 0.00>
ST_1 : Operation 11 [1/1] (0.00ns)   --->   "%indvar_flatten27 = alloca i32 1"   --->   Operation 11 'alloca' 'indvar_flatten27' <Predicate = true> <Delay = 0.00>
ST_1 : Operation 12 [1/1] (0.00ns)   --->   "%sext_ln71_read = read i63 @_ssdm_op_Read.ap_auto.i63, i63 %sext_ln71"   --->   Operation 12 'read' 'sext_ln71_read' <Predicate = true> <Delay = 0.00>
ST_1 : Operation 13 [1/1] (0.00ns)   --->   "%sext_ln71_cast = sext i63 %sext_ln71_read"   --->   Operation 13 'sext' 'sext_ln71_cast' <Predicate = true> <Delay = 0.00>
ST_1 : Operation 14 [1/1] (0.00ns)   --->   "%specinterface_ln0 = specinterface void @_ssdm_op_SpecInterface, i16 %mem1, void @empty_1, i32 0, i32 0, void @empty_2, i32 64, i32 1, void @empty_3, void @empty_4, void @empty_2, i32 16, i32 16, i32 16, i32 16, void @empty_2, void @empty_2, i32 4294967295, i32 0"   --->   Operation 14 'specinterface' 'specinterface_ln0' <Predicate = true> <Delay = 0.00>
ST_1 : Operation 15 [1/1] (1.58ns)   --->   "%store_ln0 = store i15 0, i15 %indvar_flatten27"   --->   Operation 15 'store' 'store_ln0' <Predicate = true> <Delay = 1.58>
ST_1 : Operation 16 [1/1] (1.58ns)   --->   "%store_ln0 = store i7 0, i7 %r"   --->   Operation 16 'store' 'store_ln0' <Predicate = true> <Delay = 1.58>
ST_1 : Operation 17 [1/1] (1.58ns)   --->   "%store_ln0 = store i8 0, i8 %c"   --->   Operation 17 'store' 'store_ln0' <Predicate = true> <Delay = 1.58>
ST_1 : Operation 18 [1/1] (0.00ns)   --->   "%br_ln0 = br void %for.inc146"   --->   Operation 18 'br' 'br_ln0' <Predicate = true> <Delay = 0.00>
ST_1 : Operation 19 [1/1] (0.00ns)   --->   "%indvar_flatten27_load = load i15 %indvar_flatten27" [matmul.cpp:71]   --->   Operation 19 'load' 'indvar_flatten27_load' <Predicate = true> <Delay = 0.00>
ST_1 : Operation 20 [1/1] (2.31ns)   --->   "%icmp_ln71 = icmp_eq  i15 %indvar_flatten27_load, i15 20000" [matmul.cpp:71]   --->   Operation 20 'icmp' 'icmp_ln71' <Predicate = true> <Delay = 2.31> <CoreInst = "Cmp">   --->   Core 9 'Cmp' <Latency = 0> <II = 1> <Delay = 2.31> <FuncUnit> <Opcode : 'icmp'> <InPorts = 2> <OutPorts = 1>
ST_1 : Operation 21 [1/1] (1.94ns)   --->   "%add_ln71_1 = add i15 %indvar_flatten27_load, i15 1" [matmul.cpp:71]   --->   Operation 21 'add' 'add_ln71_1' <Predicate = true> <Delay = 1.94> <CoreInst = "Adder">   --->   Core 1 'Adder' <Latency = 0> <II = 1> <Delay = 1.94> <FuncUnit> <Opcode : 'add' 'sub'> <InPorts = 2> <OutPorts = 1>
ST_1 : Operation 22 [1/1] (0.00ns)   --->   "%br_ln71 = br i1 %icmp_ln71, void %for.inc149, void %for.end151.exitStub" [matmul.cpp:71]   --->   Operation 22 'br' 'br_ln71' <Predicate = true> <Delay = 0.00>
ST_1 : Operation 23 [1/1] (0.00ns)   --->   "%c_load = load i8 %c" [matmul.cpp:73]   --->   Operation 23 'load' 'c_load' <Predicate = (!icmp_ln71)> <Delay = 0.00>
ST_1 : Operation 24 [1/1] (0.00ns)   --->   "%r_load = load i7 %r" [matmul.cpp:71]   --->   Operation 24 'load' 'r_load' <Predicate = (!icmp_ln71)> <Delay = 0.00>
ST_1 : Operation 25 [1/1] (1.87ns)   --->   "%add_ln71 = add i7 %r_load, i7 1" [matmul.cpp:71]   --->   Operation 25 'add' 'add_ln71' <Predicate = (!icmp_ln71)> <Delay = 1.87> <CoreInst = "Adder">   --->   Core 1 'Adder' <Latency = 0> <II = 1> <Delay = 1.87> <FuncUnit> <Opcode : 'add' 'sub'> <InPorts = 2> <OutPorts = 1>
ST_1 : Operation 26 [1/1] (1.55ns)   --->   "%icmp_ln73 = icmp_eq  i8 %c_load, i8 200" [matmul.cpp:73]   --->   Operation 26 'icmp' 'icmp_ln73' <Predicate = (!icmp_ln71)> <Delay = 1.55> <CoreInst = "Cmp">   --->   Core 9 'Cmp' <Latency = 0> <II = 1> <Delay = 1.55> <FuncUnit> <Opcode : 'icmp'> <InPorts = 2> <OutPorts = 1>
ST_1 : Operation 27 [1/1] (1.24ns)   --->   "%select_ln71 = select i1 %icmp_ln73, i8 0, i8 %c_load" [matmul.cpp:71]   --->   Operation 27 'select' 'select_ln71' <Predicate = (!icmp_ln71)> <Delay = 1.24> <CoreInst = "Sel">   --->   Core 73 'Sel' <Latency = 0> <II = 1> <Delay = 1.24> <FuncUnit> <Opcode : 'select'> <InPorts = 3> <OutPorts = 1>
ST_1 : Operation 28 [1/1] (0.99ns)   --->   "%select_ln71_1 = select i1 %icmp_ln73, i7 %add_ln71, i7 %r_load" [matmul.cpp:71]   --->   Operation 28 'select' 'select_ln71_1' <Predicate = (!icmp_ln71)> <Delay = 0.99> <CoreInst = "Sel">   --->   Core 73 'Sel' <Latency = 0> <II = 1> <Delay = 0.99> <FuncUnit> <Opcode : 'select'> <InPorts = 3> <OutPorts = 1>
ST_1 : Operation 29 [1/1] (0.00ns)   --->   "%zext_ln77 = zext i7 %select_ln71_1" [matmul.cpp:77]   --->   Operation 29 'zext' 'zext_ln77' <Predicate = (!icmp_ln71)> <Delay = 0.00>
ST_1 : Operation 30 [3/3] (1.05ns) (grouped into DSP with root node add_ln77)   --->   "%mul_ln77 = mul i15 %zext_ln77, i15 200" [matmul.cpp:77]   --->   Operation 30 'mul' 'mul_ln77' <Predicate = (!icmp_ln71)> <Delay = 1.05> <CoreInst = "DSP48">   --->   Core 119 'DSP48' <Latency = 3> <II = 1> <Delay = 2.15> <IPBlock> <Opcode : 'mul' 'add' 'sub' 'select'> <InPorts = 0> <OutPorts = 1> <Sync> <CReg>
ST_1 : Operation 31 [1/1] (1.91ns)   --->   "%add_ln73 = add i8 %select_ln71, i8 1" [matmul.cpp:73]   --->   Operation 31 'add' 'add_ln73' <Predicate = (!icmp_ln71)> <Delay = 1.91> <CoreInst = "Adder">   --->   Core 1 'Adder' <Latency = 0> <II = 1> <Delay = 1.91> <FuncUnit> <Opcode : 'add' 'sub'> <InPorts = 2> <OutPorts = 1>
ST_1 : Operation 32 [1/1] (1.58ns)   --->   "%store_ln73 = store i15 %add_ln71_1, i15 %indvar_flatten27" [matmul.cpp:73]   --->   Operation 32 'store' 'store_ln73' <Predicate = (!icmp_ln71)> <Delay = 1.58>
ST_1 : Operation 33 [1/1] (1.58ns)   --->   "%store_ln73 = store i7 %select_ln71_1, i7 %r" [matmul.cpp:73]   --->   Operation 33 'store' 'store_ln73' <Predicate = (!icmp_ln71)> <Delay = 1.58>
ST_1 : Operation 34 [1/1] (1.58ns)   --->   "%store_ln73 = store i8 %add_ln73, i8 %c" [matmul.cpp:73]   --->   Operation 34 'store' 'store_ln73' <Predicate = (!icmp_ln71)> <Delay = 1.58>

State 2 <SV = 1> <Delay = 1.05>
ST_2 : Operation 35 [2/3] (1.05ns) (grouped into DSP with root node add_ln77)   --->   "%mul_ln77 = mul i15 %zext_ln77, i15 200" [matmul.cpp:77]   --->   Operation 35 'mul' 'mul_ln77' <Predicate = (!icmp_ln71)> <Delay = 1.05> <CoreInst = "DSP48">   --->   Core 119 'DSP48' <Latency = 3> <II = 1> <Delay = 2.15> <IPBlock> <Opcode : 'mul' 'add' 'sub' 'select'> <InPorts = 0> <OutPorts = 1> <Sync> <CReg>

State 3 <SV = 2> <Delay = 2.10>
ST_3 : Operation 36 [1/3] (0.00ns) (grouped into DSP with root node add_ln77)   --->   "%mul_ln77 = mul i15 %zext_ln77, i15 200" [matmul.cpp:77]   --->   Operation 36 'mul' 'mul_ln77' <Predicate = (!icmp_ln71)> <Delay = 0.00> <CoreInst = "DSP48">   --->   Core 119 'DSP48' <Latency = 3> <II = 1> <Delay = 2.15> <IPBlock> <Opcode : 'mul' 'add' 'sub' 'select'> <InPorts = 0> <OutPorts = 1> <Sync> <CReg>
ST_3 : Operation 37 [1/1] (0.00ns)   --->   "%zext_ln77_1 = zext i8 %select_ln71" [matmul.cpp:77]   --->   Operation 37 'zext' 'zext_ln77_1' <Predicate = (!icmp_ln71)> <Delay = 0.00>
ST_3 : Operation 38 [2/2] (2.10ns) (root node of the DSP)   --->   "%add_ln77 = add i15 %mul_ln77, i15 %zext_ln77_1" [matmul.cpp:77]   --->   Operation 38 'add' 'add_ln77' <Predicate = (!icmp_ln71)> <Delay = 2.10> <CoreInst = "DSP48">   --->   Core 119 'DSP48' <Latency = 3> <II = 1> <Delay = 2.15> <IPBlock> <Opcode : 'mul' 'add' 'sub' 'select'> <InPorts = 0> <OutPorts = 1> <Sync> <CReg>

State 4 <SV = 3> <Delay = 5.35>
ST_4 : Operation 39 [1/2] (2.10ns) (root node of the DSP)   --->   "%add_ln77 = add i15 %mul_ln77, i15 %zext_ln77_1" [matmul.cpp:77]   --->   Operation 39 'add' 'add_ln77' <Predicate = (!icmp_ln71)> <Delay = 2.10> <CoreInst = "DSP48">   --->   Core 119 'DSP48' <Latency = 3> <II = 1> <Delay = 2.15> <IPBlock> <Opcode : 'mul' 'add' 'sub' 'select'> <InPorts = 0> <OutPorts = 1> <Sync> <CReg>
ST_4 : Operation 40 [1/1] (0.00ns)   --->   "%zext_ln77_2 = zext i15 %add_ln77" [matmul.cpp:77]   --->   Operation 40 'zext' 'zext_ln77_2' <Predicate = (!icmp_ln71)> <Delay = 0.00>
ST_4 : Operation 41 [1/1] (0.00ns)   --->   "%Matrix_C_BRAM_V_addr = getelementptr i16 %Matrix_C_BRAM_V, i64 0, i64 %zext_ln77_2" [matmul.cpp:77]   --->   Operation 41 'getelementptr' 'Matrix_C_BRAM_V_addr' <Predicate = (!icmp_ln71)> <Delay = 0.00>
ST_4 : Operation 42 [2/2] (3.25ns)   --->   "%Matrix_C_BRAM_V_load = load i15 %Matrix_C_BRAM_V_addr" [matmul.cpp:77]   --->   Operation 42 'load' 'Matrix_C_BRAM_V_load' <Predicate = (!icmp_ln71)> <Delay = 3.25> <CoreInst = "RAM">   --->   Core 82 'RAM' <Latency = 1> <II = 1> <Delay = 3.25> <Storage> <Opcode : 'load' 'store'> <Ports = 2> <Width = 16> <Depth = 20000> <RAM>

State 5 <SV = 4> <Delay = 3.25>
ST_5 : Operation 43 [1/1] (0.00ns)   --->   "%specbitsmap_ln0 = specbitsmap void @_ssdm_op_SpecBitsMap, i16 %mem1"   --->   Operation 43 'specbitsmap' 'specbitsmap_ln0' <Predicate = true> <Delay = 0.00>
ST_5 : Operation 44 [1/1] (0.00ns)   --->   "%mem1_addr = getelementptr i16 %mem1, i64 %sext_ln71_cast" [matmul.cpp:71]   --->   Operation 44 'getelementptr' 'mem1_addr' <Predicate = true> <Delay = 0.00>
ST_5 : Operation 45 [1/2] (3.25ns)   --->   "%Matrix_C_BRAM_V_load = load i15 %Matrix_C_BRAM_V_addr" [matmul.cpp:77]   --->   Operation 45 'load' 'Matrix_C_BRAM_V_load' <Predicate = (!icmp_ln71)> <Delay = 3.25> <CoreInst = "RAM">   --->   Core 82 'RAM' <Latency = 1> <II = 1> <Delay = 3.25> <Storage> <Opcode : 'load' 'store'> <Ports = 2> <Width = 16> <Depth = 20000> <RAM>
ST_5 : Operation 52 [1/1] (0.00ns)   --->   "%ret_ln0 = ret"   --->   Operation 52 'ret' 'ret_ln0' <Predicate = (icmp_ln71)> <Delay = 0.00>

State 6 <SV = 5> <Delay = 7.30>
ST_6 : Operation 46 [1/1] (0.00ns)   --->   "%specloopname_ln0 = specloopname void @_ssdm_op_SpecLoopName, void @VITIS_LOOP_71_10_VITIS_LOOP_73_11_str"   --->   Operation 46 'specloopname' 'specloopname_ln0' <Predicate = true> <Delay = 0.00>
ST_6 : Operation 47 [1/1] (0.00ns)   --->   "%empty = speclooptripcount i32 @_ssdm_op_SpecLoopTripCount, i64 20000, i64 20000, i64 20000"   --->   Operation 47 'speclooptripcount' 'empty' <Predicate = true> <Delay = 0.00>
ST_6 : Operation 48 [1/1] (0.00ns)   --->   "%specpipeline_ln75 = specpipeline void @_ssdm_op_SpecPipeline, i32 1, i32 0, i32 0, i32 0, void @empty_2" [matmul.cpp:75]   --->   Operation 48 'specpipeline' 'specpipeline_ln75' <Predicate = true> <Delay = 0.00>
ST_6 : Operation 49 [1/1] (0.00ns)   --->   "%specloopname_ln73 = specloopname void @_ssdm_op_SpecLoopName, void @empty_9" [matmul.cpp:73]   --->   Operation 49 'specloopname' 'specloopname_ln73' <Predicate = true> <Delay = 0.00>
ST_6 : Operation 50 [1/1] (7.30ns)   --->   "%write_ln77 = write void @_ssdm_op_Write.m_axi.p1i16, i16 %mem1_addr, i16 %Matrix_C_BRAM_V_load, i2 3" [matmul.cpp:77]   --->   Operation 50 'write' 'write_ln77' <Predicate = true> <Delay = 7.30> <CoreInst = "m_axi">   --->   Core 113 'm_axi' <Latency = 0> <II = 1> <Delay = 1.00> <Adapter> <Opcode : 'read' 'write' 'readreq' 'writereq' 'writeresp'>
ST_6 : Operation 51 [1/1] (0.00ns)   --->   "%br_ln73 = br void %for.inc146" [matmul.cpp:73]   --->   Operation 51 'br' 'br_ln73' <Predicate = true> <Delay = 0.00>


============================================================
+ Verbose Summary: Binding
============================================================
STG Binding: 
---------------- STG Properties BEGIN ----------------
- Is combinational: 0
- Is one-state seq: 0
- Is datapath-only: 0
- Is pipelined: 0
- Is top level: 0
Port [ Return ] is wired: 1; IO mode=ap_ctrl_hs:ce=0
Port [ mem1]:  wired=1; compound=1; hidden=0; nouse=0; global=0; static=0; extern=0; dir=1; type=4; pingpong=0; private_global=0; IO mode=m_axi:ce=0
Port [ sext_ln71]:  wired=1; compound=0; hidden=0; nouse=0; global=0; static=0; extern=0; dir=0; type=0; pingpong=0; private_global=0; IO mode=ap_none:ce=0
Port [ Matrix_C_BRAM_V]:  wired=1; compound=1; hidden=0; nouse=0; global=0; static=0; extern=0; dir=0; type=1; pingpong=0; private_global=0; MemPort=[13]; IO mode=ap_memory:ce=0
---------------- STG Properties END ------------------

---------------- Datapath Model BEGIN ----------------

<LifeTime>
<method=bitvector/>
c                     (alloca           ) [ 0100000]
r                     (alloca           ) [ 0100000]
indvar_flatten27      (alloca           ) [ 0100000]
sext_ln71_read        (read             ) [ 0000000]
sext_ln71_cast        (sext             ) [ 0111110]
specinterface_ln0     (specinterface    ) [ 0000000]
store_ln0             (store            ) [ 0000000]
store_ln0             (store            ) [ 0000000]
store_ln0             (store            ) [ 0000000]
br_ln0                (br               ) [ 0000000]
indvar_flatten27_load (load             ) [ 0000000]
icmp_ln71             (icmp             ) [ 0111110]
add_ln71_1            (add              ) [ 0000000]
br_ln71               (br               ) [ 0000000]
c_load                (load             ) [ 0000000]
r_load                (load             ) [ 0000000]
add_ln71              (add              ) [ 0000000]
icmp_ln73             (icmp             ) [ 0000000]
select_ln71           (select           ) [ 0111000]
select_ln71_1         (select           ) [ 0000000]
zext_ln77             (zext             ) [ 0111000]
add_ln73              (add              ) [ 0000000]
store_ln73            (store            ) [ 0000000]
store_ln73            (store            ) [ 0000000]
store_ln73            (store            ) [ 0000000]
mul_ln77              (mul              ) [ 0100100]
zext_ln77_1           (zext             ) [ 0100100]
add_ln77              (add              ) [ 0000000]
zext_ln77_2           (zext             ) [ 0000000]
Matrix_C_BRAM_V_addr  (getelementptr    ) [ 0100010]
specbitsmap_ln0       (specbitsmap      ) [ 0000000]
mem1_addr             (getelementptr    ) [ 0100001]
Matrix_C_BRAM_V_load  (load             ) [ 0100001]
specloopname_ln0      (specloopname     ) [ 0000000]
empty                 (speclooptripcount) [ 0000000]
specpipeline_ln75     (specpipeline     ) [ 0000000]
specloopname_ln73     (specloopname     ) [ 0000000]
write_ln77            (write            ) [ 0000000]
br_ln73               (br               ) [ 0000000]
ret_ln0               (ret              ) [ 0000000]
</LifeTime>

<model>

<comp_list>
<comp id="0" class="1000" name="mem1">
<pin_list>
<pin id="1" dir="1" index="0" bw="1" slack="0"/>
</pin_list>
<bind>
<StgValue><ssdm name="mem1"/></StgValue>
</bind>
</comp>

<comp id="2" class="1000" name="sext_ln71">
<pin_list>
<pin id="3" dir="1" index="0" bw="1" slack="0"/>
</pin_list>
<bind>
<StgValue><ssdm name="sext_ln71"/></StgValue>
</bind>
</comp>

<comp id="4" class="1000" name="Matrix_C_BRAM_V">
<pin_list>
<pin id="5" dir="1" index="0" bw="1" slack="0"/>
</pin_list>
<bind>
<StgValue><ssdm name="Matrix_C_BRAM_V"/><MemPortTyVec>1 3 </MemPortTyVec>
</StgValue>
</bind>
</comp>

<comp id="6" class="1001" name="const_6">
<pin_list>
<pin id="7" dir="1" index="0" bw="1" slack="0"/>
</pin_list>
<bind>
<StgValue><ssdm name=""/></StgValue>
</bind>
</comp>

<comp id="8" class="1001" name="const_8">
<pin_list>
<pin id="9" dir="1" index="0" bw="1" slack="0"/>
</pin_list>
<bind>
<StgValue><ssdm name="_ssdm_op_Read.ap_auto.i63"/></StgValue>
</bind>
</comp>

<comp id="10" class="1001" name="const_10">
<pin_list>
<pin id="11" dir="1" index="0" bw="1" slack="2147483647"/>
</pin_list>
<bind>
<StgValue><ssdm name="_ssdm_op_SpecInterface"/></StgValue>
</bind>
</comp>

<comp id="12" class="1001" name="const_12">
<pin_list>
<pin id="13" dir="1" index="0" bw="1" slack="2147483647"/>
</pin_list>
<bind>
<StgValue><ssdm name="empty_1"/></StgValue>
</bind>
</comp>

<comp id="14" class="1001" name="const_14">
<pin_list>
<pin id="15" dir="1" index="0" bw="1" slack="2147483647"/>
</pin_list>
<bind>
<StgValue><ssdm name=""/></StgValue>
</bind>
</comp>

<comp id="16" class="1001" name="const_16">
<pin_list>
<pin id="17" dir="1" index="0" bw="1" slack="2147483647"/>
</pin_list>
<bind>
<StgValue><ssdm name="empty_2"/></StgValue>
</bind>
</comp>

<comp id="18" class="1001" name="const_18">
<pin_list>
<pin id="19" dir="1" index="0" bw="1" slack="2147483647"/>
</pin_list>
<bind>
<StgValue><ssdm name=""/></StgValue>
</bind>
</comp>

<comp id="20" class="1001" name="const_20">
<pin_list>
<pin id="21" dir="1" index="0" bw="1" slack="2147483647"/>
</pin_list>
<bind>
<StgValue><ssdm name="empty_3"/></StgValue>
</bind>
</comp>

<comp id="22" class="1001" name="const_22">
<pin_list>
<pin id="23" dir="1" index="0" bw="1" slack="2147483647"/>
</pin_list>
<bind>
<StgValue><ssdm name="empty_4"/></StgValue>
</bind>
</comp>

<comp id="24" class="1001" name="const_24">
<pin_list>
<pin id="25" dir="1" index="0" bw="1" slack="2147483647"/>
</pin_list>
<bind>
<StgValue><ssdm name=""/></StgValue>
</bind>
</comp>

<comp id="26" class="1001" name="const_26">
<pin_list>
<pin id="27" dir="1" index="0" bw="1" slack="2147483647"/>
</pin_list>
<bind>
<StgValue><ssdm name=""/></StgValue>
</bind>
</comp>

<comp id="28" class="1001" name="const_28">
<pin_list>
<pin id="29" dir="1" index="0" bw="1" slack="0"/>
</pin_list>
<bind>
<StgValue><ssdm name=""/></StgValue>
</bind>
</comp>

<comp id="30" class="1001" name="const_30">
<pin_list>
<pin id="31" dir="1" index="0" bw="1" slack="0"/>
</pin_list>
<bind>
<StgValue><ssdm name=""/></StgValue>
</bind>
</comp>

<comp id="32" class="1001" name="const_32">
<pin_list>
<pin id="33" dir="1" index="0" bw="1" slack="0"/>
</pin_list>
<bind>
<StgValue><ssdm name=""/></StgValue>
</bind>
</comp>

<comp id="34" class="1001" name="const_34">
<pin_list>
<pin id="35" dir="1" index="0" bw="1" slack="0"/>
</pin_list>
<bind>
<StgValue><ssdm name=""/></StgValue>
</bind>
</comp>

<comp id="36" class="1001" name="const_36">
<pin_list>
<pin id="37" dir="1" index="0" bw="1" slack="0"/>
</pin_list>
<bind>
<StgValue><ssdm name=""/></StgValue>
</bind>
</comp>

<comp id="38" class="1001" name="const_38">
<pin_list>
<pin id="39" dir="1" index="0" bw="1" slack="0"/>
</pin_list>
<bind>
<StgValue><ssdm name=""/></StgValue>
</bind>
</comp>

<comp id="40" class="1001" name="const_40">
<pin_list>
<pin id="41" dir="1" index="0" bw="1" slack="0"/>
</pin_list>
<bind>
<StgValue><ssdm name=""/></StgValue>
</bind>
</comp>

<comp id="42" class="1001" name="const_42">
<pin_list>
<pin id="43" dir="1" index="0" bw="1" slack="0"/>
</pin_list>
<bind>
<StgValue><ssdm name=""/></StgValue>
</bind>
</comp>

<comp id="44" class="1001" name="const_44">
<pin_list>
<pin id="45" dir="1" index="0" bw="1" slack="0"/>
</pin_list>
<bind>
<StgValue><ssdm name=""/></StgValue>
</bind>
</comp>

<comp id="46" class="1001" name="const_46">
<pin_list>
<pin id="47" dir="1" index="0" bw="1" slack="0"/>
</pin_list>
<bind>
<StgValue><ssdm name=""/></StgValue>
</bind>
</comp>

<comp id="48" class="1001" name="const_48">
<pin_list>
<pin id="49" dir="1" index="0" bw="1" slack="2147483647"/>
</pin_list>
<bind>
<StgValue><ssdm name="_ssdm_op_SpecBitsMap"/></StgValue>
</bind>
</comp>

<comp id="50" class="1001" name="const_50">
<pin_list>
<pin id="51" dir="1" index="0" bw="1" slack="2147483647"/>
</pin_list>
<bind>
<StgValue><ssdm name="_ssdm_op_SpecLoopName"/></StgValue>
</bind>
</comp>

<comp id="52" class="1001" name="const_52">
<pin_list>
<pin id="53" dir="1" index="0" bw="1" slack="2147483647"/>
</pin_list>
<bind>
<StgValue><ssdm name="VITIS_LOOP_71_10_VITIS_LOOP_73_11_str"/></StgValue>
</bind>
</comp>

<comp id="54" class="1001" name="const_54">
<pin_list>
<pin id="55" dir="1" index="0" bw="1" slack="2147483647"/>
</pin_list>
<bind>
<StgValue><ssdm name="_ssdm_op_SpecLoopTripCount"/></StgValue>
</bind>
</comp>

<comp id="56" class="1001" name="const_56">
<pin_list>
<pin id="57" dir="1" index="0" bw="1" slack="2147483647"/>
</pin_list>
<bind>
<StgValue><ssdm name=""/></StgValue>
</bind>
</comp>

<comp id="58" class="1001" name="const_58">
<pin_list>
<pin id="59" dir="1" index="0" bw="1" slack="2147483647"/>
</pin_list>
<bind>
<StgValue><ssdm name="_ssdm_op_SpecPipeline"/></StgValue>
</bind>
</comp>

<comp id="60" class="1001" name="const_60">
<pin_list>
<pin id="61" dir="1" index="0" bw="1" slack="2147483647"/>
</pin_list>
<bind>
<StgValue><ssdm name="empty_9"/></StgValue>
</bind>
</comp>

<comp id="62" class="1001" name="const_62">
<pin_list>
<pin id="63" dir="1" index="0" bw="1" slack="0"/>
</pin_list>
<bind>
<StgValue><ssdm name="_ssdm_op_Write.m_axi.p1i16"/></StgValue>
</bind>
</comp>

<comp id="64" class="1001" name="const_64">
<pin_list>
<pin id="65" dir="1" index="0" bw="1" slack="0"/>
</pin_list>
<bind>
<StgValue><ssdm name=""/></StgValue>
</bind>
</comp>

<comp id="66" class="1004" name="c_fu_66">
<pin_list>
<pin id="67" dir="0" index="0" bw="1" slack="0"/>
<pin id="68" dir="1" index="1" bw="8" slack="0"/>
</pin_list>
<bind>
<opcode="alloca(26) " fcode="alloca"/>
<opset="c/1 "/>
</bind>
</comp>

<comp id="70" class="1004" name="r_fu_70">
<pin_list>
<pin id="71" dir="0" index="0" bw="1" slack="0"/>
<pin id="72" dir="1" index="1" bw="7" slack="0"/>
</pin_list>
<bind>
<opcode="alloca(26) " fcode="alloca"/>
<opset="r/1 "/>
</bind>
</comp>

<comp id="74" class="1004" name="indvar_flatten27_fu_74">
<pin_list>
<pin id="75" dir="0" index="0" bw="1" slack="0"/>
<pin id="76" dir="1" index="1" bw="15" slack="0"/>
</pin_list>
<bind>
<opcode="alloca(26) " fcode="alloca"/>
<opset="indvar_flatten27/1 "/>
</bind>
</comp>

<comp id="78" class="1004" name="sext_ln71_read_read_fu_78">
<pin_list>
<pin id="79" dir="0" index="0" bw="63" slack="0"/>
<pin id="80" dir="0" index="1" bw="63" slack="0"/>
<pin id="81" dir="1" index="2" bw="63" slack="0"/>
</pin_list>
<bind>
<opcode="read(1150) " fcode="read"/>
<opset="sext_ln71_read/1 "/>
</bind>
</comp>

<comp id="84" class="1004" name="write_ln77_write_fu_84">
<pin_list>
<pin id="85" dir="0" index="0" bw="0" slack="0"/>
<pin id="86" dir="0" index="1" bw="16" slack="1"/>
<pin id="87" dir="0" index="2" bw="16" slack="1"/>
<pin id="88" dir="0" index="3" bw="1" slack="0"/>
<pin id="89" dir="1" index="4" bw="0" slack="2147483647"/>
</pin_list>
<bind>
<opcode="write(1151) " fcode="write"/>
<opset="write_ln77/6 "/>
</bind>
</comp>

<comp id="92" class="1004" name="Matrix_C_BRAM_V_addr_gep_fu_92">
<pin_list>
<pin id="93" dir="0" index="0" bw="16" slack="0"/>
<pin id="94" dir="0" index="1" bw="1" slack="0"/>
<pin id="95" dir="0" index="2" bw="15" slack="0"/>
<pin id="96" dir="1" index="3" bw="15" slack="0"/>
</pin_list>
<bind>
<opcode="getelementptr(29) " fcode="getelementptr"/>
<opset="Matrix_C_BRAM_V_addr/4 "/>
</bind>
</comp>

<comp id="99" class="1004" name="grp_access_fu_99">
<pin_list>
<pin id="100" dir="0" index="0" bw="15" slack="0"/>
<pin id="101" dir="0" index="1" bw="16" slack="2147483647"/>
<pin id="102" dir="0" index="2" bw="0" slack="2147483647"/>
<pin id="103" dir="1" index="3" bw="16" slack="1"/>
</pin_list>
<bind>
<opcode="load(27) " fcode="load"/>
<opset="Matrix_C_BRAM_V_load/4 "/>
</bind>
</comp>

<comp id="105" class="1004" name="sext_ln71_cast_fu_105">
<pin_list>
<pin id="106" dir="0" index="0" bw="63" slack="0"/>
<pin id="107" dir="1" index="1" bw="64" slack="4"/>
</pin_list>
<bind>
<opcode="sext(35) " fcode="sext"/>
<opset="sext_ln71_cast/1 "/>
</bind>
</comp>

<comp id="109" class="1004" name="store_ln0_store_fu_109">
<pin_list>
<pin id="110" dir="0" index="0" bw="1" slack="0"/>
<pin id="111" dir="0" index="1" bw="15" slack="0"/>
<pin id="112" dir="1" index="2" bw="0" slack="2147483647"/>
</pin_list>
<bind>
<opcode="store(28) " fcode="store"/>
<opset="store_ln0/1 "/>
</bind>
</comp>

<comp id="114" class="1004" name="store_ln0_store_fu_114">
<pin_list>
<pin id="115" dir="0" index="0" bw="1" slack="0"/>
<pin id="116" dir="0" index="1" bw="7" slack="0"/>
<pin id="117" dir="1" index="2" bw="0" slack="2147483647"/>
</pin_list>
<bind>
<opcode="store(28) " fcode="store"/>
<opset="store_ln0/1 "/>
</bind>
</comp>

<comp id="119" class="1004" name="store_ln0_store_fu_119">
<pin_list>
<pin id="120" dir="0" index="0" bw="1" slack="0"/>
<pin id="121" dir="0" index="1" bw="8" slack="0"/>
<pin id="122" dir="1" index="2" bw="0" slack="2147483647"/>
</pin_list>
<bind>
<opcode="store(28) " fcode="store"/>
<opset="store_ln0/1 "/>
</bind>
</comp>

<comp id="124" class="1004" name="indvar_flatten27_load_load_fu_124">
<pin_list>
<pin id="125" dir="0" index="0" bw="15" slack="0"/>
<pin id="126" dir="1" index="1" bw="15" slack="0"/>
</pin_list>
<bind>
<opcode="load(27) " fcode="load"/>
<opset="indvar_flatten27_load/1 "/>
</bind>
</comp>

<comp id="127" class="1004" name="icmp_ln71_fu_127">
<pin_list>
<pin id="128" dir="0" index="0" bw="15" slack="0"/>
<pin id="129" dir="0" index="1" bw="15" slack="0"/>
<pin id="130" dir="1" index="2" bw="1" slack="1"/>
</pin_list>
<bind>
<opcode="icmp(45) " fcode="icmp"/>
<opset="icmp_ln71/1 "/>
</bind>
</comp>

<comp id="133" class="1004" name="add_ln71_1_fu_133">
<pin_list>
<pin id="134" dir="0" index="0" bw="15" slack="0"/>
<pin id="135" dir="0" index="1" bw="1" slack="0"/>
<pin id="136" dir="1" index="2" bw="15" slack="0"/>
</pin_list>
<bind>
<opcode="add(8) " fcode="add"/>
<opset="add_ln71_1/1 "/>
</bind>
</comp>

<comp id="139" class="1004" name="c_load_load_fu_139">
<pin_list>
<pin id="140" dir="0" index="0" bw="8" slack="0"/>
<pin id="141" dir="1" index="1" bw="8" slack="0"/>
</pin_list>
<bind>
<opcode="load(27) " fcode="load"/>
<opset="c_load/1 "/>
</bind>
</comp>

<comp id="142" class="1004" name="r_load_load_fu_142">
<pin_list>
<pin id="143" dir="0" index="0" bw="7" slack="0"/>
<pin id="144" dir="1" index="1" bw="7" slack="0"/>
</pin_list>
<bind>
<opcode="load(27) " fcode="load"/>
<opset="r_load/1 "/>
</bind>
</comp>

<comp id="145" class="1004" name="add_ln71_fu_145">
<pin_list>
<pin id="146" dir="0" index="0" bw="7" slack="0"/>
<pin id="147" dir="0" index="1" bw="1" slack="0"/>
<pin id="148" dir="1" index="2" bw="7" slack="0"/>
</pin_list>
<bind>
<opcode="add(8) " fcode="add"/>
<opset="add_ln71/1 "/>
</bind>
</comp>

<comp id="151" class="1004" name="icmp_ln73_fu_151">
<pin_list>
<pin id="152" dir="0" index="0" bw="8" slack="0"/>
<pin id="153" dir="0" index="1" bw="7" slack="0"/>
<pin id="154" dir="1" index="2" bw="1" slack="0"/>
</pin_list>
<bind>
<opcode="icmp(45) " fcode="icmp"/>
<opset="icmp_ln73/1 "/>
</bind>
</comp>

<comp id="157" class="1004" name="select_ln71_fu_157">
<pin_list>
<pin id="158" dir="0" index="0" bw="1" slack="0"/>
<pin id="159" dir="0" index="1" bw="1" slack="0"/>
<pin id="160" dir="0" index="2" bw="8" slack="0"/>
<pin id="161" dir="1" index="3" bw="8" slack="0"/>
</pin_list>
<bind>
<opcode="select(49) " fcode="select"/>
<opset="select_ln71/1 "/>
</bind>
</comp>

<comp id="165" class="1004" name="select_ln71_1_fu_165">
<pin_list>
<pin id="166" dir="0" index="0" bw="1" slack="0"/>
<pin id="167" dir="0" index="1" bw="7" slack="0"/>
<pin id="168" dir="0" index="2" bw="7" slack="0"/>
<pin id="169" dir="1" index="3" bw="7" slack="0"/>
</pin_list>
<bind>
<opcode="select(49) " fcode="select"/>
<opset="select_ln71_1/1 "/>
</bind>
</comp>

<comp id="173" class="1004" name="zext_ln77_fu_173">
<pin_list>
<pin id="174" dir="0" index="0" bw="7" slack="0"/>
<pin id="175" dir="1" index="1" bw="15" slack="0"/>
</pin_list>
<bind>
<opcode="zext(34) " fcode="zext"/>
<opset="zext_ln77/1 "/>
</bind>
</comp>

<comp id="177" class="1004" name="add_ln73_fu_177">
<pin_list>
<pin id="178" dir="0" index="0" bw="8" slack="0"/>
<pin id="179" dir="0" index="1" bw="1" slack="0"/>
<pin id="180" dir="1" index="2" bw="8" slack="0"/>
</pin_list>
<bind>
<opcode="add(8) " fcode="add"/>
<opset="add_ln73/1 "/>
</bind>
</comp>

<comp id="183" class="1004" name="store_ln73_store_fu_183">
<pin_list>
<pin id="184" dir="0" index="0" bw="15" slack="0"/>
<pin id="185" dir="0" index="1" bw="15" slack="0"/>
<pin id="186" dir="1" index="2" bw="0" slack="2147483647"/>
</pin_list>
<bind>
<opcode="store(28) " fcode="store"/>
<opset="store_ln73/1 "/>
</bind>
</comp>

<comp id="188" class="1004" name="store_ln73_store_fu_188">
<pin_list>
<pin id="189" dir="0" index="0" bw="7" slack="0"/>
<pin id="190" dir="0" index="1" bw="7" slack="0"/>
<pin id="191" dir="1" index="2" bw="0" slack="2147483647"/>
</pin_list>
<bind>
<opcode="store(28) " fcode="store"/>
<opset="store_ln73/1 "/>
</bind>
</comp>

<comp id="193" class="1004" name="store_ln73_store_fu_193">
<pin_list>
<pin id="194" dir="0" index="0" bw="8" slack="0"/>
<pin id="195" dir="0" index="1" bw="8" slack="0"/>
<pin id="196" dir="1" index="2" bw="0" slack="2147483647"/>
</pin_list>
<bind>
<opcode="store(28) " fcode="store"/>
<opset="store_ln73/1 "/>
</bind>
</comp>

<comp id="198" class="1004" name="zext_ln77_1_fu_198">
<pin_list>
<pin id="199" dir="0" index="0" bw="8" slack="2"/>
<pin id="200" dir="1" index="1" bw="15" slack="0"/>
</pin_list>
<bind>
<opcode="zext(34) " fcode="zext"/>
<opset="zext_ln77_1/3 "/>
</bind>
</comp>

<comp id="201" class="1004" name="zext_ln77_2_fu_201">
<pin_list>
<pin id="202" dir="0" index="0" bw="15" slack="0"/>
<pin id="203" dir="1" index="1" bw="64" slack="0"/>
</pin_list>
<bind>
<opcode="zext(34) " fcode="zext"/>
<opset="zext_ln77_2/4 "/>
</bind>
</comp>

<comp id="205" class="1004" name="mem1_addr_fu_205">
<pin_list>
<pin id="206" dir="0" index="0" bw="16" slack="0"/>
<pin id="207" dir="0" index="1" bw="63" slack="4"/>
<pin id="208" dir="1" index="2" bw="16" slack="1"/>
</pin_list>
<bind>
<opcode="getelementptr(29) " fcode="getelementptr"/>
<opset="mem1_addr/5 "/>
</bind>
</comp>

<comp id="210" class="1007" name="grp_fu_210">
<pin_list>
<pin id="211" dir="0" index="0" bw="7" slack="0"/>
<pin id="212" dir="0" index="1" bw="8" slack="0"/>
<pin id="213" dir="0" index="2" bw="8" slack="0"/>
<pin id="214" dir="1" index="3" bw="15" slack="0"/>
</pin_list>
<bind>
<opcode="muladd(1172) " fcode="muladd"/>
<opset="mul_ln77/1 add_ln77/3 "/>
</bind>
</comp>

<comp id="219" class="1005" name="c_reg_219">
<pin_list>
<pin id="220" dir="0" index="0" bw="8" slack="0"/>
<pin id="221" dir="1" index="1" bw="8" slack="0"/>
</pin_list>
<bind>
<opset="c "/>
</bind>
</comp>

<comp id="226" class="1005" name="r_reg_226">
<pin_list>
<pin id="227" dir="0" index="0" bw="7" slack="0"/>
<pin id="228" dir="1" index="1" bw="7" slack="0"/>
</pin_list>
<bind>
<opset="r "/>
</bind>
</comp>

<comp id="233" class="1005" name="indvar_flatten27_reg_233">
<pin_list>
<pin id="234" dir="0" index="0" bw="15" slack="0"/>
<pin id="235" dir="1" index="1" bw="15" slack="0"/>
</pin_list>
<bind>
<opset="indvar_flatten27 "/>
</bind>
</comp>

<comp id="240" class="1005" name="sext_ln71_cast_reg_240">
<pin_list>
<pin id="241" dir="0" index="0" bw="64" slack="4"/>
<pin id="242" dir="1" index="1" bw="64" slack="4"/>
</pin_list>
<bind>
<opset="sext_ln71_cast "/>
</bind>
</comp>

<comp id="245" class="1005" name="icmp_ln71_reg_245">
<pin_list>
<pin id="246" dir="0" index="0" bw="1" slack="1"/>
<pin id="247" dir="1" index="1" bw="1" slack="2147483647"/>
</pin_list>
<bind>
<opset="icmp_ln71 "/>
</bind>
</comp>

<comp id="249" class="1005" name="select_ln71_reg_249">
<pin_list>
<pin id="250" dir="0" index="0" bw="8" slack="2"/>
<pin id="251" dir="1" index="1" bw="8" slack="2"/>
</pin_list>
<bind>
<opset="select_ln71 "/>
</bind>
</comp>

<comp id="254" class="1005" name="zext_ln77_reg_254">
<pin_list>
<pin id="255" dir="0" index="0" bw="15" slack="1"/>
<pin id="256" dir="1" index="1" bw="15" slack="1"/>
</pin_list>
<bind>
<opset="zext_ln77 "/>
</bind>
</comp>

<comp id="259" class="1005" name="zext_ln77_1_reg_259">
<pin_list>
<pin id="260" dir="0" index="0" bw="15" slack="1"/>
<pin id="261" dir="1" index="1" bw="15" slack="1"/>
</pin_list>
<bind>
<opset="zext_ln77_1 "/>
</bind>
</comp>

<comp id="264" class="1005" name="Matrix_C_BRAM_V_addr_reg_264">
<pin_list>
<pin id="265" dir="0" index="0" bw="15" slack="1"/>
<pin id="266" dir="1" index="1" bw="15" slack="1"/>
</pin_list>
<bind>
<opset="Matrix_C_BRAM_V_addr "/>
</bind>
</comp>

<comp id="269" class="1005" name="mem1_addr_reg_269">
<pin_list>
<pin id="270" dir="0" index="0" bw="16" slack="1"/>
<pin id="271" dir="1" index="1" bw="16" slack="1"/>
</pin_list>
<bind>
<opset="mem1_addr "/>
</bind>
</comp>

<comp id="274" class="1005" name="Matrix_C_BRAM_V_load_reg_274">
<pin_list>
<pin id="275" dir="0" index="0" bw="16" slack="1"/>
<pin id="276" dir="1" index="1" bw="16" slack="1"/>
</pin_list>
<bind>
<opset="Matrix_C_BRAM_V_load "/>
</bind>
</comp>

</comp_list>

<net_list>
<net id="69"><net_src comp="6" pin="0"/><net_sink comp="66" pin=0"/></net>

<net id="73"><net_src comp="6" pin="0"/><net_sink comp="70" pin=0"/></net>

<net id="77"><net_src comp="6" pin="0"/><net_sink comp="74" pin=0"/></net>

<net id="82"><net_src comp="8" pin="0"/><net_sink comp="78" pin=0"/></net>

<net id="83"><net_src comp="2" pin="0"/><net_sink comp="78" pin=1"/></net>

<net id="90"><net_src comp="62" pin="0"/><net_sink comp="84" pin=0"/></net>

<net id="91"><net_src comp="64" pin="0"/><net_sink comp="84" pin=3"/></net>

<net id="97"><net_src comp="4" pin="0"/><net_sink comp="92" pin=0"/></net>

<net id="98"><net_src comp="46" pin="0"/><net_sink comp="92" pin=1"/></net>

<net id="104"><net_src comp="92" pin="3"/><net_sink comp="99" pin=0"/></net>

<net id="108"><net_src comp="78" pin="2"/><net_sink comp="105" pin=0"/></net>

<net id="113"><net_src comp="28" pin="0"/><net_sink comp="109" pin=0"/></net>

<net id="118"><net_src comp="30" pin="0"/><net_sink comp="114" pin=0"/></net>

<net id="123"><net_src comp="32" pin="0"/><net_sink comp="119" pin=0"/></net>

<net id="131"><net_src comp="124" pin="1"/><net_sink comp="127" pin=0"/></net>

<net id="132"><net_src comp="34" pin="0"/><net_sink comp="127" pin=1"/></net>

<net id="137"><net_src comp="124" pin="1"/><net_sink comp="133" pin=0"/></net>

<net id="138"><net_src comp="36" pin="0"/><net_sink comp="133" pin=1"/></net>

<net id="149"><net_src comp="142" pin="1"/><net_sink comp="145" pin=0"/></net>

<net id="150"><net_src comp="38" pin="0"/><net_sink comp="145" pin=1"/></net>

<net id="155"><net_src comp="139" pin="1"/><net_sink comp="151" pin=0"/></net>

<net id="156"><net_src comp="40" pin="0"/><net_sink comp="151" pin=1"/></net>

<net id="162"><net_src comp="151" pin="2"/><net_sink comp="157" pin=0"/></net>

<net id="163"><net_src comp="32" pin="0"/><net_sink comp="157" pin=1"/></net>

<net id="164"><net_src comp="139" pin="1"/><net_sink comp="157" pin=2"/></net>

<net id="170"><net_src comp="151" pin="2"/><net_sink comp="165" pin=0"/></net>

<net id="171"><net_src comp="145" pin="2"/><net_sink comp="165" pin=1"/></net>

<net id="172"><net_src comp="142" pin="1"/><net_sink comp="165" pin=2"/></net>

<net id="176"><net_src comp="165" pin="3"/><net_sink comp="173" pin=0"/></net>

<net id="181"><net_src comp="157" pin="3"/><net_sink comp="177" pin=0"/></net>

<net id="182"><net_src comp="44" pin="0"/><net_sink comp="177" pin=1"/></net>

<net id="187"><net_src comp="133" pin="2"/><net_sink comp="183" pin=0"/></net>

<net id="192"><net_src comp="165" pin="3"/><net_sink comp="188" pin=0"/></net>

<net id="197"><net_src comp="177" pin="2"/><net_sink comp="193" pin=0"/></net>

<net id="204"><net_src comp="201" pin="1"/><net_sink comp="92" pin=2"/></net>

<net id="209"><net_src comp="0" pin="0"/><net_sink comp="205" pin=0"/></net>

<net id="215"><net_src comp="173" pin="1"/><net_sink comp="210" pin=0"/></net>

<net id="216"><net_src comp="42" pin="0"/><net_sink comp="210" pin=1"/></net>

<net id="217"><net_src comp="198" pin="1"/><net_sink comp="210" pin=2"/></net>

<net id="218"><net_src comp="210" pin="3"/><net_sink comp="201" pin=0"/></net>

<net id="222"><net_src comp="66" pin="1"/><net_sink comp="219" pin=0"/></net>

<net id="223"><net_src comp="219" pin="1"/><net_sink comp="119" pin=1"/></net>

<net id="224"><net_src comp="219" pin="1"/><net_sink comp="139" pin=0"/></net>

<net id="225"><net_src comp="219" pin="1"/><net_sink comp="193" pin=1"/></net>

<net id="229"><net_src comp="70" pin="1"/><net_sink comp="226" pin=0"/></net>

<net id="230"><net_src comp="226" pin="1"/><net_sink comp="114" pin=1"/></net>

<net id="231"><net_src comp="226" pin="1"/><net_sink comp="142" pin=0"/></net>

<net id="232"><net_src comp="226" pin="1"/><net_sink comp="188" pin=1"/></net>

<net id="236"><net_src comp="74" pin="1"/><net_sink comp="233" pin=0"/></net>

<net id="237"><net_src comp="233" pin="1"/><net_sink comp="109" pin=1"/></net>

<net id="238"><net_src comp="233" pin="1"/><net_sink comp="124" pin=0"/></net>

<net id="239"><net_src comp="233" pin="1"/><net_sink comp="183" pin=1"/></net>

<net id="243"><net_src comp="105" pin="1"/><net_sink comp="240" pin=0"/></net>

<net id="244"><net_src comp="240" pin="1"/><net_sink comp="205" pin=1"/></net>

<net id="248"><net_src comp="127" pin="2"/><net_sink comp="245" pin=0"/></net>

<net id="252"><net_src comp="157" pin="3"/><net_sink comp="249" pin=0"/></net>

<net id="253"><net_src comp="249" pin="1"/><net_sink comp="198" pin=0"/></net>

<net id="257"><net_src comp="173" pin="1"/><net_sink comp="254" pin=0"/></net>

<net id="258"><net_src comp="254" pin="1"/><net_sink comp="210" pin=0"/></net>

<net id="262"><net_src comp="198" pin="1"/><net_sink comp="259" pin=0"/></net>

<net id="263"><net_src comp="259" pin="1"/><net_sink comp="210" pin=1"/></net>

<net id="267"><net_src comp="92" pin="3"/><net_sink comp="264" pin=0"/></net>

<net id="268"><net_src comp="264" pin="1"/><net_sink comp="99" pin=0"/></net>

<net id="272"><net_src comp="205" pin="2"/><net_sink comp="269" pin=0"/></net>

<net id="273"><net_src comp="269" pin="1"/><net_sink comp="84" pin=1"/></net>

<net id="277"><net_src comp="99" pin="3"/><net_sink comp="274" pin=0"/></net>

<net id="278"><net_src comp="274" pin="1"/><net_sink comp="84" pin=2"/></net>

</net_list>

</model> 
---------------- Datapath Model END ------------------

* FSMD analyzer results:
  - Output states:
	Port: mem1 | {6 }
 - Input state : 
	Port: matmul_Pipeline_VITIS_LOOP_71_10_VITIS_LOOP_73_11 : sext_ln71 | {1 }
	Port: matmul_Pipeline_VITIS_LOOP_71_10_VITIS_LOOP_73_11 : Matrix_C_BRAM_V | {4 5 }
  - Chain level:
	State 1
		store_ln0 : 1
		store_ln0 : 1
		store_ln0 : 1
		indvar_flatten27_load : 1
		icmp_ln71 : 2
		add_ln71_1 : 2
		br_ln71 : 3
		c_load : 1
		r_load : 1
		add_ln71 : 2
		icmp_ln73 : 2
		select_ln71 : 3
		select_ln71_1 : 3
		zext_ln77 : 4
		mul_ln77 : 5
		add_ln73 : 4
		store_ln73 : 3
		store_ln73 : 4
		store_ln73 : 5
	State 2
	State 3
		add_ln77 : 1
	State 4
		zext_ln77_2 : 1
		Matrix_C_BRAM_V_addr : 2
		Matrix_C_BRAM_V_load : 3
	State 5
	State 6


============================================================
+ Verbose Summary: Datapath Resource usage 
============================================================

* Functional unit list:
|----------|---------------------------|---------|---------|---------|
| Operation|      Functional Unit      |   DSP   |    FF   |   LUT   |
|----------|---------------------------|---------|---------|---------|
|          |     add_ln71_1_fu_133     |    0    |    0    |    20   |
|    add   |      add_ln71_fu_145      |    0    |    0    |    14   |
|          |      add_ln73_fu_177      |    0    |    0    |    15   |
|----------|---------------------------|---------|---------|---------|
|   icmp   |      icmp_ln71_fu_127     |    0    |    0    |    12   |
|          |      icmp_ln73_fu_151     |    0    |    0    |    11   |
|----------|---------------------------|---------|---------|---------|
|  select  |     select_ln71_fu_157    |    0    |    0    |    8    |
|          |    select_ln71_1_fu_165   |    0    |    0    |    7    |
|----------|---------------------------|---------|---------|---------|
|  muladd  |         grp_fu_210        |    1    |    0    |    0    |
|----------|---------------------------|---------|---------|---------|
|   read   | sext_ln71_read_read_fu_78 |    0    |    0    |    0    |
|----------|---------------------------|---------|---------|---------|
|   write  |   write_ln77_write_fu_84  |    0    |    0    |    0    |
|----------|---------------------------|---------|---------|---------|
|   sext   |   sext_ln71_cast_fu_105   |    0    |    0    |    0    |
|----------|---------------------------|---------|---------|---------|
|          |      zext_ln77_fu_173     |    0    |    0    |    0    |
|   zext   |     zext_ln77_1_fu_198    |    0    |    0    |    0    |
|          |     zext_ln77_2_fu_201    |    0    |    0    |    0    |
|----------|---------------------------|---------|---------|---------|
|   Total  |                           |    1    |    0    |    87   |
|----------|---------------------------|---------|---------|---------|

Memories:
N/A

* Register list:
+----------------------------+--------+
|                            |   FF   |
+----------------------------+--------+
|Matrix_C_BRAM_V_addr_reg_264|   15   |
|Matrix_C_BRAM_V_load_reg_274|   16   |
|          c_reg_219         |    8   |
|      icmp_ln71_reg_245     |    1   |
|  indvar_flatten27_reg_233  |   15   |
|      mem1_addr_reg_269     |   16   |
|          r_reg_226         |    7   |
|     select_ln71_reg_249    |    8   |
|   sext_ln71_cast_reg_240   |   64   |
|     zext_ln77_1_reg_259    |   15   |
|      zext_ln77_reg_254     |   15   |
+----------------------------+--------+
|            Total           |   180  |
+----------------------------+--------+

* Multiplexer (MUX) list: 
|------------------|------|------|------|--------||---------||---------|
|       Comp       |  Pin | Size |  BW  | S x BW ||  Delay  ||   LUT   |
|------------------|------|------|------|--------||---------||---------|
| grp_access_fu_99 |  p0  |   2  |  15  |   30   ||    9    |
|    grp_fu_210    |  p0  |   2  |   7  |   14   ||    9    |
|    grp_fu_210    |  p1  |   2  |   8  |   16   ||    9    |
|------------------|------|------|------|--------||---------||---------|
|       Total      |      |      |      |   60   ||  4.764  ||    27   |
|------------------|------|------|------|--------||---------||---------|



* Summary:
+-----------+--------+--------+--------+--------+
|           |   DSP  |  Delay |   FF   |   LUT  |
+-----------+--------+--------+--------+--------+
|  Function |    1   |    -   |    0   |   87   |
|   Memory  |    -   |    -   |    -   |    -   |
|Multiplexer|    -   |    4   |    -   |   27   |
|  Register |    -   |    -   |   180  |    -   |
+-----------+--------+--------+--------+--------+
|   Total   |    1   |    4   |   180  |   114  |
+-----------+--------+--------+--------+--------+
