

================================================================
== Vitis HLS Report for 'matmul_Pipeline_VITIS_LOOP_30_3_VITIS_LOOP_32_4'
================================================================
* Date:           Fri Oct  2 16:46:19 2026

* Version:        2022.2 (Build 3670227 on Oct 13 2022)
* Project:        vitis.prj
* Solution:       solution1 (Vivado IP Flow Target)
* Product family: zynq
* Target device:  xc7z020-clg400-1


================================================================
== Performance Estimates
================================================================
+ Timing: 
    * Summary: 
    +--------+----------+----------+------------+
    |  Clock |  Target  | Estimated| Uncertainty|
    +--------+----------+----------+------------+
    |ap_clk  |  10.00 ns|  7.300 ns|     2.70 ns|
    +--------+----------+----------+------------+

+ Latency: 
    * Summary: 
    +---------+---------+----------+----------+-------+-------+---------+
    |  Latency (cycles) |  Latency (absolute) |    Interval   | Pipeline|
    |   min   |   max   |    min   |    max   |  min  |  max  |   Type  |
    +---------+---------+----------+----------+-------+-------+---------+
    |    30003|    30003|  0.300 ms|  0.300 ms|  30003|  30003|       no|
    +---------+---------+----------+----------+-------+-------+---------+

    + Detail: 
        * Instance: 
        N/A

        * Loop: 
        +-----------------------------------+---------+---------+----------+-----------+-----------+-------+----------+
        |                                   |  Latency (cycles) | Iteration|  Initiation Interval  |  Trip |          |
        |             Loop Name             |   min   |   max   |  Latency |  achieved |   target  | Count | Pipelined|
        +-----------------------------------+---------+---------+----------+-----------+-----------+-------+----------+
        |- VITIS_LOOP_30_3_VITIS_LOOP_32_4  |    30001|    30001|         4|          2|          1|  15000|       yes|
        +-----------------------------------+---------+---------+----------+-----------+-----------+-------+----------+

============================================================
+ Verbose Summary: Synthesis Manager
============================================================
InlineROM: 1
ExposeGlobal: 0
============================================================
+ Verbose Summary: CDFG Model
============================================================
IsTopModel: 0
ResetActiveHigh: 1
IsCombinational: 0
IsDatapathOnly: 0
HasWiredReturn: 1
HasMFsm: 2
HasVarLatency: 1
IsPipeline: 0
IsRtlPipelined: 0
IsInstanceOverlapped: 0
IsDontTouch: 0
HasImplIP: 0
IsGatedGlobalClock: 0

+ Individual pipeline summary: 
  * Pipeline-0: initiation interval (II) = 2, depth = 4


============================================================
+ Verbose Summary: Schedule
============================================================
* Number of FSM states : 4
* Pipeline : 1
  Pipeline-0 : II = 2, D = 4, States = { 1 2 3 4 }
* Dataflow Pipeline: 0

* FSM state transitions: 
1 --> 2 
2 --> 3 
3 --> 4 
4 --> 

* FSM state operations: 

State 1 <SV = 0> <Delay = 6.30>
ST_1 : Operation 7 [1/1] (0.00ns)   --->   "%c = alloca i32 1"   --->   Operation 7 'alloca' 'c' <Predicate = true> <Delay = 0.00>
ST_1 : Operation 8 [1/1] (0.00ns)   --->   "%r = alloca i32 1"   --->   Operation 8 'alloca' 'r' <Predicate = true> <Delay = 0.00>
ST_1 : Operation 9 [1/1] (0.00ns)   --->   "%indvar_flatten6 = alloca i32 1"   --->   Operation 9 'alloca' 'indvar_flatten6' <Predicate = true> <Delay = 0.00>
ST_1 : Operation 10 [1/1] (0.00ns)   --->   "%sext_ln30_read = read i63 @_ssdm_op_Read.ap_auto.i63, i63 %sext_ln30"   --->   Operation 10 'read' 'sext_ln30_read' <Predicate = true> <Delay = 0.00>
ST_1 : Operation 11 [1/1] (0.00ns)   --->   "%sext_ln30_cast = sext i63 %sext_ln30_read"   --->   Operation 11 'sext' 'sext_ln30_cast' <Predicate = true> <Delay = 0.00>
ST_1 : Operation 12 [1/1] (0.00ns)   --->   "%specinterface_ln0 = specinterface void @_ssdm_op_SpecInterface, i16 %mem2, void @empty_1, i32 0, i32 0, void @empty_2, i32 64, i32 1, void @empty_5, void @empty_4, void @empty_2, i32 16, i32 16, i32 16, i32 16, void @empty_2, void @empty_2, i32 4294967295, i32 0"   --->   Operation 12 'specinterface' 'specinterface_ln0' <Predicate = true> <Delay = 0.00>
ST_1 : Operation 13 [1/1] (1.58ns)   --->   "%store_ln0 = store i14 0, i14 %indvar_flatten6"   --->   Operation 13 'store' 'store_ln0' <Predicate = true> <Delay = 1.58>
ST_1 : Operation 14 [1/1] (1.58ns)   --->   "%store_ln0 = store i8 0, i8 %r"   --->   Operation 14 'store' 'store_ln0' <Predicate = true> <Delay = 1.58>
ST_1 : Operation 15 [1/1] (1.58ns)   --->   "%store_ln0 = store i8 0, i8 %c"   --->   Operation 15 'store' 'store_ln0' <Predicate = true> <Delay = 1.58>
ST_1 : Operation 16 [1/1] (0.00ns)   --->   "%br_ln0 = br void %for.inc66"   --->   Operation 16 'br' 'br_ln0' <Predicate = true> <Delay = 0.00>
ST_1 : Operation 17 [1/1] (0.00ns)   --->   "%indvar_flatten6_load = load i14 %indvar_flatten6" [matmul.cpp:30]   --->   Operation 17 'load' 'indvar_flatten6_load' <Predicate = true> <Delay = 0.00>
ST_1 : Operation 18 [1/1] (0.00ns)   --->   "%specbitsmap_ln0 = specbitsmap void @_ssdm_op_SpecBitsMap, i16 %mem2"   --->   Operation 18 'specbitsmap' 'specbitsmap_ln0' <Predicate = true> <Delay = 0.00>
ST_1 : Operation 19 [1/1] (0.00ns)   --->   "%mem2_addr = getelementptr i16 %mem2, i64 %sext_ln30_cast" [matmul.cpp:30]   --->   Operation 19 'getelementptr' 'mem2_addr' <Predicate = true> <Delay = 0.00>
ST_1 : Operation 20 [1/1] (2.20ns)   --->   "%icmp_ln30 = icmp_eq  i14 %indvar_flatten6_load, i14 15000" [matmul.cpp:30]   --->   Operation 20 'icmp' 'icmp_ln30' <Predicate = true> <Delay = 2.20> <CoreInst = "Cmp">   --->   Core 9 'Cmp' <Latency = 0> <II = 1> <Delay = 2.20> <FuncUnit> <Opcode : 'icmp'> <InPorts = 2> <OutPorts = 1>
ST_1 : Operation 21 [1/1] (1.81ns)   --->   "%add_ln30_1 = add i14 %indvar_flatten6_load, i14 1" [matmul.cpp:30]   --->   Operation 21 'add' 'add_ln30_1' <Predicate = true> <Delay = 1.81> <CoreInst = "Adder">   --->   Core 1 'Adder' <Latency = 0> <II = 1> <Delay = 1.81> <FuncUnit> <Opcode : 'add' 'sub'> <InPorts = 2> <OutPorts = 1>
ST_1 : Operation 22 [1/1] (0.00ns)   --->   "%br_ln30 = br i1 %icmp_ln30, void %for.inc69, void %for.inc86.preheader.exitStub" [matmul.cpp:30]   --->   Operation 22 'br' 'br_ln30' <Predicate = true> <Delay = 0.00>
ST_1 : Operation 23 [1/1] (0.00ns)   --->   "%c_load = load i8 %c" [matmul.cpp:32]   --->   Operation 23 'load' 'c_load' <Predicate = (!icmp_ln30)> <Delay = 0.00>
ST_1 : Operation 24 [1/1] (0.00ns)   --->   "%r_load = load i8 %r" [matmul.cpp:30]   --->   Operation 24 'load' 'r_load' <Predicate = (!icmp_ln30)> <Delay = 0.00>
ST_1 : Operation 25 [1/1] (1.91ns)   --->   "%add_ln30 = add i8 %r_load, i8 1" [matmul.cpp:30]   --->   Operation 25 'add' 'add_ln30' <Predicate = (!icmp_ln30)> <Delay = 1.91> <CoreInst = "Adder">   --->   Core 1 'Adder' <Latency = 0> <II = 1> <Delay = 1.91> <FuncUnit> <Opcode : 'add' 'sub'> <InPorts = 2> <OutPorts = 1>
ST_1 : Operation 26 [1/1] (1.55ns)   --->   "%icmp_ln32 = icmp_ult  i8 %c_load, i8 200" [matmul.cpp:32]   --->   Operation 26 'icmp' 'icmp_ln32' <Predicate = (!icmp_ln30)> <Delay = 1.55> <CoreInst = "Cmp">   --->   Core 9 'Cmp' <Latency = 0> <II = 1> <Delay = 1.55> <FuncUnit> <Opcode : 'icmp'> <InPorts = 2> <OutPorts = 1>
ST_1 : Operation 27 [1/1] (1.24ns)   --->   "%select_ln30 = select i1 %icmp_ln32, i8 %c_load, i8 0" [matmul.cpp:30]   --->   Operation 27 'select' 'select_ln30' <Predicate = (!icmp_ln30)> <Delay = 1.24> <CoreInst = "Sel">   --->   Core 73 'Sel' <Latency = 0> <II = 1> <Delay = 1.24> <FuncUnit> <Opcode : 'select'> <InPorts = 3> <OutPorts = 1>
ST_1 : Operation 28 [1/1] (1.24ns)   --->   "%select_ln30_1 = select i1 %icmp_ln32, i8 %r_load, i8 %add_ln30" [matmul.cpp:30]   --->   Operation 28 'select' 'select_ln30_1' <Predicate = (!icmp_ln30)> <Delay = 1.24> <CoreInst = "Sel">   --->   Core 73 'Sel' <Latency = 0> <II = 1> <Delay = 1.24> <FuncUnit> <Opcode : 'select'> <InPorts = 3> <OutPorts = 1>
ST_1 : Operation 29 [1/1] (1.91ns)   --->   "%add_ln32 = add i8 %select_ln30, i8 2" [matmul.cpp:32]   --->   Operation 29 'add' 'add_ln32' <Predicate = (!icmp_ln30)> <Delay = 1.91> <CoreInst = "Adder">   --->   Core 1 'Adder' <Latency = 0> <II = 1> <Delay = 1.91> <FuncUnit> <Opcode : 'add' 'sub'> <InPorts = 2> <OutPorts = 1>
ST_1 : Operation 30 [1/1] (1.58ns)   --->   "%store_ln32 = store i14 %add_ln30_1, i14 %indvar_flatten6" [matmul.cpp:32]   --->   Operation 30 'store' 'store_ln32' <Predicate = (!icmp_ln30)> <Delay = 1.58>
ST_1 : Operation 31 [1/1] (1.58ns)   --->   "%store_ln32 = store i8 %select_ln30_1, i8 %r" [matmul.cpp:32]   --->   Operation 31 'store' 'store_ln32' <Predicate = (!icmp_ln30)> <Delay = 1.58>
ST_1 : Operation 32 [1/1] (1.58ns)   --->   "%store_ln32 = store i8 %add_ln32, i8 %c" [matmul.cpp:32]   --->   Operation 32 'store' 'store_ln32' <Predicate = (!icmp_ln30)> <Delay = 1.58>

State 2 <SV = 1> <Delay = 7.30>
ST_2 : Operation 33 [1/1] (0.00ns)   --->   "%zext_ln32 = zext i8 %select_ln30_1" [matmul.cpp:32]   --->   Operation 33 'zext' 'zext_ln32' <Predicate = (!icmp_ln30)> <Delay = 0.00>
ST_2 : Operation 34 [1/1] (4.35ns)   --->   "%mul_ln32 = mul i15 %zext_ln32, i15 200" [matmul.cpp:32]   --->   Operation 34 'mul' 'mul_ln32' <Predicate = (!icmp_ln30)> <Delay = 4.35> <CoreInst = "Multiplier">   --->   Core 3 'Multiplier' <Latency = 0> <II = 1> <Delay = 4.35> <FuncUnit> <Opcode : 'mul'> <InPorts = 2> <OutPorts = 1>
ST_2 : Operation 35 [1/1] (7.30ns)   --->   "%mem2_addr_read = read i16 @_ssdm_op_Read.m_axi.p1i16, i16 %mem2_addr" [matmul.cpp:36]   --->   Operation 35 'read' 'mem2_addr_read' <Predicate = (!icmp_ln30)> <Delay = 7.30> <CoreInst = "m_axi">   --->   Core 113 'm_axi' <Latency = 0> <II = 1> <Delay = 1.00> <Adapter> <Opcode : 'read' 'write' 'readreq' 'writereq' 'writeresp'>
ST_2 : Operation 53 [1/1] (0.00ns)   --->   "%ret_ln0 = ret"   --->   Operation 53 'ret' 'ret_ln0' <Predicate = (icmp_ln30)> <Delay = 0.00>

State 3 <SV = 2> <Delay = 7.30>
ST_3 : Operation 36 [1/1] (0.00ns)   --->   "%zext_ln36 = zext i8 %select_ln30" [matmul.cpp:36]   --->   Operation 36 'zext' 'zext_ln36' <Predicate = true> <Delay = 0.00>
ST_3 : Operation 37 [1/1] (1.94ns)   --->   "%add_ln36 = add i15 %mul_ln32, i15 %zext_ln36" [matmul.cpp:36]   --->   Operation 37 'add' 'add_ln36' <Predicate = true> <Delay = 1.94> <CoreInst = "Adder">   --->   Core 1 'Adder' <Latency = 0> <II = 1> <Delay = 1.94> <FuncUnit> <Opcode : 'add' 'sub'> <InPorts = 2> <OutPorts = 1>
ST_3 : Operation 38 [1/1] (0.00ns)   --->   "%zext_ln36_1 = zext i15 %add_ln36" [matmul.cpp:36]   --->   Operation 38 'zext' 'zext_ln36_1' <Predicate = true> <Delay = 0.00>
ST_3 : Operation 39 [1/1] (0.00ns)   --->   "%Matrix_B_BRAM_V_addr = getelementptr i16 %Matrix_B_BRAM_V, i64 0, i64 %zext_ln36_1" [matmul.cpp:36]   --->   Operation 39 'getelementptr' 'Matrix_B_BRAM_V_addr' <Predicate = true> <Delay = 0.00>
ST_3 : Operation 40 [1/1] (7.30ns)   --->   "%mem2_addr_read_1 = read i16 @_ssdm_op_Read.m_axi.p1i16, i16 %mem2_addr" [matmul.cpp:36]   --->   Operation 40 'read' 'mem2_addr_read_1' <Predicate = true> <Delay = 7.30> <CoreInst = "m_axi">   --->   Core 113 'm_axi' <Latency = 0> <II = 1> <Delay = 1.00> <Adapter> <Opcode : 'read' 'write' 'readreq' 'writereq' 'writeresp'>
ST_3 : Operation 41 [1/1] (3.25ns)   --->   "%store_ln36 = store i16 %mem2_addr_read, i15 %Matrix_B_BRAM_V_addr" [matmul.cpp:36]   --->   Operation 41 'store' 'store_ln36' <Predicate = true> <Delay = 3.25> <CoreInst = "RAM">   --->   Core 82 'RAM' <Latency = 1> <II = 1> <Delay = 3.25> <Storage> <Opcode : 'load' 'store'> <Ports = 2> <Width = 16> <Depth = 30000> <RAM>
ST_3 : Operation 42 [1/1] (0.00ns) (grouped into LUT with out node add_ln36_1)   --->   "%or_ln32 = or i8 %select_ln30, i8 1" [matmul.cpp:32]   --->   Operation 42 'or' 'or_ln32' <Predicate = true> <Delay = 0.00>
ST_3 : Operation 43 [1/1] (0.00ns) (grouped into LUT with out node add_ln36_1)   --->   "%zext_ln36_2 = zext i8 %or_ln32" [matmul.cpp:36]   --->   Operation 43 'zext' 'zext_ln36_2' <Predicate = true> <Delay = 0.00>
ST_3 : Operation 44 [1/1] (1.94ns) (out node of the LUT)   --->   "%add_ln36_1 = add i15 %mul_ln32, i15 %zext_ln36_2" [matmul.cpp:36]   --->   Operation 44 'add' 'add_ln36_1' <Predicate = true> <Delay = 1.94> <CoreInst = "Adder">   --->   Core 1 'Adder' <Latency = 0> <II = 1> <Delay = 1.94> <FuncUnit> <Opcode : 'add' 'sub'> <InPorts = 2> <OutPorts = 1>

State 4 <SV = 3> <Delay = 3.25>
ST_4 : Operation 45 [1/1] (0.00ns)   --->   "%specloopname_ln0 = specloopname void @_ssdm_op_SpecLoopName, void @VITIS_LOOP_30_3_VITIS_LOOP_32_4_str"   --->   Operation 45 'specloopname' 'specloopname_ln0' <Predicate = true> <Delay = 0.00>
ST_4 : Operation 46 [1/1] (0.00ns)   --->   "%empty = speclooptripcount i32 @_ssdm_op_SpecLoopTripCount, i64 15000, i64 15000, i64 15000"   --->   Operation 46 'speclooptripcount' 'empty' <Predicate = true> <Delay = 0.00>
ST_4 : Operation 47 [1/1] (0.00ns)   --->   "%specpipeline_ln34 = specpipeline void @_ssdm_op_SpecPipeline, i32 1, i32 0, i32 0, i32 0, void @empty_2" [matmul.cpp:34]   --->   Operation 47 'specpipeline' 'specpipeline_ln34' <Predicate = true> <Delay = 0.00>
ST_4 : Operation 48 [1/1] (0.00ns)   --->   "%specloopname_ln32 = specloopname void @_ssdm_op_SpecLoopName, void @empty_13" [matmul.cpp:32]   --->   Operation 48 'specloopname' 'specloopname_ln32' <Predicate = true> <Delay = 0.00>
ST_4 : Operation 49 [1/1] (0.00ns)   --->   "%zext_ln36_3 = zext i15 %add_ln36_1" [matmul.cpp:36]   --->   Operation 49 'zext' 'zext_ln36_3' <Predicate = true> <Delay = 0.00>
ST_4 : Operation 50 [1/1] (0.00ns)   --->   "%Matrix_B_BRAM_V_addr_1 = getelementptr i16 %Matrix_B_BRAM_V, i64 0, i64 %zext_ln36_3" [matmul.cpp:36]   --->   Operation 50 'getelementptr' 'Matrix_B_BRAM_V_addr_1' <Predicate = true> <Delay = 0.00>
ST_4 : Operation 51 [1/1] (3.25ns)   --->   "%store_ln36 = store i16 %mem2_addr_read_1, i15 %Matrix_B_BRAM_V_addr_1" [matmul.cpp:36]   --->   Operation 51 'store' 'store_ln36' <Predicate = true> <Delay = 3.25> <CoreInst = "RAM">   --->   Core 82 'RAM' <Latency = 1> <II = 1> <Delay = 3.25> <Storage> <Opcode : 'load' 'store'> <Ports = 2> <Width = 16> <Depth = 30000> <RAM>
ST_4 : Operation 52 [1/1] (0.00ns)   --->   "%br_ln32 = br void %for.inc66" [matmul.cpp:32]   --->   Operation 52 'br' 'br_ln32' <Predicate = true> <Delay = 0.00>


============================================================
+ Verbose Summary: Binding
============================================================
STG Binding: 
---------------- STG Properties BEGIN ----------------
- Is combinational: 0
- Is one-state seq: 0
- Is datapath-only: 0
- Is pipelined: 0
- Is top level: 0
Port [ Return ] is wired: 1; IO mode=ap_ctrl_hs:ce=0
Port [ mem2]:  wired=1; compound=1; hidden=0; nouse=0; global=0; static=0; extern=0; dir=0; type=4; pingpong=0; private_global=0; IO mode=m_axi:ce=0
Port [ sext_ln30]:  wired=1; compound=0; hidden=0; nouse=0; global=0; static=0; extern=0; dir=0; type=0; pingpong=0; private_global=0; IO mode=ap_none:ce=0
Port [ Matrix_B_BRAM_V]:  wired=1; compound=1; hidden=0; nouse=0; global=0; static=0; extern=0; dir=1; type=1; pingpong=0; private_global=0; MemPort=[03]; IO mode=ap_memory:ce=0
---------------- STG Properties END ------------------

---------------- Datapath Model BEGIN ----------------

<LifeTime>
<method=bitvector/>
c                      (alloca           ) [ 01000]
r                      (alloca           ) [ 01000]
indvar_flatten6        (alloca           ) [ 01000]
sext_ln30_read         (read             ) [ 00000]
sext_ln30_cast         (sext             ) [ 00000]
specinterface_ln0      (specinterface    ) [ 00000]
store_ln0              (store            ) [ 00000]
store_ln0              (store            ) [ 00000]
store_ln0              (store            ) [ 00000]
br_ln0                 (br               ) [ 00000]
indvar_flatten6_load   (load             ) [ 00000]
specbitsmap_ln0        (specbitsmap      ) [ 00000]
mem2_addr              (getelementptr    ) [ 01110]
icmp_ln30              (icmp             ) [ 01100]
add_ln30_1             (add              ) [ 00000]
br_ln30                (br               ) [ 00000]
c_load                 (load             ) [ 00000]
r_load                 (load             ) [ 00000]
add_ln30               (add              ) [ 00000]
icmp_ln32              (icmp             ) [ 00000]
select_ln30            (select           ) [ 01110]
select_ln30_1          (select           ) [ 00100]
add_ln32               (add              ) [ 00000]
store_ln32             (store            ) [ 00000]
store_ln32             (store            ) [ 00000]
store_ln32             (store            ) [ 00000]
zext_ln32              (zext             ) [ 00000]
mul_ln32               (mul              ) [ 01010]
mem2_addr_read         (read             ) [ 01010]
zext_ln36              (zext             ) [ 00000]
add_ln36               (add              ) [ 00000]
zext_ln36_1            (zext             ) [ 00000]
Matrix_B_BRAM_V_addr   (getelementptr    ) [ 00000]
mem2_addr_read_1       (read             ) [ 00101]
store_ln36             (store            ) [ 00000]
or_ln32                (or               ) [ 00000]
zext_ln36_2            (zext             ) [ 00000]
add_ln36_1             (add              ) [ 00101]
specloopname_ln0       (specloopname     ) [ 00000]
empty                  (speclooptripcount) [ 00000]
specpipeline_ln34      (specpipeline     ) [ 00000]
specloopname_ln32      (specloopname     ) [ 00000]
zext_ln36_3            (zext             ) [ 00000]
Matrix_B_BRAM_V_addr_1 (getelementptr    ) [ 00000]
store_ln36             (store            ) [ 00000]
br_ln32                (br               ) [ 00000]
ret_ln0                (ret              ) [ 00000]
</LifeTime>

<model>

<comp_list>
<comp id="0" class="1000" name="mem2">
<pin_list>
<pin id="1" dir="1" index="0" bw="1" slack="0"/>
</pin_list>
<bind>
<StgValue><ssdm name="mem2"/></StgValue>
</bind>
</comp>

<comp id="2" class="1000" name="sext_ln30">
<pin_list>
<pin id="3" dir="1" index="0" bw="1" slack="0"/>
</pin_list>
<bind>
<StgValue><ssdm name="sext_ln30"/></StgValue>
</bind>
</comp>

<comp id="4" class="1000" name="Matrix_B_BRAM_V">
<pin_list>
<pin id="5" dir="1" index="0" bw="1" slack="0"/>
</pin_list>
<bind>
<StgValue><ssdm name="Matrix_B_BRAM_V"/><MemPortTyVec>0 3 </MemPortTyVec>
</StgValue>
</bind>
</comp>

<comp id="6" class="1001" name="const_6">
<pin_list>
<pin id="7" dir="1" index="0" bw="1" slack="0"/>
</pin_list>
<bind>
<StgValue><ssdm name=""/></StgValue>
</bind>
</comp>

<comp id="8" class="1001" name="const_8">
<pin_list>
<pin id="9" dir="1" index="0" bw="1" slack="0"/>
</pin_list>
<bind>
<StgValue><ssdm name="_ssdm_op_Read.ap_auto.i63"/></StgValue>
</bind>
</comp>

<comp id="10" class="1001" name="const_10">
<pin_list>
<pin id="11" dir="1" index="0" bw="1" slack="2147483647"/>
</pin_list>
<bind>
<StgValue><ssdm name="_ssdm_op_SpecInterface"/></StgValue>
</bind>
</comp>

<comp id="12" class="1001" name="const_12">
<pin_list>
<pin id="13" dir="1" index="0" bw="1" slack="2147483647"/>
</pin_list>
<bind>
<StgValue><ssdm name="empty_1"/></StgValue>
</bind>
</comp>

<comp id="14" class="1001" name="const_14">
<pin_list>
<pin id="15" dir="1" index="0" bw="1" slack="2147483647"/>
</pin_list>
<bind>
<StgValue><ssdm name=""/></StgValue>
</bind>
</comp>

<comp id="16" class="1001" name="const_16">
<pin_list>
<pin id="17" dir="1" index="0" bw="1" slack="2147483647"/>
</pin_list>
<bind>
<StgValue><ssdm name="empty_2"/></StgValue>
</bind>
</comp>

<comp id="18" class="1001" name="const_18">
<pin_list>
<pin id="19" dir="1" index="0" bw="1" slack="2147483647"/>
</pin_list>
<bind>
<StgValue><ssdm name=""/></StgValue>
</bind>
</comp>

<comp id="20" class="1001" name="const_20">
<pin_list>
<pin id="21" dir="1" index="0" bw="1" slack="2147483647"/>
</pin_list>
<bind>
<StgValue><ssdm name="empty_5"/></StgValue>
</bind>
</comp>

<comp id="22" class="1001" name="const_22">
<pin_list>
<pin id="23" dir="1" index="0" bw="1" slack="2147483647"/>
</pin_list>
<bind>
<StgValue><ssdm name="empty_4"/></StgValue>
</bind>
</comp>

<comp id="24" class="1001" name="const_24">
<pin_list>
<pin id="25" dir="1" index="0" bw="1" slack="2147483647"/>
</pin_list>
<bind>
<StgValue><ssdm name=""/></StgValue>
</bind>
</comp>

<comp id="26" class="1001" name="const_26">
<pin_list>
<pin id="27" dir="1" index="0" bw="1" slack="2147483647"/>
</pin_list>
<bind>
<StgValue><ssdm name=""/></StgValue>
</bind>
</comp>

<comp id="28" class="1001" name="const_28">
<pin_list>
<pin id="29" dir="1" index="0" bw="1" slack="0"/>
</pin_list>
<bind>
<StgValue><ssdm name=""/></StgValue>
</bind>
</comp>

<comp id="30" class="1001" name="const_30">
<pin_list>
<pin id="31" dir="1" index="0" bw="1" slack="0"/>
</pin_list>
<bind>
<StgValue><ssdm name=""/></StgValue>
</bind>
</comp>

<comp id="32" class="1001" name="const_32">
<pin_list>
<pin id="33" dir="1" index="0" bw="1" slack="2147483647"/>
</pin_list>
<bind>
<StgValue><ssdm name="_ssdm_op_SpecBitsMap"/></StgValue>
</bind>
</comp>

<comp id="34" class="1001" name="const_34">
<pin_list>
<pin id="35" dir="1" index="0" bw="1" slack="0"/>
</pin_list>
<bind>
<StgValue><ssdm name=""/></StgValue>
</bind>
</comp>

<comp id="36" class="1001" name="const_36">
<pin_list>
<pin id="37" dir="1" index="0" bw="1" slack="0"/>
</pin_list>
<bind>
<StgValue><ssdm name=""/></StgValue>
</bind>
</comp>

<comp id="38" class="1001" name="const_38">
<pin_list>
<pin id="39" dir="1" index="0" bw="1" slack="0"/>
</pin_list>
<bind>
<StgValue><ssdm name=""/></StgValue>
</bind>
</comp>

<comp id="40" class="1001" name="const_40">
<pin_list>
<pin id="41" dir="1" index="0" bw="1" slack="0"/>
</pin_list>
<bind>
<StgValue><ssdm name=""/></StgValue>
</bind>
</comp>

<comp id="42" class="1001" name="const_42">
<pin_list>
<pin id="43" dir="1" index="0" bw="1" slack="0"/>
</pin_list>
<bind>
<StgValue><ssdm name=""/></StgValue>
</bind>
</comp>

<comp id="44" class="1001" name="const_44">
<pin_list>
<pin id="45" dir="1" index="0" bw="1" slack="0"/>
</pin_list>
<bind>
<StgValue><ssdm name=""/></StgValue>
</bind>
</comp>

<comp id="46" class="1001" name="const_46">
<pin_list>
<pin id="47" dir="1" index="0" bw="1" slack="0"/>
</pin_list>
<bind>
<StgValue><ssdm name="_ssdm_op_Read.m_axi.p1i16"/></StgValue>
</bind>
</comp>

<comp id="48" class="1001" name="const_48">
<pin_list>
<pin id="49" dir="1" index="0" bw="1" slack="0"/>
</pin_list>
<bind>
<StgValue><ssdm name=""/></StgValue>
</bind>
</comp>

<comp id="50" class="1001" name="const_50">
<pin_list>
<pin id="51" dir="1" index="0" bw="1" slack="2147483647"/>
</pin_list>
<bind>
<StgValue><ssdm name="_ssdm_op_SpecLoopName"/></StgValue>
</bind>
</comp>

<comp id="52" class="1001" name="const_52">
<pin_list>
<pin id="53" dir="1" index="0" bw="1" slack="2147483647"/>
</pin_list>
<bind>
<StgValue><ssdm name="VITIS_LOOP_30_3_VITIS_LOOP_32_4_str"/></StgValue>
</bind>
</comp>

<comp id="54" class="1001" name="const_54">
<pin_list>
<pin id="55" dir="1" index="0" bw="1" slack="2147483647"/>
</pin_list>
<bind>
<StgValue><ssdm name="_ssdm_op_SpecLoopTripCount"/></StgValue>
</bind>
</comp>

<comp id="56" class="1001" name="const_56">
<pin_list>
<pin id="57" dir="1" index="0" bw="1" slack="2147483647"/>
</pin_list>
<bind>
<StgValue><ssdm name=""/></StgValue>
</bind>
</comp>

<comp id="58" class="1001" name="const_58">
<pin_list>
<pin id="59" dir="1" index="0" bw="1" slack="2147483647"/>
</pin_list>
<bind>
<StgValue><ssdm name="_ssdm_op_SpecPipeline"/></StgValue>
</bind>
</comp>

<comp id="60" class="1001" name="const_60">
<pin_list>
<pin id="61" dir="1" index="0" bw="1" slack="2147483647"/>
</pin_list>
<bind>
<StgValue><ssdm name="empty_13"/></StgValue>
</bind>
</comp>

<comp id="62" class="1004" name="c_fu_62">
<pin_list>
<pin id="63" dir="0" index="0" bw="1" slack="0"/>
<pin id="64" dir="1" index="1" bw="8" slack="0"/>
</pin_list>
<bind>
<opcode="alloca(26) " fcode="alloca"/>
<opset="c/1 "/>
</bind>
</comp>

<comp id="66" class="1004" name="r_fu_66">
<pin_list>
<pin id="67" dir="0" index="0" bw="1" slack="0"/>
<pin id="68" dir="1" index="1" bw="8" slack="0"/>
</pin_list>
<bind>
<opcode="alloca(26) " fcode="alloca"/>
<opset="r/1 "/>
</bind>
</comp>

<comp id="70" class="1004" name="indvar_flatten6_fu_70">
<pin_list>
<pin id="71" dir="0" index="0" bw="1" slack="0"/>
<pin id="72" dir="1" index="1" bw="14" slack="0"/>
</pin_list>
<bind>
<opcode="alloca(26) " fcode="alloca"/>
<opset="indvar_flatten6/1 "/>
</bind>
</comp>

<comp id="74" class="1004" name="sext_ln30_read_read_fu_74">
<pin_list>
<pin id="75" dir="0" index="0" bw="63" slack="0"/>
<pin id="76" dir="0" index="1" bw="63" slack="0"/>
<pin id="77" dir="1" index="2" bw="63" slack="0"/>
</pin_list>
<bind>
<opcode="read(1150) " fcode="read"/>
<opset="sext_ln30_read/1 "/>
</bind>
</comp>

<comp id="80" class="1004" name="grp_read_fu_80">
<pin_list>
<pin id="81" dir="0" index="0" bw="16" slack="0"/>
<pin id="82" dir="0" index="1" bw="16" slack="1"/>
<pin id="83" dir="1" index="2" bw="16" slack="1"/>
</pin_list>
<bind>
<opcode="read(1150) " fcode="read"/>
<opset="mem2_addr_read/2 mem2_addr_read_1/3 "/>
</bind>
</comp>

<comp id="85" class="1004" name="Matrix_B_BRAM_V_addr_gep_fu_85">
<pin_list>
<pin id="86" dir="0" index="0" bw="16" slack="0"/>
<pin id="87" dir="0" index="1" bw="1" slack="0"/>
<pin id="88" dir="0" index="2" bw="15" slack="0"/>
<pin id="89" dir="1" index="3" bw="15" slack="0"/>
</pin_list>
<bind>
<opcode="getelementptr(29) " fcode="getelementptr"/>
<opset="Matrix_B_BRAM_V_addr/3 "/>
</bind>
</comp>

<comp id="92" class="1004" name="grp_access_fu_92">
<pin_list>
<pin id="93" dir="0" index="0" bw="15" slack="0"/>
<pin id="94" dir="0" index="1" bw="16" slack="1"/>
<pin id="95" dir="0" index="2" bw="0" slack="2147483647"/>
<pin id="96" dir="1" index="3" bw="16" slack="2147483647"/>
</pin_list>
<bind>
<opcode="store(28) " fcode="store"/>
<opset="store_ln36/3 store_ln36/4 "/>
</bind>
</comp>

<comp id="98" class="1004" name="Matrix_B_BRAM_V_addr_1_gep_fu_98">
<pin_list>
<pin id="99" dir="0" index="0" bw="16" slack="0"/>
<pin id="100" dir="0" index="1" bw="1" slack="0"/>
<pin id="101" dir="0" index="2" bw="15" slack="0"/>
<pin id="102" dir="1" index="3" bw="15" slack="0"/>
</pin_list>
<bind>
<opcode="getelementptr(29) " fcode="getelementptr"/>
<opset="Matrix_B_BRAM_V_addr_1/4 "/>
</bind>
</comp>

<comp id="106" class="1005" name="reg_106">
<pin_list>
<pin id="107" dir="0" index="0" bw="16" slack="1"/>
<pin id="108" dir="1" index="1" bw="16" slack="1"/>
</pin_list>
<bind>
<opset="mem2_addr_read mem2_addr_read_1 "/>
</bind>
</comp>

<comp id="111" class="1004" name="sext_ln30_cast_fu_111">
<pin_list>
<pin id="112" dir="0" index="0" bw="63" slack="0"/>
<pin id="113" dir="1" index="1" bw="64" slack="0"/>
</pin_list>
<bind>
<opcode="sext(35) " fcode="sext"/>
<opset="sext_ln30_cast/1 "/>
</bind>
</comp>

<comp id="115" class="1004" name="store_ln0_store_fu_115">
<pin_list>
<pin id="116" dir="0" index="0" bw="1" slack="0"/>
<pin id="117" dir="0" index="1" bw="14" slack="0"/>
<pin id="118" dir="1" index="2" bw="0" slack="2147483647"/>
</pin_list>
<bind>
<opcode="store(28) " fcode="store"/>
<opset="store_ln0/1 "/>
</bind>
</comp>

<comp id="120" class="1004" name="store_ln0_store_fu_120">
<pin_list>
<pin id="121" dir="0" index="0" bw="1" slack="0"/>
<pin id="122" dir="0" index="1" bw="8" slack="0"/>
<pin id="123" dir="1" index="2" bw="0" slack="2147483647"/>
</pin_list>
<bind>
<opcode="store(28) " fcode="store"/>
<opset="store_ln0/1 "/>
</bind>
</comp>

<comp id="125" class="1004" name="store_ln0_store_fu_125">
<pin_list>
<pin id="126" dir="0" index="0" bw="1" slack="0"/>
<pin id="127" dir="0" index="1" bw="8" slack="0"/>
<pin id="128" dir="1" index="2" bw="0" slack="2147483647"/>
</pin_list>
<bind>
<opcode="store(28) " fcode="store"/>
<opset="store_ln0/1 "/>
</bind>
</comp>

<comp id="130" class="1004" name="indvar_flatten6_load_load_fu_130">
<pin_list>
<pin id="131" dir="0" index="0" bw="14" slack="0"/>
<pin id="132" dir="1" index="1" bw="14" slack="0"/>
</pin_list>
<bind>
<opcode="load(27) " fcode="load"/>
<opset="indvar_flatten6_load/1 "/>
</bind>
</comp>

<comp id="133" class="1004" name="mem2_addr_fu_133">
<pin_list>
<pin id="134" dir="0" index="0" bw="16" slack="0"/>
<pin id="135" dir="0" index="1" bw="63" slack="0"/>
<pin id="136" dir="1" index="2" bw="16" slack="1"/>
</pin_list>
<bind>
<opcode="getelementptr(29) " fcode="getelementptr"/>
<opset="mem2_addr/1 "/>
</bind>
</comp>

<comp id="139" class="1004" name="icmp_ln30_fu_139">
<pin_list>
<pin id="140" dir="0" index="0" bw="14" slack="0"/>
<pin id="141" dir="0" index="1" bw="12" slack="0"/>
<pin id="142" dir="1" index="2" bw="1" slack="1"/>
</pin_list>
<bind>
<opcode="icmp(45) " fcode="icmp"/>
<opset="icmp_ln30/1 "/>
</bind>
</comp>

<comp id="145" class="1004" name="add_ln30_1_fu_145">
<pin_list>
<pin id="146" dir="0" index="0" bw="14" slack="0"/>
<pin id="147" dir="0" index="1" bw="1" slack="0"/>
<pin id="148" dir="1" index="2" bw="14" slack="0"/>
</pin_list>
<bind>
<opcode="add(8) " fcode="add"/>
<opset="add_ln30_1/1 "/>
</bind>
</comp>

<comp id="151" class="1004" name="c_load_load_fu_151">
<pin_list>
<pin id="152" dir="0" index="0" bw="8" slack="0"/>
<pin id="153" dir="1" index="1" bw="8" slack="0"/>
</pin_list>
<bind>
<opcode="load(27) " fcode="load"/>
<opset="c_load/1 "/>
</bind>
</comp>

<comp id="154" class="1004" name="r_load_load_fu_154">
<pin_list>
<pin id="155" dir="0" index="0" bw="8" slack="0"/>
<pin id="156" dir="1" index="1" bw="8" slack="0"/>
</pin_list>
<bind>
<opcode="load(27) " fcode="load"/>
<opset="r_load/1 "/>
</bind>
</comp>

<comp id="157" class="1004" name="add_ln30_fu_157">
<pin_list>
<pin id="158" dir="0" index="0" bw="8" slack="0"/>
<pin id="159" dir="0" index="1" bw="1" slack="0"/>
<pin id="160" dir="1" index="2" bw="8" slack="0"/>
</pin_list>
<bind>
<opcode="add(8) " fcode="add"/>
<opset="add_ln30/1 "/>
</bind>
</comp>

<comp id="163" class="1004" name="icmp_ln32_fu_163">
<pin_list>
<pin id="164" dir="0" index="0" bw="8" slack="0"/>
<pin id="165" dir="0" index="1" bw="8" slack="0"/>
<pin id="166" dir="1" index="2" bw="1" slack="0"/>
</pin_list>
<bind>
<opcode="icmp(45) " fcode="icmp"/>
<opset="icmp_ln32/1 "/>
</bind>
</comp>

<comp id="169" class="1004" name="select_ln30_fu_169">
<pin_list>
<pin id="170" dir="0" index="0" bw="1" slack="0"/>
<pin id="171" dir="0" index="1" bw="8" slack="0"/>
<pin id="172" dir="0" index="2" bw="1" slack="0"/>
<pin id="173" dir="1" index="3" bw="8" slack="0"/>
</pin_list>
<bind>
<opcode="select(49) " fcode="select"/>
<opset="select_ln30/1 "/>
</bind>
</comp>

<comp id="177" class="1004" name="select_ln30_1_fu_177">
<pin_list>
<pin id="178" dir="0" index="0" bw="1" slack="0"/>
<pin id="179" dir="0" index="1" bw="8" slack="0"/>
<pin id="180" dir="0" index="2" bw="8" slack="0"/>
<pin id="181" dir="1" index="3" bw="8" slack="0"/>
</pin_list>
<bind>
<opcode="select(49) " fcode="select"/>
<opset="select_ln30_1/1 "/>
</bind>
</comp>

<comp id="185" class="1004" name="add_ln32_fu_185">
<pin_list>
<pin id="186" dir="0" index="0" bw="8" slack="0"/>
<pin id="187" dir="0" index="1" bw="3" slack="0"/>
<pin id="188" dir="1" index="2" bw="8" slack="0"/>
</pin_list>
<bind>
<opcode="add(8) " fcode="add"/>
<opset="add_ln32/1 "/>
</bind>
</comp>

<comp id="191" class="1004" name="store_ln32_store_fu_191">
<pin_list>
<pin id="192" dir="0" index="0" bw="14" slack="0"/>
<pin id="193" dir="0" index="1" bw="14" slack="0"/>
<pin id="194" dir="1" index="2" bw="0" slack="2147483647"/>
</pin_list>
<bind>
<opcode="store(28) " fcode="store"/>
<opset="store_ln32/1 "/>
</bind>
</comp>

<comp id="196" class="1004" name="store_ln32_store_fu_196">
<pin_list>
<pin id="197" dir="0" index="0" bw="8" slack="0"/>
<pin id="198" dir="0" index="1" bw="8" slack="0"/>
<pin id="199" dir="1" index="2" bw="0" slack="2147483647"/>
</pin_list>
<bind>
<opcode="store(28) " fcode="store"/>
<opset="store_ln32/1 "/>
</bind>
</comp>

<comp id="201" class="1004" name="store_ln32_store_fu_201">
<pin_list>
<pin id="202" dir="0" index="0" bw="8" slack="0"/>
<pin id="203" dir="0" index="1" bw="8" slack="0"/>
<pin id="204" dir="1" index="2" bw="0" slack="2147483647"/>
</pin_list>
<bind>
<opcode="store(28) " fcode="store"/>
<opset="store_ln32/1 "/>
</bind>
</comp>

<comp id="206" class="1004" name="zext_ln32_fu_206">
<pin_list>
<pin id="207" dir="0" index="0" bw="8" slack="1"/>
<pin id="208" dir="1" index="1" bw="15" slack="0"/>
</pin_list>
<bind>
<opcode="zext(34) " fcode="zext"/>
<opset="zext_ln32/2 "/>
</bind>
</comp>

<comp id="209" class="1004" name="mul_ln32_fu_209">
<pin_list>
<pin id="210" dir="0" index="0" bw="8" slack="0"/>
<pin id="211" dir="0" index="1" bw="9" slack="0"/>
<pin id="212" dir="1" index="2" bw="15" slack="1"/>
</pin_list>
<bind>
<opcode="mul(12) " fcode="mul"/>
<opset="mul_ln32/2 "/>
</bind>
</comp>

<comp id="215" class="1004" name="zext_ln36_fu_215">
<pin_list>
<pin id="216" dir="0" index="0" bw="8" slack="2"/>
<pin id="217" dir="1" index="1" bw="15" slack="0"/>
</pin_list>
<bind>
<opcode="zext(34) " fcode="zext"/>
<opset="zext_ln36/3 "/>
</bind>
</comp>

<comp id="218" class="1004" name="add_ln36_fu_218">
<pin_list>
<pin id="219" dir="0" index="0" bw="15" slack="1"/>
<pin id="220" dir="0" index="1" bw="8" slack="0"/>
<pin id="221" dir="1" index="2" bw="15" slack="0"/>
</pin_list>
<bind>
<opcode="add(8) " fcode="add"/>
<opset="add_ln36/3 "/>
</bind>
</comp>

<comp id="223" class="1004" name="zext_ln36_1_fu_223">
<pin_list>
<pin id="224" dir="0" index="0" bw="15" slack="0"/>
<pin id="225" dir="1" index="1" bw="64" slack="0"/>
</pin_list>
<bind>
<opcode="zext(34) " fcode="zext"/>
<opset="zext_ln36_1/3 "/>
</bind>
</comp>

<comp id="228" class="1004" name="or_ln32_fu_228">
<pin_list>
<pin id="229" dir="0" index="0" bw="8" slack="2"/>
<pin id="230" dir="0" index="1" bw="1" slack="0"/>
<pin id="231" dir="1" index="2" bw="8" slack="0"/>
</pin_list>
<bind>
<opcode="or(24) " fcode="or"/>
<opset="or_ln32/3 "/>
</bind>
</comp>

<comp id="233" class="1004" name="zext_ln36_2_fu_233">
<pin_list>
<pin id="234" dir="0" index="0" bw="8" slack="0"/>
<pin id="235" dir="1" index="1" bw="15" slack="0"/>
</pin_list>
<bind>
<opcode="zext(34) " fcode="zext"/>
<opset="zext_ln36_2/3 "/>
</bind>
</comp>

<comp id="237" class="1004" name="add_ln36_1_fu_237">
<pin_list>
<pin id="238" dir="0" index="0" bw="15" slack="1"/>
<pin id="239" dir="0" index="1" bw="8" slack="0"/>
<pin id="240" dir="1" index="2" bw="15" slack="1"/>
</pin_list>
<bind>
<opcode="add(8) " fcode="add"/>
<opset="add_ln36_1/3 "/>
</bind>
</comp>

<comp id="242" class="1004" name="zext_ln36_3_fu_242">
<pin_list>
<pin id="243" dir="0" index="0" bw="15" slack="1"/>
<pin id="244" dir="1" index="1" bw="64" slack="0"/>
</pin_list>
<bind>
<opcode="zext(34) " fcode="zext"/>
<opset="zext_ln36_3/4 "/>
</bind>
</comp>

<comp id="246" class="1005" name="c_reg_246">
<pin_list>
<pin id="247" dir="0" index="0" bw="8" slack="0"/>
<pin id="248" dir="1" index="1" bw="8" slack="0"/>
</pin_list>
<bind>
<opset="c "/>
</bind>
</comp>

<comp id="253" class="1005" name="r_reg_253">
<pin_list>
<pin id="254" dir="0" index="0" bw="8" slack="0"/>
<pin id="255" dir="1" index="1" bw="8" slack="0"/>
</pin_list>
<bind>
<opset="r "/>
</bind>
</comp>

<comp id="260" class="1005" name="indvar_flatten6_reg_260">
<pin_list>
<pin id="261" dir="0" index="0" bw="14" slack="0"/>
<pin id="262" dir="1" index="1" bw="14" slack="0"/>
</pin_list>
<bind>
<opset="indvar_flatten6 "/>
</bind>
</comp>

<comp id="267" class="1005" name="mem2_addr_reg_267">
<pin_list>
<pin id="268" dir="0" index="0" bw="16" slack="1"/>
<pin id="269" dir="1" index="1" bw="16" slack="1"/>
</pin_list>
<bind>
<opset="mem2_addr "/>
</bind>
</comp>

<comp id="272" class="1005" name="icmp_ln30_reg_272">
<pin_list>
<pin id="273" dir="0" index="0" bw="1" slack="1"/>
<pin id="274" dir="1" index="1" bw="1" slack="2147483647"/>
</pin_list>
<bind>
<opset="icmp_ln30 "/>
</bind>
</comp>

<comp id="276" class="1005" name="select_ln30_reg_276">
<pin_list>
<pin id="277" dir="0" index="0" bw="8" slack="2"/>
<pin id="278" dir="1" index="1" bw="8" slack="2"/>
</pin_list>
<bind>
<opset="select_ln30 "/>
</bind>
</comp>

<comp id="282" class="1005" name="select_ln30_1_reg_282">
<pin_list>
<pin id="283" dir="0" index="0" bw="8" slack="1"/>
<pin id="284" dir="1" index="1" bw="8" slack="1"/>
</pin_list>
<bind>
<opset="select_ln30_1 "/>
</bind>
</comp>

<comp id="287" class="1005" name="mul_ln32_reg_287">
<pin_list>
<pin id="288" dir="0" index="0" bw="15" slack="1"/>
<pin id="289" dir="1" index="1" bw="15" slack="1"/>
</pin_list>
<bind>
<opset="mul_ln32 "/>
</bind>
</comp>

<comp id="293" class="1005" name="add_ln36_1_reg_293">
<pin_list>
<pin id="294" dir="0" index="0" bw="15" slack="1"/>
<pin id="295" dir="1" index="1" bw="15" slack="1"/>
</pin_list>
<bind>
<opset="add_ln36_1 "/>
</bind>
</comp>

</comp_list>

<net_list>
<net id="65"><net_src comp="6" pin="0"/><net_sink comp="62" pin=0"/></net>

<net id="69"><net_src comp="6" pin="0"/><net_sink comp="66" pin=0"/></net>

<net id="73"><net_src comp="6" pin="0"/><net_sink comp="70" pin=0"/></net>

<net id="78"><net_src comp="8" pin="0"/><net_sink comp="74" pin=0"/></net>

<net id="79"><net_src comp="2" pin="0"/><net_sink comp="74" pin=1"/></net>

<net id="84"><net_src comp="46" pin="0"/><net_sink comp="80" pin=0"/></net>

<net id="90"><net_src comp="4" pin="0"/><net_sink comp="85" pin=0"/></net>

<net id="91"><net_src comp="48" pin="0"/><net_sink comp="85" pin=1"/></net>

<net id="97"><net_src comp="85" pin="3"/><net_sink comp="92" pin=0"/></net>

<net id="103"><net_src comp="4" pin="0"/><net_sink comp="98" pin=0"/></net>

<net id="104"><net_src comp="48" pin="0"/><net_sink comp="98" pin=1"/></net>

<net id="105"><net_src comp="98" pin="3"/><net_sink comp="92" pin=0"/></net>

<net id="109"><net_src comp="80" pin="2"/><net_sink comp="106" pin=0"/></net>

<net id="110"><net_src comp="106" pin="1"/><net_sink comp="92" pin=1"/></net>

<net id="114"><net_src comp="74" pin="2"/><net_sink comp="111" pin=0"/></net>

<net id="119"><net_src comp="28" pin="0"/><net_sink comp="115" pin=0"/></net>

<net id="124"><net_src comp="30" pin="0"/><net_sink comp="120" pin=0"/></net>

<net id="129"><net_src comp="30" pin="0"/><net_sink comp="125" pin=0"/></net>

<net id="137"><net_src comp="0" pin="0"/><net_sink comp="133" pin=0"/></net>

<net id="138"><net_src comp="111" pin="1"/><net_sink comp="133" pin=1"/></net>

<net id="143"><net_src comp="130" pin="1"/><net_sink comp="139" pin=0"/></net>

<net id="144"><net_src comp="34" pin="0"/><net_sink comp="139" pin=1"/></net>

<net id="149"><net_src comp="130" pin="1"/><net_sink comp="145" pin=0"/></net>

<net id="150"><net_src comp="36" pin="0"/><net_sink comp="145" pin=1"/></net>

<net id="161"><net_src comp="154" pin="1"/><net_sink comp="157" pin=0"/></net>

<net id="162"><net_src comp="38" pin="0"/><net_sink comp="157" pin=1"/></net>

<net id="167"><net_src comp="151" pin="1"/><net_sink comp="163" pin=0"/></net>

<net id="168"><net_src comp="40" pin="0"/><net_sink comp="163" pin=1"/></net>

<net id="174"><net_src comp="163" pin="2"/><net_sink comp="169" pin=0"/></net>

<net id="175"><net_src comp="151" pin="1"/><net_sink comp="169" pin=1"/></net>

<net id="176"><net_src comp="30" pin="0"/><net_sink comp="169" pin=2"/></net>

<net id="182"><net_src comp="163" pin="2"/><net_sink comp="177" pin=0"/></net>

<net id="183"><net_src comp="154" pin="1"/><net_sink comp="177" pin=1"/></net>

<net id="184"><net_src comp="157" pin="2"/><net_sink comp="177" pin=2"/></net>

<net id="189"><net_src comp="169" pin="3"/><net_sink comp="185" pin=0"/></net>

<net id="190"><net_src comp="42" pin="0"/><net_sink comp="185" pin=1"/></net>

<net id="195"><net_src comp="145" pin="2"/><net_sink comp="191" pin=0"/></net>

<net id="200"><net_src comp="177" pin="3"/><net_sink comp="196" pin=0"/></net>

<net id="205"><net_src comp="185" pin="2"/><net_sink comp="201" pin=0"/></net>

<net id="213"><net_src comp="206" pin="1"/><net_sink comp="209" pin=0"/></net>

<net id="214"><net_src comp="44" pin="0"/><net_sink comp="209" pin=1"/></net>

<net id="222"><net_src comp="215" pin="1"/><net_sink comp="218" pin=1"/></net>

<net id="226"><net_src comp="218" pin="2"/><net_sink comp="223" pin=0"/></net>

<net id="227"><net_src comp="223" pin="1"/><net_sink comp="85" pin=2"/></net>

<net id="232"><net_src comp="38" pin="0"/><net_sink comp="228" pin=1"/></net>

<net id="236"><net_src comp="228" pin="2"/><net_sink comp="233" pin=0"/></net>

<net id="241"><net_src comp="233" pin="1"/><net_sink comp="237" pin=1"/></net>

<net id="245"><net_src comp="242" pin="1"/><net_sink comp="98" pin=2"/></net>

<net id="249"><net_src comp="62" pin="1"/><net_sink comp="246" pin=0"/></net>

<net id="250"><net_src comp="246" pin="1"/><net_sink comp="125" pin=1"/></net>

<net id="251"><net_src comp="246" pin="1"/><net_sink comp="151" pin=0"/></net>

<net id="252"><net_src comp="246" pin="1"/><net_sink comp="201" pin=1"/></net>

<net id="256"><net_src comp="66" pin="1"/><net_sink comp="253" pin=0"/></net>

<net id="257"><net_src comp="253" pin="1"/><net_sink comp="120" pin=1"/></net>

<net id="258"><net_src comp="253" pin="1"/><net_sink comp="154" pin=0"/></net>

<net id="259"><net_src comp="253" pin="1"/><net_sink comp="196" pin=1"/></net>

<net id="263"><net_src comp="70" pin="1"/><net_sink comp="260" pin=0"/></net>

<net id="264"><net_src comp="260" pin="1"/><net_sink comp="115" pin=1"/></net>

<net id="265"><net_src comp="260" pin="1"/><net_sink comp="130" pin=0"/></net>

<net id="266"><net_src comp="260" pin="1"/><net_sink comp="191" pin=1"/></net>

<net id="270"><net_src comp="133" pin="2"/><net_sink comp="267" pin=0"/></net>

<net id="271"><net_src comp="267" pin="1"/><net_sink comp="80" pin=1"/></net>

<net id="275"><net_src comp="139" pin="2"/><net_sink comp="272" pin=0"/></net>

<net id="279"><net_src comp="169" pin="3"/><net_sink comp="276" pin=0"/></net>

<net id="280"><net_src comp="276" pin="1"/><net_sink comp="215" pin=0"/></net>

<net id="281"><net_src comp="276" pin="1"/><net_sink comp="228" pin=0"/></net>

<net id="285"><net_src comp="177" pin="3"/><net_sink comp="282" pin=0"/></net>

<net id="286"><net_src comp="282" pin="1"/><net_sink comp="206" pin=0"/></net>

<net id="290"><net_src comp="209" pin="2"/><net_sink comp="287" pin=0"/></net>

<net id="291"><net_src comp="287" pin="1"/><net_sink comp="218" pin=0"/></net>

<net id="292"><net_src comp="287" pin="1"/><net_sink comp="237" pin=0"/></net>

<net id="296"><net_src comp="237" pin="2"/><net_sink comp="293" pin=0"/></net>

<net id="297"><net_src comp="293" pin="1"/><net_sink comp="242" pin=0"/></net>

</net_list>

</model> 
---------------- Datapath Model END ------------------

* FSMD analyzer results:
  - Output states:
	Port: Matrix_B_BRAM_V | {3 4 }
 - Input state : 
	Port: matmul_Pipeline_VITIS_LOOP_30_3_VITIS_LOOP_32_4 : mem2 | {2 3 }
	Port: matmul_Pipeline_VITIS_LOOP_30_3_VITIS_LOOP_32_4 : sext_ln30 | {1 }
  - Chain level:
	State 1
		store_ln0 : 1
		store_ln0 : 1
		store_ln0 : 1
		indvar_flatten6_load : 1
		mem2_addr : 1
		icmp_ln30 : 2
		add_ln30_1 : 2
		br_ln30 : 3
		c_load : 1
		r_load : 1
		add_ln30 : 2
		icmp_ln32 : 2
		select_ln30 : 3
		select_ln30_1 : 3
		add_ln32 : 4
		store_ln32 : 3
		store_ln32 : 4
		store_ln32 : 5
	State 2
		mul_ln32 : 1
	State 3
		add_ln36 : 1
		zext_ln36_1 : 2
		Matrix_B_BRAM_V_addr : 3
		store_ln36 : 4
		add_ln36_1 : 1
	State 4
		Matrix_B_BRAM_V_addr_1 : 1
		store_ln36 : 2


============================================================
+ Verbose Summary: Datapath Resource usage 
============================================================

* Functional unit list:
|----------|---------------------------|---------|---------|---------|
| Operation|      Functional Unit      |   DSP   |    FF   |   LUT   |
|----------|---------------------------|---------|---------|---------|
|          |     add_ln30_1_fu_145     |    0    |    0    |    17   |
|          |      add_ln30_fu_157      |    0    |    0    |    15   |
|    add   |      add_ln32_fu_185      |    0    |    0    |    15   |
|          |      add_ln36_fu_218      |    0    |    0    |    20   |
|          |     add_ln36_1_fu_237     |    0    |    0    |    20   |
|----------|---------------------------|---------|---------|---------|
|    mul   |      mul_ln32_fu_209      |    0    |    0    |    51   |
|----------|---------------------------|---------|---------|---------|
|   icmp   |      icmp_ln30_fu_139     |    0    |    0    |    12   |
|          |      icmp_ln32_fu_163     |    0    |    0    |    11   |
|----------|---------------------------|---------|---------|---------|
|  select  |     select_ln30_fu_169    |    0    |    0    |    8    |
|          |    select_ln30_1_fu_177   |    0    |    0    |    8    |
|----------|---------------------------|---------|---------|---------|
|   read   | sext_ln30_read_read_fu_74 |    0    |    0    |    0    |
|          |       grp_read_fu_80      |    0    |    0    |    0    |
|----------|---------------------------|---------|---------|---------|
|   sext   |   sext_ln30_cast_fu_111   |    0    |    0    |    0    |
|----------|---------------------------|---------|---------|---------|
|          |      zext_ln32_fu_206     |    0    |    0    |    0    |
|          |      zext_ln36_fu_215     |    0    |    0    |    0    |
|   zext   |     zext_ln36_1_fu_223    |    0    |    0    |    0    |
|          |     zext_ln36_2_fu_233    |    0    |    0    |    0    |
|          |     zext_ln36_3_fu_242    |    0    |    0    |    0    |
|----------|---------------------------|---------|---------|---------|
|    or    |       or_ln32_fu_228      |    0    |    0    |    0    |
|----------|---------------------------|---------|---------|---------|
|   Total  |                           |    0    |    0    |   177   |
|----------|---------------------------|---------|---------|---------|

Memories:
N/A

* Register list:
+-----------------------+--------+
|                       |   FF   |
+-----------------------+--------+
|   add_ln36_1_reg_293  |   15   |
|       c_reg_246       |    8   |
|   icmp_ln30_reg_272   |    1   |
|indvar_flatten6_reg_260|   14   |
|   mem2_addr_reg_267   |   16   |
|    mul_ln32_reg_287   |   15   |
|       r_reg_253       |    8   |
|        reg_106        |   16   |
| select_ln30_1_reg_282 |    8   |
|  select_ln30_reg_276  |    8   |
+-----------------------+--------+
|         Total         |   109  |
+-----------------------+--------+

* Multiplexer (MUX) list: 
|------------------|------|------|------|--------||---------||---------|
|       Comp       |  Pin | Size |  BW  | S x BW ||  Delay  ||   LUT   |
|------------------|------|------|------|--------||---------||---------|
| grp_access_fu_92 |  p0  |   2  |  15  |   30   ||    9    |
|------------------|------|------|------|--------||---------||---------|
|       Total      |      |      |      |   30   ||  1.588  ||    9    |
|------------------|------|------|------|--------||---------||---------|



* Summary:
+-----------+--------+--------+--------+--------+
|           |   DSP  |  Delay |   FF   |   LUT  |
+-----------+--------+--------+--------+--------+
|  Function |    0   |    -   |    0   |   177  |
|   Memory  |    -   |    -   |    -   |    -   |
|Multiplexer|    -   |    1   |    -   |    9   |
|  Register |    -   |    -   |   109  |    -   |
+-----------+--------+--------+--------+--------+
|   Total   |    0   |    1   |   109  |   186  |
+-----------+--------+--------+--------+--------+
