

================================================================
== Vitis HLS Report for 'matmul_Pipeline_VITIS_LOOP_41_5_VITIS_LOOP_43_6'
================================================================
* Date:           Fri Oct  2 16:46:19 2026

* Version:        2022.2 (Build 3670227 on Oct 13 2022)
* Project:        vitis.prj
* Solution:       solution1 (Vivado IP Flow Target)
* Product family: zynq
* Target device:  xc7z020-clg400-1


================================================================
== Performance Estimates
================================================================
+ Timing: 
    * Summary: 
    +--------+----------+----------+------------+
    |  Clock |  Target  | Estimated| Uncertainty|
    +--------+----------+----------+------------+
    |ap_clk  |  10.00 ns|  7.213 ns|     2.70 ns|
    +--------+----------+----------+------------+

+ Latency: 
    * Summary: 
    +---------+---------+----------+----------+-------+-------+---------+
    |  Latency (cycles) |  Latency (absolute) |    Interval   | Pipeline|
    |   min   |   max   |    min   |    max   |  min  |  max  |   Type  |
    +---------+---------+----------+----------+-------+-------+---------+
    |    10002|    10002|  0.100 ms|  0.100 ms|  10002|  10002|       no|
    +---------+---------+----------+----------+-------+-------+---------+

    + Detail: 
        * Instance: 
        N/A

        * Loop: 
        +-----------------------------------+---------+---------+----------+-----------+-----------+-------+----------+
        |                                   |  Latency (cycles) | Iteration|  Initiation Interval  |  Trip |          |
        |             Loop Name             |   min   |   max   |  Latency |  achieved |   target  | Count | Pipelined|
        +-----------------------------------+---------+---------+----------+-----------+-----------+-------+----------+
        |- VITIS_LOOP_41_5_VITIS_LOOP_43_6  |    10000|    10000|         2|          1|          1|  10000|       yes|
        +-----------------------------------+---------+---------+----------+-----------+-----------+-------+----------+

============================================================
+ Verbose Summary: Synthesis Manager
============================================================
InlineROM: 1
ExposeGlobal: 0
============================================================
+ Verbose Summary: CDFG Model
============================================================
IsTopModel: 0
ResetActiveHigh: 1
IsCombinational: 0
IsDatapathOnly: 0
HasWiredReturn: 1
HasMFsm: 2
HasVarLatency: 1
IsPipeline: 0
IsRtlPipelined: 0
IsInstanceOverlapped: 0
IsDontTouch: 0
HasImplIP: 0
IsGatedGlobalClock: 0

+ Individual pipeline summary: 
  * Pipeline-0: initiation interval (II) = 1, depth = 2


============================================================
+ Verbose Summary: Schedule
============================================================
* Number of FSM states : 2
* Pipeline : 1
  Pipeline-0 : II = 1, D = 2, States = { 1 2 }
* Dataflow Pipeline: 0

* FSM state transitions: 
1 --> 2 
2 --> 

* FSM state operations: 

State 1 <SV = 0> <Delay = 7.21>
ST_1 : Operation 5 [1/1] (0.00ns)   --->   "%c = alloca i32 1"   --->   Operation 5 'alloca' 'c' <Predicate = true> <Delay = 0.00>
ST_1 : Operation 6 [1/1] (0.00ns)   --->   "%r = alloca i32 1"   --->   Operation 6 'alloca' 'r' <Predicate = true> <Delay = 0.00>
ST_1 : Operation 7 [1/1] (0.00ns)   --->   "%indvar_flatten13 = alloca i32 1"   --->   Operation 7 'alloca' 'indvar_flatten13' <Predicate = true> <Delay = 0.00>
ST_1 : Operation 8 [1/1] (1.58ns)   --->   "%store_ln0 = store i14 0, i14 %indvar_flatten13"   --->   Operation 8 'store' 'store_ln0' <Predicate = true> <Delay = 1.58>
ST_1 : Operation 9 [1/1] (1.58ns)   --->   "%store_ln0 = store i7 0, i7 %r"   --->   Operation 9 'store' 'store_ln0' <Predicate = true> <Delay = 1.58>
ST_1 : Operation 10 [1/1] (1.58ns)   --->   "%store_ln0 = store i8 0, i8 %c"   --->   Operation 10 'store' 'store_ln0' <Predicate = true> <Delay = 1.58>
ST_1 : Operation 11 [1/1] (0.00ns)   --->   "%br_ln0 = br void %for.inc86"   --->   Operation 11 'br' 'br_ln0' <Predicate = true> <Delay = 0.00>
ST_1 : Operation 12 [1/1] (0.00ns)   --->   "%indvar_flatten13_load = load i14 %indvar_flatten13" [matmul.cpp:41]   --->   Operation 12 'load' 'indvar_flatten13_load' <Predicate = true> <Delay = 0.00>
ST_1 : Operation 13 [1/1] (2.20ns)   --->   "%icmp_ln41 = icmp_eq  i14 %indvar_flatten13_load, i14 10000" [matmul.cpp:41]   --->   Operation 13 'icmp' 'icmp_ln41' <Predicate = true> <Delay = 2.20> <CoreInst = "Cmp">   --->   Core 9 'Cmp' <Latency = 0> <II = 1> <Delay = 2.20> <FuncUnit> <Opcode : 'icmp'> <InPorts = 2> <OutPorts = 1>
ST_1 : Operation 14 [1/1] (1.81ns)   --->   "%add_ln41_1 = add i14 %indvar_flatten13_load, i14 1" [matmul.cpp:41]   --->   Operation 14 'add' 'add_ln41_1' <Predicate = true> <Delay = 1.81> <CoreInst = "Adder">   --->   Core 1 'Adder' <Latency = 0> <II = 1> <Delay = 1.81> <FuncUnit> <Opcode : 'add' 'sub'> <InPorts = 2> <OutPorts = 1>
ST_1 : Operation 15 [1/1] (0.00ns)   --->   "%br_ln41 = br i1 %icmp_ln41, void %for.inc89, void %VITIS_LOOP_59_9.preheader.exitStub" [matmul.cpp:41]   --->   Operation 15 'br' 'br_ln41' <Predicate = true> <Delay = 0.00>
ST_1 : Operation 16 [1/1] (0.00ns)   --->   "%c_load = load i8 %c" [matmul.cpp:43]   --->   Operation 16 'load' 'c_load' <Predicate = (!icmp_ln41)> <Delay = 0.00>
ST_1 : Operation 17 [1/1] (0.00ns)   --->   "%r_load = load i7 %r" [matmul.cpp:41]   --->   Operation 17 'load' 'r_load' <Predicate = (!icmp_ln41)> <Delay = 0.00>
ST_1 : Operation 18 [1/1] (1.87ns)   --->   "%add_ln41 = add i7 %r_load, i7 1" [matmul.cpp:41]   --->   Operation 18 'add' 'add_ln41' <Predicate = (!icmp_ln41)> <Delay = 1.87> <CoreInst = "Adder">   --->   Core 1 'Adder' <Latency = 0> <II = 1> <Delay = 1.87> <FuncUnit> <Opcode : 'add' 'sub'> <InPorts = 2> <OutPorts = 1>
ST_1 : Operation 19 [1/1] (1.55ns)   --->   "%icmp_ln43 = icmp_ult  i8 %c_load, i8 200" [matmul.cpp:43]   --->   Operation 19 'icmp' 'icmp_ln43' <Predicate = (!icmp_ln41)> <Delay = 1.55> <CoreInst = "Cmp">   --->   Core 9 'Cmp' <Latency = 0> <II = 1> <Delay = 1.55> <FuncUnit> <Opcode : 'icmp'> <InPorts = 2> <OutPorts = 1>
ST_1 : Operation 20 [1/1] (1.24ns)   --->   "%select_ln41 = select i1 %icmp_ln43, i8 %c_load, i8 0" [matmul.cpp:41]   --->   Operation 20 'select' 'select_ln41' <Predicate = (!icmp_ln41)> <Delay = 1.24> <CoreInst = "Sel">   --->   Core 73 'Sel' <Latency = 0> <II = 1> <Delay = 1.24> <FuncUnit> <Opcode : 'select'> <InPorts = 3> <OutPorts = 1>
ST_1 : Operation 21 [1/1] (0.99ns)   --->   "%select_ln41_1 = select i1 %icmp_ln43, i7 %r_load, i7 %add_ln41" [matmul.cpp:41]   --->   Operation 21 'select' 'select_ln41_1' <Predicate = (!icmp_ln41)> <Delay = 0.99> <CoreInst = "Sel">   --->   Core 73 'Sel' <Latency = 0> <II = 1> <Delay = 0.99> <FuncUnit> <Opcode : 'select'> <InPorts = 3> <OutPorts = 1>
ST_1 : Operation 22 [1/1] (0.00ns)   --->   "%zext_ln47 = zext i7 %select_ln41_1" [matmul.cpp:47]   --->   Operation 22 'zext' 'zext_ln47' <Predicate = (!icmp_ln41)> <Delay = 0.00>
ST_1 : Operation 23 [1/1] (4.35ns)   --->   "%mul_ln47 = mul i15 %zext_ln47, i15 200" [matmul.cpp:47]   --->   Operation 23 'mul' 'mul_ln47' <Predicate = (!icmp_ln41)> <Delay = 4.35> <CoreInst = "Multiplier">   --->   Core 3 'Multiplier' <Latency = 0> <II = 1> <Delay = 4.35> <FuncUnit> <Opcode : 'mul'> <InPorts = 2> <OutPorts = 1>
ST_1 : Operation 24 [1/1] (1.91ns)   --->   "%add_ln43 = add i8 %select_ln41, i8 2" [matmul.cpp:43]   --->   Operation 24 'add' 'add_ln43' <Predicate = (!icmp_ln41)> <Delay = 1.91> <CoreInst = "Adder">   --->   Core 1 'Adder' <Latency = 0> <II = 1> <Delay = 1.91> <FuncUnit> <Opcode : 'add' 'sub'> <InPorts = 2> <OutPorts = 1>
ST_1 : Operation 25 [1/1] (1.58ns)   --->   "%store_ln43 = store i14 %add_ln41_1, i14 %indvar_flatten13" [matmul.cpp:43]   --->   Operation 25 'store' 'store_ln43' <Predicate = (!icmp_ln41)> <Delay = 1.58>
ST_1 : Operation 26 [1/1] (1.58ns)   --->   "%store_ln43 = store i7 %select_ln41_1, i7 %r" [matmul.cpp:43]   --->   Operation 26 'store' 'store_ln43' <Predicate = (!icmp_ln41)> <Delay = 1.58>
ST_1 : Operation 27 [1/1] (1.58ns)   --->   "%store_ln43 = store i8 %add_ln43, i8 %c" [matmul.cpp:43]   --->   Operation 27 'store' 'store_ln43' <Predicate = (!icmp_ln41)> <Delay = 1.58>
ST_1 : Operation 44 [1/1] (0.00ns)   --->   "%ret_ln0 = ret"   --->   Operation 44 'ret' 'ret_ln0' <Predicate = (icmp_ln41)> <Delay = 0.00>

State 2 <SV = 1> <Delay = 5.19>
ST_2 : Operation 28 [1/1] (0.00ns)   --->   "%specloopname_ln0 = specloopname void @_ssdm_op_SpecLoopName, void @VITIS_LOOP_41_5_VITIS_LOOP_43_6_str"   --->   Operation 28 'specloopname' 'specloopname_ln0' <Predicate = true> <Delay = 0.00>
ST_2 : Operation 29 [1/1] (0.00ns)   --->   "%empty = speclooptripcount i32 @_ssdm_op_SpecLoopTripCount, i64 10000, i64 10000, i64 10000"   --->   Operation 29 'speclooptripcount' 'empty' <Predicate = true> <Delay = 0.00>
ST_2 : Operation 30 [1/1] (0.00ns)   --->   "%zext_ln47_1 = zext i8 %select_ln41" [matmul.cpp:47]   --->   Operation 30 'zext' 'zext_ln47_1' <Predicate = true> <Delay = 0.00>
ST_2 : Operation 31 [1/1] (1.94ns)   --->   "%add_ln47 = add i15 %mul_ln47, i15 %zext_ln47_1" [matmul.cpp:47]   --->   Operation 31 'add' 'add_ln47' <Predicate = true> <Delay = 1.94> <CoreInst = "Adder">   --->   Core 1 'Adder' <Latency = 0> <II = 1> <Delay = 1.94> <FuncUnit> <Opcode : 'add' 'sub'> <InPorts = 2> <OutPorts = 1>
ST_2 : Operation 32 [1/1] (0.00ns)   --->   "%zext_ln47_2 = zext i15 %add_ln47" [matmul.cpp:47]   --->   Operation 32 'zext' 'zext_ln47_2' <Predicate = true> <Delay = 0.00>
ST_2 : Operation 33 [1/1] (0.00ns)   --->   "%Matrix_C_BRAM_V_addr = getelementptr i16 %Matrix_C_BRAM_V, i64 0, i64 %zext_ln47_2" [matmul.cpp:47]   --->   Operation 33 'getelementptr' 'Matrix_C_BRAM_V_addr' <Predicate = true> <Delay = 0.00>
ST_2 : Operation 34 [1/1] (0.00ns)   --->   "%specpipeline_ln45 = specpipeline void @_ssdm_op_SpecPipeline, i32 1, i32 0, i32 0, i32 0, void @empty_2" [matmul.cpp:45]   --->   Operation 34 'specpipeline' 'specpipeline_ln45' <Predicate = true> <Delay = 0.00>
ST_2 : Operation 35 [1/1] (0.00ns)   --->   "%specloopname_ln43 = specloopname void @_ssdm_op_SpecLoopName, void @empty_12" [matmul.cpp:43]   --->   Operation 35 'specloopname' 'specloopname_ln43' <Predicate = true> <Delay = 0.00>
ST_2 : Operation 36 [1/1] (3.25ns)   --->   "%store_ln47 = store i16 0, i15 %Matrix_C_BRAM_V_addr" [matmul.cpp:47]   --->   Operation 36 'store' 'store_ln47' <Predicate = true> <Delay = 3.25> <CoreInst = "RAM">   --->   Core 82 'RAM' <Latency = 1> <II = 1> <Delay = 3.25> <Storage> <Opcode : 'load' 'store'> <Ports = 2> <Width = 16> <Depth = 20000> <RAM>
ST_2 : Operation 37 [1/1] (0.00ns) (grouped into LUT with out node add_ln47_1)   --->   "%or_ln43 = or i8 %select_ln41, i8 1" [matmul.cpp:43]   --->   Operation 37 'or' 'or_ln43' <Predicate = true> <Delay = 0.00>
ST_2 : Operation 38 [1/1] (0.00ns) (grouped into LUT with out node add_ln47_1)   --->   "%zext_ln47_3 = zext i8 %or_ln43" [matmul.cpp:47]   --->   Operation 38 'zext' 'zext_ln47_3' <Predicate = true> <Delay = 0.00>
ST_2 : Operation 39 [1/1] (1.94ns) (out node of the LUT)   --->   "%add_ln47_1 = add i15 %mul_ln47, i15 %zext_ln47_3" [matmul.cpp:47]   --->   Operation 39 'add' 'add_ln47_1' <Predicate = true> <Delay = 1.94> <CoreInst = "Adder">   --->   Core 1 'Adder' <Latency = 0> <II = 1> <Delay = 1.94> <FuncUnit> <Opcode : 'add' 'sub'> <InPorts = 2> <OutPorts = 1>
ST_2 : Operation 40 [1/1] (0.00ns)   --->   "%zext_ln47_4 = zext i15 %add_ln47_1" [matmul.cpp:47]   --->   Operation 40 'zext' 'zext_ln47_4' <Predicate = true> <Delay = 0.00>
ST_2 : Operation 41 [1/1] (0.00ns)   --->   "%Matrix_C_BRAM_V_addr_1 = getelementptr i16 %Matrix_C_BRAM_V, i64 0, i64 %zext_ln47_4" [matmul.cpp:47]   --->   Operation 41 'getelementptr' 'Matrix_C_BRAM_V_addr_1' <Predicate = true> <Delay = 0.00>
ST_2 : Operation 42 [1/1] (3.25ns)   --->   "%store_ln47 = store i16 0, i15 %Matrix_C_BRAM_V_addr_1" [matmul.cpp:47]   --->   Operation 42 'store' 'store_ln47' <Predicate = true> <Delay = 3.25> <CoreInst = "RAM">   --->   Core 82 'RAM' <Latency = 1> <II = 1> <Delay = 3.25> <Storage> <Opcode : 'load' 'store'> <Ports = 2> <Width = 16> <Depth = 20000> <RAM>
ST_2 : Operation 43 [1/1] (0.00ns)   --->   "%br_ln43 = br void %for.inc86" [matmul.cpp:43]   --->   Operation 43 'br' 'br_ln43' <Predicate = true> <Delay = 0.00>


============================================================
+ Verbose Summary: Timing violations
============================================================
Target clock period: 10ns, clock uncertainty: 2.7ns.

 <State 1>: 7.21ns
The critical path consists of the following:
	'alloca' operation ('r') [3]  (0 ns)
	'load' operation ('r_load', matmul.cpp:41) on local variable 'r' [16]  (0 ns)
	'add' operation ('add_ln41', matmul.cpp:41) [17]  (1.87 ns)
	'select' operation ('select_ln41_1', matmul.cpp:41) [22]  (0.993 ns)
	'mul' operation ('mul_ln47', matmul.cpp:47) [24]  (4.35 ns)

 <State 2>: 5.2ns
The critical path consists of the following:
	'add' operation ('add_ln47', matmul.cpp:47) [26]  (1.94 ns)
	'getelementptr' operation ('Matrix_C_BRAM_V_addr', matmul.cpp:47) [28]  (0 ns)
	'store' operation ('store_ln47', matmul.cpp:47) of constant 0 on array 'Matrix_C_BRAM_V' [31]  (3.25 ns)


============================================================
+ Verbose Summary: Binding
============================================================
N/A
* FSMD analyzer results:
  - Output states:
 - Input state : 
  - Chain level:
	State 1
	State 2


============================================================
+ Verbose Summary: Datapath Resource usage 
============================================================
N/A
