

================================================================
== Vitis HLS Report for 'matmul_Pipeline_VITIS_LOOP_19_1_VITIS_LOOP_21_2'
================================================================
* Date:           Fri Oct  2 16:46:19 2026

* Version:        2022.2 (Build 3670227 on Oct 13 2022)
* Project:        vitis.prj
* Solution:       solution1 (Vivado IP Flow Target)
* Product family: zynq
* Target device:  xc7z020-clg400-1


================================================================
== Performance Estimates
================================================================
+ Timing: 
    * Summary: 
    +--------+----------+----------+------------+
    |  Clock |  Target  | Estimated| Uncertainty|
    +--------+----------+----------+------------+
    |ap_clk  |  10.00 ns|  7.300 ns|     2.70 ns|
    +--------+----------+----------+------------+

+ Latency: 
    * Summary: 
    +---------+---------+----------+----------+-------+-------+---------+
    |  Latency (cycles) |  Latency (absolute) |    Interval   | Pipeline|
    |   min   |   max   |    min   |    max   |  min  |  max  |   Type  |
    +---------+---------+----------+----------+-------+-------+---------+
    |    15003|    15003|  0.150 ms|  0.150 ms|  15003|  15003|       no|
    +---------+---------+----------+----------+-------+-------+---------+

    + Detail: 
        * Instance: 
        N/A

        * Loop: 
        +-----------------------------------+---------+---------+----------+-----------+-----------+------+----------+
        |                                   |  Latency (cycles) | Iteration|  Initiation Interval  | Trip |          |
        |             Loop Name             |   min   |   max   |  Latency |  achieved |   target  | Count| Pipelined|
        +-----------------------------------+---------+---------+----------+-----------+-----------+------+----------+
        |- VITIS_LOOP_19_1_VITIS_LOOP_21_2  |    15001|    15001|         4|          2|          1|  7500|       yes|
        +-----------------------------------+---------+---------+----------+-----------+-----------+------+----------+

============================================================
+ Verbose Summary: Synthesis Manager
============================================================
InlineROM: 1
ExposeGlobal: 0
============================================================
+ Verbose Summary: CDFG Model
============================================================
IsTopModel: 0
ResetActiveHigh: 1
IsCombinational: 0
IsDatapathOnly: 0
HasWiredReturn: 1
HasMFsm: 2
HasVarLatency: 1
IsPipeline: 0
IsRtlPipelined: 0
IsInstanceOverlapped: 0
IsDontTouch: 0
HasImplIP: 0
IsGatedGlobalClock: 0

+ Individual pipeline summary: 
  * Pipeline-0: initiation interval (II) = 2, depth = 4


============================================================
+ Verbose Summary: Schedule
============================================================
* Number of FSM states : 4
* Pipeline : 1
  Pipeline-0 : II = 2, D = 4, States = { 1 2 3 4 }
* Dataflow Pipeline: 0

* FSM state transitions: 
1 --> 2 
2 --> 3 
3 --> 4 
4 --> 

* FSM state operations: 

State 1 <SV = 0> <Delay = 3.68>
ST_1 : Operation 7 [1/1] (0.00ns)   --->   "%c = alloca i32 1"   --->   Operation 7 'alloca' 'c' <Predicate = true> <Delay = 0.00>
ST_1 : Operation 8 [1/1] (0.00ns)   --->   "%r = alloca i32 1"   --->   Operation 8 'alloca' 'r' <Predicate = true> <Delay = 0.00>
ST_1 : Operation 9 [1/1] (0.00ns)   --->   "%indvar_flatten = alloca i32 1"   --->   Operation 9 'alloca' 'indvar_flatten' <Predicate = true> <Delay = 0.00>
ST_1 : Operation 10 [1/1] (0.00ns)   --->   "%sext_ln19_read = read i63 @_ssdm_op_Read.ap_auto.i63, i63 %sext_ln19"   --->   Operation 10 'read' 'sext_ln19_read' <Predicate = true> <Delay = 0.00>
ST_1 : Operation 11 [1/1] (0.00ns)   --->   "%sext_ln19_cast = sext i63 %sext_ln19_read"   --->   Operation 11 'sext' 'sext_ln19_cast' <Predicate = true> <Delay = 0.00>
ST_1 : Operation 12 [1/1] (0.00ns)   --->   "%specinterface_ln0 = specinterface void @_ssdm_op_SpecInterface, i16 %mem1, void @empty_1, i32 0, i32 0, void @empty_2, i32 64, i32 1, void @empty_3, void @empty_4, void @empty_2, i32 16, i32 16, i32 16, i32 16, void @empty_2, void @empty_2, i32 4294967295, i32 0"   --->   Operation 12 'specinterface' 'specinterface_ln0' <Predicate = true> <Delay = 0.00>
ST_1 : Operation 13 [1/1] (1.58ns)   --->   "%store_ln0 = store i13 0, i13 %indvar_flatten"   --->   Operation 13 'store' 'store_ln0' <Predicate = true> <Delay = 1.58>
ST_1 : Operation 14 [1/1] (1.58ns)   --->   "%store_ln0 = store i7 0, i7 %r"   --->   Operation 14 'store' 'store_ln0' <Predicate = true> <Delay = 1.58>
ST_1 : Operation 15 [1/1] (1.58ns)   --->   "%store_ln0 = store i8 0, i8 %c"   --->   Operation 15 'store' 'store_ln0' <Predicate = true> <Delay = 1.58>
ST_1 : Operation 16 [1/1] (0.00ns)   --->   "%br_ln0 = br void %for.inc"   --->   Operation 16 'br' 'br_ln0' <Predicate = true> <Delay = 0.00>
ST_1 : Operation 17 [1/1] (0.00ns)   --->   "%indvar_flatten_load = load i13 %indvar_flatten" [matmul.cpp:19]   --->   Operation 17 'load' 'indvar_flatten_load' <Predicate = true> <Delay = 0.00>
ST_1 : Operation 18 [1/1] (0.00ns)   --->   "%specbitsmap_ln0 = specbitsmap void @_ssdm_op_SpecBitsMap, i16 %mem1"   --->   Operation 18 'specbitsmap' 'specbitsmap_ln0' <Predicate = true> <Delay = 0.00>
ST_1 : Operation 19 [1/1] (0.00ns)   --->   "%mem1_addr = getelementptr i16 %mem1, i64 %sext_ln19_cast" [matmul.cpp:19]   --->   Operation 19 'getelementptr' 'mem1_addr' <Predicate = true> <Delay = 0.00>
ST_1 : Operation 20 [1/1] (2.09ns)   --->   "%icmp_ln19 = icmp_eq  i13 %indvar_flatten_load, i13 7500" [matmul.cpp:19]   --->   Operation 20 'icmp' 'icmp_ln19' <Predicate = true> <Delay = 2.09> <CoreInst = "Cmp">   --->   Core 9 'Cmp' <Latency = 0> <II = 1> <Delay = 2.09> <FuncUnit> <Opcode : 'icmp'> <InPorts = 2> <OutPorts = 1>
ST_1 : Operation 21 [1/1] (1.67ns)   --->   "%add_ln19_1 = add i13 %indvar_flatten_load, i13 1" [matmul.cpp:19]   --->   Operation 21 'add' 'add_ln19_1' <Predicate = true> <Delay = 1.67> <CoreInst = "Adder">   --->   Core 1 'Adder' <Latency = 0> <II = 1> <Delay = 1.67> <FuncUnit> <Opcode : 'add' 'sub'> <InPorts = 2> <OutPorts = 1>
ST_1 : Operation 22 [1/1] (0.00ns)   --->   "%br_ln19 = br i1 %icmp_ln19, void %for.inc45, void %VITIS_LOOP_30_3.exitStub" [matmul.cpp:19]   --->   Operation 22 'br' 'br_ln19' <Predicate = true> <Delay = 0.00>
ST_1 : Operation 23 [1/1] (1.58ns)   --->   "%store_ln21 = store i13 %add_ln19_1, i13 %indvar_flatten" [matmul.cpp:21]   --->   Operation 23 'store' 'store_ln21' <Predicate = (!icmp_ln19)> <Delay = 1.58>

State 2 <SV = 1> <Delay = 7.30>
ST_2 : Operation 24 [1/1] (0.00ns)   --->   "%c_load = load i8 %c" [matmul.cpp:21]   --->   Operation 24 'load' 'c_load' <Predicate = (!icmp_ln19)> <Delay = 0.00>
ST_2 : Operation 25 [1/1] (0.00ns)   --->   "%r_load = load i7 %r" [matmul.cpp:19]   --->   Operation 25 'load' 'r_load' <Predicate = (!icmp_ln19)> <Delay = 0.00>
ST_2 : Operation 26 [1/1] (1.87ns)   --->   "%add_ln19 = add i7 %r_load, i7 1" [matmul.cpp:19]   --->   Operation 26 'add' 'add_ln19' <Predicate = (!icmp_ln19)> <Delay = 1.87> <CoreInst = "Adder">   --->   Core 1 'Adder' <Latency = 0> <II = 1> <Delay = 1.87> <FuncUnit> <Opcode : 'add' 'sub'> <InPorts = 2> <OutPorts = 1>
ST_2 : Operation 27 [1/1] (1.55ns)   --->   "%icmp_ln21 = icmp_ult  i8 %c_load, i8 150" [matmul.cpp:21]   --->   Operation 27 'icmp' 'icmp_ln21' <Predicate = (!icmp_ln19)> <Delay = 1.55> <CoreInst = "Cmp">   --->   Core 9 'Cmp' <Latency = 0> <II = 1> <Delay = 1.55> <FuncUnit> <Opcode : 'icmp'> <InPorts = 2> <OutPorts = 1>
ST_2 : Operation 28 [1/1] (1.24ns)   --->   "%select_ln19 = select i1 %icmp_ln21, i8 %c_load, i8 0" [matmul.cpp:19]   --->   Operation 28 'select' 'select_ln19' <Predicate = (!icmp_ln19)> <Delay = 1.24> <CoreInst = "Sel">   --->   Core 73 'Sel' <Latency = 0> <II = 1> <Delay = 1.24> <FuncUnit> <Opcode : 'select'> <InPorts = 3> <OutPorts = 1>
ST_2 : Operation 29 [1/1] (0.99ns)   --->   "%select_ln19_1 = select i1 %icmp_ln21, i7 %r_load, i7 %add_ln19" [matmul.cpp:19]   --->   Operation 29 'select' 'select_ln19_1' <Predicate = (!icmp_ln19)> <Delay = 0.99> <CoreInst = "Sel">   --->   Core 73 'Sel' <Latency = 0> <II = 1> <Delay = 0.99> <FuncUnit> <Opcode : 'select'> <InPorts = 3> <OutPorts = 1>
ST_2 : Operation 30 [1/1] (0.00ns)   --->   "%zext_ln21 = zext i7 %select_ln19_1" [matmul.cpp:21]   --->   Operation 30 'zext' 'zext_ln21' <Predicate = (!icmp_ln19)> <Delay = 0.00>
ST_2 : Operation 31 [1/1] (4.35ns)   --->   "%mul_ln21 = mul i14 %zext_ln21, i14 150" [matmul.cpp:21]   --->   Operation 31 'mul' 'mul_ln21' <Predicate = (!icmp_ln19)> <Delay = 4.35> <CoreInst = "Multiplier">   --->   Core 3 'Multiplier' <Latency = 0> <II = 1> <Delay = 4.35> <FuncUnit> <Opcode : 'mul'> <InPorts = 2> <OutPorts = 1>
ST_2 : Operation 32 [1/1] (7.30ns)   --->   "%mem1_addr_read = read i16 @_ssdm_op_Read.m_axi.p1i16, i16 %mem1_addr" [matmul.cpp:25]   --->   Operation 32 'read' 'mem1_addr_read' <Predicate = (!icmp_ln19)> <Delay = 7.30> <CoreInst = "m_axi">   --->   Core 113 'm_axi' <Latency = 0> <II = 1> <Delay = 1.00> <Adapter> <Opcode : 'read' 'write' 'readreq' 'writereq' 'writeresp'>
ST_2 : Operation 33 [1/1] (1.91ns)   --->   "%add_ln21 = add i8 %select_ln19, i8 2" [matmul.cpp:21]   --->   Operation 33 'add' 'add_ln21' <Predicate = (!icmp_ln19)> <Delay = 1.91> <CoreInst = "Adder">   --->   Core 1 'Adder' <Latency = 0> <II = 1> <Delay = 1.91> <FuncUnit> <Opcode : 'add' 'sub'> <InPorts = 2> <OutPorts = 1>
ST_2 : Operation 34 [1/1] (1.58ns)   --->   "%store_ln21 = store i7 %select_ln19_1, i7 %r" [matmul.cpp:21]   --->   Operation 34 'store' 'store_ln21' <Predicate = (!icmp_ln19)> <Delay = 1.58>
ST_2 : Operation 35 [1/1] (1.58ns)   --->   "%store_ln21 = store i8 %add_ln21, i8 %c" [matmul.cpp:21]   --->   Operation 35 'store' 'store_ln21' <Predicate = (!icmp_ln19)> <Delay = 1.58>
ST_2 : Operation 53 [1/1] (0.00ns)   --->   "%ret_ln0 = ret"   --->   Operation 53 'ret' 'ret_ln0' <Predicate = (icmp_ln19)> <Delay = 0.00>

State 3 <SV = 2> <Delay = 7.30>
ST_3 : Operation 36 [1/1] (0.00ns)   --->   "%zext_ln25 = zext i8 %select_ln19" [matmul.cpp:25]   --->   Operation 36 'zext' 'zext_ln25' <Predicate = true> <Delay = 0.00>
ST_3 : Operation 37 [1/1] (1.81ns)   --->   "%add_ln25 = add i14 %mul_ln21, i14 %zext_ln25" [matmul.cpp:25]   --->   Operation 37 'add' 'add_ln25' <Predicate = true> <Delay = 1.81> <CoreInst = "Adder">   --->   Core 1 'Adder' <Latency = 0> <II = 1> <Delay = 1.81> <FuncUnit> <Opcode : 'add' 'sub'> <InPorts = 2> <OutPorts = 1>
ST_3 : Operation 38 [1/1] (0.00ns)   --->   "%zext_ln25_1 = zext i14 %add_ln25" [matmul.cpp:25]   --->   Operation 38 'zext' 'zext_ln25_1' <Predicate = true> <Delay = 0.00>
ST_3 : Operation 39 [1/1] (0.00ns)   --->   "%Matrix_A_BRAM_V_addr = getelementptr i16 %Matrix_A_BRAM_V, i64 0, i64 %zext_ln25_1" [matmul.cpp:25]   --->   Operation 39 'getelementptr' 'Matrix_A_BRAM_V_addr' <Predicate = true> <Delay = 0.00>
ST_3 : Operation 40 [1/1] (7.30ns)   --->   "%mem1_addr_read_1 = read i16 @_ssdm_op_Read.m_axi.p1i16, i16 %mem1_addr" [matmul.cpp:25]   --->   Operation 40 'read' 'mem1_addr_read_1' <Predicate = true> <Delay = 7.30> <CoreInst = "m_axi">   --->   Core 113 'm_axi' <Latency = 0> <II = 1> <Delay = 1.00> <Adapter> <Opcode : 'read' 'write' 'readreq' 'writereq' 'writeresp'>
ST_3 : Operation 41 [1/1] (3.25ns)   --->   "%store_ln25 = store i16 %mem1_addr_read, i14 %Matrix_A_BRAM_V_addr" [matmul.cpp:25]   --->   Operation 41 'store' 'store_ln25' <Predicate = true> <Delay = 3.25> <CoreInst = "RAM">   --->   Core 82 'RAM' <Latency = 1> <II = 1> <Delay = 3.25> <Storage> <Opcode : 'load' 'store'> <Ports = 2> <Width = 16> <Depth = 15000> <RAM>
ST_3 : Operation 42 [1/1] (0.00ns) (grouped into LUT with out node add_ln25_1)   --->   "%or_ln21 = or i8 %select_ln19, i8 1" [matmul.cpp:21]   --->   Operation 42 'or' 'or_ln21' <Predicate = true> <Delay = 0.00>
ST_3 : Operation 43 [1/1] (0.00ns) (grouped into LUT with out node add_ln25_1)   --->   "%zext_ln25_2 = zext i8 %or_ln21" [matmul.cpp:25]   --->   Operation 43 'zext' 'zext_ln25_2' <Predicate = true> <Delay = 0.00>
ST_3 : Operation 44 [1/1] (1.81ns) (out node of the LUT)   --->   "%add_ln25_1 = add i14 %mul_ln21, i14 %zext_ln25_2" [matmul.cpp:25]   --->   Operation 44 'add' 'add_ln25_1' <Predicate = true> <Delay = 1.81> <CoreInst = "Adder">   --->   Core 1 'Adder' <Latency = 0> <II = 1> <Delay = 1.81> <FuncUnit> <Opcode : 'add' 'sub'> <InPorts = 2> <OutPorts = 1>

State 4 <SV = 3> <Delay = 3.25>
ST_4 : Operation 45 [1/1] (0.00ns)   --->   "%specloopname_ln0 = specloopname void @_ssdm_op_SpecLoopName, void @VITIS_LOOP_19_1_VITIS_LOOP_21_2_str"   --->   Operation 45 'specloopname' 'specloopname_ln0' <Predicate = true> <Delay = 0.00>
ST_4 : Operation 46 [1/1] (0.00ns)   --->   "%empty = speclooptripcount i32 @_ssdm_op_SpecLoopTripCount, i64 7500, i64 7500, i64 7500"   --->   Operation 46 'speclooptripcount' 'empty' <Predicate = true> <Delay = 0.00>
ST_4 : Operation 47 [1/1] (0.00ns)   --->   "%specpipeline_ln23 = specpipeline void @_ssdm_op_SpecPipeline, i32 1, i32 0, i32 0, i32 0, void @empty_2" [matmul.cpp:23]   --->   Operation 47 'specpipeline' 'specpipeline_ln23' <Predicate = true> <Delay = 0.00>
ST_4 : Operation 48 [1/1] (0.00ns)   --->   "%specloopname_ln21 = specloopname void @_ssdm_op_SpecLoopName, void @empty_6" [matmul.cpp:21]   --->   Operation 48 'specloopname' 'specloopname_ln21' <Predicate = true> <Delay = 0.00>
ST_4 : Operation 49 [1/1] (0.00ns)   --->   "%zext_ln25_3 = zext i14 %add_ln25_1" [matmul.cpp:25]   --->   Operation 49 'zext' 'zext_ln25_3' <Predicate = true> <Delay = 0.00>
ST_4 : Operation 50 [1/1] (0.00ns)   --->   "%Matrix_A_BRAM_V_addr_1 = getelementptr i16 %Matrix_A_BRAM_V, i64 0, i64 %zext_ln25_3" [matmul.cpp:25]   --->   Operation 50 'getelementptr' 'Matrix_A_BRAM_V_addr_1' <Predicate = true> <Delay = 0.00>
ST_4 : Operation 51 [1/1] (3.25ns)   --->   "%store_ln25 = store i16 %mem1_addr_read_1, i14 %Matrix_A_BRAM_V_addr_1" [matmul.cpp:25]   --->   Operation 51 'store' 'store_ln25' <Predicate = true> <Delay = 3.25> <CoreInst = "RAM">   --->   Core 82 'RAM' <Latency = 1> <II = 1> <Delay = 3.25> <Storage> <Opcode : 'load' 'store'> <Ports = 2> <Width = 16> <Depth = 15000> <RAM>
ST_4 : Operation 52 [1/1] (0.00ns)   --->   "%br_ln21 = br void %for.inc" [matmul.cpp:21]   --->   Operation 52 'br' 'br_ln21' <Predicate = true> <Delay = 0.00>


============================================================
+ Verbose Summary: Timing violations
============================================================
Target clock period: 10ns, clock uncertainty: 2.7ns.

 <State 1>: 3.69ns
The critical path consists of the following:
	'alloca' operation ('indvar_flatten') [6]  (0 ns)
	'load' operation ('indvar_flatten_load', matmul.cpp:19) on local variable 'indvar_flatten' [15]  (0 ns)
	'add' operation ('add_ln19_1', matmul.cpp:19) [19]  (1.68 ns)
	'store' operation ('store_ln21', matmul.cpp:21) of variable 'add_ln19_1', matmul.cpp:19 on local variable 'indvar_flatten' [48]  (1.59 ns)
	blocking operation 0.42 ns on control path)

 <State 2>: 7.3ns
The critical path consists of the following:
	bus read operation ('mem1_addr_read', matmul.cpp:25) on port 'mem1' (matmul.cpp:25) [38]  (7.3 ns)

 <State 3>: 7.3ns
The critical path consists of the following:
	bus read operation ('mem1_addr_read_1', matmul.cpp:25) on port 'mem1' (matmul.cpp:25) [39]  (7.3 ns)

 <State 4>: 3.25ns
The critical path consists of the following:
	'getelementptr' operation ('Matrix_A_BRAM_V_addr_1', matmul.cpp:25) [45]  (0 ns)
	'store' operation ('store_ln25', matmul.cpp:25) of variable 'mem1_addr_read_1', matmul.cpp:25 on array 'Matrix_A_BRAM_V' [46]  (3.25 ns)


============================================================
+ Verbose Summary: Binding
============================================================
N/A
* FSMD analyzer results:
  - Output states:
 - Input state : 
  - Chain level:
	State 1
	State 2
	State 3
	State 4


============================================================
+ Verbose Summary: Datapath Resource usage 
============================================================
N/A
