In file included from matmul.cpp:1:
In file included from ./matmul.hpp:7:
In file included from /apps/Xilinx/Vitis_HLS/2022.2/common/technology/autopilot/ap_int.h:12:
/apps/Xilinx/Vitis_HLS/2022.2/common/technology/autopilot/ap_int_ref.h:678:9: warning: HLS pragma dump _XLX_SEP_ PragmaIsValid=1_XLX_SEP_ PragmaType=unroll_XLX_SEP_ PragmaContext=_XLX_SEP_ PragmaFunction=and_reduce_XLX_SEP_ PragmaOptions=_XLX_SEP_ [-Wdump-hls-pragmas]
#pragma HLS unroll
        ^
/apps/Xilinx/Vitis_HLS/2022.2/common/technology/autopilot/ap_int_ref.h:692:9: warning: HLS pragma dump _XLX_SEP_ PragmaIsValid=1_XLX_SEP_ PragmaType=unroll_XLX_SEP_ PragmaContext=_XLX_SEP_ PragmaFunction=or_reduce_XLX_SEP_ PragmaOptions=_XLX_SEP_ [-Wdump-hls-pragmas]
#pragma HLS unroll
        ^
/apps/Xilinx/Vitis_HLS/2022.2/common/technology/autopilot/ap_int_ref.h:706:9: warning: HLS pragma dump _XLX_SEP_ PragmaIsValid=1_XLX_SEP_ PragmaType=unroll_XLX_SEP_ PragmaContext=_XLX_SEP_ PragmaFunction=xor_reduce_XLX_SEP_ PragmaOptions=_XLX_SEP_ [-Wdump-hls-pragmas]
#pragma HLS unroll
        ^
/home/ykim131_588fa26/Desktop/ECE588/ECE588_fa2026_Lab03/part1/vitis_hls.tcl:25:9: warning: HLS pragma dump _XLX_SEP_ PragmaIsValid=1_XLX_SEP_ PragmaType=top_XLX_SEP_ PragmaContext=directive_XLX_SEP_ PragmaFunction=matmul_XLX_SEP_ PragmaOptions=name=matmul_XLX_SEP_ [-Wdump-hls-pragmas]
#pragma HLSDIRECTIVE TOP name=matmul
        ^
matmul.cpp:9:9: warning: HLS pragma dump _XLX_SEP_ PragmaIsValid=1_XLX_SEP_ PragmaType=interface_XLX_SEP_ PragmaContext=_XLX_SEP_ PragmaFunction=matmul_XLX_SEP_ PragmaOptions=mode = m_axi depth = 1 port = Matrix_A_DRAM offset = slave bundle = mem1_XLX_SEP_ [-Wdump-hls-pragmas]
#pragma HLS interface mode = m_axi depth = 1 port = Matrix_A_DRAM offset = slave bundle = mem1
        ^
matmul.cpp:10:9: warning: HLS pragma dump _XLX_SEP_ PragmaIsValid=1_XLX_SEP_ PragmaType=interface_XLX_SEP_ PragmaContext=_XLX_SEP_ PragmaFunction=matmul_XLX_SEP_ PragmaOptions=mode = m_axi depth = 1 port = Matrix_B_DRAM offset = slave bundle = mem2_XLX_SEP_ [-Wdump-hls-pragmas]
#pragma HLS interface mode = m_axi depth = 1 port = Matrix_B_DRAM offset = slave bundle = mem2
        ^
matmul.cpp:11:9: warning: HLS pragma dump _XLX_SEP_ PragmaIsValid=1_XLX_SEP_ PragmaType=interface_XLX_SEP_ PragmaContext=_XLX_SEP_ PragmaFunction=matmul_XLX_SEP_ PragmaOptions=mode = m_axi depth = 1 port = Matrix_C_DRAM offset = slave bundle = mem1_XLX_SEP_ [-Wdump-hls-pragmas]
#pragma HLS interface mode = m_axi depth = 1 port = Matrix_C_DRAM offset = slave bundle = mem1
        ^
matmul.cpp:12:9: warning: HLS pragma dump _XLX_SEP_ PragmaIsValid=1_XLX_SEP_ PragmaType=interface_XLX_SEP_ PragmaContext=_XLX_SEP_ PragmaFunction=matmul_XLX_SEP_ PragmaOptions=mode = s_axilite port = return_XLX_SEP_ [-Wdump-hls-pragmas]
#pragma HLS interface mode = s_axilite port = return
        ^
8 warnings generated.
