

================================================================
== Vitis HLS Report for 'matmul_Pipeline_VITIS_LOOP_59_9'
================================================================
* Date:           Fri Oct  2 16:46:19 2026

* Version:        2022.2 (Build 3670227 on Oct 13 2022)
* Project:        vitis.prj
* Solution:       solution1 (Vivado IP Flow Target)
* Product family: zynq
* Target device:  xc7z020-clg400-1


================================================================
== Performance Estimates
================================================================
+ Timing: 
    * Summary: 
    +--------+----------+----------+------------+
    |  Clock |  Target  | Estimated| Uncertainty|
    +--------+----------+----------+------------+
    |ap_clk  |  10.00 ns|  5.765 ns|     2.70 ns|
    +--------+----------+----------+------------+

+ Latency: 
    * Summary: 
    +---------+---------+----------+----------+-----+-----+---------+
    |  Latency (cycles) |  Latency (absolute) |  Interval | Pipeline|
    |   min   |   max   |    min   |    max   | min | max |   Type  |
    +---------+---------+----------+----------+-----+-----+---------+
    |       84|       84|  0.840 us|  0.840 us|   84|   84|       no|
    +---------+---------+----------+----------+-----+-----+---------+

    + Detail: 
        * Instance: 
        N/A

        * Loop: 
        +-------------------+---------+---------+----------+-----------+-----------+------+----------+
        |                   |  Latency (cycles) | Iteration|  Initiation Interval  | Trip |          |
        |     Loop Name     |   min   |   max   |  Latency |  achieved |   target  | Count| Pipelined|
        +-------------------+---------+---------+----------+-----------+-----------+------+----------+
        |- VITIS_LOOP_59_9  |       82|       82|         9|          1|          1|    75|       yes|
        +-------------------+---------+---------+----------+-----------+-----------+------+----------+

============================================================
+ Verbose Summary: Synthesis Manager
============================================================
InlineROM: 1
ExposeGlobal: 0
============================================================
+ Verbose Summary: CDFG Model
============================================================
IsTopModel: 0
ResetActiveHigh: 1
IsCombinational: 0
IsDatapathOnly: 0
HasWiredReturn: 1
HasMFsm: 2
HasVarLatency: 1
IsPipeline: 0
IsRtlPipelined: 0
IsInstanceOverlapped: 0
IsDontTouch: 0
HasImplIP: 0
IsGatedGlobalClock: 0

+ Individual pipeline summary: 
  * Pipeline-0: initiation interval (II) = 1, depth = 9


============================================================
+ Verbose Summary: Schedule
============================================================
* Number of FSM states : 9
* Pipeline : 1
  Pipeline-0 : II = 1, D = 9, States = { 1 2 3 4 5 6 7 8 9 }
* Dataflow Pipeline: 0

* FSM state transitions: 
1 --> 2 
2 --> 3 
3 --> 4 
4 --> 5 
5 --> 6 
6 --> 7 
7 --> 8 
8 --> 9 
9 --> 

* FSM state operations: 

State 1 <SV = 0> <Delay = 3.50>
ST_1 : Operation 12 [1/1] (0.00ns)   --->   "%conv3_i_188 = alloca i32 1"   --->   Operation 12 'alloca' 'conv3_i_188' <Predicate = true> <Delay = 0.00>
ST_1 : Operation 13 [1/1] (0.00ns)   --->   "%dot = alloca i32 1"   --->   Operation 13 'alloca' 'dot' <Predicate = true> <Delay = 0.00>
ST_1 : Operation 14 [1/1] (0.00ns)   --->   "%zext_ln57_read = read i8 @_ssdm_op_Read.ap_auto.i8, i8 %zext_ln57"   --->   Operation 14 'read' 'zext_ln57_read' <Predicate = true> <Delay = 0.00>
ST_1 : Operation 15 [1/1] (0.00ns)   --->   "%mul_ln186_read = read i14 @_ssdm_op_Read.ap_auto.i14, i14 %mul_ln186"   --->   Operation 15 'read' 'mul_ln186_read' <Predicate = true> <Delay = 0.00>
ST_1 : Operation 16 [1/1] (0.00ns)   --->   "%Matrix_C_BRAM_V_load_read = read i16 @_ssdm_op_Read.ap_auto.i16, i16 %Matrix_C_BRAM_V_load"   --->   Operation 16 'read' 'Matrix_C_BRAM_V_load_read' <Predicate = true> <Delay = 0.00>
ST_1 : Operation 17 [1/1] (0.00ns)   --->   "%zext_ln57_cast = zext i8 %zext_ln57_read"   --->   Operation 17 'zext' 'zext_ln57_cast' <Predicate = true> <Delay = 0.00>
ST_1 : Operation 18 [1/1] (1.58ns)   --->   "%store_ln0 = store i8 0, i8 %dot"   --->   Operation 18 'store' 'store_ln0' <Predicate = true> <Delay = 1.58>
ST_1 : Operation 19 [1/1] (1.58ns)   --->   "%store_ln0 = store i16 %Matrix_C_BRAM_V_load_read, i16 %conv3_i_188"   --->   Operation 19 'store' 'store_ln0' <Predicate = true> <Delay = 1.58>
ST_1 : Operation 20 [1/1] (0.00ns)   --->   "%br_ln0 = br void %for.inc119"   --->   Operation 20 'br' 'br_ln0' <Predicate = true> <Delay = 0.00>
ST_1 : Operation 21 [1/1] (0.00ns)   --->   "%dot_1 = load i8 %dot"   --->   Operation 21 'load' 'dot_1' <Predicate = true> <Delay = 0.00>
ST_1 : Operation 22 [1/1] (1.55ns)   --->   "%icmp_ln59 = icmp_ult  i8 %dot_1, i8 150" [matmul.cpp:59]   --->   Operation 22 'icmp' 'icmp_ln59' <Predicate = true> <Delay = 1.55> <CoreInst = "Cmp">   --->   Core 9 'Cmp' <Latency = 0> <II = 1> <Delay = 1.55> <FuncUnit> <Opcode : 'icmp'> <InPorts = 2> <OutPorts = 1>
ST_1 : Operation 23 [1/1] (0.00ns)   --->   "%empty = speclooptripcount i32 @_ssdm_op_SpecLoopTripCount, i64 75, i64 75, i64 75"   --->   Operation 23 'speclooptripcount' 'empty' <Predicate = true> <Delay = 0.00>
ST_1 : Operation 24 [1/1] (0.00ns)   --->   "%br_ln59 = br i1 %icmp_ln59, void %for.inc122.exitStub, void %for.inc119.split" [matmul.cpp:59]   --->   Operation 24 'br' 'br_ln59' <Predicate = true> <Delay = 0.00>
ST_1 : Operation 25 [1/1] (0.00ns)   --->   "%or_ln59 = or i8 %dot_1, i8 1" [matmul.cpp:59]   --->   Operation 25 'or' 'or_ln59' <Predicate = (icmp_ln59)> <Delay = 0.00>
ST_1 : Operation 26 [1/1] (0.00ns)   --->   "%zext_ln186_4 = zext i8 %or_ln59"   --->   Operation 26 'zext' 'zext_ln186_4' <Predicate = (icmp_ln59)> <Delay = 0.00>
ST_1 : Operation 27 [3/3] (1.05ns) (grouped into DSP with root node add_ln186_3)   --->   "%mul_ln186_2 = mul i15 %zext_ln186_4, i15 200"   --->   Operation 27 'mul' 'mul_ln186_2' <Predicate = (icmp_ln59)> <Delay = 1.05> <CoreInst = "DSP48">   --->   Core 119 'DSP48' <Latency = 3> <II = 1> <Delay = 2.15> <IPBlock> <Opcode : 'mul' 'add' 'sub' 'select'> <InPorts = 0> <OutPorts = 1> <Sync> <CReg>
ST_1 : Operation 28 [1/1] (1.91ns)   --->   "%add_ln59 = add i8 %dot_1, i8 2" [matmul.cpp:59]   --->   Operation 28 'add' 'add_ln59' <Predicate = (icmp_ln59)> <Delay = 1.91> <CoreInst = "Adder">   --->   Core 1 'Adder' <Latency = 0> <II = 1> <Delay = 1.91> <FuncUnit> <Opcode : 'add' 'sub'> <InPorts = 2> <OutPorts = 1>
ST_1 : Operation 29 [1/1] (1.58ns)   --->   "%store_ln59 = store i8 %add_ln59, i8 %dot" [matmul.cpp:59]   --->   Operation 29 'store' 'store_ln59' <Predicate = (icmp_ln59)> <Delay = 1.58>

State 2 <SV = 1> <Delay = 1.05>
ST_2 : Operation 30 [1/1] (0.00ns)   --->   "%zext_ln186 = zext i8 %dot_1"   --->   Operation 30 'zext' 'zext_ln186' <Predicate = true> <Delay = 0.00>
ST_2 : Operation 31 [3/3] (1.05ns) (grouped into DSP with root node add_ln186_1)   --->   "%mul_ln186_1 = mul i15 %zext_ln186, i15 200"   --->   Operation 31 'mul' 'mul_ln186_1' <Predicate = true> <Delay = 1.05> <CoreInst = "DSP48">   --->   Core 119 'DSP48' <Latency = 3> <II = 1> <Delay = 2.15> <IPBlock> <Opcode : 'mul' 'add' 'sub' 'select'> <InPorts = 0> <OutPorts = 1> <Sync> <CReg>
ST_2 : Operation 32 [2/3] (1.05ns) (grouped into DSP with root node add_ln186_3)   --->   "%mul_ln186_2 = mul i15 %zext_ln186_4, i15 200"   --->   Operation 32 'mul' 'mul_ln186_2' <Predicate = true> <Delay = 1.05> <CoreInst = "DSP48">   --->   Core 119 'DSP48' <Latency = 3> <II = 1> <Delay = 2.15> <IPBlock> <Opcode : 'mul' 'add' 'sub' 'select'> <InPorts = 0> <OutPorts = 1> <Sync> <CReg>

State 3 <SV = 2> <Delay = 2.10>
ST_3 : Operation 33 [2/3] (1.05ns) (grouped into DSP with root node add_ln186_1)   --->   "%mul_ln186_1 = mul i15 %zext_ln186, i15 200"   --->   Operation 33 'mul' 'mul_ln186_1' <Predicate = true> <Delay = 1.05> <CoreInst = "DSP48">   --->   Core 119 'DSP48' <Latency = 3> <II = 1> <Delay = 2.15> <IPBlock> <Opcode : 'mul' 'add' 'sub' 'select'> <InPorts = 0> <OutPorts = 1> <Sync> <CReg>
ST_3 : Operation 34 [1/3] (0.00ns) (grouped into DSP with root node add_ln186_3)   --->   "%mul_ln186_2 = mul i15 %zext_ln186_4, i15 200"   --->   Operation 34 'mul' 'mul_ln186_2' <Predicate = true> <Delay = 0.00> <CoreInst = "DSP48">   --->   Core 119 'DSP48' <Latency = 3> <II = 1> <Delay = 2.15> <IPBlock> <Opcode : 'mul' 'add' 'sub' 'select'> <InPorts = 0> <OutPorts = 1> <Sync> <CReg>
ST_3 : Operation 35 [2/2] (2.10ns) (root node of the DSP)   --->   "%add_ln186_3 = add i15 %mul_ln186_2, i15 %zext_ln57_cast"   --->   Operation 35 'add' 'add_ln186_3' <Predicate = true> <Delay = 2.10> <CoreInst = "DSP48">   --->   Core 119 'DSP48' <Latency = 3> <II = 1> <Delay = 2.15> <IPBlock> <Opcode : 'mul' 'add' 'sub' 'select'> <InPorts = 0> <OutPorts = 1> <Sync> <CReg>

State 4 <SV = 3> <Delay = 5.35>
ST_4 : Operation 36 [1/3] (0.00ns) (grouped into DSP with root node add_ln186_1)   --->   "%mul_ln186_1 = mul i15 %zext_ln186, i15 200"   --->   Operation 36 'mul' 'mul_ln186_1' <Predicate = true> <Delay = 0.00> <CoreInst = "DSP48">   --->   Core 119 'DSP48' <Latency = 3> <II = 1> <Delay = 2.15> <IPBlock> <Opcode : 'mul' 'add' 'sub' 'select'> <InPorts = 0> <OutPorts = 1> <Sync> <CReg>
ST_4 : Operation 37 [2/2] (2.10ns) (root node of the DSP)   --->   "%add_ln186_1 = add i15 %mul_ln186_1, i15 %zext_ln57_cast"   --->   Operation 37 'add' 'add_ln186_1' <Predicate = true> <Delay = 2.10> <CoreInst = "DSP48">   --->   Core 119 'DSP48' <Latency = 3> <II = 1> <Delay = 2.15> <IPBlock> <Opcode : 'mul' 'add' 'sub' 'select'> <InPorts = 0> <OutPorts = 1> <Sync> <CReg>
ST_4 : Operation 38 [1/1] (0.00ns)   --->   "%zext_ln186_5 = zext i8 %or_ln59"   --->   Operation 38 'zext' 'zext_ln186_5' <Predicate = true> <Delay = 0.00>
ST_4 : Operation 39 [1/1] (1.81ns)   --->   "%add_ln186_2 = add i14 %mul_ln186_read, i14 %zext_ln186_5"   --->   Operation 39 'add' 'add_ln186_2' <Predicate = true> <Delay = 1.81> <CoreInst = "Adder">   --->   Core 1 'Adder' <Latency = 0> <II = 1> <Delay = 1.81> <FuncUnit> <Opcode : 'add' 'sub'> <InPorts = 2> <OutPorts = 1>
ST_4 : Operation 40 [1/1] (0.00ns)   --->   "%zext_ln186_6 = zext i14 %add_ln186_2"   --->   Operation 40 'zext' 'zext_ln186_6' <Predicate = true> <Delay = 0.00>
ST_4 : Operation 41 [1/1] (0.00ns)   --->   "%Matrix_A_BRAM_V_addr_1 = getelementptr i16 %Matrix_A_BRAM_V, i64 0, i64 %zext_ln186_6"   --->   Operation 41 'getelementptr' 'Matrix_A_BRAM_V_addr_1' <Predicate = true> <Delay = 0.00>
ST_4 : Operation 42 [1/2] (2.10ns) (root node of the DSP)   --->   "%add_ln186_3 = add i15 %mul_ln186_2, i15 %zext_ln57_cast"   --->   Operation 42 'add' 'add_ln186_3' <Predicate = true> <Delay = 2.10> <CoreInst = "DSP48">   --->   Core 119 'DSP48' <Latency = 3> <II = 1> <Delay = 2.15> <IPBlock> <Opcode : 'mul' 'add' 'sub' 'select'> <InPorts = 0> <OutPorts = 1> <Sync> <CReg>
ST_4 : Operation 43 [1/1] (0.00ns)   --->   "%zext_ln186_7 = zext i15 %add_ln186_3"   --->   Operation 43 'zext' 'zext_ln186_7' <Predicate = true> <Delay = 0.00>
ST_4 : Operation 44 [1/1] (0.00ns)   --->   "%Matrix_B_BRAM_V_addr_1 = getelementptr i16 %Matrix_B_BRAM_V, i64 0, i64 %zext_ln186_7"   --->   Operation 44 'getelementptr' 'Matrix_B_BRAM_V_addr_1' <Predicate = true> <Delay = 0.00>
ST_4 : Operation 45 [2/2] (3.25ns)   --->   "%Matrix_A_BRAM_V_load_1 = load i14 %Matrix_A_BRAM_V_addr_1"   --->   Operation 45 'load' 'Matrix_A_BRAM_V_load_1' <Predicate = true> <Delay = 3.25> <CoreInst = "RAM">   --->   Core 82 'RAM' <Latency = 1> <II = 1> <Delay = 3.25> <Storage> <Opcode : 'load' 'store'> <Ports = 2> <Width = 16> <Depth = 15000> <RAM>
ST_4 : Operation 46 [2/2] (3.25ns)   --->   "%Matrix_B_BRAM_V_load_1 = load i15 %Matrix_B_BRAM_V_addr_1"   --->   Operation 46 'load' 'Matrix_B_BRAM_V_load_1' <Predicate = true> <Delay = 3.25> <CoreInst = "RAM">   --->   Core 82 'RAM' <Latency = 1> <II = 1> <Delay = 3.25> <Storage> <Opcode : 'load' 'store'> <Ports = 2> <Width = 16> <Depth = 30000> <RAM>

State 5 <SV = 4> <Delay = 5.40>
ST_5 : Operation 47 [1/1] (0.00ns)   --->   "%zext_ln186_1 = zext i8 %dot_1"   --->   Operation 47 'zext' 'zext_ln186_1' <Predicate = true> <Delay = 0.00>
ST_5 : Operation 48 [1/1] (1.81ns)   --->   "%add_ln186 = add i14 %mul_ln186_read, i14 %zext_ln186_1"   --->   Operation 48 'add' 'add_ln186' <Predicate = true> <Delay = 1.81> <CoreInst = "Adder">   --->   Core 1 'Adder' <Latency = 0> <II = 1> <Delay = 1.81> <FuncUnit> <Opcode : 'add' 'sub'> <InPorts = 2> <OutPorts = 1>
ST_5 : Operation 49 [1/1] (0.00ns)   --->   "%zext_ln186_2 = zext i14 %add_ln186"   --->   Operation 49 'zext' 'zext_ln186_2' <Predicate = true> <Delay = 0.00>
ST_5 : Operation 50 [1/1] (0.00ns)   --->   "%Matrix_A_BRAM_V_addr = getelementptr i16 %Matrix_A_BRAM_V, i64 0, i64 %zext_ln186_2"   --->   Operation 50 'getelementptr' 'Matrix_A_BRAM_V_addr' <Predicate = true> <Delay = 0.00>
ST_5 : Operation 51 [1/2] (2.10ns) (root node of the DSP)   --->   "%add_ln186_1 = add i15 %mul_ln186_1, i15 %zext_ln57_cast"   --->   Operation 51 'add' 'add_ln186_1' <Predicate = true> <Delay = 2.10> <CoreInst = "DSP48">   --->   Core 119 'DSP48' <Latency = 3> <II = 1> <Delay = 2.15> <IPBlock> <Opcode : 'mul' 'add' 'sub' 'select'> <InPorts = 0> <OutPorts = 1> <Sync> <CReg>
ST_5 : Operation 52 [1/1] (0.00ns)   --->   "%zext_ln186_3 = zext i15 %add_ln186_1"   --->   Operation 52 'zext' 'zext_ln186_3' <Predicate = true> <Delay = 0.00>
ST_5 : Operation 53 [1/1] (0.00ns)   --->   "%Matrix_B_BRAM_V_addr = getelementptr i16 %Matrix_B_BRAM_V, i64 0, i64 %zext_ln186_3"   --->   Operation 53 'getelementptr' 'Matrix_B_BRAM_V_addr' <Predicate = true> <Delay = 0.00>
ST_5 : Operation 54 [2/2] (3.25ns)   --->   "%Matrix_A_BRAM_V_load = load i14 %Matrix_A_BRAM_V_addr"   --->   Operation 54 'load' 'Matrix_A_BRAM_V_load' <Predicate = true> <Delay = 3.25> <CoreInst = "RAM">   --->   Core 82 'RAM' <Latency = 1> <II = 1> <Delay = 3.25> <Storage> <Opcode : 'load' 'store'> <Ports = 2> <Width = 16> <Depth = 15000> <RAM>
ST_5 : Operation 55 [2/2] (3.25ns)   --->   "%Matrix_B_BRAM_V_load = load i15 %Matrix_B_BRAM_V_addr"   --->   Operation 55 'load' 'Matrix_B_BRAM_V_load' <Predicate = true> <Delay = 3.25> <CoreInst = "RAM">   --->   Core 82 'RAM' <Latency = 1> <II = 1> <Delay = 3.25> <Storage> <Opcode : 'load' 'store'> <Ports = 2> <Width = 16> <Depth = 30000> <RAM>
ST_5 : Operation 56 [1/2] (3.25ns)   --->   "%Matrix_A_BRAM_V_load_1 = load i14 %Matrix_A_BRAM_V_addr_1"   --->   Operation 56 'load' 'Matrix_A_BRAM_V_load_1' <Predicate = true> <Delay = 3.25> <CoreInst = "RAM">   --->   Core 82 'RAM' <Latency = 1> <II = 1> <Delay = 3.25> <Storage> <Opcode : 'load' 'store'> <Ports = 2> <Width = 16> <Depth = 15000> <RAM>
ST_5 : Operation 57 [1/2] (3.25ns)   --->   "%Matrix_B_BRAM_V_load_1 = load i15 %Matrix_B_BRAM_V_addr_1"   --->   Operation 57 'load' 'Matrix_B_BRAM_V_load_1' <Predicate = true> <Delay = 3.25> <CoreInst = "RAM">   --->   Core 82 'RAM' <Latency = 1> <II = 1> <Delay = 3.25> <Storage> <Opcode : 'load' 'store'> <Ports = 2> <Width = 16> <Depth = 30000> <RAM>
ST_5 : Operation 58 [4/4] (2.15ns) (root node of the DSP)   --->   "%mul_ln840_1 = mul i16 %Matrix_B_BRAM_V_load_1, i16 %Matrix_A_BRAM_V_load_1"   --->   Operation 58 'mul' 'mul_ln840_1' <Predicate = true> <Delay = 2.15> <CoreInst = "DSP48">   --->   Core 119 'DSP48' <Latency = 3> <II = 1> <Delay = 2.15> <IPBlock> <Opcode : 'mul' 'add' 'sub' 'select'> <InPorts = 0> <OutPorts = 1> <Sync> <CReg>

State 6 <SV = 5> <Delay = 4.30>
ST_6 : Operation 59 [1/2] (3.25ns)   --->   "%Matrix_A_BRAM_V_load = load i14 %Matrix_A_BRAM_V_addr"   --->   Operation 59 'load' 'Matrix_A_BRAM_V_load' <Predicate = true> <Delay = 3.25> <CoreInst = "RAM">   --->   Core 82 'RAM' <Latency = 1> <II = 1> <Delay = 3.25> <Storage> <Opcode : 'load' 'store'> <Ports = 2> <Width = 16> <Depth = 15000> <RAM>
ST_6 : Operation 60 [1/2] (3.25ns)   --->   "%Matrix_B_BRAM_V_load = load i15 %Matrix_B_BRAM_V_addr"   --->   Operation 60 'load' 'Matrix_B_BRAM_V_load' <Predicate = true> <Delay = 3.25> <CoreInst = "RAM">   --->   Core 82 'RAM' <Latency = 1> <II = 1> <Delay = 3.25> <Storage> <Opcode : 'load' 'store'> <Ports = 2> <Width = 16> <Depth = 30000> <RAM>
ST_6 : Operation 61 [3/3] (1.05ns) (grouped into DSP with root node add_ln840)   --->   "%mul_ln840 = mul i16 %Matrix_B_BRAM_V_load, i16 %Matrix_A_BRAM_V_load"   --->   Operation 61 'mul' 'mul_ln840' <Predicate = true> <Delay = 1.05> <CoreInst = "DSP48">   --->   Core 119 'DSP48' <Latency = 3> <II = 1> <Delay = 2.15> <IPBlock> <Opcode : 'mul' 'add' 'sub' 'select'> <InPorts = 0> <OutPorts = 1> <Sync> <CReg>
ST_6 : Operation 62 [3/4] (2.15ns) (root node of the DSP)   --->   "%mul_ln840_1 = mul i16 %Matrix_B_BRAM_V_load_1, i16 %Matrix_A_BRAM_V_load_1"   --->   Operation 62 'mul' 'mul_ln840_1' <Predicate = true> <Delay = 2.15> <CoreInst = "DSP48">   --->   Core 119 'DSP48' <Latency = 3> <II = 1> <Delay = 2.15> <IPBlock> <Opcode : 'mul' 'add' 'sub' 'select'> <InPorts = 0> <OutPorts = 1> <Sync> <CReg>

State 7 <SV = 6> <Delay = 2.15>
ST_7 : Operation 63 [2/3] (1.05ns) (grouped into DSP with root node add_ln840)   --->   "%mul_ln840 = mul i16 %Matrix_B_BRAM_V_load, i16 %Matrix_A_BRAM_V_load"   --->   Operation 63 'mul' 'mul_ln840' <Predicate = true> <Delay = 1.05> <CoreInst = "DSP48">   --->   Core 119 'DSP48' <Latency = 3> <II = 1> <Delay = 2.15> <IPBlock> <Opcode : 'mul' 'add' 'sub' 'select'> <InPorts = 0> <OutPorts = 1> <Sync> <CReg>
ST_7 : Operation 64 [2/4] (2.15ns) (root node of the DSP)   --->   "%mul_ln840_1 = mul i16 %Matrix_B_BRAM_V_load_1, i16 %Matrix_A_BRAM_V_load_1"   --->   Operation 64 'mul' 'mul_ln840_1' <Predicate = true> <Delay = 2.15> <CoreInst = "DSP48">   --->   Core 119 'DSP48' <Latency = 3> <II = 1> <Delay = 2.15> <IPBlock> <Opcode : 'mul' 'add' 'sub' 'select'> <InPorts = 0> <OutPorts = 1> <Sync> <CReg>

State 8 <SV = 7> <Delay = 2.10>
ST_8 : Operation 65 [1/3] (0.00ns) (grouped into DSP with root node add_ln840)   --->   "%mul_ln840 = mul i16 %Matrix_B_BRAM_V_load, i16 %Matrix_A_BRAM_V_load"   --->   Operation 65 'mul' 'mul_ln840' <Predicate = true> <Delay = 0.00> <CoreInst = "DSP48">   --->   Core 119 'DSP48' <Latency = 3> <II = 1> <Delay = 2.15> <IPBlock> <Opcode : 'mul' 'add' 'sub' 'select'> <InPorts = 0> <OutPorts = 1> <Sync> <CReg>
ST_8 : Operation 66 [1/4] (0.00ns) (root node of the DSP)   --->   "%mul_ln840_1 = mul i16 %Matrix_B_BRAM_V_load_1, i16 %Matrix_A_BRAM_V_load_1"   --->   Operation 66 'mul' 'mul_ln840_1' <Predicate = true> <Delay = 0.00> <CoreInst = "DSP48">   --->   Core 119 'DSP48' <Latency = 3> <II = 1> <Delay = 2.15> <IPBlock> <Opcode : 'mul' 'add' 'sub' 'select'> <InPorts = 0> <OutPorts = 1> <Sync> <CReg>
ST_8 : Operation 67 [2/2] (2.10ns) (root node of the DSP)   --->   "%add_ln840 = add i16 %mul_ln840_1, i16 %mul_ln840"   --->   Operation 67 'add' 'add_ln840' <Predicate = true> <Delay = 2.10> <CoreInst = "DSP48">   --->   Core 119 'DSP48' <Latency = 3> <II = 1> <Delay = 2.15> <IPBlock> <Opcode : 'mul' 'add' 'sub' 'select'> <InPorts = 0> <OutPorts = 1> <Sync> <CReg>
ST_8 : Operation 75 [1/1] (0.00ns)   --->   "%conv3_i_188_load_1 = load i16 %conv3_i_188"   --->   Operation 75 'load' 'conv3_i_188_load_1' <Predicate = (!icmp_ln59)> <Delay = 0.00>
ST_8 : Operation 76 [1/1] (0.00ns)   --->   "%write_ln0 = write void @_ssdm_op_Write.ap_auto.i16P0A, i16 %conv3_i_188_out, i16 %conv3_i_188_load_1"   --->   Operation 76 'write' 'write_ln0' <Predicate = (!icmp_ln59)> <Delay = 0.00>
ST_8 : Operation 77 [1/1] (0.00ns)   --->   "%ret_ln0 = ret"   --->   Operation 77 'ret' 'ret_ln0' <Predicate = (!icmp_ln59)> <Delay = 0.00>

State 9 <SV = 8> <Delay = 5.76>
ST_9 : Operation 68 [1/1] (0.00ns)   --->   "%conv3_i_188_load = load i16 %conv3_i_188"   --->   Operation 68 'load' 'conv3_i_188_load' <Predicate = true> <Delay = 0.00>
ST_9 : Operation 69 [1/1] (0.00ns)   --->   "%specpipeline_ln61 = specpipeline void @_ssdm_op_SpecPipeline, i32 1, i32 0, i32 0, i32 0, void @empty_2" [matmul.cpp:61]   --->   Operation 69 'specpipeline' 'specpipeline_ln61' <Predicate = true> <Delay = 0.00>
ST_9 : Operation 70 [1/1] (0.00ns)   --->   "%specloopname_ln59 = specloopname void @_ssdm_op_SpecLoopName, void @empty_9" [matmul.cpp:59]   --->   Operation 70 'specloopname' 'specloopname_ln59' <Predicate = true> <Delay = 0.00>
ST_9 : Operation 71 [1/2] (2.10ns) (root node of the DSP)   --->   "%add_ln840 = add i16 %mul_ln840_1, i16 %mul_ln840"   --->   Operation 71 'add' 'add_ln840' <Predicate = true> <Delay = 2.10> <CoreInst = "DSP48">   --->   Core 119 'DSP48' <Latency = 3> <II = 1> <Delay = 2.15> <IPBlock> <Opcode : 'mul' 'add' 'sub' 'select'> <InPorts = 0> <OutPorts = 1> <Sync> <CReg>
ST_9 : Operation 72 [1/1] (2.07ns)   --->   "%add_ln840_1 = add i16 %add_ln840, i16 %conv3_i_188_load"   --->   Operation 72 'add' 'add_ln840_1' <Predicate = true> <Delay = 2.07> <CoreInst = "Adder">   --->   Core 1 'Adder' <Latency = 0> <II = 1> <Delay = 2.07> <FuncUnit> <Opcode : 'add' 'sub'> <InPorts = 2> <OutPorts = 1>
ST_9 : Operation 73 [1/1] (1.58ns)   --->   "%store_ln59 = store i16 %add_ln840_1, i16 %conv3_i_188" [matmul.cpp:59]   --->   Operation 73 'store' 'store_ln59' <Predicate = true> <Delay = 1.58>
ST_9 : Operation 74 [1/1] (0.00ns)   --->   "%br_ln59 = br void %for.inc119" [matmul.cpp:59]   --->   Operation 74 'br' 'br_ln59' <Predicate = true> <Delay = 0.00>


============================================================
+ Verbose Summary: Binding
============================================================
STG Binding: 
---------------- STG Properties BEGIN ----------------
- Is combinational: 0
- Is one-state seq: 0
- Is datapath-only: 0
- Is pipelined: 0
- Is top level: 0
Port [ Return ] is wired: 1; IO mode=ap_ctrl_hs:ce=0
Port [ Matrix_C_BRAM_V_load]:  wired=1; compound=0; hidden=0; nouse=0; global=0; static=0; extern=0; dir=0; type=0; pingpong=0; private_global=0; IO mode=ap_none:ce=0
Port [ mul_ln186]:  wired=1; compound=0; hidden=0; nouse=0; global=0; static=0; extern=0; dir=0; type=0; pingpong=0; private_global=0; IO mode=ap_none:ce=0
Port [ Matrix_A_BRAM_V]:  wired=1; compound=1; hidden=0; nouse=0; global=0; static=0; extern=0; dir=0; type=1; pingpong=0; private_global=0; MemPort=[11]; IO mode=ap_memory:ce=0
Port [ zext_ln57]:  wired=1; compound=0; hidden=0; nouse=0; global=0; static=0; extern=0; dir=0; type=0; pingpong=0; private_global=0; IO mode=ap_none:ce=0
Port [ Matrix_B_BRAM_V]:  wired=1; compound=1; hidden=0; nouse=0; global=0; static=0; extern=0; dir=0; type=1; pingpong=0; private_global=0; MemPort=[11]; IO mode=ap_memory:ce=0
Port [ conv3_i_188_out]:  wired=1; compound=0; hidden=0; nouse=0; global=0; static=0; extern=0; dir=1; type=0; pingpong=0; private_global=0; IO mode=ap_vld:ce=0
---------------- STG Properties END ------------------

---------------- Datapath Model BEGIN ----------------

<LifeTime>
<method=bitvector/>
conv3_i_188               (alloca           ) [ 0111111111]
dot                       (alloca           ) [ 0100000000]
zext_ln57_read            (read             ) [ 0000000000]
mul_ln186_read            (read             ) [ 0111110000]
Matrix_C_BRAM_V_load_read (read             ) [ 0000000000]
zext_ln57_cast            (zext             ) [ 0111110000]
store_ln0                 (store            ) [ 0000000000]
store_ln0                 (store            ) [ 0000000000]
br_ln0                    (br               ) [ 0000000000]
dot_1                     (load             ) [ 0111110000]
icmp_ln59                 (icmp             ) [ 0111111110]
empty                     (speclooptripcount) [ 0000000000]
br_ln59                   (br               ) [ 0000000000]
or_ln59                   (or               ) [ 0111100000]
zext_ln186_4              (zext             ) [ 0111000000]
add_ln59                  (add              ) [ 0000000000]
store_ln59                (store            ) [ 0000000000]
zext_ln186                (zext             ) [ 0101100000]
mul_ln186_2               (mul              ) [ 0100100000]
mul_ln186_1               (mul              ) [ 0100010000]
zext_ln186_5              (zext             ) [ 0000000000]
add_ln186_2               (add              ) [ 0000000000]
zext_ln186_6              (zext             ) [ 0000000000]
Matrix_A_BRAM_V_addr_1    (getelementptr    ) [ 0100010000]
add_ln186_3               (add              ) [ 0000000000]
zext_ln186_7              (zext             ) [ 0000000000]
Matrix_B_BRAM_V_addr_1    (getelementptr    ) [ 0100010000]
zext_ln186_1              (zext             ) [ 0000000000]
add_ln186                 (add              ) [ 0000000000]
zext_ln186_2              (zext             ) [ 0000000000]
Matrix_A_BRAM_V_addr      (getelementptr    ) [ 0100001000]
add_ln186_1               (add              ) [ 0000000000]
zext_ln186_3              (zext             ) [ 0000000000]
Matrix_B_BRAM_V_addr      (getelementptr    ) [ 0100001000]
Matrix_A_BRAM_V_load_1    (load             ) [ 0100001110]
Matrix_B_BRAM_V_load_1    (load             ) [ 0100001110]
Matrix_A_BRAM_V_load      (load             ) [ 0100000110]
Matrix_B_BRAM_V_load      (load             ) [ 0100000110]
mul_ln840                 (mul              ) [ 0100000001]
mul_ln840_1               (mul              ) [ 0100000001]
conv3_i_188_load          (load             ) [ 0000000000]
specpipeline_ln61         (specpipeline     ) [ 0000000000]
specloopname_ln59         (specloopname     ) [ 0000000000]
add_ln840                 (add              ) [ 0000000000]
add_ln840_1               (add              ) [ 0000000000]
store_ln59                (store            ) [ 0000000000]
br_ln59                   (br               ) [ 0000000000]
conv3_i_188_load_1        (load             ) [ 0000000000]
write_ln0                 (write            ) [ 0000000000]
ret_ln0                   (ret              ) [ 0000000000]
</LifeTime>

<model>

<comp_list>
<comp id="0" class="1000" name="Matrix_C_BRAM_V_load">
<pin_list>
<pin id="1" dir="1" index="0" bw="1" slack="0"/>
</pin_list>
<bind>
<StgValue><ssdm name="Matrix_C_BRAM_V_load"/></StgValue>
</bind>
</comp>

<comp id="2" class="1000" name="mul_ln186">
<pin_list>
<pin id="3" dir="1" index="0" bw="1" slack="0"/>
</pin_list>
<bind>
<StgValue><ssdm name="mul_ln186"/></StgValue>
</bind>
</comp>

<comp id="4" class="1000" name="Matrix_A_BRAM_V">
<pin_list>
<pin id="5" dir="1" index="0" bw="1" slack="0"/>
</pin_list>
<bind>
<StgValue><ssdm name="Matrix_A_BRAM_V"/><MemPortTyVec>1 1 </MemPortTyVec>
</StgValue>
</bind>
</comp>

<comp id="6" class="1000" name="zext_ln57">
<pin_list>
<pin id="7" dir="1" index="0" bw="1" slack="0"/>
</pin_list>
<bind>
<StgValue><ssdm name="zext_ln57"/></StgValue>
</bind>
</comp>

<comp id="8" class="1000" name="Matrix_B_BRAM_V">
<pin_list>
<pin id="9" dir="1" index="0" bw="1" slack="0"/>
</pin_list>
<bind>
<StgValue><ssdm name="Matrix_B_BRAM_V"/><MemPortTyVec>1 1 </MemPortTyVec>
</StgValue>
</bind>
</comp>

<comp id="10" class="1000" name="conv3_i_188_out">
<pin_list>
<pin id="11" dir="1" index="0" bw="1" slack="0"/>
</pin_list>
<bind>
<StgValue><ssdm name="conv3_i_188_out"/></StgValue>
</bind>
</comp>

<comp id="12" class="1001" name="const_12">
<pin_list>
<pin id="13" dir="1" index="0" bw="1" slack="0"/>
</pin_list>
<bind>
<StgValue><ssdm name=""/></StgValue>
</bind>
</comp>

<comp id="14" class="1001" name="const_14">
<pin_list>
<pin id="15" dir="1" index="0" bw="1" slack="0"/>
</pin_list>
<bind>
<StgValue><ssdm name="_ssdm_op_Read.ap_auto.i8"/></StgValue>
</bind>
</comp>

<comp id="16" class="1001" name="const_16">
<pin_list>
<pin id="17" dir="1" index="0" bw="1" slack="0"/>
</pin_list>
<bind>
<StgValue><ssdm name="_ssdm_op_Read.ap_auto.i14"/></StgValue>
</bind>
</comp>

<comp id="18" class="1001" name="const_18">
<pin_list>
<pin id="19" dir="1" index="0" bw="1" slack="0"/>
</pin_list>
<bind>
<StgValue><ssdm name="_ssdm_op_Read.ap_auto.i16"/></StgValue>
</bind>
</comp>

<comp id="20" class="1001" name="const_20">
<pin_list>
<pin id="21" dir="1" index="0" bw="1" slack="0"/>
</pin_list>
<bind>
<StgValue><ssdm name=""/></StgValue>
</bind>
</comp>

<comp id="22" class="1001" name="const_22">
<pin_list>
<pin id="23" dir="1" index="0" bw="1" slack="0"/>
</pin_list>
<bind>
<StgValue><ssdm name=""/></StgValue>
</bind>
</comp>

<comp id="24" class="1001" name="const_24">
<pin_list>
<pin id="25" dir="1" index="0" bw="1" slack="2147483647"/>
</pin_list>
<bind>
<StgValue><ssdm name="_ssdm_op_SpecLoopTripCount"/></StgValue>
</bind>
</comp>

<comp id="26" class="1001" name="const_26">
<pin_list>
<pin id="27" dir="1" index="0" bw="1" slack="2147483647"/>
</pin_list>
<bind>
<StgValue><ssdm name=""/></StgValue>
</bind>
</comp>

<comp id="28" class="1001" name="const_28">
<pin_list>
<pin id="29" dir="1" index="0" bw="1" slack="0"/>
</pin_list>
<bind>
<StgValue><ssdm name=""/></StgValue>
</bind>
</comp>

<comp id="30" class="1001" name="const_30">
<pin_list>
<pin id="31" dir="1" index="0" bw="1" slack="0"/>
</pin_list>
<bind>
<StgValue><ssdm name=""/></StgValue>
</bind>
</comp>

<comp id="32" class="1001" name="const_32">
<pin_list>
<pin id="33" dir="1" index="0" bw="1" slack="0"/>
</pin_list>
<bind>
<StgValue><ssdm name=""/></StgValue>
</bind>
</comp>

<comp id="34" class="1001" name="const_34">
<pin_list>
<pin id="35" dir="1" index="0" bw="1" slack="0"/>
</pin_list>
<bind>
<StgValue><ssdm name=""/></StgValue>
</bind>
</comp>

<comp id="36" class="1001" name="const_36">
<pin_list>
<pin id="37" dir="1" index="0" bw="1" slack="2147483647"/>
</pin_list>
<bind>
<StgValue><ssdm name="_ssdm_op_SpecPipeline"/></StgValue>
</bind>
</comp>

<comp id="38" class="1001" name="const_38">
<pin_list>
<pin id="39" dir="1" index="0" bw="1" slack="2147483647"/>
</pin_list>
<bind>
<StgValue><ssdm name=""/></StgValue>
</bind>
</comp>

<comp id="40" class="1001" name="const_40">
<pin_list>
<pin id="41" dir="1" index="0" bw="1" slack="2147483647"/>
</pin_list>
<bind>
<StgValue><ssdm name="empty_2"/></StgValue>
</bind>
</comp>

<comp id="42" class="1001" name="const_42">
<pin_list>
<pin id="43" dir="1" index="0" bw="1" slack="2147483647"/>
</pin_list>
<bind>
<StgValue><ssdm name="_ssdm_op_SpecLoopName"/></StgValue>
</bind>
</comp>

<comp id="44" class="1001" name="const_44">
<pin_list>
<pin id="45" dir="1" index="0" bw="1" slack="2147483647"/>
</pin_list>
<bind>
<StgValue><ssdm name="empty_9"/></StgValue>
</bind>
</comp>

<comp id="46" class="1001" name="const_46">
<pin_list>
<pin id="47" dir="1" index="0" bw="1" slack="0"/>
</pin_list>
<bind>
<StgValue><ssdm name="_ssdm_op_Write.ap_auto.i16P0A"/></StgValue>
</bind>
</comp>

<comp id="48" class="1004" name="conv3_i_188_fu_48">
<pin_list>
<pin id="49" dir="0" index="0" bw="1" slack="0"/>
<pin id="50" dir="1" index="1" bw="16" slack="0"/>
</pin_list>
<bind>
<opcode="alloca(26) " fcode="alloca"/>
<opset="conv3_i_188/1 "/>
</bind>
</comp>

<comp id="52" class="1004" name="dot_fu_52">
<pin_list>
<pin id="53" dir="0" index="0" bw="1" slack="0"/>
<pin id="54" dir="1" index="1" bw="8" slack="0"/>
</pin_list>
<bind>
<opcode="alloca(26) " fcode="alloca"/>
<opset="dot/1 "/>
</bind>
</comp>

<comp id="56" class="1004" name="zext_ln57_read_read_fu_56">
<pin_list>
<pin id="57" dir="0" index="0" bw="8" slack="0"/>
<pin id="58" dir="0" index="1" bw="8" slack="0"/>
<pin id="59" dir="1" index="2" bw="8" slack="0"/>
</pin_list>
<bind>
<opcode="read(1150) " fcode="read"/>
<opset="zext_ln57_read/1 "/>
</bind>
</comp>

<comp id="62" class="1004" name="mul_ln186_read_read_fu_62">
<pin_list>
<pin id="63" dir="0" index="0" bw="14" slack="0"/>
<pin id="64" dir="0" index="1" bw="14" slack="0"/>
<pin id="65" dir="1" index="2" bw="14" slack="3"/>
</pin_list>
<bind>
<opcode="read(1150) " fcode="read"/>
<opset="mul_ln186_read/1 "/>
</bind>
</comp>

<comp id="68" class="1004" name="Matrix_C_BRAM_V_load_read_read_fu_68">
<pin_list>
<pin id="69" dir="0" index="0" bw="16" slack="0"/>
<pin id="70" dir="0" index="1" bw="16" slack="0"/>
<pin id="71" dir="1" index="2" bw="16" slack="0"/>
</pin_list>
<bind>
<opcode="read(1150) " fcode="read"/>
<opset="Matrix_C_BRAM_V_load_read/1 "/>
</bind>
</comp>

<comp id="74" class="1004" name="write_ln0_write_fu_74">
<pin_list>
<pin id="75" dir="0" index="0" bw="0" slack="0"/>
<pin id="76" dir="0" index="1" bw="16" slack="0"/>
<pin id="77" dir="0" index="2" bw="16" slack="0"/>
<pin id="78" dir="1" index="3" bw="0" slack="2147483647"/>
</pin_list>
<bind>
<opcode="write(1151) " fcode="write"/>
<opset="write_ln0/8 "/>
</bind>
</comp>

<comp id="81" class="1004" name="Matrix_A_BRAM_V_addr_1_gep_fu_81">
<pin_list>
<pin id="82" dir="0" index="0" bw="16" slack="0"/>
<pin id="83" dir="0" index="1" bw="1" slack="0"/>
<pin id="84" dir="0" index="2" bw="14" slack="0"/>
<pin id="85" dir="1" index="3" bw="14" slack="0"/>
</pin_list>
<bind>
<opcode="getelementptr(29) " fcode="getelementptr"/>
<opset="Matrix_A_BRAM_V_addr_1/4 "/>
</bind>
</comp>

<comp id="88" class="1004" name="Matrix_B_BRAM_V_addr_1_gep_fu_88">
<pin_list>
<pin id="89" dir="0" index="0" bw="16" slack="0"/>
<pin id="90" dir="0" index="1" bw="1" slack="0"/>
<pin id="91" dir="0" index="2" bw="15" slack="0"/>
<pin id="92" dir="1" index="3" bw="15" slack="0"/>
</pin_list>
<bind>
<opcode="getelementptr(29) " fcode="getelementptr"/>
<opset="Matrix_B_BRAM_V_addr_1/4 "/>
</bind>
</comp>

<comp id="95" class="1004" name="grp_access_fu_95">
<pin_list>
<pin id="96" dir="0" index="0" bw="14" slack="0"/>
<pin id="97" dir="0" index="1" bw="16" slack="2147483647"/>
<pin id="98" dir="0" index="2" bw="0" slack="0"/>
<pin id="100" dir="0" index="4" bw="14" slack="2147483647"/>
<pin id="101" dir="0" index="5" bw="16" slack="2147483647"/>
<pin id="102" dir="0" index="6" bw="0" slack="2147483647"/>
<pin id="99" dir="1" index="3" bw="16" slack="0"/>
<pin id="103" dir="1" index="7" bw="16" slack="0"/>
</pin_list>
<bind>
<opcode="load(27) " fcode="load"/>
<opset="Matrix_A_BRAM_V_load_1/4 Matrix_A_BRAM_V_load/5 "/>
</bind>
</comp>

<comp id="105" class="1004" name="grp_access_fu_105">
<pin_list>
<pin id="106" dir="0" index="0" bw="15" slack="0"/>
<pin id="107" dir="0" index="1" bw="16" slack="2147483647"/>
<pin id="108" dir="0" index="2" bw="0" slack="0"/>
<pin id="110" dir="0" index="4" bw="15" slack="2147483647"/>
<pin id="111" dir="0" index="5" bw="16" slack="2147483647"/>
<pin id="112" dir="0" index="6" bw="0" slack="2147483647"/>
<pin id="109" dir="1" index="3" bw="16" slack="0"/>
<pin id="113" dir="1" index="7" bw="16" slack="0"/>
</pin_list>
<bind>
<opcode="load(27) " fcode="load"/>
<opset="Matrix_B_BRAM_V_load_1/4 Matrix_B_BRAM_V_load/5 "/>
</bind>
</comp>

<comp id="115" class="1004" name="Matrix_A_BRAM_V_addr_gep_fu_115">
<pin_list>
<pin id="116" dir="0" index="0" bw="16" slack="0"/>
<pin id="117" dir="0" index="1" bw="1" slack="0"/>
<pin id="118" dir="0" index="2" bw="14" slack="0"/>
<pin id="119" dir="1" index="3" bw="14" slack="0"/>
</pin_list>
<bind>
<opcode="getelementptr(29) " fcode="getelementptr"/>
<opset="Matrix_A_BRAM_V_addr/5 "/>
</bind>
</comp>

<comp id="122" class="1004" name="Matrix_B_BRAM_V_addr_gep_fu_122">
<pin_list>
<pin id="123" dir="0" index="0" bw="16" slack="0"/>
<pin id="124" dir="0" index="1" bw="1" slack="0"/>
<pin id="125" dir="0" index="2" bw="15" slack="0"/>
<pin id="126" dir="1" index="3" bw="15" slack="0"/>
</pin_list>
<bind>
<opcode="getelementptr(29) " fcode="getelementptr"/>
<opset="Matrix_B_BRAM_V_addr/5 "/>
</bind>
</comp>

<comp id="131" class="1004" name="zext_ln57_cast_fu_131">
<pin_list>
<pin id="132" dir="0" index="0" bw="8" slack="0"/>
<pin id="133" dir="1" index="1" bw="15" slack="2"/>
</pin_list>
<bind>
<opcode="zext(34) " fcode="zext"/>
<opset="zext_ln57_cast/1 "/>
</bind>
</comp>

<comp id="135" class="1004" name="store_ln0_store_fu_135">
<pin_list>
<pin id="136" dir="0" index="0" bw="1" slack="0"/>
<pin id="137" dir="0" index="1" bw="8" slack="0"/>
<pin id="138" dir="1" index="2" bw="0" slack="2147483647"/>
</pin_list>
<bind>
<opcode="store(28) " fcode="store"/>
<opset="store_ln0/1 "/>
</bind>
</comp>

<comp id="140" class="1004" name="store_ln0_store_fu_140">
<pin_list>
<pin id="141" dir="0" index="0" bw="16" slack="0"/>
<pin id="142" dir="0" index="1" bw="16" slack="0"/>
<pin id="143" dir="1" index="2" bw="0" slack="2147483647"/>
</pin_list>
<bind>
<opcode="store(28) " fcode="store"/>
<opset="store_ln0/1 "/>
</bind>
</comp>

<comp id="145" class="1004" name="dot_1_load_fu_145">
<pin_list>
<pin id="146" dir="0" index="0" bw="8" slack="0"/>
<pin id="147" dir="1" index="1" bw="8" slack="0"/>
</pin_list>
<bind>
<opcode="load(27) " fcode="load"/>
<opset="dot_1/1 "/>
</bind>
</comp>

<comp id="148" class="1004" name="icmp_ln59_fu_148">
<pin_list>
<pin id="149" dir="0" index="0" bw="8" slack="0"/>
<pin id="150" dir="0" index="1" bw="8" slack="0"/>
<pin id="151" dir="1" index="2" bw="1" slack="7"/>
</pin_list>
<bind>
<opcode="icmp(45) " fcode="icmp"/>
<opset="icmp_ln59/1 "/>
</bind>
</comp>

<comp id="154" class="1004" name="or_ln59_fu_154">
<pin_list>
<pin id="155" dir="0" index="0" bw="8" slack="0"/>
<pin id="156" dir="0" index="1" bw="1" slack="0"/>
<pin id="157" dir="1" index="2" bw="8" slack="0"/>
</pin_list>
<bind>
<opcode="or(24) " fcode="or"/>
<opset="or_ln59/1 "/>
</bind>
</comp>

<comp id="160" class="1004" name="zext_ln186_4_fu_160">
<pin_list>
<pin id="161" dir="0" index="0" bw="8" slack="0"/>
<pin id="162" dir="1" index="1" bw="15" slack="0"/>
</pin_list>
<bind>
<opcode="zext(34) " fcode="zext"/>
<opset="zext_ln186_4/1 "/>
</bind>
</comp>

<comp id="164" class="1004" name="add_ln59_fu_164">
<pin_list>
<pin id="165" dir="0" index="0" bw="8" slack="0"/>
<pin id="166" dir="0" index="1" bw="3" slack="0"/>
<pin id="167" dir="1" index="2" bw="8" slack="0"/>
</pin_list>
<bind>
<opcode="add(8) " fcode="add"/>
<opset="add_ln59/1 "/>
</bind>
</comp>

<comp id="170" class="1004" name="store_ln59_store_fu_170">
<pin_list>
<pin id="171" dir="0" index="0" bw="8" slack="0"/>
<pin id="172" dir="0" index="1" bw="8" slack="0"/>
<pin id="173" dir="1" index="2" bw="0" slack="2147483647"/>
</pin_list>
<bind>
<opcode="store(28) " fcode="store"/>
<opset="store_ln59/1 "/>
</bind>
</comp>

<comp id="175" class="1004" name="zext_ln186_fu_175">
<pin_list>
<pin id="176" dir="0" index="0" bw="8" slack="1"/>
<pin id="177" dir="1" index="1" bw="15" slack="0"/>
</pin_list>
<bind>
<opcode="zext(34) " fcode="zext"/>
<opset="zext_ln186/2 "/>
</bind>
</comp>

<comp id="178" class="1004" name="zext_ln186_5_fu_178">
<pin_list>
<pin id="179" dir="0" index="0" bw="8" slack="3"/>
<pin id="180" dir="1" index="1" bw="14" slack="0"/>
</pin_list>
<bind>
<opcode="zext(34) " fcode="zext"/>
<opset="zext_ln186_5/4 "/>
</bind>
</comp>

<comp id="181" class="1004" name="add_ln186_2_fu_181">
<pin_list>
<pin id="182" dir="0" index="0" bw="14" slack="3"/>
<pin id="183" dir="0" index="1" bw="8" slack="0"/>
<pin id="184" dir="1" index="2" bw="14" slack="0"/>
</pin_list>
<bind>
<opcode="add(8) " fcode="add"/>
<opset="add_ln186_2/4 "/>
</bind>
</comp>

<comp id="186" class="1004" name="zext_ln186_6_fu_186">
<pin_list>
<pin id="187" dir="0" index="0" bw="14" slack="0"/>
<pin id="188" dir="1" index="1" bw="64" slack="0"/>
</pin_list>
<bind>
<opcode="zext(34) " fcode="zext"/>
<opset="zext_ln186_6/4 "/>
</bind>
</comp>

<comp id="191" class="1004" name="zext_ln186_7_fu_191">
<pin_list>
<pin id="192" dir="0" index="0" bw="15" slack="0"/>
<pin id="193" dir="1" index="1" bw="64" slack="0"/>
</pin_list>
<bind>
<opcode="zext(34) " fcode="zext"/>
<opset="zext_ln186_7/4 "/>
</bind>
</comp>

<comp id="195" class="1004" name="zext_ln186_1_fu_195">
<pin_list>
<pin id="196" dir="0" index="0" bw="8" slack="4"/>
<pin id="197" dir="1" index="1" bw="14" slack="0"/>
</pin_list>
<bind>
<opcode="zext(34) " fcode="zext"/>
<opset="zext_ln186_1/5 "/>
</bind>
</comp>

<comp id="198" class="1004" name="add_ln186_fu_198">
<pin_list>
<pin id="199" dir="0" index="0" bw="14" slack="4"/>
<pin id="200" dir="0" index="1" bw="8" slack="0"/>
<pin id="201" dir="1" index="2" bw="14" slack="0"/>
</pin_list>
<bind>
<opcode="add(8) " fcode="add"/>
<opset="add_ln186/5 "/>
</bind>
</comp>

<comp id="203" class="1004" name="zext_ln186_2_fu_203">
<pin_list>
<pin id="204" dir="0" index="0" bw="14" slack="0"/>
<pin id="205" dir="1" index="1" bw="64" slack="0"/>
</pin_list>
<bind>
<opcode="zext(34) " fcode="zext"/>
<opset="zext_ln186_2/5 "/>
</bind>
</comp>

<comp id="208" class="1004" name="zext_ln186_3_fu_208">
<pin_list>
<pin id="209" dir="0" index="0" bw="15" slack="0"/>
<pin id="210" dir="1" index="1" bw="64" slack="0"/>
</pin_list>
<bind>
<opcode="zext(34) " fcode="zext"/>
<opset="zext_ln186_3/5 "/>
</bind>
</comp>

<comp id="212" class="1004" name="conv3_i_188_load_load_fu_212">
<pin_list>
<pin id="213" dir="0" index="0" bw="16" slack="8"/>
<pin id="214" dir="1" index="1" bw="16" slack="0"/>
</pin_list>
<bind>
<opcode="load(27) " fcode="load"/>
<opset="conv3_i_188_load/9 "/>
</bind>
</comp>

<comp id="215" class="1004" name="add_ln840_1_fu_215">
<pin_list>
<pin id="216" dir="0" index="0" bw="16" slack="0"/>
<pin id="217" dir="0" index="1" bw="16" slack="0"/>
<pin id="218" dir="1" index="2" bw="16" slack="0"/>
</pin_list>
<bind>
<opcode="add(8) " fcode="add"/>
<opset="add_ln840_1/9 "/>
</bind>
</comp>

<comp id="220" class="1004" name="store_ln59_store_fu_220">
<pin_list>
<pin id="221" dir="0" index="0" bw="16" slack="0"/>
<pin id="222" dir="0" index="1" bw="16" slack="8"/>
<pin id="223" dir="1" index="2" bw="0" slack="2147483647"/>
</pin_list>
<bind>
<opcode="store(28) " fcode="store"/>
<opset="store_ln59/9 "/>
</bind>
</comp>

<comp id="225" class="1004" name="conv3_i_188_load_1_load_fu_225">
<pin_list>
<pin id="226" dir="0" index="0" bw="16" slack="7"/>
<pin id="227" dir="1" index="1" bw="16" slack="0"/>
</pin_list>
<bind>
<opcode="load(27) " fcode="load"/>
<opset="conv3_i_188_load_1/8 "/>
</bind>
</comp>

<comp id="229" class="1007" name="grp_fu_229">
<pin_list>
<pin id="230" dir="0" index="0" bw="8" slack="0"/>
<pin id="231" dir="0" index="1" bw="8" slack="0"/>
<pin id="232" dir="0" index="2" bw="8" slack="2147483647"/>
<pin id="233" dir="1" index="3" bw="15" slack="0"/>
</pin_list>
<bind>
<opcode="muladd(1172) " fcode="muladd"/>
<opset="mul_ln186_2/1 add_ln186_3/3 "/>
</bind>
</comp>

<comp id="237" class="1007" name="grp_fu_237">
<pin_list>
<pin id="238" dir="0" index="0" bw="8" slack="0"/>
<pin id="239" dir="0" index="1" bw="8" slack="0"/>
<pin id="240" dir="0" index="2" bw="8" slack="2147483647"/>
<pin id="241" dir="1" index="3" bw="15" slack="0"/>
</pin_list>
<bind>
<opcode="muladd(1172) " fcode="muladd"/>
<opset="mul_ln186_1/2 add_ln186_1/4 "/>
</bind>
</comp>

<comp id="245" class="1007" name="grp_fu_245">
<pin_list>
<pin id="246" dir="0" index="0" bw="16" slack="0"/>
<pin id="247" dir="0" index="1" bw="16" slack="0"/>
<pin id="248" dir="1" index="2" bw="16" slack="0"/>
</pin_list>
<bind>
<opcode="mul(12) " fcode="mul"/>
<opset="mul_ln840_1/5 "/>
</bind>
</comp>

<comp id="251" class="1007" name="grp_fu_251">
<pin_list>
<pin id="252" dir="0" index="0" bw="16" slack="0"/>
<pin id="253" dir="0" index="1" bw="16" slack="0"/>
<pin id="254" dir="0" index="2" bw="16" slack="0"/>
<pin id="255" dir="1" index="3" bw="16" slack="0"/>
</pin_list>
<bind>
<opcode="muladd(1172) " fcode="muladd"/>
<opset="mul_ln840/6 add_ln840/8 "/>
</bind>
</comp>

<comp id="260" class="1005" name="conv3_i_188_reg_260">
<pin_list>
<pin id="261" dir="0" index="0" bw="16" slack="0"/>
<pin id="262" dir="1" index="1" bw="16" slack="0"/>
</pin_list>
<bind>
<opset="conv3_i_188 "/>
</bind>
</comp>

<comp id="268" class="1005" name="dot_reg_268">
<pin_list>
<pin id="269" dir="0" index="0" bw="8" slack="0"/>
<pin id="270" dir="1" index="1" bw="8" slack="0"/>
</pin_list>
<bind>
<opset="dot "/>
</bind>
</comp>

<comp id="275" class="1005" name="mul_ln186_read_reg_275">
<pin_list>
<pin id="276" dir="0" index="0" bw="14" slack="3"/>
<pin id="277" dir="1" index="1" bw="14" slack="3"/>
</pin_list>
<bind>
<opset="mul_ln186_read "/>
</bind>
</comp>

<comp id="281" class="1005" name="zext_ln57_cast_reg_281">
<pin_list>
<pin id="282" dir="0" index="0" bw="15" slack="2"/>
<pin id="283" dir="1" index="1" bw="15" slack="2"/>
</pin_list>
<bind>
<opset="zext_ln57_cast "/>
</bind>
</comp>

<comp id="287" class="1005" name="dot_1_reg_287">
<pin_list>
<pin id="288" dir="0" index="0" bw="8" slack="1"/>
<pin id="289" dir="1" index="1" bw="8" slack="1"/>
</pin_list>
<bind>
<opset="dot_1 "/>
</bind>
</comp>

<comp id="293" class="1005" name="icmp_ln59_reg_293">
<pin_list>
<pin id="294" dir="0" index="0" bw="1" slack="7"/>
<pin id="295" dir="1" index="1" bw="1" slack="2147483647"/>
</pin_list>
<bind>
<opset="icmp_ln59 "/>
</bind>
</comp>

<comp id="297" class="1005" name="or_ln59_reg_297">
<pin_list>
<pin id="298" dir="0" index="0" bw="8" slack="3"/>
<pin id="299" dir="1" index="1" bw="8" slack="3"/>
</pin_list>
<bind>
<opset="or_ln59 "/>
</bind>
</comp>

<comp id="302" class="1005" name="zext_ln186_4_reg_302">
<pin_list>
<pin id="303" dir="0" index="0" bw="15" slack="1"/>
<pin id="304" dir="1" index="1" bw="15" slack="1"/>
</pin_list>
<bind>
<opset="zext_ln186_4 "/>
</bind>
</comp>

<comp id="307" class="1005" name="zext_ln186_reg_307">
<pin_list>
<pin id="308" dir="0" index="0" bw="15" slack="1"/>
<pin id="309" dir="1" index="1" bw="15" slack="1"/>
</pin_list>
<bind>
<opset="zext_ln186 "/>
</bind>
</comp>

<comp id="312" class="1005" name="Matrix_A_BRAM_V_addr_1_reg_312">
<pin_list>
<pin id="313" dir="0" index="0" bw="14" slack="1"/>
<pin id="314" dir="1" index="1" bw="14" slack="1"/>
</pin_list>
<bind>
<opset="Matrix_A_BRAM_V_addr_1 "/>
</bind>
</comp>

<comp id="317" class="1005" name="Matrix_B_BRAM_V_addr_1_reg_317">
<pin_list>
<pin id="318" dir="0" index="0" bw="15" slack="1"/>
<pin id="319" dir="1" index="1" bw="15" slack="1"/>
</pin_list>
<bind>
<opset="Matrix_B_BRAM_V_addr_1 "/>
</bind>
</comp>

<comp id="322" class="1005" name="Matrix_A_BRAM_V_addr_reg_322">
<pin_list>
<pin id="323" dir="0" index="0" bw="14" slack="1"/>
<pin id="324" dir="1" index="1" bw="14" slack="1"/>
</pin_list>
<bind>
<opset="Matrix_A_BRAM_V_addr "/>
</bind>
</comp>

<comp id="327" class="1005" name="Matrix_B_BRAM_V_addr_reg_327">
<pin_list>
<pin id="328" dir="0" index="0" bw="15" slack="1"/>
<pin id="329" dir="1" index="1" bw="15" slack="1"/>
</pin_list>
<bind>
<opset="Matrix_B_BRAM_V_addr "/>
</bind>
</comp>

<comp id="332" class="1005" name="Matrix_A_BRAM_V_load_1_reg_332">
<pin_list>
<pin id="333" dir="0" index="0" bw="16" slack="1"/>
<pin id="334" dir="1" index="1" bw="16" slack="1"/>
</pin_list>
<bind>
<opset="Matrix_A_BRAM_V_load_1 "/>
</bind>
</comp>

<comp id="337" class="1005" name="Matrix_B_BRAM_V_load_1_reg_337">
<pin_list>
<pin id="338" dir="0" index="0" bw="16" slack="1"/>
<pin id="339" dir="1" index="1" bw="16" slack="1"/>
</pin_list>
<bind>
<opset="Matrix_B_BRAM_V_load_1 "/>
</bind>
</comp>

<comp id="342" class="1005" name="Matrix_A_BRAM_V_load_reg_342">
<pin_list>
<pin id="343" dir="0" index="0" bw="16" slack="1"/>
<pin id="344" dir="1" index="1" bw="16" slack="1"/>
</pin_list>
<bind>
<opset="Matrix_A_BRAM_V_load "/>
</bind>
</comp>

<comp id="347" class="1005" name="Matrix_B_BRAM_V_load_reg_347">
<pin_list>
<pin id="348" dir="0" index="0" bw="16" slack="1"/>
<pin id="349" dir="1" index="1" bw="16" slack="1"/>
</pin_list>
<bind>
<opset="Matrix_B_BRAM_V_load "/>
</bind>
</comp>

<comp id="352" class="1005" name="mul_ln840_1_reg_352">
<pin_list>
<pin id="353" dir="0" index="0" bw="16" slack="1"/>
<pin id="354" dir="1" index="1" bw="16" slack="1"/>
</pin_list>
<bind>
<opset="mul_ln840_1 "/>
</bind>
</comp>

</comp_list>

<net_list>
<net id="51"><net_src comp="12" pin="0"/><net_sink comp="48" pin=0"/></net>

<net id="55"><net_src comp="12" pin="0"/><net_sink comp="52" pin=0"/></net>

<net id="60"><net_src comp="14" pin="0"/><net_sink comp="56" pin=0"/></net>

<net id="61"><net_src comp="6" pin="0"/><net_sink comp="56" pin=1"/></net>

<net id="66"><net_src comp="16" pin="0"/><net_sink comp="62" pin=0"/></net>

<net id="67"><net_src comp="2" pin="0"/><net_sink comp="62" pin=1"/></net>

<net id="72"><net_src comp="18" pin="0"/><net_sink comp="68" pin=0"/></net>

<net id="73"><net_src comp="0" pin="0"/><net_sink comp="68" pin=1"/></net>

<net id="79"><net_src comp="46" pin="0"/><net_sink comp="74" pin=0"/></net>

<net id="80"><net_src comp="10" pin="0"/><net_sink comp="74" pin=1"/></net>

<net id="86"><net_src comp="4" pin="0"/><net_sink comp="81" pin=0"/></net>

<net id="87"><net_src comp="34" pin="0"/><net_sink comp="81" pin=1"/></net>

<net id="93"><net_src comp="8" pin="0"/><net_sink comp="88" pin=0"/></net>

<net id="94"><net_src comp="34" pin="0"/><net_sink comp="88" pin=1"/></net>

<net id="104"><net_src comp="81" pin="3"/><net_sink comp="95" pin=2"/></net>

<net id="114"><net_src comp="88" pin="3"/><net_sink comp="105" pin=2"/></net>

<net id="120"><net_src comp="4" pin="0"/><net_sink comp="115" pin=0"/></net>

<net id="121"><net_src comp="34" pin="0"/><net_sink comp="115" pin=1"/></net>

<net id="127"><net_src comp="8" pin="0"/><net_sink comp="122" pin=0"/></net>

<net id="128"><net_src comp="34" pin="0"/><net_sink comp="122" pin=1"/></net>

<net id="129"><net_src comp="115" pin="3"/><net_sink comp="95" pin=0"/></net>

<net id="130"><net_src comp="122" pin="3"/><net_sink comp="105" pin=0"/></net>

<net id="134"><net_src comp="56" pin="2"/><net_sink comp="131" pin=0"/></net>

<net id="139"><net_src comp="20" pin="0"/><net_sink comp="135" pin=0"/></net>

<net id="144"><net_src comp="68" pin="2"/><net_sink comp="140" pin=0"/></net>

<net id="152"><net_src comp="145" pin="1"/><net_sink comp="148" pin=0"/></net>

<net id="153"><net_src comp="22" pin="0"/><net_sink comp="148" pin=1"/></net>

<net id="158"><net_src comp="145" pin="1"/><net_sink comp="154" pin=0"/></net>

<net id="159"><net_src comp="28" pin="0"/><net_sink comp="154" pin=1"/></net>

<net id="163"><net_src comp="154" pin="2"/><net_sink comp="160" pin=0"/></net>

<net id="168"><net_src comp="145" pin="1"/><net_sink comp="164" pin=0"/></net>

<net id="169"><net_src comp="32" pin="0"/><net_sink comp="164" pin=1"/></net>

<net id="174"><net_src comp="164" pin="2"/><net_sink comp="170" pin=0"/></net>

<net id="185"><net_src comp="178" pin="1"/><net_sink comp="181" pin=1"/></net>

<net id="189"><net_src comp="181" pin="2"/><net_sink comp="186" pin=0"/></net>

<net id="190"><net_src comp="186" pin="1"/><net_sink comp="81" pin=2"/></net>

<net id="194"><net_src comp="191" pin="1"/><net_sink comp="88" pin=2"/></net>

<net id="202"><net_src comp="195" pin="1"/><net_sink comp="198" pin=1"/></net>

<net id="206"><net_src comp="198" pin="2"/><net_sink comp="203" pin=0"/></net>

<net id="207"><net_src comp="203" pin="1"/><net_sink comp="115" pin=2"/></net>

<net id="211"><net_src comp="208" pin="1"/><net_sink comp="122" pin=2"/></net>

<net id="219"><net_src comp="212" pin="1"/><net_sink comp="215" pin=1"/></net>

<net id="224"><net_src comp="215" pin="2"/><net_sink comp="220" pin=0"/></net>

<net id="228"><net_src comp="225" pin="1"/><net_sink comp="74" pin=2"/></net>

<net id="234"><net_src comp="160" pin="1"/><net_sink comp="229" pin=0"/></net>

<net id="235"><net_src comp="30" pin="0"/><net_sink comp="229" pin=1"/></net>

<net id="236"><net_src comp="229" pin="3"/><net_sink comp="191" pin=0"/></net>

<net id="242"><net_src comp="175" pin="1"/><net_sink comp="237" pin=0"/></net>

<net id="243"><net_src comp="30" pin="0"/><net_sink comp="237" pin=1"/></net>

<net id="244"><net_src comp="237" pin="3"/><net_sink comp="208" pin=0"/></net>

<net id="249"><net_src comp="105" pin="7"/><net_sink comp="245" pin=0"/></net>

<net id="250"><net_src comp="95" pin="7"/><net_sink comp="245" pin=1"/></net>

<net id="256"><net_src comp="105" pin="3"/><net_sink comp="251" pin=0"/></net>

<net id="257"><net_src comp="95" pin="3"/><net_sink comp="251" pin=1"/></net>

<net id="258"><net_src comp="245" pin="2"/><net_sink comp="251" pin=2"/></net>

<net id="259"><net_src comp="251" pin="3"/><net_sink comp="215" pin=0"/></net>

<net id="263"><net_src comp="48" pin="1"/><net_sink comp="260" pin=0"/></net>

<net id="264"><net_src comp="260" pin="1"/><net_sink comp="140" pin=1"/></net>

<net id="265"><net_src comp="260" pin="1"/><net_sink comp="212" pin=0"/></net>

<net id="266"><net_src comp="260" pin="1"/><net_sink comp="220" pin=1"/></net>

<net id="267"><net_src comp="260" pin="1"/><net_sink comp="225" pin=0"/></net>

<net id="271"><net_src comp="52" pin="1"/><net_sink comp="268" pin=0"/></net>

<net id="272"><net_src comp="268" pin="1"/><net_sink comp="135" pin=1"/></net>

<net id="273"><net_src comp="268" pin="1"/><net_sink comp="145" pin=0"/></net>

<net id="274"><net_src comp="268" pin="1"/><net_sink comp="170" pin=1"/></net>

<net id="278"><net_src comp="62" pin="2"/><net_sink comp="275" pin=0"/></net>

<net id="279"><net_src comp="275" pin="1"/><net_sink comp="181" pin=0"/></net>

<net id="280"><net_src comp="275" pin="1"/><net_sink comp="198" pin=0"/></net>

<net id="284"><net_src comp="131" pin="1"/><net_sink comp="281" pin=0"/></net>

<net id="285"><net_src comp="281" pin="1"/><net_sink comp="229" pin=1"/></net>

<net id="286"><net_src comp="281" pin="1"/><net_sink comp="237" pin=1"/></net>

<net id="290"><net_src comp="145" pin="1"/><net_sink comp="287" pin=0"/></net>

<net id="291"><net_src comp="287" pin="1"/><net_sink comp="175" pin=0"/></net>

<net id="292"><net_src comp="287" pin="1"/><net_sink comp="195" pin=0"/></net>

<net id="296"><net_src comp="148" pin="2"/><net_sink comp="293" pin=0"/></net>

<net id="300"><net_src comp="154" pin="2"/><net_sink comp="297" pin=0"/></net>

<net id="301"><net_src comp="297" pin="1"/><net_sink comp="178" pin=0"/></net>

<net id="305"><net_src comp="160" pin="1"/><net_sink comp="302" pin=0"/></net>

<net id="306"><net_src comp="302" pin="1"/><net_sink comp="229" pin=0"/></net>

<net id="310"><net_src comp="175" pin="1"/><net_sink comp="307" pin=0"/></net>

<net id="311"><net_src comp="307" pin="1"/><net_sink comp="237" pin=0"/></net>

<net id="315"><net_src comp="81" pin="3"/><net_sink comp="312" pin=0"/></net>

<net id="316"><net_src comp="312" pin="1"/><net_sink comp="95" pin=2"/></net>

<net id="320"><net_src comp="88" pin="3"/><net_sink comp="317" pin=0"/></net>

<net id="321"><net_src comp="317" pin="1"/><net_sink comp="105" pin=2"/></net>

<net id="325"><net_src comp="115" pin="3"/><net_sink comp="322" pin=0"/></net>

<net id="326"><net_src comp="322" pin="1"/><net_sink comp="95" pin=0"/></net>

<net id="330"><net_src comp="122" pin="3"/><net_sink comp="327" pin=0"/></net>

<net id="331"><net_src comp="327" pin="1"/><net_sink comp="105" pin=0"/></net>

<net id="335"><net_src comp="95" pin="7"/><net_sink comp="332" pin=0"/></net>

<net id="336"><net_src comp="332" pin="1"/><net_sink comp="245" pin=1"/></net>

<net id="340"><net_src comp="105" pin="7"/><net_sink comp="337" pin=0"/></net>

<net id="341"><net_src comp="337" pin="1"/><net_sink comp="245" pin=0"/></net>

<net id="345"><net_src comp="95" pin="3"/><net_sink comp="342" pin=0"/></net>

<net id="346"><net_src comp="342" pin="1"/><net_sink comp="251" pin=1"/></net>

<net id="350"><net_src comp="105" pin="3"/><net_sink comp="347" pin=0"/></net>

<net id="351"><net_src comp="347" pin="1"/><net_sink comp="251" pin=0"/></net>

<net id="355"><net_src comp="245" pin="2"/><net_sink comp="352" pin=0"/></net>

<net id="356"><net_src comp="352" pin="1"/><net_sink comp="251" pin=0"/></net>

</net_list>

</model> 
---------------- Datapath Model END ------------------

* FSMD analyzer results:
  - Output states:
	Port: conv3_i_188_out | {8 }
 - Input state : 
	Port: matmul_Pipeline_VITIS_LOOP_59_9 : Matrix_C_BRAM_V_load | {1 }
	Port: matmul_Pipeline_VITIS_LOOP_59_9 : mul_ln186 | {1 }
	Port: matmul_Pipeline_VITIS_LOOP_59_9 : Matrix_A_BRAM_V | {4 5 6 }
	Port: matmul_Pipeline_VITIS_LOOP_59_9 : zext_ln57 | {1 }
	Port: matmul_Pipeline_VITIS_LOOP_59_9 : Matrix_B_BRAM_V | {4 5 6 }
  - Chain level:
	State 1
		store_ln0 : 1
		dot_1 : 1
		icmp_ln59 : 2
		br_ln59 : 3
		or_ln59 : 2
		zext_ln186_4 : 2
		mul_ln186_2 : 3
		add_ln59 : 2
		store_ln59 : 3
	State 2
		mul_ln186_1 : 1
	State 3
		add_ln186_3 : 1
	State 4
		add_ln186_1 : 1
		add_ln186_2 : 1
		zext_ln186_6 : 2
		Matrix_A_BRAM_V_addr_1 : 3
		zext_ln186_7 : 1
		Matrix_B_BRAM_V_addr_1 : 2
		Matrix_A_BRAM_V_load_1 : 4
		Matrix_B_BRAM_V_load_1 : 3
	State 5
		add_ln186 : 1
		zext_ln186_2 : 2
		Matrix_A_BRAM_V_addr : 3
		zext_ln186_3 : 1
		Matrix_B_BRAM_V_addr : 2
		Matrix_A_BRAM_V_load : 4
		Matrix_B_BRAM_V_load : 3
		mul_ln840_1 : 1
	State 6
		mul_ln840 : 1
	State 7
	State 8
		add_ln840 : 1
		write_ln0 : 1
	State 9
		add_ln840_1 : 1
		store_ln59 : 2


============================================================
+ Verbose Summary: Datapath Resource usage 
============================================================

* Functional unit list:
|----------|--------------------------------------|---------|---------|---------|
| Operation|            Functional Unit           |   DSP   |    FF   |   LUT   |
|----------|--------------------------------------|---------|---------|---------|
|          |            add_ln59_fu_164           |    0    |    0    |    15   |
|    add   |          add_ln186_2_fu_181          |    0    |    0    |    17   |
|          |           add_ln186_fu_198           |    0    |    0    |    17   |
|          |          add_ln840_1_fu_215          |    0    |    0    |    23   |
|----------|--------------------------------------|---------|---------|---------|
|   icmp   |           icmp_ln59_fu_148           |    0    |    0    |    11   |
|----------|--------------------------------------|---------|---------|---------|
|          |              grp_fu_229              |    1    |    0    |    0    |
|  muladd  |              grp_fu_237              |    1    |    0    |    0    |
|          |              grp_fu_251              |    1    |    0    |    0    |
|----------|--------------------------------------|---------|---------|---------|
|    mul   |              grp_fu_245              |    1    |    0    |    0    |
|----------|--------------------------------------|---------|---------|---------|
|          |       zext_ln57_read_read_fu_56      |    0    |    0    |    0    |
|   read   |       mul_ln186_read_read_fu_62      |    0    |    0    |    0    |
|          | Matrix_C_BRAM_V_load_read_read_fu_68 |    0    |    0    |    0    |
|----------|--------------------------------------|---------|---------|---------|
|   write  |         write_ln0_write_fu_74        |    0    |    0    |    0    |
|----------|--------------------------------------|---------|---------|---------|
|          |         zext_ln57_cast_fu_131        |    0    |    0    |    0    |
|          |          zext_ln186_4_fu_160         |    0    |    0    |    0    |
|          |           zext_ln186_fu_175          |    0    |    0    |    0    |
|          |          zext_ln186_5_fu_178         |    0    |    0    |    0    |
|   zext   |          zext_ln186_6_fu_186         |    0    |    0    |    0    |
|          |          zext_ln186_7_fu_191         |    0    |    0    |    0    |
|          |          zext_ln186_1_fu_195         |    0    |    0    |    0    |
|          |          zext_ln186_2_fu_203         |    0    |    0    |    0    |
|          |          zext_ln186_3_fu_208         |    0    |    0    |    0    |
|----------|--------------------------------------|---------|---------|---------|
|    or    |            or_ln59_fu_154            |    0    |    0    |    0    |
|----------|--------------------------------------|---------|---------|---------|
|   Total  |                                      |    4    |    0    |    83   |
|----------|--------------------------------------|---------|---------|---------|

Memories:
N/A

* Register list:
+------------------------------+--------+
|                              |   FF   |
+------------------------------+--------+
|Matrix_A_BRAM_V_addr_1_reg_312|   14   |
| Matrix_A_BRAM_V_addr_reg_322 |   14   |
|Matrix_A_BRAM_V_load_1_reg_332|   16   |
| Matrix_A_BRAM_V_load_reg_342 |   16   |
|Matrix_B_BRAM_V_addr_1_reg_317|   15   |
| Matrix_B_BRAM_V_addr_reg_327 |   15   |
|Matrix_B_BRAM_V_load_1_reg_337|   16   |
| Matrix_B_BRAM_V_load_reg_347 |   16   |
|      conv3_i_188_reg_260     |   16   |
|         dot_1_reg_287        |    8   |
|          dot_reg_268         |    8   |
|       icmp_ln59_reg_293      |    1   |
|    mul_ln186_read_reg_275    |   14   |
|      mul_ln840_1_reg_352     |   16   |
|        or_ln59_reg_297       |    8   |
|     zext_ln186_4_reg_302     |   15   |
|      zext_ln186_reg_307      |   15   |
|    zext_ln57_cast_reg_281    |   15   |
+------------------------------+--------+
|             Total            |   238  |
+------------------------------+--------+

* Multiplexer (MUX) list: 
|-------------------|------|------|------|--------||---------||---------|
|        Comp       |  Pin | Size |  BW  | S x BW ||  Delay  ||   LUT   |
|-------------------|------|------|------|--------||---------||---------|
|  grp_access_fu_95 |  p0  |   2  |  14  |   28   ||    9    |
|  grp_access_fu_95 |  p2  |   2  |   0  |    0   ||    9    |
| grp_access_fu_105 |  p0  |   2  |  15  |   30   ||    9    |
| grp_access_fu_105 |  p2  |   2  |   0  |    0   ||    9    |
|     grp_fu_229    |  p0  |   2  |   8  |   16   ||    9    |
|     grp_fu_229    |  p1  |   2  |   8  |   16   ||    9    |
|     grp_fu_237    |  p0  |   2  |   8  |   16   ||    9    |
|     grp_fu_237    |  p1  |   2  |   8  |   16   ||    9    |
|     grp_fu_245    |  p0  |   2  |  16  |   32   ||    9    |
|     grp_fu_245    |  p1  |   2  |  16  |   32   ||    9    |
|     grp_fu_251    |  p0  |   3  |  16  |   48   ||    14   |
|     grp_fu_251    |  p1  |   2  |  16  |   32   ||    9    |
|-------------------|------|------|------|--------||---------||---------|
|       Total       |      |      |      |   266  || 19.1753 ||   113   |
|-------------------|------|------|------|--------||---------||---------|



* Summary:
+-----------+--------+--------+--------+--------+
|           |   DSP  |  Delay |   FF   |   LUT  |
+-----------+--------+--------+--------+--------+
|  Function |    4   |    -   |    0   |   83   |
|   Memory  |    -   |    -   |    -   |    -   |
|Multiplexer|    -   |   19   |    -   |   113  |
|  Register |    -   |    -   |   238  |    -   |
+-----------+--------+--------+--------+--------+
|   Total   |    4   |   19   |   238  |   196  |
+-----------+--------+--------+--------+--------+
