

================================================================
== Vitis HLS Report for 'matmul_Pipeline_VITIS_LOOP_37_5_VITIS_LOOP_39_6'
================================================================
* Date:           Fri Oct  2 16:18:35 2026

* Version:        2022.2 (Build 3670227 on Oct 13 2022)
* Project:        vitis.prj
* Solution:       solution1 (Vivado IP Flow Target)
* Product family: zynq
* Target device:  xc7z020-clg400-1


================================================================
== Performance Estimates
================================================================
+ Timing: 
    * Summary: 
    +--------+----------+----------+------------+
    |  Clock |  Target  | Estimated| Uncertainty|
    +--------+----------+----------+------------+
    |ap_clk  |  10.00 ns|  6.302 ns|     2.70 ns|
    +--------+----------+----------+------------+

+ Latency: 
    * Summary: 
    +---------+---------+----------+----------+-------+-------+---------+
    |  Latency (cycles) |  Latency (absolute) |    Interval   | Pipeline|
    |   min   |   max   |    min   |    max   |  min  |  max  |   Type  |
    +---------+---------+----------+----------+-------+-------+---------+
    |    20004|    20004|  0.200 ms|  0.200 ms|  20004|  20004|       no|
    +---------+---------+----------+----------+-------+-------+---------+

    + Detail: 
        * Instance: 
        N/A

        * Loop: 
        +-----------------------------------+---------+---------+----------+-----------+-----------+-------+----------+
        |                                   |  Latency (cycles) | Iteration|  Initiation Interval  |  Trip |          |
        |             Loop Name             |   min   |   max   |  Latency |  achieved |   target  | Count | Pipelined|
        +-----------------------------------+---------+---------+----------+-----------+-----------+-------+----------+
        |- VITIS_LOOP_37_5_VITIS_LOOP_39_6  |    20002|    20002|         4|          1|          1|  20000|       yes|
        +-----------------------------------+---------+---------+----------+-----------+-----------+-------+----------+

============================================================
+ Verbose Summary: Synthesis Manager
============================================================
InlineROM: 1
ExposeGlobal: 0
============================================================
+ Verbose Summary: CDFG Model
============================================================
IsTopModel: 0
ResetActiveHigh: 1
IsCombinational: 0
IsDatapathOnly: 0
HasWiredReturn: 1
HasMFsm: 2
HasVarLatency: 1
IsPipeline: 0
IsRtlPipelined: 0
IsInstanceOverlapped: 0
IsDontTouch: 0
HasImplIP: 0
IsGatedGlobalClock: 0

+ Individual pipeline summary: 
  * Pipeline-0: initiation interval (II) = 1, depth = 4


============================================================
+ Verbose Summary: Schedule
============================================================
* Number of FSM states : 4
* Pipeline : 1
  Pipeline-0 : II = 1, D = 4, States = { 1 2 3 4 }
* Dataflow Pipeline: 0

* FSM state transitions: 
1 --> 2 
2 --> 3 
3 --> 4 
4 --> 

* FSM state operations: 

State 1 <SV = 0> <Delay = 6.30>
ST_1 : Operation 7 [1/1] (0.00ns)   --->   "%c = alloca i32 1"   --->   Operation 7 'alloca' 'c' <Predicate = true> <Delay = 0.00>
ST_1 : Operation 8 [1/1] (0.00ns)   --->   "%r = alloca i32 1"   --->   Operation 8 'alloca' 'r' <Predicate = true> <Delay = 0.00>
ST_1 : Operation 9 [1/1] (0.00ns)   --->   "%indvar_flatten13 = alloca i32 1"   --->   Operation 9 'alloca' 'indvar_flatten13' <Predicate = true> <Delay = 0.00>
ST_1 : Operation 10 [1/1] (1.58ns)   --->   "%store_ln0 = store i15 0, i15 %indvar_flatten13"   --->   Operation 10 'store' 'store_ln0' <Predicate = true> <Delay = 1.58>
ST_1 : Operation 11 [1/1] (1.58ns)   --->   "%store_ln0 = store i7 0, i7 %r"   --->   Operation 11 'store' 'store_ln0' <Predicate = true> <Delay = 1.58>
ST_1 : Operation 12 [1/1] (1.58ns)   --->   "%store_ln0 = store i8 0, i8 %c"   --->   Operation 12 'store' 'store_ln0' <Predicate = true> <Delay = 1.58>
ST_1 : Operation 13 [1/1] (0.00ns)   --->   "%br_ln0 = br void %for.inc86"   --->   Operation 13 'br' 'br_ln0' <Predicate = true> <Delay = 0.00>
ST_1 : Operation 14 [1/1] (0.00ns)   --->   "%indvar_flatten13_load = load i15 %indvar_flatten13" [matmul.cpp:37]   --->   Operation 14 'load' 'indvar_flatten13_load' <Predicate = true> <Delay = 0.00>
ST_1 : Operation 15 [1/1] (0.00ns)   --->   "%specpipeline_ln0 = specpipeline void @_ssdm_op_SpecPipeline, i32 4294967295, i32 0, i32 1, i32 0, void @p_str"   --->   Operation 15 'specpipeline' 'specpipeline_ln0' <Predicate = true> <Delay = 0.00>
ST_1 : Operation 16 [1/1] (2.31ns)   --->   "%icmp_ln37 = icmp_eq  i15 %indvar_flatten13_load, i15 20000" [matmul.cpp:37]   --->   Operation 16 'icmp' 'icmp_ln37' <Predicate = true> <Delay = 2.31> <CoreInst = "Cmp">   --->   Core 9 'Cmp' <Latency = 0> <II = 1> <Delay = 2.31> <FuncUnit> <Opcode : 'icmp'> <InPorts = 2> <OutPorts = 1>
ST_1 : Operation 17 [1/1] (1.94ns)   --->   "%add_ln37_1 = add i15 %indvar_flatten13_load, i15 1" [matmul.cpp:37]   --->   Operation 17 'add' 'add_ln37_1' <Predicate = true> <Delay = 1.94> <CoreInst = "Adder">   --->   Core 1 'Adder' <Latency = 0> <II = 1> <Delay = 1.94> <FuncUnit> <Opcode : 'add' 'sub'> <InPorts = 2> <OutPorts = 1>
ST_1 : Operation 18 [1/1] (0.00ns)   --->   "%br_ln37 = br i1 %icmp_ln37, void %for.inc89, void %VITIS_LOOP_53_9.preheader.exitStub" [matmul.cpp:37]   --->   Operation 18 'br' 'br_ln37' <Predicate = true> <Delay = 0.00>
ST_1 : Operation 19 [1/1] (0.00ns)   --->   "%c_load = load i8 %c" [matmul.cpp:39]   --->   Operation 19 'load' 'c_load' <Predicate = (!icmp_ln37)> <Delay = 0.00>
ST_1 : Operation 20 [1/1] (0.00ns)   --->   "%r_load = load i7 %r" [matmul.cpp:37]   --->   Operation 20 'load' 'r_load' <Predicate = (!icmp_ln37)> <Delay = 0.00>
ST_1 : Operation 21 [1/1] (1.87ns)   --->   "%add_ln37 = add i7 %r_load, i7 1" [matmul.cpp:37]   --->   Operation 21 'add' 'add_ln37' <Predicate = (!icmp_ln37)> <Delay = 1.87> <CoreInst = "Adder">   --->   Core 1 'Adder' <Latency = 0> <II = 1> <Delay = 1.87> <FuncUnit> <Opcode : 'add' 'sub'> <InPorts = 2> <OutPorts = 1>
ST_1 : Operation 22 [1/1] (1.55ns)   --->   "%icmp_ln39 = icmp_eq  i8 %c_load, i8 200" [matmul.cpp:39]   --->   Operation 22 'icmp' 'icmp_ln39' <Predicate = (!icmp_ln37)> <Delay = 1.55> <CoreInst = "Cmp">   --->   Core 9 'Cmp' <Latency = 0> <II = 1> <Delay = 1.55> <FuncUnit> <Opcode : 'icmp'> <InPorts = 2> <OutPorts = 1>
ST_1 : Operation 23 [1/1] (1.24ns)   --->   "%select_ln37 = select i1 %icmp_ln39, i8 0, i8 %c_load" [matmul.cpp:37]   --->   Operation 23 'select' 'select_ln37' <Predicate = (!icmp_ln37)> <Delay = 1.24> <CoreInst = "Sel">   --->   Core 73 'Sel' <Latency = 0> <II = 1> <Delay = 1.24> <FuncUnit> <Opcode : 'select'> <InPorts = 3> <OutPorts = 1>
ST_1 : Operation 24 [1/1] (0.99ns)   --->   "%select_ln37_1 = select i1 %icmp_ln39, i7 %add_ln37, i7 %r_load" [matmul.cpp:37]   --->   Operation 24 'select' 'select_ln37_1' <Predicate = (!icmp_ln37)> <Delay = 0.99> <CoreInst = "Sel">   --->   Core 73 'Sel' <Latency = 0> <II = 1> <Delay = 0.99> <FuncUnit> <Opcode : 'select'> <InPorts = 3> <OutPorts = 1>
ST_1 : Operation 25 [1/1] (0.00ns)   --->   "%zext_ln41 = zext i7 %select_ln37_1" [matmul.cpp:41]   --->   Operation 25 'zext' 'zext_ln41' <Predicate = (!icmp_ln37)> <Delay = 0.00>
ST_1 : Operation 26 [3/3] (1.05ns) (grouped into DSP with root node add_ln41)   --->   "%mul_ln41 = mul i15 %zext_ln41, i15 200" [matmul.cpp:41]   --->   Operation 26 'mul' 'mul_ln41' <Predicate = (!icmp_ln37)> <Delay = 1.05> <CoreInst = "DSP48">   --->   Core 119 'DSP48' <Latency = 3> <II = 1> <Delay = 2.15> <IPBlock> <Opcode : 'mul' 'add' 'sub' 'select'> <InPorts = 0> <OutPorts = 1> <Sync> <CReg>
ST_1 : Operation 27 [1/1] (1.91ns)   --->   "%add_ln39 = add i8 %select_ln37, i8 1" [matmul.cpp:39]   --->   Operation 27 'add' 'add_ln39' <Predicate = (!icmp_ln37)> <Delay = 1.91> <CoreInst = "Adder">   --->   Core 1 'Adder' <Latency = 0> <II = 1> <Delay = 1.91> <FuncUnit> <Opcode : 'add' 'sub'> <InPorts = 2> <OutPorts = 1>
ST_1 : Operation 28 [1/1] (1.58ns)   --->   "%store_ln39 = store i15 %add_ln37_1, i15 %indvar_flatten13" [matmul.cpp:39]   --->   Operation 28 'store' 'store_ln39' <Predicate = (!icmp_ln37)> <Delay = 1.58>
ST_1 : Operation 29 [1/1] (1.58ns)   --->   "%store_ln39 = store i7 %select_ln37_1, i7 %r" [matmul.cpp:39]   --->   Operation 29 'store' 'store_ln39' <Predicate = (!icmp_ln37)> <Delay = 1.58>
ST_1 : Operation 30 [1/1] (1.58ns)   --->   "%store_ln39 = store i8 %add_ln39, i8 %c" [matmul.cpp:39]   --->   Operation 30 'store' 'store_ln39' <Predicate = (!icmp_ln37)> <Delay = 1.58>

State 2 <SV = 1> <Delay = 1.05>
ST_2 : Operation 31 [2/3] (1.05ns) (grouped into DSP with root node add_ln41)   --->   "%mul_ln41 = mul i15 %zext_ln41, i15 200" [matmul.cpp:41]   --->   Operation 31 'mul' 'mul_ln41' <Predicate = true> <Delay = 1.05> <CoreInst = "DSP48">   --->   Core 119 'DSP48' <Latency = 3> <II = 1> <Delay = 2.15> <IPBlock> <Opcode : 'mul' 'add' 'sub' 'select'> <InPorts = 0> <OutPorts = 1> <Sync> <CReg>

State 3 <SV = 2> <Delay = 2.10>
ST_3 : Operation 32 [1/3] (0.00ns) (grouped into DSP with root node add_ln41)   --->   "%mul_ln41 = mul i15 %zext_ln41, i15 200" [matmul.cpp:41]   --->   Operation 32 'mul' 'mul_ln41' <Predicate = true> <Delay = 0.00> <CoreInst = "DSP48">   --->   Core 119 'DSP48' <Latency = 3> <II = 1> <Delay = 2.15> <IPBlock> <Opcode : 'mul' 'add' 'sub' 'select'> <InPorts = 0> <OutPorts = 1> <Sync> <CReg>
ST_3 : Operation 33 [1/1] (0.00ns)   --->   "%zext_ln41_1 = zext i8 %select_ln37" [matmul.cpp:41]   --->   Operation 33 'zext' 'zext_ln41_1' <Predicate = true> <Delay = 0.00>
ST_3 : Operation 34 [2/2] (2.10ns) (root node of the DSP)   --->   "%add_ln41 = add i15 %mul_ln41, i15 %zext_ln41_1" [matmul.cpp:41]   --->   Operation 34 'add' 'add_ln41' <Predicate = true> <Delay = 2.10> <CoreInst = "DSP48">   --->   Core 119 'DSP48' <Latency = 3> <II = 1> <Delay = 2.15> <IPBlock> <Opcode : 'mul' 'add' 'sub' 'select'> <InPorts = 0> <OutPorts = 1> <Sync> <CReg>
ST_3 : Operation 44 [1/1] (0.00ns)   --->   "%ret_ln0 = ret"   --->   Operation 44 'ret' 'ret_ln0' <Predicate = (icmp_ln37)> <Delay = 0.00>

State 4 <SV = 3> <Delay = 5.35>
ST_4 : Operation 35 [1/1] (0.00ns)   --->   "%specloopname_ln0 = specloopname void @_ssdm_op_SpecLoopName, void @VITIS_LOOP_37_5_VITIS_LOOP_39_6_str"   --->   Operation 35 'specloopname' 'specloopname_ln0' <Predicate = true> <Delay = 0.00>
ST_4 : Operation 36 [1/1] (0.00ns)   --->   "%empty = speclooptripcount i32 @_ssdm_op_SpecLoopTripCount, i64 20000, i64 20000, i64 20000"   --->   Operation 36 'speclooptripcount' 'empty' <Predicate = true> <Delay = 0.00>
ST_4 : Operation 37 [1/1] (0.00ns)   --->   "%specpipeline_ln0 = specpipeline void @_ssdm_op_SpecPipeline, i32 4294967295, i32 0, i32 1, i32 0, void @p_str"   --->   Operation 37 'specpipeline' 'specpipeline_ln0' <Predicate = true> <Delay = 0.00>
ST_4 : Operation 38 [1/2] (2.10ns) (root node of the DSP)   --->   "%add_ln41 = add i15 %mul_ln41, i15 %zext_ln41_1" [matmul.cpp:41]   --->   Operation 38 'add' 'add_ln41' <Predicate = true> <Delay = 2.10> <CoreInst = "DSP48">   --->   Core 119 'DSP48' <Latency = 3> <II = 1> <Delay = 2.15> <IPBlock> <Opcode : 'mul' 'add' 'sub' 'select'> <InPorts = 0> <OutPorts = 1> <Sync> <CReg>
ST_4 : Operation 39 [1/1] (0.00ns)   --->   "%zext_ln41_2 = zext i15 %add_ln41" [matmul.cpp:41]   --->   Operation 39 'zext' 'zext_ln41_2' <Predicate = true> <Delay = 0.00>
ST_4 : Operation 40 [1/1] (0.00ns)   --->   "%Matrix_C_BRAM_V_addr = getelementptr i16 %Matrix_C_BRAM_V, i64 0, i64 %zext_ln41_2" [matmul.cpp:41]   --->   Operation 40 'getelementptr' 'Matrix_C_BRAM_V_addr' <Predicate = true> <Delay = 0.00>
ST_4 : Operation 41 [1/1] (0.00ns)   --->   "%specloopname_ln39 = specloopname void @_ssdm_op_SpecLoopName, void @empty_5" [matmul.cpp:39]   --->   Operation 41 'specloopname' 'specloopname_ln39' <Predicate = true> <Delay = 0.00>
ST_4 : Operation 42 [1/1] (3.25ns)   --->   "%store_ln41 = store i16 0, i15 %Matrix_C_BRAM_V_addr" [matmul.cpp:41]   --->   Operation 42 'store' 'store_ln41' <Predicate = true> <Delay = 3.25> <CoreInst = "RAM">   --->   Core 82 'RAM' <Latency = 1> <II = 1> <Delay = 3.25> <Storage> <Opcode : 'load' 'store'> <Ports = 2> <Width = 16> <Depth = 20000> <RAM>
ST_4 : Operation 43 [1/1] (0.00ns)   --->   "%br_ln39 = br void %for.inc86" [matmul.cpp:39]   --->   Operation 43 'br' 'br_ln39' <Predicate = true> <Delay = 0.00>


============================================================
+ Verbose Summary: Timing violations
============================================================
Target clock period: 10ns, clock uncertainty: 2.7ns.

 <State 1>: 6.3ns
The critical path consists of the following:
	'alloca' operation ('c') [2]  (0 ns)
	'load' operation ('c_load', matmul.cpp:39) on local variable 'c' [16]  (0 ns)
	'icmp' operation ('icmp_ln39', matmul.cpp:39) [21]  (1.55 ns)
	'select' operation ('select_ln37', matmul.cpp:37) [22]  (1.25 ns)
	'add' operation ('add_ln39', matmul.cpp:39) [33]  (1.92 ns)
	'store' operation ('store_ln39', matmul.cpp:39) of variable 'add_ln39', matmul.cpp:39 on local variable 'c' [36]  (1.59 ns)

 <State 2>: 1.05ns
The critical path consists of the following:
	'mul' operation of DSP[28] ('mul_ln41', matmul.cpp:41) [25]  (1.05 ns)

 <State 3>: 2.1ns
The critical path consists of the following:
	'mul' operation of DSP[28] ('mul_ln41', matmul.cpp:41) [25]  (0 ns)
	'add' operation of DSP[28] ('add_ln41', matmul.cpp:41) [28]  (2.1 ns)

 <State 4>: 5.35ns
The critical path consists of the following:
	'add' operation of DSP[28] ('add_ln41', matmul.cpp:41) [28]  (2.1 ns)
	'getelementptr' operation ('Matrix_C_BRAM_V_addr', matmul.cpp:41) [30]  (0 ns)
	'store' operation ('store_ln41', matmul.cpp:41) of constant 0 on array 'Matrix_C_BRAM_V' [32]  (3.25 ns)


============================================================
+ Verbose Summary: Binding
============================================================
N/A
* FSMD analyzer results:
  - Output states:
 - Input state : 
  - Chain level:
	State 1
	State 2
	State 3
	State 4


============================================================
+ Verbose Summary: Datapath Resource usage 
============================================================
N/A
