

================================================================
== Vitis HLS Report for 'matmul_Pipeline_VITIS_LOOP_69_10_VITIS_LOOP_71_11'
================================================================
* Date:           Fri Oct  2 16:46:22 2026

* Version:        2022.2 (Build 3670227 on Oct 13 2022)
* Project:        vitis.prj
* Solution:       solution1 (Vivado IP Flow Target)
* Product family: zynq
* Target device:  xc7z020-clg400-1


================================================================
== Performance Estimates
================================================================
+ Timing: 
    * Summary: 
    +--------+----------+----------+------------+
    |  Clock |  Target  | Estimated| Uncertainty|
    +--------+----------+----------+------------+
    |ap_clk  |  10.00 ns|  7.300 ns|     2.70 ns|
    +--------+----------+----------+------------+

+ Latency: 
    * Summary: 
    +---------+---------+----------+----------+-------+-------+---------+
    |  Latency (cycles) |  Latency (absolute) |    Interval   | Pipeline|
    |   min   |   max   |    min   |    max   |  min  |  max  |   Type  |
    +---------+---------+----------+----------+-------+-------+---------+
    |    20004|    20004|  0.200 ms|  0.200 ms|  20004|  20004|       no|
    +---------+---------+----------+----------+-------+-------+---------+

    + Detail: 
        * Instance: 
        N/A

        * Loop: 
        +-------------------------------------+---------+---------+----------+-----------+-----------+-------+----------+
        |                                     |  Latency (cycles) | Iteration|  Initiation Interval  |  Trip |          |
        |              Loop Name              |   min   |   max   |  Latency |  achieved |   target  | Count | Pipelined|
        +-------------------------------------+---------+---------+----------+-----------+-----------+-------+----------+
        |- VITIS_LOOP_69_10_VITIS_LOOP_71_11  |    20002|    20002|         5|          2|          1|  10000|       yes|
        +-------------------------------------+---------+---------+----------+-----------+-----------+-------+----------+



================================================================
== Utilization Estimates
================================================================
* Summary: 
+-----------------+---------+-----+--------+-------+-----+
|       Name      | BRAM_18K| DSP |   FF   |  LUT  | URAM|
+-----------------+---------+-----+--------+-------+-----+
|DSP              |        -|    -|       -|      -|    -|
|Expression       |        -|    -|       0|    138|    -|
|FIFO             |        -|    -|       -|      -|    -|
|Instance         |        -|    0|       0|     51|    -|
|Memory           |        -|    -|       -|      -|    -|
|Multiplexer      |        -|    -|       -|    136|    -|
|Register         |        -|    -|      92|      -|    -|
+-----------------+---------+-----+--------+-------+-----+
|Total            |        0|    0|      92|    325|    0|
+-----------------+---------+-----+--------+-------+-----+
|Available        |      280|  220|  106400|  53200|    0|
+-----------------+---------+-----+--------+-------+-----+
|Utilization (%)  |        0|    0|      ~0|     ~0|    0|
+-----------------+---------+-----+--------+-------+-----+

+ Detail: 
    * Instance: 
    +------------------------+--------------------+---------+----+---+----+-----+
    |        Instance        |       Module       | BRAM_18K| DSP| FF| LUT| URAM|
    +------------------------+--------------------+---------+----+---+----+-----+
    |mul_7ns_9ns_15_1_1_U27  |mul_7ns_9ns_15_1_1  |        0|   0|  0|  51|    0|
    +------------------------+--------------------+---------+----+---+----+-----+
    |Total                   |                    |        0|   0|  0|  51|    0|
    +------------------------+--------------------+---------+----+---+----+-----+

    * DSP: 
    N/A

    * Memory: 
    N/A

    * FIFO: 
    N/A

    * Expression: 
    +---------------------------+----------+----+---+----+------------+------------+
    |       Variable Name       | Operation| DSP| FF| LUT| Bitwidth P0| Bitwidth P1|
    +---------------------------+----------+----+---+----+------------+------------+
    |add_ln69_1_fu_161_p2       |         +|   0|  0|  17|          14|           1|
    |add_ln69_fu_173_p2         |         +|   0|  0|  14|           7|           1|
    |add_ln71_fu_211_p2         |         +|   0|  0|  15|           8|           2|
    |add_ln75_1_fu_254_p2       |         +|   0|  0|  20|          15|          15|
    |add_ln75_fu_235_p2         |         +|   0|  0|  20|          15|          15|
    |ap_block_pp0_stage0_11001  |       and|   0|  0|   2|           1|           1|
    |ap_block_pp0_stage1_11001  |       and|   0|  0|   2|           1|           1|
    |icmp_ln69_fu_155_p2        |      icmp|   0|  0|  12|          14|          14|
    |icmp_ln71_fu_179_p2        |      icmp|   0|  0|  11|           8|           7|
    |or_ln71_fu_245_p2          |        or|   0|  0|   8|           8|           1|
    |select_ln69_1_fu_193_p3    |    select|   0|  0|   7|           1|           7|
    |select_ln69_fu_185_p3      |    select|   0|  0|   8|           1|           8|
    |ap_enable_pp0              |       xor|   0|  0|   2|           1|           2|
    +---------------------------+----------+----+---+----+------------+------------+
    |Total                      |          |   0|  0| 138|          94|          75|
    +---------------------------+----------+----+---+----+------------+------------+

    * Multiplexer: 
    +----------------------------------------+----+-----------+-----+-----------+
    |                  Name                  | LUT| Input Size| Bits| Total Bits|
    +----------------------------------------+----+-----------+-----+-----------+
    |ap_NS_fsm                               |  14|          3|    1|          3|
    |ap_done_int                             |   9|          2|    1|          2|
    |ap_enable_reg_pp0_iter0                 |   9|          2|    1|          2|
    |ap_enable_reg_pp0_iter1                 |   9|          2|    1|          2|
    |ap_enable_reg_pp0_iter2                 |   9|          2|    1|          2|
    |ap_loop_exit_ready_pp0_iter1_reg        |   9|          2|    1|          2|
    |ap_sig_allocacmp_c_load                 |   9|          2|    8|         16|
    |ap_sig_allocacmp_indvar_flatten27_load  |   9|          2|   14|         28|
    |ap_sig_allocacmp_r_load                 |   9|          2|    7|         14|
    |c_fu_68                                 |   9|          2|    8|         16|
    |indvar_flatten27_fu_76                  |   9|          2|   14|         28|
    |m_axi_mem1_WDATA                        |  14|          3|   16|         48|
    |mem1_blk_n_W                            |   9|          2|    1|          2|
    |r_fu_72                                 |   9|          2|    7|         14|
    +----------------------------------------+----+-----------+-----+-----------+
    |Total                                   | 136|         30|   81|        179|
    +----------------------------------------+----+-----------+-----+-----------+

    * Register: 
    +----------------------------------+----+----+-----+-----------+
    |               Name               | FF | LUT| Bits| Const Bits|
    +----------------------------------+----+----+-----+-----------+
    |Matrix_C_BRAM_V_load_1_reg_322    |  16|   0|   16|          0|
    |Matrix_C_BRAM_V_load_reg_317      |  16|   0|   16|          0|
    |ap_CS_fsm                         |   2|   0|    2|          0|
    |ap_done_reg                       |   1|   0|    1|          0|
    |ap_enable_reg_pp0_iter0_reg       |   1|   0|    1|          0|
    |ap_enable_reg_pp0_iter1           |   1|   0|    1|          0|
    |ap_enable_reg_pp0_iter2           |   1|   0|    1|          0|
    |ap_loop_exit_ready_pp0_iter1_reg  |   1|   0|    1|          0|
    |c_fu_68                           |   8|   0|    8|          0|
    |icmp_ln69_reg_291                 |   1|   0|    1|          0|
    |indvar_flatten27_fu_76            |  14|   0|   14|          0|
    |mul_ln75_reg_301                  |  15|   0|   15|          0|
    |r_fu_72                           |   7|   0|    7|          0|
    |select_ln69_reg_295               |   8|   0|    8|          0|
    +----------------------------------+----+----+-----+-----------+
    |Total                             |  92|   0|   92|          0|
    +----------------------------------+----+----+-----+-----------+



================================================================
== Interface
================================================================
* Summary: 
+--------------------------+-----+-----+------------+---------------------------------------------------+--------------+
|         RTL Ports        | Dir | Bits|  Protocol  |                   Source Object                   |    C Type    |
+--------------------------+-----+-----+------------+---------------------------------------------------+--------------+
|ap_clk                    |   in|    1|  ap_ctrl_hs|  matmul_Pipeline_VITIS_LOOP_69_10_VITIS_LOOP_71_11|  return value|
|ap_rst                    |   in|    1|  ap_ctrl_hs|  matmul_Pipeline_VITIS_LOOP_69_10_VITIS_LOOP_71_11|  return value|
|ap_start                  |   in|    1|  ap_ctrl_hs|  matmul_Pipeline_VITIS_LOOP_69_10_VITIS_LOOP_71_11|  return value|
|ap_done                   |  out|    1|  ap_ctrl_hs|  matmul_Pipeline_VITIS_LOOP_69_10_VITIS_LOOP_71_11|  return value|
|ap_idle                   |  out|    1|  ap_ctrl_hs|  matmul_Pipeline_VITIS_LOOP_69_10_VITIS_LOOP_71_11|  return value|
|ap_ready                  |  out|    1|  ap_ctrl_hs|  matmul_Pipeline_VITIS_LOOP_69_10_VITIS_LOOP_71_11|  return value|
|m_axi_mem1_AWVALID        |  out|    1|       m_axi|                                               mem1|       pointer|
|m_axi_mem1_AWREADY        |   in|    1|       m_axi|                                               mem1|       pointer|
|m_axi_mem1_AWADDR         |  out|   64|       m_axi|                                               mem1|       pointer|
|m_axi_mem1_AWID           |  out|    1|       m_axi|                                               mem1|       pointer|
|m_axi_mem1_AWLEN          |  out|   32|       m_axi|                                               mem1|       pointer|
|m_axi_mem1_AWSIZE         |  out|    3|       m_axi|                                               mem1|       pointer|
|m_axi_mem1_AWBURST        |  out|    2|       m_axi|                                               mem1|       pointer|
|m_axi_mem1_AWLOCK         |  out|    2|       m_axi|                                               mem1|       pointer|
|m_axi_mem1_AWCACHE        |  out|    4|       m_axi|                                               mem1|       pointer|
|m_axi_mem1_AWPROT         |  out|    3|       m_axi|                                               mem1|       pointer|
|m_axi_mem1_AWQOS          |  out|    4|       m_axi|                                               mem1|       pointer|
|m_axi_mem1_AWREGION       |  out|    4|       m_axi|                                               mem1|       pointer|
|m_axi_mem1_AWUSER         |  out|    1|       m_axi|                                               mem1|       pointer|
|m_axi_mem1_WVALID         |  out|    1|       m_axi|                                               mem1|       pointer|
|m_axi_mem1_WREADY         |   in|    1|       m_axi|                                               mem1|       pointer|
|m_axi_mem1_WDATA          |  out|   16|       m_axi|                                               mem1|       pointer|
|m_axi_mem1_WSTRB          |  out|    2|       m_axi|                                               mem1|       pointer|
|m_axi_mem1_WLAST          |  out|    1|       m_axi|                                               mem1|       pointer|
|m_axi_mem1_WID            |  out|    1|       m_axi|                                               mem1|       pointer|
|m_axi_mem1_WUSER          |  out|    1|       m_axi|                                               mem1|       pointer|
|m_axi_mem1_ARVALID        |  out|    1|       m_axi|                                               mem1|       pointer|
|m_axi_mem1_ARREADY        |   in|    1|       m_axi|                                               mem1|       pointer|
|m_axi_mem1_ARADDR         |  out|   64|       m_axi|                                               mem1|       pointer|
|m_axi_mem1_ARID           |  out|    1|       m_axi|                                               mem1|       pointer|
|m_axi_mem1_ARLEN          |  out|   32|       m_axi|                                               mem1|       pointer|
|m_axi_mem1_ARSIZE         |  out|    3|       m_axi|                                               mem1|       pointer|
|m_axi_mem1_ARBURST        |  out|    2|       m_axi|                                               mem1|       pointer|
|m_axi_mem1_ARLOCK         |  out|    2|       m_axi|                                               mem1|       pointer|
|m_axi_mem1_ARCACHE        |  out|    4|       m_axi|                                               mem1|       pointer|
|m_axi_mem1_ARPROT         |  out|    3|       m_axi|                                               mem1|       pointer|
|m_axi_mem1_ARQOS          |  out|    4|       m_axi|                                               mem1|       pointer|
|m_axi_mem1_ARREGION       |  out|    4|       m_axi|                                               mem1|       pointer|
|m_axi_mem1_ARUSER         |  out|    1|       m_axi|                                               mem1|       pointer|
|m_axi_mem1_RVALID         |   in|    1|       m_axi|                                               mem1|       pointer|
|m_axi_mem1_RREADY         |  out|    1|       m_axi|                                               mem1|       pointer|
|m_axi_mem1_RDATA          |   in|   16|       m_axi|                                               mem1|       pointer|
|m_axi_mem1_RLAST          |   in|    1|       m_axi|                                               mem1|       pointer|
|m_axi_mem1_RID            |   in|    1|       m_axi|                                               mem1|       pointer|
|m_axi_mem1_RFIFONUM       |   in|   10|       m_axi|                                               mem1|       pointer|
|m_axi_mem1_RUSER          |   in|    1|       m_axi|                                               mem1|       pointer|
|m_axi_mem1_RRESP          |   in|    2|       m_axi|                                               mem1|       pointer|
|m_axi_mem1_BVALID         |   in|    1|       m_axi|                                               mem1|       pointer|
|m_axi_mem1_BREADY         |  out|    1|       m_axi|                                               mem1|       pointer|
|m_axi_mem1_BRESP          |   in|    2|       m_axi|                                               mem1|       pointer|
|m_axi_mem1_BID            |   in|    1|       m_axi|                                               mem1|       pointer|
|m_axi_mem1_BUSER          |   in|    1|       m_axi|                                               mem1|       pointer|
|sext_ln69                 |   in|   63|     ap_none|                                          sext_ln69|        scalar|
|Matrix_C_BRAM_V_address0  |  out|   15|   ap_memory|                                    Matrix_C_BRAM_V|         array|
|Matrix_C_BRAM_V_ce0       |  out|    1|   ap_memory|                                    Matrix_C_BRAM_V|         array|
|Matrix_C_BRAM_V_q0        |   in|   16|   ap_memory|                                    Matrix_C_BRAM_V|         array|
|Matrix_C_BRAM_V_address1  |  out|   15|   ap_memory|                                    Matrix_C_BRAM_V|         array|
|Matrix_C_BRAM_V_ce1       |  out|    1|   ap_memory|                                    Matrix_C_BRAM_V|         array|
|Matrix_C_BRAM_V_q1        |   in|   16|   ap_memory|                                    Matrix_C_BRAM_V|         array|
+--------------------------+-----+-----+------------+---------------------------------------------------+--------------+

============================================================
+ Verbose Summary: Synthesis Manager
============================================================
InlineROM: 1
ExposeGlobal: 0
============================================================
+ Verbose Summary: CDFG Model
============================================================
IsTopModel: 0
ResetActiveHigh: 1
IsCombinational: 2
IsDatapathOnly: 2
HasWiredReturn: 1
HasMFsm: 2
HasVarLatency: 1
IsPipeline: 0
IsRtlPipelined: 0
IsInstanceOverlapped: 0
IsDontTouch: 0
HasImplIP: 0
IsGatedGlobalClock: 0

+ Individual pipeline summary: 
  * Pipeline-0: initiation interval (II) = 2, depth = 5


============================================================
+ Verbose Summary: Schedule
============================================================
* Number of FSM states : 5
* Pipeline : 1
  Pipeline-0 : II = 2, D = 5, States = { 1 2 3 4 5 }
* Dataflow Pipeline: 0

* FSM state transitions: 
1 --> 2 
2 --> 3 
3 --> 4 
4 --> 5 
5 --> 

* FSM state operations: 

State 1 <SV = 0> <Delay = 7.21>
ST_1 : Operation 8 [1/1] (0.00ns)   --->   "%c = alloca i32 1"   --->   Operation 8 'alloca' 'c' <Predicate = true> <Delay = 0.00>
ST_1 : Operation 9 [1/1] (0.00ns)   --->   "%r = alloca i32 1"   --->   Operation 9 'alloca' 'r' <Predicate = true> <Delay = 0.00>
ST_1 : Operation 10 [1/1] (0.00ns)   --->   "%indvar_flatten27 = alloca i32 1"   --->   Operation 10 'alloca' 'indvar_flatten27' <Predicate = true> <Delay = 0.00>
ST_1 : Operation 11 [1/1] (0.00ns)   --->   "%sext_ln69_read = read i63 @_ssdm_op_Read.ap_auto.i63, i63 %sext_ln69"   --->   Operation 11 'read' 'sext_ln69_read' <Predicate = true> <Delay = 0.00>
ST_1 : Operation 12 [1/1] (0.00ns)   --->   "%sext_ln69_cast = sext i63 %sext_ln69_read"   --->   Operation 12 'sext' 'sext_ln69_cast' <Predicate = true> <Delay = 0.00>
ST_1 : Operation 13 [1/1] (0.00ns)   --->   "%specinterface_ln0 = specinterface void @_ssdm_op_SpecInterface, i16 %mem1, void @empty_1, i32 0, i32 0, void @empty_2, i32 64, i32 1, void @empty_3, void @empty_4, void @empty_2, i32 16, i32 16, i32 16, i32 16, void @empty_2, void @empty_2, i32 4294967295, i32 0"   --->   Operation 13 'specinterface' 'specinterface_ln0' <Predicate = true> <Delay = 0.00>
ST_1 : Operation 14 [1/1] (1.58ns)   --->   "%store_ln0 = store i14 0, i14 %indvar_flatten27"   --->   Operation 14 'store' 'store_ln0' <Predicate = true> <Delay = 1.58>
ST_1 : Operation 15 [1/1] (1.58ns)   --->   "%store_ln0 = store i7 0, i7 %r"   --->   Operation 15 'store' 'store_ln0' <Predicate = true> <Delay = 1.58>
ST_1 : Operation 16 [1/1] (1.58ns)   --->   "%store_ln0 = store i8 0, i8 %c"   --->   Operation 16 'store' 'store_ln0' <Predicate = true> <Delay = 1.58>
ST_1 : Operation 17 [1/1] (0.00ns)   --->   "%br_ln0 = br void %for.inc146"   --->   Operation 17 'br' 'br_ln0' <Predicate = true> <Delay = 0.00>
ST_1 : Operation 18 [1/1] (0.00ns)   --->   "%indvar_flatten27_load = load i14 %indvar_flatten27" [matmul.cpp:69]   --->   Operation 18 'load' 'indvar_flatten27_load' <Predicate = true> <Delay = 0.00>
ST_1 : Operation 19 [1/1] (0.00ns)   --->   "%specbitsmap_ln0 = specbitsmap void @_ssdm_op_SpecBitsMap, i16 %mem1"   --->   Operation 19 'specbitsmap' 'specbitsmap_ln0' <Predicate = true> <Delay = 0.00>
ST_1 : Operation 20 [1/1] (0.00ns)   --->   "%mem1_addr = getelementptr i16 %mem1, i64 %sext_ln69_cast" [matmul.cpp:69]   --->   Operation 20 'getelementptr' 'mem1_addr' <Predicate = true> <Delay = 0.00>
ST_1 : Operation 21 [1/1] (2.20ns)   --->   "%icmp_ln69 = icmp_eq  i14 %indvar_flatten27_load, i14 10000" [matmul.cpp:69]   --->   Operation 21 'icmp' 'icmp_ln69' <Predicate = true> <Delay = 2.20> <CoreInst = "Cmp">   --->   Core 9 'Cmp' <Latency = 0> <II = 1> <Delay = 2.20> <FuncUnit> <Opcode : 'icmp'> <InPorts = 2> <OutPorts = 1>
ST_1 : Operation 22 [1/1] (1.81ns)   --->   "%add_ln69_1 = add i14 %indvar_flatten27_load, i14 1" [matmul.cpp:69]   --->   Operation 22 'add' 'add_ln69_1' <Predicate = true> <Delay = 1.81> <CoreInst = "Adder">   --->   Core 1 'Adder' <Latency = 0> <II = 1> <Delay = 1.81> <FuncUnit> <Opcode : 'add' 'sub'> <InPorts = 2> <OutPorts = 1>
ST_1 : Operation 23 [1/1] (0.00ns)   --->   "%br_ln69 = br i1 %icmp_ln69, void %for.inc149, void %for.end151.exitStub" [matmul.cpp:69]   --->   Operation 23 'br' 'br_ln69' <Predicate = true> <Delay = 0.00>
ST_1 : Operation 24 [1/1] (0.00ns)   --->   "%c_load = load i8 %c" [matmul.cpp:71]   --->   Operation 24 'load' 'c_load' <Predicate = (!icmp_ln69)> <Delay = 0.00>
ST_1 : Operation 25 [1/1] (0.00ns)   --->   "%r_load = load i7 %r" [matmul.cpp:69]   --->   Operation 25 'load' 'r_load' <Predicate = (!icmp_ln69)> <Delay = 0.00>
ST_1 : Operation 26 [1/1] (1.87ns)   --->   "%add_ln69 = add i7 %r_load, i7 1" [matmul.cpp:69]   --->   Operation 26 'add' 'add_ln69' <Predicate = (!icmp_ln69)> <Delay = 1.87> <CoreInst = "Adder">   --->   Core 1 'Adder' <Latency = 0> <II = 1> <Delay = 1.87> <FuncUnit> <Opcode : 'add' 'sub'> <InPorts = 2> <OutPorts = 1>
ST_1 : Operation 27 [1/1] (1.55ns)   --->   "%icmp_ln71 = icmp_ult  i8 %c_load, i8 200" [matmul.cpp:71]   --->   Operation 27 'icmp' 'icmp_ln71' <Predicate = (!icmp_ln69)> <Delay = 1.55> <CoreInst = "Cmp">   --->   Core 9 'Cmp' <Latency = 0> <II = 1> <Delay = 1.55> <FuncUnit> <Opcode : 'icmp'> <InPorts = 2> <OutPorts = 1>
ST_1 : Operation 28 [1/1] (1.24ns)   --->   "%select_ln69 = select i1 %icmp_ln71, i8 %c_load, i8 0" [matmul.cpp:69]   --->   Operation 28 'select' 'select_ln69' <Predicate = (!icmp_ln69)> <Delay = 1.24> <CoreInst = "Sel">   --->   Core 73 'Sel' <Latency = 0> <II = 1> <Delay = 1.24> <FuncUnit> <Opcode : 'select'> <InPorts = 3> <OutPorts = 1>
ST_1 : Operation 29 [1/1] (0.99ns)   --->   "%select_ln69_1 = select i1 %icmp_ln71, i7 %r_load, i7 %add_ln69" [matmul.cpp:69]   --->   Operation 29 'select' 'select_ln69_1' <Predicate = (!icmp_ln69)> <Delay = 0.99> <CoreInst = "Sel">   --->   Core 73 'Sel' <Latency = 0> <II = 1> <Delay = 0.99> <FuncUnit> <Opcode : 'select'> <InPorts = 3> <OutPorts = 1>
ST_1 : Operation 30 [1/1] (0.00ns)   --->   "%zext_ln75 = zext i7 %select_ln69_1" [matmul.cpp:75]   --->   Operation 30 'zext' 'zext_ln75' <Predicate = (!icmp_ln69)> <Delay = 0.00>
ST_1 : Operation 31 [1/1] (4.35ns)   --->   "%mul_ln75 = mul i15 %zext_ln75, i15 200" [matmul.cpp:75]   --->   Operation 31 'mul' 'mul_ln75' <Predicate = (!icmp_ln69)> <Delay = 4.35> <CoreInst = "Multiplier">   --->   Core 3 'Multiplier' <Latency = 0> <II = 1> <Delay = 4.35> <FuncUnit> <Opcode : 'mul'> <InPorts = 2> <OutPorts = 1>
ST_1 : Operation 32 [1/1] (1.91ns)   --->   "%add_ln71 = add i8 %select_ln69, i8 2" [matmul.cpp:71]   --->   Operation 32 'add' 'add_ln71' <Predicate = (!icmp_ln69)> <Delay = 1.91> <CoreInst = "Adder">   --->   Core 1 'Adder' <Latency = 0> <II = 1> <Delay = 1.91> <FuncUnit> <Opcode : 'add' 'sub'> <InPorts = 2> <OutPorts = 1>
ST_1 : Operation 33 [1/1] (1.58ns)   --->   "%store_ln71 = store i14 %add_ln69_1, i14 %indvar_flatten27" [matmul.cpp:71]   --->   Operation 33 'store' 'store_ln71' <Predicate = (!icmp_ln69)> <Delay = 1.58>
ST_1 : Operation 34 [1/1] (1.58ns)   --->   "%store_ln71 = store i7 %select_ln69_1, i7 %r" [matmul.cpp:71]   --->   Operation 34 'store' 'store_ln71' <Predicate = (!icmp_ln69)> <Delay = 1.58>
ST_1 : Operation 35 [1/1] (1.58ns)   --->   "%store_ln71 = store i8 %add_ln71, i8 %c" [matmul.cpp:71]   --->   Operation 35 'store' 'store_ln71' <Predicate = (!icmp_ln69)> <Delay = 1.58>

State 2 <SV = 1> <Delay = 5.19>
ST_2 : Operation 36 [1/1] (0.00ns)   --->   "%zext_ln75_1 = zext i8 %select_ln69" [matmul.cpp:75]   --->   Operation 36 'zext' 'zext_ln75_1' <Predicate = (!icmp_ln69)> <Delay = 0.00>
ST_2 : Operation 37 [1/1] (1.94ns)   --->   "%add_ln75 = add i15 %mul_ln75, i15 %zext_ln75_1" [matmul.cpp:75]   --->   Operation 37 'add' 'add_ln75' <Predicate = (!icmp_ln69)> <Delay = 1.94> <CoreInst = "Adder">   --->   Core 1 'Adder' <Latency = 0> <II = 1> <Delay = 1.94> <FuncUnit> <Opcode : 'add' 'sub'> <InPorts = 2> <OutPorts = 1>
ST_2 : Operation 38 [1/1] (0.00ns)   --->   "%zext_ln75_2 = zext i15 %add_ln75" [matmul.cpp:75]   --->   Operation 38 'zext' 'zext_ln75_2' <Predicate = (!icmp_ln69)> <Delay = 0.00>
ST_2 : Operation 39 [1/1] (0.00ns)   --->   "%Matrix_C_BRAM_V_addr = getelementptr i16 %Matrix_C_BRAM_V, i64 0, i64 %zext_ln75_2" [matmul.cpp:75]   --->   Operation 39 'getelementptr' 'Matrix_C_BRAM_V_addr' <Predicate = (!icmp_ln69)> <Delay = 0.00>
ST_2 : Operation 40 [2/2] (3.25ns)   --->   "%Matrix_C_BRAM_V_load = load i15 %Matrix_C_BRAM_V_addr" [matmul.cpp:75]   --->   Operation 40 'load' 'Matrix_C_BRAM_V_load' <Predicate = (!icmp_ln69)> <Delay = 3.25> <CoreInst = "RAM">   --->   Core 82 'RAM' <Latency = 1> <II = 1> <Delay = 3.25> <Storage> <Opcode : 'load' 'store'> <Ports = 2> <Width = 16> <Depth = 20000> <RAM>
ST_2 : Operation 41 [1/1] (0.00ns) (grouped into LUT with out node add_ln75_1)   --->   "%or_ln71 = or i8 %select_ln69, i8 1" [matmul.cpp:71]   --->   Operation 41 'or' 'or_ln71' <Predicate = (!icmp_ln69)> <Delay = 0.00>
ST_2 : Operation 42 [1/1] (0.00ns) (grouped into LUT with out node add_ln75_1)   --->   "%zext_ln75_3 = zext i8 %or_ln71" [matmul.cpp:75]   --->   Operation 42 'zext' 'zext_ln75_3' <Predicate = (!icmp_ln69)> <Delay = 0.00>
ST_2 : Operation 43 [1/1] (1.94ns) (out node of the LUT)   --->   "%add_ln75_1 = add i15 %mul_ln75, i15 %zext_ln75_3" [matmul.cpp:75]   --->   Operation 43 'add' 'add_ln75_1' <Predicate = (!icmp_ln69)> <Delay = 1.94> <CoreInst = "Adder">   --->   Core 1 'Adder' <Latency = 0> <II = 1> <Delay = 1.94> <FuncUnit> <Opcode : 'add' 'sub'> <InPorts = 2> <OutPorts = 1>
ST_2 : Operation 44 [1/1] (0.00ns)   --->   "%zext_ln75_4 = zext i15 %add_ln75_1" [matmul.cpp:75]   --->   Operation 44 'zext' 'zext_ln75_4' <Predicate = (!icmp_ln69)> <Delay = 0.00>
ST_2 : Operation 45 [1/1] (0.00ns)   --->   "%Matrix_C_BRAM_V_addr_1 = getelementptr i16 %Matrix_C_BRAM_V, i64 0, i64 %zext_ln75_4" [matmul.cpp:75]   --->   Operation 45 'getelementptr' 'Matrix_C_BRAM_V_addr_1' <Predicate = (!icmp_ln69)> <Delay = 0.00>
ST_2 : Operation 46 [2/2] (3.25ns)   --->   "%Matrix_C_BRAM_V_load_1 = load i15 %Matrix_C_BRAM_V_addr_1" [matmul.cpp:75]   --->   Operation 46 'load' 'Matrix_C_BRAM_V_load_1' <Predicate = (!icmp_ln69)> <Delay = 3.25> <CoreInst = "RAM">   --->   Core 82 'RAM' <Latency = 1> <II = 1> <Delay = 3.25> <Storage> <Opcode : 'load' 'store'> <Ports = 2> <Width = 16> <Depth = 20000> <RAM>

State 3 <SV = 2> <Delay = 3.25>
ST_3 : Operation 47 [1/2] (3.25ns)   --->   "%Matrix_C_BRAM_V_load = load i15 %Matrix_C_BRAM_V_addr" [matmul.cpp:75]   --->   Operation 47 'load' 'Matrix_C_BRAM_V_load' <Predicate = true> <Delay = 3.25> <CoreInst = "RAM">   --->   Core 82 'RAM' <Latency = 1> <II = 1> <Delay = 3.25> <Storage> <Opcode : 'load' 'store'> <Ports = 2> <Width = 16> <Depth = 20000> <RAM>
ST_3 : Operation 48 [1/2] (3.25ns)   --->   "%Matrix_C_BRAM_V_load_1 = load i15 %Matrix_C_BRAM_V_addr_1" [matmul.cpp:75]   --->   Operation 48 'load' 'Matrix_C_BRAM_V_load_1' <Predicate = true> <Delay = 3.25> <CoreInst = "RAM">   --->   Core 82 'RAM' <Latency = 1> <II = 1> <Delay = 3.25> <Storage> <Opcode : 'load' 'store'> <Ports = 2> <Width = 16> <Depth = 20000> <RAM>
ST_3 : Operation 56 [1/1] (0.00ns)   --->   "%ret_ln0 = ret"   --->   Operation 56 'ret' 'ret_ln0' <Predicate = (icmp_ln69)> <Delay = 0.00>

State 4 <SV = 3> <Delay = 7.30>
ST_4 : Operation 49 [1/1] (7.30ns)   --->   "%write_ln71 = write void @_ssdm_op_Write.m_axi.p1i16, i64 %mem1_addr, i16 %Matrix_C_BRAM_V_load, i2 3" [matmul.cpp:71]   --->   Operation 49 'write' 'write_ln71' <Predicate = true> <Delay = 7.30> <CoreInst = "m_axi">   --->   Core 113 'm_axi' <Latency = 0> <II = 1> <Delay = 1.00> <Adapter> <Opcode : 'read' 'write' 'readreq' 'writereq' 'writeresp'>

State 5 <SV = 4> <Delay = 7.30>
ST_5 : Operation 50 [1/1] (0.00ns)   --->   "%specloopname_ln0 = specloopname void @_ssdm_op_SpecLoopName, void @VITIS_LOOP_69_10_VITIS_LOOP_71_11_str"   --->   Operation 50 'specloopname' 'specloopname_ln0' <Predicate = true> <Delay = 0.00>
ST_5 : Operation 51 [1/1] (0.00ns)   --->   "%empty = speclooptripcount i32 @_ssdm_op_SpecLoopTripCount, i64 10000, i64 10000, i64 10000"   --->   Operation 51 'speclooptripcount' 'empty' <Predicate = true> <Delay = 0.00>
ST_5 : Operation 52 [1/1] (0.00ns)   --->   "%specpipeline_ln73 = specpipeline void @_ssdm_op_SpecPipeline, i32 1, i32 0, i32 0, i32 0, void @empty_2" [matmul.cpp:73]   --->   Operation 52 'specpipeline' 'specpipeline_ln73' <Predicate = true> <Delay = 0.00>
ST_5 : Operation 53 [1/1] (0.00ns)   --->   "%specloopname_ln71 = specloopname void @_ssdm_op_SpecLoopName, void @empty_8" [matmul.cpp:71]   --->   Operation 53 'specloopname' 'specloopname_ln71' <Predicate = true> <Delay = 0.00>
ST_5 : Operation 54 [1/1] (7.30ns)   --->   "%write_ln71 = write void @_ssdm_op_Write.m_axi.p1i16, i64 %mem1_addr, i16 %Matrix_C_BRAM_V_load_1, i2 3" [matmul.cpp:71]   --->   Operation 54 'write' 'write_ln71' <Predicate = true> <Delay = 7.30> <CoreInst = "m_axi">   --->   Core 113 'm_axi' <Latency = 0> <II = 1> <Delay = 1.00> <Adapter> <Opcode : 'read' 'write' 'readreq' 'writereq' 'writeresp'>
ST_5 : Operation 55 [1/1] (0.00ns)   --->   "%br_ln71 = br void %for.inc146" [matmul.cpp:71]   --->   Operation 55 'br' 'br_ln71' <Predicate = true> <Delay = 0.00>


============================================================
+ Verbose Summary: Binding
============================================================
STG Binding: 
---------------- STG Properties BEGIN ----------------
- Is combinational: 0
- Is one-state seq: 0
- Is datapath-only: 0
- Is pipelined: 0
- Is top level: 0
Port [ Return ] is wired: 1; IO mode=ap_ctrl_hs:ce=0
Port [ mem1]:  wired=1; compound=1; hidden=0; nouse=0; global=0; static=0; extern=0; dir=1; type=4; pingpong=0; private_global=0; IO mode=m_axi:ce=0
Port [ sext_ln69]:  wired=1; compound=0; hidden=0; nouse=0; global=0; static=0; extern=0; dir=0; type=0; pingpong=0; private_global=0; IO mode=ap_none:ce=0
Port [ Matrix_C_BRAM_V]:  wired=1; compound=1; hidden=0; nouse=0; global=0; static=0; extern=0; dir=0; type=1; pingpong=0; private_global=0; MemPort=[11]; IO mode=ap_memory:ce=0
---------------- STG Properties END ------------------

---------------- Datapath Model BEGIN ----------------

<LifeTime>
<method=bitvector/>
c                      (alloca           ) [ 010000]
r                      (alloca           ) [ 010000]
indvar_flatten27       (alloca           ) [ 010000]
sext_ln69_read         (read             ) [ 000000]
sext_ln69_cast         (sext             ) [ 000000]
specinterface_ln0      (specinterface    ) [ 000000]
store_ln0              (store            ) [ 000000]
store_ln0              (store            ) [ 000000]
store_ln0              (store            ) [ 000000]
br_ln0                 (br               ) [ 000000]
indvar_flatten27_load  (load             ) [ 000000]
specbitsmap_ln0        (specbitsmap      ) [ 000000]
mem1_addr              (getelementptr    ) [ 011111]
icmp_ln69              (icmp             ) [ 011100]
add_ln69_1             (add              ) [ 000000]
br_ln69                (br               ) [ 000000]
c_load                 (load             ) [ 000000]
r_load                 (load             ) [ 000000]
add_ln69               (add              ) [ 000000]
icmp_ln71              (icmp             ) [ 000000]
select_ln69            (select           ) [ 001000]
select_ln69_1          (select           ) [ 000000]
zext_ln75              (zext             ) [ 000000]
mul_ln75               (mul              ) [ 001000]
add_ln71               (add              ) [ 000000]
store_ln71             (store            ) [ 000000]
store_ln71             (store            ) [ 000000]
store_ln71             (store            ) [ 000000]
zext_ln75_1            (zext             ) [ 000000]
add_ln75               (add              ) [ 000000]
zext_ln75_2            (zext             ) [ 000000]
Matrix_C_BRAM_V_addr   (getelementptr    ) [ 010100]
or_ln71                (or               ) [ 000000]
zext_ln75_3            (zext             ) [ 000000]
add_ln75_1             (add              ) [ 000000]
zext_ln75_4            (zext             ) [ 000000]
Matrix_C_BRAM_V_addr_1 (getelementptr    ) [ 010100]
Matrix_C_BRAM_V_load   (load             ) [ 001010]
Matrix_C_BRAM_V_load_1 (load             ) [ 011011]
write_ln71             (write            ) [ 000000]
specloopname_ln0       (specloopname     ) [ 000000]
empty                  (speclooptripcount) [ 000000]
specpipeline_ln73      (specpipeline     ) [ 000000]
specloopname_ln71      (specloopname     ) [ 000000]
write_ln71             (write            ) [ 000000]
br_ln71                (br               ) [ 000000]
ret_ln0                (ret              ) [ 000000]
</LifeTime>

<model>

<comp_list>
<comp id="0" class="1000" name="mem1">
<pin_list>
<pin id="1" dir="1" index="0" bw="1" slack="0"/>
</pin_list>
<bind>
<StgValue><ssdm name="mem1"/></StgValue>
</bind>
</comp>

<comp id="2" class="1000" name="sext_ln69">
<pin_list>
<pin id="3" dir="1" index="0" bw="1" slack="0"/>
</pin_list>
<bind>
<StgValue><ssdm name="sext_ln69"/></StgValue>
</bind>
</comp>

<comp id="4" class="1000" name="Matrix_C_BRAM_V">
<pin_list>
<pin id="5" dir="1" index="0" bw="1" slack="0"/>
</pin_list>
<bind>
<StgValue><ssdm name="Matrix_C_BRAM_V"/><MemPortTyVec>1 1 </MemPortTyVec>
</StgValue>
</bind>
</comp>

<comp id="6" class="1001" name="const_6">
<pin_list>
<pin id="7" dir="1" index="0" bw="1" slack="0"/>
</pin_list>
<bind>
<StgValue><ssdm name=""/></StgValue>
</bind>
</comp>

<comp id="8" class="1001" name="const_8">
<pin_list>
<pin id="9" dir="1" index="0" bw="1" slack="0"/>
</pin_list>
<bind>
<StgValue><ssdm name="_ssdm_op_Read.ap_auto.i63"/></StgValue>
</bind>
</comp>

<comp id="10" class="1001" name="const_10">
<pin_list>
<pin id="11" dir="1" index="0" bw="1" slack="2147483647"/>
</pin_list>
<bind>
<StgValue><ssdm name="_ssdm_op_SpecInterface"/></StgValue>
</bind>
</comp>

<comp id="12" class="1001" name="const_12">
<pin_list>
<pin id="13" dir="1" index="0" bw="1" slack="2147483647"/>
</pin_list>
<bind>
<StgValue><ssdm name="empty_1"/></StgValue>
</bind>
</comp>

<comp id="14" class="1001" name="const_14">
<pin_list>
<pin id="15" dir="1" index="0" bw="1" slack="2147483647"/>
</pin_list>
<bind>
<StgValue><ssdm name=""/></StgValue>
</bind>
</comp>

<comp id="16" class="1001" name="const_16">
<pin_list>
<pin id="17" dir="1" index="0" bw="1" slack="2147483647"/>
</pin_list>
<bind>
<StgValue><ssdm name="empty_2"/></StgValue>
</bind>
</comp>

<comp id="18" class="1001" name="const_18">
<pin_list>
<pin id="19" dir="1" index="0" bw="1" slack="2147483647"/>
</pin_list>
<bind>
<StgValue><ssdm name=""/></StgValue>
</bind>
</comp>

<comp id="20" class="1001" name="const_20">
<pin_list>
<pin id="21" dir="1" index="0" bw="1" slack="2147483647"/>
</pin_list>
<bind>
<StgValue><ssdm name="empty_3"/></StgValue>
</bind>
</comp>

<comp id="22" class="1001" name="const_22">
<pin_list>
<pin id="23" dir="1" index="0" bw="1" slack="2147483647"/>
</pin_list>
<bind>
<StgValue><ssdm name="empty_4"/></StgValue>
</bind>
</comp>

<comp id="24" class="1001" name="const_24">
<pin_list>
<pin id="25" dir="1" index="0" bw="1" slack="2147483647"/>
</pin_list>
<bind>
<StgValue><ssdm name=""/></StgValue>
</bind>
</comp>

<comp id="26" class="1001" name="const_26">
<pin_list>
<pin id="27" dir="1" index="0" bw="1" slack="2147483647"/>
</pin_list>
<bind>
<StgValue><ssdm name=""/></StgValue>
</bind>
</comp>

<comp id="28" class="1001" name="const_28">
<pin_list>
<pin id="29" dir="1" index="0" bw="1" slack="0"/>
</pin_list>
<bind>
<StgValue><ssdm name=""/></StgValue>
</bind>
</comp>

<comp id="30" class="1001" name="const_30">
<pin_list>
<pin id="31" dir="1" index="0" bw="1" slack="0"/>
</pin_list>
<bind>
<StgValue><ssdm name=""/></StgValue>
</bind>
</comp>

<comp id="32" class="1001" name="const_32">
<pin_list>
<pin id="33" dir="1" index="0" bw="1" slack="0"/>
</pin_list>
<bind>
<StgValue><ssdm name=""/></StgValue>
</bind>
</comp>

<comp id="34" class="1001" name="const_34">
<pin_list>
<pin id="35" dir="1" index="0" bw="1" slack="2147483647"/>
</pin_list>
<bind>
<StgValue><ssdm name="_ssdm_op_SpecBitsMap"/></StgValue>
</bind>
</comp>

<comp id="36" class="1001" name="const_36">
<pin_list>
<pin id="37" dir="1" index="0" bw="1" slack="0"/>
</pin_list>
<bind>
<StgValue><ssdm name=""/></StgValue>
</bind>
</comp>

<comp id="38" class="1001" name="const_38">
<pin_list>
<pin id="39" dir="1" index="0" bw="1" slack="0"/>
</pin_list>
<bind>
<StgValue><ssdm name=""/></StgValue>
</bind>
</comp>

<comp id="40" class="1001" name="const_40">
<pin_list>
<pin id="41" dir="1" index="0" bw="1" slack="0"/>
</pin_list>
<bind>
<StgValue><ssdm name=""/></StgValue>
</bind>
</comp>

<comp id="42" class="1001" name="const_42">
<pin_list>
<pin id="43" dir="1" index="0" bw="1" slack="0"/>
</pin_list>
<bind>
<StgValue><ssdm name=""/></StgValue>
</bind>
</comp>

<comp id="44" class="1001" name="const_44">
<pin_list>
<pin id="45" dir="1" index="0" bw="1" slack="0"/>
</pin_list>
<bind>
<StgValue><ssdm name=""/></StgValue>
</bind>
</comp>

<comp id="46" class="1001" name="const_46">
<pin_list>
<pin id="47" dir="1" index="0" bw="1" slack="0"/>
</pin_list>
<bind>
<StgValue><ssdm name=""/></StgValue>
</bind>
</comp>

<comp id="48" class="1001" name="const_48">
<pin_list>
<pin id="49" dir="1" index="0" bw="1" slack="0"/>
</pin_list>
<bind>
<StgValue><ssdm name=""/></StgValue>
</bind>
</comp>

<comp id="50" class="1001" name="const_50">
<pin_list>
<pin id="51" dir="1" index="0" bw="1" slack="0"/>
</pin_list>
<bind>
<StgValue><ssdm name=""/></StgValue>
</bind>
</comp>

<comp id="52" class="1001" name="const_52">
<pin_list>
<pin id="53" dir="1" index="0" bw="1" slack="0"/>
</pin_list>
<bind>
<StgValue><ssdm name="_ssdm_op_Write.m_axi.p1i16"/></StgValue>
</bind>
</comp>

<comp id="54" class="1001" name="const_54">
<pin_list>
<pin id="55" dir="1" index="0" bw="1" slack="0"/>
</pin_list>
<bind>
<StgValue><ssdm name=""/></StgValue>
</bind>
</comp>

<comp id="56" class="1001" name="const_56">
<pin_list>
<pin id="57" dir="1" index="0" bw="1" slack="2147483647"/>
</pin_list>
<bind>
<StgValue><ssdm name="_ssdm_op_SpecLoopName"/></StgValue>
</bind>
</comp>

<comp id="58" class="1001" name="const_58">
<pin_list>
<pin id="59" dir="1" index="0" bw="1" slack="2147483647"/>
</pin_list>
<bind>
<StgValue><ssdm name="VITIS_LOOP_69_10_VITIS_LOOP_71_11_str"/></StgValue>
</bind>
</comp>

<comp id="60" class="1001" name="const_60">
<pin_list>
<pin id="61" dir="1" index="0" bw="1" slack="2147483647"/>
</pin_list>
<bind>
<StgValue><ssdm name="_ssdm_op_SpecLoopTripCount"/></StgValue>
</bind>
</comp>

<comp id="62" class="1001" name="const_62">
<pin_list>
<pin id="63" dir="1" index="0" bw="1" slack="2147483647"/>
</pin_list>
<bind>
<StgValue><ssdm name=""/></StgValue>
</bind>
</comp>

<comp id="64" class="1001" name="const_64">
<pin_list>
<pin id="65" dir="1" index="0" bw="1" slack="2147483647"/>
</pin_list>
<bind>
<StgValue><ssdm name="_ssdm_op_SpecPipeline"/></StgValue>
</bind>
</comp>

<comp id="66" class="1001" name="const_66">
<pin_list>
<pin id="67" dir="1" index="0" bw="1" slack="2147483647"/>
</pin_list>
<bind>
<StgValue><ssdm name="empty_8"/></StgValue>
</bind>
</comp>

<comp id="68" class="1004" name="c_fu_68">
<pin_list>
<pin id="69" dir="0" index="0" bw="1" slack="0"/>
<pin id="70" dir="1" index="1" bw="8" slack="0"/>
</pin_list>
<bind>
<opcode="alloca(26) " fcode="alloca"/>
<opset="c/1 "/>
</bind>
</comp>

<comp id="72" class="1004" name="r_fu_72">
<pin_list>
<pin id="73" dir="0" index="0" bw="1" slack="0"/>
<pin id="74" dir="1" index="1" bw="7" slack="0"/>
</pin_list>
<bind>
<opcode="alloca(26) " fcode="alloca"/>
<opset="r/1 "/>
</bind>
</comp>

<comp id="76" class="1004" name="indvar_flatten27_fu_76">
<pin_list>
<pin id="77" dir="0" index="0" bw="1" slack="0"/>
<pin id="78" dir="1" index="1" bw="14" slack="0"/>
</pin_list>
<bind>
<opcode="alloca(26) " fcode="alloca"/>
<opset="indvar_flatten27/1 "/>
</bind>
</comp>

<comp id="80" class="1004" name="sext_ln69_read_read_fu_80">
<pin_list>
<pin id="81" dir="0" index="0" bw="63" slack="0"/>
<pin id="82" dir="0" index="1" bw="63" slack="0"/>
<pin id="83" dir="1" index="2" bw="63" slack="0"/>
</pin_list>
<bind>
<opcode="read(1150) " fcode="read"/>
<opset="sext_ln69_read/1 "/>
</bind>
</comp>

<comp id="86" class="1004" name="write_ln71_write_fu_86">
<pin_list>
<pin id="87" dir="0" index="0" bw="0" slack="0"/>
<pin id="88" dir="0" index="1" bw="16" slack="3"/>
<pin id="89" dir="0" index="2" bw="16" slack="1"/>
<pin id="90" dir="0" index="3" bw="1" slack="0"/>
<pin id="91" dir="1" index="4" bw="0" slack="2147483647"/>
</pin_list>
<bind>
<opcode="write(1151) " fcode="write"/>
<opset="write_ln71/4 "/>
</bind>
</comp>

<comp id="94" class="1004" name="write_ln71_write_fu_94">
<pin_list>
<pin id="95" dir="0" index="0" bw="0" slack="0"/>
<pin id="96" dir="0" index="1" bw="16" slack="4"/>
<pin id="97" dir="0" index="2" bw="16" slack="2"/>
<pin id="98" dir="0" index="3" bw="1" slack="0"/>
<pin id="99" dir="1" index="4" bw="0" slack="2147483647"/>
</pin_list>
<bind>
<opcode="write(1151) " fcode="write"/>
<opset="write_ln71/5 "/>
</bind>
</comp>

<comp id="102" class="1004" name="Matrix_C_BRAM_V_addr_gep_fu_102">
<pin_list>
<pin id="103" dir="0" index="0" bw="16" slack="0"/>
<pin id="104" dir="0" index="1" bw="1" slack="0"/>
<pin id="105" dir="0" index="2" bw="15" slack="0"/>
<pin id="106" dir="1" index="3" bw="15" slack="0"/>
</pin_list>
<bind>
<opcode="getelementptr(29) " fcode="getelementptr"/>
<opset="Matrix_C_BRAM_V_addr/2 "/>
</bind>
</comp>

<comp id="109" class="1004" name="grp_access_fu_109">
<pin_list>
<pin id="110" dir="0" index="0" bw="15" slack="0"/>
<pin id="111" dir="0" index="1" bw="16" slack="2147483647"/>
<pin id="112" dir="0" index="2" bw="0" slack="0"/>
<pin id="114" dir="0" index="4" bw="15" slack="2147483647"/>
<pin id="115" dir="0" index="5" bw="16" slack="2147483647"/>
<pin id="116" dir="0" index="6" bw="0" slack="2147483647"/>
<pin id="113" dir="1" index="3" bw="16" slack="2"/>
<pin id="117" dir="1" index="7" bw="16" slack="1"/>
</pin_list>
<bind>
<opcode="load(27) " fcode="load"/>
<opset="Matrix_C_BRAM_V_load/2 Matrix_C_BRAM_V_load_1/2 "/>
</bind>
</comp>

<comp id="119" class="1004" name="Matrix_C_BRAM_V_addr_1_gep_fu_119">
<pin_list>
<pin id="120" dir="0" index="0" bw="16" slack="0"/>
<pin id="121" dir="0" index="1" bw="1" slack="0"/>
<pin id="122" dir="0" index="2" bw="15" slack="0"/>
<pin id="123" dir="1" index="3" bw="15" slack="0"/>
</pin_list>
<bind>
<opcode="getelementptr(29) " fcode="getelementptr"/>
<opset="Matrix_C_BRAM_V_addr_1/2 "/>
</bind>
</comp>

<comp id="127" class="1004" name="sext_ln69_cast_fu_127">
<pin_list>
<pin id="128" dir="0" index="0" bw="63" slack="0"/>
<pin id="129" dir="1" index="1" bw="64" slack="0"/>
</pin_list>
<bind>
<opcode="sext(35) " fcode="sext"/>
<opset="sext_ln69_cast/1 "/>
</bind>
</comp>

<comp id="131" class="1004" name="store_ln0_store_fu_131">
<pin_list>
<pin id="132" dir="0" index="0" bw="1" slack="0"/>
<pin id="133" dir="0" index="1" bw="14" slack="0"/>
<pin id="134" dir="1" index="2" bw="0" slack="2147483647"/>
</pin_list>
<bind>
<opcode="store(28) " fcode="store"/>
<opset="store_ln0/1 "/>
</bind>
</comp>

<comp id="136" class="1004" name="store_ln0_store_fu_136">
<pin_list>
<pin id="137" dir="0" index="0" bw="1" slack="0"/>
<pin id="138" dir="0" index="1" bw="7" slack="0"/>
<pin id="139" dir="1" index="2" bw="0" slack="2147483647"/>
</pin_list>
<bind>
<opcode="store(28) " fcode="store"/>
<opset="store_ln0/1 "/>
</bind>
</comp>

<comp id="141" class="1004" name="store_ln0_store_fu_141">
<pin_list>
<pin id="142" dir="0" index="0" bw="1" slack="0"/>
<pin id="143" dir="0" index="1" bw="8" slack="0"/>
<pin id="144" dir="1" index="2" bw="0" slack="2147483647"/>
</pin_list>
<bind>
<opcode="store(28) " fcode="store"/>
<opset="store_ln0/1 "/>
</bind>
</comp>

<comp id="146" class="1004" name="indvar_flatten27_load_load_fu_146">
<pin_list>
<pin id="147" dir="0" index="0" bw="14" slack="0"/>
<pin id="148" dir="1" index="1" bw="14" slack="0"/>
</pin_list>
<bind>
<opcode="load(27) " fcode="load"/>
<opset="indvar_flatten27_load/1 "/>
</bind>
</comp>

<comp id="149" class="1004" name="mem1_addr_fu_149">
<pin_list>
<pin id="150" dir="0" index="0" bw="64" slack="0"/>
<pin id="151" dir="0" index="1" bw="64" slack="0"/>
<pin id="152" dir="1" index="2" bw="64" slack="3"/>
</pin_list>
<bind>
<opcode="getelementptr(29) " fcode="getelementptr"/>
<opset="mem1_addr/1 "/>
</bind>
</comp>

<comp id="155" class="1004" name="icmp_ln69_fu_155">
<pin_list>
<pin id="156" dir="0" index="0" bw="14" slack="0"/>
<pin id="157" dir="0" index="1" bw="14" slack="0"/>
<pin id="158" dir="1" index="2" bw="1" slack="1"/>
</pin_list>
<bind>
<opcode="icmp(45) " fcode="icmp"/>
<opset="icmp_ln69/1 "/>
</bind>
</comp>

<comp id="161" class="1004" name="add_ln69_1_fu_161">
<pin_list>
<pin id="162" dir="0" index="0" bw="14" slack="0"/>
<pin id="163" dir="0" index="1" bw="1" slack="0"/>
<pin id="164" dir="1" index="2" bw="14" slack="0"/>
</pin_list>
<bind>
<opcode="add(8) " fcode="add"/>
<opset="add_ln69_1/1 "/>
</bind>
</comp>

<comp id="167" class="1004" name="c_load_load_fu_167">
<pin_list>
<pin id="168" dir="0" index="0" bw="8" slack="0"/>
<pin id="169" dir="1" index="1" bw="8" slack="0"/>
</pin_list>
<bind>
<opcode="load(27) " fcode="load"/>
<opset="c_load/1 "/>
</bind>
</comp>

<comp id="170" class="1004" name="r_load_load_fu_170">
<pin_list>
<pin id="171" dir="0" index="0" bw="7" slack="0"/>
<pin id="172" dir="1" index="1" bw="7" slack="0"/>
</pin_list>
<bind>
<opcode="load(27) " fcode="load"/>
<opset="r_load/1 "/>
</bind>
</comp>

<comp id="173" class="1004" name="add_ln69_fu_173">
<pin_list>
<pin id="174" dir="0" index="0" bw="7" slack="0"/>
<pin id="175" dir="0" index="1" bw="1" slack="0"/>
<pin id="176" dir="1" index="2" bw="7" slack="0"/>
</pin_list>
<bind>
<opcode="add(8) " fcode="add"/>
<opset="add_ln69/1 "/>
</bind>
</comp>

<comp id="179" class="1004" name="icmp_ln71_fu_179">
<pin_list>
<pin id="180" dir="0" index="0" bw="8" slack="0"/>
<pin id="181" dir="0" index="1" bw="8" slack="0"/>
<pin id="182" dir="1" index="2" bw="1" slack="0"/>
</pin_list>
<bind>
<opcode="icmp(45) " fcode="icmp"/>
<opset="icmp_ln71/1 "/>
</bind>
</comp>

<comp id="185" class="1004" name="select_ln69_fu_185">
<pin_list>
<pin id="186" dir="0" index="0" bw="1" slack="0"/>
<pin id="187" dir="0" index="1" bw="8" slack="0"/>
<pin id="188" dir="0" index="2" bw="8" slack="0"/>
<pin id="189" dir="1" index="3" bw="8" slack="0"/>
</pin_list>
<bind>
<opcode="select(49) " fcode="select"/>
<opset="select_ln69/1 "/>
</bind>
</comp>

<comp id="193" class="1004" name="select_ln69_1_fu_193">
<pin_list>
<pin id="194" dir="0" index="0" bw="1" slack="0"/>
<pin id="195" dir="0" index="1" bw="7" slack="0"/>
<pin id="196" dir="0" index="2" bw="7" slack="0"/>
<pin id="197" dir="1" index="3" bw="7" slack="0"/>
</pin_list>
<bind>
<opcode="select(49) " fcode="select"/>
<opset="select_ln69_1/1 "/>
</bind>
</comp>

<comp id="201" class="1004" name="zext_ln75_fu_201">
<pin_list>
<pin id="202" dir="0" index="0" bw="7" slack="0"/>
<pin id="203" dir="1" index="1" bw="15" slack="0"/>
</pin_list>
<bind>
<opcode="zext(34) " fcode="zext"/>
<opset="zext_ln75/1 "/>
</bind>
</comp>

<comp id="205" class="1004" name="mul_ln75_fu_205">
<pin_list>
<pin id="206" dir="0" index="0" bw="7" slack="0"/>
<pin id="207" dir="0" index="1" bw="9" slack="0"/>
<pin id="208" dir="1" index="2" bw="15" slack="1"/>
</pin_list>
<bind>
<opcode="mul(12) " fcode="mul"/>
<opset="mul_ln75/1 "/>
</bind>
</comp>

<comp id="211" class="1004" name="add_ln71_fu_211">
<pin_list>
<pin id="212" dir="0" index="0" bw="8" slack="0"/>
<pin id="213" dir="0" index="1" bw="3" slack="0"/>
<pin id="214" dir="1" index="2" bw="8" slack="0"/>
</pin_list>
<bind>
<opcode="add(8) " fcode="add"/>
<opset="add_ln71/1 "/>
</bind>
</comp>

<comp id="217" class="1004" name="store_ln71_store_fu_217">
<pin_list>
<pin id="218" dir="0" index="0" bw="14" slack="0"/>
<pin id="219" dir="0" index="1" bw="14" slack="0"/>
<pin id="220" dir="1" index="2" bw="0" slack="2147483647"/>
</pin_list>
<bind>
<opcode="store(28) " fcode="store"/>
<opset="store_ln71/1 "/>
</bind>
</comp>

<comp id="222" class="1004" name="store_ln71_store_fu_222">
<pin_list>
<pin id="223" dir="0" index="0" bw="7" slack="0"/>
<pin id="224" dir="0" index="1" bw="7" slack="0"/>
<pin id="225" dir="1" index="2" bw="0" slack="2147483647"/>
</pin_list>
<bind>
<opcode="store(28) " fcode="store"/>
<opset="store_ln71/1 "/>
</bind>
</comp>

<comp id="227" class="1004" name="store_ln71_store_fu_227">
<pin_list>
<pin id="228" dir="0" index="0" bw="8" slack="0"/>
<pin id="229" dir="0" index="1" bw="8" slack="0"/>
<pin id="230" dir="1" index="2" bw="0" slack="2147483647"/>
</pin_list>
<bind>
<opcode="store(28) " fcode="store"/>
<opset="store_ln71/1 "/>
</bind>
</comp>

<comp id="232" class="1004" name="zext_ln75_1_fu_232">
<pin_list>
<pin id="233" dir="0" index="0" bw="8" slack="1"/>
<pin id="234" dir="1" index="1" bw="15" slack="0"/>
</pin_list>
<bind>
<opcode="zext(34) " fcode="zext"/>
<opset="zext_ln75_1/2 "/>
</bind>
</comp>

<comp id="235" class="1004" name="add_ln75_fu_235">
<pin_list>
<pin id="236" dir="0" index="0" bw="15" slack="1"/>
<pin id="237" dir="0" index="1" bw="8" slack="0"/>
<pin id="238" dir="1" index="2" bw="15" slack="0"/>
</pin_list>
<bind>
<opcode="add(8) " fcode="add"/>
<opset="add_ln75/2 "/>
</bind>
</comp>

<comp id="240" class="1004" name="zext_ln75_2_fu_240">
<pin_list>
<pin id="241" dir="0" index="0" bw="15" slack="0"/>
<pin id="242" dir="1" index="1" bw="64" slack="0"/>
</pin_list>
<bind>
<opcode="zext(34) " fcode="zext"/>
<opset="zext_ln75_2/2 "/>
</bind>
</comp>

<comp id="245" class="1004" name="or_ln71_fu_245">
<pin_list>
<pin id="246" dir="0" index="0" bw="8" slack="1"/>
<pin id="247" dir="0" index="1" bw="8" slack="0"/>
<pin id="248" dir="1" index="2" bw="8" slack="0"/>
</pin_list>
<bind>
<opcode="or(24) " fcode="or"/>
<opset="or_ln71/2 "/>
</bind>
</comp>

<comp id="250" class="1004" name="zext_ln75_3_fu_250">
<pin_list>
<pin id="251" dir="0" index="0" bw="8" slack="0"/>
<pin id="252" dir="1" index="1" bw="15" slack="0"/>
</pin_list>
<bind>
<opcode="zext(34) " fcode="zext"/>
<opset="zext_ln75_3/2 "/>
</bind>
</comp>

<comp id="254" class="1004" name="add_ln75_1_fu_254">
<pin_list>
<pin id="255" dir="0" index="0" bw="15" slack="1"/>
<pin id="256" dir="0" index="1" bw="8" slack="0"/>
<pin id="257" dir="1" index="2" bw="15" slack="0"/>
</pin_list>
<bind>
<opcode="add(8) " fcode="add"/>
<opset="add_ln75_1/2 "/>
</bind>
</comp>

<comp id="259" class="1004" name="zext_ln75_4_fu_259">
<pin_list>
<pin id="260" dir="0" index="0" bw="15" slack="0"/>
<pin id="261" dir="1" index="1" bw="64" slack="0"/>
</pin_list>
<bind>
<opcode="zext(34) " fcode="zext"/>
<opset="zext_ln75_4/2 "/>
</bind>
</comp>

<comp id="264" class="1005" name="c_reg_264">
<pin_list>
<pin id="265" dir="0" index="0" bw="8" slack="0"/>
<pin id="266" dir="1" index="1" bw="8" slack="0"/>
</pin_list>
<bind>
<opset="c "/>
</bind>
</comp>

<comp id="271" class="1005" name="r_reg_271">
<pin_list>
<pin id="272" dir="0" index="0" bw="7" slack="0"/>
<pin id="273" dir="1" index="1" bw="7" slack="0"/>
</pin_list>
<bind>
<opset="r "/>
</bind>
</comp>

<comp id="278" class="1005" name="indvar_flatten27_reg_278">
<pin_list>
<pin id="279" dir="0" index="0" bw="14" slack="0"/>
<pin id="280" dir="1" index="1" bw="14" slack="0"/>
</pin_list>
<bind>
<opset="indvar_flatten27 "/>
</bind>
</comp>

<comp id="285" class="1005" name="mem1_addr_reg_285">
<pin_list>
<pin id="286" dir="0" index="0" bw="16" slack="3"/>
<pin id="287" dir="1" index="1" bw="16" slack="3"/>
</pin_list>
<bind>
<opset="mem1_addr "/>
</bind>
</comp>

<comp id="291" class="1005" name="icmp_ln69_reg_291">
<pin_list>
<pin id="292" dir="0" index="0" bw="1" slack="1"/>
<pin id="293" dir="1" index="1" bw="1" slack="2147483647"/>
</pin_list>
<bind>
<opset="icmp_ln69 "/>
</bind>
</comp>

<comp id="295" class="1005" name="select_ln69_reg_295">
<pin_list>
<pin id="296" dir="0" index="0" bw="8" slack="1"/>
<pin id="297" dir="1" index="1" bw="8" slack="1"/>
</pin_list>
<bind>
<opset="select_ln69 "/>
</bind>
</comp>

<comp id="301" class="1005" name="mul_ln75_reg_301">
<pin_list>
<pin id="302" dir="0" index="0" bw="15" slack="1"/>
<pin id="303" dir="1" index="1" bw="15" slack="1"/>
</pin_list>
<bind>
<opset="mul_ln75 "/>
</bind>
</comp>

<comp id="307" class="1005" name="Matrix_C_BRAM_V_addr_reg_307">
<pin_list>
<pin id="308" dir="0" index="0" bw="15" slack="1"/>
<pin id="309" dir="1" index="1" bw="15" slack="1"/>
</pin_list>
<bind>
<opset="Matrix_C_BRAM_V_addr "/>
</bind>
</comp>

<comp id="312" class="1005" name="Matrix_C_BRAM_V_addr_1_reg_312">
<pin_list>
<pin id="313" dir="0" index="0" bw="15" slack="1"/>
<pin id="314" dir="1" index="1" bw="15" slack="1"/>
</pin_list>
<bind>
<opset="Matrix_C_BRAM_V_addr_1 "/>
</bind>
</comp>

<comp id="317" class="1005" name="Matrix_C_BRAM_V_load_reg_317">
<pin_list>
<pin id="318" dir="0" index="0" bw="16" slack="1"/>
<pin id="319" dir="1" index="1" bw="16" slack="1"/>
</pin_list>
<bind>
<opset="Matrix_C_BRAM_V_load "/>
</bind>
</comp>

<comp id="322" class="1005" name="Matrix_C_BRAM_V_load_1_reg_322">
<pin_list>
<pin id="323" dir="0" index="0" bw="16" slack="2"/>
<pin id="324" dir="1" index="1" bw="16" slack="2"/>
</pin_list>
<bind>
<opset="Matrix_C_BRAM_V_load_1 "/>
</bind>
</comp>

</comp_list>

<net_list>
<net id="71"><net_src comp="6" pin="0"/><net_sink comp="68" pin=0"/></net>

<net id="75"><net_src comp="6" pin="0"/><net_sink comp="72" pin=0"/></net>

<net id="79"><net_src comp="6" pin="0"/><net_sink comp="76" pin=0"/></net>

<net id="84"><net_src comp="8" pin="0"/><net_sink comp="80" pin=0"/></net>

<net id="85"><net_src comp="2" pin="0"/><net_sink comp="80" pin=1"/></net>

<net id="92"><net_src comp="52" pin="0"/><net_sink comp="86" pin=0"/></net>

<net id="93"><net_src comp="54" pin="0"/><net_sink comp="86" pin=3"/></net>

<net id="100"><net_src comp="52" pin="0"/><net_sink comp="94" pin=0"/></net>

<net id="101"><net_src comp="54" pin="0"/><net_sink comp="94" pin=3"/></net>

<net id="107"><net_src comp="4" pin="0"/><net_sink comp="102" pin=0"/></net>

<net id="108"><net_src comp="48" pin="0"/><net_sink comp="102" pin=1"/></net>

<net id="118"><net_src comp="102" pin="3"/><net_sink comp="109" pin=2"/></net>

<net id="124"><net_src comp="4" pin="0"/><net_sink comp="119" pin=0"/></net>

<net id="125"><net_src comp="48" pin="0"/><net_sink comp="119" pin=1"/></net>

<net id="126"><net_src comp="119" pin="3"/><net_sink comp="109" pin=0"/></net>

<net id="130"><net_src comp="80" pin="2"/><net_sink comp="127" pin=0"/></net>

<net id="135"><net_src comp="28" pin="0"/><net_sink comp="131" pin=0"/></net>

<net id="140"><net_src comp="30" pin="0"/><net_sink comp="136" pin=0"/></net>

<net id="145"><net_src comp="32" pin="0"/><net_sink comp="141" pin=0"/></net>

<net id="153"><net_src comp="0" pin="0"/><net_sink comp="149" pin=0"/></net>

<net id="154"><net_src comp="127" pin="1"/><net_sink comp="149" pin=1"/></net>

<net id="159"><net_src comp="146" pin="1"/><net_sink comp="155" pin=0"/></net>

<net id="160"><net_src comp="36" pin="0"/><net_sink comp="155" pin=1"/></net>

<net id="165"><net_src comp="146" pin="1"/><net_sink comp="161" pin=0"/></net>

<net id="166"><net_src comp="38" pin="0"/><net_sink comp="161" pin=1"/></net>

<net id="177"><net_src comp="170" pin="1"/><net_sink comp="173" pin=0"/></net>

<net id="178"><net_src comp="40" pin="0"/><net_sink comp="173" pin=1"/></net>

<net id="183"><net_src comp="167" pin="1"/><net_sink comp="179" pin=0"/></net>

<net id="184"><net_src comp="42" pin="0"/><net_sink comp="179" pin=1"/></net>

<net id="190"><net_src comp="179" pin="2"/><net_sink comp="185" pin=0"/></net>

<net id="191"><net_src comp="167" pin="1"/><net_sink comp="185" pin=1"/></net>

<net id="192"><net_src comp="32" pin="0"/><net_sink comp="185" pin=2"/></net>

<net id="198"><net_src comp="179" pin="2"/><net_sink comp="193" pin=0"/></net>

<net id="199"><net_src comp="170" pin="1"/><net_sink comp="193" pin=1"/></net>

<net id="200"><net_src comp="173" pin="2"/><net_sink comp="193" pin=2"/></net>

<net id="204"><net_src comp="193" pin="3"/><net_sink comp="201" pin=0"/></net>

<net id="209"><net_src comp="201" pin="1"/><net_sink comp="205" pin=0"/></net>

<net id="210"><net_src comp="44" pin="0"/><net_sink comp="205" pin=1"/></net>

<net id="215"><net_src comp="185" pin="3"/><net_sink comp="211" pin=0"/></net>

<net id="216"><net_src comp="46" pin="0"/><net_sink comp="211" pin=1"/></net>

<net id="221"><net_src comp="161" pin="2"/><net_sink comp="217" pin=0"/></net>

<net id="226"><net_src comp="193" pin="3"/><net_sink comp="222" pin=0"/></net>

<net id="231"><net_src comp="211" pin="2"/><net_sink comp="227" pin=0"/></net>

<net id="239"><net_src comp="232" pin="1"/><net_sink comp="235" pin=1"/></net>

<net id="243"><net_src comp="235" pin="2"/><net_sink comp="240" pin=0"/></net>

<net id="244"><net_src comp="240" pin="1"/><net_sink comp="102" pin=2"/></net>

<net id="249"><net_src comp="50" pin="0"/><net_sink comp="245" pin=1"/></net>

<net id="253"><net_src comp="245" pin="2"/><net_sink comp="250" pin=0"/></net>

<net id="258"><net_src comp="250" pin="1"/><net_sink comp="254" pin=1"/></net>

<net id="262"><net_src comp="254" pin="2"/><net_sink comp="259" pin=0"/></net>

<net id="263"><net_src comp="259" pin="1"/><net_sink comp="119" pin=2"/></net>

<net id="267"><net_src comp="68" pin="1"/><net_sink comp="264" pin=0"/></net>

<net id="268"><net_src comp="264" pin="1"/><net_sink comp="141" pin=1"/></net>

<net id="269"><net_src comp="264" pin="1"/><net_sink comp="167" pin=0"/></net>

<net id="270"><net_src comp="264" pin="1"/><net_sink comp="227" pin=1"/></net>

<net id="274"><net_src comp="72" pin="1"/><net_sink comp="271" pin=0"/></net>

<net id="275"><net_src comp="271" pin="1"/><net_sink comp="136" pin=1"/></net>

<net id="276"><net_src comp="271" pin="1"/><net_sink comp="170" pin=0"/></net>

<net id="277"><net_src comp="271" pin="1"/><net_sink comp="222" pin=1"/></net>

<net id="281"><net_src comp="76" pin="1"/><net_sink comp="278" pin=0"/></net>

<net id="282"><net_src comp="278" pin="1"/><net_sink comp="131" pin=1"/></net>

<net id="283"><net_src comp="278" pin="1"/><net_sink comp="146" pin=0"/></net>

<net id="284"><net_src comp="278" pin="1"/><net_sink comp="217" pin=1"/></net>

<net id="288"><net_src comp="149" pin="2"/><net_sink comp="285" pin=0"/></net>

<net id="289"><net_src comp="285" pin="1"/><net_sink comp="86" pin=1"/></net>

<net id="290"><net_src comp="285" pin="1"/><net_sink comp="94" pin=1"/></net>

<net id="294"><net_src comp="155" pin="2"/><net_sink comp="291" pin=0"/></net>

<net id="298"><net_src comp="185" pin="3"/><net_sink comp="295" pin=0"/></net>

<net id="299"><net_src comp="295" pin="1"/><net_sink comp="232" pin=0"/></net>

<net id="300"><net_src comp="295" pin="1"/><net_sink comp="245" pin=0"/></net>

<net id="304"><net_src comp="205" pin="2"/><net_sink comp="301" pin=0"/></net>

<net id="305"><net_src comp="301" pin="1"/><net_sink comp="235" pin=0"/></net>

<net id="306"><net_src comp="301" pin="1"/><net_sink comp="254" pin=0"/></net>

<net id="310"><net_src comp="102" pin="3"/><net_sink comp="307" pin=0"/></net>

<net id="311"><net_src comp="307" pin="1"/><net_sink comp="109" pin=2"/></net>

<net id="315"><net_src comp="119" pin="3"/><net_sink comp="312" pin=0"/></net>

<net id="316"><net_src comp="312" pin="1"/><net_sink comp="109" pin=0"/></net>

<net id="320"><net_src comp="109" pin="7"/><net_sink comp="317" pin=0"/></net>

<net id="321"><net_src comp="317" pin="1"/><net_sink comp="86" pin=2"/></net>

<net id="325"><net_src comp="109" pin="3"/><net_sink comp="322" pin=0"/></net>

<net id="326"><net_src comp="322" pin="1"/><net_sink comp="94" pin=2"/></net>

</net_list>

</model> 
---------------- Datapath Model END ------------------

* FSMD analyzer results:
  - Output states:
	Port: mem1 | {4 5 }
 - Input state : 
	Port: matmul_Pipeline_VITIS_LOOP_69_10_VITIS_LOOP_71_11 : mem1 | {}
	Port: matmul_Pipeline_VITIS_LOOP_69_10_VITIS_LOOP_71_11 : sext_ln69 | {1 }
	Port: matmul_Pipeline_VITIS_LOOP_69_10_VITIS_LOOP_71_11 : Matrix_C_BRAM_V | {2 3 }
  - Chain level:
	State 1
		store_ln0 : 1
		store_ln0 : 1
		store_ln0 : 1
		indvar_flatten27_load : 1
		mem1_addr : 1
		icmp_ln69 : 2
		add_ln69_1 : 2
		br_ln69 : 3
		c_load : 1
		r_load : 1
		add_ln69 : 2
		icmp_ln71 : 2
		select_ln69 : 3
		select_ln69_1 : 3
		zext_ln75 : 4
		mul_ln75 : 5
		add_ln71 : 4
		store_ln71 : 3
		store_ln71 : 4
		store_ln71 : 5
	State 2
		add_ln75 : 1
		zext_ln75_2 : 2
		Matrix_C_BRAM_V_addr : 3
		Matrix_C_BRAM_V_load : 4
		add_ln75_1 : 1
		zext_ln75_4 : 2
		Matrix_C_BRAM_V_addr_1 : 3
		Matrix_C_BRAM_V_load_1 : 4
	State 3
	State 4
	State 5


============================================================
+ Verbose Summary: Datapath Resource usage 
============================================================

* Functional unit list:
|----------|---------------------------|---------|---------|---------|
| Operation|      Functional Unit      |   DSP   |    FF   |   LUT   |
|----------|---------------------------|---------|---------|---------|
|          |     add_ln69_1_fu_161     |    0    |    0    |    17   |
|          |      add_ln69_fu_173      |    0    |    0    |    14   |
|    add   |      add_ln71_fu_211      |    0    |    0    |    15   |
|          |      add_ln75_fu_235      |    0    |    0    |    20   |
|          |     add_ln75_1_fu_254     |    0    |    0    |    20   |
|----------|---------------------------|---------|---------|---------|
|    mul   |      mul_ln75_fu_205      |    0    |    0    |    51   |
|----------|---------------------------|---------|---------|---------|
|   icmp   |      icmp_ln69_fu_155     |    0    |    0    |    12   |
|          |      icmp_ln71_fu_179     |    0    |    0    |    11   |
|----------|---------------------------|---------|---------|---------|
|  select  |     select_ln69_fu_185    |    0    |    0    |    8    |
|          |    select_ln69_1_fu_193   |    0    |    0    |    7    |
|----------|---------------------------|---------|---------|---------|
|   read   | sext_ln69_read_read_fu_80 |    0    |    0    |    0    |
|----------|---------------------------|---------|---------|---------|
|   write  |   write_ln71_write_fu_86  |    0    |    0    |    0    |
|          |   write_ln71_write_fu_94  |    0    |    0    |    0    |
|----------|---------------------------|---------|---------|---------|
|   sext   |   sext_ln69_cast_fu_127   |    0    |    0    |    0    |
|----------|---------------------------|---------|---------|---------|
|          |      zext_ln75_fu_201     |    0    |    0    |    0    |
|          |     zext_ln75_1_fu_232    |    0    |    0    |    0    |
|   zext   |     zext_ln75_2_fu_240    |    0    |    0    |    0    |
|          |     zext_ln75_3_fu_250    |    0    |    0    |    0    |
|          |     zext_ln75_4_fu_259    |    0    |    0    |    0    |
|----------|---------------------------|---------|---------|---------|
|    or    |       or_ln71_fu_245      |    0    |    0    |    0    |
|----------|---------------------------|---------|---------|---------|
|   Total  |                           |    0    |    0    |   175   |
|----------|---------------------------|---------|---------|---------|

Memories:
N/A

* Register list:
+------------------------------+--------+
|                              |   FF   |
+------------------------------+--------+
|Matrix_C_BRAM_V_addr_1_reg_312|   15   |
| Matrix_C_BRAM_V_addr_reg_307 |   15   |
|Matrix_C_BRAM_V_load_1_reg_322|   16   |
| Matrix_C_BRAM_V_load_reg_317 |   16   |
|           c_reg_264          |    8   |
|       icmp_ln69_reg_291      |    1   |
|   indvar_flatten27_reg_278   |   14   |
|       mem1_addr_reg_285      |   16   |
|       mul_ln75_reg_301       |   15   |
|           r_reg_271          |    7   |
|      select_ln69_reg_295     |    8   |
+------------------------------+--------+
|             Total            |   131  |
+------------------------------+--------+

* Multiplexer (MUX) list: 
|-------------------|------|------|------|--------||---------||---------|
|        Comp       |  Pin | Size |  BW  | S x BW ||  Delay  ||   LUT   |
|-------------------|------|------|------|--------||---------||---------|
| grp_access_fu_109 |  p0  |   2  |  15  |   30   ||    9    |
| grp_access_fu_109 |  p2  |   2  |   0  |    0   ||    9    |
|-------------------|------|------|------|--------||---------||---------|
|       Total       |      |      |      |   30   ||  3.176  ||    18   |
|-------------------|------|------|------|--------||---------||---------|



* Summary:
+-----------+--------+--------+--------+--------+
|           |   DSP  |  Delay |   FF   |   LUT  |
+-----------+--------+--------+--------+--------+
|  Function |    0   |    -   |    0   |   175  |
|   Memory  |    -   |    -   |    -   |    -   |
|Multiplexer|    -   |    3   |    -   |   18   |
|  Register |    -   |    -   |   131  |    -   |
+-----------+--------+--------+--------+--------+
|   Total   |    0   |    3   |   131  |   193  |
+-----------+--------+--------+--------+--------+
