

================================================================
== Vitis HLS Report for 'matmul_Pipeline_VITIS_LOOP_28_3_VITIS_LOOP_30_4'
================================================================
* Date:           Fri Oct  2 16:18:35 2026

* Version:        2022.2 (Build 3670227 on Oct 13 2022)
* Project:        vitis.prj
* Solution:       solution1 (Vivado IP Flow Target)
* Product family: zynq
* Target device:  xc7z020-clg400-1


================================================================
== Performance Estimates
================================================================
+ Timing: 
    * Summary: 
    +--------+----------+----------+------------+
    |  Clock |  Target  | Estimated| Uncertainty|
    +--------+----------+----------+------------+
    |ap_clk  |  10.00 ns|  7.300 ns|     2.70 ns|
    +--------+----------+----------+------------+

+ Latency: 
    * Summary: 
    +---------+---------+----------+----------+-------+-------+---------+
    |  Latency (cycles) |  Latency (absolute) |    Interval   | Pipeline|
    |   min   |   max   |    min   |    max   |  min  |  max  |   Type  |
    +---------+---------+----------+----------+-------+-------+---------+
    |    30004|    30004|  0.300 ms|  0.300 ms|  30004|  30004|       no|
    +---------+---------+----------+----------+-------+-------+---------+

    + Detail: 
        * Instance: 
        N/A

        * Loop: 
        +-----------------------------------+---------+---------+----------+-----------+-----------+-------+----------+
        |                                   |  Latency (cycles) | Iteration|  Initiation Interval  |  Trip |          |
        |             Loop Name             |   min   |   max   |  Latency |  achieved |   target  | Count | Pipelined|
        +-----------------------------------+---------+---------+----------+-----------+-----------+-------+----------+
        |- VITIS_LOOP_28_3_VITIS_LOOP_30_4  |    30002|    30002|         4|          1|          1|  30000|       yes|
        +-----------------------------------+---------+---------+----------+-----------+-----------+-------+----------+

============================================================
+ Verbose Summary: Synthesis Manager
============================================================
InlineROM: 1
ExposeGlobal: 0
============================================================
+ Verbose Summary: CDFG Model
============================================================
IsTopModel: 0
ResetActiveHigh: 1
IsCombinational: 0
IsDatapathOnly: 0
HasWiredReturn: 1
HasMFsm: 2
HasVarLatency: 1
IsPipeline: 0
IsRtlPipelined: 0
IsInstanceOverlapped: 0
IsDontTouch: 0
HasImplIP: 0
IsGatedGlobalClock: 0

+ Individual pipeline summary: 
  * Pipeline-0: initiation interval (II) = 1, depth = 4


============================================================
+ Verbose Summary: Schedule
============================================================
* Number of FSM states : 4
* Pipeline : 1
  Pipeline-0 : II = 1, D = 4, States = { 1 2 3 4 }
* Dataflow Pipeline: 0

* FSM state transitions: 
1 --> 2 
2 --> 3 
3 --> 4 
4 --> 

* FSM state operations: 

State 1 <SV = 0> <Delay = 6.30>
ST_1 : Operation 7 [1/1] (0.00ns)   --->   "%c = alloca i32 1"   --->   Operation 7 'alloca' 'c' <Predicate = true> <Delay = 0.00>
ST_1 : Operation 8 [1/1] (0.00ns)   --->   "%r = alloca i32 1"   --->   Operation 8 'alloca' 'r' <Predicate = true> <Delay = 0.00>
ST_1 : Operation 9 [1/1] (0.00ns)   --->   "%indvar_flatten6 = alloca i32 1"   --->   Operation 9 'alloca' 'indvar_flatten6' <Predicate = true> <Delay = 0.00>
ST_1 : Operation 10 [1/1] (0.00ns)   --->   "%sext_ln28_read = read i63 @_ssdm_op_Read.ap_auto.i63, i63 %sext_ln28"   --->   Operation 10 'read' 'sext_ln28_read' <Predicate = true> <Delay = 0.00>
ST_1 : Operation 11 [1/1] (0.00ns)   --->   "%sext_ln28_cast = sext i63 %sext_ln28_read"   --->   Operation 11 'sext' 'sext_ln28_cast' <Predicate = true> <Delay = 0.00>
ST_1 : Operation 12 [1/1] (0.00ns)   --->   "%specinterface_ln0 = specinterface void @_ssdm_op_SpecInterface, i16 %mem2, void @empty_4, i32 0, i32 0, void @empty_15, i32 64, i32 1, void @empty_12, void @empty_17, void @empty_15, i32 16, i32 16, i32 16, i32 16, void @empty_15, void @empty_15, i32 4294967295, i32 0"   --->   Operation 12 'specinterface' 'specinterface_ln0' <Predicate = true> <Delay = 0.00>
ST_1 : Operation 13 [1/1] (1.58ns)   --->   "%store_ln0 = store i15 0, i15 %indvar_flatten6"   --->   Operation 13 'store' 'store_ln0' <Predicate = true> <Delay = 1.58>
ST_1 : Operation 14 [1/1] (1.58ns)   --->   "%store_ln0 = store i8 0, i8 %r"   --->   Operation 14 'store' 'store_ln0' <Predicate = true> <Delay = 1.58>
ST_1 : Operation 15 [1/1] (1.58ns)   --->   "%store_ln0 = store i8 0, i8 %c"   --->   Operation 15 'store' 'store_ln0' <Predicate = true> <Delay = 1.58>
ST_1 : Operation 16 [1/1] (0.00ns)   --->   "%br_ln0 = br void %for.inc66"   --->   Operation 16 'br' 'br_ln0' <Predicate = true> <Delay = 0.00>
ST_1 : Operation 17 [1/1] (0.00ns)   --->   "%indvar_flatten6_load = load i15 %indvar_flatten6" [matmul.cpp:28]   --->   Operation 17 'load' 'indvar_flatten6_load' <Predicate = true> <Delay = 0.00>
ST_1 : Operation 18 [1/1] (2.31ns)   --->   "%icmp_ln28 = icmp_eq  i15 %indvar_flatten6_load, i15 30000" [matmul.cpp:28]   --->   Operation 18 'icmp' 'icmp_ln28' <Predicate = true> <Delay = 2.31> <CoreInst = "Cmp">   --->   Core 9 'Cmp' <Latency = 0> <II = 1> <Delay = 2.31> <FuncUnit> <Opcode : 'icmp'> <InPorts = 2> <OutPorts = 1>
ST_1 : Operation 19 [1/1] (1.94ns)   --->   "%add_ln28_1 = add i15 %indvar_flatten6_load, i15 1" [matmul.cpp:28]   --->   Operation 19 'add' 'add_ln28_1' <Predicate = true> <Delay = 1.94> <CoreInst = "Adder">   --->   Core 1 'Adder' <Latency = 0> <II = 1> <Delay = 1.94> <FuncUnit> <Opcode : 'add' 'sub'> <InPorts = 2> <OutPorts = 1>
ST_1 : Operation 20 [1/1] (0.00ns)   --->   "%br_ln28 = br i1 %icmp_ln28, void %for.inc69, void %for.inc86.preheader.exitStub" [matmul.cpp:28]   --->   Operation 20 'br' 'br_ln28' <Predicate = true> <Delay = 0.00>
ST_1 : Operation 21 [1/1] (0.00ns)   --->   "%c_load = load i8 %c" [matmul.cpp:30]   --->   Operation 21 'load' 'c_load' <Predicate = (!icmp_ln28)> <Delay = 0.00>
ST_1 : Operation 22 [1/1] (0.00ns)   --->   "%r_load = load i8 %r" [matmul.cpp:28]   --->   Operation 22 'load' 'r_load' <Predicate = (!icmp_ln28)> <Delay = 0.00>
ST_1 : Operation 23 [1/1] (1.91ns)   --->   "%add_ln28 = add i8 %r_load, i8 1" [matmul.cpp:28]   --->   Operation 23 'add' 'add_ln28' <Predicate = (!icmp_ln28)> <Delay = 1.91> <CoreInst = "Adder">   --->   Core 1 'Adder' <Latency = 0> <II = 1> <Delay = 1.91> <FuncUnit> <Opcode : 'add' 'sub'> <InPorts = 2> <OutPorts = 1>
ST_1 : Operation 24 [1/1] (1.55ns)   --->   "%icmp_ln30 = icmp_eq  i8 %c_load, i8 200" [matmul.cpp:30]   --->   Operation 24 'icmp' 'icmp_ln30' <Predicate = (!icmp_ln28)> <Delay = 1.55> <CoreInst = "Cmp">   --->   Core 9 'Cmp' <Latency = 0> <II = 1> <Delay = 1.55> <FuncUnit> <Opcode : 'icmp'> <InPorts = 2> <OutPorts = 1>
ST_1 : Operation 25 [1/1] (1.24ns)   --->   "%select_ln28 = select i1 %icmp_ln30, i8 0, i8 %c_load" [matmul.cpp:28]   --->   Operation 25 'select' 'select_ln28' <Predicate = (!icmp_ln28)> <Delay = 1.24> <CoreInst = "Sel">   --->   Core 73 'Sel' <Latency = 0> <II = 1> <Delay = 1.24> <FuncUnit> <Opcode : 'select'> <InPorts = 3> <OutPorts = 1>
ST_1 : Operation 26 [1/1] (1.24ns)   --->   "%select_ln28_1 = select i1 %icmp_ln30, i8 %add_ln28, i8 %r_load" [matmul.cpp:28]   --->   Operation 26 'select' 'select_ln28_1' <Predicate = (!icmp_ln28)> <Delay = 1.24> <CoreInst = "Sel">   --->   Core 73 'Sel' <Latency = 0> <II = 1> <Delay = 1.24> <FuncUnit> <Opcode : 'select'> <InPorts = 3> <OutPorts = 1>
ST_1 : Operation 27 [1/1] (0.00ns)   --->   "%select_ln28_1_cast = zext i8 %select_ln28_1" [matmul.cpp:28]   --->   Operation 27 'zext' 'select_ln28_1_cast' <Predicate = (!icmp_ln28)> <Delay = 0.00>
ST_1 : Operation 28 [3/3] (1.05ns) (grouped into DSP with root node add_ln32)   --->   "%mul_ln32 = mul i15 %select_ln28_1_cast, i15 200" [matmul.cpp:28]   --->   Operation 28 'mul' 'mul_ln32' <Predicate = (!icmp_ln28)> <Delay = 1.05> <CoreInst = "DSP48">   --->   Core 119 'DSP48' <Latency = 3> <II = 1> <Delay = 2.15> <IPBlock> <Opcode : 'mul' 'add' 'sub' 'select'> <InPorts = 0> <OutPorts = 1> <Sync> <CReg>
ST_1 : Operation 29 [1/1] (1.91ns)   --->   "%add_ln30 = add i8 %select_ln28, i8 1" [matmul.cpp:30]   --->   Operation 29 'add' 'add_ln30' <Predicate = (!icmp_ln28)> <Delay = 1.91> <CoreInst = "Adder">   --->   Core 1 'Adder' <Latency = 0> <II = 1> <Delay = 1.91> <FuncUnit> <Opcode : 'add' 'sub'> <InPorts = 2> <OutPorts = 1>
ST_1 : Operation 30 [1/1] (1.58ns)   --->   "%store_ln30 = store i15 %add_ln28_1, i15 %indvar_flatten6" [matmul.cpp:30]   --->   Operation 30 'store' 'store_ln30' <Predicate = (!icmp_ln28)> <Delay = 1.58>
ST_1 : Operation 31 [1/1] (1.58ns)   --->   "%store_ln30 = store i8 %select_ln28_1, i8 %r" [matmul.cpp:30]   --->   Operation 31 'store' 'store_ln30' <Predicate = (!icmp_ln28)> <Delay = 1.58>
ST_1 : Operation 32 [1/1] (1.58ns)   --->   "%store_ln30 = store i8 %add_ln30, i8 %c" [matmul.cpp:30]   --->   Operation 32 'store' 'store_ln30' <Predicate = (!icmp_ln28)> <Delay = 1.58>

State 2 <SV = 1> <Delay = 1.05>
ST_2 : Operation 33 [2/3] (1.05ns) (grouped into DSP with root node add_ln32)   --->   "%mul_ln32 = mul i15 %select_ln28_1_cast, i15 200" [matmul.cpp:28]   --->   Operation 33 'mul' 'mul_ln32' <Predicate = (!icmp_ln28)> <Delay = 1.05> <CoreInst = "DSP48">   --->   Core 119 'DSP48' <Latency = 3> <II = 1> <Delay = 2.15> <IPBlock> <Opcode : 'mul' 'add' 'sub' 'select'> <InPorts = 0> <OutPorts = 1> <Sync> <CReg>

State 3 <SV = 2> <Delay = 7.30>
ST_3 : Operation 34 [1/1] (0.00ns)   --->   "%specbitsmap_ln0 = specbitsmap void @_ssdm_op_SpecBitsMap, i16 %mem2"   --->   Operation 34 'specbitsmap' 'specbitsmap_ln0' <Predicate = true> <Delay = 0.00>
ST_3 : Operation 35 [1/1] (0.00ns)   --->   "%mem2_addr = getelementptr i16 %mem2, i64 %sext_ln28_cast" [matmul.cpp:28]   --->   Operation 35 'getelementptr' 'mem2_addr' <Predicate = true> <Delay = 0.00>
ST_3 : Operation 36 [1/1] (0.00ns)   --->   "%specpipeline_ln0 = specpipeline void @_ssdm_op_SpecPipeline, i32 4294967295, i32 0, i32 1, i32 0, void @p_str"   --->   Operation 36 'specpipeline' 'specpipeline_ln0' <Predicate = true> <Delay = 0.00>
ST_3 : Operation 37 [1/3] (0.00ns) (grouped into DSP with root node add_ln32)   --->   "%mul_ln32 = mul i15 %select_ln28_1_cast, i15 200" [matmul.cpp:28]   --->   Operation 37 'mul' 'mul_ln32' <Predicate = (!icmp_ln28)> <Delay = 0.00> <CoreInst = "DSP48">   --->   Core 119 'DSP48' <Latency = 3> <II = 1> <Delay = 2.15> <IPBlock> <Opcode : 'mul' 'add' 'sub' 'select'> <InPorts = 0> <OutPorts = 1> <Sync> <CReg>
ST_3 : Operation 38 [1/1] (0.00ns)   --->   "%zext_ln32 = zext i8 %select_ln28" [matmul.cpp:32]   --->   Operation 38 'zext' 'zext_ln32' <Predicate = (!icmp_ln28)> <Delay = 0.00>
ST_3 : Operation 39 [2/2] (2.10ns) (root node of the DSP)   --->   "%add_ln32 = add i15 %mul_ln32, i15 %zext_ln32" [matmul.cpp:32]   --->   Operation 39 'add' 'add_ln32' <Predicate = (!icmp_ln28)> <Delay = 2.10> <CoreInst = "DSP48">   --->   Core 119 'DSP48' <Latency = 3> <II = 1> <Delay = 2.15> <IPBlock> <Opcode : 'mul' 'add' 'sub' 'select'> <InPorts = 0> <OutPorts = 1> <Sync> <CReg>
ST_3 : Operation 40 [1/1] (7.30ns)   --->   "%mem2_addr_read = read i16 @_ssdm_op_Read.m_axi.p1i16, i16 %mem2_addr" [matmul.cpp:32]   --->   Operation 40 'read' 'mem2_addr_read' <Predicate = (!icmp_ln28)> <Delay = 7.30> <CoreInst = "m_axi">   --->   Core 113 'm_axi' <Latency = 0> <II = 1> <Delay = 1.00> <Adapter> <Opcode : 'read' 'write' 'readreq' 'writereq' 'writeresp'>
ST_3 : Operation 50 [1/1] (0.00ns)   --->   "%ret_ln0 = ret"   --->   Operation 50 'ret' 'ret_ln0' <Predicate = (icmp_ln28)> <Delay = 0.00>

State 4 <SV = 3> <Delay = 5.35>
ST_4 : Operation 41 [1/1] (0.00ns)   --->   "%specloopname_ln0 = specloopname void @_ssdm_op_SpecLoopName, void @VITIS_LOOP_28_3_VITIS_LOOP_30_4_str"   --->   Operation 41 'specloopname' 'specloopname_ln0' <Predicate = true> <Delay = 0.00>
ST_4 : Operation 42 [1/1] (0.00ns)   --->   "%empty = speclooptripcount i32 @_ssdm_op_SpecLoopTripCount, i64 30000, i64 30000, i64 30000"   --->   Operation 42 'speclooptripcount' 'empty' <Predicate = true> <Delay = 0.00>
ST_4 : Operation 43 [1/1] (0.00ns)   --->   "%specpipeline_ln0 = specpipeline void @_ssdm_op_SpecPipeline, i32 4294967295, i32 0, i32 1, i32 0, void @p_str"   --->   Operation 43 'specpipeline' 'specpipeline_ln0' <Predicate = true> <Delay = 0.00>
ST_4 : Operation 44 [1/2] (2.10ns) (root node of the DSP)   --->   "%add_ln32 = add i15 %mul_ln32, i15 %zext_ln32" [matmul.cpp:32]   --->   Operation 44 'add' 'add_ln32' <Predicate = true> <Delay = 2.10> <CoreInst = "DSP48">   --->   Core 119 'DSP48' <Latency = 3> <II = 1> <Delay = 2.15> <IPBlock> <Opcode : 'mul' 'add' 'sub' 'select'> <InPorts = 0> <OutPorts = 1> <Sync> <CReg>
ST_4 : Operation 45 [1/1] (0.00ns)   --->   "%zext_ln32_1 = zext i15 %add_ln32" [matmul.cpp:32]   --->   Operation 45 'zext' 'zext_ln32_1' <Predicate = true> <Delay = 0.00>
ST_4 : Operation 46 [1/1] (0.00ns)   --->   "%Matrix_B_BRAM_V_addr = getelementptr i16 %Matrix_B_BRAM_V, i64 0, i64 %zext_ln32_1" [matmul.cpp:32]   --->   Operation 46 'getelementptr' 'Matrix_B_BRAM_V_addr' <Predicate = true> <Delay = 0.00>
ST_4 : Operation 47 [1/1] (0.00ns)   --->   "%specloopname_ln30 = specloopname void @_ssdm_op_SpecLoopName, void @empty_13" [matmul.cpp:30]   --->   Operation 47 'specloopname' 'specloopname_ln30' <Predicate = true> <Delay = 0.00>
ST_4 : Operation 48 [1/1] (3.25ns)   --->   "%store_ln32 = store i16 %mem2_addr_read, i15 %Matrix_B_BRAM_V_addr" [matmul.cpp:32]   --->   Operation 48 'store' 'store_ln32' <Predicate = true> <Delay = 3.25> <CoreInst = "RAM">   --->   Core 82 'RAM' <Latency = 1> <II = 1> <Delay = 3.25> <Storage> <Opcode : 'load' 'store'> <Ports = 2> <Width = 16> <Depth = 30000> <RAM>
ST_4 : Operation 49 [1/1] (0.00ns)   --->   "%br_ln30 = br void %for.inc66" [matmul.cpp:30]   --->   Operation 49 'br' 'br_ln30' <Predicate = true> <Delay = 0.00>


============================================================
+ Verbose Summary: Binding
============================================================
STG Binding: 
---------------- STG Properties BEGIN ----------------
- Is combinational: 0
- Is one-state seq: 0
- Is datapath-only: 0
- Is pipelined: 0
- Is top level: 0
Port [ Return ] is wired: 1; IO mode=ap_ctrl_hs:ce=0
Port [ mem2]:  wired=1; compound=1; hidden=0; nouse=0; global=0; static=0; extern=0; dir=0; type=4; pingpong=0; private_global=0; IO mode=m_axi:ce=0
Port [ sext_ln28]:  wired=1; compound=0; hidden=0; nouse=0; global=0; static=0; extern=0; dir=0; type=0; pingpong=0; private_global=0; IO mode=ap_none:ce=0
Port [ Matrix_B_BRAM_V]:  wired=1; compound=1; hidden=0; nouse=0; global=0; static=0; extern=0; dir=1; type=1; pingpong=0; private_global=0; MemPort=[03]; IO mode=ap_memory:ce=0
---------------- STG Properties END ------------------

---------------- Datapath Model BEGIN ----------------

<LifeTime>
<method=bitvector/>
c                    (alloca           ) [ 01000]
r                    (alloca           ) [ 01000]
indvar_flatten6      (alloca           ) [ 01000]
sext_ln28_read       (read             ) [ 00000]
sext_ln28_cast       (sext             ) [ 01110]
specinterface_ln0    (specinterface    ) [ 00000]
store_ln0            (store            ) [ 00000]
store_ln0            (store            ) [ 00000]
store_ln0            (store            ) [ 00000]
br_ln0               (br               ) [ 00000]
indvar_flatten6_load (load             ) [ 00000]
icmp_ln28            (icmp             ) [ 01110]
add_ln28_1           (add              ) [ 00000]
br_ln28              (br               ) [ 00000]
c_load               (load             ) [ 00000]
r_load               (load             ) [ 00000]
add_ln28             (add              ) [ 00000]
icmp_ln30            (icmp             ) [ 00000]
select_ln28          (select           ) [ 01110]
select_ln28_1        (select           ) [ 00000]
select_ln28_1_cast   (zext             ) [ 01110]
add_ln30             (add              ) [ 00000]
store_ln30           (store            ) [ 00000]
store_ln30           (store            ) [ 00000]
store_ln30           (store            ) [ 00000]
specbitsmap_ln0      (specbitsmap      ) [ 00000]
mem2_addr            (getelementptr    ) [ 00000]
specpipeline_ln0     (specpipeline     ) [ 00000]
mul_ln32             (mul              ) [ 01001]
zext_ln32            (zext             ) [ 01001]
mem2_addr_read       (read             ) [ 01001]
specloopname_ln0     (specloopname     ) [ 00000]
empty                (speclooptripcount) [ 00000]
specpipeline_ln0     (specpipeline     ) [ 00000]
add_ln32             (add              ) [ 00000]
zext_ln32_1          (zext             ) [ 00000]
Matrix_B_BRAM_V_addr (getelementptr    ) [ 00000]
specloopname_ln30    (specloopname     ) [ 00000]
store_ln32           (store            ) [ 00000]
br_ln30              (br               ) [ 00000]
ret_ln0              (ret              ) [ 00000]
</LifeTime>

<model>

<comp_list>
<comp id="0" class="1000" name="mem2">
<pin_list>
<pin id="1" dir="1" index="0" bw="1" slack="0"/>
</pin_list>
<bind>
<StgValue><ssdm name="mem2"/></StgValue>
</bind>
</comp>

<comp id="2" class="1000" name="sext_ln28">
<pin_list>
<pin id="3" dir="1" index="0" bw="1" slack="0"/>
</pin_list>
<bind>
<StgValue><ssdm name="sext_ln28"/></StgValue>
</bind>
</comp>

<comp id="4" class="1000" name="Matrix_B_BRAM_V">
<pin_list>
<pin id="5" dir="1" index="0" bw="1" slack="0"/>
</pin_list>
<bind>
<StgValue><ssdm name="Matrix_B_BRAM_V"/><MemPortTyVec>0 3 </MemPortTyVec>
</StgValue>
</bind>
</comp>

<comp id="6" class="1001" name="const_6">
<pin_list>
<pin id="7" dir="1" index="0" bw="1" slack="0"/>
</pin_list>
<bind>
<StgValue><ssdm name=""/></StgValue>
</bind>
</comp>

<comp id="8" class="1001" name="const_8">
<pin_list>
<pin id="9" dir="1" index="0" bw="1" slack="0"/>
</pin_list>
<bind>
<StgValue><ssdm name="_ssdm_op_Read.ap_auto.i63"/></StgValue>
</bind>
</comp>

<comp id="10" class="1001" name="const_10">
<pin_list>
<pin id="11" dir="1" index="0" bw="1" slack="2147483647"/>
</pin_list>
<bind>
<StgValue><ssdm name="_ssdm_op_SpecInterface"/></StgValue>
</bind>
</comp>

<comp id="12" class="1001" name="const_12">
<pin_list>
<pin id="13" dir="1" index="0" bw="1" slack="2147483647"/>
</pin_list>
<bind>
<StgValue><ssdm name="empty_4"/></StgValue>
</bind>
</comp>

<comp id="14" class="1001" name="const_14">
<pin_list>
<pin id="15" dir="1" index="0" bw="1" slack="2147483647"/>
</pin_list>
<bind>
<StgValue><ssdm name=""/></StgValue>
</bind>
</comp>

<comp id="16" class="1001" name="const_16">
<pin_list>
<pin id="17" dir="1" index="0" bw="1" slack="2147483647"/>
</pin_list>
<bind>
<StgValue><ssdm name="empty_15"/></StgValue>
</bind>
</comp>

<comp id="18" class="1001" name="const_18">
<pin_list>
<pin id="19" dir="1" index="0" bw="1" slack="2147483647"/>
</pin_list>
<bind>
<StgValue><ssdm name=""/></StgValue>
</bind>
</comp>

<comp id="20" class="1001" name="const_20">
<pin_list>
<pin id="21" dir="1" index="0" bw="1" slack="2147483647"/>
</pin_list>
<bind>
<StgValue><ssdm name="empty_12"/></StgValue>
</bind>
</comp>

<comp id="22" class="1001" name="const_22">
<pin_list>
<pin id="23" dir="1" index="0" bw="1" slack="2147483647"/>
</pin_list>
<bind>
<StgValue><ssdm name="empty_17"/></StgValue>
</bind>
</comp>

<comp id="24" class="1001" name="const_24">
<pin_list>
<pin id="25" dir="1" index="0" bw="1" slack="2147483647"/>
</pin_list>
<bind>
<StgValue><ssdm name=""/></StgValue>
</bind>
</comp>

<comp id="26" class="1001" name="const_26">
<pin_list>
<pin id="27" dir="1" index="0" bw="1" slack="2147483647"/>
</pin_list>
<bind>
<StgValue><ssdm name=""/></StgValue>
</bind>
</comp>

<comp id="28" class="1001" name="const_28">
<pin_list>
<pin id="29" dir="1" index="0" bw="1" slack="0"/>
</pin_list>
<bind>
<StgValue><ssdm name=""/></StgValue>
</bind>
</comp>

<comp id="30" class="1001" name="const_30">
<pin_list>
<pin id="31" dir="1" index="0" bw="1" slack="0"/>
</pin_list>
<bind>
<StgValue><ssdm name=""/></StgValue>
</bind>
</comp>

<comp id="32" class="1001" name="const_32">
<pin_list>
<pin id="33" dir="1" index="0" bw="1" slack="0"/>
</pin_list>
<bind>
<StgValue><ssdm name=""/></StgValue>
</bind>
</comp>

<comp id="34" class="1001" name="const_34">
<pin_list>
<pin id="35" dir="1" index="0" bw="1" slack="0"/>
</pin_list>
<bind>
<StgValue><ssdm name=""/></StgValue>
</bind>
</comp>

<comp id="36" class="1001" name="const_36">
<pin_list>
<pin id="37" dir="1" index="0" bw="1" slack="0"/>
</pin_list>
<bind>
<StgValue><ssdm name=""/></StgValue>
</bind>
</comp>

<comp id="38" class="1001" name="const_38">
<pin_list>
<pin id="39" dir="1" index="0" bw="1" slack="0"/>
</pin_list>
<bind>
<StgValue><ssdm name=""/></StgValue>
</bind>
</comp>

<comp id="40" class="1001" name="const_40">
<pin_list>
<pin id="41" dir="1" index="0" bw="1" slack="0"/>
</pin_list>
<bind>
<StgValue><ssdm name=""/></StgValue>
</bind>
</comp>

<comp id="42" class="1001" name="const_42">
<pin_list>
<pin id="43" dir="1" index="0" bw="1" slack="2147483647"/>
</pin_list>
<bind>
<StgValue><ssdm name="_ssdm_op_SpecBitsMap"/></StgValue>
</bind>
</comp>

<comp id="44" class="1001" name="const_44">
<pin_list>
<pin id="45" dir="1" index="0" bw="1" slack="2147483647"/>
</pin_list>
<bind>
<StgValue><ssdm name="_ssdm_op_SpecPipeline"/></StgValue>
</bind>
</comp>

<comp id="46" class="1001" name="const_46">
<pin_list>
<pin id="47" dir="1" index="0" bw="1" slack="2147483647"/>
</pin_list>
<bind>
<StgValue><ssdm name="p_str"/></StgValue>
</bind>
</comp>

<comp id="48" class="1001" name="const_48">
<pin_list>
<pin id="49" dir="1" index="0" bw="1" slack="0"/>
</pin_list>
<bind>
<StgValue><ssdm name="_ssdm_op_Read.m_axi.p1i16"/></StgValue>
</bind>
</comp>

<comp id="50" class="1001" name="const_50">
<pin_list>
<pin id="51" dir="1" index="0" bw="1" slack="2147483647"/>
</pin_list>
<bind>
<StgValue><ssdm name="_ssdm_op_SpecLoopName"/></StgValue>
</bind>
</comp>

<comp id="52" class="1001" name="const_52">
<pin_list>
<pin id="53" dir="1" index="0" bw="1" slack="2147483647"/>
</pin_list>
<bind>
<StgValue><ssdm name="VITIS_LOOP_28_3_VITIS_LOOP_30_4_str"/></StgValue>
</bind>
</comp>

<comp id="54" class="1001" name="const_54">
<pin_list>
<pin id="55" dir="1" index="0" bw="1" slack="2147483647"/>
</pin_list>
<bind>
<StgValue><ssdm name="_ssdm_op_SpecLoopTripCount"/></StgValue>
</bind>
</comp>

<comp id="56" class="1001" name="const_56">
<pin_list>
<pin id="57" dir="1" index="0" bw="1" slack="2147483647"/>
</pin_list>
<bind>
<StgValue><ssdm name=""/></StgValue>
</bind>
</comp>

<comp id="58" class="1001" name="const_58">
<pin_list>
<pin id="59" dir="1" index="0" bw="1" slack="0"/>
</pin_list>
<bind>
<StgValue><ssdm name=""/></StgValue>
</bind>
</comp>

<comp id="60" class="1001" name="const_60">
<pin_list>
<pin id="61" dir="1" index="0" bw="1" slack="2147483647"/>
</pin_list>
<bind>
<StgValue><ssdm name="empty_13"/></StgValue>
</bind>
</comp>

<comp id="62" class="1004" name="c_fu_62">
<pin_list>
<pin id="63" dir="0" index="0" bw="1" slack="0"/>
<pin id="64" dir="1" index="1" bw="8" slack="0"/>
</pin_list>
<bind>
<opcode="alloca(26) " fcode="alloca"/>
<opset="c/1 "/>
</bind>
</comp>

<comp id="66" class="1004" name="r_fu_66">
<pin_list>
<pin id="67" dir="0" index="0" bw="1" slack="0"/>
<pin id="68" dir="1" index="1" bw="8" slack="0"/>
</pin_list>
<bind>
<opcode="alloca(26) " fcode="alloca"/>
<opset="r/1 "/>
</bind>
</comp>

<comp id="70" class="1004" name="indvar_flatten6_fu_70">
<pin_list>
<pin id="71" dir="0" index="0" bw="1" slack="0"/>
<pin id="72" dir="1" index="1" bw="15" slack="0"/>
</pin_list>
<bind>
<opcode="alloca(26) " fcode="alloca"/>
<opset="indvar_flatten6/1 "/>
</bind>
</comp>

<comp id="74" class="1004" name="sext_ln28_read_read_fu_74">
<pin_list>
<pin id="75" dir="0" index="0" bw="63" slack="0"/>
<pin id="76" dir="0" index="1" bw="63" slack="0"/>
<pin id="77" dir="1" index="2" bw="63" slack="0"/>
</pin_list>
<bind>
<opcode="read(1150) " fcode="read"/>
<opset="sext_ln28_read/1 "/>
</bind>
</comp>

<comp id="80" class="1004" name="mem2_addr_read_read_fu_80">
<pin_list>
<pin id="81" dir="0" index="0" bw="16" slack="0"/>
<pin id="82" dir="0" index="1" bw="16" slack="0"/>
<pin id="83" dir="1" index="2" bw="16" slack="1"/>
</pin_list>
<bind>
<opcode="read(1150) " fcode="read"/>
<opset="mem2_addr_read/3 "/>
</bind>
</comp>

<comp id="85" class="1004" name="Matrix_B_BRAM_V_addr_gep_fu_85">
<pin_list>
<pin id="86" dir="0" index="0" bw="16" slack="0"/>
<pin id="87" dir="0" index="1" bw="1" slack="0"/>
<pin id="88" dir="0" index="2" bw="15" slack="0"/>
<pin id="89" dir="1" index="3" bw="15" slack="0"/>
</pin_list>
<bind>
<opcode="getelementptr(29) " fcode="getelementptr"/>
<opset="Matrix_B_BRAM_V_addr/4 "/>
</bind>
</comp>

<comp id="92" class="1004" name="store_ln32_access_fu_92">
<pin_list>
<pin id="93" dir="0" index="0" bw="15" slack="0"/>
<pin id="94" dir="0" index="1" bw="16" slack="1"/>
<pin id="95" dir="0" index="2" bw="0" slack="2147483647"/>
<pin id="96" dir="1" index="3" bw="16" slack="2147483647"/>
</pin_list>
<bind>
<opcode="store(28) " fcode="store"/>
<opset="store_ln32/4 "/>
</bind>
</comp>

<comp id="98" class="1004" name="sext_ln28_cast_fu_98">
<pin_list>
<pin id="99" dir="0" index="0" bw="63" slack="0"/>
<pin id="100" dir="1" index="1" bw="64" slack="2"/>
</pin_list>
<bind>
<opcode="sext(35) " fcode="sext"/>
<opset="sext_ln28_cast/1 "/>
</bind>
</comp>

<comp id="102" class="1004" name="store_ln0_store_fu_102">
<pin_list>
<pin id="103" dir="0" index="0" bw="1" slack="0"/>
<pin id="104" dir="0" index="1" bw="15" slack="0"/>
<pin id="105" dir="1" index="2" bw="0" slack="2147483647"/>
</pin_list>
<bind>
<opcode="store(28) " fcode="store"/>
<opset="store_ln0/1 "/>
</bind>
</comp>

<comp id="107" class="1004" name="store_ln0_store_fu_107">
<pin_list>
<pin id="108" dir="0" index="0" bw="1" slack="0"/>
<pin id="109" dir="0" index="1" bw="8" slack="0"/>
<pin id="110" dir="1" index="2" bw="0" slack="2147483647"/>
</pin_list>
<bind>
<opcode="store(28) " fcode="store"/>
<opset="store_ln0/1 "/>
</bind>
</comp>

<comp id="112" class="1004" name="store_ln0_store_fu_112">
<pin_list>
<pin id="113" dir="0" index="0" bw="1" slack="0"/>
<pin id="114" dir="0" index="1" bw="8" slack="0"/>
<pin id="115" dir="1" index="2" bw="0" slack="2147483647"/>
</pin_list>
<bind>
<opcode="store(28) " fcode="store"/>
<opset="store_ln0/1 "/>
</bind>
</comp>

<comp id="117" class="1004" name="indvar_flatten6_load_load_fu_117">
<pin_list>
<pin id="118" dir="0" index="0" bw="15" slack="0"/>
<pin id="119" dir="1" index="1" bw="15" slack="0"/>
</pin_list>
<bind>
<opcode="load(27) " fcode="load"/>
<opset="indvar_flatten6_load/1 "/>
</bind>
</comp>

<comp id="120" class="1004" name="icmp_ln28_fu_120">
<pin_list>
<pin id="121" dir="0" index="0" bw="15" slack="0"/>
<pin id="122" dir="0" index="1" bw="13" slack="0"/>
<pin id="123" dir="1" index="2" bw="1" slack="1"/>
</pin_list>
<bind>
<opcode="icmp(45) " fcode="icmp"/>
<opset="icmp_ln28/1 "/>
</bind>
</comp>

<comp id="126" class="1004" name="add_ln28_1_fu_126">
<pin_list>
<pin id="127" dir="0" index="0" bw="15" slack="0"/>
<pin id="128" dir="0" index="1" bw="1" slack="0"/>
<pin id="129" dir="1" index="2" bw="15" slack="0"/>
</pin_list>
<bind>
<opcode="add(8) " fcode="add"/>
<opset="add_ln28_1/1 "/>
</bind>
</comp>

<comp id="132" class="1004" name="c_load_load_fu_132">
<pin_list>
<pin id="133" dir="0" index="0" bw="8" slack="0"/>
<pin id="134" dir="1" index="1" bw="8" slack="0"/>
</pin_list>
<bind>
<opcode="load(27) " fcode="load"/>
<opset="c_load/1 "/>
</bind>
</comp>

<comp id="135" class="1004" name="r_load_load_fu_135">
<pin_list>
<pin id="136" dir="0" index="0" bw="8" slack="0"/>
<pin id="137" dir="1" index="1" bw="8" slack="0"/>
</pin_list>
<bind>
<opcode="load(27) " fcode="load"/>
<opset="r_load/1 "/>
</bind>
</comp>

<comp id="138" class="1004" name="add_ln28_fu_138">
<pin_list>
<pin id="139" dir="0" index="0" bw="8" slack="0"/>
<pin id="140" dir="0" index="1" bw="1" slack="0"/>
<pin id="141" dir="1" index="2" bw="8" slack="0"/>
</pin_list>
<bind>
<opcode="add(8) " fcode="add"/>
<opset="add_ln28/1 "/>
</bind>
</comp>

<comp id="144" class="1004" name="icmp_ln30_fu_144">
<pin_list>
<pin id="145" dir="0" index="0" bw="8" slack="0"/>
<pin id="146" dir="0" index="1" bw="7" slack="0"/>
<pin id="147" dir="1" index="2" bw="1" slack="0"/>
</pin_list>
<bind>
<opcode="icmp(45) " fcode="icmp"/>
<opset="icmp_ln30/1 "/>
</bind>
</comp>

<comp id="150" class="1004" name="select_ln28_fu_150">
<pin_list>
<pin id="151" dir="0" index="0" bw="1" slack="0"/>
<pin id="152" dir="0" index="1" bw="1" slack="0"/>
<pin id="153" dir="0" index="2" bw="8" slack="0"/>
<pin id="154" dir="1" index="3" bw="8" slack="0"/>
</pin_list>
<bind>
<opcode="select(49) " fcode="select"/>
<opset="select_ln28/1 "/>
</bind>
</comp>

<comp id="158" class="1004" name="select_ln28_1_fu_158">
<pin_list>
<pin id="159" dir="0" index="0" bw="1" slack="0"/>
<pin id="160" dir="0" index="1" bw="8" slack="0"/>
<pin id="161" dir="0" index="2" bw="8" slack="0"/>
<pin id="162" dir="1" index="3" bw="8" slack="0"/>
</pin_list>
<bind>
<opcode="select(49) " fcode="select"/>
<opset="select_ln28_1/1 "/>
</bind>
</comp>

<comp id="166" class="1004" name="select_ln28_1_cast_fu_166">
<pin_list>
<pin id="167" dir="0" index="0" bw="8" slack="0"/>
<pin id="168" dir="1" index="1" bw="15" slack="0"/>
</pin_list>
<bind>
<opcode="zext(34) " fcode="zext"/>
<opset="select_ln28_1_cast/1 "/>
</bind>
</comp>

<comp id="170" class="1004" name="add_ln30_fu_170">
<pin_list>
<pin id="171" dir="0" index="0" bw="8" slack="0"/>
<pin id="172" dir="0" index="1" bw="1" slack="0"/>
<pin id="173" dir="1" index="2" bw="8" slack="0"/>
</pin_list>
<bind>
<opcode="add(8) " fcode="add"/>
<opset="add_ln30/1 "/>
</bind>
</comp>

<comp id="176" class="1004" name="store_ln30_store_fu_176">
<pin_list>
<pin id="177" dir="0" index="0" bw="15" slack="0"/>
<pin id="178" dir="0" index="1" bw="15" slack="0"/>
<pin id="179" dir="1" index="2" bw="0" slack="2147483647"/>
</pin_list>
<bind>
<opcode="store(28) " fcode="store"/>
<opset="store_ln30/1 "/>
</bind>
</comp>

<comp id="181" class="1004" name="store_ln30_store_fu_181">
<pin_list>
<pin id="182" dir="0" index="0" bw="8" slack="0"/>
<pin id="183" dir="0" index="1" bw="8" slack="0"/>
<pin id="184" dir="1" index="2" bw="0" slack="2147483647"/>
</pin_list>
<bind>
<opcode="store(28) " fcode="store"/>
<opset="store_ln30/1 "/>
</bind>
</comp>

<comp id="186" class="1004" name="store_ln30_store_fu_186">
<pin_list>
<pin id="187" dir="0" index="0" bw="8" slack="0"/>
<pin id="188" dir="0" index="1" bw="8" slack="0"/>
<pin id="189" dir="1" index="2" bw="0" slack="2147483647"/>
</pin_list>
<bind>
<opcode="store(28) " fcode="store"/>
<opset="store_ln30/1 "/>
</bind>
</comp>

<comp id="191" class="1004" name="mem2_addr_fu_191">
<pin_list>
<pin id="192" dir="0" index="0" bw="16" slack="0"/>
<pin id="193" dir="0" index="1" bw="63" slack="2"/>
<pin id="194" dir="1" index="2" bw="16" slack="0"/>
</pin_list>
<bind>
<opcode="getelementptr(29) " fcode="getelementptr"/>
<opset="mem2_addr/3 "/>
</bind>
</comp>

<comp id="197" class="1004" name="zext_ln32_fu_197">
<pin_list>
<pin id="198" dir="0" index="0" bw="8" slack="2"/>
<pin id="199" dir="1" index="1" bw="15" slack="0"/>
</pin_list>
<bind>
<opcode="zext(34) " fcode="zext"/>
<opset="zext_ln32/3 "/>
</bind>
</comp>

<comp id="200" class="1004" name="zext_ln32_1_fu_200">
<pin_list>
<pin id="201" dir="0" index="0" bw="15" slack="0"/>
<pin id="202" dir="1" index="1" bw="64" slack="0"/>
</pin_list>
<bind>
<opcode="zext(34) " fcode="zext"/>
<opset="zext_ln32_1/4 "/>
</bind>
</comp>

<comp id="204" class="1007" name="grp_fu_204">
<pin_list>
<pin id="205" dir="0" index="0" bw="8" slack="0"/>
<pin id="206" dir="0" index="1" bw="8" slack="0"/>
<pin id="207" dir="0" index="2" bw="8" slack="0"/>
<pin id="208" dir="1" index="3" bw="15" slack="0"/>
</pin_list>
<bind>
<opcode="muladd(1172) " fcode="muladd"/>
<opset="mul_ln32/1 add_ln32/3 "/>
</bind>
</comp>

<comp id="213" class="1005" name="c_reg_213">
<pin_list>
<pin id="214" dir="0" index="0" bw="8" slack="0"/>
<pin id="215" dir="1" index="1" bw="8" slack="0"/>
</pin_list>
<bind>
<opset="c "/>
</bind>
</comp>

<comp id="220" class="1005" name="r_reg_220">
<pin_list>
<pin id="221" dir="0" index="0" bw="8" slack="0"/>
<pin id="222" dir="1" index="1" bw="8" slack="0"/>
</pin_list>
<bind>
<opset="r "/>
</bind>
</comp>

<comp id="227" class="1005" name="indvar_flatten6_reg_227">
<pin_list>
<pin id="228" dir="0" index="0" bw="15" slack="0"/>
<pin id="229" dir="1" index="1" bw="15" slack="0"/>
</pin_list>
<bind>
<opset="indvar_flatten6 "/>
</bind>
</comp>

<comp id="234" class="1005" name="sext_ln28_cast_reg_234">
<pin_list>
<pin id="235" dir="0" index="0" bw="64" slack="2"/>
<pin id="236" dir="1" index="1" bw="64" slack="2"/>
</pin_list>
<bind>
<opset="sext_ln28_cast "/>
</bind>
</comp>

<comp id="239" class="1005" name="icmp_ln28_reg_239">
<pin_list>
<pin id="240" dir="0" index="0" bw="1" slack="1"/>
<pin id="241" dir="1" index="1" bw="1" slack="2147483647"/>
</pin_list>
<bind>
<opset="icmp_ln28 "/>
</bind>
</comp>

<comp id="243" class="1005" name="select_ln28_reg_243">
<pin_list>
<pin id="244" dir="0" index="0" bw="8" slack="2"/>
<pin id="245" dir="1" index="1" bw="8" slack="2"/>
</pin_list>
<bind>
<opset="select_ln28 "/>
</bind>
</comp>

<comp id="248" class="1005" name="select_ln28_1_cast_reg_248">
<pin_list>
<pin id="249" dir="0" index="0" bw="15" slack="1"/>
<pin id="250" dir="1" index="1" bw="15" slack="1"/>
</pin_list>
<bind>
<opset="select_ln28_1_cast "/>
</bind>
</comp>

<comp id="253" class="1005" name="zext_ln32_reg_253">
<pin_list>
<pin id="254" dir="0" index="0" bw="15" slack="1"/>
<pin id="255" dir="1" index="1" bw="15" slack="1"/>
</pin_list>
<bind>
<opset="zext_ln32 "/>
</bind>
</comp>

<comp id="258" class="1005" name="mem2_addr_read_reg_258">
<pin_list>
<pin id="259" dir="0" index="0" bw="16" slack="1"/>
<pin id="260" dir="1" index="1" bw="16" slack="1"/>
</pin_list>
<bind>
<opset="mem2_addr_read "/>
</bind>
</comp>

</comp_list>

<net_list>
<net id="65"><net_src comp="6" pin="0"/><net_sink comp="62" pin=0"/></net>

<net id="69"><net_src comp="6" pin="0"/><net_sink comp="66" pin=0"/></net>

<net id="73"><net_src comp="6" pin="0"/><net_sink comp="70" pin=0"/></net>

<net id="78"><net_src comp="8" pin="0"/><net_sink comp="74" pin=0"/></net>

<net id="79"><net_src comp="2" pin="0"/><net_sink comp="74" pin=1"/></net>

<net id="84"><net_src comp="48" pin="0"/><net_sink comp="80" pin=0"/></net>

<net id="90"><net_src comp="4" pin="0"/><net_sink comp="85" pin=0"/></net>

<net id="91"><net_src comp="58" pin="0"/><net_sink comp="85" pin=1"/></net>

<net id="97"><net_src comp="85" pin="3"/><net_sink comp="92" pin=0"/></net>

<net id="101"><net_src comp="74" pin="2"/><net_sink comp="98" pin=0"/></net>

<net id="106"><net_src comp="28" pin="0"/><net_sink comp="102" pin=0"/></net>

<net id="111"><net_src comp="30" pin="0"/><net_sink comp="107" pin=0"/></net>

<net id="116"><net_src comp="30" pin="0"/><net_sink comp="112" pin=0"/></net>

<net id="124"><net_src comp="117" pin="1"/><net_sink comp="120" pin=0"/></net>

<net id="125"><net_src comp="32" pin="0"/><net_sink comp="120" pin=1"/></net>

<net id="130"><net_src comp="117" pin="1"/><net_sink comp="126" pin=0"/></net>

<net id="131"><net_src comp="34" pin="0"/><net_sink comp="126" pin=1"/></net>

<net id="142"><net_src comp="135" pin="1"/><net_sink comp="138" pin=0"/></net>

<net id="143"><net_src comp="36" pin="0"/><net_sink comp="138" pin=1"/></net>

<net id="148"><net_src comp="132" pin="1"/><net_sink comp="144" pin=0"/></net>

<net id="149"><net_src comp="38" pin="0"/><net_sink comp="144" pin=1"/></net>

<net id="155"><net_src comp="144" pin="2"/><net_sink comp="150" pin=0"/></net>

<net id="156"><net_src comp="30" pin="0"/><net_sink comp="150" pin=1"/></net>

<net id="157"><net_src comp="132" pin="1"/><net_sink comp="150" pin=2"/></net>

<net id="163"><net_src comp="144" pin="2"/><net_sink comp="158" pin=0"/></net>

<net id="164"><net_src comp="138" pin="2"/><net_sink comp="158" pin=1"/></net>

<net id="165"><net_src comp="135" pin="1"/><net_sink comp="158" pin=2"/></net>

<net id="169"><net_src comp="158" pin="3"/><net_sink comp="166" pin=0"/></net>

<net id="174"><net_src comp="150" pin="3"/><net_sink comp="170" pin=0"/></net>

<net id="175"><net_src comp="36" pin="0"/><net_sink comp="170" pin=1"/></net>

<net id="180"><net_src comp="126" pin="2"/><net_sink comp="176" pin=0"/></net>

<net id="185"><net_src comp="158" pin="3"/><net_sink comp="181" pin=0"/></net>

<net id="190"><net_src comp="170" pin="2"/><net_sink comp="186" pin=0"/></net>

<net id="195"><net_src comp="0" pin="0"/><net_sink comp="191" pin=0"/></net>

<net id="196"><net_src comp="191" pin="2"/><net_sink comp="80" pin=1"/></net>

<net id="203"><net_src comp="200" pin="1"/><net_sink comp="85" pin=2"/></net>

<net id="209"><net_src comp="166" pin="1"/><net_sink comp="204" pin=0"/></net>

<net id="210"><net_src comp="40" pin="0"/><net_sink comp="204" pin=1"/></net>

<net id="211"><net_src comp="197" pin="1"/><net_sink comp="204" pin=2"/></net>

<net id="212"><net_src comp="204" pin="3"/><net_sink comp="200" pin=0"/></net>

<net id="216"><net_src comp="62" pin="1"/><net_sink comp="213" pin=0"/></net>

<net id="217"><net_src comp="213" pin="1"/><net_sink comp="112" pin=1"/></net>

<net id="218"><net_src comp="213" pin="1"/><net_sink comp="132" pin=0"/></net>

<net id="219"><net_src comp="213" pin="1"/><net_sink comp="186" pin=1"/></net>

<net id="223"><net_src comp="66" pin="1"/><net_sink comp="220" pin=0"/></net>

<net id="224"><net_src comp="220" pin="1"/><net_sink comp="107" pin=1"/></net>

<net id="225"><net_src comp="220" pin="1"/><net_sink comp="135" pin=0"/></net>

<net id="226"><net_src comp="220" pin="1"/><net_sink comp="181" pin=1"/></net>

<net id="230"><net_src comp="70" pin="1"/><net_sink comp="227" pin=0"/></net>

<net id="231"><net_src comp="227" pin="1"/><net_sink comp="102" pin=1"/></net>

<net id="232"><net_src comp="227" pin="1"/><net_sink comp="117" pin=0"/></net>

<net id="233"><net_src comp="227" pin="1"/><net_sink comp="176" pin=1"/></net>

<net id="237"><net_src comp="98" pin="1"/><net_sink comp="234" pin=0"/></net>

<net id="238"><net_src comp="234" pin="1"/><net_sink comp="191" pin=1"/></net>

<net id="242"><net_src comp="120" pin="2"/><net_sink comp="239" pin=0"/></net>

<net id="246"><net_src comp="150" pin="3"/><net_sink comp="243" pin=0"/></net>

<net id="247"><net_src comp="243" pin="1"/><net_sink comp="197" pin=0"/></net>

<net id="251"><net_src comp="166" pin="1"/><net_sink comp="248" pin=0"/></net>

<net id="252"><net_src comp="248" pin="1"/><net_sink comp="204" pin=0"/></net>

<net id="256"><net_src comp="197" pin="1"/><net_sink comp="253" pin=0"/></net>

<net id="257"><net_src comp="253" pin="1"/><net_sink comp="204" pin=1"/></net>

<net id="261"><net_src comp="80" pin="2"/><net_sink comp="258" pin=0"/></net>

<net id="262"><net_src comp="258" pin="1"/><net_sink comp="92" pin=1"/></net>

</net_list>

</model> 
---------------- Datapath Model END ------------------

* FSMD analyzer results:
  - Output states:
	Port: Matrix_B_BRAM_V | {4 }
 - Input state : 
	Port: matmul_Pipeline_VITIS_LOOP_28_3_VITIS_LOOP_30_4 : mem2 | {3 }
	Port: matmul_Pipeline_VITIS_LOOP_28_3_VITIS_LOOP_30_4 : sext_ln28 | {1 }
  - Chain level:
	State 1
		store_ln0 : 1
		store_ln0 : 1
		store_ln0 : 1
		indvar_flatten6_load : 1
		icmp_ln28 : 2
		add_ln28_1 : 2
		br_ln28 : 3
		c_load : 1
		r_load : 1
		add_ln28 : 2
		icmp_ln30 : 2
		select_ln28 : 3
		select_ln28_1 : 3
		select_ln28_1_cast : 4
		mul_ln32 : 5
		add_ln30 : 4
		store_ln30 : 3
		store_ln30 : 4
		store_ln30 : 5
	State 2
	State 3
		add_ln32 : 1
		mem2_addr_read : 1
	State 4
		zext_ln32_1 : 1
		Matrix_B_BRAM_V_addr : 2
		store_ln32 : 3


============================================================
+ Verbose Summary: Datapath Resource usage 
============================================================

* Functional unit list:
|----------|---------------------------|---------|---------|---------|
| Operation|      Functional Unit      |   DSP   |    FF   |   LUT   |
|----------|---------------------------|---------|---------|---------|
|          |     add_ln28_1_fu_126     |    0    |    0    |    20   |
|    add   |      add_ln28_fu_138      |    0    |    0    |    15   |
|          |      add_ln30_fu_170      |    0    |    0    |    15   |
|----------|---------------------------|---------|---------|---------|
|   icmp   |      icmp_ln28_fu_120     |    0    |    0    |    12   |
|          |      icmp_ln30_fu_144     |    0    |    0    |    11   |
|----------|---------------------------|---------|---------|---------|
|  select  |     select_ln28_fu_150    |    0    |    0    |    8    |
|          |    select_ln28_1_fu_158   |    0    |    0    |    8    |
|----------|---------------------------|---------|---------|---------|
|  muladd  |         grp_fu_204        |    1    |    0    |    0    |
|----------|---------------------------|---------|---------|---------|
|   read   | sext_ln28_read_read_fu_74 |    0    |    0    |    0    |
|          | mem2_addr_read_read_fu_80 |    0    |    0    |    0    |
|----------|---------------------------|---------|---------|---------|
|   sext   |    sext_ln28_cast_fu_98   |    0    |    0    |    0    |
|----------|---------------------------|---------|---------|---------|
|          | select_ln28_1_cast_fu_166 |    0    |    0    |    0    |
|   zext   |      zext_ln32_fu_197     |    0    |    0    |    0    |
|          |     zext_ln32_1_fu_200    |    0    |    0    |    0    |
|----------|---------------------------|---------|---------|---------|
|   Total  |                           |    1    |    0    |    89   |
|----------|---------------------------|---------|---------|---------|

Memories:
N/A

* Register list:
+--------------------------+--------+
|                          |   FF   |
+--------------------------+--------+
|         c_reg_213        |    8   |
|     icmp_ln28_reg_239    |    1   |
|  indvar_flatten6_reg_227 |   15   |
|  mem2_addr_read_reg_258  |   16   |
|         r_reg_220        |    8   |
|select_ln28_1_cast_reg_248|   15   |
|    select_ln28_reg_243   |    8   |
|  sext_ln28_cast_reg_234  |   64   |
|     zext_ln32_reg_253    |   15   |
+--------------------------+--------+
|           Total          |   150  |
+--------------------------+--------+

* Multiplexer (MUX) list: 
|------------|------|------|------|--------||---------||---------|
|    Comp    |  Pin | Size |  BW  | S x BW ||  Delay  ||   LUT   |
|------------|------|------|------|--------||---------||---------|
| grp_fu_204 |  p0  |   2  |   8  |   16   ||    9    |
| grp_fu_204 |  p1  |   2  |   8  |   16   ||    9    |
|------------|------|------|------|--------||---------||---------|
|    Total   |      |      |      |   32   ||  3.176  ||    18   |
|------------|------|------|------|--------||---------||---------|



* Summary:
+-----------+--------+--------+--------+--------+
|           |   DSP  |  Delay |   FF   |   LUT  |
+-----------+--------+--------+--------+--------+
|  Function |    1   |    -   |    0   |   89   |
|   Memory  |    -   |    -   |    -   |    -   |
|Multiplexer|    -   |    3   |    -   |   18   |
|  Register |    -   |    -   |   150  |    -   |
+-----------+--------+--------+--------+--------+
|   Total   |    1   |    3   |   150  |   107  |
+-----------+--------+--------+--------+--------+
