

================================================================
== Vitis HLS Report for 'matmul_Pipeline_VITIS_LOOP_59_9'
================================================================
* Date:           Fri Oct  2 16:46:19 2026

* Version:        2022.2 (Build 3670227 on Oct 13 2022)
* Project:        vitis.prj
* Solution:       solution1 (Vivado IP Flow Target)
* Product family: zynq
* Target device:  xc7z020-clg400-1


================================================================
== Performance Estimates
================================================================
+ Timing: 
    * Summary: 
    +--------+----------+----------+------------+
    |  Clock |  Target  | Estimated| Uncertainty|
    +--------+----------+----------+------------+
    |ap_clk  |  10.00 ns|  5.765 ns|     2.70 ns|
    +--------+----------+----------+------------+

+ Latency: 
    * Summary: 
    +---------+---------+----------+----------+-----+-----+---------+
    |  Latency (cycles) |  Latency (absolute) |  Interval | Pipeline|
    |   min   |   max   |    min   |    max   | min | max |   Type  |
    +---------+---------+----------+----------+-----+-----+---------+
    |       84|       84|  0.840 us|  0.840 us|   84|   84|       no|
    +---------+---------+----------+----------+-----+-----+---------+

    + Detail: 
        * Instance: 
        N/A

        * Loop: 
        +-------------------+---------+---------+----------+-----------+-----------+------+----------+
        |                   |  Latency (cycles) | Iteration|  Initiation Interval  | Trip |          |
        |     Loop Name     |   min   |   max   |  Latency |  achieved |   target  | Count| Pipelined|
        +-------------------+---------+---------+----------+-----------+-----------+------+----------+
        |- VITIS_LOOP_59_9  |       82|       82|         9|          1|          1|    75|       yes|
        +-------------------+---------+---------+----------+-----------+-----------+------+----------+

============================================================
+ Verbose Summary: Synthesis Manager
============================================================
InlineROM: 1
ExposeGlobal: 0
============================================================
+ Verbose Summary: CDFG Model
============================================================
IsTopModel: 0
ResetActiveHigh: 1
IsCombinational: 0
IsDatapathOnly: 0
HasWiredReturn: 1
HasMFsm: 2
HasVarLatency: 1
IsPipeline: 0
IsRtlPipelined: 0
IsInstanceOverlapped: 0
IsDontTouch: 0
HasImplIP: 0
IsGatedGlobalClock: 0

+ Individual pipeline summary: 
  * Pipeline-0: initiation interval (II) = 1, depth = 9


============================================================
+ Verbose Summary: Schedule
============================================================
* Number of FSM states : 9
* Pipeline : 1
  Pipeline-0 : II = 1, D = 9, States = { 1 2 3 4 5 6 7 8 9 }
* Dataflow Pipeline: 0

* FSM state transitions: 
1 --> 2 
2 --> 3 
3 --> 4 
4 --> 5 
5 --> 6 
6 --> 7 
7 --> 8 
8 --> 9 
9 --> 

* FSM state operations: 

State 1 <SV = 0> <Delay = 3.50>
ST_1 : Operation 12 [1/1] (0.00ns)   --->   "%conv3_i_188 = alloca i32 1"   --->   Operation 12 'alloca' 'conv3_i_188' <Predicate = true> <Delay = 0.00>
ST_1 : Operation 13 [1/1] (0.00ns)   --->   "%dot = alloca i32 1"   --->   Operation 13 'alloca' 'dot' <Predicate = true> <Delay = 0.00>
ST_1 : Operation 14 [1/1] (0.00ns)   --->   "%zext_ln57_read = read i8 @_ssdm_op_Read.ap_auto.i8, i8 %zext_ln57"   --->   Operation 14 'read' 'zext_ln57_read' <Predicate = true> <Delay = 0.00>
ST_1 : Operation 15 [1/1] (0.00ns)   --->   "%mul_ln186_read = read i14 @_ssdm_op_Read.ap_auto.i14, i14 %mul_ln186"   --->   Operation 15 'read' 'mul_ln186_read' <Predicate = true> <Delay = 0.00>
ST_1 : Operation 16 [1/1] (0.00ns)   --->   "%Matrix_C_BRAM_V_load_read = read i16 @_ssdm_op_Read.ap_auto.i16, i16 %Matrix_C_BRAM_V_load"   --->   Operation 16 'read' 'Matrix_C_BRAM_V_load_read' <Predicate = true> <Delay = 0.00>
ST_1 : Operation 17 [1/1] (0.00ns)   --->   "%zext_ln57_cast = zext i8 %zext_ln57_read"   --->   Operation 17 'zext' 'zext_ln57_cast' <Predicate = true> <Delay = 0.00>
ST_1 : Operation 18 [1/1] (1.58ns)   --->   "%store_ln0 = store i8 0, i8 %dot"   --->   Operation 18 'store' 'store_ln0' <Predicate = true> <Delay = 1.58>
ST_1 : Operation 19 [1/1] (1.58ns)   --->   "%store_ln0 = store i16 %Matrix_C_BRAM_V_load_read, i16 %conv3_i_188"   --->   Operation 19 'store' 'store_ln0' <Predicate = true> <Delay = 1.58>
ST_1 : Operation 20 [1/1] (0.00ns)   --->   "%br_ln0 = br void %for.inc119"   --->   Operation 20 'br' 'br_ln0' <Predicate = true> <Delay = 0.00>
ST_1 : Operation 21 [1/1] (0.00ns)   --->   "%dot_1 = load i8 %dot"   --->   Operation 21 'load' 'dot_1' <Predicate = true> <Delay = 0.00>
ST_1 : Operation 22 [1/1] (1.55ns)   --->   "%icmp_ln59 = icmp_ult  i8 %dot_1, i8 150" [matmul.cpp:59]   --->   Operation 22 'icmp' 'icmp_ln59' <Predicate = true> <Delay = 1.55> <CoreInst = "Cmp">   --->   Core 9 'Cmp' <Latency = 0> <II = 1> <Delay = 1.55> <FuncUnit> <Opcode : 'icmp'> <InPorts = 2> <OutPorts = 1>
ST_1 : Operation 23 [1/1] (0.00ns)   --->   "%empty = speclooptripcount i32 @_ssdm_op_SpecLoopTripCount, i64 75, i64 75, i64 75"   --->   Operation 23 'speclooptripcount' 'empty' <Predicate = true> <Delay = 0.00>
ST_1 : Operation 24 [1/1] (0.00ns)   --->   "%br_ln59 = br i1 %icmp_ln59, void %for.inc122.exitStub, void %for.inc119.split" [matmul.cpp:59]   --->   Operation 24 'br' 'br_ln59' <Predicate = true> <Delay = 0.00>
ST_1 : Operation 25 [1/1] (0.00ns)   --->   "%or_ln59 = or i8 %dot_1, i8 1" [matmul.cpp:59]   --->   Operation 25 'or' 'or_ln59' <Predicate = (icmp_ln59)> <Delay = 0.00>
ST_1 : Operation 26 [1/1] (0.00ns)   --->   "%zext_ln186_4 = zext i8 %or_ln59"   --->   Operation 26 'zext' 'zext_ln186_4' <Predicate = (icmp_ln59)> <Delay = 0.00>
ST_1 : Operation 27 [3/3] (1.05ns) (grouped into DSP with root node add_ln186_3)   --->   "%mul_ln186_2 = mul i15 %zext_ln186_4, i15 200"   --->   Operation 27 'mul' 'mul_ln186_2' <Predicate = (icmp_ln59)> <Delay = 1.05> <CoreInst = "DSP48">   --->   Core 119 'DSP48' <Latency = 3> <II = 1> <Delay = 2.15> <IPBlock> <Opcode : 'mul' 'add' 'sub' 'select'> <InPorts = 0> <OutPorts = 1> <Sync> <CReg>
ST_1 : Operation 28 [1/1] (1.91ns)   --->   "%add_ln59 = add i8 %dot_1, i8 2" [matmul.cpp:59]   --->   Operation 28 'add' 'add_ln59' <Predicate = (icmp_ln59)> <Delay = 1.91> <CoreInst = "Adder">   --->   Core 1 'Adder' <Latency = 0> <II = 1> <Delay = 1.91> <FuncUnit> <Opcode : 'add' 'sub'> <InPorts = 2> <OutPorts = 1>
ST_1 : Operation 29 [1/1] (1.58ns)   --->   "%store_ln59 = store i8 %add_ln59, i8 %dot" [matmul.cpp:59]   --->   Operation 29 'store' 'store_ln59' <Predicate = (icmp_ln59)> <Delay = 1.58>

State 2 <SV = 1> <Delay = 1.05>
ST_2 : Operation 30 [1/1] (0.00ns)   --->   "%zext_ln186 = zext i8 %dot_1"   --->   Operation 30 'zext' 'zext_ln186' <Predicate = true> <Delay = 0.00>
ST_2 : Operation 31 [3/3] (1.05ns) (grouped into DSP with root node add_ln186_1)   --->   "%mul_ln186_1 = mul i15 %zext_ln186, i15 200"   --->   Operation 31 'mul' 'mul_ln186_1' <Predicate = true> <Delay = 1.05> <CoreInst = "DSP48">   --->   Core 119 'DSP48' <Latency = 3> <II = 1> <Delay = 2.15> <IPBlock> <Opcode : 'mul' 'add' 'sub' 'select'> <InPorts = 0> <OutPorts = 1> <Sync> <CReg>
ST_2 : Operation 32 [2/3] (1.05ns) (grouped into DSP with root node add_ln186_3)   --->   "%mul_ln186_2 = mul i15 %zext_ln186_4, i15 200"   --->   Operation 32 'mul' 'mul_ln186_2' <Predicate = true> <Delay = 1.05> <CoreInst = "DSP48">   --->   Core 119 'DSP48' <Latency = 3> <II = 1> <Delay = 2.15> <IPBlock> <Opcode : 'mul' 'add' 'sub' 'select'> <InPorts = 0> <OutPorts = 1> <Sync> <CReg>

State 3 <SV = 2> <Delay = 2.10>
ST_3 : Operation 33 [2/3] (1.05ns) (grouped into DSP with root node add_ln186_1)   --->   "%mul_ln186_1 = mul i15 %zext_ln186, i15 200"   --->   Operation 33 'mul' 'mul_ln186_1' <Predicate = true> <Delay = 1.05> <CoreInst = "DSP48">   --->   Core 119 'DSP48' <Latency = 3> <II = 1> <Delay = 2.15> <IPBlock> <Opcode : 'mul' 'add' 'sub' 'select'> <InPorts = 0> <OutPorts = 1> <Sync> <CReg>
ST_3 : Operation 34 [1/3] (0.00ns) (grouped into DSP with root node add_ln186_3)   --->   "%mul_ln186_2 = mul i15 %zext_ln186_4, i15 200"   --->   Operation 34 'mul' 'mul_ln186_2' <Predicate = true> <Delay = 0.00> <CoreInst = "DSP48">   --->   Core 119 'DSP48' <Latency = 3> <II = 1> <Delay = 2.15> <IPBlock> <Opcode : 'mul' 'add' 'sub' 'select'> <InPorts = 0> <OutPorts = 1> <Sync> <CReg>
ST_3 : Operation 35 [2/2] (2.10ns) (root node of the DSP)   --->   "%add_ln186_3 = add i15 %mul_ln186_2, i15 %zext_ln57_cast"   --->   Operation 35 'add' 'add_ln186_3' <Predicate = true> <Delay = 2.10> <CoreInst = "DSP48">   --->   Core 119 'DSP48' <Latency = 3> <II = 1> <Delay = 2.15> <IPBlock> <Opcode : 'mul' 'add' 'sub' 'select'> <InPorts = 0> <OutPorts = 1> <Sync> <CReg>

State 4 <SV = 3> <Delay = 5.35>
ST_4 : Operation 36 [1/3] (0.00ns) (grouped into DSP with root node add_ln186_1)   --->   "%mul_ln186_1 = mul i15 %zext_ln186, i15 200"   --->   Operation 36 'mul' 'mul_ln186_1' <Predicate = true> <Delay = 0.00> <CoreInst = "DSP48">   --->   Core 119 'DSP48' <Latency = 3> <II = 1> <Delay = 2.15> <IPBlock> <Opcode : 'mul' 'add' 'sub' 'select'> <InPorts = 0> <OutPorts = 1> <Sync> <CReg>
ST_4 : Operation 37 [2/2] (2.10ns) (root node of the DSP)   --->   "%add_ln186_1 = add i15 %mul_ln186_1, i15 %zext_ln57_cast"   --->   Operation 37 'add' 'add_ln186_1' <Predicate = true> <Delay = 2.10> <CoreInst = "DSP48">   --->   Core 119 'DSP48' <Latency = 3> <II = 1> <Delay = 2.15> <IPBlock> <Opcode : 'mul' 'add' 'sub' 'select'> <InPorts = 0> <OutPorts = 1> <Sync> <CReg>
ST_4 : Operation 38 [1/1] (0.00ns)   --->   "%zext_ln186_5 = zext i8 %or_ln59"   --->   Operation 38 'zext' 'zext_ln186_5' <Predicate = true> <Delay = 0.00>
ST_4 : Operation 39 [1/1] (1.81ns)   --->   "%add_ln186_2 = add i14 %mul_ln186_read, i14 %zext_ln186_5"   --->   Operation 39 'add' 'add_ln186_2' <Predicate = true> <Delay = 1.81> <CoreInst = "Adder">   --->   Core 1 'Adder' <Latency = 0> <II = 1> <Delay = 1.81> <FuncUnit> <Opcode : 'add' 'sub'> <InPorts = 2> <OutPorts = 1>
ST_4 : Operation 40 [1/1] (0.00ns)   --->   "%zext_ln186_6 = zext i14 %add_ln186_2"   --->   Operation 40 'zext' 'zext_ln186_6' <Predicate = true> <Delay = 0.00>
ST_4 : Operation 41 [1/1] (0.00ns)   --->   "%Matrix_A_BRAM_V_addr_1 = getelementptr i16 %Matrix_A_BRAM_V, i64 0, i64 %zext_ln186_6"   --->   Operation 41 'getelementptr' 'Matrix_A_BRAM_V_addr_1' <Predicate = true> <Delay = 0.00>
ST_4 : Operation 42 [1/2] (2.10ns) (root node of the DSP)   --->   "%add_ln186_3 = add i15 %mul_ln186_2, i15 %zext_ln57_cast"   --->   Operation 42 'add' 'add_ln186_3' <Predicate = true> <Delay = 2.10> <CoreInst = "DSP48">   --->   Core 119 'DSP48' <Latency = 3> <II = 1> <Delay = 2.15> <IPBlock> <Opcode : 'mul' 'add' 'sub' 'select'> <InPorts = 0> <OutPorts = 1> <Sync> <CReg>
ST_4 : Operation 43 [1/1] (0.00ns)   --->   "%zext_ln186_7 = zext i15 %add_ln186_3"   --->   Operation 43 'zext' 'zext_ln186_7' <Predicate = true> <Delay = 0.00>
ST_4 : Operation 44 [1/1] (0.00ns)   --->   "%Matrix_B_BRAM_V_addr_1 = getelementptr i16 %Matrix_B_BRAM_V, i64 0, i64 %zext_ln186_7"   --->   Operation 44 'getelementptr' 'Matrix_B_BRAM_V_addr_1' <Predicate = true> <Delay = 0.00>
ST_4 : Operation 45 [2/2] (3.25ns)   --->   "%Matrix_A_BRAM_V_load_1 = load i14 %Matrix_A_BRAM_V_addr_1"   --->   Operation 45 'load' 'Matrix_A_BRAM_V_load_1' <Predicate = true> <Delay = 3.25> <CoreInst = "RAM">   --->   Core 82 'RAM' <Latency = 1> <II = 1> <Delay = 3.25> <Storage> <Opcode : 'load' 'store'> <Ports = 2> <Width = 16> <Depth = 15000> <RAM>
ST_4 : Operation 46 [2/2] (3.25ns)   --->   "%Matrix_B_BRAM_V_load_1 = load i15 %Matrix_B_BRAM_V_addr_1"   --->   Operation 46 'load' 'Matrix_B_BRAM_V_load_1' <Predicate = true> <Delay = 3.25> <CoreInst = "RAM">   --->   Core 82 'RAM' <Latency = 1> <II = 1> <Delay = 3.25> <Storage> <Opcode : 'load' 'store'> <Ports = 2> <Width = 16> <Depth = 30000> <RAM>

State 5 <SV = 4> <Delay = 5.40>
ST_5 : Operation 47 [1/1] (0.00ns)   --->   "%zext_ln186_1 = zext i8 %dot_1"   --->   Operation 47 'zext' 'zext_ln186_1' <Predicate = true> <Delay = 0.00>
ST_5 : Operation 48 [1/1] (1.81ns)   --->   "%add_ln186 = add i14 %mul_ln186_read, i14 %zext_ln186_1"   --->   Operation 48 'add' 'add_ln186' <Predicate = true> <Delay = 1.81> <CoreInst = "Adder">   --->   Core 1 'Adder' <Latency = 0> <II = 1> <Delay = 1.81> <FuncUnit> <Opcode : 'add' 'sub'> <InPorts = 2> <OutPorts = 1>
ST_5 : Operation 49 [1/1] (0.00ns)   --->   "%zext_ln186_2 = zext i14 %add_ln186"   --->   Operation 49 'zext' 'zext_ln186_2' <Predicate = true> <Delay = 0.00>
ST_5 : Operation 50 [1/1] (0.00ns)   --->   "%Matrix_A_BRAM_V_addr = getelementptr i16 %Matrix_A_BRAM_V, i64 0, i64 %zext_ln186_2"   --->   Operation 50 'getelementptr' 'Matrix_A_BRAM_V_addr' <Predicate = true> <Delay = 0.00>
ST_5 : Operation 51 [1/2] (2.10ns) (root node of the DSP)   --->   "%add_ln186_1 = add i15 %mul_ln186_1, i15 %zext_ln57_cast"   --->   Operation 51 'add' 'add_ln186_1' <Predicate = true> <Delay = 2.10> <CoreInst = "DSP48">   --->   Core 119 'DSP48' <Latency = 3> <II = 1> <Delay = 2.15> <IPBlock> <Opcode : 'mul' 'add' 'sub' 'select'> <InPorts = 0> <OutPorts = 1> <Sync> <CReg>
ST_5 : Operation 52 [1/1] (0.00ns)   --->   "%zext_ln186_3 = zext i15 %add_ln186_1"   --->   Operation 52 'zext' 'zext_ln186_3' <Predicate = true> <Delay = 0.00>
ST_5 : Operation 53 [1/1] (0.00ns)   --->   "%Matrix_B_BRAM_V_addr = getelementptr i16 %Matrix_B_BRAM_V, i64 0, i64 %zext_ln186_3"   --->   Operation 53 'getelementptr' 'Matrix_B_BRAM_V_addr' <Predicate = true> <Delay = 0.00>
ST_5 : Operation 54 [2/2] (3.25ns)   --->   "%Matrix_A_BRAM_V_load = load i14 %Matrix_A_BRAM_V_addr"   --->   Operation 54 'load' 'Matrix_A_BRAM_V_load' <Predicate = true> <Delay = 3.25> <CoreInst = "RAM">   --->   Core 82 'RAM' <Latency = 1> <II = 1> <Delay = 3.25> <Storage> <Opcode : 'load' 'store'> <Ports = 2> <Width = 16> <Depth = 15000> <RAM>
ST_5 : Operation 55 [2/2] (3.25ns)   --->   "%Matrix_B_BRAM_V_load = load i15 %Matrix_B_BRAM_V_addr"   --->   Operation 55 'load' 'Matrix_B_BRAM_V_load' <Predicate = true> <Delay = 3.25> <CoreInst = "RAM">   --->   Core 82 'RAM' <Latency = 1> <II = 1> <Delay = 3.25> <Storage> <Opcode : 'load' 'store'> <Ports = 2> <Width = 16> <Depth = 30000> <RAM>
ST_5 : Operation 56 [1/2] (3.25ns)   --->   "%Matrix_A_BRAM_V_load_1 = load i14 %Matrix_A_BRAM_V_addr_1"   --->   Operation 56 'load' 'Matrix_A_BRAM_V_load_1' <Predicate = true> <Delay = 3.25> <CoreInst = "RAM">   --->   Core 82 'RAM' <Latency = 1> <II = 1> <Delay = 3.25> <Storage> <Opcode : 'load' 'store'> <Ports = 2> <Width = 16> <Depth = 15000> <RAM>
ST_5 : Operation 57 [1/2] (3.25ns)   --->   "%Matrix_B_BRAM_V_load_1 = load i15 %Matrix_B_BRAM_V_addr_1"   --->   Operation 57 'load' 'Matrix_B_BRAM_V_load_1' <Predicate = true> <Delay = 3.25> <CoreInst = "RAM">   --->   Core 82 'RAM' <Latency = 1> <II = 1> <Delay = 3.25> <Storage> <Opcode : 'load' 'store'> <Ports = 2> <Width = 16> <Depth = 30000> <RAM>
ST_5 : Operation 58 [4/4] (2.15ns) (root node of the DSP)   --->   "%mul_ln840_1 = mul i16 %Matrix_B_BRAM_V_load_1, i16 %Matrix_A_BRAM_V_load_1"   --->   Operation 58 'mul' 'mul_ln840_1' <Predicate = true> <Delay = 2.15> <CoreInst = "DSP48">   --->   Core 119 'DSP48' <Latency = 3> <II = 1> <Delay = 2.15> <IPBlock> <Opcode : 'mul' 'add' 'sub' 'select'> <InPorts = 0> <OutPorts = 1> <Sync> <CReg>

State 6 <SV = 5> <Delay = 4.30>
ST_6 : Operation 59 [1/2] (3.25ns)   --->   "%Matrix_A_BRAM_V_load = load i14 %Matrix_A_BRAM_V_addr"   --->   Operation 59 'load' 'Matrix_A_BRAM_V_load' <Predicate = true> <Delay = 3.25> <CoreInst = "RAM">   --->   Core 82 'RAM' <Latency = 1> <II = 1> <Delay = 3.25> <Storage> <Opcode : 'load' 'store'> <Ports = 2> <Width = 16> <Depth = 15000> <RAM>
ST_6 : Operation 60 [1/2] (3.25ns)   --->   "%Matrix_B_BRAM_V_load = load i15 %Matrix_B_BRAM_V_addr"   --->   Operation 60 'load' 'Matrix_B_BRAM_V_load' <Predicate = true> <Delay = 3.25> <CoreInst = "RAM">   --->   Core 82 'RAM' <Latency = 1> <II = 1> <Delay = 3.25> <Storage> <Opcode : 'load' 'store'> <Ports = 2> <Width = 16> <Depth = 30000> <RAM>
ST_6 : Operation 61 [3/3] (1.05ns) (grouped into DSP with root node add_ln840)   --->   "%mul_ln840 = mul i16 %Matrix_B_BRAM_V_load, i16 %Matrix_A_BRAM_V_load"   --->   Operation 61 'mul' 'mul_ln840' <Predicate = true> <Delay = 1.05> <CoreInst = "DSP48">   --->   Core 119 'DSP48' <Latency = 3> <II = 1> <Delay = 2.15> <IPBlock> <Opcode : 'mul' 'add' 'sub' 'select'> <InPorts = 0> <OutPorts = 1> <Sync> <CReg>
ST_6 : Operation 62 [3/4] (2.15ns) (root node of the DSP)   --->   "%mul_ln840_1 = mul i16 %Matrix_B_BRAM_V_load_1, i16 %Matrix_A_BRAM_V_load_1"   --->   Operation 62 'mul' 'mul_ln840_1' <Predicate = true> <Delay = 2.15> <CoreInst = "DSP48">   --->   Core 119 'DSP48' <Latency = 3> <II = 1> <Delay = 2.15> <IPBlock> <Opcode : 'mul' 'add' 'sub' 'select'> <InPorts = 0> <OutPorts = 1> <Sync> <CReg>

State 7 <SV = 6> <Delay = 2.15>
ST_7 : Operation 63 [2/3] (1.05ns) (grouped into DSP with root node add_ln840)   --->   "%mul_ln840 = mul i16 %Matrix_B_BRAM_V_load, i16 %Matrix_A_BRAM_V_load"   --->   Operation 63 'mul' 'mul_ln840' <Predicate = true> <Delay = 1.05> <CoreInst = "DSP48">   --->   Core 119 'DSP48' <Latency = 3> <II = 1> <Delay = 2.15> <IPBlock> <Opcode : 'mul' 'add' 'sub' 'select'> <InPorts = 0> <OutPorts = 1> <Sync> <CReg>
ST_7 : Operation 64 [2/4] (2.15ns) (root node of the DSP)   --->   "%mul_ln840_1 = mul i16 %Matrix_B_BRAM_V_load_1, i16 %Matrix_A_BRAM_V_load_1"   --->   Operation 64 'mul' 'mul_ln840_1' <Predicate = true> <Delay = 2.15> <CoreInst = "DSP48">   --->   Core 119 'DSP48' <Latency = 3> <II = 1> <Delay = 2.15> <IPBlock> <Opcode : 'mul' 'add' 'sub' 'select'> <InPorts = 0> <OutPorts = 1> <Sync> <CReg>

State 8 <SV = 7> <Delay = 2.10>
ST_8 : Operation 65 [1/3] (0.00ns) (grouped into DSP with root node add_ln840)   --->   "%mul_ln840 = mul i16 %Matrix_B_BRAM_V_load, i16 %Matrix_A_BRAM_V_load"   --->   Operation 65 'mul' 'mul_ln840' <Predicate = true> <Delay = 0.00> <CoreInst = "DSP48">   --->   Core 119 'DSP48' <Latency = 3> <II = 1> <Delay = 2.15> <IPBlock> <Opcode : 'mul' 'add' 'sub' 'select'> <InPorts = 0> <OutPorts = 1> <Sync> <CReg>
ST_8 : Operation 66 [1/4] (0.00ns) (root node of the DSP)   --->   "%mul_ln840_1 = mul i16 %Matrix_B_BRAM_V_load_1, i16 %Matrix_A_BRAM_V_load_1"   --->   Operation 66 'mul' 'mul_ln840_1' <Predicate = true> <Delay = 0.00> <CoreInst = "DSP48">   --->   Core 119 'DSP48' <Latency = 3> <II = 1> <Delay = 2.15> <IPBlock> <Opcode : 'mul' 'add' 'sub' 'select'> <InPorts = 0> <OutPorts = 1> <Sync> <CReg>
ST_8 : Operation 67 [2/2] (2.10ns) (root node of the DSP)   --->   "%add_ln840 = add i16 %mul_ln840_1, i16 %mul_ln840"   --->   Operation 67 'add' 'add_ln840' <Predicate = true> <Delay = 2.10> <CoreInst = "DSP48">   --->   Core 119 'DSP48' <Latency = 3> <II = 1> <Delay = 2.15> <IPBlock> <Opcode : 'mul' 'add' 'sub' 'select'> <InPorts = 0> <OutPorts = 1> <Sync> <CReg>
ST_8 : Operation 75 [1/1] (0.00ns)   --->   "%conv3_i_188_load_1 = load i16 %conv3_i_188"   --->   Operation 75 'load' 'conv3_i_188_load_1' <Predicate = (!icmp_ln59)> <Delay = 0.00>
ST_8 : Operation 76 [1/1] (0.00ns)   --->   "%write_ln0 = write void @_ssdm_op_Write.ap_auto.i16P0A, i16 %conv3_i_188_out, i16 %conv3_i_188_load_1"   --->   Operation 76 'write' 'write_ln0' <Predicate = (!icmp_ln59)> <Delay = 0.00>
ST_8 : Operation 77 [1/1] (0.00ns)   --->   "%ret_ln0 = ret"   --->   Operation 77 'ret' 'ret_ln0' <Predicate = (!icmp_ln59)> <Delay = 0.00>

State 9 <SV = 8> <Delay = 5.76>
ST_9 : Operation 68 [1/1] (0.00ns)   --->   "%conv3_i_188_load = load i16 %conv3_i_188"   --->   Operation 68 'load' 'conv3_i_188_load' <Predicate = true> <Delay = 0.00>
ST_9 : Operation 69 [1/1] (0.00ns)   --->   "%specpipeline_ln61 = specpipeline void @_ssdm_op_SpecPipeline, i32 1, i32 0, i32 0, i32 0, void @empty_2" [matmul.cpp:61]   --->   Operation 69 'specpipeline' 'specpipeline_ln61' <Predicate = true> <Delay = 0.00>
ST_9 : Operation 70 [1/1] (0.00ns)   --->   "%specloopname_ln59 = specloopname void @_ssdm_op_SpecLoopName, void @empty_9" [matmul.cpp:59]   --->   Operation 70 'specloopname' 'specloopname_ln59' <Predicate = true> <Delay = 0.00>
ST_9 : Operation 71 [1/2] (2.10ns) (root node of the DSP)   --->   "%add_ln840 = add i16 %mul_ln840_1, i16 %mul_ln840"   --->   Operation 71 'add' 'add_ln840' <Predicate = true> <Delay = 2.10> <CoreInst = "DSP48">   --->   Core 119 'DSP48' <Latency = 3> <II = 1> <Delay = 2.15> <IPBlock> <Opcode : 'mul' 'add' 'sub' 'select'> <InPorts = 0> <OutPorts = 1> <Sync> <CReg>
ST_9 : Operation 72 [1/1] (2.07ns)   --->   "%add_ln840_1 = add i16 %add_ln840, i16 %conv3_i_188_load"   --->   Operation 72 'add' 'add_ln840_1' <Predicate = true> <Delay = 2.07> <CoreInst = "Adder">   --->   Core 1 'Adder' <Latency = 0> <II = 1> <Delay = 2.07> <FuncUnit> <Opcode : 'add' 'sub'> <InPorts = 2> <OutPorts = 1>
ST_9 : Operation 73 [1/1] (1.58ns)   --->   "%store_ln59 = store i16 %add_ln840_1, i16 %conv3_i_188" [matmul.cpp:59]   --->   Operation 73 'store' 'store_ln59' <Predicate = true> <Delay = 1.58>
ST_9 : Operation 74 [1/1] (0.00ns)   --->   "%br_ln59 = br void %for.inc119" [matmul.cpp:59]   --->   Operation 74 'br' 'br_ln59' <Predicate = true> <Delay = 0.00>


============================================================
+ Verbose Summary: Timing violations
============================================================
Target clock period: 10ns, clock uncertainty: 2.7ns.

 <State 1>: 3.5ns
The critical path consists of the following:
	'alloca' operation ('dot') [8]  (0 ns)
	'load' operation ('dot') on local variable 'dot' [17]  (0 ns)
	'add' operation ('add_ln59', matmul.cpp:59) [52]  (1.92 ns)
	'store' operation ('store_ln59', matmul.cpp:59) of variable 'add_ln59', matmul.cpp:59 on local variable 'dot' [53]  (1.59 ns)

 <State 2>: 1.05ns
The critical path consists of the following:
	'mul' operation of DSP[29] ('mul_ln186_1') [28]  (1.05 ns)

 <State 3>: 2.1ns
The critical path consists of the following:
	'mul' operation of DSP[44] ('mul_ln186_2') [43]  (0 ns)
	'add' operation of DSP[44] ('add_ln186_3') [44]  (2.1 ns)

 <State 4>: 5.35ns
The critical path consists of the following:
	'add' operation of DSP[44] ('add_ln186_3') [44]  (2.1 ns)
	'getelementptr' operation ('Matrix_B_BRAM_V_addr_1') [46]  (0 ns)
	'load' operation ('Matrix_B_BRAM_V_load_1') on array 'Matrix_B_BRAM_V' [48]  (3.25 ns)

 <State 5>: 5.4ns
The critical path consists of the following:
	'load' operation ('Matrix_A_BRAM_V_load_1') on array 'Matrix_A_BRAM_V' [47]  (3.25 ns)
	'mul' operation of DSP[49] ('mul_ln840_1') [49]  (2.15 ns)

 <State 6>: 4.3ns
The critical path consists of the following:
	'load' operation ('Matrix_A_BRAM_V_load') on array 'Matrix_A_BRAM_V' [34]  (3.25 ns)
	'mul' operation of DSP[50] ('mul_ln840') [36]  (1.05 ns)

 <State 7>: 2.15ns
The critical path consists of the following:
	'mul' operation of DSP[49] ('mul_ln840_1') [49]  (2.15 ns)

 <State 8>: 2.1ns
The critical path consists of the following:
	'mul' operation of DSP[50] ('mul_ln840') [36]  (0 ns)
	'add' operation of DSP[50] ('add_ln840') [50]  (2.1 ns)

 <State 9>: 5.76ns
The critical path consists of the following:
	'add' operation of DSP[50] ('add_ln840') [50]  (2.1 ns)
	'add' operation ('add_ln840_1') [51]  (2.08 ns)
	'store' operation ('store_ln59', matmul.cpp:59) of variable 'add_ln840_1' on local variable 'conv3_i_188' [54]  (1.59 ns)


============================================================
+ Verbose Summary: Binding
============================================================
N/A
* FSMD analyzer results:
  - Output states:
 - Input state : 
  - Chain level:
	State 1
	State 2
	State 3
	State 4
	State 5
	State 6
	State 7
	State 8
	State 9


============================================================
+ Verbose Summary: Datapath Resource usage 
============================================================
N/A
