

================================================================
== Vitis HLS Report for 'matmul_Pipeline_VITIS_LOOP_19_1_VITIS_LOOP_21_2'
================================================================
* Date:           Fri Oct  2 16:46:19 2026

* Version:        2022.2 (Build 3670227 on Oct 13 2022)
* Project:        vitis.prj
* Solution:       solution1 (Vivado IP Flow Target)
* Product family: zynq
* Target device:  xc7z020-clg400-1


================================================================
== Performance Estimates
================================================================
+ Timing: 
    * Summary: 
    +--------+----------+----------+------------+
    |  Clock |  Target  | Estimated| Uncertainty|
    +--------+----------+----------+------------+
    |ap_clk  |  10.00 ns|  7.300 ns|     2.70 ns|
    +--------+----------+----------+------------+

+ Latency: 
    * Summary: 
    +---------+---------+----------+----------+-------+-------+---------+
    |  Latency (cycles) |  Latency (absolute) |    Interval   | Pipeline|
    |   min   |   max   |    min   |    max   |  min  |  max  |   Type  |
    +---------+---------+----------+----------+-------+-------+---------+
    |    15003|    15003|  0.150 ms|  0.150 ms|  15003|  15003|       no|
    +---------+---------+----------+----------+-------+-------+---------+

    + Detail: 
        * Instance: 
        N/A

        * Loop: 
        +-----------------------------------+---------+---------+----------+-----------+-----------+------+----------+
        |                                   |  Latency (cycles) | Iteration|  Initiation Interval  | Trip |          |
        |             Loop Name             |   min   |   max   |  Latency |  achieved |   target  | Count| Pipelined|
        +-----------------------------------+---------+---------+----------+-----------+-----------+------+----------+
        |- VITIS_LOOP_19_1_VITIS_LOOP_21_2  |    15001|    15001|         4|          2|          1|  7500|       yes|
        +-----------------------------------+---------+---------+----------+-----------+-----------+------+----------+

============================================================
+ Verbose Summary: Synthesis Manager
============================================================
InlineROM: 1
ExposeGlobal: 0
============================================================
+ Verbose Summary: CDFG Model
============================================================
IsTopModel: 0
ResetActiveHigh: 1
IsCombinational: 0
IsDatapathOnly: 0
HasWiredReturn: 1
HasMFsm: 2
HasVarLatency: 1
IsPipeline: 0
IsRtlPipelined: 0
IsInstanceOverlapped: 0
IsDontTouch: 0
HasImplIP: 0
IsGatedGlobalClock: 0

+ Individual pipeline summary: 
  * Pipeline-0: initiation interval (II) = 2, depth = 4


============================================================
+ Verbose Summary: Schedule
============================================================
* Number of FSM states : 4
* Pipeline : 1
  Pipeline-0 : II = 2, D = 4, States = { 1 2 3 4 }
* Dataflow Pipeline: 0

* FSM state transitions: 
1 --> 2 
2 --> 3 
3 --> 4 
4 --> 

* FSM state operations: 

State 1 <SV = 0> <Delay = 3.68>
ST_1 : Operation 7 [1/1] (0.00ns)   --->   "%c = alloca i32 1"   --->   Operation 7 'alloca' 'c' <Predicate = true> <Delay = 0.00>
ST_1 : Operation 8 [1/1] (0.00ns)   --->   "%r = alloca i32 1"   --->   Operation 8 'alloca' 'r' <Predicate = true> <Delay = 0.00>
ST_1 : Operation 9 [1/1] (0.00ns)   --->   "%indvar_flatten = alloca i32 1"   --->   Operation 9 'alloca' 'indvar_flatten' <Predicate = true> <Delay = 0.00>
ST_1 : Operation 10 [1/1] (0.00ns)   --->   "%sext_ln19_read = read i63 @_ssdm_op_Read.ap_auto.i63, i63 %sext_ln19"   --->   Operation 10 'read' 'sext_ln19_read' <Predicate = true> <Delay = 0.00>
ST_1 : Operation 11 [1/1] (0.00ns)   --->   "%sext_ln19_cast = sext i63 %sext_ln19_read"   --->   Operation 11 'sext' 'sext_ln19_cast' <Predicate = true> <Delay = 0.00>
ST_1 : Operation 12 [1/1] (0.00ns)   --->   "%specinterface_ln0 = specinterface void @_ssdm_op_SpecInterface, i16 %mem1, void @empty_1, i32 0, i32 0, void @empty_2, i32 64, i32 1, void @empty_3, void @empty_4, void @empty_2, i32 16, i32 16, i32 16, i32 16, void @empty_2, void @empty_2, i32 4294967295, i32 0"   --->   Operation 12 'specinterface' 'specinterface_ln0' <Predicate = true> <Delay = 0.00>
ST_1 : Operation 13 [1/1] (1.58ns)   --->   "%store_ln0 = store i13 0, i13 %indvar_flatten"   --->   Operation 13 'store' 'store_ln0' <Predicate = true> <Delay = 1.58>
ST_1 : Operation 14 [1/1] (1.58ns)   --->   "%store_ln0 = store i7 0, i7 %r"   --->   Operation 14 'store' 'store_ln0' <Predicate = true> <Delay = 1.58>
ST_1 : Operation 15 [1/1] (1.58ns)   --->   "%store_ln0 = store i8 0, i8 %c"   --->   Operation 15 'store' 'store_ln0' <Predicate = true> <Delay = 1.58>
ST_1 : Operation 16 [1/1] (0.00ns)   --->   "%br_ln0 = br void %for.inc"   --->   Operation 16 'br' 'br_ln0' <Predicate = true> <Delay = 0.00>
ST_1 : Operation 17 [1/1] (0.00ns)   --->   "%indvar_flatten_load = load i13 %indvar_flatten" [matmul.cpp:19]   --->   Operation 17 'load' 'indvar_flatten_load' <Predicate = true> <Delay = 0.00>
ST_1 : Operation 18 [1/1] (0.00ns)   --->   "%specbitsmap_ln0 = specbitsmap void @_ssdm_op_SpecBitsMap, i16 %mem1"   --->   Operation 18 'specbitsmap' 'specbitsmap_ln0' <Predicate = true> <Delay = 0.00>
ST_1 : Operation 19 [1/1] (0.00ns)   --->   "%mem1_addr = getelementptr i16 %mem1, i64 %sext_ln19_cast" [matmul.cpp:19]   --->   Operation 19 'getelementptr' 'mem1_addr' <Predicate = true> <Delay = 0.00>
ST_1 : Operation 20 [1/1] (2.09ns)   --->   "%icmp_ln19 = icmp_eq  i13 %indvar_flatten_load, i13 7500" [matmul.cpp:19]   --->   Operation 20 'icmp' 'icmp_ln19' <Predicate = true> <Delay = 2.09> <CoreInst = "Cmp">   --->   Core 9 'Cmp' <Latency = 0> <II = 1> <Delay = 2.09> <FuncUnit> <Opcode : 'icmp'> <InPorts = 2> <OutPorts = 1>
ST_1 : Operation 21 [1/1] (1.67ns)   --->   "%add_ln19_1 = add i13 %indvar_flatten_load, i13 1" [matmul.cpp:19]   --->   Operation 21 'add' 'add_ln19_1' <Predicate = true> <Delay = 1.67> <CoreInst = "Adder">   --->   Core 1 'Adder' <Latency = 0> <II = 1> <Delay = 1.67> <FuncUnit> <Opcode : 'add' 'sub'> <InPorts = 2> <OutPorts = 1>
ST_1 : Operation 22 [1/1] (0.00ns)   --->   "%br_ln19 = br i1 %icmp_ln19, void %for.inc45, void %VITIS_LOOP_30_3.exitStub" [matmul.cpp:19]   --->   Operation 22 'br' 'br_ln19' <Predicate = true> <Delay = 0.00>
ST_1 : Operation 23 [1/1] (1.58ns)   --->   "%store_ln21 = store i13 %add_ln19_1, i13 %indvar_flatten" [matmul.cpp:21]   --->   Operation 23 'store' 'store_ln21' <Predicate = (!icmp_ln19)> <Delay = 1.58>

State 2 <SV = 1> <Delay = 7.30>
ST_2 : Operation 24 [1/1] (0.00ns)   --->   "%c_load = load i8 %c" [matmul.cpp:21]   --->   Operation 24 'load' 'c_load' <Predicate = (!icmp_ln19)> <Delay = 0.00>
ST_2 : Operation 25 [1/1] (0.00ns)   --->   "%r_load = load i7 %r" [matmul.cpp:19]   --->   Operation 25 'load' 'r_load' <Predicate = (!icmp_ln19)> <Delay = 0.00>
ST_2 : Operation 26 [1/1] (1.87ns)   --->   "%add_ln19 = add i7 %r_load, i7 1" [matmul.cpp:19]   --->   Operation 26 'add' 'add_ln19' <Predicate = (!icmp_ln19)> <Delay = 1.87> <CoreInst = "Adder">   --->   Core 1 'Adder' <Latency = 0> <II = 1> <Delay = 1.87> <FuncUnit> <Opcode : 'add' 'sub'> <InPorts = 2> <OutPorts = 1>
ST_2 : Operation 27 [1/1] (1.55ns)   --->   "%icmp_ln21 = icmp_ult  i8 %c_load, i8 150" [matmul.cpp:21]   --->   Operation 27 'icmp' 'icmp_ln21' <Predicate = (!icmp_ln19)> <Delay = 1.55> <CoreInst = "Cmp">   --->   Core 9 'Cmp' <Latency = 0> <II = 1> <Delay = 1.55> <FuncUnit> <Opcode : 'icmp'> <InPorts = 2> <OutPorts = 1>
ST_2 : Operation 28 [1/1] (1.24ns)   --->   "%select_ln19 = select i1 %icmp_ln21, i8 %c_load, i8 0" [matmul.cpp:19]   --->   Operation 28 'select' 'select_ln19' <Predicate = (!icmp_ln19)> <Delay = 1.24> <CoreInst = "Sel">   --->   Core 73 'Sel' <Latency = 0> <II = 1> <Delay = 1.24> <FuncUnit> <Opcode : 'select'> <InPorts = 3> <OutPorts = 1>
ST_2 : Operation 29 [1/1] (0.99ns)   --->   "%select_ln19_1 = select i1 %icmp_ln21, i7 %r_load, i7 %add_ln19" [matmul.cpp:19]   --->   Operation 29 'select' 'select_ln19_1' <Predicate = (!icmp_ln19)> <Delay = 0.99> <CoreInst = "Sel">   --->   Core 73 'Sel' <Latency = 0> <II = 1> <Delay = 0.99> <FuncUnit> <Opcode : 'select'> <InPorts = 3> <OutPorts = 1>
ST_2 : Operation 30 [1/1] (0.00ns)   --->   "%zext_ln21 = zext i7 %select_ln19_1" [matmul.cpp:21]   --->   Operation 30 'zext' 'zext_ln21' <Predicate = (!icmp_ln19)> <Delay = 0.00>
ST_2 : Operation 31 [1/1] (4.35ns)   --->   "%mul_ln21 = mul i14 %zext_ln21, i14 150" [matmul.cpp:21]   --->   Operation 31 'mul' 'mul_ln21' <Predicate = (!icmp_ln19)> <Delay = 4.35> <CoreInst = "Multiplier">   --->   Core 3 'Multiplier' <Latency = 0> <II = 1> <Delay = 4.35> <FuncUnit> <Opcode : 'mul'> <InPorts = 2> <OutPorts = 1>
ST_2 : Operation 32 [1/1] (7.30ns)   --->   "%mem1_addr_read = read i16 @_ssdm_op_Read.m_axi.p1i16, i16 %mem1_addr" [matmul.cpp:25]   --->   Operation 32 'read' 'mem1_addr_read' <Predicate = (!icmp_ln19)> <Delay = 7.30> <CoreInst = "m_axi">   --->   Core 113 'm_axi' <Latency = 0> <II = 1> <Delay = 1.00> <Adapter> <Opcode : 'read' 'write' 'readreq' 'writereq' 'writeresp'>
ST_2 : Operation 33 [1/1] (1.91ns)   --->   "%add_ln21 = add i8 %select_ln19, i8 2" [matmul.cpp:21]   --->   Operation 33 'add' 'add_ln21' <Predicate = (!icmp_ln19)> <Delay = 1.91> <CoreInst = "Adder">   --->   Core 1 'Adder' <Latency = 0> <II = 1> <Delay = 1.91> <FuncUnit> <Opcode : 'add' 'sub'> <InPorts = 2> <OutPorts = 1>
ST_2 : Operation 34 [1/1] (1.58ns)   --->   "%store_ln21 = store i7 %select_ln19_1, i7 %r" [matmul.cpp:21]   --->   Operation 34 'store' 'store_ln21' <Predicate = (!icmp_ln19)> <Delay = 1.58>
ST_2 : Operation 35 [1/1] (1.58ns)   --->   "%store_ln21 = store i8 %add_ln21, i8 %c" [matmul.cpp:21]   --->   Operation 35 'store' 'store_ln21' <Predicate = (!icmp_ln19)> <Delay = 1.58>
ST_2 : Operation 53 [1/1] (0.00ns)   --->   "%ret_ln0 = ret"   --->   Operation 53 'ret' 'ret_ln0' <Predicate = (icmp_ln19)> <Delay = 0.00>

State 3 <SV = 2> <Delay = 7.30>
ST_3 : Operation 36 [1/1] (0.00ns)   --->   "%zext_ln25 = zext i8 %select_ln19" [matmul.cpp:25]   --->   Operation 36 'zext' 'zext_ln25' <Predicate = true> <Delay = 0.00>
ST_3 : Operation 37 [1/1] (1.81ns)   --->   "%add_ln25 = add i14 %mul_ln21, i14 %zext_ln25" [matmul.cpp:25]   --->   Operation 37 'add' 'add_ln25' <Predicate = true> <Delay = 1.81> <CoreInst = "Adder">   --->   Core 1 'Adder' <Latency = 0> <II = 1> <Delay = 1.81> <FuncUnit> <Opcode : 'add' 'sub'> <InPorts = 2> <OutPorts = 1>
ST_3 : Operation 38 [1/1] (0.00ns)   --->   "%zext_ln25_1 = zext i14 %add_ln25" [matmul.cpp:25]   --->   Operation 38 'zext' 'zext_ln25_1' <Predicate = true> <Delay = 0.00>
ST_3 : Operation 39 [1/1] (0.00ns)   --->   "%Matrix_A_BRAM_V_addr = getelementptr i16 %Matrix_A_BRAM_V, i64 0, i64 %zext_ln25_1" [matmul.cpp:25]   --->   Operation 39 'getelementptr' 'Matrix_A_BRAM_V_addr' <Predicate = true> <Delay = 0.00>
ST_3 : Operation 40 [1/1] (7.30ns)   --->   "%mem1_addr_read_1 = read i16 @_ssdm_op_Read.m_axi.p1i16, i16 %mem1_addr" [matmul.cpp:25]   --->   Operation 40 'read' 'mem1_addr_read_1' <Predicate = true> <Delay = 7.30> <CoreInst = "m_axi">   --->   Core 113 'm_axi' <Latency = 0> <II = 1> <Delay = 1.00> <Adapter> <Opcode : 'read' 'write' 'readreq' 'writereq' 'writeresp'>
ST_3 : Operation 41 [1/1] (3.25ns)   --->   "%store_ln25 = store i16 %mem1_addr_read, i14 %Matrix_A_BRAM_V_addr" [matmul.cpp:25]   --->   Operation 41 'store' 'store_ln25' <Predicate = true> <Delay = 3.25> <CoreInst = "RAM">   --->   Core 82 'RAM' <Latency = 1> <II = 1> <Delay = 3.25> <Storage> <Opcode : 'load' 'store'> <Ports = 2> <Width = 16> <Depth = 15000> <RAM>
ST_3 : Operation 42 [1/1] (0.00ns) (grouped into LUT with out node add_ln25_1)   --->   "%or_ln21 = or i8 %select_ln19, i8 1" [matmul.cpp:21]   --->   Operation 42 'or' 'or_ln21' <Predicate = true> <Delay = 0.00>
ST_3 : Operation 43 [1/1] (0.00ns) (grouped into LUT with out node add_ln25_1)   --->   "%zext_ln25_2 = zext i8 %or_ln21" [matmul.cpp:25]   --->   Operation 43 'zext' 'zext_ln25_2' <Predicate = true> <Delay = 0.00>
ST_3 : Operation 44 [1/1] (1.81ns) (out node of the LUT)   --->   "%add_ln25_1 = add i14 %mul_ln21, i14 %zext_ln25_2" [matmul.cpp:25]   --->   Operation 44 'add' 'add_ln25_1' <Predicate = true> <Delay = 1.81> <CoreInst = "Adder">   --->   Core 1 'Adder' <Latency = 0> <II = 1> <Delay = 1.81> <FuncUnit> <Opcode : 'add' 'sub'> <InPorts = 2> <OutPorts = 1>

State 4 <SV = 3> <Delay = 3.25>
ST_4 : Operation 45 [1/1] (0.00ns)   --->   "%specloopname_ln0 = specloopname void @_ssdm_op_SpecLoopName, void @VITIS_LOOP_19_1_VITIS_LOOP_21_2_str"   --->   Operation 45 'specloopname' 'specloopname_ln0' <Predicate = true> <Delay = 0.00>
ST_4 : Operation 46 [1/1] (0.00ns)   --->   "%empty = speclooptripcount i32 @_ssdm_op_SpecLoopTripCount, i64 7500, i64 7500, i64 7500"   --->   Operation 46 'speclooptripcount' 'empty' <Predicate = true> <Delay = 0.00>
ST_4 : Operation 47 [1/1] (0.00ns)   --->   "%specpipeline_ln23 = specpipeline void @_ssdm_op_SpecPipeline, i32 1, i32 0, i32 0, i32 0, void @empty_2" [matmul.cpp:23]   --->   Operation 47 'specpipeline' 'specpipeline_ln23' <Predicate = true> <Delay = 0.00>
ST_4 : Operation 48 [1/1] (0.00ns)   --->   "%specloopname_ln21 = specloopname void @_ssdm_op_SpecLoopName, void @empty_6" [matmul.cpp:21]   --->   Operation 48 'specloopname' 'specloopname_ln21' <Predicate = true> <Delay = 0.00>
ST_4 : Operation 49 [1/1] (0.00ns)   --->   "%zext_ln25_3 = zext i14 %add_ln25_1" [matmul.cpp:25]   --->   Operation 49 'zext' 'zext_ln25_3' <Predicate = true> <Delay = 0.00>
ST_4 : Operation 50 [1/1] (0.00ns)   --->   "%Matrix_A_BRAM_V_addr_1 = getelementptr i16 %Matrix_A_BRAM_V, i64 0, i64 %zext_ln25_3" [matmul.cpp:25]   --->   Operation 50 'getelementptr' 'Matrix_A_BRAM_V_addr_1' <Predicate = true> <Delay = 0.00>
ST_4 : Operation 51 [1/1] (3.25ns)   --->   "%store_ln25 = store i16 %mem1_addr_read_1, i14 %Matrix_A_BRAM_V_addr_1" [matmul.cpp:25]   --->   Operation 51 'store' 'store_ln25' <Predicate = true> <Delay = 3.25> <CoreInst = "RAM">   --->   Core 82 'RAM' <Latency = 1> <II = 1> <Delay = 3.25> <Storage> <Opcode : 'load' 'store'> <Ports = 2> <Width = 16> <Depth = 15000> <RAM>
ST_4 : Operation 52 [1/1] (0.00ns)   --->   "%br_ln21 = br void %for.inc" [matmul.cpp:21]   --->   Operation 52 'br' 'br_ln21' <Predicate = true> <Delay = 0.00>


============================================================
+ Verbose Summary: Binding
============================================================
STG Binding: 
---------------- STG Properties BEGIN ----------------
- Is combinational: 0
- Is one-state seq: 0
- Is datapath-only: 0
- Is pipelined: 0
- Is top level: 0
Port [ Return ] is wired: 1; IO mode=ap_ctrl_hs:ce=0
Port [ mem1]:  wired=1; compound=1; hidden=0; nouse=0; global=0; static=0; extern=0; dir=0; type=4; pingpong=0; private_global=0; IO mode=m_axi:ce=0
Port [ sext_ln19]:  wired=1; compound=0; hidden=0; nouse=0; global=0; static=0; extern=0; dir=0; type=0; pingpong=0; private_global=0; IO mode=ap_none:ce=0
Port [ Matrix_A_BRAM_V]:  wired=1; compound=1; hidden=0; nouse=0; global=0; static=0; extern=0; dir=1; type=1; pingpong=0; private_global=0; MemPort=[03]; IO mode=ap_memory:ce=0
---------------- STG Properties END ------------------

---------------- Datapath Model BEGIN ----------------

<LifeTime>
<method=bitvector/>
c                      (alloca           ) [ 01100]
r                      (alloca           ) [ 01100]
indvar_flatten         (alloca           ) [ 01000]
sext_ln19_read         (read             ) [ 00000]
sext_ln19_cast         (sext             ) [ 00000]
specinterface_ln0      (specinterface    ) [ 00000]
store_ln0              (store            ) [ 00000]
store_ln0              (store            ) [ 00000]
store_ln0              (store            ) [ 00000]
br_ln0                 (br               ) [ 00000]
indvar_flatten_load    (load             ) [ 00000]
specbitsmap_ln0        (specbitsmap      ) [ 00000]
mem1_addr              (getelementptr    ) [ 01110]
icmp_ln19              (icmp             ) [ 01100]
add_ln19_1             (add              ) [ 00000]
br_ln19                (br               ) [ 00000]
store_ln21             (store            ) [ 00000]
c_load                 (load             ) [ 00000]
r_load                 (load             ) [ 00000]
add_ln19               (add              ) [ 00000]
icmp_ln21              (icmp             ) [ 00000]
select_ln19            (select           ) [ 01010]
select_ln19_1          (select           ) [ 00000]
zext_ln21              (zext             ) [ 00000]
mul_ln21               (mul              ) [ 01010]
mem1_addr_read         (read             ) [ 01010]
add_ln21               (add              ) [ 00000]
store_ln21             (store            ) [ 00000]
store_ln21             (store            ) [ 00000]
zext_ln25              (zext             ) [ 00000]
add_ln25               (add              ) [ 00000]
zext_ln25_1            (zext             ) [ 00000]
Matrix_A_BRAM_V_addr   (getelementptr    ) [ 00000]
mem1_addr_read_1       (read             ) [ 00101]
store_ln25             (store            ) [ 00000]
or_ln21                (or               ) [ 00000]
zext_ln25_2            (zext             ) [ 00000]
add_ln25_1             (add              ) [ 00101]
specloopname_ln0       (specloopname     ) [ 00000]
empty                  (speclooptripcount) [ 00000]
specpipeline_ln23      (specpipeline     ) [ 00000]
specloopname_ln21      (specloopname     ) [ 00000]
zext_ln25_3            (zext             ) [ 00000]
Matrix_A_BRAM_V_addr_1 (getelementptr    ) [ 00000]
store_ln25             (store            ) [ 00000]
br_ln21                (br               ) [ 00000]
ret_ln0                (ret              ) [ 00000]
</LifeTime>

<model>

<comp_list>
<comp id="0" class="1000" name="mem1">
<pin_list>
<pin id="1" dir="1" index="0" bw="1" slack="0"/>
</pin_list>
<bind>
<StgValue><ssdm name="mem1"/></StgValue>
</bind>
</comp>

<comp id="2" class="1000" name="sext_ln19">
<pin_list>
<pin id="3" dir="1" index="0" bw="1" slack="0"/>
</pin_list>
<bind>
<StgValue><ssdm name="sext_ln19"/></StgValue>
</bind>
</comp>

<comp id="4" class="1000" name="Matrix_A_BRAM_V">
<pin_list>
<pin id="5" dir="1" index="0" bw="1" slack="0"/>
</pin_list>
<bind>
<StgValue><ssdm name="Matrix_A_BRAM_V"/><MemPortTyVec>0 3 </MemPortTyVec>
</StgValue>
</bind>
</comp>

<comp id="6" class="1001" name="const_6">
<pin_list>
<pin id="7" dir="1" index="0" bw="1" slack="0"/>
</pin_list>
<bind>
<StgValue><ssdm name=""/></StgValue>
</bind>
</comp>

<comp id="8" class="1001" name="const_8">
<pin_list>
<pin id="9" dir="1" index="0" bw="1" slack="0"/>
</pin_list>
<bind>
<StgValue><ssdm name="_ssdm_op_Read.ap_auto.i63"/></StgValue>
</bind>
</comp>

<comp id="10" class="1001" name="const_10">
<pin_list>
<pin id="11" dir="1" index="0" bw="1" slack="2147483647"/>
</pin_list>
<bind>
<StgValue><ssdm name="_ssdm_op_SpecInterface"/></StgValue>
</bind>
</comp>

<comp id="12" class="1001" name="const_12">
<pin_list>
<pin id="13" dir="1" index="0" bw="1" slack="2147483647"/>
</pin_list>
<bind>
<StgValue><ssdm name="empty_1"/></StgValue>
</bind>
</comp>

<comp id="14" class="1001" name="const_14">
<pin_list>
<pin id="15" dir="1" index="0" bw="1" slack="2147483647"/>
</pin_list>
<bind>
<StgValue><ssdm name=""/></StgValue>
</bind>
</comp>

<comp id="16" class="1001" name="const_16">
<pin_list>
<pin id="17" dir="1" index="0" bw="1" slack="2147483647"/>
</pin_list>
<bind>
<StgValue><ssdm name="empty_2"/></StgValue>
</bind>
</comp>

<comp id="18" class="1001" name="const_18">
<pin_list>
<pin id="19" dir="1" index="0" bw="1" slack="2147483647"/>
</pin_list>
<bind>
<StgValue><ssdm name=""/></StgValue>
</bind>
</comp>

<comp id="20" class="1001" name="const_20">
<pin_list>
<pin id="21" dir="1" index="0" bw="1" slack="2147483647"/>
</pin_list>
<bind>
<StgValue><ssdm name="empty_3"/></StgValue>
</bind>
</comp>

<comp id="22" class="1001" name="const_22">
<pin_list>
<pin id="23" dir="1" index="0" bw="1" slack="2147483647"/>
</pin_list>
<bind>
<StgValue><ssdm name="empty_4"/></StgValue>
</bind>
</comp>

<comp id="24" class="1001" name="const_24">
<pin_list>
<pin id="25" dir="1" index="0" bw="1" slack="2147483647"/>
</pin_list>
<bind>
<StgValue><ssdm name=""/></StgValue>
</bind>
</comp>

<comp id="26" class="1001" name="const_26">
<pin_list>
<pin id="27" dir="1" index="0" bw="1" slack="2147483647"/>
</pin_list>
<bind>
<StgValue><ssdm name=""/></StgValue>
</bind>
</comp>

<comp id="28" class="1001" name="const_28">
<pin_list>
<pin id="29" dir="1" index="0" bw="1" slack="0"/>
</pin_list>
<bind>
<StgValue><ssdm name=""/></StgValue>
</bind>
</comp>

<comp id="30" class="1001" name="const_30">
<pin_list>
<pin id="31" dir="1" index="0" bw="1" slack="0"/>
</pin_list>
<bind>
<StgValue><ssdm name=""/></StgValue>
</bind>
</comp>

<comp id="32" class="1001" name="const_32">
<pin_list>
<pin id="33" dir="1" index="0" bw="1" slack="0"/>
</pin_list>
<bind>
<StgValue><ssdm name=""/></StgValue>
</bind>
</comp>

<comp id="34" class="1001" name="const_34">
<pin_list>
<pin id="35" dir="1" index="0" bw="1" slack="2147483647"/>
</pin_list>
<bind>
<StgValue><ssdm name="_ssdm_op_SpecBitsMap"/></StgValue>
</bind>
</comp>

<comp id="36" class="1001" name="const_36">
<pin_list>
<pin id="37" dir="1" index="0" bw="1" slack="0"/>
</pin_list>
<bind>
<StgValue><ssdm name=""/></StgValue>
</bind>
</comp>

<comp id="38" class="1001" name="const_38">
<pin_list>
<pin id="39" dir="1" index="0" bw="1" slack="0"/>
</pin_list>
<bind>
<StgValue><ssdm name=""/></StgValue>
</bind>
</comp>

<comp id="40" class="1001" name="const_40">
<pin_list>
<pin id="41" dir="1" index="0" bw="1" slack="0"/>
</pin_list>
<bind>
<StgValue><ssdm name=""/></StgValue>
</bind>
</comp>

<comp id="42" class="1001" name="const_42">
<pin_list>
<pin id="43" dir="1" index="0" bw="1" slack="0"/>
</pin_list>
<bind>
<StgValue><ssdm name=""/></StgValue>
</bind>
</comp>

<comp id="44" class="1001" name="const_44">
<pin_list>
<pin id="45" dir="1" index="0" bw="1" slack="0"/>
</pin_list>
<bind>
<StgValue><ssdm name=""/></StgValue>
</bind>
</comp>

<comp id="46" class="1001" name="const_46">
<pin_list>
<pin id="47" dir="1" index="0" bw="1" slack="0"/>
</pin_list>
<bind>
<StgValue><ssdm name="_ssdm_op_Read.m_axi.p1i16"/></StgValue>
</bind>
</comp>

<comp id="48" class="1001" name="const_48">
<pin_list>
<pin id="49" dir="1" index="0" bw="1" slack="0"/>
</pin_list>
<bind>
<StgValue><ssdm name=""/></StgValue>
</bind>
</comp>

<comp id="50" class="1001" name="const_50">
<pin_list>
<pin id="51" dir="1" index="0" bw="1" slack="0"/>
</pin_list>
<bind>
<StgValue><ssdm name=""/></StgValue>
</bind>
</comp>

<comp id="52" class="1001" name="const_52">
<pin_list>
<pin id="53" dir="1" index="0" bw="1" slack="0"/>
</pin_list>
<bind>
<StgValue><ssdm name=""/></StgValue>
</bind>
</comp>

<comp id="54" class="1001" name="const_54">
<pin_list>
<pin id="55" dir="1" index="0" bw="1" slack="2147483647"/>
</pin_list>
<bind>
<StgValue><ssdm name="_ssdm_op_SpecLoopName"/></StgValue>
</bind>
</comp>

<comp id="56" class="1001" name="const_56">
<pin_list>
<pin id="57" dir="1" index="0" bw="1" slack="2147483647"/>
</pin_list>
<bind>
<StgValue><ssdm name="VITIS_LOOP_19_1_VITIS_LOOP_21_2_str"/></StgValue>
</bind>
</comp>

<comp id="58" class="1001" name="const_58">
<pin_list>
<pin id="59" dir="1" index="0" bw="1" slack="2147483647"/>
</pin_list>
<bind>
<StgValue><ssdm name="_ssdm_op_SpecLoopTripCount"/></StgValue>
</bind>
</comp>

<comp id="60" class="1001" name="const_60">
<pin_list>
<pin id="61" dir="1" index="0" bw="1" slack="2147483647"/>
</pin_list>
<bind>
<StgValue><ssdm name=""/></StgValue>
</bind>
</comp>

<comp id="62" class="1001" name="const_62">
<pin_list>
<pin id="63" dir="1" index="0" bw="1" slack="2147483647"/>
</pin_list>
<bind>
<StgValue><ssdm name="_ssdm_op_SpecPipeline"/></StgValue>
</bind>
</comp>

<comp id="64" class="1001" name="const_64">
<pin_list>
<pin id="65" dir="1" index="0" bw="1" slack="2147483647"/>
</pin_list>
<bind>
<StgValue><ssdm name="empty_6"/></StgValue>
</bind>
</comp>

<comp id="66" class="1004" name="c_fu_66">
<pin_list>
<pin id="67" dir="0" index="0" bw="1" slack="0"/>
<pin id="68" dir="1" index="1" bw="8" slack="0"/>
</pin_list>
<bind>
<opcode="alloca(26) " fcode="alloca"/>
<opset="c/1 "/>
</bind>
</comp>

<comp id="70" class="1004" name="r_fu_70">
<pin_list>
<pin id="71" dir="0" index="0" bw="1" slack="0"/>
<pin id="72" dir="1" index="1" bw="7" slack="0"/>
</pin_list>
<bind>
<opcode="alloca(26) " fcode="alloca"/>
<opset="r/1 "/>
</bind>
</comp>

<comp id="74" class="1004" name="indvar_flatten_fu_74">
<pin_list>
<pin id="75" dir="0" index="0" bw="1" slack="0"/>
<pin id="76" dir="1" index="1" bw="13" slack="0"/>
</pin_list>
<bind>
<opcode="alloca(26) " fcode="alloca"/>
<opset="indvar_flatten/1 "/>
</bind>
</comp>

<comp id="78" class="1004" name="sext_ln19_read_read_fu_78">
<pin_list>
<pin id="79" dir="0" index="0" bw="63" slack="0"/>
<pin id="80" dir="0" index="1" bw="63" slack="0"/>
<pin id="81" dir="1" index="2" bw="63" slack="0"/>
</pin_list>
<bind>
<opcode="read(1150) " fcode="read"/>
<opset="sext_ln19_read/1 "/>
</bind>
</comp>

<comp id="84" class="1004" name="grp_read_fu_84">
<pin_list>
<pin id="85" dir="0" index="0" bw="16" slack="0"/>
<pin id="86" dir="0" index="1" bw="16" slack="1"/>
<pin id="87" dir="1" index="2" bw="16" slack="1"/>
</pin_list>
<bind>
<opcode="read(1150) " fcode="read"/>
<opset="mem1_addr_read/2 mem1_addr_read_1/3 "/>
</bind>
</comp>

<comp id="89" class="1004" name="Matrix_A_BRAM_V_addr_gep_fu_89">
<pin_list>
<pin id="90" dir="0" index="0" bw="16" slack="0"/>
<pin id="91" dir="0" index="1" bw="1" slack="0"/>
<pin id="92" dir="0" index="2" bw="14" slack="0"/>
<pin id="93" dir="1" index="3" bw="14" slack="0"/>
</pin_list>
<bind>
<opcode="getelementptr(29) " fcode="getelementptr"/>
<opset="Matrix_A_BRAM_V_addr/3 "/>
</bind>
</comp>

<comp id="96" class="1004" name="grp_access_fu_96">
<pin_list>
<pin id="97" dir="0" index="0" bw="14" slack="0"/>
<pin id="98" dir="0" index="1" bw="16" slack="1"/>
<pin id="99" dir="0" index="2" bw="0" slack="2147483647"/>
<pin id="100" dir="1" index="3" bw="16" slack="2147483647"/>
</pin_list>
<bind>
<opcode="store(28) " fcode="store"/>
<opset="store_ln25/3 store_ln25/4 "/>
</bind>
</comp>

<comp id="102" class="1004" name="Matrix_A_BRAM_V_addr_1_gep_fu_102">
<pin_list>
<pin id="103" dir="0" index="0" bw="16" slack="0"/>
<pin id="104" dir="0" index="1" bw="1" slack="0"/>
<pin id="105" dir="0" index="2" bw="14" slack="0"/>
<pin id="106" dir="1" index="3" bw="14" slack="0"/>
</pin_list>
<bind>
<opcode="getelementptr(29) " fcode="getelementptr"/>
<opset="Matrix_A_BRAM_V_addr_1/4 "/>
</bind>
</comp>

<comp id="110" class="1005" name="reg_110">
<pin_list>
<pin id="111" dir="0" index="0" bw="16" slack="1"/>
<pin id="112" dir="1" index="1" bw="16" slack="1"/>
</pin_list>
<bind>
<opset="mem1_addr_read mem1_addr_read_1 "/>
</bind>
</comp>

<comp id="115" class="1004" name="sext_ln19_cast_fu_115">
<pin_list>
<pin id="116" dir="0" index="0" bw="63" slack="0"/>
<pin id="117" dir="1" index="1" bw="64" slack="0"/>
</pin_list>
<bind>
<opcode="sext(35) " fcode="sext"/>
<opset="sext_ln19_cast/1 "/>
</bind>
</comp>

<comp id="119" class="1004" name="store_ln0_store_fu_119">
<pin_list>
<pin id="120" dir="0" index="0" bw="1" slack="0"/>
<pin id="121" dir="0" index="1" bw="13" slack="0"/>
<pin id="122" dir="1" index="2" bw="0" slack="2147483647"/>
</pin_list>
<bind>
<opcode="store(28) " fcode="store"/>
<opset="store_ln0/1 "/>
</bind>
</comp>

<comp id="124" class="1004" name="store_ln0_store_fu_124">
<pin_list>
<pin id="125" dir="0" index="0" bw="1" slack="0"/>
<pin id="126" dir="0" index="1" bw="7" slack="0"/>
<pin id="127" dir="1" index="2" bw="0" slack="2147483647"/>
</pin_list>
<bind>
<opcode="store(28) " fcode="store"/>
<opset="store_ln0/1 "/>
</bind>
</comp>

<comp id="129" class="1004" name="store_ln0_store_fu_129">
<pin_list>
<pin id="130" dir="0" index="0" bw="1" slack="0"/>
<pin id="131" dir="0" index="1" bw="8" slack="0"/>
<pin id="132" dir="1" index="2" bw="0" slack="2147483647"/>
</pin_list>
<bind>
<opcode="store(28) " fcode="store"/>
<opset="store_ln0/1 "/>
</bind>
</comp>

<comp id="134" class="1004" name="indvar_flatten_load_load_fu_134">
<pin_list>
<pin id="135" dir="0" index="0" bw="13" slack="0"/>
<pin id="136" dir="1" index="1" bw="13" slack="0"/>
</pin_list>
<bind>
<opcode="load(27) " fcode="load"/>
<opset="indvar_flatten_load/1 "/>
</bind>
</comp>

<comp id="137" class="1004" name="mem1_addr_fu_137">
<pin_list>
<pin id="138" dir="0" index="0" bw="16" slack="0"/>
<pin id="139" dir="0" index="1" bw="63" slack="0"/>
<pin id="140" dir="1" index="2" bw="16" slack="1"/>
</pin_list>
<bind>
<opcode="getelementptr(29) " fcode="getelementptr"/>
<opset="mem1_addr/1 "/>
</bind>
</comp>

<comp id="143" class="1004" name="icmp_ln19_fu_143">
<pin_list>
<pin id="144" dir="0" index="0" bw="13" slack="0"/>
<pin id="145" dir="0" index="1" bw="11" slack="0"/>
<pin id="146" dir="1" index="2" bw="1" slack="1"/>
</pin_list>
<bind>
<opcode="icmp(45) " fcode="icmp"/>
<opset="icmp_ln19/1 "/>
</bind>
</comp>

<comp id="149" class="1004" name="add_ln19_1_fu_149">
<pin_list>
<pin id="150" dir="0" index="0" bw="13" slack="0"/>
<pin id="151" dir="0" index="1" bw="1" slack="0"/>
<pin id="152" dir="1" index="2" bw="13" slack="0"/>
</pin_list>
<bind>
<opcode="add(8) " fcode="add"/>
<opset="add_ln19_1/1 "/>
</bind>
</comp>

<comp id="155" class="1004" name="store_ln21_store_fu_155">
<pin_list>
<pin id="156" dir="0" index="0" bw="13" slack="0"/>
<pin id="157" dir="0" index="1" bw="13" slack="0"/>
<pin id="158" dir="1" index="2" bw="0" slack="2147483647"/>
</pin_list>
<bind>
<opcode="store(28) " fcode="store"/>
<opset="store_ln21/1 "/>
</bind>
</comp>

<comp id="160" class="1004" name="c_load_load_fu_160">
<pin_list>
<pin id="161" dir="0" index="0" bw="8" slack="1"/>
<pin id="162" dir="1" index="1" bw="8" slack="0"/>
</pin_list>
<bind>
<opcode="load(27) " fcode="load"/>
<opset="c_load/2 "/>
</bind>
</comp>

<comp id="163" class="1004" name="r_load_load_fu_163">
<pin_list>
<pin id="164" dir="0" index="0" bw="7" slack="1"/>
<pin id="165" dir="1" index="1" bw="7" slack="0"/>
</pin_list>
<bind>
<opcode="load(27) " fcode="load"/>
<opset="r_load/2 "/>
</bind>
</comp>

<comp id="166" class="1004" name="add_ln19_fu_166">
<pin_list>
<pin id="167" dir="0" index="0" bw="7" slack="0"/>
<pin id="168" dir="0" index="1" bw="1" slack="0"/>
<pin id="169" dir="1" index="2" bw="7" slack="0"/>
</pin_list>
<bind>
<opcode="add(8) " fcode="add"/>
<opset="add_ln19/2 "/>
</bind>
</comp>

<comp id="172" class="1004" name="icmp_ln21_fu_172">
<pin_list>
<pin id="173" dir="0" index="0" bw="8" slack="0"/>
<pin id="174" dir="0" index="1" bw="8" slack="0"/>
<pin id="175" dir="1" index="2" bw="1" slack="0"/>
</pin_list>
<bind>
<opcode="icmp(45) " fcode="icmp"/>
<opset="icmp_ln21/2 "/>
</bind>
</comp>

<comp id="178" class="1004" name="select_ln19_fu_178">
<pin_list>
<pin id="179" dir="0" index="0" bw="1" slack="0"/>
<pin id="180" dir="0" index="1" bw="8" slack="0"/>
<pin id="181" dir="0" index="2" bw="1" slack="0"/>
<pin id="182" dir="1" index="3" bw="8" slack="0"/>
</pin_list>
<bind>
<opcode="select(49) " fcode="select"/>
<opset="select_ln19/2 "/>
</bind>
</comp>

<comp id="186" class="1004" name="select_ln19_1_fu_186">
<pin_list>
<pin id="187" dir="0" index="0" bw="1" slack="0"/>
<pin id="188" dir="0" index="1" bw="7" slack="0"/>
<pin id="189" dir="0" index="2" bw="7" slack="0"/>
<pin id="190" dir="1" index="3" bw="7" slack="0"/>
</pin_list>
<bind>
<opcode="select(49) " fcode="select"/>
<opset="select_ln19_1/2 "/>
</bind>
</comp>

<comp id="194" class="1004" name="zext_ln21_fu_194">
<pin_list>
<pin id="195" dir="0" index="0" bw="7" slack="0"/>
<pin id="196" dir="1" index="1" bw="14" slack="0"/>
</pin_list>
<bind>
<opcode="zext(34) " fcode="zext"/>
<opset="zext_ln21/2 "/>
</bind>
</comp>

<comp id="198" class="1004" name="mul_ln21_fu_198">
<pin_list>
<pin id="199" dir="0" index="0" bw="7" slack="0"/>
<pin id="200" dir="0" index="1" bw="9" slack="0"/>
<pin id="201" dir="1" index="2" bw="14" slack="1"/>
</pin_list>
<bind>
<opcode="mul(12) " fcode="mul"/>
<opset="mul_ln21/2 "/>
</bind>
</comp>

<comp id="204" class="1004" name="add_ln21_fu_204">
<pin_list>
<pin id="205" dir="0" index="0" bw="8" slack="0"/>
<pin id="206" dir="0" index="1" bw="3" slack="0"/>
<pin id="207" dir="1" index="2" bw="8" slack="0"/>
</pin_list>
<bind>
<opcode="add(8) " fcode="add"/>
<opset="add_ln21/2 "/>
</bind>
</comp>

<comp id="210" class="1004" name="store_ln21_store_fu_210">
<pin_list>
<pin id="211" dir="0" index="0" bw="7" slack="0"/>
<pin id="212" dir="0" index="1" bw="7" slack="1"/>
<pin id="213" dir="1" index="2" bw="0" slack="2147483647"/>
</pin_list>
<bind>
<opcode="store(28) " fcode="store"/>
<opset="store_ln21/2 "/>
</bind>
</comp>

<comp id="215" class="1004" name="store_ln21_store_fu_215">
<pin_list>
<pin id="216" dir="0" index="0" bw="8" slack="0"/>
<pin id="217" dir="0" index="1" bw="8" slack="1"/>
<pin id="218" dir="1" index="2" bw="0" slack="2147483647"/>
</pin_list>
<bind>
<opcode="store(28) " fcode="store"/>
<opset="store_ln21/2 "/>
</bind>
</comp>

<comp id="220" class="1004" name="zext_ln25_fu_220">
<pin_list>
<pin id="221" dir="0" index="0" bw="8" slack="1"/>
<pin id="222" dir="1" index="1" bw="14" slack="0"/>
</pin_list>
<bind>
<opcode="zext(34) " fcode="zext"/>
<opset="zext_ln25/3 "/>
</bind>
</comp>

<comp id="223" class="1004" name="add_ln25_fu_223">
<pin_list>
<pin id="224" dir="0" index="0" bw="14" slack="1"/>
<pin id="225" dir="0" index="1" bw="8" slack="0"/>
<pin id="226" dir="1" index="2" bw="14" slack="0"/>
</pin_list>
<bind>
<opcode="add(8) " fcode="add"/>
<opset="add_ln25/3 "/>
</bind>
</comp>

<comp id="228" class="1004" name="zext_ln25_1_fu_228">
<pin_list>
<pin id="229" dir="0" index="0" bw="14" slack="0"/>
<pin id="230" dir="1" index="1" bw="64" slack="0"/>
</pin_list>
<bind>
<opcode="zext(34) " fcode="zext"/>
<opset="zext_ln25_1/3 "/>
</bind>
</comp>

<comp id="233" class="1004" name="or_ln21_fu_233">
<pin_list>
<pin id="234" dir="0" index="0" bw="8" slack="1"/>
<pin id="235" dir="0" index="1" bw="1" slack="0"/>
<pin id="236" dir="1" index="2" bw="8" slack="0"/>
</pin_list>
<bind>
<opcode="or(24) " fcode="or"/>
<opset="or_ln21/3 "/>
</bind>
</comp>

<comp id="238" class="1004" name="zext_ln25_2_fu_238">
<pin_list>
<pin id="239" dir="0" index="0" bw="8" slack="0"/>
<pin id="240" dir="1" index="1" bw="14" slack="0"/>
</pin_list>
<bind>
<opcode="zext(34) " fcode="zext"/>
<opset="zext_ln25_2/3 "/>
</bind>
</comp>

<comp id="242" class="1004" name="add_ln25_1_fu_242">
<pin_list>
<pin id="243" dir="0" index="0" bw="14" slack="1"/>
<pin id="244" dir="0" index="1" bw="8" slack="0"/>
<pin id="245" dir="1" index="2" bw="14" slack="1"/>
</pin_list>
<bind>
<opcode="add(8) " fcode="add"/>
<opset="add_ln25_1/3 "/>
</bind>
</comp>

<comp id="247" class="1004" name="zext_ln25_3_fu_247">
<pin_list>
<pin id="248" dir="0" index="0" bw="14" slack="1"/>
<pin id="249" dir="1" index="1" bw="64" slack="0"/>
</pin_list>
<bind>
<opcode="zext(34) " fcode="zext"/>
<opset="zext_ln25_3/4 "/>
</bind>
</comp>

<comp id="251" class="1005" name="c_reg_251">
<pin_list>
<pin id="252" dir="0" index="0" bw="8" slack="0"/>
<pin id="253" dir="1" index="1" bw="8" slack="0"/>
</pin_list>
<bind>
<opset="c "/>
</bind>
</comp>

<comp id="258" class="1005" name="r_reg_258">
<pin_list>
<pin id="259" dir="0" index="0" bw="7" slack="0"/>
<pin id="260" dir="1" index="1" bw="7" slack="0"/>
</pin_list>
<bind>
<opset="r "/>
</bind>
</comp>

<comp id="265" class="1005" name="indvar_flatten_reg_265">
<pin_list>
<pin id="266" dir="0" index="0" bw="13" slack="0"/>
<pin id="267" dir="1" index="1" bw="13" slack="0"/>
</pin_list>
<bind>
<opset="indvar_flatten "/>
</bind>
</comp>

<comp id="272" class="1005" name="mem1_addr_reg_272">
<pin_list>
<pin id="273" dir="0" index="0" bw="16" slack="1"/>
<pin id="274" dir="1" index="1" bw="16" slack="1"/>
</pin_list>
<bind>
<opset="mem1_addr "/>
</bind>
</comp>

<comp id="277" class="1005" name="icmp_ln19_reg_277">
<pin_list>
<pin id="278" dir="0" index="0" bw="1" slack="1"/>
<pin id="279" dir="1" index="1" bw="1" slack="2147483647"/>
</pin_list>
<bind>
<opset="icmp_ln19 "/>
</bind>
</comp>

<comp id="281" class="1005" name="select_ln19_reg_281">
<pin_list>
<pin id="282" dir="0" index="0" bw="8" slack="1"/>
<pin id="283" dir="1" index="1" bw="8" slack="1"/>
</pin_list>
<bind>
<opset="select_ln19 "/>
</bind>
</comp>

<comp id="287" class="1005" name="mul_ln21_reg_287">
<pin_list>
<pin id="288" dir="0" index="0" bw="14" slack="1"/>
<pin id="289" dir="1" index="1" bw="14" slack="1"/>
</pin_list>
<bind>
<opset="mul_ln21 "/>
</bind>
</comp>

<comp id="293" class="1005" name="add_ln25_1_reg_293">
<pin_list>
<pin id="294" dir="0" index="0" bw="14" slack="1"/>
<pin id="295" dir="1" index="1" bw="14" slack="1"/>
</pin_list>
<bind>
<opset="add_ln25_1 "/>
</bind>
</comp>

</comp_list>

<net_list>
<net id="69"><net_src comp="6" pin="0"/><net_sink comp="66" pin=0"/></net>

<net id="73"><net_src comp="6" pin="0"/><net_sink comp="70" pin=0"/></net>

<net id="77"><net_src comp="6" pin="0"/><net_sink comp="74" pin=0"/></net>

<net id="82"><net_src comp="8" pin="0"/><net_sink comp="78" pin=0"/></net>

<net id="83"><net_src comp="2" pin="0"/><net_sink comp="78" pin=1"/></net>

<net id="88"><net_src comp="46" pin="0"/><net_sink comp="84" pin=0"/></net>

<net id="94"><net_src comp="4" pin="0"/><net_sink comp="89" pin=0"/></net>

<net id="95"><net_src comp="50" pin="0"/><net_sink comp="89" pin=1"/></net>

<net id="101"><net_src comp="89" pin="3"/><net_sink comp="96" pin=0"/></net>

<net id="107"><net_src comp="4" pin="0"/><net_sink comp="102" pin=0"/></net>

<net id="108"><net_src comp="50" pin="0"/><net_sink comp="102" pin=1"/></net>

<net id="109"><net_src comp="102" pin="3"/><net_sink comp="96" pin=0"/></net>

<net id="113"><net_src comp="84" pin="2"/><net_sink comp="110" pin=0"/></net>

<net id="114"><net_src comp="110" pin="1"/><net_sink comp="96" pin=1"/></net>

<net id="118"><net_src comp="78" pin="2"/><net_sink comp="115" pin=0"/></net>

<net id="123"><net_src comp="28" pin="0"/><net_sink comp="119" pin=0"/></net>

<net id="128"><net_src comp="30" pin="0"/><net_sink comp="124" pin=0"/></net>

<net id="133"><net_src comp="32" pin="0"/><net_sink comp="129" pin=0"/></net>

<net id="141"><net_src comp="0" pin="0"/><net_sink comp="137" pin=0"/></net>

<net id="142"><net_src comp="115" pin="1"/><net_sink comp="137" pin=1"/></net>

<net id="147"><net_src comp="134" pin="1"/><net_sink comp="143" pin=0"/></net>

<net id="148"><net_src comp="36" pin="0"/><net_sink comp="143" pin=1"/></net>

<net id="153"><net_src comp="134" pin="1"/><net_sink comp="149" pin=0"/></net>

<net id="154"><net_src comp="38" pin="0"/><net_sink comp="149" pin=1"/></net>

<net id="159"><net_src comp="149" pin="2"/><net_sink comp="155" pin=0"/></net>

<net id="170"><net_src comp="163" pin="1"/><net_sink comp="166" pin=0"/></net>

<net id="171"><net_src comp="40" pin="0"/><net_sink comp="166" pin=1"/></net>

<net id="176"><net_src comp="160" pin="1"/><net_sink comp="172" pin=0"/></net>

<net id="177"><net_src comp="42" pin="0"/><net_sink comp="172" pin=1"/></net>

<net id="183"><net_src comp="172" pin="2"/><net_sink comp="178" pin=0"/></net>

<net id="184"><net_src comp="160" pin="1"/><net_sink comp="178" pin=1"/></net>

<net id="185"><net_src comp="32" pin="0"/><net_sink comp="178" pin=2"/></net>

<net id="191"><net_src comp="172" pin="2"/><net_sink comp="186" pin=0"/></net>

<net id="192"><net_src comp="163" pin="1"/><net_sink comp="186" pin=1"/></net>

<net id="193"><net_src comp="166" pin="2"/><net_sink comp="186" pin=2"/></net>

<net id="197"><net_src comp="186" pin="3"/><net_sink comp="194" pin=0"/></net>

<net id="202"><net_src comp="194" pin="1"/><net_sink comp="198" pin=0"/></net>

<net id="203"><net_src comp="44" pin="0"/><net_sink comp="198" pin=1"/></net>

<net id="208"><net_src comp="178" pin="3"/><net_sink comp="204" pin=0"/></net>

<net id="209"><net_src comp="48" pin="0"/><net_sink comp="204" pin=1"/></net>

<net id="214"><net_src comp="186" pin="3"/><net_sink comp="210" pin=0"/></net>

<net id="219"><net_src comp="204" pin="2"/><net_sink comp="215" pin=0"/></net>

<net id="227"><net_src comp="220" pin="1"/><net_sink comp="223" pin=1"/></net>

<net id="231"><net_src comp="223" pin="2"/><net_sink comp="228" pin=0"/></net>

<net id="232"><net_src comp="228" pin="1"/><net_sink comp="89" pin=2"/></net>

<net id="237"><net_src comp="52" pin="0"/><net_sink comp="233" pin=1"/></net>

<net id="241"><net_src comp="233" pin="2"/><net_sink comp="238" pin=0"/></net>

<net id="246"><net_src comp="238" pin="1"/><net_sink comp="242" pin=1"/></net>

<net id="250"><net_src comp="247" pin="1"/><net_sink comp="102" pin=2"/></net>

<net id="254"><net_src comp="66" pin="1"/><net_sink comp="251" pin=0"/></net>

<net id="255"><net_src comp="251" pin="1"/><net_sink comp="129" pin=1"/></net>

<net id="256"><net_src comp="251" pin="1"/><net_sink comp="160" pin=0"/></net>

<net id="257"><net_src comp="251" pin="1"/><net_sink comp="215" pin=1"/></net>

<net id="261"><net_src comp="70" pin="1"/><net_sink comp="258" pin=0"/></net>

<net id="262"><net_src comp="258" pin="1"/><net_sink comp="124" pin=1"/></net>

<net id="263"><net_src comp="258" pin="1"/><net_sink comp="163" pin=0"/></net>

<net id="264"><net_src comp="258" pin="1"/><net_sink comp="210" pin=1"/></net>

<net id="268"><net_src comp="74" pin="1"/><net_sink comp="265" pin=0"/></net>

<net id="269"><net_src comp="265" pin="1"/><net_sink comp="119" pin=1"/></net>

<net id="270"><net_src comp="265" pin="1"/><net_sink comp="134" pin=0"/></net>

<net id="271"><net_src comp="265" pin="1"/><net_sink comp="155" pin=1"/></net>

<net id="275"><net_src comp="137" pin="2"/><net_sink comp="272" pin=0"/></net>

<net id="276"><net_src comp="272" pin="1"/><net_sink comp="84" pin=1"/></net>

<net id="280"><net_src comp="143" pin="2"/><net_sink comp="277" pin=0"/></net>

<net id="284"><net_src comp="178" pin="3"/><net_sink comp="281" pin=0"/></net>

<net id="285"><net_src comp="281" pin="1"/><net_sink comp="220" pin=0"/></net>

<net id="286"><net_src comp="281" pin="1"/><net_sink comp="233" pin=0"/></net>

<net id="290"><net_src comp="198" pin="2"/><net_sink comp="287" pin=0"/></net>

<net id="291"><net_src comp="287" pin="1"/><net_sink comp="223" pin=0"/></net>

<net id="292"><net_src comp="287" pin="1"/><net_sink comp="242" pin=0"/></net>

<net id="296"><net_src comp="242" pin="2"/><net_sink comp="293" pin=0"/></net>

<net id="297"><net_src comp="293" pin="1"/><net_sink comp="247" pin=0"/></net>

</net_list>

</model> 
---------------- Datapath Model END ------------------

* FSMD analyzer results:
  - Output states:
	Port: Matrix_A_BRAM_V | {3 4 }
 - Input state : 
	Port: matmul_Pipeline_VITIS_LOOP_19_1_VITIS_LOOP_21_2 : mem1 | {2 3 }
	Port: matmul_Pipeline_VITIS_LOOP_19_1_VITIS_LOOP_21_2 : sext_ln19 | {1 }
  - Chain level:
	State 1
		store_ln0 : 1
		store_ln0 : 1
		store_ln0 : 1
		indvar_flatten_load : 1
		mem1_addr : 1
		icmp_ln19 : 2
		add_ln19_1 : 2
		br_ln19 : 3
		store_ln21 : 3
	State 2
		add_ln19 : 1
		icmp_ln21 : 1
		select_ln19 : 2
		select_ln19_1 : 2
		zext_ln21 : 3
		mul_ln21 : 4
		add_ln21 : 3
		store_ln21 : 3
		store_ln21 : 4
	State 3
		add_ln25 : 1
		zext_ln25_1 : 2
		Matrix_A_BRAM_V_addr : 3
		store_ln25 : 4
		add_ln25_1 : 1
	State 4
		Matrix_A_BRAM_V_addr_1 : 1
		store_ln25 : 2


============================================================
+ Verbose Summary: Datapath Resource usage 
============================================================

* Functional unit list:
|----------|---------------------------|---------|---------|---------|
| Operation|      Functional Unit      |   DSP   |    FF   |   LUT   |
|----------|---------------------------|---------|---------|---------|
|          |     add_ln19_1_fu_149     |    0    |    0    |    14   |
|          |      add_ln19_fu_166      |    0    |    0    |    14   |
|    add   |      add_ln21_fu_204      |    0    |    0    |    15   |
|          |      add_ln25_fu_223      |    0    |    0    |    17   |
|          |     add_ln25_1_fu_242     |    0    |    0    |    17   |
|----------|---------------------------|---------|---------|---------|
|    mul   |      mul_ln21_fu_198      |    0    |    0    |    51   |
|----------|---------------------------|---------|---------|---------|
|   icmp   |      icmp_ln19_fu_143     |    0    |    0    |    12   |
|          |      icmp_ln21_fu_172     |    0    |    0    |    11   |
|----------|---------------------------|---------|---------|---------|
|  select  |     select_ln19_fu_178    |    0    |    0    |    8    |
|          |    select_ln19_1_fu_186   |    0    |    0    |    7    |
|----------|---------------------------|---------|---------|---------|
|   read   | sext_ln19_read_read_fu_78 |    0    |    0    |    0    |
|          |       grp_read_fu_84      |    0    |    0    |    0    |
|----------|---------------------------|---------|---------|---------|
|   sext   |   sext_ln19_cast_fu_115   |    0    |    0    |    0    |
|----------|---------------------------|---------|---------|---------|
|          |      zext_ln21_fu_194     |    0    |    0    |    0    |
|          |      zext_ln25_fu_220     |    0    |    0    |    0    |
|   zext   |     zext_ln25_1_fu_228    |    0    |    0    |    0    |
|          |     zext_ln25_2_fu_238    |    0    |    0    |    0    |
|          |     zext_ln25_3_fu_247    |    0    |    0    |    0    |
|----------|---------------------------|---------|---------|---------|
|    or    |       or_ln21_fu_233      |    0    |    0    |    0    |
|----------|---------------------------|---------|---------|---------|
|   Total  |                           |    0    |    0    |   166   |
|----------|---------------------------|---------|---------|---------|

Memories:
N/A

* Register list:
+----------------------+--------+
|                      |   FF   |
+----------------------+--------+
|  add_ln25_1_reg_293  |   14   |
|       c_reg_251      |    8   |
|   icmp_ln19_reg_277  |    1   |
|indvar_flatten_reg_265|   13   |
|   mem1_addr_reg_272  |   16   |
|   mul_ln21_reg_287   |   14   |
|       r_reg_258      |    7   |
|        reg_110       |   16   |
|  select_ln19_reg_281 |    8   |
+----------------------+--------+
|         Total        |   97   |
+----------------------+--------+

* Multiplexer (MUX) list: 
|------------------|------|------|------|--------||---------||---------|
|       Comp       |  Pin | Size |  BW  | S x BW ||  Delay  ||   LUT   |
|------------------|------|------|------|--------||---------||---------|
| grp_access_fu_96 |  p0  |   2  |  14  |   28   ||    9    |
|------------------|------|------|------|--------||---------||---------|
|       Total      |      |      |      |   28   ||  1.588  ||    9    |
|------------------|------|------|------|--------||---------||---------|



* Summary:
+-----------+--------+--------+--------+--------+
|           |   DSP  |  Delay |   FF   |   LUT  |
+-----------+--------+--------+--------+--------+
|  Function |    0   |    -   |    0   |   166  |
|   Memory  |    -   |    -   |    -   |    -   |
|Multiplexer|    -   |    1   |    -   |    9   |
|  Register |    -   |    -   |   97   |    -   |
+-----------+--------+--------+--------+--------+
|   Total   |    0   |    1   |   97   |   175  |
+-----------+--------+--------+--------+--------+
