

================================================================
== Vitis HLS Report for 'matmul_Pipeline_VITIS_LOOP_69_10_VITIS_LOOP_71_11'
================================================================
* Date:           Fri Oct  2 16:46:20 2026

* Version:        2022.2 (Build 3670227 on Oct 13 2022)
* Project:        vitis.prj
* Solution:       solution1 (Vivado IP Flow Target)
* Product family: zynq
* Target device:  xc7z020-clg400-1


================================================================
== Performance Estimates
================================================================
+ Timing: 
    * Summary: 
    +--------+----------+----------+------------+
    |  Clock |  Target  | Estimated| Uncertainty|
    +--------+----------+----------+------------+
    |ap_clk  |  10.00 ns|  7.300 ns|     2.70 ns|
    +--------+----------+----------+------------+

+ Latency: 
    * Summary: 
    +---------+---------+----------+----------+-------+-------+---------+
    |  Latency (cycles) |  Latency (absolute) |    Interval   | Pipeline|
    |   min   |   max   |    min   |    max   |  min  |  max  |   Type  |
    +---------+---------+----------+----------+-------+-------+---------+
    |    20004|    20004|  0.200 ms|  0.200 ms|  20004|  20004|       no|
    +---------+---------+----------+----------+-------+-------+---------+

    + Detail: 
        * Instance: 
        N/A

        * Loop: 
        +-------------------------------------+---------+---------+----------+-----------+-----------+-------+----------+
        |                                     |  Latency (cycles) | Iteration|  Initiation Interval  |  Trip |          |
        |              Loop Name              |   min   |   max   |  Latency |  achieved |   target  | Count | Pipelined|
        +-------------------------------------+---------+---------+----------+-----------+-----------+-------+----------+
        |- VITIS_LOOP_69_10_VITIS_LOOP_71_11  |    20002|    20002|         5|          2|          1|  10000|       yes|
        +-------------------------------------+---------+---------+----------+-----------+-----------+-------+----------+

============================================================
+ Verbose Summary: Synthesis Manager
============================================================
InlineROM: 1
ExposeGlobal: 0
============================================================
+ Verbose Summary: CDFG Model
============================================================
IsTopModel: 0
ResetActiveHigh: 1
IsCombinational: 0
IsDatapathOnly: 0
HasWiredReturn: 1
HasMFsm: 2
HasVarLatency: 1
IsPipeline: 0
IsRtlPipelined: 0
IsInstanceOverlapped: 0
IsDontTouch: 0
HasImplIP: 0
IsGatedGlobalClock: 0

+ Individual pipeline summary: 
  * Pipeline-0: initiation interval (II) = 2, depth = 5


============================================================
+ Verbose Summary: Schedule
============================================================
* Number of FSM states : 5
* Pipeline : 1
  Pipeline-0 : II = 2, D = 5, States = { 1 2 3 4 5 }
* Dataflow Pipeline: 0

* FSM state transitions: 
1 --> 2 
2 --> 3 
3 --> 4 
4 --> 5 
5 --> 

* FSM state operations: 

State 1 <SV = 0> <Delay = 7.21>
ST_1 : Operation 8 [1/1] (0.00ns)   --->   "%c = alloca i32 1"   --->   Operation 8 'alloca' 'c' <Predicate = true> <Delay = 0.00>
ST_1 : Operation 9 [1/1] (0.00ns)   --->   "%r = alloca i32 1"   --->   Operation 9 'alloca' 'r' <Predicate = true> <Delay = 0.00>
ST_1 : Operation 10 [1/1] (0.00ns)   --->   "%indvar_flatten27 = alloca i32 1"   --->   Operation 10 'alloca' 'indvar_flatten27' <Predicate = true> <Delay = 0.00>
ST_1 : Operation 11 [1/1] (0.00ns)   --->   "%sext_ln69_read = read i63 @_ssdm_op_Read.ap_auto.i63, i63 %sext_ln69"   --->   Operation 11 'read' 'sext_ln69_read' <Predicate = true> <Delay = 0.00>
ST_1 : Operation 12 [1/1] (0.00ns)   --->   "%sext_ln69_cast = sext i63 %sext_ln69_read"   --->   Operation 12 'sext' 'sext_ln69_cast' <Predicate = true> <Delay = 0.00>
ST_1 : Operation 13 [1/1] (0.00ns)   --->   "%specinterface_ln0 = specinterface void @_ssdm_op_SpecInterface, i16 %mem1, void @empty_1, i32 0, i32 0, void @empty_2, i32 64, i32 1, void @empty_3, void @empty_4, void @empty_2, i32 16, i32 16, i32 16, i32 16, void @empty_2, void @empty_2, i32 4294967295, i32 0"   --->   Operation 13 'specinterface' 'specinterface_ln0' <Predicate = true> <Delay = 0.00>
ST_1 : Operation 14 [1/1] (1.58ns)   --->   "%store_ln0 = store i14 0, i14 %indvar_flatten27"   --->   Operation 14 'store' 'store_ln0' <Predicate = true> <Delay = 1.58>
ST_1 : Operation 15 [1/1] (1.58ns)   --->   "%store_ln0 = store i7 0, i7 %r"   --->   Operation 15 'store' 'store_ln0' <Predicate = true> <Delay = 1.58>
ST_1 : Operation 16 [1/1] (1.58ns)   --->   "%store_ln0 = store i8 0, i8 %c"   --->   Operation 16 'store' 'store_ln0' <Predicate = true> <Delay = 1.58>
ST_1 : Operation 17 [1/1] (0.00ns)   --->   "%br_ln0 = br void %for.inc146"   --->   Operation 17 'br' 'br_ln0' <Predicate = true> <Delay = 0.00>
ST_1 : Operation 18 [1/1] (0.00ns)   --->   "%indvar_flatten27_load = load i14 %indvar_flatten27" [matmul.cpp:69]   --->   Operation 18 'load' 'indvar_flatten27_load' <Predicate = true> <Delay = 0.00>
ST_1 : Operation 19 [1/1] (0.00ns)   --->   "%specbitsmap_ln0 = specbitsmap void @_ssdm_op_SpecBitsMap, i16 %mem1"   --->   Operation 19 'specbitsmap' 'specbitsmap_ln0' <Predicate = true> <Delay = 0.00>
ST_1 : Operation 20 [1/1] (0.00ns)   --->   "%mem1_addr = getelementptr i16 %mem1, i64 %sext_ln69_cast" [matmul.cpp:69]   --->   Operation 20 'getelementptr' 'mem1_addr' <Predicate = true> <Delay = 0.00>
ST_1 : Operation 21 [1/1] (2.20ns)   --->   "%icmp_ln69 = icmp_eq  i14 %indvar_flatten27_load, i14 10000" [matmul.cpp:69]   --->   Operation 21 'icmp' 'icmp_ln69' <Predicate = true> <Delay = 2.20> <CoreInst = "Cmp">   --->   Core 9 'Cmp' <Latency = 0> <II = 1> <Delay = 2.20> <FuncUnit> <Opcode : 'icmp'> <InPorts = 2> <OutPorts = 1>
ST_1 : Operation 22 [1/1] (1.81ns)   --->   "%add_ln69_1 = add i14 %indvar_flatten27_load, i14 1" [matmul.cpp:69]   --->   Operation 22 'add' 'add_ln69_1' <Predicate = true> <Delay = 1.81> <CoreInst = "Adder">   --->   Core 1 'Adder' <Latency = 0> <II = 1> <Delay = 1.81> <FuncUnit> <Opcode : 'add' 'sub'> <InPorts = 2> <OutPorts = 1>
ST_1 : Operation 23 [1/1] (0.00ns)   --->   "%br_ln69 = br i1 %icmp_ln69, void %for.inc149, void %for.end151.exitStub" [matmul.cpp:69]   --->   Operation 23 'br' 'br_ln69' <Predicate = true> <Delay = 0.00>
ST_1 : Operation 24 [1/1] (0.00ns)   --->   "%c_load = load i8 %c" [matmul.cpp:71]   --->   Operation 24 'load' 'c_load' <Predicate = (!icmp_ln69)> <Delay = 0.00>
ST_1 : Operation 25 [1/1] (0.00ns)   --->   "%r_load = load i7 %r" [matmul.cpp:69]   --->   Operation 25 'load' 'r_load' <Predicate = (!icmp_ln69)> <Delay = 0.00>
ST_1 : Operation 26 [1/1] (1.87ns)   --->   "%add_ln69 = add i7 %r_load, i7 1" [matmul.cpp:69]   --->   Operation 26 'add' 'add_ln69' <Predicate = (!icmp_ln69)> <Delay = 1.87> <CoreInst = "Adder">   --->   Core 1 'Adder' <Latency = 0> <II = 1> <Delay = 1.87> <FuncUnit> <Opcode : 'add' 'sub'> <InPorts = 2> <OutPorts = 1>
ST_1 : Operation 27 [1/1] (1.55ns)   --->   "%icmp_ln71 = icmp_ult  i8 %c_load, i8 200" [matmul.cpp:71]   --->   Operation 27 'icmp' 'icmp_ln71' <Predicate = (!icmp_ln69)> <Delay = 1.55> <CoreInst = "Cmp">   --->   Core 9 'Cmp' <Latency = 0> <II = 1> <Delay = 1.55> <FuncUnit> <Opcode : 'icmp'> <InPorts = 2> <OutPorts = 1>
ST_1 : Operation 28 [1/1] (1.24ns)   --->   "%select_ln69 = select i1 %icmp_ln71, i8 %c_load, i8 0" [matmul.cpp:69]   --->   Operation 28 'select' 'select_ln69' <Predicate = (!icmp_ln69)> <Delay = 1.24> <CoreInst = "Sel">   --->   Core 73 'Sel' <Latency = 0> <II = 1> <Delay = 1.24> <FuncUnit> <Opcode : 'select'> <InPorts = 3> <OutPorts = 1>
ST_1 : Operation 29 [1/1] (0.99ns)   --->   "%select_ln69_1 = select i1 %icmp_ln71, i7 %r_load, i7 %add_ln69" [matmul.cpp:69]   --->   Operation 29 'select' 'select_ln69_1' <Predicate = (!icmp_ln69)> <Delay = 0.99> <CoreInst = "Sel">   --->   Core 73 'Sel' <Latency = 0> <II = 1> <Delay = 0.99> <FuncUnit> <Opcode : 'select'> <InPorts = 3> <OutPorts = 1>
ST_1 : Operation 30 [1/1] (0.00ns)   --->   "%zext_ln75 = zext i7 %select_ln69_1" [matmul.cpp:75]   --->   Operation 30 'zext' 'zext_ln75' <Predicate = (!icmp_ln69)> <Delay = 0.00>
ST_1 : Operation 31 [1/1] (4.35ns)   --->   "%mul_ln75 = mul i15 %zext_ln75, i15 200" [matmul.cpp:75]   --->   Operation 31 'mul' 'mul_ln75' <Predicate = (!icmp_ln69)> <Delay = 4.35> <CoreInst = "Multiplier">   --->   Core 3 'Multiplier' <Latency = 0> <II = 1> <Delay = 4.35> <FuncUnit> <Opcode : 'mul'> <InPorts = 2> <OutPorts = 1>
ST_1 : Operation 32 [1/1] (1.91ns)   --->   "%add_ln71 = add i8 %select_ln69, i8 2" [matmul.cpp:71]   --->   Operation 32 'add' 'add_ln71' <Predicate = (!icmp_ln69)> <Delay = 1.91> <CoreInst = "Adder">   --->   Core 1 'Adder' <Latency = 0> <II = 1> <Delay = 1.91> <FuncUnit> <Opcode : 'add' 'sub'> <InPorts = 2> <OutPorts = 1>
ST_1 : Operation 33 [1/1] (1.58ns)   --->   "%store_ln71 = store i14 %add_ln69_1, i14 %indvar_flatten27" [matmul.cpp:71]   --->   Operation 33 'store' 'store_ln71' <Predicate = (!icmp_ln69)> <Delay = 1.58>
ST_1 : Operation 34 [1/1] (1.58ns)   --->   "%store_ln71 = store i7 %select_ln69_1, i7 %r" [matmul.cpp:71]   --->   Operation 34 'store' 'store_ln71' <Predicate = (!icmp_ln69)> <Delay = 1.58>
ST_1 : Operation 35 [1/1] (1.58ns)   --->   "%store_ln71 = store i8 %add_ln71, i8 %c" [matmul.cpp:71]   --->   Operation 35 'store' 'store_ln71' <Predicate = (!icmp_ln69)> <Delay = 1.58>

State 2 <SV = 1> <Delay = 5.19>
ST_2 : Operation 36 [1/1] (0.00ns)   --->   "%zext_ln75_1 = zext i8 %select_ln69" [matmul.cpp:75]   --->   Operation 36 'zext' 'zext_ln75_1' <Predicate = (!icmp_ln69)> <Delay = 0.00>
ST_2 : Operation 37 [1/1] (1.94ns)   --->   "%add_ln75 = add i15 %mul_ln75, i15 %zext_ln75_1" [matmul.cpp:75]   --->   Operation 37 'add' 'add_ln75' <Predicate = (!icmp_ln69)> <Delay = 1.94> <CoreInst = "Adder">   --->   Core 1 'Adder' <Latency = 0> <II = 1> <Delay = 1.94> <FuncUnit> <Opcode : 'add' 'sub'> <InPorts = 2> <OutPorts = 1>
ST_2 : Operation 38 [1/1] (0.00ns)   --->   "%zext_ln75_2 = zext i15 %add_ln75" [matmul.cpp:75]   --->   Operation 38 'zext' 'zext_ln75_2' <Predicate = (!icmp_ln69)> <Delay = 0.00>
ST_2 : Operation 39 [1/1] (0.00ns)   --->   "%Matrix_C_BRAM_V_addr = getelementptr i16 %Matrix_C_BRAM_V, i64 0, i64 %zext_ln75_2" [matmul.cpp:75]   --->   Operation 39 'getelementptr' 'Matrix_C_BRAM_V_addr' <Predicate = (!icmp_ln69)> <Delay = 0.00>
ST_2 : Operation 40 [2/2] (3.25ns)   --->   "%Matrix_C_BRAM_V_load = load i15 %Matrix_C_BRAM_V_addr" [matmul.cpp:75]   --->   Operation 40 'load' 'Matrix_C_BRAM_V_load' <Predicate = (!icmp_ln69)> <Delay = 3.25> <CoreInst = "RAM">   --->   Core 82 'RAM' <Latency = 1> <II = 1> <Delay = 3.25> <Storage> <Opcode : 'load' 'store'> <Ports = 2> <Width = 16> <Depth = 20000> <RAM>
ST_2 : Operation 41 [1/1] (0.00ns) (grouped into LUT with out node add_ln75_1)   --->   "%or_ln71 = or i8 %select_ln69, i8 1" [matmul.cpp:71]   --->   Operation 41 'or' 'or_ln71' <Predicate = (!icmp_ln69)> <Delay = 0.00>
ST_2 : Operation 42 [1/1] (0.00ns) (grouped into LUT with out node add_ln75_1)   --->   "%zext_ln75_3 = zext i8 %or_ln71" [matmul.cpp:75]   --->   Operation 42 'zext' 'zext_ln75_3' <Predicate = (!icmp_ln69)> <Delay = 0.00>
ST_2 : Operation 43 [1/1] (1.94ns) (out node of the LUT)   --->   "%add_ln75_1 = add i15 %mul_ln75, i15 %zext_ln75_3" [matmul.cpp:75]   --->   Operation 43 'add' 'add_ln75_1' <Predicate = (!icmp_ln69)> <Delay = 1.94> <CoreInst = "Adder">   --->   Core 1 'Adder' <Latency = 0> <II = 1> <Delay = 1.94> <FuncUnit> <Opcode : 'add' 'sub'> <InPorts = 2> <OutPorts = 1>
ST_2 : Operation 44 [1/1] (0.00ns)   --->   "%zext_ln75_4 = zext i15 %add_ln75_1" [matmul.cpp:75]   --->   Operation 44 'zext' 'zext_ln75_4' <Predicate = (!icmp_ln69)> <Delay = 0.00>
ST_2 : Operation 45 [1/1] (0.00ns)   --->   "%Matrix_C_BRAM_V_addr_1 = getelementptr i16 %Matrix_C_BRAM_V, i64 0, i64 %zext_ln75_4" [matmul.cpp:75]   --->   Operation 45 'getelementptr' 'Matrix_C_BRAM_V_addr_1' <Predicate = (!icmp_ln69)> <Delay = 0.00>
ST_2 : Operation 46 [2/2] (3.25ns)   --->   "%Matrix_C_BRAM_V_load_1 = load i15 %Matrix_C_BRAM_V_addr_1" [matmul.cpp:75]   --->   Operation 46 'load' 'Matrix_C_BRAM_V_load_1' <Predicate = (!icmp_ln69)> <Delay = 3.25> <CoreInst = "RAM">   --->   Core 82 'RAM' <Latency = 1> <II = 1> <Delay = 3.25> <Storage> <Opcode : 'load' 'store'> <Ports = 2> <Width = 16> <Depth = 20000> <RAM>

State 3 <SV = 2> <Delay = 3.25>
ST_3 : Operation 47 [1/2] (3.25ns)   --->   "%Matrix_C_BRAM_V_load = load i15 %Matrix_C_BRAM_V_addr" [matmul.cpp:75]   --->   Operation 47 'load' 'Matrix_C_BRAM_V_load' <Predicate = true> <Delay = 3.25> <CoreInst = "RAM">   --->   Core 82 'RAM' <Latency = 1> <II = 1> <Delay = 3.25> <Storage> <Opcode : 'load' 'store'> <Ports = 2> <Width = 16> <Depth = 20000> <RAM>
ST_3 : Operation 48 [1/2] (3.25ns)   --->   "%Matrix_C_BRAM_V_load_1 = load i15 %Matrix_C_BRAM_V_addr_1" [matmul.cpp:75]   --->   Operation 48 'load' 'Matrix_C_BRAM_V_load_1' <Predicate = true> <Delay = 3.25> <CoreInst = "RAM">   --->   Core 82 'RAM' <Latency = 1> <II = 1> <Delay = 3.25> <Storage> <Opcode : 'load' 'store'> <Ports = 2> <Width = 16> <Depth = 20000> <RAM>
ST_3 : Operation 56 [1/1] (0.00ns)   --->   "%ret_ln0 = ret"   --->   Operation 56 'ret' 'ret_ln0' <Predicate = (icmp_ln69)> <Delay = 0.00>

State 4 <SV = 3> <Delay = 7.30>
ST_4 : Operation 49 [1/1] (7.30ns)   --->   "%write_ln71 = write void @_ssdm_op_Write.m_axi.p1i16, i16 %mem1_addr, i16 %Matrix_C_BRAM_V_load, i2 3" [matmul.cpp:71]   --->   Operation 49 'write' 'write_ln71' <Predicate = true> <Delay = 7.30> <CoreInst = "m_axi">   --->   Core 113 'm_axi' <Latency = 0> <II = 1> <Delay = 1.00> <Adapter> <Opcode : 'read' 'write' 'readreq' 'writereq' 'writeresp'>

State 5 <SV = 4> <Delay = 7.30>
ST_5 : Operation 50 [1/1] (0.00ns)   --->   "%specloopname_ln0 = specloopname void @_ssdm_op_SpecLoopName, void @VITIS_LOOP_69_10_VITIS_LOOP_71_11_str"   --->   Operation 50 'specloopname' 'specloopname_ln0' <Predicate = true> <Delay = 0.00>
ST_5 : Operation 51 [1/1] (0.00ns)   --->   "%empty = speclooptripcount i32 @_ssdm_op_SpecLoopTripCount, i64 10000, i64 10000, i64 10000"   --->   Operation 51 'speclooptripcount' 'empty' <Predicate = true> <Delay = 0.00>
ST_5 : Operation 52 [1/1] (0.00ns)   --->   "%specpipeline_ln73 = specpipeline void @_ssdm_op_SpecPipeline, i32 1, i32 0, i32 0, i32 0, void @empty_2" [matmul.cpp:73]   --->   Operation 52 'specpipeline' 'specpipeline_ln73' <Predicate = true> <Delay = 0.00>
ST_5 : Operation 53 [1/1] (0.00ns)   --->   "%specloopname_ln71 = specloopname void @_ssdm_op_SpecLoopName, void @empty_8" [matmul.cpp:71]   --->   Operation 53 'specloopname' 'specloopname_ln71' <Predicate = true> <Delay = 0.00>
ST_5 : Operation 54 [1/1] (7.30ns)   --->   "%write_ln71 = write void @_ssdm_op_Write.m_axi.p1i16, i16 %mem1_addr, i16 %Matrix_C_BRAM_V_load_1, i2 3" [matmul.cpp:71]   --->   Operation 54 'write' 'write_ln71' <Predicate = true> <Delay = 7.30> <CoreInst = "m_axi">   --->   Core 113 'm_axi' <Latency = 0> <II = 1> <Delay = 1.00> <Adapter> <Opcode : 'read' 'write' 'readreq' 'writereq' 'writeresp'>
ST_5 : Operation 55 [1/1] (0.00ns)   --->   "%br_ln71 = br void %for.inc146" [matmul.cpp:71]   --->   Operation 55 'br' 'br_ln71' <Predicate = true> <Delay = 0.00>


============================================================
+ Verbose Summary: Timing violations
============================================================
Target clock period: 10ns, clock uncertainty: 2.7ns.

 <State 1>: 7.21ns
The critical path consists of the following:
	'alloca' operation ('r') [5]  (0 ns)
	'load' operation ('r_load', matmul.cpp:69) on local variable 'r' [23]  (0 ns)
	'add' operation ('add_ln69', matmul.cpp:69) [24]  (1.87 ns)
	'select' operation ('select_ln69_1', matmul.cpp:69) [29]  (0.993 ns)
	'mul' operation ('mul_ln75', matmul.cpp:75) [31]  (4.35 ns)

 <State 2>: 5.2ns
The critical path consists of the following:
	'add' operation ('add_ln75', matmul.cpp:75) [33]  (1.94 ns)
	'getelementptr' operation ('Matrix_C_BRAM_V_addr', matmul.cpp:75) [35]  (0 ns)
	'load' operation ('Matrix_C_BRAM_V_load', matmul.cpp:75) on array 'Matrix_C_BRAM_V' [38]  (3.25 ns)

 <State 3>: 3.25ns
The critical path consists of the following:
	'load' operation ('Matrix_C_BRAM_V_load', matmul.cpp:75) on array 'Matrix_C_BRAM_V' [38]  (3.25 ns)

 <State 4>: 7.3ns
The critical path consists of the following:
	bus write operation ('write_ln71', matmul.cpp:71) on port 'mem1' (matmul.cpp:71) [45]  (7.3 ns)

 <State 5>: 7.3ns
The critical path consists of the following:
	bus write operation ('write_ln71', matmul.cpp:71) on port 'mem1' (matmul.cpp:71) [46]  (7.3 ns)


============================================================
+ Verbose Summary: Binding
============================================================
N/A
* FSMD analyzer results:
  - Output states:
 - Input state : 
  - Chain level:
	State 1
	State 2
	State 3
	State 4
	State 5


============================================================
+ Verbose Summary: Datapath Resource usage 
============================================================
N/A
