Wed Oct  7 16:45:47 2026: Running xcd server. This server was built by gradle.
Wed Oct  7 16:45:47 2026: Server was asked to start on port: '33536'
Wed Oct  7 16:45:47 2026: Server is using token UUID: '8d2f3677-9a1c-453d-9d2c-a0fe3e401d6b'
Wed Oct  7 16:45:47 2026: SESSION_MGR: creating session with session uuid: '6d04a3e9-ade5-4ab9-8d63-1f78fcd2ec76' and name 'default'
Wed Oct  7 16:45:47 2026: Attempting to start server on port '33536'
Wed Oct  7 16:45:47 2026: XCD main fifo: created main fifo '/tmp/xcdmain8d2f3677-9a1c-453d-9d2c-a0fe3e401d6b', fd read = 13
Wed Oct  7 16:45:47 2026: Running Dispatch Server
Wed Oct  7 16:45:47 2026: Version 2.2.0
Wed Oct  7 16:45:56 2026: Dispatch Server: Accepted socket connection from client
Wed Oct  7 16:45:56 2026: Starting Socket connection
Wed Oct  7 16:45:56 2026: EXCHANGE_TOKEN received, server token: 8d2f3677-9a1c-453d-9d2c-a0fe3e401d6b, passed token: 8d2f3677-9a1c-453d-9d2c-a0fe3e401d6b
Wed Oct  7 16:45:56 2026: SESSION_MGR: creating session with session uuid: '86885946-8f73-4e64-94ba-8266a20036d6' and name 'vitis_hls'
Wed Oct  7 16:45:56 2026: KERNEL_SVC: creating session with uuid: '86885946-8f73-4e64-94ba-8266a20036d6' and name 'vitis_hls'
Wed Oct  7 16:45:56 2026: GUIDANCE_SMGR: creating guidance session with uuid: '86885946-8f73-4e64-94ba-8266a20036d6' and name 'vitis_hls'
Wed Oct  7 16:46:49 2026: STOP_SERVER received, server token: 8d2f3677-9a1c-453d-9d2c-a0fe3e401d6b, passed token: 8d2f3677-9a1c-453d-9d2c-a0fe3e401d6b
Wed Oct  7 16:46:49 2026: Socket received request to stop server.
Wed Oct  7 16:46:49 2026: Dispatch Server: do_await_stop
Wed Oct  7 16:46:49 2026: Dispatch Server: stopping mainFifo_
Wed Oct  7 16:46:49 2026: XCD main fifo: Stopping
Wed Oct  7 16:46:49 2026: XCD main fifo: do_read error code: Operation canceled
Wed Oct  7 16:46:49 2026: XCD main fifo: bytes_transferred: 0
Wed Oct  7 16:46:49 2026: SERVER: destructor for server bound to port 33536
Wed Oct  7 16:46:49 2026: XCD main fifo: Good unlink of /tmp/xcdmain8d2f3677-9a1c-453d-9d2c-a0fe3e401d6b
Wed Oct  7 16:46:49 2026: Server exiting with status 0.
Wed Oct  7 16:46:49 2026: Closing log file.
