==============================================================
Vitis HLS - High-Level Synthesis from C, C++ and OpenCL v2022.2 (64-bit)
Tool Version Limit: 2019.12
Copyright 1986-2022 Xilinx, Inc. All Rights Reserved.
==============================================================
INFO: [HLS 200-1505] Using default flow_target 'vivado'
INFO: [HLS 200-435] Setting 'open_solution -flow_target vivado' configuration: config_interface -m_axi_latency=0
INFO: [HLS 200-1510] Running: set_part xc7z020clg400-1 
INFO: [HLS 200-1611] Setting target device to 'xc7z020-clg400-1'
INFO: [HLS 200-1510] Running: create_clock -period 10 -name default 
INFO: [SYN 201-201] Setting up clock 'default' with a period of 10ns.
INFO: [HLS 200-1510] Running: config_interface -m_axi_latency 64 
INFO: [HLS 200-1510] Running: csynth_design 
INFO: [HLS 200-111] Finished File checks and directory preparation: CPU user time: 0.01 seconds. CPU system time: 0.02 seconds. Elapsed time: 10.02 seconds; current allocated memory: 281.535 MB.
INFO: [HLS 200-10] Analyzing design file 'conv.cpp' ... 
INFO: [HLS 200-111] Finished Source Code Analysis and Preprocessing: CPU user time: 0.47 seconds. CPU system time: 0.41 seconds. Elapsed time: 0.89 seconds; current allocated memory: 281.535 MB.
INFO: [HLS 200-777] Using interface defaults for 'Vivado' flow target.
INFO: [HLS 214-115] Multiple burst writes of length 193600 and bit width 32 in loop 'VITIS_LOOP_15_1'(conv.cpp:15:19) has been inferred on bundle 'mem1'. These burst requests might be further partitioned into multiple requests during RTL generation, based on max_read_burst_length or max_write_burst_length settings. (conv.cpp:15:19)
INFO: [HLS 214-115] Multiple burst reads of length 11 and bit width 32 in loop 'VITIS_LOOP_27_6'(conv.cpp:27:42) has been inferred on bundle 'mem1'. These burst requests might be further partitioned into multiple requests during RTL generation, based on max_read_burst_length or max_write_burst_length settings. (conv.cpp:27:42)
INFO: [HLS 200-111] Finished Compiling Optimization and Transform: CPU user time: 4.6 seconds. CPU system time: 0.71 seconds. Elapsed time: 5.32 seconds; current allocated memory: 281.535 MB.
INFO: [HLS 200-111] Finished Checking Pragmas: CPU user time: 0 seconds. CPU system time: 0 seconds. Elapsed time: 0 seconds; current allocated memory: 281.535 MB.
INFO: [HLS 200-10] Starting code transformations ...
INFO: [HLS 200-111] Finished Standard Transforms: CPU user time: 0.02 seconds. CPU system time: 0.01 seconds. Elapsed time: 0.02 seconds; current allocated memory: 281.535 MB.
INFO: [HLS 200-10] Checking synthesizability ...
INFO: [HLS 200-111] Finished Checking Synthesizability: CPU user time: 0.01 seconds. CPU system time: 0 seconds. Elapsed time: 0.02 seconds; current allocated memory: 281.535 MB.
INFO: [XFORM 203-11] Balancing expressions in function 'conv' (conv.cpp:4)...6 expression(s) balanced.
INFO: [HLS 200-111] Finished Loop, function and other optimizations: CPU user time: 0.07 seconds. CPU system time: 0.01 seconds. Elapsed time: 0.08 seconds; current allocated memory: 345.535 MB.
INFO: [XFORM 203-541] Flattening a loop nest 'VITIS_LOOP_25_5' (conv.cpp:21:22) in function 'conv'.
INFO: [XFORM 203-541] Flattening a loop nest 'VITIS_LOOP_23_4' (conv.cpp:21:22) in function 'conv'.
WARNING: [HLS 200-960] Cannot flatten loop 'VITIS_LOOP_19_3' (conv.cpp:19:39) in function 'conv' the outer loop is not a perfect loop because there is nontrivial logic in the loop latch.
INFO: [XFORM 203-541] Flattening a loop nest 'VITIS_LOOP_17_2' (conv.cpp:17:35) in function 'conv'.
INFO: [XFORM 203-541] Flattening a loop nest 'VITIS_LOOP_15_1' (conv.cpp:15:28) in function 'conv'.
INFO: [HLS 200-111] Finished Architecture Synthesis: CPU user time: 0.06 seconds. CPU system time: 0.01 seconds. Elapsed time: 0.07 seconds; current allocated memory: 345.535 MB.
INFO: [HLS 200-10] Starting hardware synthesis ...
INFO: [HLS 200-10] Synthesizing 'conv' ...
INFO: [HLS 200-10] ----------------------------------------------------------------
INFO: [HLS 200-42] -- Implementing module 'conv_Pipeline_VITIS_LOOP_27_6' 
INFO: [HLS 200-10] ----------------------------------------------------------------
INFO: [SCHED 204-11] Starting scheduling ...
INFO: [HLS 200-486] Changing DSP latency (root=empty_22) to 3 in order to utilize available DSP registers.
INFO: [HLS 200-486] Changing DSP latency (root=empty_23) to 3 in order to utilize available DSP registers.
INFO: [HLS 200-486] Changing DSP latency (root=p_mid1) to 3 in order to utilize available DSP registers.
INFO: [HLS 200-486] Changing DSP latency (root=p_mid17) to 3 in order to utilize available DSP registers.
INFO: [SCHED 204-61] Pipelining loop 'VITIS_LOOP_23_4_VITIS_LOOP_25_5_VITIS_LOOP_27_6'.
WARNING: [HLS 200-880] The II Violation in module 'conv_Pipeline_VITIS_LOOP_27_6' (loop 'VITIS_LOOP_23_4_VITIS_LOOP_25_5_VITIS_LOOP_27_6'): Unable to enforce a carried dependence constraint (II = 1, distance = 1, offset = 0) between 'store' operation ('sum_1_write_ln27', conv.cpp:27) of variable 'sum', conv.cpp:33 on local variable 'sum' and 'load' operation ('sum_1_load', conv.cpp:33) on local variable 'sum'.
WARNING: [HLS 200-880] The II Violation in module 'conv_Pipeline_VITIS_LOOP_27_6' (loop 'VITIS_LOOP_23_4_VITIS_LOOP_25_5_VITIS_LOOP_27_6'): Unable to enforce a carried dependence constraint (II = 2, distance = 1, offset = 0) between 'store' operation ('sum_1_write_ln27', conv.cpp:27) of variable 'sum', conv.cpp:33 on local variable 'sum' and 'load' operation ('sum_1_load', conv.cpp:33) on local variable 'sum'.
WARNING: [HLS 200-880] The II Violation in module 'conv_Pipeline_VITIS_LOOP_27_6' (loop 'VITIS_LOOP_23_4_VITIS_LOOP_25_5_VITIS_LOOP_27_6'): Unable to enforce a carried dependence constraint (II = 3, distance = 1, offset = 0) between 'store' operation ('sum_1_write_ln27', conv.cpp:27) of variable 'sum', conv.cpp:33 on local variable 'sum' and 'load' operation ('sum_1_load', conv.cpp:33) on local variable 'sum'.
INFO: [HLS 200-1470] Pipelining result : Target II = 1, Final II = 4, Depth = 87, loop 'VITIS_LOOP_23_4_VITIS_LOOP_25_5_VITIS_LOOP_27_6'
WARNING: [HLS 200-871] Estimated clock period (8.844ns) exceeds the target (target clock period: 10ns, clock uncertainty: 2.7ns, effective delay budget: 7.3ns).
WARNING: [HLS 200-1016] The critical path in module 'conv_Pipeline_VITIS_LOOP_27_6' consists of the following:	'fadd' operation ('sum', conv.cpp:33) [119]  (7.26 ns)
	'store' operation ('sum_1_write_ln27', conv.cpp:27) of variable 'sum', conv.cpp:33 on local variable 'sum' [128]  (1.59 ns)

INFO: [SCHED 204-11] Finished scheduling.
INFO: [HLS 200-111] Finished Scheduling: CPU user time: 0.32 seconds. CPU system time: 0.02 seconds. Elapsed time: 0.33 seconds; current allocated memory: 345.535 MB.
INFO: [BIND 205-100] Starting micro-architecture generation ...
INFO: [BIND 205-101] Performing variable lifetime analysis.
INFO: [BIND 205-101] Exploring resource sharing.
INFO: [BIND 205-101] Binding ...
INFO: [BIND 205-100] Finished micro-architecture generation.
INFO: [HLS 200-111] Finished Binding: CPU user time: 0.5 seconds. CPU system time: 0 seconds. Elapsed time: 0.5 seconds; current allocated memory: 345.535 MB.
INFO: [HLS 200-10] ----------------------------------------------------------------
INFO: [HLS 200-42] -- Implementing module 'conv' 
INFO: [HLS 200-10] ----------------------------------------------------------------
INFO: [SCHED 204-11] Starting scheduling ...
INFO: [HLS 200-486] Changing DSP latency (root=p_mid136) to 3 in order to utilize available DSP registers.
INFO: [HLS 200-486] Changing DSP latency (root=mul_ln15) to 3 in order to utilize available DSP registers.
INFO: [SCHED 204-11] Finished scheduling.
INFO: [HLS 200-111] Finished Scheduling: CPU user time: 0.53 seconds. CPU system time: 0.01 seconds. Elapsed time: 0.54 seconds; current allocated memory: 345.535 MB.
INFO: [BIND 205-100] Starting micro-architecture generation ...
INFO: [BIND 205-101] Performing variable lifetime analysis.
INFO: [BIND 205-101] Exploring resource sharing.
INFO: [BIND 205-101] Binding ...
INFO: [BIND 205-100] Finished micro-architecture generation.
INFO: [HLS 200-111] Finished Binding: CPU user time: 0.79 seconds. CPU system time: 0.01 seconds. Elapsed time: 0.79 seconds; current allocated memory: 345.535 MB.
INFO: [HLS 200-10] ----------------------------------------------------------------
INFO: [HLS 200-10] -- Generating RTL for module 'conv_Pipeline_VITIS_LOOP_27_6' 
