
*** Running vivado
    with args -log conv_mint_wrapper.vdi -applog -m64 -product Vivado -messageDb vivado.pb -mode batch -source conv_mint_wrapper.tcl -notrace


****** Vivado v2022.2 (64-bit)
  **** SW Build 3671981 on Fri Oct 14 04:59:54 MDT 2022
  **** IP Build 3669848 on Fri Oct 14 08:30:02 MDT 2022
    ** Copyright 1986-2022 Xilinx, Inc. All Rights Reserved.

source conv_mint_wrapper.tcl -notrace
create_project: Time (s): cpu = 00:00:06 ; elapsed = 00:00:06 . Memory (MB): peak = 1444.027 ; gain = 2.020 ; free physical = 187762 ; free virtual = 292411
INFO: [IP_Flow 19-234] Refreshing IP repositories
INFO: [IP_Flow 19-1700] Loaded user IP repository '/home/ykim131_588fa26/Desktop/ECE588/ECE588_fa2026_Lab03/results/part2/mint/vitis.prj/solution1/impl/ip'.
INFO: [IP_Flow 19-2313] Loaded Vivado IP repository '/apps/Xilinx/Vivado/2022.2/data/ip'.
Command: link_design -top conv_mint_wrapper -part xc7z020clg400-1
Design is defaulting to srcset: sources_1
Design is defaulting to constrset: constrs_1
INFO: [Device 21-403] Loading part xc7z020clg400-1
INFO: [Project 1-454] Reading design checkpoint '/home/ykim131_588fa26/Desktop/ECE588/ECE588_fa2026_Lab03/vivado/conv_mint/conv_mint.gen/sources_1/bd/conv_mint/ip/conv_mint_conv_0_0/conv_mint_conv_0_0.dcp' for cell 'conv_mint_i/conv_0'
INFO: [Project 1-454] Reading design checkpoint '/home/ykim131_588fa26/Desktop/ECE588/ECE588_fa2026_Lab03/vivado/conv_mint/conv_mint.gen/sources_1/bd/conv_mint/ip/conv_mint_processing_system7_0_0/conv_mint_processing_system7_0_0.dcp' for cell 'conv_mint_i/processing_system7_0'
INFO: [Project 1-454] Reading design checkpoint '/home/ykim131_588fa26/Desktop/ECE588/ECE588_fa2026_Lab03/vivado/conv_mint/conv_mint.gen/sources_1/bd/conv_mint/ip/conv_mint_rst_ps7_0_100M_0/conv_mint_rst_ps7_0_100M_0.dcp' for cell 'conv_mint_i/rst_ps7_0_100M'
INFO: [Project 1-454] Reading design checkpoint '/home/ykim131_588fa26/Desktop/ECE588/ECE588_fa2026_Lab03/vivado/conv_mint/conv_mint.gen/sources_1/bd/conv_mint/ip/conv_mint_auto_pc_1/conv_mint_auto_pc_1.dcp' for cell 'conv_mint_i/axi_mem_intercon/s00_couplers/auto_pc'
INFO: [Project 1-454] Reading design checkpoint '/home/ykim131_588fa26/Desktop/ECE588/ECE588_fa2026_Lab03/vivado/conv_mint/conv_mint.gen/sources_1/bd/conv_mint/ip/conv_mint_auto_us_0/conv_mint_auto_us_0.dcp' for cell 'conv_mint_i/axi_mem_intercon/s00_couplers/auto_us'
INFO: [Project 1-454] Reading design checkpoint '/home/ykim131_588fa26/Desktop/ECE588/ECE588_fa2026_Lab03/vivado/conv_mint/conv_mint.gen/sources_1/bd/conv_mint/ip/conv_mint_auto_pc_2/conv_mint_auto_pc_2.dcp' for cell 'conv_mint_i/axi_mem_intercon_1/s00_couplers/auto_pc'
INFO: [Project 1-454] Reading design checkpoint '/home/ykim131_588fa26/Desktop/ECE588/ECE588_fa2026_Lab03/vivado/conv_mint/conv_mint.gen/sources_1/bd/conv_mint/ip/conv_mint_auto_us_1/conv_mint_auto_us_1.dcp' for cell 'conv_mint_i/axi_mem_intercon_1/s00_couplers/auto_us'
INFO: [Project 1-454] Reading design checkpoint '/home/ykim131_588fa26/Desktop/ECE588/ECE588_fa2026_Lab03/vivado/conv_mint/conv_mint.gen/sources_1/bd/conv_mint/ip/conv_mint_auto_pc_0/conv_mint_auto_pc_0.dcp' for cell 'conv_mint_i/ps7_0_axi_periph/s00_couplers/auto_pc'
Netlist sorting complete. Time (s): cpu = 00:00:00.19 ; elapsed = 00:00:00.18 . Memory (MB): peak = 1784.414 ; gain = 0.000 ; free physical = 187383 ; free virtual = 292032
INFO: [Netlist 29-17] Analyzing 750 Unisim elements for replacement
INFO: [Netlist 29-28] Unisim Transformation completed in 0 CPU seconds
INFO: [Project 1-479] Netlist was created with Vivado 2022.2
INFO: [Project 1-570] Preparing netlist for logic optimization
Parsing XDC File [/home/ykim131_588fa26/Desktop/ECE588/ECE588_fa2026_Lab03/vivado/conv_mint/conv_mint.gen/sources_1/bd/conv_mint/ip/conv_mint_processing_system7_0_0/conv_mint_processing_system7_0_0.xdc] for cell 'conv_mint_i/processing_system7_0/inst'
Finished Parsing XDC File [/home/ykim131_588fa26/Desktop/ECE588/ECE588_fa2026_Lab03/vivado/conv_mint/conv_mint.gen/sources_1/bd/conv_mint/ip/conv_mint_processing_system7_0_0/conv_mint_processing_system7_0_0.xdc] for cell 'conv_mint_i/processing_system7_0/inst'
Parsing XDC File [/home/ykim131_588fa26/Desktop/ECE588/ECE588_fa2026_Lab03/vivado/conv_mint/conv_mint.gen/sources_1/bd/conv_mint/ip/conv_mint_rst_ps7_0_100M_0/conv_mint_rst_ps7_0_100M_0_board.xdc] for cell 'conv_mint_i/rst_ps7_0_100M/U0'
Finished Parsing XDC File [/home/ykim131_588fa26/Desktop/ECE588/ECE588_fa2026_Lab03/vivado/conv_mint/conv_mint.gen/sources_1/bd/conv_mint/ip/conv_mint_rst_ps7_0_100M_0/conv_mint_rst_ps7_0_100M_0_board.xdc] for cell 'conv_mint_i/rst_ps7_0_100M/U0'
Parsing XDC File [/home/ykim131_588fa26/Desktop/ECE588/ECE588_fa2026_Lab03/vivado/conv_mint/conv_mint.gen/sources_1/bd/conv_mint/ip/conv_mint_rst_ps7_0_100M_0/conv_mint_rst_ps7_0_100M_0.xdc] for cell 'conv_mint_i/rst_ps7_0_100M/U0'
Finished Parsing XDC File [/home/ykim131_588fa26/Desktop/ECE588/ECE588_fa2026_Lab03/vivado/conv_mint/conv_mint.gen/sources_1/bd/conv_mint/ip/conv_mint_rst_ps7_0_100M_0/conv_mint_rst_ps7_0_100M_0.xdc] for cell 'conv_mint_i/rst_ps7_0_100M/U0'
Parsing XDC File [/home/ykim131_588fa26/Desktop/ECE588/ECE588_fa2026_Lab03/vivado/conv_mint/conv_mint.gen/sources_1/bd/conv_mint/ip/conv_mint_auto_us_0/conv_mint_auto_us_0_clocks.xdc] for cell 'conv_mint_i/axi_mem_intercon/s00_couplers/auto_us/inst'
Finished Parsing XDC File [/home/ykim131_588fa26/Desktop/ECE588/ECE588_fa2026_Lab03/vivado/conv_mint/conv_mint.gen/sources_1/bd/conv_mint/ip/conv_mint_auto_us_0/conv_mint_auto_us_0_clocks.xdc] for cell 'conv_mint_i/axi_mem_intercon/s00_couplers/auto_us/inst'
Parsing XDC File [/home/ykim131_588fa26/Desktop/ECE588/ECE588_fa2026_Lab03/vivado/conv_mint/conv_mint.gen/sources_1/bd/conv_mint/ip/conv_mint_auto_us_1/conv_mint_auto_us_1_clocks.xdc] for cell 'conv_mint_i/axi_mem_intercon_1/s00_couplers/auto_us/inst'
Finished Parsing XDC File [/home/ykim131_588fa26/Desktop/ECE588/ECE588_fa2026_Lab03/vivado/conv_mint/conv_mint.gen/sources_1/bd/conv_mint/ip/conv_mint_auto_us_1/conv_mint_auto_us_1_clocks.xdc] for cell 'conv_mint_i/axi_mem_intercon_1/s00_couplers/auto_us/inst'
INFO: [Project 1-1714] 4 XPM XDC files have been applied to the design.
INFO: [Opt 31-138] Pushed 0 inverter(s) to 0 load pin(s).
Netlist sorting complete. Time (s): cpu = 00:00:00 ; elapsed = 00:00:00 . Memory (MB): peak = 2107.973 ; gain = 0.000 ; free physical = 187261 ; free virtual = 291911
INFO: [Project 1-111] Unisim Transformation Summary:
  A total of 4 instances were transformed.
  RAM32M => RAM32M (RAMD32(x6), RAMS32(x2)): 2 instances
  RAM32X1D => RAM32X1D (RAMD32(x2)): 2 instances

19 Infos, 0 Warnings, 0 Critical Warnings and 0 Errors encountered.
link_design completed successfully
link_design: Time (s): cpu = 00:00:16 ; elapsed = 00:00:17 . Memory (MB): peak = 2107.973 ; gain = 663.945 ; free physical = 187261 ; free virtual = 291911
Command: opt_design
Attempting to get a license for feature 'Implementation' and/or device 'xc7z020'
INFO: [Common 17-349] Got license for feature 'Implementation' and/or device 'xc7z020'
Running DRC as a precondition to command opt_design

Starting DRC Task
INFO: [DRC 23-27] Running DRC with 8 threads
INFO: [Project 1-461] DRC finished with 0 Errors
INFO: [Project 1-462] Please refer to the DRC report (report_drc) for more information.

Time (s): cpu = 00:00:02 ; elapsed = 00:00:01 . Memory (MB): peak = 2107.973 ; gain = 0.000 ; free physical = 187178 ; free virtual = 291828

Starting Cache Timing Information Task
INFO: [Timing 38-35] Done setting XDC timing constraints.
Ending Cache Timing Information Task | Checksum: 1c173dc64

Time (s): cpu = 00:00:11 ; elapsed = 00:00:10 . Memory (MB): peak = 2464.543 ; gain = 356.570 ; free physical = 186853 ; free virtual = 291503

Starting Logic Optimization Task

Phase 1 Retarget
INFO: [Opt 31-1287] Pulled Inverter conv_mint_i/axi_mem_intercon/s00_couplers/auto_pc/inst/gen_axi4_axi3.axi3_conv_inst/USE_READ.USE_SPLIT_R.read_addr_inst/USE_R_CHANNEL.cmd_queue/inst/fifo_gen_inst_i_2__0 into driver instance conv_mint_i/axi_mem_intercon/s00_couplers/auto_pc/inst/gen_axi4_axi3.axi3_conv_inst/USE_READ.USE_SPLIT_R.read_addr_inst/USE_R_CHANNEL.cmd_queue/inst/fifo_gen_inst_i_4__0, which resulted in an inversion of 6 pins
INFO: [Opt 31-1287] Pulled Inverter conv_mint_i/axi_mem_intercon/s00_couplers/auto_pc/inst/gen_axi4_axi3.axi3_conv_inst/USE_READ.USE_SPLIT_R.read_addr_inst/USE_R_CHANNEL.cmd_queue/inst/split_ongoing_i_1__0 into driver instance conv_mint_i/axi_mem_intercon/s00_couplers/auto_pc/inst/gen_axi4_axi3.axi3_conv_inst/USE_READ.USE_SPLIT_R.read_addr_inst/USE_R_CHANNEL.cmd_queue/inst/S_AXI_AREADY_I_i_3__0, which resulted in an inversion of 3 pins
INFO: [Opt 31-1287] Pulled Inverter conv_mint_i/axi_mem_intercon/s00_couplers/auto_pc/inst/gen_axi4_axi3.axi3_conv_inst/USE_WRITE.write_addr_inst/USE_BURSTS.cmd_queue/inst/split_ongoing_i_1 into driver instance conv_mint_i/axi_mem_intercon/s00_couplers/auto_pc/inst/gen_axi4_axi3.axi3_conv_inst/USE_WRITE.write_addr_inst/USE_BURSTS.cmd_queue/inst/S_AXI_AREADY_I_i_4, which resulted in an inversion of 3 pins
INFO: [Opt 31-1287] Pulled Inverter conv_mint_i/axi_mem_intercon/s00_couplers/auto_pc/inst/gen_axi4_axi3.axi3_conv_inst/USE_WRITE.write_addr_inst/USE_B_CHANNEL.cmd_b_queue/inst/fifo_gen_inst_i_1 into driver instance conv_mint_i/axi_mem_intercon/s00_couplers/auto_pc/inst/gen_axi4_axi3.axi3_conv_inst/USE_WRITE.write_addr_inst/USE_B_CHANNEL.cmd_b_queue/inst/fifo_gen_inst_i_3__0, which resulted in an inversion of 8 pins
INFO: [Opt 31-1287] Pulled Inverter conv_mint_i/axi_mem_intercon/s00_couplers/auto_us/inst/gen_upsizer.gen_full_upsizer.axi_upsizer_inst/si_register_slice_inst/aw.aw_pipe/USE_RTL_FIFO.data_srl_reg[31][11]_srl32_i_1 into driver instance conv_mint_i/axi_mem_intercon/s00_couplers/auto_us/inst/gen_upsizer.gen_full_upsizer.axi_upsizer_inst/si_register_slice_inst/aw.aw_pipe/m_axi_awaddr[0]_INST_0_i_1, which resulted in an inversion of 5 pins
INFO: [Opt 31-1287] Pulled Inverter conv_mint_i/axi_mem_intercon/s00_couplers/auto_us/inst/gen_upsizer.gen_full_upsizer.axi_upsizer_inst/si_register_slice_inst/aw.aw_pipe/USE_RTL_FIFO.data_srl_reg[31][13]_srl32_i_1 into driver instance conv_mint_i/axi_mem_intercon/s00_couplers/auto_us/inst/gen_upsizer.gen_full_upsizer.axi_upsizer_inst/si_register_slice_inst/aw.aw_pipe/m_axi_awaddr[2]_INST_0_i_2, which resulted in an inversion of 7 pins
INFO: [Opt 31-1287] Pulled Inverter conv_mint_i/axi_mem_intercon/s00_couplers/auto_us/inst/gen_upsizer.gen_full_upsizer.axi_upsizer_inst/si_register_slice_inst/aw.aw_pipe/USE_RTL_FIFO.data_srl_reg[31][24]_srl32_i_1__0 into driver instance conv_mint_i/axi_mem_intercon/s00_couplers/auto_us/inst/gen_upsizer.gen_full_upsizer.axi_upsizer_inst/si_register_slice_inst/aw.aw_pipe/m_axi_awlen[3]_INST_0_i_6, which resulted in an inversion of 3 pins
INFO: [Opt 31-1287] Pulled Inverter conv_mint_i/axi_mem_intercon_1/s00_couplers/auto_us/inst/gen_upsizer.gen_full_upsizer.axi_upsizer_inst/USE_READ.read_addr_inst/GEN_CMD_QUEUE.cmd_queue/m_payload_i[66]_i_1 into driver instance conv_mint_i/axi_mem_intercon_1/s00_couplers/auto_us/inst/gen_upsizer.gen_full_upsizer.axi_upsizer_inst/USE_READ.read_addr_inst/GEN_CMD_QUEUE.cmd_queue/s_ready_i_i_2, which resulted in an inversion of 3 pins
INFO: [Opt 31-1287] Pulled Inverter conv_mint_i/axi_mem_intercon_1/s00_couplers/auto_us/inst/gen_upsizer.gen_full_upsizer.axi_upsizer_inst/si_register_slice_inst/ar.ar_pipe/USE_RTL_FIFO.data_srl_reg[31][13]_srl32_i_1 into driver instance conv_mint_i/axi_mem_intercon_1/s00_couplers/auto_us/inst/gen_upsizer.gen_full_upsizer.axi_upsizer_inst/si_register_slice_inst/ar.ar_pipe/m_axi_araddr[2]_INST_0_i_3, which resulted in an inversion of 5 pins
INFO: [Opt 31-1287] Pulled Inverter conv_mint_i/conv_0/inst/icmp_ln17_reg_659[0]_i_1 into driver instance conv_mint_i/conv_0/inst/mul_mul_7ns_11ns_18_4_1_U21/conv_mul_mul_7ns_11ns_18_4_1_DSP48_1_U/icmp_ln17_reg_659[0]_i_2, which resulted in an inversion of 11 pins
INFO: [Opt 31-1287] Pulled Inverter conv_mint_i/conv_0/inst/mem2_m_axi_U/bus_read/fifo_rctl/sect_addr_buf[63]_i_1__1 into driver instance conv_mint_i/conv_0/inst/mem2_m_axi_U/bus_read/fifo_rctl/state[1]_i_2, which resulted in an inversion of 19 pins
INFO: [Opt 31-138] Pushed 2 inverter(s) to 12 load pin(s).
INFO: [Opt 31-49] Retargeted 0 cell(s).
Phase 1 Retarget | Checksum: 1cc7a94dc

Time (s): cpu = 00:00:02 ; elapsed = 00:00:00.68 . Memory (MB): peak = 2753.434 ; gain = 0.004 ; free physical = 186625 ; free virtual = 291275
INFO: [Opt 31-389] Phase Retarget created 64 cells and removed 132 cells
INFO: [Opt 31-1021] In phase Retarget, 36 netlist objects are constrained preventing optimization. Please run opt_design with -debug_log to get more detail. 

Phase 2 Constant propagation
INFO: [Opt 31-138] Pushed 8 inverter(s) to 15 load pin(s).
Phase 2 Constant propagation | Checksum: 18e2cdbdc

Time (s): cpu = 00:00:02 ; elapsed = 00:00:01 . Memory (MB): peak = 2753.434 ; gain = 0.004 ; free physical = 186625 ; free virtual = 291275
INFO: [Opt 31-389] Phase Constant propagation created 294 cells and removed 1307 cells
INFO: [Opt 31-1021] In phase Constant propagation, 36 netlist objects are constrained preventing optimization. Please run opt_design with -debug_log to get more detail. 

Phase 3 Sweep
Phase 3 Sweep | Checksum: 12b4ad895

Time (s): cpu = 00:00:03 ; elapsed = 00:00:02 . Memory (MB): peak = 2753.434 ; gain = 0.004 ; free physical = 186623 ; free virtual = 291273
INFO: [Opt 31-389] Phase Sweep created 0 cells and removed 1360 cells
INFO: [Opt 31-1021] In phase Sweep, 128 netlist objects are constrained preventing optimization. Please run opt_design with -debug_log to get more detail. 

Phase 4 BUFG optimization
Phase 4 BUFG optimization | Checksum: 12b4ad895

Time (s): cpu = 00:00:03 ; elapsed = 00:00:02 . Memory (MB): peak = 2785.449 ; gain = 32.020 ; free physical = 186624 ; free virtual = 291274
INFO: [Opt 31-662] Phase BUFG optimization created 0 cells of which 0 are BUFGs and removed 0 cells.

Phase 5 Shift Register Optimization
INFO: [Opt 31-1064] SRL Remap converted 0 SRLs to 0 registers and converted 0 registers of register chains to 0 SRLs
Phase 5 Shift Register Optimization | Checksum: 12b4ad895

Time (s): cpu = 00:00:03 ; elapsed = 00:00:02 . Memory (MB): peak = 2785.449 ; gain = 32.020 ; free physical = 186624 ; free virtual = 291274
INFO: [Opt 31-389] Phase Shift Register Optimization created 0 cells and removed 0 cells

Phase 6 Post Processing Netlist
Phase 6 Post Processing Netlist | Checksum: 16951ddea

Time (s): cpu = 00:00:03 ; elapsed = 00:00:02 . Memory (MB): peak = 2785.449 ; gain = 32.020 ; free physical = 186624 ; free virtual = 291274
INFO: [Opt 31-389] Phase Post Processing Netlist created 0 cells and removed 0 cells
INFO: [Opt 31-1021] In phase Post Processing Netlist, 44 netlist objects are constrained preventing optimization. Please run opt_design with -debug_log to get more detail. 
Opt_design Change Summary
=========================


-------------------------------------------------------------------------------------------------------------------------
|  Phase                        |  #Cells created  |  #Cells Removed  |  #Constrained objects preventing optimizations  |
-------------------------------------------------------------------------------------------------------------------------
|  Retarget                     |              64  |             132  |                                             36  |
|  Constant propagation         |             294  |            1307  |                                             36  |
|  Sweep                        |               0  |            1360  |                                            128  |
|  BUFG optimization            |               0  |               0  |                                              0  |
|  Shift Register Optimization  |               0  |               0  |                                              0  |
|  Post Processing Netlist      |               0  |               0  |                                             44  |
-------------------------------------------------------------------------------------------------------------------------



Starting Connectivity Check Task

Time (s): cpu = 00:00:00.02 ; elapsed = 00:00:00.02 . Memory (MB): peak = 2785.449 ; gain = 0.000 ; free physical = 186624 ; free virtual = 291274
Ending Logic Optimization Task | Checksum: 10998c779

Time (s): cpu = 00:00:04 ; elapsed = 00:00:02 . Memory (MB): peak = 2785.449 ; gain = 32.020 ; free physical = 186624 ; free virtual = 291274

Starting Power Optimization Task
INFO: [Pwropt 34-132] Skipping clock gating for clocks with a period < 2.00 ns.
INFO: [Pwropt 34-9] Applying IDT optimizations ...
INFO: [Pwropt 34-10] Applying ODC optimizations ...
INFO: [Timing 38-35] Done setting XDC timing constraints.
Running Vector-less Activity Propagation...

Finished Running Vector-less Activity Propagation


Starting PowerOpt Patch Enables Task
INFO: [Pwropt 34-162] WRITE_MODE attribute of 0 BRAM(s) out of a total of 3 has been updated to save power. Run report_power_opt to get a complete listing of the BRAMs updated.
INFO: [Pwropt 34-201] Structural ODC has moved 0 WE to EN ports
Number of BRAM Ports augmented: 3 newly gated: 3 Total Ports: 6
Ending PowerOpt Patch Enables Task | Checksum: 1255f2dd6

Time (s): cpu = 00:00:00.16 ; elapsed = 00:00:00.09 . Memory (MB): peak = 3062.406 ; gain = 0.000 ; free physical = 186608 ; free virtual = 291257
Ending Power Optimization Task | Checksum: 1255f2dd6

Time (s): cpu = 00:00:06 ; elapsed = 00:00:02 . Memory (MB): peak = 3062.406 ; gain = 276.957 ; free physical = 186615 ; free virtual = 291265

Starting Final Cleanup Task
Ending Final Cleanup Task | Checksum: 1255f2dd6

Time (s): cpu = 00:00:00 ; elapsed = 00:00:00 . Memory (MB): peak = 3062.406 ; gain = 0.000 ; free physical = 186615 ; free virtual = 291265

Starting Netlist Obfuscation Task
Netlist sorting complete. Time (s): cpu = 00:00:00.02 ; elapsed = 00:00:00.01 . Memory (MB): peak = 3062.406 ; gain = 0.000 ; free physical = 186615 ; free virtual = 291265
Ending Netlist Obfuscation Task | Checksum: 1494bc18a

Time (s): cpu = 00:00:00.02 ; elapsed = 00:00:00.02 . Memory (MB): peak = 3062.406 ; gain = 0.000 ; free physical = 186615 ; free virtual = 291265
INFO: [Common 17-83] Releasing license: Implementation
56 Infos, 0 Warnings, 0 Critical Warnings and 0 Errors encountered.
opt_design completed successfully
opt_design: Time (s): cpu = 00:00:25 ; elapsed = 00:00:19 . Memory (MB): peak = 3062.406 ; gain = 954.434 ; free physical = 186615 ; free virtual = 291265
INFO: [Timing 38-480] Writing timing data to binary archive.
Writing XDEF routing.
Writing XDEF routing logical nets.
Writing XDEF routing special nets.
Write XDEF Complete: Time (s): cpu = 00:00:00.51 ; elapsed = 00:00:00.11 . Memory (MB): peak = 3062.406 ; gain = 0.000 ; free physical = 186601 ; free virtual = 291254
INFO: [Common 17-1381] The checkpoint '/home/ykim131_588fa26/Desktop/ECE588/ECE588_fa2026_Lab03/vivado/conv_mint/conv_mint.runs/impl_1/conv_mint_wrapper_opt.dcp' has been generated.
INFO: [runtcl-4] Executing : report_drc -file conv_mint_wrapper_drc_opted.rpt -pb conv_mint_wrapper_drc_opted.pb -rpx conv_mint_wrapper_drc_opted.rpx
Command: report_drc -file conv_mint_wrapper_drc_opted.rpt -pb conv_mint_wrapper_drc_opted.pb -rpx conv_mint_wrapper_drc_opted.rpx
INFO: [IP_Flow 19-1839] IP Catalog is up to date.
INFO: [DRC 23-27] Running DRC with 8 threads
INFO: [Vivado_Tcl 2-168] The results of DRC are in file /home/ykim131_588fa26/Desktop/ECE588/ECE588_fa2026_Lab03/vivado/conv_mint/conv_mint.runs/impl_1/conv_mint_wrapper_drc_opted.rpt.
report_drc completed successfully
Command: place_design
Attempting to get a license for feature 'Implementation' and/or device 'xc7z020'
INFO: [Common 17-349] Got license for feature 'Implementation' and/or device 'xc7z020'
INFO: [DRC 23-27] Running DRC with 8 threads
INFO: [Vivado_Tcl 4-198] DRC finished with 0 Errors
INFO: [Vivado_Tcl 4-199] Please refer to the DRC report (report_drc) for more information.
Running DRC as a precondition to command place_design
INFO: [DRC 23-27] Running DRC with 8 threads
INFO: [Vivado_Tcl 4-198] DRC finished with 0 Errors, 1 Advisories
INFO: [Vivado_Tcl 4-199] Please refer to the DRC report (report_drc) for more information.

Starting Placer Task
INFO: [Place 30-611] Multithreading enabled for place_design using a maximum of 8 CPUs

Phase 1 Placer Initialization

Phase 1.1 Placer Initialization Netlist Sorting
Netlist sorting complete. Time (s): cpu = 00:00:00 ; elapsed = 00:00:00 . Memory (MB): peak = 3117.594 ; gain = 0.000 ; free physical = 186514 ; free virtual = 291168
Phase 1.1 Placer Initialization Netlist Sorting | Checksum: fadc7135

Time (s): cpu = 00:00:00.01 ; elapsed = 00:00:00.03 . Memory (MB): peak = 3117.594 ; gain = 0.000 ; free physical = 186514 ; free virtual = 291168
Netlist sorting complete. Time (s): cpu = 00:00:00.01 ; elapsed = 00:00:00 . Memory (MB): peak = 3117.594 ; gain = 0.000 ; free physical = 186514 ; free virtual = 291168

Phase 1.2 IO Placement/ Clock Placement/ Build Placer Device
INFO: [Timing 38-35] Done setting XDC timing constraints.
Phase 1.2 IO Placement/ Clock Placement/ Build Placer Device | Checksum: f14db13f

Time (s): cpu = 00:00:03 ; elapsed = 00:00:01 . Memory (MB): peak = 3117.594 ; gain = 0.000 ; free physical = 186498 ; free virtual = 291152

Phase 1.3 Build Placer Netlist Model
Phase 1.3 Build Placer Netlist Model | Checksum: 6d9ec98c

Time (s): cpu = 00:00:08 ; elapsed = 00:00:03 . Memory (MB): peak = 3117.594 ; gain = 0.000 ; free physical = 186507 ; free virtual = 291161

Phase 1.4 Constrain Clocks/Macros
Phase 1.4 Constrain Clocks/Macros | Checksum: 6d9ec98c

Time (s): cpu = 00:00:08 ; elapsed = 00:00:03 . Memory (MB): peak = 3117.594 ; gain = 0.000 ; free physical = 186507 ; free virtual = 291161
Phase 1 Placer Initialization | Checksum: 6d9ec98c

Time (s): cpu = 00:00:08 ; elapsed = 00:00:03 . Memory (MB): peak = 3117.594 ; gain = 0.000 ; free physical = 186506 ; free virtual = 291160

Phase 2 Global Placement

Phase 2.1 Floorplanning
Phase 2.1 Floorplanning | Checksum: 83501c6d

Time (s): cpu = 00:00:10 ; elapsed = 00:00:04 . Memory (MB): peak = 3117.594 ; gain = 0.000 ; free physical = 186563 ; free virtual = 291217

Phase 2.2 Update Timing before SLR Path Opt
Phase 2.2 Update Timing before SLR Path Opt | Checksum: e67bb63d

Time (s): cpu = 00:00:11 ; elapsed = 00:00:04 . Memory (MB): peak = 3117.594 ; gain = 0.000 ; free physical = 186560 ; free virtual = 291214

Phase 2.3 Post-Processing in Floorplanning
Phase 2.3 Post-Processing in Floorplanning | Checksum: e67bb63d

Time (s): cpu = 00:00:11 ; elapsed = 00:00:04 . Memory (MB): peak = 3117.594 ; gain = 0.000 ; free physical = 186560 ; free virtual = 291214

Phase 2.4 Global Placement Core

Phase 2.4.1 UpdateTiming Before Physical Synthesis
Phase 2.4.1 UpdateTiming Before Physical Synthesis | Checksum: 1791d3991

Time (s): cpu = 00:00:35 ; elapsed = 00:00:09 . Memory (MB): peak = 3117.594 ; gain = 0.000 ; free physical = 186529 ; free virtual = 291183

Phase 2.4.2 Physical Synthesis In Placer
INFO: [Physopt 32-1035] Found 0 LUTNM shape to break, 416 LUT instances to create LUTNM shape
INFO: [Physopt 32-1044] Break lutnm for timing: one critical 0, two critical 0, total 0, new lutff created 0
INFO: [Physopt 32-1138] End 1 Pass. Optimized 185 nets or LUTs. Breaked 0 LUT, combined 185 existing LUTs and moved 0 existing LUT
INFO: [Physopt 32-65] No nets found for high-fanout optimization.
INFO: [Physopt 32-232] Optimized 0 net. Created 0 new instance.
INFO: [Physopt 32-775] End 1 Pass. Optimized 0 net or cell. Created 0 new cell, deleted 0 existing cell and moved 0 existing cell
INFO: [Physopt 32-670] No setup violation found.  DSP Register Optimization was not performed.
INFO: [Physopt 32-670] No setup violation found.  Shift Register to Pipeline Optimization was not performed.
INFO: [Physopt 32-670] No setup violation found.  Shift Register Optimization was not performed.
INFO: [Physopt 32-670] No setup violation found.  BRAM Register Optimization was not performed.
INFO: [Physopt 32-670] No setup violation found.  URAM Register Optimization was not performed.
INFO: [Physopt 32-949] No candidate nets found for dynamic/static region interface net replication
INFO: [Physopt 32-775] End 1 Pass. Optimized 0 net or cell. Created 0 new cell, deleted 0 existing cell and moved 0 existing cell
Netlist sorting complete. Time (s): cpu = 00:00:00.01 ; elapsed = 00:00:00 . Memory (MB): peak = 3117.594 ; gain = 0.000 ; free physical = 186531 ; free virtual = 291185

Summary of Physical Synthesis Optimizations
============================================


-----------------------------------------------------------------------------------------------------------------------------------------------------------
|  Optimization                                     |  Added Cells  |  Removed Cells  |  Optimized Cells/Nets  |  Dont Touch  |  Iterations  |  Elapsed   |
-----------------------------------------------------------------------------------------------------------------------------------------------------------
|  LUT Combining                                    |            0  |            185  |                   185  |           0  |           1  |  00:00:00  |
|  Retime                                           |            0  |              0  |                     0  |           0  |           1  |  00:00:00  |
|  Very High Fanout                                 |            0  |              0  |                     0  |           0  |           1  |  00:00:00  |
|  DSP Register                                     |            0  |              0  |                     0  |           0  |           0  |  00:00:00  |
|  Shift Register to Pipeline                       |            0  |              0  |                     0  |           0  |           0  |  00:00:00  |
|  Shift Register                                   |            0  |              0  |                     0  |           0  |           0  |  00:00:00  |
|  BRAM Register                                    |            0  |              0  |                     0  |           0  |           0  |  00:00:00  |
|  URAM Register                                    |            0  |              0  |                     0  |           0  |           0  |  00:00:00  |
|  Dynamic/Static Region Interface Net Replication  |            0  |              0  |                     0  |           0  |           1  |  00:00:00  |
|  Total                                            |            0  |            185  |                   185  |           0  |           4  |  00:00:00  |
-----------------------------------------------------------------------------------------------------------------------------------------------------------


Phase 2.4.2 Physical Synthesis In Placer | Checksum: 93ca9c2c

Time (s): cpu = 00:00:38 ; elapsed = 00:00:11 . Memory (MB): peak = 3117.594 ; gain = 0.000 ; free physical = 186529 ; free virtual = 291183
Phase 2.4 Global Placement Core | Checksum: 1066e07b6

Time (s): cpu = 00:00:40 ; elapsed = 00:00:11 . Memory (MB): peak = 3117.594 ; gain = 0.000 ; free physical = 186528 ; free virtual = 291182
Phase 2 Global Placement | Checksum: 1066e07b6

Time (s): cpu = 00:00:40 ; elapsed = 00:00:11 . Memory (MB): peak = 3117.594 ; gain = 0.000 ; free physical = 186536 ; free virtual = 291190

Phase 3 Detail Placement

Phase 3.1 Commit Multi Column Macros
Phase 3.1 Commit Multi Column Macros | Checksum: 1684ad4a2

Time (s): cpu = 00:00:41 ; elapsed = 00:00:11 . Memory (MB): peak = 3117.594 ; gain = 0.000 ; free physical = 186532 ; free virtual = 291186

Phase 3.2 Commit Most Macros & LUTRAMs
Phase 3.2 Commit Most Macros & LUTRAMs | Checksum: b5723ea6

Time (s): cpu = 00:00:44 ; elapsed = 00:00:13 . Memory (MB): peak = 3117.594 ; gain = 0.000 ; free physical = 186524 ; free virtual = 291178

Phase 3.3 Area Swap Optimization
Phase 3.3 Area Swap Optimization | Checksum: fa6ab11b

Time (s): cpu = 00:00:45 ; elapsed = 00:00:13 . Memory (MB): peak = 3117.594 ; gain = 0.000 ; free physical = 186522 ; free virtual = 291176

Phase 3.4 Pipeline Register Optimization
Phase 3.4 Pipeline Register Optimization | Checksum: 1640e3ce7

Time (s): cpu = 00:00:45 ; elapsed = 00:00:13 . Memory (MB): peak = 3117.594 ; gain = 0.000 ; free physical = 186524 ; free virtual = 291178

Phase 3.5 Small Shape Detail Placement
Phase 3.5 Small Shape Detail Placement | Checksum: 1ba9ca237

Time (s): cpu = 00:00:48 ; elapsed = 00:00:16 . Memory (MB): peak = 3117.594 ; gain = 0.000 ; free physical = 186521 ; free virtual = 291175

Phase 3.6 Re-assign LUT pins
Phase 3.6 Re-assign LUT pins | Checksum: 177ce34e7

Time (s): cpu = 00:00:49 ; elapsed = 00:00:16 . Memory (MB): peak = 3117.594 ; gain = 0.000 ; free physical = 186533 ; free virtual = 291187

Phase 3.7 Pipeline Register Optimization
Phase 3.7 Pipeline Register Optimization | Checksum: c18ad0a3

Time (s): cpu = 00:00:49 ; elapsed = 00:00:16 . Memory (MB): peak = 3117.594 ; gain = 0.000 ; free physical = 186534 ; free virtual = 291187
Phase 3 Detail Placement | Checksum: c18ad0a3

Time (s): cpu = 00:00:49 ; elapsed = 00:00:16 . Memory (MB): peak = 3117.594 ; gain = 0.000 ; free physical = 186533 ; free virtual = 291187

Phase 4 Post Placement Optimization and Clean-Up

Phase 4.1 Post Commit Optimization
INFO: [Timing 38-35] Done setting XDC timing constraints.

Phase 4.1.1 Post Placement Optimization
Post Placement Optimization Initialization | Checksum: 2275648a7

Phase 4.1.1.1 BUFG Insertion

Starting Physical Synthesis Task

Phase 1 Physical Synthesis Initialization
INFO: [Physopt 32-721] Multithreading enabled for phys_opt_design using a maximum of 8 CPUs
INFO: [Physopt 32-619] Estimated Timing Summary | WNS=0.362 | TNS=0.000 |
Phase 1 Physical Synthesis Initialization | Checksum: 21c3d5f52

Time (s): cpu = 00:00:01 ; elapsed = 00:00:00.32 . Memory (MB): peak = 3117.594 ; gain = 0.000 ; free physical = 186521 ; free virtual = 291174
INFO: [Place 46-33] Processed net conv_mint_i/conv_0/inst/mem1_m_axi_U/bus_write/wreq_throttle/req_fifo/U_fifo_srl/SR[0], BUFG insertion was skipped due to placement/routing conflicts.
INFO: [Place 46-56] BUFG insertion identified 1 candidate nets. Inserted BUFG: 0, Replicated BUFG Driver: 0, Skipped due to Placement/Routing Conflicts: 1, Skipped due to Timing Degradation: 0, Skipped due to Illegal Netlist: 0.
Ending Physical Synthesis Task | Checksum: 176ae3a93

Time (s): cpu = 00:00:01 ; elapsed = 00:00:00.57 . Memory (MB): peak = 3117.594 ; gain = 0.000 ; free physical = 186518 ; free virtual = 291171
Phase 4.1.1.1 BUFG Insertion | Checksum: 2275648a7

Time (s): cpu = 00:00:56 ; elapsed = 00:00:19 . Memory (MB): peak = 3117.594 ; gain = 0.000 ; free physical = 186517 ; free virtual = 291170

Phase 4.1.1.2 Post Placement Timing Optimization
INFO: [Place 30-746] Post Placement Timing Summary WNS=0.942. For the most accurate timing information please run report_timing.
Phase 4.1.1.2 Post Placement Timing Optimization | Checksum: 23eff0738

Time (s): cpu = 00:00:57 ; elapsed = 00:00:20 . Memory (MB): peak = 3117.594 ; gain = 0.000 ; free physical = 186517 ; free virtual = 291170

Time (s): cpu = 00:00:57 ; elapsed = 00:00:20 . Memory (MB): peak = 3117.594 ; gain = 0.000 ; free physical = 186517 ; free virtual = 291170
Phase 4.1 Post Commit Optimization | Checksum: 23eff0738

Time (s): cpu = 00:00:57 ; elapsed = 00:00:20 . Memory (MB): peak = 3117.594 ; gain = 0.000 ; free physical = 186518 ; free virtual = 291171

Phase 4.2 Post Placement Cleanup
Phase 4.2 Post Placement Cleanup | Checksum: 23eff0738

Time (s): cpu = 00:00:57 ; elapsed = 00:00:20 . Memory (MB): peak = 3117.594 ; gain = 0.000 ; free physical = 186516 ; free virtual = 291170

Phase 4.3 Placer Reporting

Phase 4.3.1 Print Estimated Congestion
INFO: [Place 30-612] Post-Placement Estimated Congestion 
 ____________________________________________________
|           | Global Congestion | Short Congestion  |
| Direction | Region Size       | Region Size       |
|___________|___________________|___________________|
|      North|                1x1|                2x2|
|___________|___________________|___________________|
|      South|                1x1|                2x2|
|___________|___________________|___________________|
|       East|                1x1|                1x1|
|___________|___________________|___________________|
|       West|                1x1|                1x1|
|___________|___________________|___________________|

Phase 4.3.1 Print Estimated Congestion | Checksum: 23eff0738

Time (s): cpu = 00:00:57 ; elapsed = 00:00:20 . Memory (MB): peak = 3117.594 ; gain = 0.000 ; free physical = 186516 ; free virtual = 291170
Phase 4.3 Placer Reporting | Checksum: 23eff0738

Time (s): cpu = 00:00:57 ; elapsed = 00:00:20 . Memory (MB): peak = 3117.594 ; gain = 0.000 ; free physical = 186516 ; free virtual = 291170

Phase 4.4 Final Placement Cleanup
Netlist sorting complete. Time (s): cpu = 00:00:00.01 ; elapsed = 00:00:00 . Memory (MB): peak = 3117.594 ; gain = 0.000 ; free physical = 186516 ; free virtual = 291170

Time (s): cpu = 00:00:57 ; elapsed = 00:00:20 . Memory (MB): peak = 3117.594 ; gain = 0.000 ; free physical = 186516 ; free virtual = 291170
Phase 4 Post Placement Optimization and Clean-Up | Checksum: 1ece5a115

Time (s): cpu = 00:00:57 ; elapsed = 00:00:20 . Memory (MB): peak = 3117.594 ; gain = 0.000 ; free physical = 186517 ; free virtual = 291170
Ending Placer Task | Checksum: 164a89756

Time (s): cpu = 00:00:58 ; elapsed = 00:00:20 . Memory (MB): peak = 3117.594 ; gain = 0.000 ; free physical = 186515 ; free virtual = 291169
INFO: [Common 17-83] Releasing license: Implementation
92 Infos, 0 Warnings, 0 Critical Warnings and 0 Errors encountered.
place_design completed successfully
place_design: Time (s): cpu = 00:01:00 ; elapsed = 00:00:21 . Memory (MB): peak = 3117.594 ; gain = 0.000 ; free physical = 186546 ; free virtual = 291199
INFO: [Timing 38-480] Writing timing data to binary archive.
Writing XDEF routing.
Writing XDEF routing logical nets.
Writing XDEF routing special nets.
Write XDEF Complete: Time (s): cpu = 00:00:03 ; elapsed = 00:00:01 . Memory (MB): peak = 3117.594 ; gain = 0.000 ; free physical = 186522 ; free virtual = 291193
INFO: [Common 17-1381] The checkpoint '/home/ykim131_588fa26/Desktop/ECE588/ECE588_fa2026_Lab03/vivado/conv_mint/conv_mint.runs/impl_1/conv_mint_wrapper_placed.dcp' has been generated.
INFO: [runtcl-4] Executing : report_io -file conv_mint_wrapper_io_placed.rpt
report_io: Time (s): cpu = 00:00:00.11 ; elapsed = 00:00:00.21 . Memory (MB): peak = 3117.594 ; gain = 0.000 ; free physical = 186465 ; free virtual = 291124
INFO: [runtcl-4] Executing : report_utilization -file conv_mint_wrapper_utilization_placed.rpt -pb conv_mint_wrapper_utilization_placed.pb
INFO: [runtcl-4] Executing : report_control_sets -verbose -file conv_mint_wrapper_control_sets_placed.rpt
report_control_sets: Time (s): cpu = 00:00:00.07 ; elapsed = 00:00:00.15 . Memory (MB): peak = 3117.594 ; gain = 0.000 ; free physical = 186475 ; free virtual = 291134
Command: phys_opt_design
Attempting to get a license for feature 'Implementation' and/or device 'xc7z020'
INFO: [Common 17-349] Got license for feature 'Implementation' and/or device 'xc7z020'

Starting Initial Update Timing Task

Time (s): cpu = 00:00:04 ; elapsed = 00:00:01 . Memory (MB): peak = 3117.594 ; gain = 0.000 ; free physical = 186447 ; free virtual = 291106
INFO: [Vivado_Tcl 4-383] Design worst setup slack (WNS) is greater than or equal to 0.000 ns. Skipping all physical synthesis optimizations.
INFO: [Vivado_Tcl 4-232] No setup violation found. The netlist was not modified.
INFO: [Common 17-83] Releasing license: Implementation
101 Infos, 0 Warnings, 0 Critical Warnings and 0 Errors encountered.
phys_opt_design completed successfully
INFO: [Timing 38-480] Writing timing data to binary archive.
Writing XDEF routing.
Writing XDEF routing logical nets.
Writing XDEF routing special nets.
Write XDEF Complete: Time (s): cpu = 00:00:03 ; elapsed = 00:00:01 . Memory (MB): peak = 3117.594 ; gain = 0.000 ; free physical = 186426 ; free virtual = 291101
INFO: [Common 17-1381] The checkpoint '/home/ykim131_588fa26/Desktop/ECE588/ECE588_fa2026_Lab03/vivado/conv_mint/conv_mint.runs/impl_1/conv_mint_wrapper_physopt.dcp' has been generated.
Command: route_design
Attempting to get a license for feature 'Implementation' and/or device 'xc7z020'
INFO: [Common 17-349] Got license for feature 'Implementation' and/or device 'xc7z020'
Running DRC as a precondition to command route_design
INFO: [DRC 23-27] Running DRC with 8 threads
INFO: [Vivado_Tcl 4-198] DRC finished with 0 Errors
INFO: [Vivado_Tcl 4-199] Please refer to the DRC report (report_drc) for more information.


Starting Routing Task
INFO: [Route 35-254] Multithreading enabled for route_design using a maximum of 8 CPUs

Phase 1 Build RT Design
Checksum: PlaceDB: e80b4ce5 ConstDB: 0 ShapeSum: 7c9d4a71 RouteDB: 0
Post Restoration Checksum: NetGraph: 5fbf2f47 NumContArr: b053b06b Constraints: 0 Timing: 0
Phase 1 Build RT Design | Checksum: 11012dfb2

Time (s): cpu = 00:00:33 ; elapsed = 00:00:26 . Memory (MB): peak = 3117.594 ; gain = 0.000 ; free physical = 186371 ; free virtual = 291035

Phase 2 Router Initialization

Phase 2.1 Fix Topology Constraints
Phase 2.1 Fix Topology Constraints | Checksum: 11012dfb2

Time (s): cpu = 00:00:33 ; elapsed = 00:00:27 . Memory (MB): peak = 3117.594 ; gain = 0.000 ; free physical = 186337 ; free virtual = 291001

Phase 2.2 Pre Route Cleanup
Phase 2.2 Pre Route Cleanup | Checksum: 11012dfb2

Time (s): cpu = 00:00:33 ; elapsed = 00:00:27 . Memory (MB): peak = 3117.594 ; gain = 0.000 ; free physical = 186337 ; free virtual = 291001
 Number of Nodes with overlaps = 0

Phase 2.3 Update Timing
Phase 2.3 Update Timing | Checksum: c919cdbb

Time (s): cpu = 00:00:40 ; elapsed = 00:00:29 . Memory (MB): peak = 3117.594 ; gain = 0.000 ; free physical = 186325 ; free virtual = 290990
INFO: [Route 35-416] Intermediate Timing Summary | WNS=1.132  | TNS=0.000  | WHS=-0.221 | THS=-120.213|


Router Utilization Summary
  Global Vertical Routing Utilization    = 0 %
  Global Horizontal Routing Utilization  = 0 %
  Routable Net Status*
  *Does not include unroutable nets such as driverless and loadless.
  Run report_route_status for detailed report.
  Number of Failed Nets               = 10925
    (Failed Nets is the sum of unrouted and partially routed nets)
  Number of Unrouted Nets             = 10925
  Number of Partially Routed Nets     = 0
  Number of Node Overlaps             = 0

Phase 2 Router Initialization | Checksum: c74de94b

Time (s): cpu = 00:00:45 ; elapsed = 00:00:31 . Memory (MB): peak = 3117.594 ; gain = 0.000 ; free physical = 186315 ; free virtual = 290979

Phase 3 Initial Routing

Phase 3.1 Global Routing
Phase 3.1 Global Routing | Checksum: c74de94b

Time (s): cpu = 00:00:45 ; elapsed = 00:00:31 . Memory (MB): peak = 3117.594 ; gain = 0.000 ; free physical = 186315 ; free virtual = 290979
Phase 3 Initial Routing | Checksum: 1d1ad32d2

Time (s): cpu = 00:00:48 ; elapsed = 00:00:31 . Memory (MB): peak = 3117.594 ; gain = 0.000 ; free physical = 186314 ; free virtual = 290979

Phase 4 Rip-up And Reroute

Phase 4.1 Global Iteration 0
 Number of Nodes with overlaps = 888
 Number of Nodes with overlaps = 169
 Number of Nodes with overlaps = 50
 Number of Nodes with overlaps = 14
 Number of Nodes with overlaps = 2
 Number of Nodes with overlaps = 0
INFO: [Route 35-416] Intermediate Timing Summary | WNS=1.474  | TNS=0.000  | WHS=N/A    | THS=N/A    |

Phase 4.1 Global Iteration 0 | Checksum: a9afd1fa

Time (s): cpu = 00:01:01 ; elapsed = 00:00:41 . Memory (MB): peak = 3117.594 ; gain = 0.000 ; free physical = 186175 ; free virtual = 290845

Phase 4.2 Global Iteration 1
 Number of Nodes with overlaps = 3
 Number of Nodes with overlaps = 0
INFO: [Route 35-416] Intermediate Timing Summary | WNS=1.474  | TNS=0.000  | WHS=N/A    | THS=N/A    |

Phase 4.2 Global Iteration 1 | Checksum: 23a3ab04c

Time (s): cpu = 00:01:01 ; elapsed = 00:00:42 . Memory (MB): peak = 3117.594 ; gain = 0.000 ; free physical = 186177 ; free virtual = 290847
Phase 4 Rip-up And Reroute | Checksum: 23a3ab04c

Time (s): cpu = 00:01:01 ; elapsed = 00:00:42 . Memory (MB): peak = 3117.594 ; gain = 0.000 ; free physical = 186177 ; free virtual = 290847

Phase 5 Delay and Skew Optimization

Phase 5.1 Delay CleanUp
Phase 5.1 Delay CleanUp | Checksum: 23a3ab04c

Time (s): cpu = 00:01:01 ; elapsed = 00:00:42 . Memory (MB): peak = 3117.594 ; gain = 0.000 ; free physical = 186177 ; free virtual = 290847

Phase 5.2 Clock Skew Optimization
Phase 5.2 Clock Skew Optimization | Checksum: 23a3ab04c

Time (s): cpu = 00:01:01 ; elapsed = 00:00:42 . Memory (MB): peak = 3117.594 ; gain = 0.000 ; free physical = 186178 ; free virtual = 290848
Phase 5 Delay and Skew Optimization | Checksum: 23a3ab04c

Time (s): cpu = 00:01:01 ; elapsed = 00:00:42 . Memory (MB): peak = 3117.594 ; gain = 0.000 ; free physical = 186178 ; free virtual = 290848

Phase 6 Post Hold Fix

Phase 6.1 Hold Fix Iter

Phase 6.1.1 Update Timing
Phase 6.1.1 Update Timing | Checksum: 194909318

Time (s): cpu = 00:01:03 ; elapsed = 00:00:43 . Memory (MB): peak = 3117.594 ; gain = 0.000 ; free physical = 186181 ; free virtual = 290851
INFO: [Route 35-416] Intermediate Timing Summary | WNS=1.553  | TNS=0.000  | WHS=0.016  | THS=0.000  |

Phase 6.1 Hold Fix Iter | Checksum: 218068038

Time (s): cpu = 00:01:03 ; elapsed = 00:00:43 . Memory (MB): peak = 3117.594 ; gain = 0.000 ; free physical = 186181 ; free virtual = 290851
Phase 6 Post Hold Fix | Checksum: 218068038

Time (s): cpu = 00:01:03 ; elapsed = 00:00:43 . Memory (MB): peak = 3117.594 ; gain = 0.000 ; free physical = 186178 ; free virtual = 290848

Phase 7 Route finalize

Router Utilization Summary
  Global Vertical Routing Utilization    = 2.38573 %
  Global Horizontal Routing Utilization  = 2.68154 %
  Routable Net Status*
  *Does not include unroutable nets such as driverless and loadless.
  Run report_route_status for detailed report.
  Number of Failed Nets               = 0
    (Failed Nets is the sum of unrouted and partially routed nets)
  Number of Unrouted Nets             = 0
  Number of Partially Routed Nets     = 0
  Number of Node Overlaps             = 0

Phase 7 Route finalize | Checksum: 1bf9a0952

Time (s): cpu = 00:01:04 ; elapsed = 00:00:43 . Memory (MB): peak = 3117.594 ; gain = 0.000 ; free physical = 186182 ; free virtual = 290852

Phase 8 Verifying routed nets

 Verification completed successfully
Phase 8 Verifying routed nets | Checksum: 1bf9a0952

Time (s): cpu = 00:01:04 ; elapsed = 00:00:43 . Memory (MB): peak = 3117.594 ; gain = 0.000 ; free physical = 186178 ; free virtual = 290848

Phase 9 Depositing Routes
Phase 9 Depositing Routes | Checksum: 14ec8fb63

Time (s): cpu = 00:01:05 ; elapsed = 00:00:44 . Memory (MB): peak = 3117.594 ; gain = 0.000 ; free physical = 186261 ; free virtual = 290931

Phase 10 Post Router Timing
INFO: [Route 35-57] Estimated Timing Summary | WNS=1.553  | TNS=0.000  | WHS=0.016  | THS=0.000  |

INFO: [Route 35-327] The final timing numbers are based on the router estimated timing analysis. For a complete and accurate timing signoff, please run report_timing_summary.
Phase 10 Post Router Timing | Checksum: 14ec8fb63

Time (s): cpu = 00:01:06 ; elapsed = 00:00:44 . Memory (MB): peak = 3117.594 ; gain = 0.000 ; free physical = 186264 ; free virtual = 290934
INFO: [Route 35-16] Router Completed Successfully

Time (s): cpu = 00:01:06 ; elapsed = 00:00:44 . Memory (MB): peak = 3117.594 ; gain = 0.000 ; free physical = 186305 ; free virtual = 290972

Routing Is Done.
INFO: [Common 17-83] Releasing license: Implementation
116 Infos, 0 Warnings, 0 Critical Warnings and 0 Errors encountered.
route_design completed successfully
route_design: Time (s): cpu = 00:01:09 ; elapsed = 00:00:45 . Memory (MB): peak = 3117.594 ; gain = 0.000 ; free physical = 186305 ; free virtual = 290972
INFO: [Timing 38-480] Writing timing data to binary archive.
Writing XDEF routing.
Writing XDEF routing logical nets.
Writing XDEF routing special nets.
Write XDEF Complete: Time (s): cpu = 00:00:03 ; elapsed = 00:00:01 . Memory (MB): peak = 3117.594 ; gain = 0.000 ; free physical = 186282 ; free virtual = 290969
INFO: [Common 17-1381] The checkpoint '/home/ykim131_588fa26/Desktop/ECE588/ECE588_fa2026_Lab03/vivado/conv_mint/conv_mint.runs/impl_1/conv_mint_wrapper_routed.dcp' has been generated.
INFO: [runtcl-4] Executing : report_drc -file conv_mint_wrapper_drc_routed.rpt -pb conv_mint_wrapper_drc_routed.pb -rpx conv_mint_wrapper_drc_routed.rpx
Command: report_drc -file conv_mint_wrapper_drc_routed.rpt -pb conv_mint_wrapper_drc_routed.pb -rpx conv_mint_wrapper_drc_routed.rpx
INFO: [IP_Flow 19-1839] IP Catalog is up to date.
INFO: [DRC 23-27] Running DRC with 8 threads
INFO: [Vivado_Tcl 2-168] The results of DRC are in file /home/ykim131_588fa26/Desktop/ECE588/ECE588_fa2026_Lab03/vivado/conv_mint/conv_mint.runs/impl_1/conv_mint_wrapper_drc_routed.rpt.
report_drc completed successfully
INFO: [runtcl-4] Executing : report_methodology -file conv_mint_wrapper_methodology_drc_routed.rpt -pb conv_mint_wrapper_methodology_drc_routed.pb -rpx conv_mint_wrapper_methodology_drc_routed.rpx
Command: report_methodology -file conv_mint_wrapper_methodology_drc_routed.rpt -pb conv_mint_wrapper_methodology_drc_routed.pb -rpx conv_mint_wrapper_methodology_drc_routed.rpx
INFO: [Timing 38-35] Done setting XDC timing constraints.
INFO: [DRC 23-133] Running Methodology with 8 threads
INFO: [Vivado_Tcl 2-1520] The results of Report Methodology are in file /home/ykim131_588fa26/Desktop/ECE588/ECE588_fa2026_Lab03/vivado/conv_mint/conv_mint.runs/impl_1/conv_mint_wrapper_methodology_drc_routed.rpt.
report_methodology completed successfully
INFO: [runtcl-4] Executing : report_power -file conv_mint_wrapper_power_routed.rpt -pb conv_mint_wrapper_power_summary_routed.pb -rpx conv_mint_wrapper_power_routed.rpx
Command: report_power -file conv_mint_wrapper_power_routed.rpt -pb conv_mint_wrapper_power_summary_routed.pb -rpx conv_mint_wrapper_power_routed.rpx
INFO: [Timing 38-35] Done setting XDC timing constraints.
Running Vector-less Activity Propagation...

Finished Running Vector-less Activity Propagation
128 Infos, 0 Warnings, 0 Critical Warnings and 0 Errors encountered.
report_power completed successfully
INFO: [runtcl-4] Executing : report_route_status -file conv_mint_wrapper_route_status.rpt -pb conv_mint_wrapper_route_status.pb
INFO: [runtcl-4] Executing : report_timing_summary -max_paths 10 -report_unconstrained -file conv_mint_wrapper_timing_summary_routed.rpt -pb conv_mint_wrapper_timing_summary_routed.pb -rpx conv_mint_wrapper_timing_summary_routed.rpx -warn_on_violation 
INFO: [Timing 38-91] UpdateTimingParams: Speed grade: -1, Delay Type: min_max.
INFO: [Timing 38-191] Multithreading enabled for timing update using a maximum of 8 CPUs
INFO: [runtcl-4] Executing : report_incremental_reuse -file conv_mint_wrapper_incremental_reuse_routed.rpt
INFO: [Vivado_Tcl 4-1062] Incremental flow is disabled. No incremental reuse Info to report.
INFO: [runtcl-4] Executing : report_clock_utilization -file conv_mint_wrapper_clock_utilization_routed.rpt
INFO: [runtcl-4] Executing : report_bus_skew -warn_on_violation -file conv_mint_wrapper_bus_skew_routed.rpt -pb conv_mint_wrapper_bus_skew_routed.pb -rpx conv_mint_wrapper_bus_skew_routed.rpx
INFO: [Timing 38-91] UpdateTimingParams: Speed grade: -1, Delay Type: min_max.
INFO: [Timing 38-191] Multithreading enabled for timing update using a maximum of 8 CPUs
INFO: [Common 17-206] Exiting Vivado at Wed Oct  7 19:00:55 2026...

*** Running vivado
    with args -log conv_mint_wrapper.vdi -applog -m64 -product Vivado -messageDb vivado.pb -mode batch -source conv_mint_wrapper.tcl -notrace


****** Vivado v2022.2 (64-bit)
  **** SW Build 3671981 on Fri Oct 14 04:59:54 MDT 2022
  **** IP Build 3669848 on Fri Oct 14 08:30:02 MDT 2022
    ** Copyright 1986-2022 Xilinx, Inc. All Rights Reserved.

source conv_mint_wrapper.tcl -notrace
Command: open_checkpoint conv_mint_wrapper_routed.dcp
INFO: [Device 21-403] Loading part xc7z020clg400-1
Netlist sorting complete. Time (s): cpu = 00:00:00.17 ; elapsed = 00:00:00.18 . Memory (MB): peak = 1724.633 ; gain = 0.000 ; free physical = 187409 ; free virtual = 292090
INFO: [Netlist 29-17] Analyzing 670 Unisim elements for replacement
INFO: [Netlist 29-28] Unisim Transformation completed in 0 CPU seconds
INFO: [Project 1-479] Netlist was created with Vivado 2022.2
INFO: [Project 1-570] Preparing netlist for logic optimization
INFO: [Timing 38-478] Restoring timing data from binary archive.
INFO: [Timing 38-479] Binary timing data restore complete.
INFO: [Project 1-856] Restoring constraints from binary archive.
INFO: [Project 1-853] Binary constraint restore complete.
Reading XDEF placement.
Reading placer database...
Reading XDEF routing.
Read XDEF Files: Time (s): cpu = 00:00:02 ; elapsed = 00:00:02 . Memory (MB): peak = 2357.773 ; gain = 3.965 ; free physical = 186797 ; free virtual = 291479
Restored from archive | CPU: 1.870000 secs | Memory: 14.901436 MB |
Finished XDEF File Restore: Time (s): cpu = 00:00:02 ; elapsed = 00:00:02 . Memory (MB): peak = 2357.773 ; gain = 3.965 ; free physical = 186797 ; free virtual = 291479
Netlist sorting complete. Time (s): cpu = 00:00:00 ; elapsed = 00:00:00 . Memory (MB): peak = 2357.773 ; gain = 0.000 ; free physical = 186798 ; free virtual = 291480
INFO: [Project 1-111] Unisim Transformation Summary:
  A total of 4 instances were transformed.
  RAM32M => RAM32M (RAMD32(x6), RAMS32(x2)): 2 instances
  RAM32X1D => RAM32X1D (RAMD32(x2)): 2 instances

INFO: [Project 1-604] Checkpoint was created with Vivado v2022.2 (64-bit) build 3671981
OpenCheckpoint Checksum | Checksum: 162baa093
----- Checksum: PlaceDB: d3aa3535 ShapeSum: 7c9d4a71 RouteDB: 127320ed 
open_checkpoint: Time (s): cpu = 00:00:27 ; elapsed = 00:00:29 . Memory (MB): peak = 2357.773 ; gain = 915.734 ; free physical = 186800 ; free virtual = 291482
Command: write_bitstream -force conv_mint_wrapper.bit
Attempting to get a license for feature 'Implementation' and/or device 'xc7z020'
INFO: [Common 17-349] Got license for feature 'Implementation' and/or device 'xc7z020'
Running DRC as a precondition to command write_bitstream
INFO: [IP_Flow 19-234] Refreshing IP repositories
INFO: [IP_Flow 19-1704] No user IP repositories specified
INFO: [IP_Flow 19-2313] Loaded Vivado IP repository '/apps/Xilinx/Vivado/2022.2/data/ip'.
INFO: [DRC 23-27] Running DRC with 8 threads
WARNING: [DRC DPIP-1] Input pipelining: DSP conv_mint_i/conv_0/inst/grp_conv_Pipeline_VITIS_LOOP_23_4_VITIS_LOOP_25_5_fu_218/fadd_32ns_32ns_32_5_full_dsp_1_U1/conv_fadd_32ns_32ns_32_5_full_dsp_1_ip_u/inst/i_synth/ADDSUB_OP.ADDSUB/DSP.OP/DSP48E1_BODY.ALIGN_ADD/DSP2/i_no_versal_es1_workaround.DSP input conv_mint_i/conv_0/inst/grp_conv_Pipeline_VITIS_LOOP_23_4_VITIS_LOOP_25_5_fu_218/fadd_32ns_32ns_32_5_full_dsp_1_U1/conv_fadd_32ns_32ns_32_5_full_dsp_1_ip_u/inst/i_synth/ADDSUB_OP.ADDSUB/DSP.OP/DSP48E1_BODY.ALIGN_ADD/DSP2/i_no_versal_es1_workaround.DSP/A[29:0] is not pipelined. Pipelining DSP48 input will improve performance.
WARNING: [DRC DPIP-1] Input pipelining: DSP conv_mint_i/conv_0/inst/grp_conv_Pipeline_VITIS_LOOP_23_4_VITIS_LOOP_25_5_fu_218/fadd_32ns_32ns_32_5_full_dsp_1_U1/conv_fadd_32ns_32ns_32_5_full_dsp_1_ip_u/inst/i_synth/ADDSUB_OP.ADDSUB/DSP.OP/DSP48E1_BODY.ALIGN_ADD/DSP2/i_no_versal_es1_workaround.DSP input conv_mint_i/conv_0/inst/grp_conv_Pipeline_VITIS_LOOP_23_4_VITIS_LOOP_25_5_fu_218/fadd_32ns_32ns_32_5_full_dsp_1_U1/conv_fadd_32ns_32ns_32_5_full_dsp_1_ip_u/inst/i_synth/ADDSUB_OP.ADDSUB/DSP.OP/DSP48E1_BODY.ALIGN_ADD/DSP2/i_no_versal_es1_workaround.DSP/B[17:0] is not pipelined. Pipelining DSP48 input will improve performance.
WARNING: [DRC DPIP-1] Input pipelining: DSP conv_mint_i/conv_0/inst/grp_conv_Pipeline_VITIS_LOOP_23_4_VITIS_LOOP_25_5_fu_218/fadd_32ns_32ns_32_5_full_dsp_1_U1/conv_fadd_32ns_32ns_32_5_full_dsp_1_ip_u/inst/i_synth/ADDSUB_OP.ADDSUB/DSP.OP/DSP48E1_BODY.ALIGN_ADD/DSP2/i_no_versal_es1_workaround.DSP input conv_mint_i/conv_0/inst/grp_conv_Pipeline_VITIS_LOOP_23_4_VITIS_LOOP_25_5_fu_218/fadd_32ns_32ns_32_5_full_dsp_1_U1/conv_fadd_32ns_32ns_32_5_full_dsp_1_ip_u/inst/i_synth/ADDSUB_OP.ADDSUB/DSP.OP/DSP48E1_BODY.ALIGN_ADD/DSP2/i_no_versal_es1_workaround.DSP/C[47:0] is not pipelined. Pipelining DSP48 input will improve performance.
WARNING: [DRC DPIP-1] Input pipelining: DSP conv_mint_i/conv_0/inst/grp_conv_Pipeline_VITIS_LOOP_23_4_VITIS_LOOP_25_5_fu_218/fadd_32ns_32ns_32_5_full_dsp_1_U1/conv_fadd_32ns_32ns_32_5_full_dsp_1_ip_u/inst/i_synth/ADDSUB_OP.ADDSUB/DSP.OP/DSP48E1_BODY.NORM_RND/FULL_USAGE_DSP.SHIFT_RND/i_no_versal_es1_workaround.DSP input conv_mint_i/conv_0/inst/grp_conv_Pipeline_VITIS_LOOP_23_4_VITIS_LOOP_25_5_fu_218/fadd_32ns_32ns_32_5_full_dsp_1_U1/conv_fadd_32ns_32ns_32_5_full_dsp_1_ip_u/inst/i_synth/ADDSUB_OP.ADDSUB/DSP.OP/DSP48E1_BODY.NORM_RND/FULL_USAGE_DSP.SHIFT_RND/i_no_versal_es1_workaround.DSP/C[47:0] is not pipelined. Pipelining DSP48 input will improve performance.
WARNING: [DRC DPIP-1] Input pipelining: DSP conv_mint_i/conv_0/inst/grp_conv_Pipeline_VITIS_LOOP_23_4_VITIS_LOOP_25_5_fu_218/fmul_32ns_32ns_32_4_max_dsp_1_U2/conv_fmul_32ns_32ns_32_4_max_dsp_1_ip_u/inst/i_synth/MULT.OP/i_non_prim.MULT/DSP48E1_SPD_SGL_VARIANT.FIX_MULT/DSP1/i_no_versal_es1_workaround.DSP input conv_mint_i/conv_0/inst/grp_conv_Pipeline_VITIS_LOOP_23_4_VITIS_LOOP_25_5_fu_218/fmul_32ns_32ns_32_4_max_dsp_1_U2/conv_fmul_32ns_32ns_32_4_max_dsp_1_ip_u/inst/i_synth/MULT.OP/i_non_prim.MULT/DSP48E1_SPD_SGL_VARIANT.FIX_MULT/DSP1/i_no_versal_es1_workaround.DSP/A[29:0] is not pipelined. Pipelining DSP48 input will improve performance.
WARNING: [DRC DPIP-1] Input pipelining: DSP conv_mint_i/conv_0/inst/grp_conv_Pipeline_VITIS_LOOP_23_4_VITIS_LOOP_25_5_fu_218/fmul_32ns_32ns_32_4_max_dsp_1_U2/conv_fmul_32ns_32ns_32_4_max_dsp_1_ip_u/inst/i_synth/MULT.OP/i_non_prim.MULT/DSP48E1_SPD_SGL_VARIANT.FIX_MULT/DSP1/i_no_versal_es1_workaround.DSP input conv_mint_i/conv_0/inst/grp_conv_Pipeline_VITIS_LOOP_23_4_VITIS_LOOP_25_5_fu_218/fmul_32ns_32ns_32_4_max_dsp_1_U2/conv_fmul_32ns_32ns_32_4_max_dsp_1_ip_u/inst/i_synth/MULT.OP/i_non_prim.MULT/DSP48E1_SPD_SGL_VARIANT.FIX_MULT/DSP1/i_no_versal_es1_workaround.DSP/B[17:0] is not pipelined. Pipelining DSP48 input will improve performance.
WARNING: [DRC DPIP-1] Input pipelining: DSP conv_mint_i/conv_0/inst/grp_conv_Pipeline_VITIS_LOOP_23_4_VITIS_LOOP_25_5_fu_218/fmul_32ns_32ns_32_4_max_dsp_1_U2/conv_fmul_32ns_32ns_32_4_max_dsp_1_ip_u/inst/i_synth/MULT.OP/i_non_prim.MULT/DSP48E1_SPD_SGL_VARIANT.FIX_MULT/DSP2/i_no_versal_es1_workaround.DSP input conv_mint_i/conv_0/inst/grp_conv_Pipeline_VITIS_LOOP_23_4_VITIS_LOOP_25_5_fu_218/fmul_32ns_32ns_32_4_max_dsp_1_U2/conv_fmul_32ns_32ns_32_4_max_dsp_1_ip_u/inst/i_synth/MULT.OP/i_non_prim.MULT/DSP48E1_SPD_SGL_VARIANT.FIX_MULT/DSP2/i_no_versal_es1_workaround.DSP/B[17:0] is not pipelined. Pipelining DSP48 input will improve performance.
WARNING: [DRC DPIP-1] Input pipelining: DSP conv_mint_i/conv_0/inst/grp_conv_Pipeline_VITIS_LOOP_23_4_VITIS_LOOP_25_5_fu_218/fmul_32ns_32ns_32_4_max_dsp_1_U2/conv_fmul_32ns_32ns_32_4_max_dsp_1_ip_u/inst/i_synth/MULT.OP/i_non_prim.R_AND_R/LAT_OPT.FULL.R_AND_R/DSP48E1_SGL_EXP_IP.OLD_ADD.ADD/i_no_versal_es1_workaround.DSP input conv_mint_i/conv_0/inst/grp_conv_Pipeline_VITIS_LOOP_23_4_VITIS_LOOP_25_5_fu_218/fmul_32ns_32ns_32_4_max_dsp_1_U2/conv_fmul_32ns_32ns_32_4_max_dsp_1_ip_u/inst/i_synth/MULT.OP/i_non_prim.R_AND_R/LAT_OPT.FULL.R_AND_R/DSP48E1_SGL_EXP_IP.OLD_ADD.ADD/i_no_versal_es1_workaround.DSP/C[47:0] is not pipelined. Pipelining DSP48 input will improve performance.
WARNING: [DRC DPOP-1] PREG Output pipelining: DSP conv_mint_i/conv_0/inst/grp_conv_Pipeline_VITIS_LOOP_23_4_VITIS_LOOP_25_5_fu_218/fadd_32ns_32ns_32_5_full_dsp_1_U1/conv_fadd_32ns_32ns_32_5_full_dsp_1_ip_u/inst/i_synth/ADDSUB_OP.ADDSUB/DSP.OP/DSP48E1_BODY.NORM_RND/FULL_USAGE_DSP.SHIFT_RND/i_no_versal_es1_workaround.DSP output conv_mint_i/conv_0/inst/grp_conv_Pipeline_VITIS_LOOP_23_4_VITIS_LOOP_25_5_fu_218/fadd_32ns_32ns_32_5_full_dsp_1_U1/conv_fadd_32ns_32ns_32_5_full_dsp_1_ip_u/inst/i_synth/ADDSUB_OP.ADDSUB/DSP.OP/DSP48E1_BODY.NORM_RND/FULL_USAGE_DSP.SHIFT_RND/i_no_versal_es1_workaround.DSP/P[47:0] is not pipelined (PREG=0). Pipelining the DSP48 output will improve performance and often saves power so it is suggested whenever possible to fully pipeline this function.  If this DSP48 function was inferred, it is suggested to describe an additional register stage after this function.  If the DSP48 was instantiated in the design, it is suggested to set the PREG attribute to 1.
WARNING: [DRC DPOP-1] PREG Output pipelining: DSP conv_mint_i/conv_0/inst/grp_conv_Pipeline_VITIS_LOOP_23_4_VITIS_LOOP_25_5_fu_218/fmul_32ns_32ns_32_4_max_dsp_1_U2/conv_fmul_32ns_32ns_32_4_max_dsp_1_ip_u/inst/i_synth/MULT.OP/i_non_prim.MULT/DSP48E1_SPD_SGL_VARIANT.FIX_MULT/DSP2/i_no_versal_es1_workaround.DSP output conv_mint_i/conv_0/inst/grp_conv_Pipeline_VITIS_LOOP_23_4_VITIS_LOOP_25_5_fu_218/fmul_32ns_32ns_32_4_max_dsp_1_U2/conv_fmul_32ns_32ns_32_4_max_dsp_1_ip_u/inst/i_synth/MULT.OP/i_non_prim.MULT/DSP48E1_SPD_SGL_VARIANT.FIX_MULT/DSP2/i_no_versal_es1_workaround.DSP/PATTERNDETECT is not pipelined (PREG=0). Pipelining the DSP48 output will improve performance and often saves power so it is suggested whenever possible to fully pipeline this function.  If this DSP48 function was inferred, it is suggested to describe an additional register stage after this function.  If the DSP48 was instantiated in the design, it is suggested to set the PREG attribute to 1.
WARNING: [DRC DPOP-1] PREG Output pipelining: DSP conv_mint_i/conv_0/inst/grp_conv_Pipeline_VITIS_LOOP_23_4_VITIS_LOOP_25_5_fu_218/fmul_32ns_32ns_32_4_max_dsp_1_U2/conv_fmul_32ns_32ns_32_4_max_dsp_1_ip_u/inst/i_synth/MULT.OP/i_non_prim.MULT/DSP48E1_SPD_SGL_VARIANT.FIX_MULT/DSP2/i_no_versal_es1_workaround.DSP output conv_mint_i/conv_0/inst/grp_conv_Pipeline_VITIS_LOOP_23_4_VITIS_LOOP_25_5_fu_218/fmul_32ns_32ns_32_4_max_dsp_1_U2/conv_fmul_32ns_32ns_32_4_max_dsp_1_ip_u/inst/i_synth/MULT.OP/i_non_prim.MULT/DSP48E1_SPD_SGL_VARIANT.FIX_MULT/DSP2/i_no_versal_es1_workaround.DSP/P[47:0] is not pipelined (PREG=0). Pipelining the DSP48 output will improve performance and often saves power so it is suggested whenever possible to fully pipeline this function.  If this DSP48 function was inferred, it is suggested to describe an additional register stage after this function.  If the DSP48 was instantiated in the design, it is suggested to set the PREG attribute to 1.
WARNING: [DRC DPOP-1] PREG Output pipelining: DSP conv_mint_i/conv_0/inst/grp_conv_Pipeline_VITIS_LOOP_23_4_VITIS_LOOP_25_5_fu_218/fmul_32ns_32ns_32_4_max_dsp_1_U2/conv_fmul_32ns_32ns_32_4_max_dsp_1_ip_u/inst/i_synth/MULT.OP/i_non_prim.R_AND_R/LAT_OPT.FULL.R_AND_R/DSP48E1_SGL_EXP_IP.OLD_ADD.ADD/i_no_versal_es1_workaround.DSP output conv_mint_i/conv_0/inst/grp_conv_Pipeline_VITIS_LOOP_23_4_VITIS_LOOP_25_5_fu_218/fmul_32ns_32ns_32_4_max_dsp_1_U2/conv_fmul_32ns_32ns_32_4_max_dsp_1_ip_u/inst/i_synth/MULT.OP/i_non_prim.R_AND_R/LAT_OPT.FULL.R_AND_R/DSP48E1_SGL_EXP_IP.OLD_ADD.ADD/i_no_versal_es1_workaround.DSP/CARRYOUT[3:0] is not pipelined (PREG=0). Pipelining the DSP48 output will improve performance and often saves power so it is suggested whenever possible to fully pipeline this function.  If this DSP48 function was inferred, it is suggested to describe an additional register stage after this function.  If the DSP48 was instantiated in the design, it is suggested to set the PREG attribute to 1.
WARNING: [DRC DPOP-1] PREG Output pipelining: DSP conv_mint_i/conv_0/inst/grp_conv_Pipeline_VITIS_LOOP_23_4_VITIS_LOOP_25_5_fu_218/fmul_32ns_32ns_32_4_max_dsp_1_U2/conv_fmul_32ns_32ns_32_4_max_dsp_1_ip_u/inst/i_synth/MULT.OP/i_non_prim.R_AND_R/LAT_OPT.FULL.R_AND_R/DSP48E1_SGL_EXP_IP.OLD_ADD.ADD/i_no_versal_es1_workaround.DSP output conv_mint_i/conv_0/inst/grp_conv_Pipeline_VITIS_LOOP_23_4_VITIS_LOOP_25_5_fu_218/fmul_32ns_32ns_32_4_max_dsp_1_U2/conv_fmul_32ns_32ns_32_4_max_dsp_1_ip_u/inst/i_synth/MULT.OP/i_non_prim.R_AND_R/LAT_OPT.FULL.R_AND_R/DSP48E1_SGL_EXP_IP.OLD_ADD.ADD/i_no_versal_es1_workaround.DSP/P[47:0] is not pipelined (PREG=0). Pipelining the DSP48 output will improve performance and often saves power so it is suggested whenever possible to fully pipeline this function.  If this DSP48 function was inferred, it is suggested to describe an additional register stage after this function.  If the DSP48 was instantiated in the design, it is suggested to set the PREG attribute to 1.
WARNING: [DRC DPOP-2] MREG Output pipelining: DSP conv_mint_i/conv_0/inst/grp_conv_Pipeline_VITIS_LOOP_23_4_VITIS_LOOP_25_5_fu_218/ama_addmuladd_4ns_8ns_10ns_20ns_20_4_1_U6/conv_ama_addmuladd_4ns_8ns_10ns_20ns_20_4_1_DSP48_0_U/m_reg_reg multiplier stage conv_mint_i/conv_0/inst/grp_conv_Pipeline_VITIS_LOOP_23_4_VITIS_LOOP_25_5_fu_218/ama_addmuladd_4ns_8ns_10ns_20ns_20_4_1_U6/conv_ama_addmuladd_4ns_8ns_10ns_20ns_20_4_1_DSP48_0_U/m_reg_reg/P[47:0] is not pipelined (MREG=0). Pipelining the multiplier function will improve performance and will save significant power so it is suggested whenever possible to fully pipeline this function.  If this multiplier was inferred, it is suggested to describe an additional register stage after this function.  If there is no registered adder/accumulator following the multiply function, two pipeline stages are suggested to allow both the MREG and PREG registers to be used.  If the DSP48 was instantiated in the design, it is suggested to set both the MREG and PREG attributes to 1 when performing multiply functions.
WARNING: [DRC DPOP-2] MREG Output pipelining: DSP conv_mint_i/conv_0/inst/grp_conv_Pipeline_VITIS_LOOP_23_4_VITIS_LOOP_25_5_fu_218/fadd_32ns_32ns_32_5_full_dsp_1_U1/conv_fadd_32ns_32ns_32_5_full_dsp_1_ip_u/inst/i_synth/ADDSUB_OP.ADDSUB/DSP.OP/DSP48E1_BODY.NORM_RND/FULL_USAGE_DSP.SHIFT_RND/i_no_versal_es1_workaround.DSP multiplier stage conv_mint_i/conv_0/inst/grp_conv_Pipeline_VITIS_LOOP_23_4_VITIS_LOOP_25_5_fu_218/fadd_32ns_32ns_32_5_full_dsp_1_U1/conv_fadd_32ns_32ns_32_5_full_dsp_1_ip_u/inst/i_synth/ADDSUB_OP.ADDSUB/DSP.OP/DSP48E1_BODY.NORM_RND/FULL_USAGE_DSP.SHIFT_RND/i_no_versal_es1_workaround.DSP/P[47:0] is not pipelined (MREG=0). Pipelining the multiplier function will improve performance and will save significant power so it is suggested whenever possible to fully pipeline this function.  If this multiplier was inferred, it is suggested to describe an additional register stage after this function.  If there is no registered adder/accumulator following the multiply function, two pipeline stages are suggested to allow both the MREG and PREG registers to be used.  If the DSP48 was instantiated in the design, it is suggested to set both the MREG and PREG attributes to 1 when performing multiply functions.
WARNING: [DRC DPOP-2] MREG Output pipelining: DSP conv_mint_i/conv_0/inst/grp_conv_Pipeline_VITIS_LOOP_23_4_VITIS_LOOP_25_5_fu_218/fmul_32ns_32ns_32_4_max_dsp_1_U2/conv_fmul_32ns_32ns_32_4_max_dsp_1_ip_u/inst/i_synth/MULT.OP/i_non_prim.MULT/DSP48E1_SPD_SGL_VARIANT.FIX_MULT/DSP1/i_no_versal_es1_workaround.DSP multiplier stage conv_mint_i/conv_0/inst/grp_conv_Pipeline_VITIS_LOOP_23_4_VITIS_LOOP_25_5_fu_218/fmul_32ns_32ns_32_4_max_dsp_1_U2/conv_fmul_32ns_32ns_32_4_max_dsp_1_ip_u/inst/i_synth/MULT.OP/i_non_prim.MULT/DSP48E1_SPD_SGL_VARIANT.FIX_MULT/DSP1/i_no_versal_es1_workaround.DSP/PATTERNDETECT is not pipelined (MREG=0). Pipelining the multiplier function will improve performance and will save significant power so it is suggested whenever possible to fully pipeline this function.  If this multiplier was inferred, it is suggested to describe an additional register stage after this function.  If there is no registered adder/accumulator following the multiply function, two pipeline stages are suggested to allow both the MREG and PREG registers to be used.  If the DSP48 was instantiated in the design, it is suggested to set both the MREG and PREG attributes to 1 when performing multiply functions.
WARNING: [DRC PDCN-1569] LUT equation term check: Used physical LUT pin 'A1' of cell conv_mint_i/axi_mem_intercon/s00_couplers/auto_pc/inst/gen_axi4_axi3.axi3_conv_inst/USE_READ.USE_SPLIT_R.read_addr_inst/USE_R_CHANNEL.cmd_queue/inst/fifo_gen_inst/inst_fifo_gen/gconvfifo.rf/grf.rf/gntv_or_sync_fifo.gl0.rd/gr1.gr1_int.rfwft/gpregsm1.user_valid_i_1 (pin conv_mint_i/axi_mem_intercon/s00_couplers/auto_pc/inst/gen_axi4_axi3.axi3_conv_inst/USE_READ.USE_SPLIT_R.read_addr_inst/USE_R_CHANNEL.cmd_queue/inst/fifo_gen_inst/inst_fifo_gen/gconvfifo.rf/grf.rf/gntv_or_sync_fifo.gl0.rd/gr1.gr1_int.rfwft/gpregsm1.user_valid_i_1/I1) is not included in the LUT equation: 'O6=(A5)+((~A5)*(~A6)*A4)'. If this cell is a user instantiated LUT in the design, please remove connectivity to the pin or change the equation and/or INIT string of the LUT to prevent this issue. If the cell is inferred or IP created LUT, please regenerate the IP and/or resynthesize the design to attempt to correct the issue.
WARNING: [DRC PDCN-1569] LUT equation term check: Used physical LUT pin 'A1' of cell conv_mint_i/axi_mem_intercon_1/s00_couplers/auto_pc/inst/gen_axi4_axi3.axi3_conv_inst/USE_READ.USE_SPLIT_R.read_addr_inst/USE_R_CHANNEL.cmd_queue/inst/fifo_gen_inst/inst_fifo_gen/gconvfifo.rf/grf.rf/gntv_or_sync_fifo.gl0.rd/gr1.gr1_int.rfwft/gpregsm1.user_valid_i_1 (pin conv_mint_i/axi_mem_intercon_1/s00_couplers/auto_pc/inst/gen_axi4_axi3.axi3_conv_inst/USE_READ.USE_SPLIT_R.read_addr_inst/USE_R_CHANNEL.cmd_queue/inst/fifo_gen_inst/inst_fifo_gen/gconvfifo.rf/grf.rf/gntv_or_sync_fifo.gl0.rd/gr1.gr1_int.rfwft/gpregsm1.user_valid_i_1/I1) is not included in the LUT equation: 'O6=(A5)+((~A5)*(~A6)*A3)'. If this cell is a user instantiated LUT in the design, please remove connectivity to the pin or change the equation and/or INIT string of the LUT to prevent this issue. If the cell is inferred or IP created LUT, please regenerate the IP and/or resynthesize the design to attempt to correct the issue.
WARNING: [DRC PDCN-1569] LUT equation term check: Used physical LUT pin 'A6' of cell conv_mint_i/axi_mem_intercon/s00_couplers/auto_pc/inst/gen_axi4_axi3.axi3_conv_inst/USE_WRITE.write_addr_inst/USE_BURSTS.cmd_queue/inst/fifo_gen_inst/inst_fifo_gen/gconvfifo.rf/grf.rf/gntv_or_sync_fifo.gl0.rd/gr1.gr1_int.rfwft/gpregsm1.user_valid_i_1 (pin conv_mint_i/axi_mem_intercon/s00_couplers/auto_pc/inst/gen_axi4_axi3.axi3_conv_inst/USE_WRITE.write_addr_inst/USE_BURSTS.cmd_queue/inst/fifo_gen_inst/inst_fifo_gen/gconvfifo.rf/grf.rf/gntv_or_sync_fifo.gl0.rd/gr1.gr1_int.rfwft/gpregsm1.user_valid_i_1/I1) is not included in the LUT equation: 'O6=(A1)+((~A1)*(~A5)*A3)'. If this cell is a user instantiated LUT in the design, please remove connectivity to the pin or change the equation and/or INIT string of the LUT to prevent this issue. If the cell is inferred or IP created LUT, please regenerate the IP and/or resynthesize the design to attempt to correct the issue.
WARNING: [DRC PDCN-1569] LUT equation term check: Used physical LUT pin 'A6' of cell conv_mint_i/axi_mem_intercon/s00_couplers/auto_pc/inst/gen_axi4_axi3.axi3_conv_inst/USE_WRITE.write_addr_inst/USE_B_CHANNEL.cmd_b_queue/inst/fifo_gen_inst/inst_fifo_gen/gconvfifo.rf/grf.rf/gntv_or_sync_fifo.gl0.rd/gr1.gr1_int.rfwft/gpregsm1.user_valid_i_1 (pin conv_mint_i/axi_mem_intercon/s00_couplers/auto_pc/inst/gen_axi4_axi3.axi3_conv_inst/USE_WRITE.write_addr_inst/USE_B_CHANNEL.cmd_b_queue/inst/fifo_gen_inst/inst_fifo_gen/gconvfifo.rf/grf.rf/gntv_or_sync_fifo.gl0.rd/gr1.gr1_int.rfwft/gpregsm1.user_valid_i_1/I1) is not included in the LUT equation: 'O6=(A3)+((~A3)*(~A4)*A2)'. If this cell is a user instantiated LUT in the design, please remove connectivity to the pin or change the equation and/or INIT string of the LUT to prevent this issue. If the cell is inferred or IP created LUT, please regenerate the IP and/or resynthesize the design to attempt to correct the issue.
WARNING: [DRC RTSTAT-10] No routable loads: 44 net(s) have no routable loads. The problem bus(es) and/or net(s) are conv_mint_i/axi_mem_intercon/s00_couplers/auto_pc/inst/gen_axi4_axi3.axi3_conv_inst/USE_WRITE.write_addr_inst/USE_B_CHANNEL.cmd_b_queue/inst/fifo_gen_inst/inst_fifo_gen/gconvfifo.rf/grf.rf/gntv_or_sync_fifo.gl0.rd/gr1.gr1_int.rfwft/aempty_fwft_i, conv_mint_i/axi_mem_intercon_1/s00_couplers/auto_pc/inst/gen_axi4_axi3.axi3_conv_inst/USE_READ.USE_SPLIT_R.read_addr_inst/USE_R_CHANNEL.cmd_queue/inst/fifo_gen_inst/inst_fifo_gen/gconvfifo.rf/grf.rf/gntv_or_sync_fifo.gl0.rd/gr1.gr1_int.rfwft/aempty_fwft_i, conv_mint_i/axi_mem_intercon/s00_couplers/auto_pc/inst/gen_axi4_axi3.axi3_conv_inst/USE_READ.USE_SPLIT_R.read_addr_inst/USE_R_CHANNEL.cmd_queue/inst/fifo_gen_inst/inst_fifo_gen/gconvfifo.rf/grf.rf/gntv_or_sync_fifo.gl0.rd/gr1.gr1_int.rfwft/aempty_fwft_i, conv_mint_i/axi_mem_intercon/s00_couplers/auto_pc/inst/gen_axi4_axi3.axi3_conv_inst/USE_WRITE.write_addr_inst/USE_BURSTS.cmd_queue/inst/fifo_gen_inst/inst_fifo_gen/gconvfifo.rf/grf.rf/gntv_or_sync_fifo.gl0.rd/gr1.gr1_int.rfwft/aempty_fwft_i, conv_mint_i/axi_mem_intercon_1/s00_couplers/auto_pc/inst/gen_axi4_axi3.axi3_conv_inst/USE_READ.USE_SPLIT_R.read_addr_inst/USE_R_CHANNEL.cmd_queue/inst/fifo_gen_inst/inst_fifo_gen/gconvfifo.rf/grf.rf/rstblk/ngwrdrst.grst.rd_rst_reg[2:0], conv_mint_i/axi_mem_intercon/s00_couplers/auto_pc/inst/gen_axi4_axi3.axi3_conv_inst/USE_WRITE.write_addr_inst/USE_B_CHANNEL.cmd_b_queue/inst/fifo_gen_inst/inst_fifo_gen/gconvfifo.rf/grf.rf/rstblk/ngwrdrst.grst.rd_rst_reg[2:0], conv_mint_i/axi_mem_intercon/s00_couplers/auto_pc/inst/gen_axi4_axi3.axi3_conv_inst/USE_WRITE.write_addr_inst/USE_BURSTS.cmd_queue/inst/fifo_gen_inst/inst_fifo_gen/gconvfifo.rf/grf.rf/rstblk/ngwrdrst.grst.rd_rst_reg[2:0], conv_mint_i/axi_mem_intercon/s00_couplers/auto_pc/inst/gen_axi4_axi3.axi3_conv_inst/USE_READ.USE_SPLIT_R.read_addr_inst/USE_R_CHANNEL.cmd_queue/inst/fifo_gen_inst/inst_fifo_gen/gconvfifo.rf/grf.rf/rstblk/ngwrdrst.grst.rd_rst_reg[2:0], conv_mint_i/axi_mem_intercon/s00_couplers/auto_pc/inst/gen_axi4_axi3.axi3_conv_inst/USE_WRITE.write_addr_inst/USE_B_CHANNEL.cmd_b_queue/inst/fifo_gen_inst/inst_fifo_gen/gconvfifo.rf/grf.rf/rstblk/ngwrdrst.grst.wr_rst_reg[2:0], conv_mint_i/axi_mem_intercon/s00_couplers/auto_pc/inst/gen_axi4_axi3.axi3_conv_inst/USE_WRITE.write_addr_inst/USE_BURSTS.cmd_queue/inst/fifo_gen_inst/inst_fifo_gen/gconvfifo.rf/grf.rf/rstblk/ngwrdrst.grst.wr_rst_reg[2:0], conv_mint_i/axi_mem_intercon_1/s00_couplers/auto_pc/inst/gen_axi4_axi3.axi3_conv_inst/USE_READ.USE_SPLIT_R.read_addr_inst/USE_R_CHANNEL.cmd_queue/inst/fifo_gen_inst/inst_fifo_gen/gconvfifo.rf/grf.rf/rstblk/ngwrdrst.grst.wr_rst_reg[2:0], conv_mint_i/axi_mem_intercon/s00_couplers/auto_pc/inst/gen_axi4_axi3.axi3_conv_inst/USE_READ.USE_SPLIT_R.read_addr_inst/USE_R_CHANNEL.cmd_queue/inst/fifo_gen_inst/inst_fifo_gen/gconvfifo.rf/grf.rf/rstblk/ngwrdrst.grst.wr_rst_reg[2:0], conv_mint_i/axi_mem_intercon_1/s00_couplers/auto_pc/inst/gen_axi4_axi3.axi3_conv_inst/USE_READ.USE_SPLIT_R.read_addr_inst/USE_R_CHANNEL.cmd_queue/inst/fifo_gen_inst/inst_fifo_gen/gconvfifo.rf/grf.rf/gntv_or_sync_fifo.gl0.wr/gwss.wsts/ram_afull_fb, conv_mint_i/axi_mem_intercon/s00_couplers/auto_pc/inst/gen_axi4_axi3.axi3_conv_inst/USE_READ.USE_SPLIT_R.read_addr_inst/USE_R_CHANNEL.cmd_queue/inst/fifo_gen_inst/inst_fifo_gen/gconvfifo.rf/grf.rf/gntv_or_sync_fifo.gl0.wr/gwss.wsts/ram_afull_fb, conv_mint_i/axi_mem_intercon/s00_couplers/auto_pc/inst/gen_axi4_axi3.axi3_conv_inst/USE_WRITE.write_addr_inst/USE_B_CHANNEL.cmd_b_queue/inst/fifo_gen_inst/inst_fifo_gen/gconvfifo.rf/grf.rf/gntv_or_sync_fifo.gl0.wr/gwss.wsts/ram_afull_fb... and (the first 15 of 28 listed).
INFO: [DRC AVAL-4] enum_USE_DPORT_FALSE_enum_DREG_ADREG_0_connects_CED_CEAD_RSTD_GND: conv_mint_i/conv_0/inst/grp_conv_Pipeline_VITIS_LOOP_23_4_VITIS_LOOP_25_5_fu_218/fadd_32ns_32ns_32_5_full_dsp_1_U1/conv_fadd_32ns_32ns_32_5_full_dsp_1_ip_u/inst/i_synth/ADDSUB_OP.ADDSUB/DSP.OP/DSP48E1_BODY.NORM_RND/FULL_USAGE_DSP.SHIFT_RND/i_no_versal_es1_workaround.DSP: DSP48E1 is not using the D port (USE_DPORT = FALSE). For improved power characteristics, set DREG and ADREG to '1', tie CED, CEAD, and RSTD to logic '0'.
INFO: [DRC AVAL-4] enum_USE_DPORT_FALSE_enum_DREG_ADREG_0_connects_CED_CEAD_RSTD_GND: conv_mint_i/conv_0/inst/grp_conv_Pipeline_VITIS_LOOP_23_4_VITIS_LOOP_25_5_fu_218/fmul_32ns_32ns_32_4_max_dsp_1_U2/conv_fmul_32ns_32ns_32_4_max_dsp_1_ip_u/inst/i_synth/MULT.OP/i_non_prim.MULT/DSP48E1_SPD_SGL_VARIANT.FIX_MULT/DSP1/i_no_versal_es1_workaround.DSP: DSP48E1 is not using the D port (USE_DPORT = FALSE). For improved power characteristics, set DREG and ADREG to '1', tie CED, CEAD, and RSTD to logic '0'.
INFO: [DRC AVAL-4] enum_USE_DPORT_FALSE_enum_DREG_ADREG_0_connects_CED_CEAD_RSTD_GND: conv_mint_i/conv_0/inst/grp_conv_Pipeline_VITIS_LOOP_23_4_VITIS_LOOP_25_5_fu_218/fmul_32ns_32ns_32_4_max_dsp_1_U2/conv_fmul_32ns_32ns_32_4_max_dsp_1_ip_u/inst/i_synth/MULT.OP/i_non_prim.MULT/DSP48E1_SPD_SGL_VARIANT.FIX_MULT/DSP2/i_no_versal_es1_workaround.DSP: DSP48E1 is not using the D port (USE_DPORT = FALSE). For improved power characteristics, set DREG and ADREG to '1', tie CED, CEAD, and RSTD to logic '0'.
INFO: [DRC AVAL-4] enum_USE_DPORT_FALSE_enum_DREG_ADREG_0_connects_CED_CEAD_RSTD_GND: conv_mint_i/conv_0/inst/grp_conv_Pipeline_VITIS_LOOP_23_4_VITIS_LOOP_25_5_fu_218/fmul_32ns_32ns_32_4_max_dsp_1_U2/conv_fmul_32ns_32ns_32_4_max_dsp_1_ip_u/inst/i_synth/MULT.OP/i_non_prim.R_AND_R/LAT_OPT.FULL.R_AND_R/DSP48E1_SGL_EXP_IP.OLD_ADD.ADD/i_no_versal_es1_workaround.DSP: DSP48E1 is not using the D port (USE_DPORT = FALSE). For improved power characteristics, set DREG and ADREG to '1', tie CED, CEAD, and RSTD to logic '0'.
INFO: [DRC AVAL-5] enum_USE_MULT_NONE_enum_DREG_ADREG_0_connects_CED_CEAD_RSTD_GND: conv_mint_i/conv_0/inst/grp_conv_Pipeline_VITIS_LOOP_23_4_VITIS_LOOP_25_5_fu_218/fmul_32ns_32ns_32_4_max_dsp_1_U2/conv_fmul_32ns_32ns_32_4_max_dsp_1_ip_u/inst/i_synth/MULT.OP/i_non_prim.R_AND_R/LAT_OPT.FULL.R_AND_R/DSP48E1_SGL_EXP_IP.OLD_ADD.ADD/i_no_versal_es1_workaround.DSP: DSP48E1 is not using the Multiplier (USE_MULT = NONE). For improved power characteristics, set DREG and ADREG to '1', tie CED, CEAD, and RSTD to logic '0'.
INFO: [DRC REQP-1725] DSP_Abus_sign_bit_alert: conv_mint_i/conv_0/inst/grp_conv_Pipeline_VITIS_LOOP_23_4_VITIS_LOOP_25_5_fu_218/fadd_32ns_32ns_32_5_full_dsp_1_U1/conv_fadd_32ns_32ns_32_5_full_dsp_1_ip_u/inst/i_synth/ADDSUB_OP.ADDSUB/DSP.OP/DSP48E1_BODY.ALIGN_ADD/DSP2/i_no_versal_es1_workaround.DSP: When using the PreAdder and USE_DPORT is TRUE, the A operand should be restricted to 24 bit two's complement (and sign extended) to avoid over/underflow in the pre-add stage.
INFO: [Vivado 12-3199] DRC finished with 0 Errors, 21 Warnings, 6 Advisories
INFO: [Vivado 12-3200] Please refer to the DRC report (report_drc) for more information.
INFO: [Designutils 20-2272] Running write_bitstream with 8 threads.
Loading data files...
Loading site data...
Loading route data...
Processing options...
Creating bitmap...
Creating bitstream...
Writing bitstream ./conv_mint_wrapper.bit...
INFO: [Vivado 12-1842] Bitgen Completed Successfully.
INFO: [Common 17-83] Releasing license: Implementation
27 Infos, 21 Warnings, 0 Critical Warnings and 0 Errors encountered.
write_bitstream completed successfully
write_bitstream: Time (s): cpu = 00:00:26 ; elapsed = 00:00:26 . Memory (MB): peak = 2871.785 ; gain = 514.012 ; free physical = 186699 ; free virtual = 291385
INFO: [Common 17-206] Exiting Vivado at Wed Oct  7 19:02:12 2026...
