Wed Oct  7 01:14:21 2026: Running xcd server. This server was built by gradle.
Wed Oct  7 01:14:21 2026: Server was asked to start on port: '35972'
Wed Oct  7 01:14:21 2026: Server is using token UUID: '101efa9e-3a18-4e7e-94e6-ca4a38883d52'
Wed Oct  7 01:14:21 2026: SESSION_MGR: creating session with session uuid: '6d04a3e9-ade5-4ab9-8d63-1f78fcd2ec76' and name 'default'
Wed Oct  7 01:14:21 2026: Attempting to start server on port '35972'
Wed Oct  7 01:14:21 2026: XCD main fifo: created main fifo '/tmp/xcdmain101efa9e-3a18-4e7e-94e6-ca4a38883d52', fd read = 13
Wed Oct  7 01:14:21 2026: Running Dispatch Server
Wed Oct  7 01:14:21 2026: Version 2.2.0
Wed Oct  7 01:14:30 2026: Dispatch Server: Accepted socket connection from client
Wed Oct  7 01:14:30 2026: Starting Socket connection
Wed Oct  7 01:14:30 2026: EXCHANGE_TOKEN received, server token: 101efa9e-3a18-4e7e-94e6-ca4a38883d52, passed token: 101efa9e-3a18-4e7e-94e6-ca4a38883d52
Wed Oct  7 01:14:30 2026: SESSION_MGR: creating session with session uuid: '53f7967e-67de-4c45-ab61-a08840c3d49e' and name 'vitis_hls'
Wed Oct  7 01:14:30 2026: KERNEL_SVC: creating session with uuid: '53f7967e-67de-4c45-ab61-a08840c3d49e' and name 'vitis_hls'
Wed Oct  7 01:14:30 2026: GUIDANCE_SMGR: creating guidance session with uuid: '53f7967e-67de-4c45-ab61-a08840c3d49e' and name 'vitis_hls'
Wed Oct  7 01:15:22 2026: STOP_SERVER received, server token: 101efa9e-3a18-4e7e-94e6-ca4a38883d52, passed token: 101efa9e-3a18-4e7e-94e6-ca4a38883d52
Wed Oct  7 01:15:22 2026: Socket received request to stop server.
Wed Oct  7 01:15:22 2026: Dispatch Server: do_await_stop
Wed Oct  7 01:15:22 2026: Dispatch Server: stopping mainFifo_
Wed Oct  7 01:15:22 2026: XCD main fifo: Stopping
Wed Oct  7 01:15:22 2026: XCD main fifo: do_read error code: Operation canceled
Wed Oct  7 01:15:22 2026: XCD main fifo: bytes_transferred: 0
Wed Oct  7 01:15:22 2026: SERVER: destructor for server bound to port 35972
Wed Oct  7 01:15:22 2026: XCD main fifo: Good unlink of /tmp/xcdmain101efa9e-3a18-4e7e-94e6-ca4a38883d52
Wed Oct  7 01:15:22 2026: Server exiting with status 0.
Wed Oct  7 01:15:22 2026: Closing log file.
