

================================================================
== Vitis HLS Report for 'matmul_Pipeline_VITIS_LOOP_28_3_VITIS_LOOP_30_4'
================================================================
* Date:           Fri Oct  2 16:18:35 2026

* Version:        2022.2 (Build 3670227 on Oct 13 2022)
* Project:        vitis.prj
* Solution:       solution1 (Vivado IP Flow Target)
* Product family: zynq
* Target device:  xc7z020-clg400-1


================================================================
== Performance Estimates
================================================================
+ Timing: 
    * Summary: 
    +--------+----------+----------+------------+
    |  Clock |  Target  | Estimated| Uncertainty|
    +--------+----------+----------+------------+
    |ap_clk  |  10.00 ns|  7.300 ns|     2.70 ns|
    +--------+----------+----------+------------+

+ Latency: 
    * Summary: 
    +---------+---------+----------+----------+-------+-------+---------+
    |  Latency (cycles) |  Latency (absolute) |    Interval   | Pipeline|
    |   min   |   max   |    min   |    max   |  min  |  max  |   Type  |
    +---------+---------+----------+----------+-------+-------+---------+
    |    30004|    30004|  0.300 ms|  0.300 ms|  30004|  30004|       no|
    +---------+---------+----------+----------+-------+-------+---------+

    + Detail: 
        * Instance: 
        N/A

        * Loop: 
        +-----------------------------------+---------+---------+----------+-----------+-----------+-------+----------+
        |                                   |  Latency (cycles) | Iteration|  Initiation Interval  |  Trip |          |
        |             Loop Name             |   min   |   max   |  Latency |  achieved |   target  | Count | Pipelined|
        +-----------------------------------+---------+---------+----------+-----------+-----------+-------+----------+
        |- VITIS_LOOP_28_3_VITIS_LOOP_30_4  |    30002|    30002|         4|          1|          1|  30000|       yes|
        +-----------------------------------+---------+---------+----------+-----------+-----------+-------+----------+

============================================================
+ Verbose Summary: Synthesis Manager
============================================================
InlineROM: 1
ExposeGlobal: 0
============================================================
+ Verbose Summary: CDFG Model
============================================================
IsTopModel: 0
ResetActiveHigh: 1
IsCombinational: 0
IsDatapathOnly: 0
HasWiredReturn: 1
HasMFsm: 2
HasVarLatency: 1
IsPipeline: 0
IsRtlPipelined: 0
IsInstanceOverlapped: 0
IsDontTouch: 0
HasImplIP: 0
IsGatedGlobalClock: 0

+ Individual pipeline summary: 
  * Pipeline-0: initiation interval (II) = 1, depth = 4


============================================================
+ Verbose Summary: Schedule
============================================================
* Number of FSM states : 4
* Pipeline : 1
  Pipeline-0 : II = 1, D = 4, States = { 1 2 3 4 }
* Dataflow Pipeline: 0

* FSM state transitions: 
1 --> 2 
2 --> 3 
3 --> 4 
4 --> 

* FSM state operations: 

State 1 <SV = 0> <Delay = 6.30>
ST_1 : Operation 7 [1/1] (0.00ns)   --->   "%c = alloca i32 1"   --->   Operation 7 'alloca' 'c' <Predicate = true> <Delay = 0.00>
ST_1 : Operation 8 [1/1] (0.00ns)   --->   "%r = alloca i32 1"   --->   Operation 8 'alloca' 'r' <Predicate = true> <Delay = 0.00>
ST_1 : Operation 9 [1/1] (0.00ns)   --->   "%indvar_flatten6 = alloca i32 1"   --->   Operation 9 'alloca' 'indvar_flatten6' <Predicate = true> <Delay = 0.00>
ST_1 : Operation 10 [1/1] (0.00ns)   --->   "%sext_ln28_read = read i63 @_ssdm_op_Read.ap_auto.i63, i63 %sext_ln28"   --->   Operation 10 'read' 'sext_ln28_read' <Predicate = true> <Delay = 0.00>
ST_1 : Operation 11 [1/1] (0.00ns)   --->   "%sext_ln28_cast = sext i63 %sext_ln28_read"   --->   Operation 11 'sext' 'sext_ln28_cast' <Predicate = true> <Delay = 0.00>
ST_1 : Operation 12 [1/1] (0.00ns)   --->   "%specinterface_ln0 = specinterface void @_ssdm_op_SpecInterface, i16 %mem2, void @empty_4, i32 0, i32 0, void @empty_15, i32 64, i32 1, void @empty_12, void @empty_17, void @empty_15, i32 16, i32 16, i32 16, i32 16, void @empty_15, void @empty_15, i32 4294967295, i32 0"   --->   Operation 12 'specinterface' 'specinterface_ln0' <Predicate = true> <Delay = 0.00>
ST_1 : Operation 13 [1/1] (1.58ns)   --->   "%store_ln0 = store i15 0, i15 %indvar_flatten6"   --->   Operation 13 'store' 'store_ln0' <Predicate = true> <Delay = 1.58>
ST_1 : Operation 14 [1/1] (1.58ns)   --->   "%store_ln0 = store i8 0, i8 %r"   --->   Operation 14 'store' 'store_ln0' <Predicate = true> <Delay = 1.58>
ST_1 : Operation 15 [1/1] (1.58ns)   --->   "%store_ln0 = store i8 0, i8 %c"   --->   Operation 15 'store' 'store_ln0' <Predicate = true> <Delay = 1.58>
ST_1 : Operation 16 [1/1] (0.00ns)   --->   "%br_ln0 = br void %for.inc66"   --->   Operation 16 'br' 'br_ln0' <Predicate = true> <Delay = 0.00>
ST_1 : Operation 17 [1/1] (0.00ns)   --->   "%indvar_flatten6_load = load i15 %indvar_flatten6" [matmul.cpp:28]   --->   Operation 17 'load' 'indvar_flatten6_load' <Predicate = true> <Delay = 0.00>
ST_1 : Operation 18 [1/1] (2.31ns)   --->   "%icmp_ln28 = icmp_eq  i15 %indvar_flatten6_load, i15 30000" [matmul.cpp:28]   --->   Operation 18 'icmp' 'icmp_ln28' <Predicate = true> <Delay = 2.31> <CoreInst = "Cmp">   --->   Core 9 'Cmp' <Latency = 0> <II = 1> <Delay = 2.31> <FuncUnit> <Opcode : 'icmp'> <InPorts = 2> <OutPorts = 1>
ST_1 : Operation 19 [1/1] (1.94ns)   --->   "%add_ln28_1 = add i15 %indvar_flatten6_load, i15 1" [matmul.cpp:28]   --->   Operation 19 'add' 'add_ln28_1' <Predicate = true> <Delay = 1.94> <CoreInst = "Adder">   --->   Core 1 'Adder' <Latency = 0> <II = 1> <Delay = 1.94> <FuncUnit> <Opcode : 'add' 'sub'> <InPorts = 2> <OutPorts = 1>
ST_1 : Operation 20 [1/1] (0.00ns)   --->   "%br_ln28 = br i1 %icmp_ln28, void %for.inc69, void %for.inc86.preheader.exitStub" [matmul.cpp:28]   --->   Operation 20 'br' 'br_ln28' <Predicate = true> <Delay = 0.00>
ST_1 : Operation 21 [1/1] (0.00ns)   --->   "%c_load = load i8 %c" [matmul.cpp:30]   --->   Operation 21 'load' 'c_load' <Predicate = (!icmp_ln28)> <Delay = 0.00>
ST_1 : Operation 22 [1/1] (0.00ns)   --->   "%r_load = load i8 %r" [matmul.cpp:28]   --->   Operation 22 'load' 'r_load' <Predicate = (!icmp_ln28)> <Delay = 0.00>
ST_1 : Operation 23 [1/1] (1.91ns)   --->   "%add_ln28 = add i8 %r_load, i8 1" [matmul.cpp:28]   --->   Operation 23 'add' 'add_ln28' <Predicate = (!icmp_ln28)> <Delay = 1.91> <CoreInst = "Adder">   --->   Core 1 'Adder' <Latency = 0> <II = 1> <Delay = 1.91> <FuncUnit> <Opcode : 'add' 'sub'> <InPorts = 2> <OutPorts = 1>
ST_1 : Operation 24 [1/1] (1.55ns)   --->   "%icmp_ln30 = icmp_eq  i8 %c_load, i8 200" [matmul.cpp:30]   --->   Operation 24 'icmp' 'icmp_ln30' <Predicate = (!icmp_ln28)> <Delay = 1.55> <CoreInst = "Cmp">   --->   Core 9 'Cmp' <Latency = 0> <II = 1> <Delay = 1.55> <FuncUnit> <Opcode : 'icmp'> <InPorts = 2> <OutPorts = 1>
ST_1 : Operation 25 [1/1] (1.24ns)   --->   "%select_ln28 = select i1 %icmp_ln30, i8 0, i8 %c_load" [matmul.cpp:28]   --->   Operation 25 'select' 'select_ln28' <Predicate = (!icmp_ln28)> <Delay = 1.24> <CoreInst = "Sel">   --->   Core 73 'Sel' <Latency = 0> <II = 1> <Delay = 1.24> <FuncUnit> <Opcode : 'select'> <InPorts = 3> <OutPorts = 1>
ST_1 : Operation 26 [1/1] (1.24ns)   --->   "%select_ln28_1 = select i1 %icmp_ln30, i8 %add_ln28, i8 %r_load" [matmul.cpp:28]   --->   Operation 26 'select' 'select_ln28_1' <Predicate = (!icmp_ln28)> <Delay = 1.24> <CoreInst = "Sel">   --->   Core 73 'Sel' <Latency = 0> <II = 1> <Delay = 1.24> <FuncUnit> <Opcode : 'select'> <InPorts = 3> <OutPorts = 1>
ST_1 : Operation 27 [1/1] (0.00ns)   --->   "%select_ln28_1_cast = zext i8 %select_ln28_1" [matmul.cpp:28]   --->   Operation 27 'zext' 'select_ln28_1_cast' <Predicate = (!icmp_ln28)> <Delay = 0.00>
ST_1 : Operation 28 [3/3] (1.05ns) (grouped into DSP with root node add_ln32)   --->   "%mul_ln32 = mul i15 %select_ln28_1_cast, i15 200" [matmul.cpp:28]   --->   Operation 28 'mul' 'mul_ln32' <Predicate = (!icmp_ln28)> <Delay = 1.05> <CoreInst = "DSP48">   --->   Core 119 'DSP48' <Latency = 3> <II = 1> <Delay = 2.15> <IPBlock> <Opcode : 'mul' 'add' 'sub' 'select'> <InPorts = 0> <OutPorts = 1> <Sync> <CReg>
ST_1 : Operation 29 [1/1] (1.91ns)   --->   "%add_ln30 = add i8 %select_ln28, i8 1" [matmul.cpp:30]   --->   Operation 29 'add' 'add_ln30' <Predicate = (!icmp_ln28)> <Delay = 1.91> <CoreInst = "Adder">   --->   Core 1 'Adder' <Latency = 0> <II = 1> <Delay = 1.91> <FuncUnit> <Opcode : 'add' 'sub'> <InPorts = 2> <OutPorts = 1>
ST_1 : Operation 30 [1/1] (1.58ns)   --->   "%store_ln30 = store i15 %add_ln28_1, i15 %indvar_flatten6" [matmul.cpp:30]   --->   Operation 30 'store' 'store_ln30' <Predicate = (!icmp_ln28)> <Delay = 1.58>
ST_1 : Operation 31 [1/1] (1.58ns)   --->   "%store_ln30 = store i8 %select_ln28_1, i8 %r" [matmul.cpp:30]   --->   Operation 31 'store' 'store_ln30' <Predicate = (!icmp_ln28)> <Delay = 1.58>
ST_1 : Operation 32 [1/1] (1.58ns)   --->   "%store_ln30 = store i8 %add_ln30, i8 %c" [matmul.cpp:30]   --->   Operation 32 'store' 'store_ln30' <Predicate = (!icmp_ln28)> <Delay = 1.58>

State 2 <SV = 1> <Delay = 1.05>
ST_2 : Operation 33 [2/3] (1.05ns) (grouped into DSP with root node add_ln32)   --->   "%mul_ln32 = mul i15 %select_ln28_1_cast, i15 200" [matmul.cpp:28]   --->   Operation 33 'mul' 'mul_ln32' <Predicate = (!icmp_ln28)> <Delay = 1.05> <CoreInst = "DSP48">   --->   Core 119 'DSP48' <Latency = 3> <II = 1> <Delay = 2.15> <IPBlock> <Opcode : 'mul' 'add' 'sub' 'select'> <InPorts = 0> <OutPorts = 1> <Sync> <CReg>

State 3 <SV = 2> <Delay = 7.30>
ST_3 : Operation 34 [1/1] (0.00ns)   --->   "%specbitsmap_ln0 = specbitsmap void @_ssdm_op_SpecBitsMap, i16 %mem2"   --->   Operation 34 'specbitsmap' 'specbitsmap_ln0' <Predicate = true> <Delay = 0.00>
ST_3 : Operation 35 [1/1] (0.00ns)   --->   "%mem2_addr = getelementptr i16 %mem2, i64 %sext_ln28_cast" [matmul.cpp:28]   --->   Operation 35 'getelementptr' 'mem2_addr' <Predicate = true> <Delay = 0.00>
ST_3 : Operation 36 [1/1] (0.00ns)   --->   "%specpipeline_ln0 = specpipeline void @_ssdm_op_SpecPipeline, i32 4294967295, i32 0, i32 1, i32 0, void @p_str"   --->   Operation 36 'specpipeline' 'specpipeline_ln0' <Predicate = true> <Delay = 0.00>
ST_3 : Operation 37 [1/3] (0.00ns) (grouped into DSP with root node add_ln32)   --->   "%mul_ln32 = mul i15 %select_ln28_1_cast, i15 200" [matmul.cpp:28]   --->   Operation 37 'mul' 'mul_ln32' <Predicate = (!icmp_ln28)> <Delay = 0.00> <CoreInst = "DSP48">   --->   Core 119 'DSP48' <Latency = 3> <II = 1> <Delay = 2.15> <IPBlock> <Opcode : 'mul' 'add' 'sub' 'select'> <InPorts = 0> <OutPorts = 1> <Sync> <CReg>
ST_3 : Operation 38 [1/1] (0.00ns)   --->   "%zext_ln32 = zext i8 %select_ln28" [matmul.cpp:32]   --->   Operation 38 'zext' 'zext_ln32' <Predicate = (!icmp_ln28)> <Delay = 0.00>
ST_3 : Operation 39 [2/2] (2.10ns) (root node of the DSP)   --->   "%add_ln32 = add i15 %mul_ln32, i15 %zext_ln32" [matmul.cpp:32]   --->   Operation 39 'add' 'add_ln32' <Predicate = (!icmp_ln28)> <Delay = 2.10> <CoreInst = "DSP48">   --->   Core 119 'DSP48' <Latency = 3> <II = 1> <Delay = 2.15> <IPBlock> <Opcode : 'mul' 'add' 'sub' 'select'> <InPorts = 0> <OutPorts = 1> <Sync> <CReg>
ST_3 : Operation 40 [1/1] (7.30ns)   --->   "%mem2_addr_read = read i16 @_ssdm_op_Read.m_axi.p1i16, i16 %mem2_addr" [matmul.cpp:32]   --->   Operation 40 'read' 'mem2_addr_read' <Predicate = (!icmp_ln28)> <Delay = 7.30> <CoreInst = "m_axi">   --->   Core 113 'm_axi' <Latency = 0> <II = 1> <Delay = 1.00> <Adapter> <Opcode : 'read' 'write' 'readreq' 'writereq' 'writeresp'>
ST_3 : Operation 50 [1/1] (0.00ns)   --->   "%ret_ln0 = ret"   --->   Operation 50 'ret' 'ret_ln0' <Predicate = (icmp_ln28)> <Delay = 0.00>

State 4 <SV = 3> <Delay = 5.35>
ST_4 : Operation 41 [1/1] (0.00ns)   --->   "%specloopname_ln0 = specloopname void @_ssdm_op_SpecLoopName, void @VITIS_LOOP_28_3_VITIS_LOOP_30_4_str"   --->   Operation 41 'specloopname' 'specloopname_ln0' <Predicate = true> <Delay = 0.00>
ST_4 : Operation 42 [1/1] (0.00ns)   --->   "%empty = speclooptripcount i32 @_ssdm_op_SpecLoopTripCount, i64 30000, i64 30000, i64 30000"   --->   Operation 42 'speclooptripcount' 'empty' <Predicate = true> <Delay = 0.00>
ST_4 : Operation 43 [1/1] (0.00ns)   --->   "%specpipeline_ln0 = specpipeline void @_ssdm_op_SpecPipeline, i32 4294967295, i32 0, i32 1, i32 0, void @p_str"   --->   Operation 43 'specpipeline' 'specpipeline_ln0' <Predicate = true> <Delay = 0.00>
ST_4 : Operation 44 [1/2] (2.10ns) (root node of the DSP)   --->   "%add_ln32 = add i15 %mul_ln32, i15 %zext_ln32" [matmul.cpp:32]   --->   Operation 44 'add' 'add_ln32' <Predicate = true> <Delay = 2.10> <CoreInst = "DSP48">   --->   Core 119 'DSP48' <Latency = 3> <II = 1> <Delay = 2.15> <IPBlock> <Opcode : 'mul' 'add' 'sub' 'select'> <InPorts = 0> <OutPorts = 1> <Sync> <CReg>
ST_4 : Operation 45 [1/1] (0.00ns)   --->   "%zext_ln32_1 = zext i15 %add_ln32" [matmul.cpp:32]   --->   Operation 45 'zext' 'zext_ln32_1' <Predicate = true> <Delay = 0.00>
ST_4 : Operation 46 [1/1] (0.00ns)   --->   "%Matrix_B_BRAM_V_addr = getelementptr i16 %Matrix_B_BRAM_V, i64 0, i64 %zext_ln32_1" [matmul.cpp:32]   --->   Operation 46 'getelementptr' 'Matrix_B_BRAM_V_addr' <Predicate = true> <Delay = 0.00>
ST_4 : Operation 47 [1/1] (0.00ns)   --->   "%specloopname_ln30 = specloopname void @_ssdm_op_SpecLoopName, void @empty_13" [matmul.cpp:30]   --->   Operation 47 'specloopname' 'specloopname_ln30' <Predicate = true> <Delay = 0.00>
ST_4 : Operation 48 [1/1] (3.25ns)   --->   "%store_ln32 = store i16 %mem2_addr_read, i15 %Matrix_B_BRAM_V_addr" [matmul.cpp:32]   --->   Operation 48 'store' 'store_ln32' <Predicate = true> <Delay = 3.25> <CoreInst = "RAM">   --->   Core 82 'RAM' <Latency = 1> <II = 1> <Delay = 3.25> <Storage> <Opcode : 'load' 'store'> <Ports = 2> <Width = 16> <Depth = 30000> <RAM>
ST_4 : Operation 49 [1/1] (0.00ns)   --->   "%br_ln30 = br void %for.inc66" [matmul.cpp:30]   --->   Operation 49 'br' 'br_ln30' <Predicate = true> <Delay = 0.00>


============================================================
+ Verbose Summary: Timing violations
============================================================
Target clock period: 10ns, clock uncertainty: 2.7ns.

 <State 1>: 6.3ns
The critical path consists of the following:
	'alloca' operation ('c') [4]  (0 ns)
	'load' operation ('c_load', matmul.cpp:30) on local variable 'c' [23]  (0 ns)
	'icmp' operation ('icmp_ln30', matmul.cpp:30) [28]  (1.55 ns)
	'select' operation ('select_ln28', matmul.cpp:28) [29]  (1.25 ns)
	'add' operation ('add_ln30', matmul.cpp:30) [41]  (1.92 ns)
	'store' operation ('store_ln30', matmul.cpp:30) of variable 'add_ln30', matmul.cpp:30 on local variable 'c' [44]  (1.59 ns)

 <State 2>: 1.05ns
The critical path consists of the following:
	'mul' operation of DSP[35] ('mul_ln32', matmul.cpp:28) [32]  (1.05 ns)

 <State 3>: 7.3ns
The critical path consists of the following:
	'getelementptr' operation ('mem2_addr', matmul.cpp:28) [17]  (0 ns)
	bus read operation ('mem2_addr_read', matmul.cpp:32) on port 'mem2' (matmul.cpp:32) [39]  (7.3 ns)

 <State 4>: 5.35ns
The critical path consists of the following:
	'add' operation of DSP[35] ('add_ln32', matmul.cpp:32) [35]  (2.1 ns)
	'getelementptr' operation ('Matrix_B_BRAM_V_addr', matmul.cpp:32) [37]  (0 ns)
	'store' operation ('store_ln32', matmul.cpp:32) of variable 'mem2_addr_read', matmul.cpp:32 on array 'Matrix_B_BRAM_V' [40]  (3.25 ns)


============================================================
+ Verbose Summary: Binding
============================================================
N/A
* FSMD analyzer results:
  - Output states:
 - Input state : 
  - Chain level:
	State 1
	State 2
	State 3
	State 4


============================================================
+ Verbose Summary: Datapath Resource usage 
============================================================
N/A
