

================================================================
== Vitis HLS Report for 'matmul_Pipeline_VITIS_LOOP_19_1_VITIS_LOOP_21_2'
================================================================
* Date:           Fri Oct  2 16:18:37 2026

* Version:        2022.2 (Build 3670227 on Oct 13 2022)
* Project:        vitis.prj
* Solution:       solution1 (Vivado IP Flow Target)
* Product family: zynq
* Target device:  xc7z020-clg400-1


================================================================
== Performance Estimates
================================================================
+ Timing: 
    * Summary: 
    +--------+----------+----------+------------+
    |  Clock |  Target  | Estimated| Uncertainty|
    +--------+----------+----------+------------+
    |ap_clk  |  10.00 ns|  7.300 ns|     2.70 ns|
    +--------+----------+----------+------------+

+ Latency: 
    * Summary: 
    +---------+---------+----------+----------+-------+-------+---------+
    |  Latency (cycles) |  Latency (absolute) |    Interval   | Pipeline|
    |   min   |   max   |    min   |    max   |  min  |  max  |   Type  |
    +---------+---------+----------+----------+-------+-------+---------+
    |    15004|    15004|  0.150 ms|  0.150 ms|  15004|  15004|       no|
    +---------+---------+----------+----------+-------+-------+---------+

    + Detail: 
        * Instance: 
        N/A

        * Loop: 
        +-----------------------------------+---------+---------+----------+-----------+-----------+-------+----------+
        |                                   |  Latency (cycles) | Iteration|  Initiation Interval  |  Trip |          |
        |             Loop Name             |   min   |   max   |  Latency |  achieved |   target  | Count | Pipelined|
        +-----------------------------------+---------+---------+----------+-----------+-----------+-------+----------+
        |- VITIS_LOOP_19_1_VITIS_LOOP_21_2  |    15002|    15002|         4|          1|          1|  15000|       yes|
        +-----------------------------------+---------+---------+----------+-----------+-----------+-------+----------+



================================================================
== Utilization Estimates
================================================================
* Summary: 
+-----------------+---------+-----+--------+-------+-----+
|       Name      | BRAM_18K| DSP |   FF   |  LUT  | URAM|
+-----------------+---------+-----+--------+-------+-----+
|DSP              |        -|    1|       -|      -|    -|
|Expression       |        -|    -|       0|     90|    -|
|FIFO             |        -|    -|       -|      -|    -|
|Instance         |        -|    -|       -|      -|    -|
|Memory           |        -|    -|       -|      -|    -|
|Multiplexer      |        -|    -|       -|     81|    -|
|Register         |        -|    -|      70|      -|    -|
+-----------------+---------+-----+--------+-------+-----+
|Total            |        0|    1|      70|    171|    0|
+-----------------+---------+-----+--------+-------+-----+
|Available        |      280|  220|  106400|  53200|    0|
+-----------------+---------+-----+--------+-------+-----+
|Utilization (%)  |        0|   ~0|      ~0|     ~0|    0|
+-----------------+---------+-----+--------+-------+-----+

+ Detail: 
    * Instance: 
    N/A

    * DSP: 
    +----------------------------------+-------------------------------+--------------+
    |             Instance             |             Module            |  Expression  |
    +----------------------------------+-------------------------------+--------------+
    |mac_muladd_7ns_8ns_8ns_14_4_1_U1  |mac_muladd_7ns_8ns_8ns_14_4_1  |  i0 * i1 + i2|
    +----------------------------------+-------------------------------+--------------+

    * Memory: 
    N/A

    * FIFO: 
    N/A

    * Expression: 
    +----------------------------------+----------+----+---+----+------------+------------+
    |           Variable Name          | Operation| DSP| FF| LUT| Bitwidth P0| Bitwidth P1|
    +----------------------------------+----------+----+---+----+------------+------------+
    |add_ln19_1_fu_130_p2              |         +|   0|  0|  17|          14|           1|
    |add_ln19_fu_142_p2                |         +|   0|  0|  14|           7|           1|
    |add_ln21_fu_174_p2                |         +|   0|  0|  15|           8|           1|
    |ap_block_pp0_stage0_11001         |       and|   0|  0|   2|           1|           1|
    |ap_block_state3_pp0_stage0_iter2  |       and|   0|  0|   2|           1|           1|
    |icmp_ln19_fu_124_p2               |      icmp|   0|  0|  12|          14|          12|
    |icmp_ln21_fu_148_p2               |      icmp|   0|  0|  11|           8|           8|
    |select_ln19_1_fu_162_p3           |    select|   0|  0|   7|           1|           7|
    |select_ln19_fu_154_p3             |    select|   0|  0|   8|           1|           1|
    |ap_enable_pp0                     |       xor|   0|  0|   2|           1|           2|
    +----------------------------------+----------+----+---+----+------------+------------+
    |Total                             |          |   0|  0|  90|          56|          35|
    +----------------------------------+----------+----+---+----+------------+------------+

    * Multiplexer: 
    +--------------------------------------+----+-----------+-----+-----------+
    |                 Name                 | LUT| Input Size| Bits| Total Bits|
    +--------------------------------------+----+-----------+-----+-----------+
    |ap_done_int                           |   9|          2|    1|          2|
    |ap_enable_reg_pp0_iter3               |   9|          2|    1|          2|
    |ap_sig_allocacmp_c_load               |   9|          2|    8|         16|
    |ap_sig_allocacmp_indvar_flatten_load  |   9|          2|   14|         28|
    |ap_sig_allocacmp_r_load               |   9|          2|    7|         14|
    |c_fu_66                               |   9|          2|    8|         16|
    |indvar_flatten_fu_74                  |   9|          2|   14|         28|
    |mem1_blk_n_R                          |   9|          2|    1|          2|
    |r_fu_70                               |   9|          2|    7|         14|
    +--------------------------------------+----+-----------+-----+-----------+
    |Total                                 |  81|         18|   61|        122|
    +--------------------------------------+----+-----------+-----+-----------+

    * Register: 
    +-----------------------------------+----+----+-----+-----------+
    |                Name               | FF | LUT| Bits| Const Bits|
    +-----------------------------------+----+----+-----+-----------+
    |ap_CS_fsm                          |   1|   0|    1|          0|
    |ap_done_reg                        |   1|   0|    1|          0|
    |ap_enable_reg_pp0_iter1            |   1|   0|    1|          0|
    |ap_enable_reg_pp0_iter2            |   1|   0|    1|          0|
    |ap_enable_reg_pp0_iter3            |   1|   0|    1|          0|
    |ap_loop_exit_ready_pp0_iter1_reg   |   1|   0|    1|          0|
    |ap_loop_exit_ready_pp0_iter2_reg   |   1|   0|    1|          0|
    |c_fu_66                            |   8|   0|    8|          0|
    |icmp_ln19_reg_243                  |   1|   0|    1|          0|
    |icmp_ln19_reg_243_pp0_iter1_reg    |   1|   0|    1|          0|
    |indvar_flatten_fu_74               |  14|   0|   14|          0|
    |mem1_addr_read_reg_262             |  16|   0|   16|          0|
    |r_fu_70                            |   7|   0|    7|          0|
    |select_ln19_reg_247                |   8|   0|    8|          0|
    |select_ln19_reg_247_pp0_iter1_reg  |   8|   0|    8|          0|
    +-----------------------------------+----+----+-----+-----------+
    |Total                              |  70|   0|   70|          0|
    +-----------------------------------+----+----+-----+-----------+



================================================================
== Interface
================================================================
* Summary: 
+--------------------------+-----+-----+------------+-------------------------------------------------+--------------+
|         RTL Ports        | Dir | Bits|  Protocol  |                  Source Object                  |    C Type    |
+--------------------------+-----+-----+------------+-------------------------------------------------+--------------+
|ap_clk                    |   in|    1|  ap_ctrl_hs|  matmul_Pipeline_VITIS_LOOP_19_1_VITIS_LOOP_21_2|  return value|
|ap_rst                    |   in|    1|  ap_ctrl_hs|  matmul_Pipeline_VITIS_LOOP_19_1_VITIS_LOOP_21_2|  return value|
|ap_start                  |   in|    1|  ap_ctrl_hs|  matmul_Pipeline_VITIS_LOOP_19_1_VITIS_LOOP_21_2|  return value|
|ap_done                   |  out|    1|  ap_ctrl_hs|  matmul_Pipeline_VITIS_LOOP_19_1_VITIS_LOOP_21_2|  return value|
|ap_idle                   |  out|    1|  ap_ctrl_hs|  matmul_Pipeline_VITIS_LOOP_19_1_VITIS_LOOP_21_2|  return value|
|ap_ready                  |  out|    1|  ap_ctrl_hs|  matmul_Pipeline_VITIS_LOOP_19_1_VITIS_LOOP_21_2|  return value|
|m_axi_mem1_AWVALID        |  out|    1|       m_axi|                                             mem1|       pointer|
|m_axi_mem1_AWREADY        |   in|    1|       m_axi|                                             mem1|       pointer|
|m_axi_mem1_AWADDR         |  out|   64|       m_axi|                                             mem1|       pointer|
|m_axi_mem1_AWID           |  out|    1|       m_axi|                                             mem1|       pointer|
|m_axi_mem1_AWLEN          |  out|   32|       m_axi|                                             mem1|       pointer|
|m_axi_mem1_AWSIZE         |  out|    3|       m_axi|                                             mem1|       pointer|
|m_axi_mem1_AWBURST        |  out|    2|       m_axi|                                             mem1|       pointer|
|m_axi_mem1_AWLOCK         |  out|    2|       m_axi|                                             mem1|       pointer|
|m_axi_mem1_AWCACHE        |  out|    4|       m_axi|                                             mem1|       pointer|
|m_axi_mem1_AWPROT         |  out|    3|       m_axi|                                             mem1|       pointer|
|m_axi_mem1_AWQOS          |  out|    4|       m_axi|                                             mem1|       pointer|
|m_axi_mem1_AWREGION       |  out|    4|       m_axi|                                             mem1|       pointer|
|m_axi_mem1_AWUSER         |  out|    1|       m_axi|                                             mem1|       pointer|
|m_axi_mem1_WVALID         |  out|    1|       m_axi|                                             mem1|       pointer|
|m_axi_mem1_WREADY         |   in|    1|       m_axi|                                             mem1|       pointer|
|m_axi_mem1_WDATA          |  out|   16|       m_axi|                                             mem1|       pointer|
|m_axi_mem1_WSTRB          |  out|    2|       m_axi|                                             mem1|       pointer|
|m_axi_mem1_WLAST          |  out|    1|       m_axi|                                             mem1|       pointer|
|m_axi_mem1_WID            |  out|    1|       m_axi|                                             mem1|       pointer|
|m_axi_mem1_WUSER          |  out|    1|       m_axi|                                             mem1|       pointer|
|m_axi_mem1_ARVALID        |  out|    1|       m_axi|                                             mem1|       pointer|
|m_axi_mem1_ARREADY        |   in|    1|       m_axi|                                             mem1|       pointer|
|m_axi_mem1_ARADDR         |  out|   64|       m_axi|                                             mem1|       pointer|
|m_axi_mem1_ARID           |  out|    1|       m_axi|                                             mem1|       pointer|
|m_axi_mem1_ARLEN          |  out|   32|       m_axi|                                             mem1|       pointer|
|m_axi_mem1_ARSIZE         |  out|    3|       m_axi|                                             mem1|       pointer|
|m_axi_mem1_ARBURST        |  out|    2|       m_axi|                                             mem1|       pointer|
|m_axi_mem1_ARLOCK         |  out|    2|       m_axi|                                             mem1|       pointer|
|m_axi_mem1_ARCACHE        |  out|    4|       m_axi|                                             mem1|       pointer|
|m_axi_mem1_ARPROT         |  out|    3|       m_axi|                                             mem1|       pointer|
|m_axi_mem1_ARQOS          |  out|    4|       m_axi|                                             mem1|       pointer|
|m_axi_mem1_ARREGION       |  out|    4|       m_axi|                                             mem1|       pointer|
|m_axi_mem1_ARUSER         |  out|    1|       m_axi|                                             mem1|       pointer|
|m_axi_mem1_RVALID         |   in|    1|       m_axi|                                             mem1|       pointer|
|m_axi_mem1_RREADY         |  out|    1|       m_axi|                                             mem1|       pointer|
|m_axi_mem1_RDATA          |   in|   16|       m_axi|                                             mem1|       pointer|
|m_axi_mem1_RLAST          |   in|    1|       m_axi|                                             mem1|       pointer|
|m_axi_mem1_RID            |   in|    1|       m_axi|                                             mem1|       pointer|
|m_axi_mem1_RFIFONUM       |   in|   10|       m_axi|                                             mem1|       pointer|
|m_axi_mem1_RUSER          |   in|    1|       m_axi|                                             mem1|       pointer|
|m_axi_mem1_RRESP          |   in|    2|       m_axi|                                             mem1|       pointer|
|m_axi_mem1_BVALID         |   in|    1|       m_axi|                                             mem1|       pointer|
|m_axi_mem1_BREADY         |  out|    1|       m_axi|                                             mem1|       pointer|
|m_axi_mem1_BRESP          |   in|    2|       m_axi|                                             mem1|       pointer|
|m_axi_mem1_BID            |   in|    1|       m_axi|                                             mem1|       pointer|
|m_axi_mem1_BUSER          |   in|    1|       m_axi|                                             mem1|       pointer|
|sext_ln19                 |   in|   63|     ap_none|                                        sext_ln19|        scalar|
|Matrix_A_BRAM_V_address0  |  out|   14|   ap_memory|                                  Matrix_A_BRAM_V|         array|
|Matrix_A_BRAM_V_ce0       |  out|    1|   ap_memory|                                  Matrix_A_BRAM_V|         array|
|Matrix_A_BRAM_V_we0       |  out|    1|   ap_memory|                                  Matrix_A_BRAM_V|         array|
|Matrix_A_BRAM_V_d0        |  out|   16|   ap_memory|                                  Matrix_A_BRAM_V|         array|
+--------------------------+-----+-----+------------+-------------------------------------------------+--------------+

============================================================
+ Verbose Summary: Synthesis Manager
============================================================
InlineROM: 1
ExposeGlobal: 0
============================================================
+ Verbose Summary: CDFG Model
============================================================
IsTopModel: 0
ResetActiveHigh: 1
IsCombinational: 2
IsDatapathOnly: 2
HasWiredReturn: 1
HasMFsm: 2
HasVarLatency: 1
IsPipeline: 0
IsRtlPipelined: 0
IsInstanceOverlapped: 0
IsDontTouch: 0
HasImplIP: 0
IsGatedGlobalClock: 0

+ Individual pipeline summary: 
  * Pipeline-0: initiation interval (II) = 1, depth = 4


============================================================
+ Verbose Summary: Schedule
============================================================
* Number of FSM states : 4
* Pipeline : 1
  Pipeline-0 : II = 1, D = 4, States = { 1 2 3 4 }
* Dataflow Pipeline: 0

* FSM state transitions: 
1 --> 2 
2 --> 3 
3 --> 4 
4 --> 

* FSM state operations: 

State 1 <SV = 0> <Delay = 6.30>
ST_1 : Operation 7 [1/1] (0.00ns)   --->   "%c = alloca i32 1"   --->   Operation 7 'alloca' 'c' <Predicate = true> <Delay = 0.00>
ST_1 : Operation 8 [1/1] (0.00ns)   --->   "%r = alloca i32 1"   --->   Operation 8 'alloca' 'r' <Predicate = true> <Delay = 0.00>
ST_1 : Operation 9 [1/1] (0.00ns)   --->   "%indvar_flatten = alloca i32 1"   --->   Operation 9 'alloca' 'indvar_flatten' <Predicate = true> <Delay = 0.00>
ST_1 : Operation 10 [1/1] (0.00ns)   --->   "%sext_ln19_read = read i63 @_ssdm_op_Read.ap_auto.i63, i63 %sext_ln19"   --->   Operation 10 'read' 'sext_ln19_read' <Predicate = true> <Delay = 0.00>
ST_1 : Operation 11 [1/1] (0.00ns)   --->   "%sext_ln19_cast = sext i63 %sext_ln19_read"   --->   Operation 11 'sext' 'sext_ln19_cast' <Predicate = true> <Delay = 0.00>
ST_1 : Operation 12 [1/1] (0.00ns)   --->   "%specinterface_ln0 = specinterface void @_ssdm_op_SpecInterface, i16 %mem1, void @empty_4, i32 0, i32 0, void @empty_15, i32 64, i32 1, void @empty_16, void @empty_17, void @empty_15, i32 16, i32 16, i32 16, i32 16, void @empty_15, void @empty_15, i32 4294967295, i32 0"   --->   Operation 12 'specinterface' 'specinterface_ln0' <Predicate = true> <Delay = 0.00>
ST_1 : Operation 13 [1/1] (1.58ns)   --->   "%store_ln0 = store i14 0, i14 %indvar_flatten"   --->   Operation 13 'store' 'store_ln0' <Predicate = true> <Delay = 1.58>
ST_1 : Operation 14 [1/1] (1.58ns)   --->   "%store_ln0 = store i7 0, i7 %r"   --->   Operation 14 'store' 'store_ln0' <Predicate = true> <Delay = 1.58>
ST_1 : Operation 15 [1/1] (1.58ns)   --->   "%store_ln0 = store i8 0, i8 %c"   --->   Operation 15 'store' 'store_ln0' <Predicate = true> <Delay = 1.58>
ST_1 : Operation 16 [1/1] (0.00ns)   --->   "%br_ln0 = br void %for.inc"   --->   Operation 16 'br' 'br_ln0' <Predicate = true> <Delay = 0.00>
ST_1 : Operation 17 [1/1] (0.00ns)   --->   "%indvar_flatten_load = load i14 %indvar_flatten" [matmul.cpp:19]   --->   Operation 17 'load' 'indvar_flatten_load' <Predicate = true> <Delay = 0.00>
ST_1 : Operation 18 [1/1] (2.20ns)   --->   "%icmp_ln19 = icmp_eq  i14 %indvar_flatten_load, i14 15000" [matmul.cpp:19]   --->   Operation 18 'icmp' 'icmp_ln19' <Predicate = true> <Delay = 2.20> <CoreInst = "Cmp">   --->   Core 9 'Cmp' <Latency = 0> <II = 1> <Delay = 2.20> <FuncUnit> <Opcode : 'icmp'> <InPorts = 2> <OutPorts = 1>
ST_1 : Operation 19 [1/1] (1.81ns)   --->   "%add_ln19_1 = add i14 %indvar_flatten_load, i14 1" [matmul.cpp:19]   --->   Operation 19 'add' 'add_ln19_1' <Predicate = true> <Delay = 1.81> <CoreInst = "Adder">   --->   Core 1 'Adder' <Latency = 0> <II = 1> <Delay = 1.81> <FuncUnit> <Opcode : 'add' 'sub'> <InPorts = 2> <OutPorts = 1>
ST_1 : Operation 20 [1/1] (0.00ns)   --->   "%br_ln19 = br i1 %icmp_ln19, void %for.inc45, void %VITIS_LOOP_28_3.exitStub" [matmul.cpp:19]   --->   Operation 20 'br' 'br_ln19' <Predicate = true> <Delay = 0.00>
ST_1 : Operation 21 [1/1] (0.00ns)   --->   "%c_load = load i8 %c" [matmul.cpp:21]   --->   Operation 21 'load' 'c_load' <Predicate = (!icmp_ln19)> <Delay = 0.00>
ST_1 : Operation 22 [1/1] (0.00ns)   --->   "%r_load = load i7 %r" [matmul.cpp:19]   --->   Operation 22 'load' 'r_load' <Predicate = (!icmp_ln19)> <Delay = 0.00>
ST_1 : Operation 23 [1/1] (1.87ns)   --->   "%add_ln19 = add i7 %r_load, i7 1" [matmul.cpp:19]   --->   Operation 23 'add' 'add_ln19' <Predicate = (!icmp_ln19)> <Delay = 1.87> <CoreInst = "Adder">   --->   Core 1 'Adder' <Latency = 0> <II = 1> <Delay = 1.87> <FuncUnit> <Opcode : 'add' 'sub'> <InPorts = 2> <OutPorts = 1>
ST_1 : Operation 24 [1/1] (1.55ns)   --->   "%icmp_ln21 = icmp_eq  i8 %c_load, i8 150" [matmul.cpp:21]   --->   Operation 24 'icmp' 'icmp_ln21' <Predicate = (!icmp_ln19)> <Delay = 1.55> <CoreInst = "Cmp">   --->   Core 9 'Cmp' <Latency = 0> <II = 1> <Delay = 1.55> <FuncUnit> <Opcode : 'icmp'> <InPorts = 2> <OutPorts = 1>
ST_1 : Operation 25 [1/1] (1.24ns)   --->   "%select_ln19 = select i1 %icmp_ln21, i8 0, i8 %c_load" [matmul.cpp:19]   --->   Operation 25 'select' 'select_ln19' <Predicate = (!icmp_ln19)> <Delay = 1.24> <CoreInst = "Sel">   --->   Core 73 'Sel' <Latency = 0> <II = 1> <Delay = 1.24> <FuncUnit> <Opcode : 'select'> <InPorts = 3> <OutPorts = 1>
ST_1 : Operation 26 [1/1] (0.99ns)   --->   "%select_ln19_1 = select i1 %icmp_ln21, i7 %add_ln19, i7 %r_load" [matmul.cpp:19]   --->   Operation 26 'select' 'select_ln19_1' <Predicate = (!icmp_ln19)> <Delay = 0.99> <CoreInst = "Sel">   --->   Core 73 'Sel' <Latency = 0> <II = 1> <Delay = 0.99> <FuncUnit> <Opcode : 'select'> <InPorts = 3> <OutPorts = 1>
ST_1 : Operation 27 [1/1] (0.00ns)   --->   "%select_ln19_1_cast = zext i7 %select_ln19_1" [matmul.cpp:19]   --->   Operation 27 'zext' 'select_ln19_1_cast' <Predicate = (!icmp_ln19)> <Delay = 0.00>
ST_1 : Operation 28 [3/3] (1.05ns) (grouped into DSP with root node add_ln23)   --->   "%mul_ln23 = mul i14 %select_ln19_1_cast, i14 150" [matmul.cpp:19]   --->   Operation 28 'mul' 'mul_ln23' <Predicate = (!icmp_ln19)> <Delay = 1.05> <CoreInst = "DSP48">   --->   Core 119 'DSP48' <Latency = 3> <II = 1> <Delay = 2.15> <IPBlock> <Opcode : 'mul' 'add' 'sub' 'select'> <InPorts = 0> <OutPorts = 1> <Sync> <CReg>
ST_1 : Operation 29 [1/1] (1.91ns)   --->   "%add_ln21 = add i8 %select_ln19, i8 1" [matmul.cpp:21]   --->   Operation 29 'add' 'add_ln21' <Predicate = (!icmp_ln19)> <Delay = 1.91> <CoreInst = "Adder">   --->   Core 1 'Adder' <Latency = 0> <II = 1> <Delay = 1.91> <FuncUnit> <Opcode : 'add' 'sub'> <InPorts = 2> <OutPorts = 1>
ST_1 : Operation 30 [1/1] (1.58ns)   --->   "%store_ln21 = store i14 %add_ln19_1, i14 %indvar_flatten" [matmul.cpp:21]   --->   Operation 30 'store' 'store_ln21' <Predicate = (!icmp_ln19)> <Delay = 1.58>
ST_1 : Operation 31 [1/1] (1.58ns)   --->   "%store_ln21 = store i7 %select_ln19_1, i7 %r" [matmul.cpp:21]   --->   Operation 31 'store' 'store_ln21' <Predicate = (!icmp_ln19)> <Delay = 1.58>
ST_1 : Operation 32 [1/1] (1.58ns)   --->   "%store_ln21 = store i8 %add_ln21, i8 %c" [matmul.cpp:21]   --->   Operation 32 'store' 'store_ln21' <Predicate = (!icmp_ln19)> <Delay = 1.58>

State 2 <SV = 1> <Delay = 1.05>
ST_2 : Operation 33 [2/3] (1.05ns) (grouped into DSP with root node add_ln23)   --->   "%mul_ln23 = mul i14 %select_ln19_1_cast, i14 150" [matmul.cpp:19]   --->   Operation 33 'mul' 'mul_ln23' <Predicate = (!icmp_ln19)> <Delay = 1.05> <CoreInst = "DSP48">   --->   Core 119 'DSP48' <Latency = 3> <II = 1> <Delay = 2.15> <IPBlock> <Opcode : 'mul' 'add' 'sub' 'select'> <InPorts = 0> <OutPorts = 1> <Sync> <CReg>

State 3 <SV = 2> <Delay = 7.30>
ST_3 : Operation 34 [1/1] (0.00ns)   --->   "%specbitsmap_ln0 = specbitsmap void @_ssdm_op_SpecBitsMap, i16 %mem1"   --->   Operation 34 'specbitsmap' 'specbitsmap_ln0' <Predicate = true> <Delay = 0.00>
ST_3 : Operation 35 [1/1] (0.00ns)   --->   "%mem1_addr = getelementptr i16 %mem1, i64 %sext_ln19_cast" [matmul.cpp:19]   --->   Operation 35 'getelementptr' 'mem1_addr' <Predicate = true> <Delay = 0.00>
ST_3 : Operation 36 [1/1] (0.00ns)   --->   "%specpipeline_ln0 = specpipeline void @_ssdm_op_SpecPipeline, i32 4294967295, i32 0, i32 1, i32 0, void @p_str"   --->   Operation 36 'specpipeline' 'specpipeline_ln0' <Predicate = true> <Delay = 0.00>
ST_3 : Operation 37 [1/3] (0.00ns) (grouped into DSP with root node add_ln23)   --->   "%mul_ln23 = mul i14 %select_ln19_1_cast, i14 150" [matmul.cpp:19]   --->   Operation 37 'mul' 'mul_ln23' <Predicate = (!icmp_ln19)> <Delay = 0.00> <CoreInst = "DSP48">   --->   Core 119 'DSP48' <Latency = 3> <II = 1> <Delay = 2.15> <IPBlock> <Opcode : 'mul' 'add' 'sub' 'select'> <InPorts = 0> <OutPorts = 1> <Sync> <CReg>
ST_3 : Operation 38 [1/1] (0.00ns)   --->   "%zext_ln23 = zext i8 %select_ln19" [matmul.cpp:23]   --->   Operation 38 'zext' 'zext_ln23' <Predicate = (!icmp_ln19)> <Delay = 0.00>
ST_3 : Operation 39 [2/2] (2.10ns) (root node of the DSP)   --->   "%add_ln23 = add i14 %mul_ln23, i14 %zext_ln23" [matmul.cpp:23]   --->   Operation 39 'add' 'add_ln23' <Predicate = (!icmp_ln19)> <Delay = 2.10> <CoreInst = "DSP48">   --->   Core 119 'DSP48' <Latency = 3> <II = 1> <Delay = 2.15> <IPBlock> <Opcode : 'mul' 'add' 'sub' 'select'> <InPorts = 0> <OutPorts = 1> <Sync> <CReg>
ST_3 : Operation 40 [1/1] (7.30ns)   --->   "%mem1_addr_read = read i16 @_ssdm_op_Read.m_axi.p1i16, i64 %mem1_addr" [matmul.cpp:23]   --->   Operation 40 'read' 'mem1_addr_read' <Predicate = (!icmp_ln19)> <Delay = 7.30> <CoreInst = "m_axi">   --->   Core 113 'm_axi' <Latency = 0> <II = 1> <Delay = 1.00> <Adapter> <Opcode : 'read' 'write' 'readreq' 'writereq' 'writeresp'>
ST_3 : Operation 50 [1/1] (0.00ns)   --->   "%ret_ln0 = ret"   --->   Operation 50 'ret' 'ret_ln0' <Predicate = (icmp_ln19)> <Delay = 0.00>

State 4 <SV = 3> <Delay = 5.35>
ST_4 : Operation 41 [1/1] (0.00ns)   --->   "%specloopname_ln0 = specloopname void @_ssdm_op_SpecLoopName, void @VITIS_LOOP_19_1_VITIS_LOOP_21_2_str"   --->   Operation 41 'specloopname' 'specloopname_ln0' <Predicate = true> <Delay = 0.00>
ST_4 : Operation 42 [1/1] (0.00ns)   --->   "%empty = speclooptripcount i32 @_ssdm_op_SpecLoopTripCount, i64 15000, i64 15000, i64 15000"   --->   Operation 42 'speclooptripcount' 'empty' <Predicate = true> <Delay = 0.00>
ST_4 : Operation 43 [1/1] (0.00ns)   --->   "%specpipeline_ln0 = specpipeline void @_ssdm_op_SpecPipeline, i32 4294967295, i32 0, i32 1, i32 0, void @p_str"   --->   Operation 43 'specpipeline' 'specpipeline_ln0' <Predicate = true> <Delay = 0.00>
ST_4 : Operation 44 [1/2] (2.10ns) (root node of the DSP)   --->   "%add_ln23 = add i14 %mul_ln23, i14 %zext_ln23" [matmul.cpp:23]   --->   Operation 44 'add' 'add_ln23' <Predicate = true> <Delay = 2.10> <CoreInst = "DSP48">   --->   Core 119 'DSP48' <Latency = 3> <II = 1> <Delay = 2.15> <IPBlock> <Opcode : 'mul' 'add' 'sub' 'select'> <InPorts = 0> <OutPorts = 1> <Sync> <CReg>
ST_4 : Operation 45 [1/1] (0.00ns)   --->   "%zext_ln23_1 = zext i14 %add_ln23" [matmul.cpp:23]   --->   Operation 45 'zext' 'zext_ln23_1' <Predicate = true> <Delay = 0.00>
ST_4 : Operation 46 [1/1] (0.00ns)   --->   "%Matrix_A_BRAM_V_addr = getelementptr i16 %Matrix_A_BRAM_V, i64 0, i64 %zext_ln23_1" [matmul.cpp:23]   --->   Operation 46 'getelementptr' 'Matrix_A_BRAM_V_addr' <Predicate = true> <Delay = 0.00>
ST_4 : Operation 47 [1/1] (0.00ns)   --->   "%specloopname_ln21 = specloopname void @_ssdm_op_SpecLoopName, void @empty_6" [matmul.cpp:21]   --->   Operation 47 'specloopname' 'specloopname_ln21' <Predicate = true> <Delay = 0.00>
ST_4 : Operation 48 [1/1] (3.25ns)   --->   "%store_ln23 = store i16 %mem1_addr_read, i14 %Matrix_A_BRAM_V_addr" [matmul.cpp:23]   --->   Operation 48 'store' 'store_ln23' <Predicate = true> <Delay = 3.25> <CoreInst = "RAM">   --->   Core 82 'RAM' <Latency = 1> <II = 1> <Delay = 3.25> <Storage> <Opcode : 'load' 'store'> <Ports = 2> <Width = 16> <Depth = 15000> <RAM>
ST_4 : Operation 49 [1/1] (0.00ns)   --->   "%br_ln21 = br void %for.inc" [matmul.cpp:21]   --->   Operation 49 'br' 'br_ln21' <Predicate = true> <Delay = 0.00>


============================================================
+ Verbose Summary: Binding
============================================================
STG Binding: 
---------------- STG Properties BEGIN ----------------
- Is combinational: 0
- Is one-state seq: 0
- Is datapath-only: 0
- Is pipelined: 0
- Is top level: 0
Port [ Return ] is wired: 1; IO mode=ap_ctrl_hs:ce=0
Port [ mem1]:  wired=1; compound=1; hidden=0; nouse=0; global=0; static=0; extern=0; dir=0; type=4; pingpong=0; private_global=0; IO mode=m_axi:ce=0
Port [ sext_ln19]:  wired=1; compound=0; hidden=0; nouse=0; global=0; static=0; extern=0; dir=0; type=0; pingpong=0; private_global=0; IO mode=ap_none:ce=0
Port [ Matrix_A_BRAM_V]:  wired=1; compound=1; hidden=0; nouse=0; global=0; static=0; extern=0; dir=1; type=1; pingpong=0; private_global=0; MemPort=[03]; IO mode=ap_memory:ce=0
---------------- STG Properties END ------------------

---------------- Datapath Model BEGIN ----------------

<LifeTime>
<method=bitvector/>
c                    (alloca           ) [ 01000]
r                    (alloca           ) [ 01000]
indvar_flatten       (alloca           ) [ 01000]
sext_ln19_read       (read             ) [ 00000]
sext_ln19_cast       (sext             ) [ 01110]
specinterface_ln0    (specinterface    ) [ 00000]
store_ln0            (store            ) [ 00000]
store_ln0            (store            ) [ 00000]
store_ln0            (store            ) [ 00000]
br_ln0               (br               ) [ 00000]
indvar_flatten_load  (load             ) [ 00000]
icmp_ln19            (icmp             ) [ 01110]
add_ln19_1           (add              ) [ 00000]
br_ln19              (br               ) [ 00000]
c_load               (load             ) [ 00000]
r_load               (load             ) [ 00000]
add_ln19             (add              ) [ 00000]
icmp_ln21            (icmp             ) [ 00000]
select_ln19          (select           ) [ 01110]
select_ln19_1        (select           ) [ 00000]
select_ln19_1_cast   (zext             ) [ 01110]
add_ln21             (add              ) [ 00000]
store_ln21           (store            ) [ 00000]
store_ln21           (store            ) [ 00000]
store_ln21           (store            ) [ 00000]
specbitsmap_ln0      (specbitsmap      ) [ 00000]
mem1_addr            (getelementptr    ) [ 00000]
specpipeline_ln0     (specpipeline     ) [ 00000]
mul_ln23             (mul              ) [ 01001]
zext_ln23            (zext             ) [ 01001]
mem1_addr_read       (read             ) [ 01001]
specloopname_ln0     (specloopname     ) [ 00000]
empty                (speclooptripcount) [ 00000]
specpipeline_ln0     (specpipeline     ) [ 00000]
add_ln23             (add              ) [ 00000]
zext_ln23_1          (zext             ) [ 00000]
Matrix_A_BRAM_V_addr (getelementptr    ) [ 00000]
specloopname_ln21    (specloopname     ) [ 00000]
store_ln23           (store            ) [ 00000]
br_ln21              (br               ) [ 00000]
ret_ln0              (ret              ) [ 00000]
</LifeTime>

<model>

<comp_list>
<comp id="0" class="1000" name="mem1">
<pin_list>
<pin id="1" dir="1" index="0" bw="1" slack="0"/>
</pin_list>
<bind>
<StgValue><ssdm name="mem1"/></StgValue>
</bind>
</comp>

<comp id="2" class="1000" name="sext_ln19">
<pin_list>
<pin id="3" dir="1" index="0" bw="1" slack="0"/>
</pin_list>
<bind>
<StgValue><ssdm name="sext_ln19"/></StgValue>
</bind>
</comp>

<comp id="4" class="1000" name="Matrix_A_BRAM_V">
<pin_list>
<pin id="5" dir="1" index="0" bw="1" slack="0"/>
</pin_list>
<bind>
<StgValue><ssdm name="Matrix_A_BRAM_V"/><MemPortTyVec>0 3 </MemPortTyVec>
</StgValue>
</bind>
</comp>

<comp id="6" class="1001" name="const_6">
<pin_list>
<pin id="7" dir="1" index="0" bw="1" slack="0"/>
</pin_list>
<bind>
<StgValue><ssdm name=""/></StgValue>
</bind>
</comp>

<comp id="8" class="1001" name="const_8">
<pin_list>
<pin id="9" dir="1" index="0" bw="1" slack="0"/>
</pin_list>
<bind>
<StgValue><ssdm name="_ssdm_op_Read.ap_auto.i63"/></StgValue>
</bind>
</comp>

<comp id="10" class="1001" name="const_10">
<pin_list>
<pin id="11" dir="1" index="0" bw="1" slack="2147483647"/>
</pin_list>
<bind>
<StgValue><ssdm name="_ssdm_op_SpecInterface"/></StgValue>
</bind>
</comp>

<comp id="12" class="1001" name="const_12">
<pin_list>
<pin id="13" dir="1" index="0" bw="1" slack="2147483647"/>
</pin_list>
<bind>
<StgValue><ssdm name="empty_4"/></StgValue>
</bind>
</comp>

<comp id="14" class="1001" name="const_14">
<pin_list>
<pin id="15" dir="1" index="0" bw="1" slack="2147483647"/>
</pin_list>
<bind>
<StgValue><ssdm name=""/></StgValue>
</bind>
</comp>

<comp id="16" class="1001" name="const_16">
<pin_list>
<pin id="17" dir="1" index="0" bw="1" slack="2147483647"/>
</pin_list>
<bind>
<StgValue><ssdm name="empty_15"/></StgValue>
</bind>
</comp>

<comp id="18" class="1001" name="const_18">
<pin_list>
<pin id="19" dir="1" index="0" bw="1" slack="2147483647"/>
</pin_list>
<bind>
<StgValue><ssdm name=""/></StgValue>
</bind>
</comp>

<comp id="20" class="1001" name="const_20">
<pin_list>
<pin id="21" dir="1" index="0" bw="1" slack="2147483647"/>
</pin_list>
<bind>
<StgValue><ssdm name="empty_16"/></StgValue>
</bind>
</comp>

<comp id="22" class="1001" name="const_22">
<pin_list>
<pin id="23" dir="1" index="0" bw="1" slack="2147483647"/>
</pin_list>
<bind>
<StgValue><ssdm name="empty_17"/></StgValue>
</bind>
</comp>

<comp id="24" class="1001" name="const_24">
<pin_list>
<pin id="25" dir="1" index="0" bw="1" slack="2147483647"/>
</pin_list>
<bind>
<StgValue><ssdm name=""/></StgValue>
</bind>
</comp>

<comp id="26" class="1001" name="const_26">
<pin_list>
<pin id="27" dir="1" index="0" bw="1" slack="2147483647"/>
</pin_list>
<bind>
<StgValue><ssdm name=""/></StgValue>
</bind>
</comp>

<comp id="28" class="1001" name="const_28">
<pin_list>
<pin id="29" dir="1" index="0" bw="1" slack="0"/>
</pin_list>
<bind>
<StgValue><ssdm name=""/></StgValue>
</bind>
</comp>

<comp id="30" class="1001" name="const_30">
<pin_list>
<pin id="31" dir="1" index="0" bw="1" slack="0"/>
</pin_list>
<bind>
<StgValue><ssdm name=""/></StgValue>
</bind>
</comp>

<comp id="32" class="1001" name="const_32">
<pin_list>
<pin id="33" dir="1" index="0" bw="1" slack="0"/>
</pin_list>
<bind>
<StgValue><ssdm name=""/></StgValue>
</bind>
</comp>

<comp id="34" class="1001" name="const_34">
<pin_list>
<pin id="35" dir="1" index="0" bw="1" slack="0"/>
</pin_list>
<bind>
<StgValue><ssdm name=""/></StgValue>
</bind>
</comp>

<comp id="36" class="1001" name="const_36">
<pin_list>
<pin id="37" dir="1" index="0" bw="1" slack="0"/>
</pin_list>
<bind>
<StgValue><ssdm name=""/></StgValue>
</bind>
</comp>

<comp id="38" class="1001" name="const_38">
<pin_list>
<pin id="39" dir="1" index="0" bw="1" slack="0"/>
</pin_list>
<bind>
<StgValue><ssdm name=""/></StgValue>
</bind>
</comp>

<comp id="40" class="1001" name="const_40">
<pin_list>
<pin id="41" dir="1" index="0" bw="1" slack="0"/>
</pin_list>
<bind>
<StgValue><ssdm name=""/></StgValue>
</bind>
</comp>

<comp id="42" class="1001" name="const_42">
<pin_list>
<pin id="43" dir="1" index="0" bw="1" slack="0"/>
</pin_list>
<bind>
<StgValue><ssdm name=""/></StgValue>
</bind>
</comp>

<comp id="44" class="1001" name="const_44">
<pin_list>
<pin id="45" dir="1" index="0" bw="1" slack="0"/>
</pin_list>
<bind>
<StgValue><ssdm name=""/></StgValue>
</bind>
</comp>

<comp id="46" class="1001" name="const_46">
<pin_list>
<pin id="47" dir="1" index="0" bw="1" slack="2147483647"/>
</pin_list>
<bind>
<StgValue><ssdm name="_ssdm_op_SpecBitsMap"/></StgValue>
</bind>
</comp>

<comp id="48" class="1001" name="const_48">
<pin_list>
<pin id="49" dir="1" index="0" bw="1" slack="2147483647"/>
</pin_list>
<bind>
<StgValue><ssdm name="_ssdm_op_SpecPipeline"/></StgValue>
</bind>
</comp>

<comp id="50" class="1001" name="const_50">
<pin_list>
<pin id="51" dir="1" index="0" bw="1" slack="2147483647"/>
</pin_list>
<bind>
<StgValue><ssdm name="p_str"/></StgValue>
</bind>
</comp>

<comp id="52" class="1001" name="const_52">
<pin_list>
<pin id="53" dir="1" index="0" bw="1" slack="0"/>
</pin_list>
<bind>
<StgValue><ssdm name="_ssdm_op_Read.m_axi.p1i16"/></StgValue>
</bind>
</comp>

<comp id="54" class="1001" name="const_54">
<pin_list>
<pin id="55" dir="1" index="0" bw="1" slack="2147483647"/>
</pin_list>
<bind>
<StgValue><ssdm name="_ssdm_op_SpecLoopName"/></StgValue>
</bind>
</comp>

<comp id="56" class="1001" name="const_56">
<pin_list>
<pin id="57" dir="1" index="0" bw="1" slack="2147483647"/>
</pin_list>
<bind>
<StgValue><ssdm name="VITIS_LOOP_19_1_VITIS_LOOP_21_2_str"/></StgValue>
</bind>
</comp>

<comp id="58" class="1001" name="const_58">
<pin_list>
<pin id="59" dir="1" index="0" bw="1" slack="2147483647"/>
</pin_list>
<bind>
<StgValue><ssdm name="_ssdm_op_SpecLoopTripCount"/></StgValue>
</bind>
</comp>

<comp id="60" class="1001" name="const_60">
<pin_list>
<pin id="61" dir="1" index="0" bw="1" slack="2147483647"/>
</pin_list>
<bind>
<StgValue><ssdm name=""/></StgValue>
</bind>
</comp>

<comp id="62" class="1001" name="const_62">
<pin_list>
<pin id="63" dir="1" index="0" bw="1" slack="0"/>
</pin_list>
<bind>
<StgValue><ssdm name=""/></StgValue>
</bind>
</comp>

<comp id="64" class="1001" name="const_64">
<pin_list>
<pin id="65" dir="1" index="0" bw="1" slack="2147483647"/>
</pin_list>
<bind>
<StgValue><ssdm name="empty_6"/></StgValue>
</bind>
</comp>

<comp id="66" class="1004" name="c_fu_66">
<pin_list>
<pin id="67" dir="0" index="0" bw="1" slack="0"/>
<pin id="68" dir="1" index="1" bw="8" slack="0"/>
</pin_list>
<bind>
<opcode="alloca(26) " fcode="alloca"/>
<opset="c/1 "/>
</bind>
</comp>

<comp id="70" class="1004" name="r_fu_70">
<pin_list>
<pin id="71" dir="0" index="0" bw="1" slack="0"/>
<pin id="72" dir="1" index="1" bw="7" slack="0"/>
</pin_list>
<bind>
<opcode="alloca(26) " fcode="alloca"/>
<opset="r/1 "/>
</bind>
</comp>

<comp id="74" class="1004" name="indvar_flatten_fu_74">
<pin_list>
<pin id="75" dir="0" index="0" bw="1" slack="0"/>
<pin id="76" dir="1" index="1" bw="14" slack="0"/>
</pin_list>
<bind>
<opcode="alloca(26) " fcode="alloca"/>
<opset="indvar_flatten/1 "/>
</bind>
</comp>

<comp id="78" class="1004" name="sext_ln19_read_read_fu_78">
<pin_list>
<pin id="79" dir="0" index="0" bw="63" slack="0"/>
<pin id="80" dir="0" index="1" bw="63" slack="0"/>
<pin id="81" dir="1" index="2" bw="63" slack="0"/>
</pin_list>
<bind>
<opcode="read(1150) " fcode="read"/>
<opset="sext_ln19_read/1 "/>
</bind>
</comp>

<comp id="84" class="1004" name="mem1_addr_read_read_fu_84">
<pin_list>
<pin id="85" dir="0" index="0" bw="16" slack="0"/>
<pin id="86" dir="0" index="1" bw="16" slack="0"/>
<pin id="87" dir="1" index="2" bw="16" slack="1"/>
</pin_list>
<bind>
<opcode="read(1150) " fcode="read"/>
<opset="mem1_addr_read/3 "/>
</bind>
</comp>

<comp id="89" class="1004" name="Matrix_A_BRAM_V_addr_gep_fu_89">
<pin_list>
<pin id="90" dir="0" index="0" bw="16" slack="0"/>
<pin id="91" dir="0" index="1" bw="1" slack="0"/>
<pin id="92" dir="0" index="2" bw="14" slack="0"/>
<pin id="93" dir="1" index="3" bw="14" slack="0"/>
</pin_list>
<bind>
<opcode="getelementptr(29) " fcode="getelementptr"/>
<opset="Matrix_A_BRAM_V_addr/4 "/>
</bind>
</comp>

<comp id="96" class="1004" name="store_ln23_access_fu_96">
<pin_list>
<pin id="97" dir="0" index="0" bw="14" slack="0"/>
<pin id="98" dir="0" index="1" bw="16" slack="1"/>
<pin id="99" dir="0" index="2" bw="0" slack="2147483647"/>
<pin id="100" dir="1" index="3" bw="16" slack="2147483647"/>
</pin_list>
<bind>
<opcode="store(28) " fcode="store"/>
<opset="store_ln23/4 "/>
</bind>
</comp>

<comp id="102" class="1004" name="sext_ln19_cast_fu_102">
<pin_list>
<pin id="103" dir="0" index="0" bw="63" slack="0"/>
<pin id="104" dir="1" index="1" bw="64" slack="2"/>
</pin_list>
<bind>
<opcode="sext(35) " fcode="sext"/>
<opset="sext_ln19_cast/1 "/>
</bind>
</comp>

<comp id="106" class="1004" name="store_ln0_store_fu_106">
<pin_list>
<pin id="107" dir="0" index="0" bw="1" slack="0"/>
<pin id="108" dir="0" index="1" bw="14" slack="0"/>
<pin id="109" dir="1" index="2" bw="0" slack="2147483647"/>
</pin_list>
<bind>
<opcode="store(28) " fcode="store"/>
<opset="store_ln0/1 "/>
</bind>
</comp>

<comp id="111" class="1004" name="store_ln0_store_fu_111">
<pin_list>
<pin id="112" dir="0" index="0" bw="1" slack="0"/>
<pin id="113" dir="0" index="1" bw="7" slack="0"/>
<pin id="114" dir="1" index="2" bw="0" slack="2147483647"/>
</pin_list>
<bind>
<opcode="store(28) " fcode="store"/>
<opset="store_ln0/1 "/>
</bind>
</comp>

<comp id="116" class="1004" name="store_ln0_store_fu_116">
<pin_list>
<pin id="117" dir="0" index="0" bw="1" slack="0"/>
<pin id="118" dir="0" index="1" bw="8" slack="0"/>
<pin id="119" dir="1" index="2" bw="0" slack="2147483647"/>
</pin_list>
<bind>
<opcode="store(28) " fcode="store"/>
<opset="store_ln0/1 "/>
</bind>
</comp>

<comp id="121" class="1004" name="indvar_flatten_load_load_fu_121">
<pin_list>
<pin id="122" dir="0" index="0" bw="14" slack="0"/>
<pin id="123" dir="1" index="1" bw="14" slack="0"/>
</pin_list>
<bind>
<opcode="load(27) " fcode="load"/>
<opset="indvar_flatten_load/1 "/>
</bind>
</comp>

<comp id="124" class="1004" name="icmp_ln19_fu_124">
<pin_list>
<pin id="125" dir="0" index="0" bw="14" slack="0"/>
<pin id="126" dir="0" index="1" bw="14" slack="0"/>
<pin id="127" dir="1" index="2" bw="1" slack="1"/>
</pin_list>
<bind>
<opcode="icmp(45) " fcode="icmp"/>
<opset="icmp_ln19/1 "/>
</bind>
</comp>

<comp id="130" class="1004" name="add_ln19_1_fu_130">
<pin_list>
<pin id="131" dir="0" index="0" bw="14" slack="0"/>
<pin id="132" dir="0" index="1" bw="1" slack="0"/>
<pin id="133" dir="1" index="2" bw="14" slack="0"/>
</pin_list>
<bind>
<opcode="add(8) " fcode="add"/>
<opset="add_ln19_1/1 "/>
</bind>
</comp>

<comp id="136" class="1004" name="c_load_load_fu_136">
<pin_list>
<pin id="137" dir="0" index="0" bw="8" slack="0"/>
<pin id="138" dir="1" index="1" bw="8" slack="0"/>
</pin_list>
<bind>
<opcode="load(27) " fcode="load"/>
<opset="c_load/1 "/>
</bind>
</comp>

<comp id="139" class="1004" name="r_load_load_fu_139">
<pin_list>
<pin id="140" dir="0" index="0" bw="7" slack="0"/>
<pin id="141" dir="1" index="1" bw="7" slack="0"/>
</pin_list>
<bind>
<opcode="load(27) " fcode="load"/>
<opset="r_load/1 "/>
</bind>
</comp>

<comp id="142" class="1004" name="add_ln19_fu_142">
<pin_list>
<pin id="143" dir="0" index="0" bw="7" slack="0"/>
<pin id="144" dir="0" index="1" bw="1" slack="0"/>
<pin id="145" dir="1" index="2" bw="7" slack="0"/>
</pin_list>
<bind>
<opcode="add(8) " fcode="add"/>
<opset="add_ln19/1 "/>
</bind>
</comp>

<comp id="148" class="1004" name="icmp_ln21_fu_148">
<pin_list>
<pin id="149" dir="0" index="0" bw="8" slack="0"/>
<pin id="150" dir="0" index="1" bw="8" slack="0"/>
<pin id="151" dir="1" index="2" bw="1" slack="0"/>
</pin_list>
<bind>
<opcode="icmp(45) " fcode="icmp"/>
<opset="icmp_ln21/1 "/>
</bind>
</comp>

<comp id="154" class="1004" name="select_ln19_fu_154">
<pin_list>
<pin id="155" dir="0" index="0" bw="1" slack="0"/>
<pin id="156" dir="0" index="1" bw="8" slack="0"/>
<pin id="157" dir="0" index="2" bw="8" slack="0"/>
<pin id="158" dir="1" index="3" bw="8" slack="0"/>
</pin_list>
<bind>
<opcode="select(49) " fcode="select"/>
<opset="select_ln19/1 "/>
</bind>
</comp>

<comp id="162" class="1004" name="select_ln19_1_fu_162">
<pin_list>
<pin id="163" dir="0" index="0" bw="1" slack="0"/>
<pin id="164" dir="0" index="1" bw="7" slack="0"/>
<pin id="165" dir="0" index="2" bw="7" slack="0"/>
<pin id="166" dir="1" index="3" bw="7" slack="0"/>
</pin_list>
<bind>
<opcode="select(49) " fcode="select"/>
<opset="select_ln19_1/1 "/>
</bind>
</comp>

<comp id="170" class="1004" name="select_ln19_1_cast_fu_170">
<pin_list>
<pin id="171" dir="0" index="0" bw="7" slack="0"/>
<pin id="172" dir="1" index="1" bw="14" slack="0"/>
</pin_list>
<bind>
<opcode="zext(34) " fcode="zext"/>
<opset="select_ln19_1_cast/1 "/>
</bind>
</comp>

<comp id="174" class="1004" name="add_ln21_fu_174">
<pin_list>
<pin id="175" dir="0" index="0" bw="8" slack="0"/>
<pin id="176" dir="0" index="1" bw="1" slack="0"/>
<pin id="177" dir="1" index="2" bw="8" slack="0"/>
</pin_list>
<bind>
<opcode="add(8) " fcode="add"/>
<opset="add_ln21/1 "/>
</bind>
</comp>

<comp id="180" class="1004" name="store_ln21_store_fu_180">
<pin_list>
<pin id="181" dir="0" index="0" bw="14" slack="0"/>
<pin id="182" dir="0" index="1" bw="14" slack="0"/>
<pin id="183" dir="1" index="2" bw="0" slack="2147483647"/>
</pin_list>
<bind>
<opcode="store(28) " fcode="store"/>
<opset="store_ln21/1 "/>
</bind>
</comp>

<comp id="185" class="1004" name="store_ln21_store_fu_185">
<pin_list>
<pin id="186" dir="0" index="0" bw="7" slack="0"/>
<pin id="187" dir="0" index="1" bw="7" slack="0"/>
<pin id="188" dir="1" index="2" bw="0" slack="2147483647"/>
</pin_list>
<bind>
<opcode="store(28) " fcode="store"/>
<opset="store_ln21/1 "/>
</bind>
</comp>

<comp id="190" class="1004" name="store_ln21_store_fu_190">
<pin_list>
<pin id="191" dir="0" index="0" bw="8" slack="0"/>
<pin id="192" dir="0" index="1" bw="8" slack="0"/>
<pin id="193" dir="1" index="2" bw="0" slack="2147483647"/>
</pin_list>
<bind>
<opcode="store(28) " fcode="store"/>
<opset="store_ln21/1 "/>
</bind>
</comp>

<comp id="195" class="1004" name="mem1_addr_fu_195">
<pin_list>
<pin id="196" dir="0" index="0" bw="64" slack="0"/>
<pin id="197" dir="0" index="1" bw="64" slack="2"/>
<pin id="198" dir="1" index="2" bw="64" slack="0"/>
</pin_list>
<bind>
<opcode="getelementptr(29) " fcode="getelementptr"/>
<opset="mem1_addr/3 "/>
</bind>
</comp>

<comp id="201" class="1004" name="zext_ln23_fu_201">
<pin_list>
<pin id="202" dir="0" index="0" bw="8" slack="2"/>
<pin id="203" dir="1" index="1" bw="14" slack="0"/>
</pin_list>
<bind>
<opcode="zext(34) " fcode="zext"/>
<opset="zext_ln23/3 "/>
</bind>
</comp>

<comp id="204" class="1004" name="zext_ln23_1_fu_204">
<pin_list>
<pin id="205" dir="0" index="0" bw="14" slack="0"/>
<pin id="206" dir="1" index="1" bw="64" slack="0"/>
</pin_list>
<bind>
<opcode="zext(34) " fcode="zext"/>
<opset="zext_ln23_1/4 "/>
</bind>
</comp>

<comp id="208" class="1007" name="grp_fu_208">
<pin_list>
<pin id="209" dir="0" index="0" bw="7" slack="0"/>
<pin id="210" dir="0" index="1" bw="8" slack="0"/>
<pin id="211" dir="0" index="2" bw="8" slack="0"/>
<pin id="212" dir="1" index="3" bw="14" slack="0"/>
</pin_list>
<bind>
<opcode="muladd(1172) " fcode="muladd"/>
<opset="mul_ln23/1 add_ln23/3 "/>
</bind>
</comp>

<comp id="217" class="1005" name="c_reg_217">
<pin_list>
<pin id="218" dir="0" index="0" bw="8" slack="0"/>
<pin id="219" dir="1" index="1" bw="8" slack="0"/>
</pin_list>
<bind>
<opset="c "/>
</bind>
</comp>

<comp id="224" class="1005" name="r_reg_224">
<pin_list>
<pin id="225" dir="0" index="0" bw="7" slack="0"/>
<pin id="226" dir="1" index="1" bw="7" slack="0"/>
</pin_list>
<bind>
<opset="r "/>
</bind>
</comp>

<comp id="231" class="1005" name="indvar_flatten_reg_231">
<pin_list>
<pin id="232" dir="0" index="0" bw="14" slack="0"/>
<pin id="233" dir="1" index="1" bw="14" slack="0"/>
</pin_list>
<bind>
<opset="indvar_flatten "/>
</bind>
</comp>

<comp id="238" class="1005" name="sext_ln19_cast_reg_238">
<pin_list>
<pin id="239" dir="0" index="0" bw="64" slack="2"/>
<pin id="240" dir="1" index="1" bw="64" slack="2"/>
</pin_list>
<bind>
<opset="sext_ln19_cast "/>
</bind>
</comp>

<comp id="243" class="1005" name="icmp_ln19_reg_243">
<pin_list>
<pin id="244" dir="0" index="0" bw="1" slack="1"/>
<pin id="245" dir="1" index="1" bw="1" slack="2147483647"/>
</pin_list>
<bind>
<opset="icmp_ln19 "/>
</bind>
</comp>

<comp id="247" class="1005" name="select_ln19_reg_247">
<pin_list>
<pin id="248" dir="0" index="0" bw="8" slack="2"/>
<pin id="249" dir="1" index="1" bw="8" slack="2"/>
</pin_list>
<bind>
<opset="select_ln19 "/>
</bind>
</comp>

<comp id="252" class="1005" name="select_ln19_1_cast_reg_252">
<pin_list>
<pin id="253" dir="0" index="0" bw="14" slack="1"/>
<pin id="254" dir="1" index="1" bw="14" slack="1"/>
</pin_list>
<bind>
<opset="select_ln19_1_cast "/>
</bind>
</comp>

<comp id="257" class="1005" name="zext_ln23_reg_257">
<pin_list>
<pin id="258" dir="0" index="0" bw="14" slack="1"/>
<pin id="259" dir="1" index="1" bw="14" slack="1"/>
</pin_list>
<bind>
<opset="zext_ln23 "/>
</bind>
</comp>

<comp id="262" class="1005" name="mem1_addr_read_reg_262">
<pin_list>
<pin id="263" dir="0" index="0" bw="16" slack="1"/>
<pin id="264" dir="1" index="1" bw="16" slack="1"/>
</pin_list>
<bind>
<opset="mem1_addr_read "/>
</bind>
</comp>

</comp_list>

<net_list>
<net id="69"><net_src comp="6" pin="0"/><net_sink comp="66" pin=0"/></net>

<net id="73"><net_src comp="6" pin="0"/><net_sink comp="70" pin=0"/></net>

<net id="77"><net_src comp="6" pin="0"/><net_sink comp="74" pin=0"/></net>

<net id="82"><net_src comp="8" pin="0"/><net_sink comp="78" pin=0"/></net>

<net id="83"><net_src comp="2" pin="0"/><net_sink comp="78" pin=1"/></net>

<net id="88"><net_src comp="52" pin="0"/><net_sink comp="84" pin=0"/></net>

<net id="94"><net_src comp="4" pin="0"/><net_sink comp="89" pin=0"/></net>

<net id="95"><net_src comp="62" pin="0"/><net_sink comp="89" pin=1"/></net>

<net id="101"><net_src comp="89" pin="3"/><net_sink comp="96" pin=0"/></net>

<net id="105"><net_src comp="78" pin="2"/><net_sink comp="102" pin=0"/></net>

<net id="110"><net_src comp="28" pin="0"/><net_sink comp="106" pin=0"/></net>

<net id="115"><net_src comp="30" pin="0"/><net_sink comp="111" pin=0"/></net>

<net id="120"><net_src comp="32" pin="0"/><net_sink comp="116" pin=0"/></net>

<net id="128"><net_src comp="121" pin="1"/><net_sink comp="124" pin=0"/></net>

<net id="129"><net_src comp="34" pin="0"/><net_sink comp="124" pin=1"/></net>

<net id="134"><net_src comp="121" pin="1"/><net_sink comp="130" pin=0"/></net>

<net id="135"><net_src comp="36" pin="0"/><net_sink comp="130" pin=1"/></net>

<net id="146"><net_src comp="139" pin="1"/><net_sink comp="142" pin=0"/></net>

<net id="147"><net_src comp="38" pin="0"/><net_sink comp="142" pin=1"/></net>

<net id="152"><net_src comp="136" pin="1"/><net_sink comp="148" pin=0"/></net>

<net id="153"><net_src comp="40" pin="0"/><net_sink comp="148" pin=1"/></net>

<net id="159"><net_src comp="148" pin="2"/><net_sink comp="154" pin=0"/></net>

<net id="160"><net_src comp="32" pin="0"/><net_sink comp="154" pin=1"/></net>

<net id="161"><net_src comp="136" pin="1"/><net_sink comp="154" pin=2"/></net>

<net id="167"><net_src comp="148" pin="2"/><net_sink comp="162" pin=0"/></net>

<net id="168"><net_src comp="142" pin="2"/><net_sink comp="162" pin=1"/></net>

<net id="169"><net_src comp="139" pin="1"/><net_sink comp="162" pin=2"/></net>

<net id="173"><net_src comp="162" pin="3"/><net_sink comp="170" pin=0"/></net>

<net id="178"><net_src comp="154" pin="3"/><net_sink comp="174" pin=0"/></net>

<net id="179"><net_src comp="44" pin="0"/><net_sink comp="174" pin=1"/></net>

<net id="184"><net_src comp="130" pin="2"/><net_sink comp="180" pin=0"/></net>

<net id="189"><net_src comp="162" pin="3"/><net_sink comp="185" pin=0"/></net>

<net id="194"><net_src comp="174" pin="2"/><net_sink comp="190" pin=0"/></net>

<net id="199"><net_src comp="0" pin="0"/><net_sink comp="195" pin=0"/></net>

<net id="200"><net_src comp="195" pin="2"/><net_sink comp="84" pin=1"/></net>

<net id="207"><net_src comp="204" pin="1"/><net_sink comp="89" pin=2"/></net>

<net id="213"><net_src comp="170" pin="1"/><net_sink comp="208" pin=0"/></net>

<net id="214"><net_src comp="42" pin="0"/><net_sink comp="208" pin=1"/></net>

<net id="215"><net_src comp="201" pin="1"/><net_sink comp="208" pin=2"/></net>

<net id="216"><net_src comp="208" pin="3"/><net_sink comp="204" pin=0"/></net>

<net id="220"><net_src comp="66" pin="1"/><net_sink comp="217" pin=0"/></net>

<net id="221"><net_src comp="217" pin="1"/><net_sink comp="116" pin=1"/></net>

<net id="222"><net_src comp="217" pin="1"/><net_sink comp="136" pin=0"/></net>

<net id="223"><net_src comp="217" pin="1"/><net_sink comp="190" pin=1"/></net>

<net id="227"><net_src comp="70" pin="1"/><net_sink comp="224" pin=0"/></net>

<net id="228"><net_src comp="224" pin="1"/><net_sink comp="111" pin=1"/></net>

<net id="229"><net_src comp="224" pin="1"/><net_sink comp="139" pin=0"/></net>

<net id="230"><net_src comp="224" pin="1"/><net_sink comp="185" pin=1"/></net>

<net id="234"><net_src comp="74" pin="1"/><net_sink comp="231" pin=0"/></net>

<net id="235"><net_src comp="231" pin="1"/><net_sink comp="106" pin=1"/></net>

<net id="236"><net_src comp="231" pin="1"/><net_sink comp="121" pin=0"/></net>

<net id="237"><net_src comp="231" pin="1"/><net_sink comp="180" pin=1"/></net>

<net id="241"><net_src comp="102" pin="1"/><net_sink comp="238" pin=0"/></net>

<net id="242"><net_src comp="238" pin="1"/><net_sink comp="195" pin=1"/></net>

<net id="246"><net_src comp="124" pin="2"/><net_sink comp="243" pin=0"/></net>

<net id="250"><net_src comp="154" pin="3"/><net_sink comp="247" pin=0"/></net>

<net id="251"><net_src comp="247" pin="1"/><net_sink comp="201" pin=0"/></net>

<net id="255"><net_src comp="170" pin="1"/><net_sink comp="252" pin=0"/></net>

<net id="256"><net_src comp="252" pin="1"/><net_sink comp="208" pin=0"/></net>

<net id="260"><net_src comp="201" pin="1"/><net_sink comp="257" pin=0"/></net>

<net id="261"><net_src comp="257" pin="1"/><net_sink comp="208" pin=1"/></net>

<net id="265"><net_src comp="84" pin="2"/><net_sink comp="262" pin=0"/></net>

<net id="266"><net_src comp="262" pin="1"/><net_sink comp="96" pin=1"/></net>

</net_list>

</model> 
---------------- Datapath Model END ------------------

* FSMD analyzer results:
  - Output states:
	Port: mem1 | {}
	Port: Matrix_A_BRAM_V | {4 }
 - Input state : 
	Port: matmul_Pipeline_VITIS_LOOP_19_1_VITIS_LOOP_21_2 : mem1 | {3 }
	Port: matmul_Pipeline_VITIS_LOOP_19_1_VITIS_LOOP_21_2 : sext_ln19 | {1 }
  - Chain level:
	State 1
		store_ln0 : 1
		store_ln0 : 1
		store_ln0 : 1
		indvar_flatten_load : 1
		icmp_ln19 : 2
		add_ln19_1 : 2
		br_ln19 : 3
		c_load : 1
		r_load : 1
		add_ln19 : 2
		icmp_ln21 : 2
		select_ln19 : 3
		select_ln19_1 : 3
		select_ln19_1_cast : 4
		mul_ln23 : 5
		add_ln21 : 4
		store_ln21 : 3
		store_ln21 : 4
		store_ln21 : 5
	State 2
	State 3
		add_ln23 : 1
		mem1_addr_read : 1
	State 4
		zext_ln23_1 : 1
		Matrix_A_BRAM_V_addr : 2
		store_ln23 : 3


============================================================
+ Verbose Summary: Datapath Resource usage 
============================================================

* Functional unit list:
|----------|---------------------------|---------|---------|---------|
| Operation|      Functional Unit      |   DSP   |    FF   |   LUT   |
|----------|---------------------------|---------|---------|---------|
|          |     add_ln19_1_fu_130     |    0    |    0    |    17   |
|    add   |      add_ln19_fu_142      |    0    |    0    |    14   |
|          |      add_ln21_fu_174      |    0    |    0    |    15   |
|----------|---------------------------|---------|---------|---------|
|   icmp   |      icmp_ln19_fu_124     |    0    |    0    |    12   |
|          |      icmp_ln21_fu_148     |    0    |    0    |    11   |
|----------|---------------------------|---------|---------|---------|
|  select  |     select_ln19_fu_154    |    0    |    0    |    8    |
|          |    select_ln19_1_fu_162   |    0    |    0    |    7    |
|----------|---------------------------|---------|---------|---------|
|  muladd  |         grp_fu_208        |    1    |    0    |    0    |
|----------|---------------------------|---------|---------|---------|
|   read   | sext_ln19_read_read_fu_78 |    0    |    0    |    0    |
|          | mem1_addr_read_read_fu_84 |    0    |    0    |    0    |
|----------|---------------------------|---------|---------|---------|
|   sext   |   sext_ln19_cast_fu_102   |    0    |    0    |    0    |
|----------|---------------------------|---------|---------|---------|
|          | select_ln19_1_cast_fu_170 |    0    |    0    |    0    |
|   zext   |      zext_ln23_fu_201     |    0    |    0    |    0    |
|          |     zext_ln23_1_fu_204    |    0    |    0    |    0    |
|----------|---------------------------|---------|---------|---------|
|   Total  |                           |    1    |    0    |    84   |
|----------|---------------------------|---------|---------|---------|

Memories:
N/A

* Register list:
+--------------------------+--------+
|                          |   FF   |
+--------------------------+--------+
|         c_reg_217        |    8   |
|     icmp_ln19_reg_243    |    1   |
|  indvar_flatten_reg_231  |   14   |
|  mem1_addr_read_reg_262  |   16   |
|         r_reg_224        |    7   |
|select_ln19_1_cast_reg_252|   14   |
|    select_ln19_reg_247   |    8   |
|  sext_ln19_cast_reg_238  |   64   |
|     zext_ln23_reg_257    |   14   |
+--------------------------+--------+
|           Total          |   146  |
+--------------------------+--------+

* Multiplexer (MUX) list: 
|------------|------|------|------|--------||---------||---------|
|    Comp    |  Pin | Size |  BW  | S x BW ||  Delay  ||   LUT   |
|------------|------|------|------|--------||---------||---------|
| grp_fu_208 |  p0  |   2  |   7  |   14   ||    9    |
| grp_fu_208 |  p1  |   2  |   8  |   16   ||    9    |
|------------|------|------|------|--------||---------||---------|
|    Total   |      |      |      |   30   ||  3.176  ||    18   |
|------------|------|------|------|--------||---------||---------|



* Summary:
+-----------+--------+--------+--------+--------+
|           |   DSP  |  Delay |   FF   |   LUT  |
+-----------+--------+--------+--------+--------+
|  Function |    1   |    -   |    0   |   84   |
|   Memory  |    -   |    -   |    -   |    -   |
|Multiplexer|    -   |    3   |    -   |   18   |
|  Register |    -   |    -   |   146  |    -   |
+-----------+--------+--------+--------+--------+
|   Total   |    1   |    3   |   146  |   102  |
+-----------+--------+--------+--------+--------+
