

================================================================
== Vitis HLS Report for 'matmul_Pipeline_VITIS_LOOP_53_9'
================================================================
* Date:           Fri Oct  2 16:18:35 2026

* Version:        2022.2 (Build 3670227 on Oct 13 2022)
* Project:        vitis.prj
* Solution:       solution1 (Vivado IP Flow Target)
* Product family: zynq
* Target device:  xc7z020-clg400-1


================================================================
== Performance Estimates
================================================================
+ Timing: 
    * Summary: 
    +--------+----------+----------+------------+
    |  Clock |  Target  | Estimated| Uncertainty|
    +--------+----------+----------+------------+
    |ap_clk  |  10.00 ns|  5.354 ns|     2.70 ns|
    +--------+----------+----------+------------+

+ Latency: 
    * Summary: 
    +---------+---------+----------+----------+-----+-----+---------+
    |  Latency (cycles) |  Latency (absolute) |  Interval | Pipeline|
    |   min   |   max   |    min   |    max   | min | max |   Type  |
    +---------+---------+----------+----------+-----+-----+---------+
    |      155|      155|  1.550 us|  1.550 us|  155|  155|       no|
    +---------+---------+----------+----------+-----+-----+---------+

    + Detail: 
        * Instance: 
        N/A

        * Loop: 
        +-------------------+---------+---------+----------+-----------+-----------+------+----------+
        |                   |  Latency (cycles) | Iteration|  Initiation Interval  | Trip |          |
        |     Loop Name     |   min   |   max   |  Latency |  achieved |   target  | Count| Pipelined|
        +-------------------+---------+---------+----------+-----------+-----------+------+----------+
        |- VITIS_LOOP_53_9  |      153|      153|         5|          1|          1|   150|       yes|
        +-------------------+---------+---------+----------+-----------+-----------+------+----------+

============================================================
+ Verbose Summary: Synthesis Manager
============================================================
InlineROM: 1
ExposeGlobal: 0
============================================================
+ Verbose Summary: CDFG Model
============================================================
IsTopModel: 0
ResetActiveHigh: 1
IsCombinational: 0
IsDatapathOnly: 0
HasWiredReturn: 1
HasMFsm: 2
HasVarLatency: 1
IsPipeline: 0
IsRtlPipelined: 0
IsInstanceOverlapped: 0
IsDontTouch: 0
HasImplIP: 0
IsGatedGlobalClock: 0

+ Individual pipeline summary: 
  * Pipeline-0: initiation interval (II) = 1, depth = 5


============================================================
+ Verbose Summary: Schedule
============================================================
* Number of FSM states : 5
* Pipeline : 1
  Pipeline-0 : II = 1, D = 5, States = { 1 2 3 4 5 }
* Dataflow Pipeline: 0

* FSM state transitions: 
1 --> 2 
2 --> 3 
3 --> 4 
4 --> 5 
5 --> 

* FSM state operations: 

State 1 <SV = 0> <Delay = 5.19>
ST_1 : Operation 8 [1/1] (0.00ns)   --->   "%phi_mul = alloca i32 1"   --->   Operation 8 'alloca' 'phi_mul' <Predicate = true> <Delay = 0.00>
ST_1 : Operation 9 [1/1] (0.00ns)   --->   "%conv3_i88 = alloca i32 1"   --->   Operation 9 'alloca' 'conv3_i88' <Predicate = true> <Delay = 0.00>
ST_1 : Operation 10 [1/1] (0.00ns)   --->   "%dot = alloca i32 1"   --->   Operation 10 'alloca' 'dot' <Predicate = true> <Delay = 0.00>
ST_1 : Operation 11 [1/1] (0.00ns)   --->   "%zext_ln51_read = read i8 @_ssdm_op_Read.ap_auto.i8, i8 %zext_ln51"   --->   Operation 11 'read' 'zext_ln51_read' <Predicate = true> <Delay = 0.00>
ST_1 : Operation 12 [1/1] (0.00ns)   --->   "%mul_ln186_read = read i14 @_ssdm_op_Read.ap_auto.i14, i14 %mul_ln186"   --->   Operation 12 'read' 'mul_ln186_read' <Predicate = true> <Delay = 0.00>
ST_1 : Operation 13 [1/1] (0.00ns)   --->   "%tmp = read i15 @_ssdm_op_Read.ap_auto.i15, i15 %empty"   --->   Operation 13 'read' 'tmp' <Predicate = true> <Delay = 0.00>
ST_1 : Operation 14 [1/1] (0.00ns)   --->   "%Matrix_C_BRAM_V_load_read = read i16 @_ssdm_op_Read.ap_auto.i16, i16 %Matrix_C_BRAM_V_load"   --->   Operation 14 'read' 'Matrix_C_BRAM_V_load_read' <Predicate = true> <Delay = 0.00>
ST_1 : Operation 15 [1/1] (0.00ns)   --->   "%p_cast = zext i15 %tmp"   --->   Operation 15 'zext' 'p_cast' <Predicate = true> <Delay = 0.00>
ST_1 : Operation 16 [1/1] (0.00ns)   --->   "%zext_ln51_cast = zext i8 %zext_ln51_read"   --->   Operation 16 'zext' 'zext_ln51_cast' <Predicate = true> <Delay = 0.00>
ST_1 : Operation 17 [1/1] (1.58ns)   --->   "%store_ln0 = store i8 0, i8 %dot"   --->   Operation 17 'store' 'store_ln0' <Predicate = true> <Delay = 1.58>
ST_1 : Operation 18 [1/1] (1.58ns)   --->   "%store_ln0 = store i16 %Matrix_C_BRAM_V_load_read, i16 %conv3_i88"   --->   Operation 18 'store' 'store_ln0' <Predicate = true> <Delay = 1.58>
ST_1 : Operation 19 [1/1] (1.58ns)   --->   "%store_ln0 = store i15 0, i15 %phi_mul"   --->   Operation 19 'store' 'store_ln0' <Predicate = true> <Delay = 1.58>
ST_1 : Operation 20 [1/1] (0.00ns)   --->   "%br_ln0 = br void %for.inc119"   --->   Operation 20 'br' 'br_ln0' <Predicate = true> <Delay = 0.00>
ST_1 : Operation 21 [1/1] (0.00ns)   --->   "%dot_1 = load i8 %dot" [matmul.cpp:53]   --->   Operation 21 'load' 'dot_1' <Predicate = true> <Delay = 0.00>
ST_1 : Operation 22 [1/1] (1.55ns)   --->   "%icmp_ln53 = icmp_eq  i8 %dot_1, i8 150" [matmul.cpp:53]   --->   Operation 22 'icmp' 'icmp_ln53' <Predicate = true> <Delay = 1.55> <CoreInst = "Cmp">   --->   Core 9 'Cmp' <Latency = 0> <II = 1> <Delay = 1.55> <FuncUnit> <Opcode : 'icmp'> <InPorts = 2> <OutPorts = 1>
ST_1 : Operation 23 [1/1] (1.91ns)   --->   "%add_ln53 = add i8 %dot_1, i8 1" [matmul.cpp:53]   --->   Operation 23 'add' 'add_ln53' <Predicate = true> <Delay = 1.91> <CoreInst = "Adder">   --->   Core 1 'Adder' <Latency = 0> <II = 1> <Delay = 1.91> <FuncUnit> <Opcode : 'add' 'sub'> <InPorts = 2> <OutPorts = 1>
ST_1 : Operation 24 [1/1] (0.00ns)   --->   "%br_ln53 = br i1 %icmp_ln53, void %for.inc119.split, void %for.inc122.exitStub" [matmul.cpp:53]   --->   Operation 24 'br' 'br_ln53' <Predicate = true> <Delay = 0.00>
ST_1 : Operation 25 [1/1] (0.00ns)   --->   "%phi_mul_load = load i15 %phi_mul"   --->   Operation 25 'load' 'phi_mul_load' <Predicate = (!icmp_ln53)> <Delay = 0.00>
ST_1 : Operation 26 [1/1] (0.00ns)   --->   "%zext_ln186 = zext i8 %dot_1"   --->   Operation 26 'zext' 'zext_ln186' <Predicate = (!icmp_ln53)> <Delay = 0.00>
ST_1 : Operation 27 [1/1] (1.81ns)   --->   "%add_ln186 = add i14 %mul_ln186_read, i14 %zext_ln186"   --->   Operation 27 'add' 'add_ln186' <Predicate = (!icmp_ln53)> <Delay = 1.81> <CoreInst = "Adder">   --->   Core 1 'Adder' <Latency = 0> <II = 1> <Delay = 1.81> <FuncUnit> <Opcode : 'add' 'sub'> <InPorts = 2> <OutPorts = 1>
ST_1 : Operation 28 [1/1] (0.00ns)   --->   "%zext_ln186_1 = zext i14 %add_ln186"   --->   Operation 28 'zext' 'zext_ln186_1' <Predicate = (!icmp_ln53)> <Delay = 0.00>
ST_1 : Operation 29 [1/1] (0.00ns)   --->   "%Matrix_A_BRAM_V_addr = getelementptr i16 %Matrix_A_BRAM_V, i64 0, i64 %zext_ln186_1"   --->   Operation 29 'getelementptr' 'Matrix_A_BRAM_V_addr' <Predicate = (!icmp_ln53)> <Delay = 0.00>
ST_1 : Operation 30 [1/1] (1.94ns)   --->   "%add_ln186_2 = add i15 %phi_mul_load, i15 200"   --->   Operation 30 'add' 'add_ln186_2' <Predicate = (!icmp_ln53)> <Delay = 1.94> <CoreInst = "Adder">   --->   Core 1 'Adder' <Latency = 0> <II = 1> <Delay = 1.94> <FuncUnit> <Opcode : 'add' 'sub'> <InPorts = 2> <OutPorts = 1>
ST_1 : Operation 31 [1/1] (1.94ns)   --->   "%add_ln186_1 = add i15 %phi_mul_load, i15 %zext_ln51_cast"   --->   Operation 31 'add' 'add_ln186_1' <Predicate = (!icmp_ln53)> <Delay = 1.94> <CoreInst = "Adder">   --->   Core 1 'Adder' <Latency = 0> <II = 1> <Delay = 1.94> <FuncUnit> <Opcode : 'add' 'sub'> <InPorts = 2> <OutPorts = 1>
ST_1 : Operation 32 [1/1] (0.00ns)   --->   "%zext_ln186_2 = zext i15 %add_ln186_1"   --->   Operation 32 'zext' 'zext_ln186_2' <Predicate = (!icmp_ln53)> <Delay = 0.00>
ST_1 : Operation 33 [1/1] (0.00ns)   --->   "%Matrix_B_BRAM_V_addr = getelementptr i16 %Matrix_B_BRAM_V, i64 0, i64 %zext_ln186_2"   --->   Operation 33 'getelementptr' 'Matrix_B_BRAM_V_addr' <Predicate = (!icmp_ln53)> <Delay = 0.00>
ST_1 : Operation 34 [2/2] (3.25ns)   --->   "%Matrix_A_BRAM_V_load = load i14 %Matrix_A_BRAM_V_addr"   --->   Operation 34 'load' 'Matrix_A_BRAM_V_load' <Predicate = (!icmp_ln53)> <Delay = 3.25> <CoreInst = "RAM">   --->   Core 82 'RAM' <Latency = 1> <II = 1> <Delay = 3.25> <Storage> <Opcode : 'load' 'store'> <Ports = 2> <Width = 16> <Depth = 15000> <RAM>
ST_1 : Operation 35 [2/2] (3.25ns)   --->   "%Matrix_B_BRAM_V_load = load i15 %Matrix_B_BRAM_V_addr"   --->   Operation 35 'load' 'Matrix_B_BRAM_V_load' <Predicate = (!icmp_ln53)> <Delay = 3.25> <CoreInst = "RAM">   --->   Core 82 'RAM' <Latency = 1> <II = 1> <Delay = 3.25> <Storage> <Opcode : 'load' 'store'> <Ports = 2> <Width = 16> <Depth = 30000> <RAM>
ST_1 : Operation 36 [1/1] (1.55ns)   --->   "%ifzero = icmp_eq  i8 %add_ln53, i8 150" [matmul.cpp:53]   --->   Operation 36 'icmp' 'ifzero' <Predicate = (!icmp_ln53)> <Delay = 1.55> <CoreInst = "Cmp">   --->   Core 9 'Cmp' <Latency = 0> <II = 1> <Delay = 1.55> <FuncUnit> <Opcode : 'icmp'> <InPorts = 2> <OutPorts = 1>
ST_1 : Operation 37 [1/1] (0.00ns)   --->   "%br_ln53 = br i1 %ifzero, void %ifFalse, void %ifTrue" [matmul.cpp:53]   --->   Operation 37 'br' 'br_ln53' <Predicate = (!icmp_ln53)> <Delay = 0.00>
ST_1 : Operation 38 [1/1] (1.58ns)   --->   "%store_ln53 = store i8 %add_ln53, i8 %dot" [matmul.cpp:53]   --->   Operation 38 'store' 'store_ln53' <Predicate = (!icmp_ln53)> <Delay = 1.58>
ST_1 : Operation 39 [1/1] (1.58ns)   --->   "%store_ln186 = store i15 %add_ln186_2, i15 %phi_mul"   --->   Operation 39 'store' 'store_ln186' <Predicate = (!icmp_ln53)> <Delay = 1.58>

State 2 <SV = 1> <Delay = 4.30>
ST_2 : Operation 40 [1/2] (3.25ns)   --->   "%Matrix_A_BRAM_V_load = load i14 %Matrix_A_BRAM_V_addr"   --->   Operation 40 'load' 'Matrix_A_BRAM_V_load' <Predicate = (!icmp_ln53)> <Delay = 3.25> <CoreInst = "RAM">   --->   Core 82 'RAM' <Latency = 1> <II = 1> <Delay = 3.25> <Storage> <Opcode : 'load' 'store'> <Ports = 2> <Width = 16> <Depth = 15000> <RAM>
ST_2 : Operation 41 [1/2] (3.25ns)   --->   "%Matrix_B_BRAM_V_load = load i15 %Matrix_B_BRAM_V_addr"   --->   Operation 41 'load' 'Matrix_B_BRAM_V_load' <Predicate = (!icmp_ln53)> <Delay = 3.25> <CoreInst = "RAM">   --->   Core 82 'RAM' <Latency = 1> <II = 1> <Delay = 3.25> <Storage> <Opcode : 'load' 'store'> <Ports = 2> <Width = 16> <Depth = 30000> <RAM>
ST_2 : Operation 42 [3/3] (1.05ns) (grouped into DSP with root node add_ln840)   --->   "%mul_ln840 = mul i16 %Matrix_B_BRAM_V_load, i16 %Matrix_A_BRAM_V_load"   --->   Operation 42 'mul' 'mul_ln840' <Predicate = (!icmp_ln53)> <Delay = 1.05> <CoreInst = "DSP48">   --->   Core 119 'DSP48' <Latency = 3> <II = 1> <Delay = 2.15> <IPBlock> <Opcode : 'mul' 'add' 'sub' 'select'> <InPorts = 0> <OutPorts = 1> <Sync> <CReg>

State 3 <SV = 2> <Delay = 1.05>
ST_3 : Operation 43 [2/3] (1.05ns) (grouped into DSP with root node add_ln840)   --->   "%mul_ln840 = mul i16 %Matrix_B_BRAM_V_load, i16 %Matrix_A_BRAM_V_load"   --->   Operation 43 'mul' 'mul_ln840' <Predicate = (!icmp_ln53)> <Delay = 1.05> <CoreInst = "DSP48">   --->   Core 119 'DSP48' <Latency = 3> <II = 1> <Delay = 2.15> <IPBlock> <Opcode : 'mul' 'add' 'sub' 'select'> <InPorts = 0> <OutPorts = 1> <Sync> <CReg>

State 4 <SV = 3> <Delay = 2.10>
ST_4 : Operation 44 [1/1] (0.00ns)   --->   "%Matrix_C_BRAM_V_addr = getelementptr i16 %Matrix_C_BRAM_V, i64 0, i64 %p_cast"   --->   Operation 44 'getelementptr' 'Matrix_C_BRAM_V_addr' <Predicate = true> <Delay = 0.00>
ST_4 : Operation 45 [1/1] (0.00ns)   --->   "%specpipeline_ln0 = specpipeline void @_ssdm_op_SpecPipeline, i32 4294967295, i32 0, i32 1, i32 0, void @p_str"   --->   Operation 45 'specpipeline' 'specpipeline_ln0' <Predicate = true> <Delay = 0.00>
ST_4 : Operation 46 [1/1] (0.00ns)   --->   "%empty_23 = speclooptripcount i32 @_ssdm_op_SpecLoopTripCount, i64 150, i64 150, i64 150"   --->   Operation 46 'speclooptripcount' 'empty_23' <Predicate = true> <Delay = 0.00>
ST_4 : Operation 47 [1/1] (0.00ns)   --->   "%conv3_i88_load = load i16 %conv3_i88"   --->   Operation 47 'load' 'conv3_i88_load' <Predicate = (!icmp_ln53)> <Delay = 0.00>
ST_4 : Operation 48 [1/3] (0.00ns) (grouped into DSP with root node add_ln840)   --->   "%mul_ln840 = mul i16 %Matrix_B_BRAM_V_load, i16 %Matrix_A_BRAM_V_load"   --->   Operation 48 'mul' 'mul_ln840' <Predicate = (!icmp_ln53)> <Delay = 0.00> <CoreInst = "DSP48">   --->   Core 119 'DSP48' <Latency = 3> <II = 1> <Delay = 2.15> <IPBlock> <Opcode : 'mul' 'add' 'sub' 'select'> <InPorts = 0> <OutPorts = 1> <Sync> <CReg>
ST_4 : Operation 49 [2/2] (2.10ns) (root node of the DSP)   --->   "%add_ln840 = add i16 %mul_ln840, i16 %conv3_i88_load"   --->   Operation 49 'add' 'add_ln840' <Predicate = (!icmp_ln53)> <Delay = 2.10> <CoreInst = "DSP48">   --->   Core 119 'DSP48' <Latency = 3> <II = 1> <Delay = 2.15> <IPBlock> <Opcode : 'mul' 'add' 'sub' 'select'> <InPorts = 0> <OutPorts = 1> <Sync> <CReg>
ST_4 : Operation 56 [1/1] (0.00ns)   --->   "%ret_ln0 = ret"   --->   Operation 56 'ret' 'ret_ln0' <Predicate = (icmp_ln53)> <Delay = 0.00>

State 5 <SV = 4> <Delay = 5.35>
ST_5 : Operation 50 [1/1] (0.00ns)   --->   "%specloopname_ln53 = specloopname void @_ssdm_op_SpecLoopName, void @empty_9" [matmul.cpp:53]   --->   Operation 50 'specloopname' 'specloopname_ln53' <Predicate = true> <Delay = 0.00>
ST_5 : Operation 51 [1/2] (2.10ns) (root node of the DSP)   --->   "%add_ln840 = add i16 %mul_ln840, i16 %conv3_i88_load"   --->   Operation 51 'add' 'add_ln840' <Predicate = true> <Delay = 2.10> <CoreInst = "DSP48">   --->   Core 119 'DSP48' <Latency = 3> <II = 1> <Delay = 2.15> <IPBlock> <Opcode : 'mul' 'add' 'sub' 'select'> <InPorts = 0> <OutPorts = 1> <Sync> <CReg>
ST_5 : Operation 52 [1/1] (3.25ns)   --->   "%store_ln840 = store i16 %add_ln840, i15 %Matrix_C_BRAM_V_addr"   --->   Operation 52 'store' 'store_ln840' <Predicate = (ifzero)> <Delay = 3.25> <CoreInst = "RAM">   --->   Core 82 'RAM' <Latency = 1> <II = 1> <Delay = 3.25> <Storage> <Opcode : 'load' 'store'> <Ports = 2> <Width = 16> <Depth = 20000> <RAM>
ST_5 : Operation 53 [1/1] (0.00ns)   --->   "%br_ln0 = br void %ifFalse"   --->   Operation 53 'br' 'br_ln0' <Predicate = (ifzero)> <Delay = 0.00>
ST_5 : Operation 54 [1/1] (1.58ns)   --->   "%store_ln840 = store i16 %add_ln840, i16 %conv3_i88"   --->   Operation 54 'store' 'store_ln840' <Predicate = true> <Delay = 1.58>
ST_5 : Operation 55 [1/1] (0.00ns)   --->   "%br_ln0 = br void %for.inc119"   --->   Operation 55 'br' 'br_ln0' <Predicate = true> <Delay = 0.00>


============================================================
+ Verbose Summary: Timing violations
============================================================
Target clock period: 10ns, clock uncertainty: 2.7ns.

 <State 1>: 5.2ns
The critical path consists of the following:
	'alloca' operation ('phi_mul') [8]  (0 ns)
	'load' operation ('phi_mul_load') on local variable 'phi_mul' [30]  (0 ns)
	'add' operation ('add_ln186_1') [37]  (1.94 ns)
	'getelementptr' operation ('Matrix_B_BRAM_V_addr') [39]  (0 ns)
	'load' operation ('Matrix_B_BRAM_V_load') on array 'Matrix_B_BRAM_V' [42]  (3.25 ns)

 <State 2>: 4.3ns
The critical path consists of the following:
	'load' operation ('Matrix_A_BRAM_V_load') on array 'Matrix_A_BRAM_V' [41]  (3.25 ns)
	'mul' operation of DSP[44] ('mul_ln840') [43]  (1.05 ns)

 <State 3>: 1.05ns
The critical path consists of the following:
	'mul' operation of DSP[44] ('mul_ln840') [43]  (1.05 ns)

 <State 4>: 2.1ns
The critical path consists of the following:
	'load' operation ('conv3_i88_load') on local variable 'conv3_i88' [31]  (0 ns)
	'add' operation of DSP[44] ('add_ln840') [44]  (2.1 ns)

 <State 5>: 5.35ns
The critical path consists of the following:
	'add' operation of DSP[44] ('add_ln840') [44]  (2.1 ns)
	'store' operation ('store_ln840') of variable 'add_ln840' on array 'Matrix_C_BRAM_V' [48]  (3.25 ns)


============================================================
+ Verbose Summary: Binding
============================================================
N/A
* FSMD analyzer results:
  - Output states:
 - Input state : 
  - Chain level:
	State 1
	State 2
	State 3
	State 4
	State 5


============================================================
+ Verbose Summary: Datapath Resource usage 
============================================================
N/A
