

================================================================
== Vitis HLS Report for 'matmul_Pipeline_VITIS_LOOP_61_10_VITIS_LOOP_63_11'
================================================================
* Date:           Fri Oct  2 16:18:37 2026

* Version:        2022.2 (Build 3670227 on Oct 13 2022)
* Project:        vitis.prj
* Solution:       solution1 (Vivado IP Flow Target)
* Product family: zynq
* Target device:  xc7z020-clg400-1


================================================================
== Performance Estimates
================================================================
+ Timing: 
    * Summary: 
    +--------+----------+----------+------------+
    |  Clock |  Target  | Estimated| Uncertainty|
    +--------+----------+----------+------------+
    |ap_clk  |  10.00 ns|  7.300 ns|     2.70 ns|
    +--------+----------+----------+------------+

+ Latency: 
    * Summary: 
    +---------+---------+----------+----------+-------+-------+---------+
    |  Latency (cycles) |  Latency (absolute) |    Interval   | Pipeline|
    |   min   |   max   |    min   |    max   |  min  |  max  |   Type  |
    +---------+---------+----------+----------+-------+-------+---------+
    |    20006|    20006|  0.200 ms|  0.200 ms|  20006|  20006|       no|
    +---------+---------+----------+----------+-------+-------+---------+

    + Detail: 
        * Instance: 
        N/A

        * Loop: 
        +-------------------------------------+---------+---------+----------+-----------+-----------+-------+----------+
        |                                     |  Latency (cycles) | Iteration|  Initiation Interval  |  Trip |          |
        |              Loop Name              |   min   |   max   |  Latency |  achieved |   target  | Count | Pipelined|
        +-------------------------------------+---------+---------+----------+-----------+-----------+-------+----------+
        |- VITIS_LOOP_61_10_VITIS_LOOP_63_11  |    20004|    20004|         6|          1|          1|  20000|       yes|
        +-------------------------------------+---------+---------+----------+-----------+-----------+-------+----------+



================================================================
== Utilization Estimates
================================================================
* Summary: 
+-----------------+---------+-----+--------+-------+-----+
|       Name      | BRAM_18K| DSP |   FF   |  LUT  | URAM|
+-----------------+---------+-----+--------+-------+-----+
|DSP              |        -|    1|       -|      -|    -|
|Expression       |        -|    -|       0|     91|    -|
|FIFO             |        -|    -|       -|      -|    -|
|Instance         |        -|    -|       -|      -|    -|
|Memory           |        -|    -|       -|      -|    -|
|Multiplexer      |        -|    -|       -|     81|    -|
|Register         |        -|    -|     138|     32|    -|
+-----------------+---------+-----+--------+-------+-----+
|Total            |        0|    1|     138|    204|    0|
+-----------------+---------+-----+--------+-------+-----+
|Available        |      280|  220|  106400|  53200|    0|
+-----------------+---------+-----+--------+-------+-----+
|Utilization (%)  |        0|   ~0|      ~0|     ~0|    0|
+-----------------+---------+-----+--------+-------+-----+

+ Detail: 
    * Instance: 
    N/A

    * DSP: 
    +-----------------------------------+-------------------------------+--------------+
    |              Instance             |             Module            |  Expression  |
    +-----------------------------------+-------------------------------+--------------+
    |mac_muladd_7ns_8ns_8ns_15_4_1_U23  |mac_muladd_7ns_8ns_8ns_15_4_1  |  i0 * i1 + i2|
    +-----------------------------------+-------------------------------+--------------+

    * Memory: 
    N/A

    * FIFO: 
    N/A

    * Expression: 
    +---------------------------+----------+----+---+----+------------+------------+
    |       Variable Name       | Operation| DSP| FF| LUT| Bitwidth P0| Bitwidth P1|
    +---------------------------+----------+----+---+----+------------+------------+
    |add_ln61_1_fu_135_p2       |         +|   0|  0|  20|          15|           1|
    |add_ln61_fu_147_p2         |         +|   0|  0|  14|           7|           1|
    |add_ln63_fu_179_p2         |         +|   0|  0|  15|           8|           1|
    |ap_block_pp0_stage0_11001  |       and|   0|  0|   2|           1|           1|
    |icmp_ln61_fu_129_p2        |      icmp|   0|  0|  12|          15|          15|
    |icmp_ln63_fu_153_p2        |      icmp|   0|  0|  11|           8|           7|
    |select_ln61_1_fu_167_p3    |    select|   0|  0|   7|           1|           7|
    |select_ln61_fu_159_p3      |    select|   0|  0|   8|           1|           1|
    |ap_enable_pp0              |       xor|   0|  0|   2|           1|           2|
    +---------------------------+----------+----+---+----+------------+------------+
    |Total                      |          |   0|  0|  91|          57|          36|
    +---------------------------+----------+----+---+----+------------+------------+

    * Multiplexer: 
    +----------------------------------------+----+-----------+-----+-----------+
    |                  Name                  | LUT| Input Size| Bits| Total Bits|
    +----------------------------------------+----+-----------+-----+-----------+
    |ap_done_int                             |   9|          2|    1|          2|
    |ap_enable_reg_pp0_iter5                 |   9|          2|    1|          2|
    |ap_sig_allocacmp_c_load                 |   9|          2|    8|         16|
    |ap_sig_allocacmp_indvar_flatten27_load  |   9|          2|   15|         30|
    |ap_sig_allocacmp_r_load                 |   9|          2|    7|         14|
    |c_fu_68                                 |   9|          2|    8|         16|
    |indvar_flatten27_fu_76                  |   9|          2|   15|         30|
    |mem1_blk_n_W                            |   9|          2|    1|          2|
    |r_fu_72                                 |   9|          2|    7|         14|
    +----------------------------------------+----+-----------+-----+-----------+
    |Total                                   |  81|         18|   63|        126|
    +----------------------------------------+----+-----------+-----+-----------+

    * Register: 
    +-----------------------------------+----+----+-----+-----------+
    |                Name               | FF | LUT| Bits| Const Bits|
    +-----------------------------------+----+----+-----+-----------+
    |Matrix_C_BRAM_V_load_reg_276       |  16|   0|   16|          0|
    |ap_CS_fsm                          |   1|   0|    1|          0|
    |ap_done_reg                        |   1|   0|    1|          0|
    |ap_enable_reg_pp0_iter1            |   1|   0|    1|          0|
    |ap_enable_reg_pp0_iter2            |   1|   0|    1|          0|
    |ap_enable_reg_pp0_iter3            |   1|   0|    1|          0|
    |ap_enable_reg_pp0_iter4            |   1|   0|    1|          0|
    |ap_enable_reg_pp0_iter5            |   1|   0|    1|          0|
    |ap_loop_exit_ready_pp0_iter1_reg   |   1|   0|    1|          0|
    |ap_loop_exit_ready_pp0_iter2_reg   |   1|   0|    1|          0|
    |ap_loop_exit_ready_pp0_iter3_reg   |   1|   0|    1|          0|
    |ap_loop_exit_ready_pp0_iter4_reg   |   1|   0|    1|          0|
    |c_fu_68                            |   8|   0|    8|          0|
    |icmp_ln61_reg_247                  |   1|   0|    1|          0|
    |indvar_flatten27_fu_76             |  15|   0|   15|          0|
    |r_fu_72                            |   7|   0|    7|          0|
    |select_ln61_reg_251                |   8|   0|    8|          0|
    |select_ln61_reg_251_pp0_iter1_reg  |   8|   0|    8|          0|
    |icmp_ln61_reg_247                  |  64|  32|    1|          0|
    +-----------------------------------+----+----+-----+-----------+
    |Total                              | 138|  32|   75|          0|
    +-----------------------------------+----+----+-----+-----------+



================================================================
== Interface
================================================================
* Summary: 
+--------------------------+-----+-----+------------+---------------------------------------------------+--------------+
|         RTL Ports        | Dir | Bits|  Protocol  |                   Source Object                   |    C Type    |
+--------------------------+-----+-----+------------+---------------------------------------------------+--------------+
|ap_clk                    |   in|    1|  ap_ctrl_hs|  matmul_Pipeline_VITIS_LOOP_61_10_VITIS_LOOP_63_11|  return value|
|ap_rst                    |   in|    1|  ap_ctrl_hs|  matmul_Pipeline_VITIS_LOOP_61_10_VITIS_LOOP_63_11|  return value|
|ap_start                  |   in|    1|  ap_ctrl_hs|  matmul_Pipeline_VITIS_LOOP_61_10_VITIS_LOOP_63_11|  return value|
|ap_done                   |  out|    1|  ap_ctrl_hs|  matmul_Pipeline_VITIS_LOOP_61_10_VITIS_LOOP_63_11|  return value|
|ap_idle                   |  out|    1|  ap_ctrl_hs|  matmul_Pipeline_VITIS_LOOP_61_10_VITIS_LOOP_63_11|  return value|
|ap_ready                  |  out|    1|  ap_ctrl_hs|  matmul_Pipeline_VITIS_LOOP_61_10_VITIS_LOOP_63_11|  return value|
|m_axi_mem1_AWVALID        |  out|    1|       m_axi|                                               mem1|       pointer|
|m_axi_mem1_AWREADY        |   in|    1|       m_axi|                                               mem1|       pointer|
|m_axi_mem1_AWADDR         |  out|   64|       m_axi|                                               mem1|       pointer|
|m_axi_mem1_AWID           |  out|    1|       m_axi|                                               mem1|       pointer|
|m_axi_mem1_AWLEN          |  out|   32|       m_axi|                                               mem1|       pointer|
|m_axi_mem1_AWSIZE         |  out|    3|       m_axi|                                               mem1|       pointer|
|m_axi_mem1_AWBURST        |  out|    2|       m_axi|                                               mem1|       pointer|
|m_axi_mem1_AWLOCK         |  out|    2|       m_axi|                                               mem1|       pointer|
|m_axi_mem1_AWCACHE        |  out|    4|       m_axi|                                               mem1|       pointer|
|m_axi_mem1_AWPROT         |  out|    3|       m_axi|                                               mem1|       pointer|
|m_axi_mem1_AWQOS          |  out|    4|       m_axi|                                               mem1|       pointer|
|m_axi_mem1_AWREGION       |  out|    4|       m_axi|                                               mem1|       pointer|
|m_axi_mem1_AWUSER         |  out|    1|       m_axi|                                               mem1|       pointer|
|m_axi_mem1_WVALID         |  out|    1|       m_axi|                                               mem1|       pointer|
|m_axi_mem1_WREADY         |   in|    1|       m_axi|                                               mem1|       pointer|
|m_axi_mem1_WDATA          |  out|   16|       m_axi|                                               mem1|       pointer|
|m_axi_mem1_WSTRB          |  out|    2|       m_axi|                                               mem1|       pointer|
|m_axi_mem1_WLAST          |  out|    1|       m_axi|                                               mem1|       pointer|
|m_axi_mem1_WID            |  out|    1|       m_axi|                                               mem1|       pointer|
|m_axi_mem1_WUSER          |  out|    1|       m_axi|                                               mem1|       pointer|
|m_axi_mem1_ARVALID        |  out|    1|       m_axi|                                               mem1|       pointer|
|m_axi_mem1_ARREADY        |   in|    1|       m_axi|                                               mem1|       pointer|
|m_axi_mem1_ARADDR         |  out|   64|       m_axi|                                               mem1|       pointer|
|m_axi_mem1_ARID           |  out|    1|       m_axi|                                               mem1|       pointer|
|m_axi_mem1_ARLEN          |  out|   32|       m_axi|                                               mem1|       pointer|
|m_axi_mem1_ARSIZE         |  out|    3|       m_axi|                                               mem1|       pointer|
|m_axi_mem1_ARBURST        |  out|    2|       m_axi|                                               mem1|       pointer|
|m_axi_mem1_ARLOCK         |  out|    2|       m_axi|                                               mem1|       pointer|
|m_axi_mem1_ARCACHE        |  out|    4|       m_axi|                                               mem1|       pointer|
|m_axi_mem1_ARPROT         |  out|    3|       m_axi|                                               mem1|       pointer|
|m_axi_mem1_ARQOS          |  out|    4|       m_axi|                                               mem1|       pointer|
|m_axi_mem1_ARREGION       |  out|    4|       m_axi|                                               mem1|       pointer|
|m_axi_mem1_ARUSER         |  out|    1|       m_axi|                                               mem1|       pointer|
|m_axi_mem1_RVALID         |   in|    1|       m_axi|                                               mem1|       pointer|
|m_axi_mem1_RREADY         |  out|    1|       m_axi|                                               mem1|       pointer|
|m_axi_mem1_RDATA          |   in|   16|       m_axi|                                               mem1|       pointer|
|m_axi_mem1_RLAST          |   in|    1|       m_axi|                                               mem1|       pointer|
|m_axi_mem1_RID            |   in|    1|       m_axi|                                               mem1|       pointer|
|m_axi_mem1_RFIFONUM       |   in|   10|       m_axi|                                               mem1|       pointer|
|m_axi_mem1_RUSER          |   in|    1|       m_axi|                                               mem1|       pointer|
|m_axi_mem1_RRESP          |   in|    2|       m_axi|                                               mem1|       pointer|
|m_axi_mem1_BVALID         |   in|    1|       m_axi|                                               mem1|       pointer|
|m_axi_mem1_BREADY         |  out|    1|       m_axi|                                               mem1|       pointer|
|m_axi_mem1_BRESP          |   in|    2|       m_axi|                                               mem1|       pointer|
|m_axi_mem1_BID            |   in|    1|       m_axi|                                               mem1|       pointer|
|m_axi_mem1_BUSER          |   in|    1|       m_axi|                                               mem1|       pointer|
|sext_ln61                 |   in|   63|     ap_none|                                          sext_ln61|        scalar|
|Matrix_C_BRAM_V_address0  |  out|   15|   ap_memory|                                    Matrix_C_BRAM_V|         array|
|Matrix_C_BRAM_V_ce0       |  out|    1|   ap_memory|                                    Matrix_C_BRAM_V|         array|
|Matrix_C_BRAM_V_q0        |   in|   16|   ap_memory|                                    Matrix_C_BRAM_V|         array|
+--------------------------+-----+-----+------------+---------------------------------------------------+--------------+

============================================================
+ Verbose Summary: Synthesis Manager
============================================================
InlineROM: 1
ExposeGlobal: 0
============================================================
+ Verbose Summary: CDFG Model
============================================================
IsTopModel: 0
ResetActiveHigh: 1
IsCombinational: 2
IsDatapathOnly: 2
HasWiredReturn: 1
HasMFsm: 2
HasVarLatency: 1
IsPipeline: 0
IsRtlPipelined: 0
IsInstanceOverlapped: 0
IsDontTouch: 0
HasImplIP: 0
IsGatedGlobalClock: 0

+ Individual pipeline summary: 
  * Pipeline-0: initiation interval (II) = 1, depth = 6


============================================================
+ Verbose Summary: Schedule
============================================================
* Number of FSM states : 6
* Pipeline : 1
  Pipeline-0 : II = 1, D = 6, States = { 1 2 3 4 5 6 }
* Dataflow Pipeline: 0

* FSM state transitions: 
1 --> 2 
2 --> 3 
3 --> 4 
4 --> 5 
5 --> 6 
6 --> 

* FSM state operations: 

State 1 <SV = 0> <Delay = 6.30>
ST_1 : Operation 9 [1/1] (0.00ns)   --->   "%c = alloca i32 1"   --->   Operation 9 'alloca' 'c' <Predicate = true> <Delay = 0.00>
ST_1 : Operation 10 [1/1] (0.00ns)   --->   "%r = alloca i32 1"   --->   Operation 10 'alloca' 'r' <Predicate = true> <Delay = 0.00>
ST_1 : Operation 11 [1/1] (0.00ns)   --->   "%indvar_flatten27 = alloca i32 1"   --->   Operation 11 'alloca' 'indvar_flatten27' <Predicate = true> <Delay = 0.00>
ST_1 : Operation 12 [1/1] (0.00ns)   --->   "%sext_ln61_read = read i63 @_ssdm_op_Read.ap_auto.i63, i63 %sext_ln61"   --->   Operation 12 'read' 'sext_ln61_read' <Predicate = true> <Delay = 0.00>
ST_1 : Operation 13 [1/1] (0.00ns)   --->   "%sext_ln61_cast = sext i63 %sext_ln61_read"   --->   Operation 13 'sext' 'sext_ln61_cast' <Predicate = true> <Delay = 0.00>
ST_1 : Operation 14 [1/1] (0.00ns)   --->   "%specinterface_ln0 = specinterface void @_ssdm_op_SpecInterface, i16 %mem1, void @empty_4, i32 0, i32 0, void @empty_15, i32 64, i32 1, void @empty_16, void @empty_17, void @empty_15, i32 16, i32 16, i32 16, i32 16, void @empty_15, void @empty_15, i32 4294967295, i32 0"   --->   Operation 14 'specinterface' 'specinterface_ln0' <Predicate = true> <Delay = 0.00>
ST_1 : Operation 15 [1/1] (1.58ns)   --->   "%store_ln0 = store i15 0, i15 %indvar_flatten27"   --->   Operation 15 'store' 'store_ln0' <Predicate = true> <Delay = 1.58>
ST_1 : Operation 16 [1/1] (1.58ns)   --->   "%store_ln0 = store i7 0, i7 %r"   --->   Operation 16 'store' 'store_ln0' <Predicate = true> <Delay = 1.58>
ST_1 : Operation 17 [1/1] (1.58ns)   --->   "%store_ln0 = store i8 0, i8 %c"   --->   Operation 17 'store' 'store_ln0' <Predicate = true> <Delay = 1.58>
ST_1 : Operation 18 [1/1] (0.00ns)   --->   "%br_ln0 = br void %for.inc146"   --->   Operation 18 'br' 'br_ln0' <Predicate = true> <Delay = 0.00>
ST_1 : Operation 19 [1/1] (0.00ns)   --->   "%indvar_flatten27_load = load i15 %indvar_flatten27" [matmul.cpp:61]   --->   Operation 19 'load' 'indvar_flatten27_load' <Predicate = true> <Delay = 0.00>
ST_1 : Operation 20 [1/1] (2.31ns)   --->   "%icmp_ln61 = icmp_eq  i15 %indvar_flatten27_load, i15 20000" [matmul.cpp:61]   --->   Operation 20 'icmp' 'icmp_ln61' <Predicate = true> <Delay = 2.31> <CoreInst = "Cmp">   --->   Core 9 'Cmp' <Latency = 0> <II = 1> <Delay = 2.31> <FuncUnit> <Opcode : 'icmp'> <InPorts = 2> <OutPorts = 1>
ST_1 : Operation 21 [1/1] (1.94ns)   --->   "%add_ln61_1 = add i15 %indvar_flatten27_load, i15 1" [matmul.cpp:61]   --->   Operation 21 'add' 'add_ln61_1' <Predicate = true> <Delay = 1.94> <CoreInst = "Adder">   --->   Core 1 'Adder' <Latency = 0> <II = 1> <Delay = 1.94> <FuncUnit> <Opcode : 'add' 'sub'> <InPorts = 2> <OutPorts = 1>
ST_1 : Operation 22 [1/1] (0.00ns)   --->   "%br_ln61 = br i1 %icmp_ln61, void %for.inc149, void %for.end151.exitStub" [matmul.cpp:61]   --->   Operation 22 'br' 'br_ln61' <Predicate = true> <Delay = 0.00>
ST_1 : Operation 23 [1/1] (0.00ns)   --->   "%c_load = load i8 %c" [matmul.cpp:63]   --->   Operation 23 'load' 'c_load' <Predicate = (!icmp_ln61)> <Delay = 0.00>
ST_1 : Operation 24 [1/1] (0.00ns)   --->   "%r_load = load i7 %r" [matmul.cpp:61]   --->   Operation 24 'load' 'r_load' <Predicate = (!icmp_ln61)> <Delay = 0.00>
ST_1 : Operation 25 [1/1] (1.87ns)   --->   "%add_ln61 = add i7 %r_load, i7 1" [matmul.cpp:61]   --->   Operation 25 'add' 'add_ln61' <Predicate = (!icmp_ln61)> <Delay = 1.87> <CoreInst = "Adder">   --->   Core 1 'Adder' <Latency = 0> <II = 1> <Delay = 1.87> <FuncUnit> <Opcode : 'add' 'sub'> <InPorts = 2> <OutPorts = 1>
ST_1 : Operation 26 [1/1] (1.55ns)   --->   "%icmp_ln63 = icmp_eq  i8 %c_load, i8 200" [matmul.cpp:63]   --->   Operation 26 'icmp' 'icmp_ln63' <Predicate = (!icmp_ln61)> <Delay = 1.55> <CoreInst = "Cmp">   --->   Core 9 'Cmp' <Latency = 0> <II = 1> <Delay = 1.55> <FuncUnit> <Opcode : 'icmp'> <InPorts = 2> <OutPorts = 1>
ST_1 : Operation 27 [1/1] (1.24ns)   --->   "%select_ln61 = select i1 %icmp_ln63, i8 0, i8 %c_load" [matmul.cpp:61]   --->   Operation 27 'select' 'select_ln61' <Predicate = (!icmp_ln61)> <Delay = 1.24> <CoreInst = "Sel">   --->   Core 73 'Sel' <Latency = 0> <II = 1> <Delay = 1.24> <FuncUnit> <Opcode : 'select'> <InPorts = 3> <OutPorts = 1>
ST_1 : Operation 28 [1/1] (0.99ns)   --->   "%select_ln61_1 = select i1 %icmp_ln63, i7 %add_ln61, i7 %r_load" [matmul.cpp:61]   --->   Operation 28 'select' 'select_ln61_1' <Predicate = (!icmp_ln61)> <Delay = 0.99> <CoreInst = "Sel">   --->   Core 73 'Sel' <Latency = 0> <II = 1> <Delay = 0.99> <FuncUnit> <Opcode : 'select'> <InPorts = 3> <OutPorts = 1>
ST_1 : Operation 29 [1/1] (0.00ns)   --->   "%zext_ln65 = zext i7 %select_ln61_1" [matmul.cpp:65]   --->   Operation 29 'zext' 'zext_ln65' <Predicate = (!icmp_ln61)> <Delay = 0.00>
ST_1 : Operation 30 [3/3] (1.05ns) (grouped into DSP with root node add_ln65)   --->   "%mul_ln65 = mul i15 %zext_ln65, i15 200" [matmul.cpp:65]   --->   Operation 30 'mul' 'mul_ln65' <Predicate = (!icmp_ln61)> <Delay = 1.05> <CoreInst = "DSP48">   --->   Core 119 'DSP48' <Latency = 3> <II = 1> <Delay = 2.15> <IPBlock> <Opcode : 'mul' 'add' 'sub' 'select'> <InPorts = 0> <OutPorts = 1> <Sync> <CReg>
ST_1 : Operation 31 [1/1] (1.91ns)   --->   "%add_ln63 = add i8 %select_ln61, i8 1" [matmul.cpp:63]   --->   Operation 31 'add' 'add_ln63' <Predicate = (!icmp_ln61)> <Delay = 1.91> <CoreInst = "Adder">   --->   Core 1 'Adder' <Latency = 0> <II = 1> <Delay = 1.91> <FuncUnit> <Opcode : 'add' 'sub'> <InPorts = 2> <OutPorts = 1>
ST_1 : Operation 32 [1/1] (1.58ns)   --->   "%store_ln63 = store i15 %add_ln61_1, i15 %indvar_flatten27" [matmul.cpp:63]   --->   Operation 32 'store' 'store_ln63' <Predicate = (!icmp_ln61)> <Delay = 1.58>
ST_1 : Operation 33 [1/1] (1.58ns)   --->   "%store_ln63 = store i7 %select_ln61_1, i7 %r" [matmul.cpp:63]   --->   Operation 33 'store' 'store_ln63' <Predicate = (!icmp_ln61)> <Delay = 1.58>
ST_1 : Operation 34 [1/1] (1.58ns)   --->   "%store_ln63 = store i8 %add_ln63, i8 %c" [matmul.cpp:63]   --->   Operation 34 'store' 'store_ln63' <Predicate = (!icmp_ln61)> <Delay = 1.58>

State 2 <SV = 1> <Delay = 1.05>
ST_2 : Operation 35 [2/3] (1.05ns) (grouped into DSP with root node add_ln65)   --->   "%mul_ln65 = mul i15 %zext_ln65, i15 200" [matmul.cpp:65]   --->   Operation 35 'mul' 'mul_ln65' <Predicate = (!icmp_ln61)> <Delay = 1.05> <CoreInst = "DSP48">   --->   Core 119 'DSP48' <Latency = 3> <II = 1> <Delay = 2.15> <IPBlock> <Opcode : 'mul' 'add' 'sub' 'select'> <InPorts = 0> <OutPorts = 1> <Sync> <CReg>

State 3 <SV = 2> <Delay = 2.10>
ST_3 : Operation 36 [1/3] (0.00ns) (grouped into DSP with root node add_ln65)   --->   "%mul_ln65 = mul i15 %zext_ln65, i15 200" [matmul.cpp:65]   --->   Operation 36 'mul' 'mul_ln65' <Predicate = (!icmp_ln61)> <Delay = 0.00> <CoreInst = "DSP48">   --->   Core 119 'DSP48' <Latency = 3> <II = 1> <Delay = 2.15> <IPBlock> <Opcode : 'mul' 'add' 'sub' 'select'> <InPorts = 0> <OutPorts = 1> <Sync> <CReg>
ST_3 : Operation 37 [1/1] (0.00ns)   --->   "%zext_ln65_1 = zext i8 %select_ln61" [matmul.cpp:65]   --->   Operation 37 'zext' 'zext_ln65_1' <Predicate = (!icmp_ln61)> <Delay = 0.00>
ST_3 : Operation 38 [2/2] (2.10ns) (root node of the DSP)   --->   "%add_ln65 = add i15 %mul_ln65, i15 %zext_ln65_1" [matmul.cpp:65]   --->   Operation 38 'add' 'add_ln65' <Predicate = (!icmp_ln61)> <Delay = 2.10> <CoreInst = "DSP48">   --->   Core 119 'DSP48' <Latency = 3> <II = 1> <Delay = 2.15> <IPBlock> <Opcode : 'mul' 'add' 'sub' 'select'> <InPorts = 0> <OutPorts = 1> <Sync> <CReg>

State 4 <SV = 3> <Delay = 5.35>
ST_4 : Operation 39 [1/2] (2.10ns) (root node of the DSP)   --->   "%add_ln65 = add i15 %mul_ln65, i15 %zext_ln65_1" [matmul.cpp:65]   --->   Operation 39 'add' 'add_ln65' <Predicate = (!icmp_ln61)> <Delay = 2.10> <CoreInst = "DSP48">   --->   Core 119 'DSP48' <Latency = 3> <II = 1> <Delay = 2.15> <IPBlock> <Opcode : 'mul' 'add' 'sub' 'select'> <InPorts = 0> <OutPorts = 1> <Sync> <CReg>
ST_4 : Operation 40 [1/1] (0.00ns)   --->   "%zext_ln65_2 = zext i15 %add_ln65" [matmul.cpp:65]   --->   Operation 40 'zext' 'zext_ln65_2' <Predicate = (!icmp_ln61)> <Delay = 0.00>
ST_4 : Operation 41 [1/1] (0.00ns)   --->   "%Matrix_C_BRAM_V_addr = getelementptr i16 %Matrix_C_BRAM_V, i64 0, i64 %zext_ln65_2" [matmul.cpp:65]   --->   Operation 41 'getelementptr' 'Matrix_C_BRAM_V_addr' <Predicate = (!icmp_ln61)> <Delay = 0.00>
ST_4 : Operation 42 [2/2] (3.25ns)   --->   "%Matrix_C_BRAM_V_load = load i15 %Matrix_C_BRAM_V_addr" [matmul.cpp:65]   --->   Operation 42 'load' 'Matrix_C_BRAM_V_load' <Predicate = (!icmp_ln61)> <Delay = 3.25> <CoreInst = "RAM">   --->   Core 82 'RAM' <Latency = 1> <II = 1> <Delay = 3.25> <Storage> <Opcode : 'load' 'store'> <Ports = 2> <Width = 16> <Depth = 20000> <RAM>

State 5 <SV = 4> <Delay = 3.25>
ST_5 : Operation 43 [1/1] (0.00ns)   --->   "%specbitsmap_ln0 = specbitsmap void @_ssdm_op_SpecBitsMap, i16 %mem1"   --->   Operation 43 'specbitsmap' 'specbitsmap_ln0' <Predicate = true> <Delay = 0.00>
ST_5 : Operation 44 [1/1] (0.00ns)   --->   "%mem1_addr = getelementptr i16 %mem1, i64 %sext_ln61_cast" [matmul.cpp:61]   --->   Operation 44 'getelementptr' 'mem1_addr' <Predicate = true> <Delay = 0.00>
ST_5 : Operation 45 [1/1] (0.00ns)   --->   "%specpipeline_ln0 = specpipeline void @_ssdm_op_SpecPipeline, i32 4294967295, i32 0, i32 1, i32 0, void @p_str"   --->   Operation 45 'specpipeline' 'specpipeline_ln0' <Predicate = true> <Delay = 0.00>
ST_5 : Operation 46 [1/2] (3.25ns)   --->   "%Matrix_C_BRAM_V_load = load i15 %Matrix_C_BRAM_V_addr" [matmul.cpp:65]   --->   Operation 46 'load' 'Matrix_C_BRAM_V_load' <Predicate = (!icmp_ln61)> <Delay = 3.25> <CoreInst = "RAM">   --->   Core 82 'RAM' <Latency = 1> <II = 1> <Delay = 3.25> <Storage> <Opcode : 'load' 'store'> <Ports = 2> <Width = 16> <Depth = 20000> <RAM>
ST_5 : Operation 53 [1/1] (0.00ns)   --->   "%ret_ln0 = ret"   --->   Operation 53 'ret' 'ret_ln0' <Predicate = (icmp_ln61)> <Delay = 0.00>

State 6 <SV = 5> <Delay = 7.30>
ST_6 : Operation 47 [1/1] (0.00ns)   --->   "%specloopname_ln0 = specloopname void @_ssdm_op_SpecLoopName, void @VITIS_LOOP_61_10_VITIS_LOOP_63_11_str"   --->   Operation 47 'specloopname' 'specloopname_ln0' <Predicate = true> <Delay = 0.00>
ST_6 : Operation 48 [1/1] (0.00ns)   --->   "%empty = speclooptripcount i32 @_ssdm_op_SpecLoopTripCount, i64 20000, i64 20000, i64 20000"   --->   Operation 48 'speclooptripcount' 'empty' <Predicate = true> <Delay = 0.00>
ST_6 : Operation 49 [1/1] (0.00ns)   --->   "%specpipeline_ln0 = specpipeline void @_ssdm_op_SpecPipeline, i32 4294967295, i32 0, i32 1, i32 0, void @p_str"   --->   Operation 49 'specpipeline' 'specpipeline_ln0' <Predicate = true> <Delay = 0.00>
ST_6 : Operation 50 [1/1] (0.00ns)   --->   "%specloopname_ln63 = specloopname void @_ssdm_op_SpecLoopName, void @empty_8" [matmul.cpp:63]   --->   Operation 50 'specloopname' 'specloopname_ln63' <Predicate = true> <Delay = 0.00>
ST_6 : Operation 51 [1/1] (7.30ns)   --->   "%write_ln65 = write void @_ssdm_op_Write.m_axi.p1i16, i64 %mem1_addr, i16 %Matrix_C_BRAM_V_load, i2 3" [matmul.cpp:65]   --->   Operation 51 'write' 'write_ln65' <Predicate = true> <Delay = 7.30> <CoreInst = "m_axi">   --->   Core 113 'm_axi' <Latency = 0> <II = 1> <Delay = 1.00> <Adapter> <Opcode : 'read' 'write' 'readreq' 'writereq' 'writeresp'>
ST_6 : Operation 52 [1/1] (0.00ns)   --->   "%br_ln63 = br void %for.inc146" [matmul.cpp:63]   --->   Operation 52 'br' 'br_ln63' <Predicate = true> <Delay = 0.00>


============================================================
+ Verbose Summary: Binding
============================================================
STG Binding: 
---------------- STG Properties BEGIN ----------------
- Is combinational: 0
- Is one-state seq: 0
- Is datapath-only: 0
- Is pipelined: 0
- Is top level: 0
Port [ Return ] is wired: 1; IO mode=ap_ctrl_hs:ce=0
Port [ mem1]:  wired=1; compound=1; hidden=0; nouse=0; global=0; static=0; extern=0; dir=1; type=4; pingpong=0; private_global=0; IO mode=m_axi:ce=0
Port [ sext_ln61]:  wired=1; compound=0; hidden=0; nouse=0; global=0; static=0; extern=0; dir=0; type=0; pingpong=0; private_global=0; IO mode=ap_none:ce=0
Port [ Matrix_C_BRAM_V]:  wired=1; compound=1; hidden=0; nouse=0; global=0; static=0; extern=0; dir=0; type=1; pingpong=0; private_global=0; MemPort=[13]; IO mode=ap_memory:ce=0
---------------- STG Properties END ------------------

---------------- Datapath Model BEGIN ----------------

<LifeTime>
<method=bitvector/>
c                     (alloca           ) [ 0100000]
r                     (alloca           ) [ 0100000]
indvar_flatten27      (alloca           ) [ 0100000]
sext_ln61_read        (read             ) [ 0000000]
sext_ln61_cast        (sext             ) [ 0111110]
specinterface_ln0     (specinterface    ) [ 0000000]
store_ln0             (store            ) [ 0000000]
store_ln0             (store            ) [ 0000000]
store_ln0             (store            ) [ 0000000]
br_ln0                (br               ) [ 0000000]
indvar_flatten27_load (load             ) [ 0000000]
icmp_ln61             (icmp             ) [ 0111110]
add_ln61_1            (add              ) [ 0000000]
br_ln61               (br               ) [ 0000000]
c_load                (load             ) [ 0000000]
r_load                (load             ) [ 0000000]
add_ln61              (add              ) [ 0000000]
icmp_ln63             (icmp             ) [ 0000000]
select_ln61           (select           ) [ 0111000]
select_ln61_1         (select           ) [ 0000000]
zext_ln65             (zext             ) [ 0111000]
add_ln63              (add              ) [ 0000000]
store_ln63            (store            ) [ 0000000]
store_ln63            (store            ) [ 0000000]
store_ln63            (store            ) [ 0000000]
mul_ln65              (mul              ) [ 0100100]
zext_ln65_1           (zext             ) [ 0100100]
add_ln65              (add              ) [ 0000000]
zext_ln65_2           (zext             ) [ 0000000]
Matrix_C_BRAM_V_addr  (getelementptr    ) [ 0100010]
specbitsmap_ln0       (specbitsmap      ) [ 0000000]
mem1_addr             (getelementptr    ) [ 0100001]
specpipeline_ln0      (specpipeline     ) [ 0000000]
Matrix_C_BRAM_V_load  (load             ) [ 0100001]
specloopname_ln0      (specloopname     ) [ 0000000]
empty                 (speclooptripcount) [ 0000000]
specpipeline_ln0      (specpipeline     ) [ 0000000]
specloopname_ln63     (specloopname     ) [ 0000000]
write_ln65            (write            ) [ 0000000]
br_ln63               (br               ) [ 0000000]
ret_ln0               (ret              ) [ 0000000]
</LifeTime>

<model>

<comp_list>
<comp id="0" class="1000" name="mem1">
<pin_list>
<pin id="1" dir="1" index="0" bw="1" slack="0"/>
</pin_list>
<bind>
<StgValue><ssdm name="mem1"/></StgValue>
</bind>
</comp>

<comp id="2" class="1000" name="sext_ln61">
<pin_list>
<pin id="3" dir="1" index="0" bw="1" slack="0"/>
</pin_list>
<bind>
<StgValue><ssdm name="sext_ln61"/></StgValue>
</bind>
</comp>

<comp id="4" class="1000" name="Matrix_C_BRAM_V">
<pin_list>
<pin id="5" dir="1" index="0" bw="1" slack="0"/>
</pin_list>
<bind>
<StgValue><ssdm name="Matrix_C_BRAM_V"/><MemPortTyVec>1 3 </MemPortTyVec>
</StgValue>
</bind>
</comp>

<comp id="6" class="1001" name="const_6">
<pin_list>
<pin id="7" dir="1" index="0" bw="1" slack="0"/>
</pin_list>
<bind>
<StgValue><ssdm name=""/></StgValue>
</bind>
</comp>

<comp id="8" class="1001" name="const_8">
<pin_list>
<pin id="9" dir="1" index="0" bw="1" slack="0"/>
</pin_list>
<bind>
<StgValue><ssdm name="_ssdm_op_Read.ap_auto.i63"/></StgValue>
</bind>
</comp>

<comp id="10" class="1001" name="const_10">
<pin_list>
<pin id="11" dir="1" index="0" bw="1" slack="2147483647"/>
</pin_list>
<bind>
<StgValue><ssdm name="_ssdm_op_SpecInterface"/></StgValue>
</bind>
</comp>

<comp id="12" class="1001" name="const_12">
<pin_list>
<pin id="13" dir="1" index="0" bw="1" slack="2147483647"/>
</pin_list>
<bind>
<StgValue><ssdm name="empty_4"/></StgValue>
</bind>
</comp>

<comp id="14" class="1001" name="const_14">
<pin_list>
<pin id="15" dir="1" index="0" bw="1" slack="2147483647"/>
</pin_list>
<bind>
<StgValue><ssdm name=""/></StgValue>
</bind>
</comp>

<comp id="16" class="1001" name="const_16">
<pin_list>
<pin id="17" dir="1" index="0" bw="1" slack="2147483647"/>
</pin_list>
<bind>
<StgValue><ssdm name="empty_15"/></StgValue>
</bind>
</comp>

<comp id="18" class="1001" name="const_18">
<pin_list>
<pin id="19" dir="1" index="0" bw="1" slack="2147483647"/>
</pin_list>
<bind>
<StgValue><ssdm name=""/></StgValue>
</bind>
</comp>

<comp id="20" class="1001" name="const_20">
<pin_list>
<pin id="21" dir="1" index="0" bw="1" slack="2147483647"/>
</pin_list>
<bind>
<StgValue><ssdm name="empty_16"/></StgValue>
</bind>
</comp>

<comp id="22" class="1001" name="const_22">
<pin_list>
<pin id="23" dir="1" index="0" bw="1" slack="2147483647"/>
</pin_list>
<bind>
<StgValue><ssdm name="empty_17"/></StgValue>
</bind>
</comp>

<comp id="24" class="1001" name="const_24">
<pin_list>
<pin id="25" dir="1" index="0" bw="1" slack="2147483647"/>
</pin_list>
<bind>
<StgValue><ssdm name=""/></StgValue>
</bind>
</comp>

<comp id="26" class="1001" name="const_26">
<pin_list>
<pin id="27" dir="1" index="0" bw="1" slack="2147483647"/>
</pin_list>
<bind>
<StgValue><ssdm name=""/></StgValue>
</bind>
</comp>

<comp id="28" class="1001" name="const_28">
<pin_list>
<pin id="29" dir="1" index="0" bw="1" slack="0"/>
</pin_list>
<bind>
<StgValue><ssdm name=""/></StgValue>
</bind>
</comp>

<comp id="30" class="1001" name="const_30">
<pin_list>
<pin id="31" dir="1" index="0" bw="1" slack="0"/>
</pin_list>
<bind>
<StgValue><ssdm name=""/></StgValue>
</bind>
</comp>

<comp id="32" class="1001" name="const_32">
<pin_list>
<pin id="33" dir="1" index="0" bw="1" slack="0"/>
</pin_list>
<bind>
<StgValue><ssdm name=""/></StgValue>
</bind>
</comp>

<comp id="34" class="1001" name="const_34">
<pin_list>
<pin id="35" dir="1" index="0" bw="1" slack="0"/>
</pin_list>
<bind>
<StgValue><ssdm name=""/></StgValue>
</bind>
</comp>

<comp id="36" class="1001" name="const_36">
<pin_list>
<pin id="37" dir="1" index="0" bw="1" slack="0"/>
</pin_list>
<bind>
<StgValue><ssdm name=""/></StgValue>
</bind>
</comp>

<comp id="38" class="1001" name="const_38">
<pin_list>
<pin id="39" dir="1" index="0" bw="1" slack="0"/>
</pin_list>
<bind>
<StgValue><ssdm name=""/></StgValue>
</bind>
</comp>

<comp id="40" class="1001" name="const_40">
<pin_list>
<pin id="41" dir="1" index="0" bw="1" slack="0"/>
</pin_list>
<bind>
<StgValue><ssdm name=""/></StgValue>
</bind>
</comp>

<comp id="42" class="1001" name="const_42">
<pin_list>
<pin id="43" dir="1" index="0" bw="1" slack="0"/>
</pin_list>
<bind>
<StgValue><ssdm name=""/></StgValue>
</bind>
</comp>

<comp id="44" class="1001" name="const_44">
<pin_list>
<pin id="45" dir="1" index="0" bw="1" slack="0"/>
</pin_list>
<bind>
<StgValue><ssdm name=""/></StgValue>
</bind>
</comp>

<comp id="46" class="1001" name="const_46">
<pin_list>
<pin id="47" dir="1" index="0" bw="1" slack="0"/>
</pin_list>
<bind>
<StgValue><ssdm name=""/></StgValue>
</bind>
</comp>

<comp id="48" class="1001" name="const_48">
<pin_list>
<pin id="49" dir="1" index="0" bw="1" slack="2147483647"/>
</pin_list>
<bind>
<StgValue><ssdm name="_ssdm_op_SpecBitsMap"/></StgValue>
</bind>
</comp>

<comp id="50" class="1001" name="const_50">
<pin_list>
<pin id="51" dir="1" index="0" bw="1" slack="2147483647"/>
</pin_list>
<bind>
<StgValue><ssdm name="_ssdm_op_SpecPipeline"/></StgValue>
</bind>
</comp>

<comp id="52" class="1001" name="const_52">
<pin_list>
<pin id="53" dir="1" index="0" bw="1" slack="2147483647"/>
</pin_list>
<bind>
<StgValue><ssdm name="p_str"/></StgValue>
</bind>
</comp>

<comp id="54" class="1001" name="const_54">
<pin_list>
<pin id="55" dir="1" index="0" bw="1" slack="2147483647"/>
</pin_list>
<bind>
<StgValue><ssdm name="_ssdm_op_SpecLoopName"/></StgValue>
</bind>
</comp>

<comp id="56" class="1001" name="const_56">
<pin_list>
<pin id="57" dir="1" index="0" bw="1" slack="2147483647"/>
</pin_list>
<bind>
<StgValue><ssdm name="VITIS_LOOP_61_10_VITIS_LOOP_63_11_str"/></StgValue>
</bind>
</comp>

<comp id="58" class="1001" name="const_58">
<pin_list>
<pin id="59" dir="1" index="0" bw="1" slack="2147483647"/>
</pin_list>
<bind>
<StgValue><ssdm name="_ssdm_op_SpecLoopTripCount"/></StgValue>
</bind>
</comp>

<comp id="60" class="1001" name="const_60">
<pin_list>
<pin id="61" dir="1" index="0" bw="1" slack="2147483647"/>
</pin_list>
<bind>
<StgValue><ssdm name=""/></StgValue>
</bind>
</comp>

<comp id="62" class="1001" name="const_62">
<pin_list>
<pin id="63" dir="1" index="0" bw="1" slack="2147483647"/>
</pin_list>
<bind>
<StgValue><ssdm name="empty_8"/></StgValue>
</bind>
</comp>

<comp id="64" class="1001" name="const_64">
<pin_list>
<pin id="65" dir="1" index="0" bw="1" slack="0"/>
</pin_list>
<bind>
<StgValue><ssdm name="_ssdm_op_Write.m_axi.p1i16"/></StgValue>
</bind>
</comp>

<comp id="66" class="1001" name="const_66">
<pin_list>
<pin id="67" dir="1" index="0" bw="1" slack="0"/>
</pin_list>
<bind>
<StgValue><ssdm name=""/></StgValue>
</bind>
</comp>

<comp id="68" class="1004" name="c_fu_68">
<pin_list>
<pin id="69" dir="0" index="0" bw="1" slack="0"/>
<pin id="70" dir="1" index="1" bw="8" slack="0"/>
</pin_list>
<bind>
<opcode="alloca(26) " fcode="alloca"/>
<opset="c/1 "/>
</bind>
</comp>

<comp id="72" class="1004" name="r_fu_72">
<pin_list>
<pin id="73" dir="0" index="0" bw="1" slack="0"/>
<pin id="74" dir="1" index="1" bw="7" slack="0"/>
</pin_list>
<bind>
<opcode="alloca(26) " fcode="alloca"/>
<opset="r/1 "/>
</bind>
</comp>

<comp id="76" class="1004" name="indvar_flatten27_fu_76">
<pin_list>
<pin id="77" dir="0" index="0" bw="1" slack="0"/>
<pin id="78" dir="1" index="1" bw="15" slack="0"/>
</pin_list>
<bind>
<opcode="alloca(26) " fcode="alloca"/>
<opset="indvar_flatten27/1 "/>
</bind>
</comp>

<comp id="80" class="1004" name="sext_ln61_read_read_fu_80">
<pin_list>
<pin id="81" dir="0" index="0" bw="63" slack="0"/>
<pin id="82" dir="0" index="1" bw="63" slack="0"/>
<pin id="83" dir="1" index="2" bw="63" slack="0"/>
</pin_list>
<bind>
<opcode="read(1150) " fcode="read"/>
<opset="sext_ln61_read/1 "/>
</bind>
</comp>

<comp id="86" class="1004" name="write_ln65_write_fu_86">
<pin_list>
<pin id="87" dir="0" index="0" bw="0" slack="0"/>
<pin id="88" dir="0" index="1" bw="16" slack="1"/>
<pin id="89" dir="0" index="2" bw="16" slack="1"/>
<pin id="90" dir="0" index="3" bw="1" slack="0"/>
<pin id="91" dir="1" index="4" bw="0" slack="2147483647"/>
</pin_list>
<bind>
<opcode="write(1151) " fcode="write"/>
<opset="write_ln65/6 "/>
</bind>
</comp>

<comp id="94" class="1004" name="Matrix_C_BRAM_V_addr_gep_fu_94">
<pin_list>
<pin id="95" dir="0" index="0" bw="16" slack="0"/>
<pin id="96" dir="0" index="1" bw="1" slack="0"/>
<pin id="97" dir="0" index="2" bw="15" slack="0"/>
<pin id="98" dir="1" index="3" bw="15" slack="0"/>
</pin_list>
<bind>
<opcode="getelementptr(29) " fcode="getelementptr"/>
<opset="Matrix_C_BRAM_V_addr/4 "/>
</bind>
</comp>

<comp id="101" class="1004" name="grp_access_fu_101">
<pin_list>
<pin id="102" dir="0" index="0" bw="15" slack="0"/>
<pin id="103" dir="0" index="1" bw="16" slack="2147483647"/>
<pin id="104" dir="0" index="2" bw="0" slack="2147483647"/>
<pin id="105" dir="1" index="3" bw="16" slack="1"/>
</pin_list>
<bind>
<opcode="load(27) " fcode="load"/>
<opset="Matrix_C_BRAM_V_load/4 "/>
</bind>
</comp>

<comp id="107" class="1004" name="sext_ln61_cast_fu_107">
<pin_list>
<pin id="108" dir="0" index="0" bw="63" slack="0"/>
<pin id="109" dir="1" index="1" bw="64" slack="4"/>
</pin_list>
<bind>
<opcode="sext(35) " fcode="sext"/>
<opset="sext_ln61_cast/1 "/>
</bind>
</comp>

<comp id="111" class="1004" name="store_ln0_store_fu_111">
<pin_list>
<pin id="112" dir="0" index="0" bw="1" slack="0"/>
<pin id="113" dir="0" index="1" bw="15" slack="0"/>
<pin id="114" dir="1" index="2" bw="0" slack="2147483647"/>
</pin_list>
<bind>
<opcode="store(28) " fcode="store"/>
<opset="store_ln0/1 "/>
</bind>
</comp>

<comp id="116" class="1004" name="store_ln0_store_fu_116">
<pin_list>
<pin id="117" dir="0" index="0" bw="1" slack="0"/>
<pin id="118" dir="0" index="1" bw="7" slack="0"/>
<pin id="119" dir="1" index="2" bw="0" slack="2147483647"/>
</pin_list>
<bind>
<opcode="store(28) " fcode="store"/>
<opset="store_ln0/1 "/>
</bind>
</comp>

<comp id="121" class="1004" name="store_ln0_store_fu_121">
<pin_list>
<pin id="122" dir="0" index="0" bw="1" slack="0"/>
<pin id="123" dir="0" index="1" bw="8" slack="0"/>
<pin id="124" dir="1" index="2" bw="0" slack="2147483647"/>
</pin_list>
<bind>
<opcode="store(28) " fcode="store"/>
<opset="store_ln0/1 "/>
</bind>
</comp>

<comp id="126" class="1004" name="indvar_flatten27_load_load_fu_126">
<pin_list>
<pin id="127" dir="0" index="0" bw="15" slack="0"/>
<pin id="128" dir="1" index="1" bw="15" slack="0"/>
</pin_list>
<bind>
<opcode="load(27) " fcode="load"/>
<opset="indvar_flatten27_load/1 "/>
</bind>
</comp>

<comp id="129" class="1004" name="icmp_ln61_fu_129">
<pin_list>
<pin id="130" dir="0" index="0" bw="15" slack="0"/>
<pin id="131" dir="0" index="1" bw="15" slack="0"/>
<pin id="132" dir="1" index="2" bw="1" slack="1"/>
</pin_list>
<bind>
<opcode="icmp(45) " fcode="icmp"/>
<opset="icmp_ln61/1 "/>
</bind>
</comp>

<comp id="135" class="1004" name="add_ln61_1_fu_135">
<pin_list>
<pin id="136" dir="0" index="0" bw="15" slack="0"/>
<pin id="137" dir="0" index="1" bw="1" slack="0"/>
<pin id="138" dir="1" index="2" bw="15" slack="0"/>
</pin_list>
<bind>
<opcode="add(8) " fcode="add"/>
<opset="add_ln61_1/1 "/>
</bind>
</comp>

<comp id="141" class="1004" name="c_load_load_fu_141">
<pin_list>
<pin id="142" dir="0" index="0" bw="8" slack="0"/>
<pin id="143" dir="1" index="1" bw="8" slack="0"/>
</pin_list>
<bind>
<opcode="load(27) " fcode="load"/>
<opset="c_load/1 "/>
</bind>
</comp>

<comp id="144" class="1004" name="r_load_load_fu_144">
<pin_list>
<pin id="145" dir="0" index="0" bw="7" slack="0"/>
<pin id="146" dir="1" index="1" bw="7" slack="0"/>
</pin_list>
<bind>
<opcode="load(27) " fcode="load"/>
<opset="r_load/1 "/>
</bind>
</comp>

<comp id="147" class="1004" name="add_ln61_fu_147">
<pin_list>
<pin id="148" dir="0" index="0" bw="7" slack="0"/>
<pin id="149" dir="0" index="1" bw="1" slack="0"/>
<pin id="150" dir="1" index="2" bw="7" slack="0"/>
</pin_list>
<bind>
<opcode="add(8) " fcode="add"/>
<opset="add_ln61/1 "/>
</bind>
</comp>

<comp id="153" class="1004" name="icmp_ln63_fu_153">
<pin_list>
<pin id="154" dir="0" index="0" bw="8" slack="0"/>
<pin id="155" dir="0" index="1" bw="8" slack="0"/>
<pin id="156" dir="1" index="2" bw="1" slack="0"/>
</pin_list>
<bind>
<opcode="icmp(45) " fcode="icmp"/>
<opset="icmp_ln63/1 "/>
</bind>
</comp>

<comp id="159" class="1004" name="select_ln61_fu_159">
<pin_list>
<pin id="160" dir="0" index="0" bw="1" slack="0"/>
<pin id="161" dir="0" index="1" bw="8" slack="0"/>
<pin id="162" dir="0" index="2" bw="8" slack="0"/>
<pin id="163" dir="1" index="3" bw="8" slack="0"/>
</pin_list>
<bind>
<opcode="select(49) " fcode="select"/>
<opset="select_ln61/1 "/>
</bind>
</comp>

<comp id="167" class="1004" name="select_ln61_1_fu_167">
<pin_list>
<pin id="168" dir="0" index="0" bw="1" slack="0"/>
<pin id="169" dir="0" index="1" bw="7" slack="0"/>
<pin id="170" dir="0" index="2" bw="7" slack="0"/>
<pin id="171" dir="1" index="3" bw="7" slack="0"/>
</pin_list>
<bind>
<opcode="select(49) " fcode="select"/>
<opset="select_ln61_1/1 "/>
</bind>
</comp>

<comp id="175" class="1004" name="zext_ln65_fu_175">
<pin_list>
<pin id="176" dir="0" index="0" bw="7" slack="0"/>
<pin id="177" dir="1" index="1" bw="15" slack="0"/>
</pin_list>
<bind>
<opcode="zext(34) " fcode="zext"/>
<opset="zext_ln65/1 "/>
</bind>
</comp>

<comp id="179" class="1004" name="add_ln63_fu_179">
<pin_list>
<pin id="180" dir="0" index="0" bw="8" slack="0"/>
<pin id="181" dir="0" index="1" bw="1" slack="0"/>
<pin id="182" dir="1" index="2" bw="8" slack="0"/>
</pin_list>
<bind>
<opcode="add(8) " fcode="add"/>
<opset="add_ln63/1 "/>
</bind>
</comp>

<comp id="185" class="1004" name="store_ln63_store_fu_185">
<pin_list>
<pin id="186" dir="0" index="0" bw="15" slack="0"/>
<pin id="187" dir="0" index="1" bw="15" slack="0"/>
<pin id="188" dir="1" index="2" bw="0" slack="2147483647"/>
</pin_list>
<bind>
<opcode="store(28) " fcode="store"/>
<opset="store_ln63/1 "/>
</bind>
</comp>

<comp id="190" class="1004" name="store_ln63_store_fu_190">
<pin_list>
<pin id="191" dir="0" index="0" bw="7" slack="0"/>
<pin id="192" dir="0" index="1" bw="7" slack="0"/>
<pin id="193" dir="1" index="2" bw="0" slack="2147483647"/>
</pin_list>
<bind>
<opcode="store(28) " fcode="store"/>
<opset="store_ln63/1 "/>
</bind>
</comp>

<comp id="195" class="1004" name="store_ln63_store_fu_195">
<pin_list>
<pin id="196" dir="0" index="0" bw="8" slack="0"/>
<pin id="197" dir="0" index="1" bw="8" slack="0"/>
<pin id="198" dir="1" index="2" bw="0" slack="2147483647"/>
</pin_list>
<bind>
<opcode="store(28) " fcode="store"/>
<opset="store_ln63/1 "/>
</bind>
</comp>

<comp id="200" class="1004" name="zext_ln65_1_fu_200">
<pin_list>
<pin id="201" dir="0" index="0" bw="8" slack="2"/>
<pin id="202" dir="1" index="1" bw="15" slack="0"/>
</pin_list>
<bind>
<opcode="zext(34) " fcode="zext"/>
<opset="zext_ln65_1/3 "/>
</bind>
</comp>

<comp id="203" class="1004" name="zext_ln65_2_fu_203">
<pin_list>
<pin id="204" dir="0" index="0" bw="15" slack="0"/>
<pin id="205" dir="1" index="1" bw="64" slack="0"/>
</pin_list>
<bind>
<opcode="zext(34) " fcode="zext"/>
<opset="zext_ln65_2/4 "/>
</bind>
</comp>

<comp id="207" class="1004" name="mem1_addr_fu_207">
<pin_list>
<pin id="208" dir="0" index="0" bw="64" slack="0"/>
<pin id="209" dir="0" index="1" bw="64" slack="4"/>
<pin id="210" dir="1" index="2" bw="64" slack="1"/>
</pin_list>
<bind>
<opcode="getelementptr(29) " fcode="getelementptr"/>
<opset="mem1_addr/5 "/>
</bind>
</comp>

<comp id="212" class="1007" name="grp_fu_212">
<pin_list>
<pin id="213" dir="0" index="0" bw="7" slack="0"/>
<pin id="214" dir="0" index="1" bw="8" slack="0"/>
<pin id="215" dir="0" index="2" bw="8" slack="0"/>
<pin id="216" dir="1" index="3" bw="15" slack="0"/>
</pin_list>
<bind>
<opcode="muladd(1172) " fcode="muladd"/>
<opset="mul_ln65/1 add_ln65/3 "/>
</bind>
</comp>

<comp id="221" class="1005" name="c_reg_221">
<pin_list>
<pin id="222" dir="0" index="0" bw="8" slack="0"/>
<pin id="223" dir="1" index="1" bw="8" slack="0"/>
</pin_list>
<bind>
<opset="c "/>
</bind>
</comp>

<comp id="228" class="1005" name="r_reg_228">
<pin_list>
<pin id="229" dir="0" index="0" bw="7" slack="0"/>
<pin id="230" dir="1" index="1" bw="7" slack="0"/>
</pin_list>
<bind>
<opset="r "/>
</bind>
</comp>

<comp id="235" class="1005" name="indvar_flatten27_reg_235">
<pin_list>
<pin id="236" dir="0" index="0" bw="15" slack="0"/>
<pin id="237" dir="1" index="1" bw="15" slack="0"/>
</pin_list>
<bind>
<opset="indvar_flatten27 "/>
</bind>
</comp>

<comp id="242" class="1005" name="sext_ln61_cast_reg_242">
<pin_list>
<pin id="243" dir="0" index="0" bw="64" slack="4"/>
<pin id="244" dir="1" index="1" bw="64" slack="4"/>
</pin_list>
<bind>
<opset="sext_ln61_cast "/>
</bind>
</comp>

<comp id="247" class="1005" name="icmp_ln61_reg_247">
<pin_list>
<pin id="248" dir="0" index="0" bw="1" slack="1"/>
<pin id="249" dir="1" index="1" bw="1" slack="2147483647"/>
</pin_list>
<bind>
<opset="icmp_ln61 "/>
</bind>
</comp>

<comp id="251" class="1005" name="select_ln61_reg_251">
<pin_list>
<pin id="252" dir="0" index="0" bw="8" slack="2"/>
<pin id="253" dir="1" index="1" bw="8" slack="2"/>
</pin_list>
<bind>
<opset="select_ln61 "/>
</bind>
</comp>

<comp id="256" class="1005" name="zext_ln65_reg_256">
<pin_list>
<pin id="257" dir="0" index="0" bw="15" slack="1"/>
<pin id="258" dir="1" index="1" bw="15" slack="1"/>
</pin_list>
<bind>
<opset="zext_ln65 "/>
</bind>
</comp>

<comp id="261" class="1005" name="zext_ln65_1_reg_261">
<pin_list>
<pin id="262" dir="0" index="0" bw="15" slack="1"/>
<pin id="263" dir="1" index="1" bw="15" slack="1"/>
</pin_list>
<bind>
<opset="zext_ln65_1 "/>
</bind>
</comp>

<comp id="266" class="1005" name="Matrix_C_BRAM_V_addr_reg_266">
<pin_list>
<pin id="267" dir="0" index="0" bw="15" slack="1"/>
<pin id="268" dir="1" index="1" bw="15" slack="1"/>
</pin_list>
<bind>
<opset="Matrix_C_BRAM_V_addr "/>
</bind>
</comp>

<comp id="271" class="1005" name="mem1_addr_reg_271">
<pin_list>
<pin id="272" dir="0" index="0" bw="16" slack="1"/>
<pin id="273" dir="1" index="1" bw="16" slack="1"/>
</pin_list>
<bind>
<opset="mem1_addr "/>
</bind>
</comp>

<comp id="276" class="1005" name="Matrix_C_BRAM_V_load_reg_276">
<pin_list>
<pin id="277" dir="0" index="0" bw="16" slack="1"/>
<pin id="278" dir="1" index="1" bw="16" slack="1"/>
</pin_list>
<bind>
<opset="Matrix_C_BRAM_V_load "/>
</bind>
</comp>

</comp_list>

<net_list>
<net id="71"><net_src comp="6" pin="0"/><net_sink comp="68" pin=0"/></net>

<net id="75"><net_src comp="6" pin="0"/><net_sink comp="72" pin=0"/></net>

<net id="79"><net_src comp="6" pin="0"/><net_sink comp="76" pin=0"/></net>

<net id="84"><net_src comp="8" pin="0"/><net_sink comp="80" pin=0"/></net>

<net id="85"><net_src comp="2" pin="0"/><net_sink comp="80" pin=1"/></net>

<net id="92"><net_src comp="64" pin="0"/><net_sink comp="86" pin=0"/></net>

<net id="93"><net_src comp="66" pin="0"/><net_sink comp="86" pin=3"/></net>

<net id="99"><net_src comp="4" pin="0"/><net_sink comp="94" pin=0"/></net>

<net id="100"><net_src comp="46" pin="0"/><net_sink comp="94" pin=1"/></net>

<net id="106"><net_src comp="94" pin="3"/><net_sink comp="101" pin=0"/></net>

<net id="110"><net_src comp="80" pin="2"/><net_sink comp="107" pin=0"/></net>

<net id="115"><net_src comp="28" pin="0"/><net_sink comp="111" pin=0"/></net>

<net id="120"><net_src comp="30" pin="0"/><net_sink comp="116" pin=0"/></net>

<net id="125"><net_src comp="32" pin="0"/><net_sink comp="121" pin=0"/></net>

<net id="133"><net_src comp="126" pin="1"/><net_sink comp="129" pin=0"/></net>

<net id="134"><net_src comp="34" pin="0"/><net_sink comp="129" pin=1"/></net>

<net id="139"><net_src comp="126" pin="1"/><net_sink comp="135" pin=0"/></net>

<net id="140"><net_src comp="36" pin="0"/><net_sink comp="135" pin=1"/></net>

<net id="151"><net_src comp="144" pin="1"/><net_sink comp="147" pin=0"/></net>

<net id="152"><net_src comp="38" pin="0"/><net_sink comp="147" pin=1"/></net>

<net id="157"><net_src comp="141" pin="1"/><net_sink comp="153" pin=0"/></net>

<net id="158"><net_src comp="40" pin="0"/><net_sink comp="153" pin=1"/></net>

<net id="164"><net_src comp="153" pin="2"/><net_sink comp="159" pin=0"/></net>

<net id="165"><net_src comp="32" pin="0"/><net_sink comp="159" pin=1"/></net>

<net id="166"><net_src comp="141" pin="1"/><net_sink comp="159" pin=2"/></net>

<net id="172"><net_src comp="153" pin="2"/><net_sink comp="167" pin=0"/></net>

<net id="173"><net_src comp="147" pin="2"/><net_sink comp="167" pin=1"/></net>

<net id="174"><net_src comp="144" pin="1"/><net_sink comp="167" pin=2"/></net>

<net id="178"><net_src comp="167" pin="3"/><net_sink comp="175" pin=0"/></net>

<net id="183"><net_src comp="159" pin="3"/><net_sink comp="179" pin=0"/></net>

<net id="184"><net_src comp="44" pin="0"/><net_sink comp="179" pin=1"/></net>

<net id="189"><net_src comp="135" pin="2"/><net_sink comp="185" pin=0"/></net>

<net id="194"><net_src comp="167" pin="3"/><net_sink comp="190" pin=0"/></net>

<net id="199"><net_src comp="179" pin="2"/><net_sink comp="195" pin=0"/></net>

<net id="206"><net_src comp="203" pin="1"/><net_sink comp="94" pin=2"/></net>

<net id="211"><net_src comp="0" pin="0"/><net_sink comp="207" pin=0"/></net>

<net id="217"><net_src comp="175" pin="1"/><net_sink comp="212" pin=0"/></net>

<net id="218"><net_src comp="42" pin="0"/><net_sink comp="212" pin=1"/></net>

<net id="219"><net_src comp="200" pin="1"/><net_sink comp="212" pin=2"/></net>

<net id="220"><net_src comp="212" pin="3"/><net_sink comp="203" pin=0"/></net>

<net id="224"><net_src comp="68" pin="1"/><net_sink comp="221" pin=0"/></net>

<net id="225"><net_src comp="221" pin="1"/><net_sink comp="121" pin=1"/></net>

<net id="226"><net_src comp="221" pin="1"/><net_sink comp="141" pin=0"/></net>

<net id="227"><net_src comp="221" pin="1"/><net_sink comp="195" pin=1"/></net>

<net id="231"><net_src comp="72" pin="1"/><net_sink comp="228" pin=0"/></net>

<net id="232"><net_src comp="228" pin="1"/><net_sink comp="116" pin=1"/></net>

<net id="233"><net_src comp="228" pin="1"/><net_sink comp="144" pin=0"/></net>

<net id="234"><net_src comp="228" pin="1"/><net_sink comp="190" pin=1"/></net>

<net id="238"><net_src comp="76" pin="1"/><net_sink comp="235" pin=0"/></net>

<net id="239"><net_src comp="235" pin="1"/><net_sink comp="111" pin=1"/></net>

<net id="240"><net_src comp="235" pin="1"/><net_sink comp="126" pin=0"/></net>

<net id="241"><net_src comp="235" pin="1"/><net_sink comp="185" pin=1"/></net>

<net id="245"><net_src comp="107" pin="1"/><net_sink comp="242" pin=0"/></net>

<net id="246"><net_src comp="242" pin="1"/><net_sink comp="207" pin=1"/></net>

<net id="250"><net_src comp="129" pin="2"/><net_sink comp="247" pin=0"/></net>

<net id="254"><net_src comp="159" pin="3"/><net_sink comp="251" pin=0"/></net>

<net id="255"><net_src comp="251" pin="1"/><net_sink comp="200" pin=0"/></net>

<net id="259"><net_src comp="175" pin="1"/><net_sink comp="256" pin=0"/></net>

<net id="260"><net_src comp="256" pin="1"/><net_sink comp="212" pin=0"/></net>

<net id="264"><net_src comp="200" pin="1"/><net_sink comp="261" pin=0"/></net>

<net id="265"><net_src comp="261" pin="1"/><net_sink comp="212" pin=1"/></net>

<net id="269"><net_src comp="94" pin="3"/><net_sink comp="266" pin=0"/></net>

<net id="270"><net_src comp="266" pin="1"/><net_sink comp="101" pin=0"/></net>

<net id="274"><net_src comp="207" pin="2"/><net_sink comp="271" pin=0"/></net>

<net id="275"><net_src comp="271" pin="1"/><net_sink comp="86" pin=1"/></net>

<net id="279"><net_src comp="101" pin="3"/><net_sink comp="276" pin=0"/></net>

<net id="280"><net_src comp="276" pin="1"/><net_sink comp="86" pin=2"/></net>

</net_list>

</model> 
---------------- Datapath Model END ------------------

* FSMD analyzer results:
  - Output states:
	Port: mem1 | {6 }
 - Input state : 
	Port: matmul_Pipeline_VITIS_LOOP_61_10_VITIS_LOOP_63_11 : mem1 | {}
	Port: matmul_Pipeline_VITIS_LOOP_61_10_VITIS_LOOP_63_11 : sext_ln61 | {1 }
	Port: matmul_Pipeline_VITIS_LOOP_61_10_VITIS_LOOP_63_11 : Matrix_C_BRAM_V | {4 5 }
  - Chain level:
	State 1
		store_ln0 : 1
		store_ln0 : 1
		store_ln0 : 1
		indvar_flatten27_load : 1
		icmp_ln61 : 2
		add_ln61_1 : 2
		br_ln61 : 3
		c_load : 1
		r_load : 1
		add_ln61 : 2
		icmp_ln63 : 2
		select_ln61 : 3
		select_ln61_1 : 3
		zext_ln65 : 4
		mul_ln65 : 5
		add_ln63 : 4
		store_ln63 : 3
		store_ln63 : 4
		store_ln63 : 5
	State 2
	State 3
		add_ln65 : 1
	State 4
		zext_ln65_2 : 1
		Matrix_C_BRAM_V_addr : 2
		Matrix_C_BRAM_V_load : 3
	State 5
	State 6


============================================================
+ Verbose Summary: Datapath Resource usage 
============================================================

* Functional unit list:
|----------|---------------------------|---------|---------|---------|
| Operation|      Functional Unit      |   DSP   |    FF   |   LUT   |
|----------|---------------------------|---------|---------|---------|
|          |     add_ln61_1_fu_135     |    0    |    0    |    20   |
|    add   |      add_ln61_fu_147      |    0    |    0    |    14   |
|          |      add_ln63_fu_179      |    0    |    0    |    15   |
|----------|---------------------------|---------|---------|---------|
|   icmp   |      icmp_ln61_fu_129     |    0    |    0    |    12   |
|          |      icmp_ln63_fu_153     |    0    |    0    |    11   |
|----------|---------------------------|---------|---------|---------|
|  select  |     select_ln61_fu_159    |    0    |    0    |    8    |
|          |    select_ln61_1_fu_167   |    0    |    0    |    7    |
|----------|---------------------------|---------|---------|---------|
|  muladd  |         grp_fu_212        |    1    |    0    |    0    |
|----------|---------------------------|---------|---------|---------|
|   read   | sext_ln61_read_read_fu_80 |    0    |    0    |    0    |
|----------|---------------------------|---------|---------|---------|
|   write  |   write_ln65_write_fu_86  |    0    |    0    |    0    |
|----------|---------------------------|---------|---------|---------|
|   sext   |   sext_ln61_cast_fu_107   |    0    |    0    |    0    |
|----------|---------------------------|---------|---------|---------|
|          |      zext_ln65_fu_175     |    0    |    0    |    0    |
|   zext   |     zext_ln65_1_fu_200    |    0    |    0    |    0    |
|          |     zext_ln65_2_fu_203    |    0    |    0    |    0    |
|----------|---------------------------|---------|---------|---------|
|   Total  |                           |    1    |    0    |    87   |
|----------|---------------------------|---------|---------|---------|

Memories:
N/A

* Register list:
+----------------------------+--------+
|                            |   FF   |
+----------------------------+--------+
|Matrix_C_BRAM_V_addr_reg_266|   15   |
|Matrix_C_BRAM_V_load_reg_276|   16   |
|          c_reg_221         |    8   |
|      icmp_ln61_reg_247     |    1   |
|  indvar_flatten27_reg_235  |   15   |
|      mem1_addr_reg_271     |   16   |
|          r_reg_228         |    7   |
|     select_ln61_reg_251    |    8   |
|   sext_ln61_cast_reg_242   |   64   |
|     zext_ln65_1_reg_261    |   15   |
|      zext_ln65_reg_256     |   15   |
+----------------------------+--------+
|            Total           |   180  |
+----------------------------+--------+

* Multiplexer (MUX) list: 
|-------------------|------|------|------|--------||---------||---------|
|        Comp       |  Pin | Size |  BW  | S x BW ||  Delay  ||   LUT   |
|-------------------|------|------|------|--------||---------||---------|
| grp_access_fu_101 |  p0  |   2  |  15  |   30   ||    9    |
|     grp_fu_212    |  p0  |   2  |   7  |   14   ||    9    |
|     grp_fu_212    |  p1  |   2  |   8  |   16   ||    9    |
|-------------------|------|------|------|--------||---------||---------|
|       Total       |      |      |      |   60   ||  4.764  ||    27   |
|-------------------|------|------|------|--------||---------||---------|



* Summary:
+-----------+--------+--------+--------+--------+
|           |   DSP  |  Delay |   FF   |   LUT  |
+-----------+--------+--------+--------+--------+
|  Function |    1   |    -   |    0   |   87   |
|   Memory  |    -   |    -   |    -   |    -   |
|Multiplexer|    -   |    4   |    -   |   27   |
|  Register |    -   |    -   |   180  |    -   |
+-----------+--------+--------+--------+--------+
|   Total   |    1   |    4   |   180  |   114  |
+-----------+--------+--------+--------+--------+
