remark: matmul.cpp:7:0: Unrolling loop 'VITIS_LOOP_61_9' (matmul.cpp:61:30) in function 'matmul' partially with a factor of 15
remark: matmul.cpp:16:13: Applying array_partition to 'Matrix_B_BRAM': Complete partitioning on dimension 1.
remark: <unknown>:0:0: Aggregating maxi variable 'Matrix_C_DRAM' with compact=none mode in 16-bits
remark: <unknown>:0:0: Aggregating maxi variable 'Matrix_B_DRAM' with compact=none mode in 16-bits
remark: <unknown>:0:0: Aggregating maxi variable 'Matrix_A_DRAM' with compact=none mode in 16-bits
remark: matmul.cpp:21:19: Sequential read of length 15000 has been inferred _XLX_SEP_ OldID=for.inc.load.6,  _XLX_SEP_ Matrix_A_DRAM1seq Matrix_A_DRAM mem1 VITIS_LOOP_21_1 matmul.cpp:21:19 matmul(ap_int<16> (*) [150], ap_int<16> (*) [200], ap_int<16> (*) [200]) 
remark: matmul.cpp:32:22: Sequential read of length 30000 has been inferred _XLX_SEP_ OldID=for.inc66.load.305,  _XLX_SEP_ Matrix_B_DRAM2seq Matrix_B_DRAM mem2 VITIS_LOOP_32_3 matmul.cpp:32:22 matmul(ap_int<16> (*) [150], ap_int<16> (*) [200], ap_int<16> (*) [200]) 
remark: matmul.cpp:71:23: Sequential write of length 20000 has been inferred _XLX_SEP_ OldID=for.inc146.store.8,  _XLX_SEP_ Matrix_C_DRAM3seq Matrix_C_DRAM mem1 VITIS_LOOP_71_10 matmul.cpp:71:23 matmul(ap_int<16> (*) [150], ap_int<16> (*) [200], ap_int<16> (*) [200]) 
remark: matmul.cpp:71:23: Could not widen since type i16 size is greater than or equal to the max_widen_bitwidth threshold of 0 _XLX_SEP_ Matrix_C_DRAM3seq Matrix_C_DRAM mem1 VITIS_LOOP_73_11 matmul.cpp:73:27 matmul(ap_int<16> (*) [150], ap_int<16> (*) [200], ap_int<16> (*) [200]) 
remark: matmul.cpp:32:22: Could not widen since type i16 size is greater than or equal to the max_widen_bitwidth threshold of 0 _XLX_SEP_ Matrix_B_DRAM2seq Matrix_B_DRAM mem2 VITIS_LOOP_34_4 matmul.cpp:34:26 matmul(ap_int<16> (*) [150], ap_int<16> (*) [200], ap_int<16> (*) [200]) 
remark: matmul.cpp:21:19: Could not widen since type i16 size is greater than or equal to the max_widen_bitwidth threshold of 0 _XLX_SEP_ Matrix_A_DRAM1seq Matrix_A_DRAM mem1 VITIS_LOOP_23_2 matmul.cpp:23:26 matmul(ap_int<16> (*) [150], ap_int<16> (*) [200], ap_int<16> (*) [200]) 
remark: matmul.cpp:0:1: array_partition dim=2 type=cyclic factor=15 variable=Matrix_A_BRAM 1 matmul matmul.cpp:15:10 matmul.cpp:63:9Matrix_A_BRAM 
remark: matmul.cpp:63:9: Inferring pragma 'array_partition type=cyclic factor=15 dim=2' for array 'Matrix_A_BRAM' due to pipeline pragma
remark: matmul.cpp:15:10: Applying array_partition to 'Matrix_A_BRAM': Cyclic partitioning with factor 15 on dimension 2.
remark: matmul.cpp:21:19: Multiple burst reads of length 15000 and bit width 16 has been inferred. These burst requests might be further partitioned into multiple requests during RTL generation, based on max_read_burst_length or max_write_burst_length settings. _XLX_SEP_ seq  mem1 VITIS_LOOP_21_1 matmul.cpp:21:19 matmul(ap_int<16> (*) [150], ap_int<16> (*) [200], ap_int<16> (*) [200]) 
remark: matmul.cpp:21:19: Multiple burst reads of length 15000 and bit width 16 in loop 'VITIS_LOOP_21_1'(matmul.cpp:21:19) has been inferred on bundle 'mem1'. These burst requests might be further partitioned into multiple requests during RTL generation, based on max_read_burst_length or max_write_burst_length settings.
remark: matmul.cpp:32:22: Multiple burst reads of length 30000 and bit width 16 has been inferred. These burst requests might be further partitioned into multiple requests during RTL generation, based on max_read_burst_length or max_write_burst_length settings. _XLX_SEP_ seq1  mem2 VITIS_LOOP_32_3 matmul.cpp:32:22 matmul(ap_int<16> (*) [150], ap_int<16> (*) [200], ap_int<16> (*) [200]) 
remark: matmul.cpp:32:22: Multiple burst reads of length 30000 and bit width 16 in loop 'VITIS_LOOP_32_3'(matmul.cpp:32:22) has been inferred on bundle 'mem2'. These burst requests might be further partitioned into multiple requests during RTL generation, based on max_read_burst_length or max_write_burst_length settings.
remark: matmul.cpp:71:23: Multiple burst writes of length 20000 and bit width 16 has been inferred. These burst requests might be further partitioned into multiple requests during RTL generation, based on max_read_burst_length or max_write_burst_length settings. _XLX_SEP_ seq2  mem1 VITIS_LOOP_71_10 matmul.cpp:71:23 matmul(ap_int<16> (*) [150], ap_int<16> (*) [200], ap_int<16> (*) [200]) 
remark: matmul.cpp:71:23: Multiple burst writes of length 20000 and bit width 16 in loop 'VITIS_LOOP_71_10'(matmul.cpp:71:23) has been inferred on bundle 'mem1'. These burst requests might be further partitioned into multiple requests during RTL generation, based on max_read_burst_length or max_write_burst_length settings.
