/home/ykim131_588fa26/Desktop/ECE588/ECE588_fa2026_Lab03/part1/vitis.prj/solution1/.autopilot/db/matmul.pp.0.cpp:3575:7: warning: Added loop label VITIS_LOOP_1211_1:   [xilinx-label-all-loops]
      for (i = 0; i < __N - 1; ++i) {
      ^~~
      VITIS_LOOP_1211_1: 
/home/ykim131_588fa26/Desktop/ECE588/ECE588_fa2026_Lab03/part1/vitis.prj/solution1/.autopilot/db/matmul.pp.0.cpp:3575:7: note: FIX-IT applied suggested code changes
/home/ykim131_588fa26/Desktop/ECE588/ECE588_fa2026_Lab03/part1/vitis.prj/solution1/.autopilot/db/matmul.pp.0.cpp:4549:5: warning: Added loop label VITIS_LOOP_676_1:   [xilinx-label-all-loops]
    for (unsigned i = low; i != high; ++i) {
    ^~~
    VITIS_LOOP_676_1: 
/home/ykim131_588fa26/Desktop/ECE588/ECE588_fa2026_Lab03/part1/vitis.prj/solution1/.autopilot/db/matmul.pp.0.cpp:4549:5: note: FIX-IT applied suggested code changes
/home/ykim131_588fa26/Desktop/ECE588/ECE588_fa2026_Lab03/part1/vitis.prj/solution1/.autopilot/db/matmul.pp.0.cpp:4563:5: warning: Added loop label VITIS_LOOP_690_1:   [xilinx-label-all-loops]
    for (unsigned i = low; i != high; ++i) {
    ^~~
    VITIS_LOOP_690_1: 
/home/ykim131_588fa26/Desktop/ECE588/ECE588_fa2026_Lab03/part1/vitis.prj/solution1/.autopilot/db/matmul.pp.0.cpp:4563:5: note: FIX-IT applied suggested code changes
/home/ykim131_588fa26/Desktop/ECE588/ECE588_fa2026_Lab03/part1/vitis.prj/solution1/.autopilot/db/matmul.pp.0.cpp:4577:5: warning: Added loop label VITIS_LOOP_704_1:   [xilinx-label-all-loops]
    for (unsigned i = low; i != high; ++i) {
    ^~~
    VITIS_LOOP_704_1: 
/home/ykim131_588fa26/Desktop/ECE588/ECE588_fa2026_Lab03/part1/vitis.prj/solution1/.autopilot/db/matmul.pp.0.cpp:4577:5: note: FIX-IT applied suggested code changes
/home/ykim131_588fa26/Desktop/ECE588/ECE588_fa2026_Lab03/part1/vitis.prj/solution1/.autopilot/db/matmul.pp.0.cpp:6188:7: warning: Added loop label VITIS_LOOP_1245_1:   [xilinx-label-all-loops]
      for (i = 0; i < __N - 1; ++i) {
      ^~~
      VITIS_LOOP_1245_1: 
/home/ykim131_588fa26/Desktop/ECE588/ECE588_fa2026_Lab03/part1/vitis.prj/solution1/.autopilot/db/matmul.pp.0.cpp:6188:7: note: FIX-IT applied suggested code changes
/home/ykim131_588fa26/Desktop/ECE588/ECE588_fa2026_Lab03/part1/vitis.prj/solution1/.autopilot/db/matmul.pp.0.cpp:7998:2: warning: Added loop label VITIS_LOOP_21_1:   [xilinx-label-all-loops]
 for (int r = 0; r < 100; r++)
 ^~~
 VITIS_LOOP_21_1: 
/home/ykim131_588fa26/Desktop/ECE588/ECE588_fa2026_Lab03/part1/vitis.prj/solution1/.autopilot/db/matmul.pp.0.cpp:7998:2: note: FIX-IT applied suggested code changes
/home/ykim131_588fa26/Desktop/ECE588/ECE588_fa2026_Lab03/part1/vitis.prj/solution1/.autopilot/db/matmul.pp.0.cpp:8000:9: warning: Added loop label VITIS_LOOP_23_2:   [xilinx-label-all-loops]
        for (int c = 0; c < 150; c++)
        ^~~
        VITIS_LOOP_23_2: 
/home/ykim131_588fa26/Desktop/ECE588/ECE588_fa2026_Lab03/part1/vitis.prj/solution1/.autopilot/db/matmul.pp.0.cpp:8000:9: note: FIX-IT applied suggested code changes
/home/ykim131_588fa26/Desktop/ECE588/ECE588_fa2026_Lab03/part1/vitis.prj/solution1/.autopilot/db/matmul.pp.0.cpp:8009:5: warning: Added loop label VITIS_LOOP_32_3:   [xilinx-label-all-loops]
    for (int r = 0; r < 150; r++)
    ^~~
    VITIS_LOOP_32_3: 
/home/ykim131_588fa26/Desktop/ECE588/ECE588_fa2026_Lab03/part1/vitis.prj/solution1/.autopilot/db/matmul.pp.0.cpp:8009:5: note: FIX-IT applied suggested code changes
/home/ykim131_588fa26/Desktop/ECE588/ECE588_fa2026_Lab03/part1/vitis.prj/solution1/.autopilot/db/matmul.pp.0.cpp:8011:9: warning: Added loop label VITIS_LOOP_34_4:   [xilinx-label-all-loops]
        for (int c = 0; c < 200; c++)
        ^~~
        VITIS_LOOP_34_4: 
/home/ykim131_588fa26/Desktop/ECE588/ECE588_fa2026_Lab03/part1/vitis.prj/solution1/.autopilot/db/matmul.pp.0.cpp:8011:9: note: FIX-IT applied suggested code changes
/home/ykim131_588fa26/Desktop/ECE588/ECE588_fa2026_Lab03/part1/vitis.prj/solution1/.autopilot/db/matmul.pp.0.cpp:8020:5: warning: Added loop label VITIS_LOOP_43_5:   [xilinx-label-all-loops]
    for (int r = 0; r < 100; r++)
    ^~~
    VITIS_LOOP_43_5: 
/home/ykim131_588fa26/Desktop/ECE588/ECE588_fa2026_Lab03/part1/vitis.prj/solution1/.autopilot/db/matmul.pp.0.cpp:8020:5: note: FIX-IT applied suggested code changes
/home/ykim131_588fa26/Desktop/ECE588/ECE588_fa2026_Lab03/part1/vitis.prj/solution1/.autopilot/db/matmul.pp.0.cpp:8022:9: warning: Added loop label VITIS_LOOP_45_6:   [xilinx-label-all-loops]
        for (int c = 0; c < 200; c++)
        ^~~
        VITIS_LOOP_45_6: 
/home/ykim131_588fa26/Desktop/ECE588/ECE588_fa2026_Lab03/part1/vitis.prj/solution1/.autopilot/db/matmul.pp.0.cpp:8022:9: note: FIX-IT applied suggested code changes
/home/ykim131_588fa26/Desktop/ECE588/ECE588_fa2026_Lab03/part1/vitis.prj/solution1/.autopilot/db/matmul.pp.0.cpp:8034:5: warning: Added loop label VITIS_LOOP_57_7:   [xilinx-label-all-loops]
    for (int r = 0; r < 100; r++)
    ^~~
    VITIS_LOOP_57_7: 
/home/ykim131_588fa26/Desktop/ECE588/ECE588_fa2026_Lab03/part1/vitis.prj/solution1/.autopilot/db/matmul.pp.0.cpp:8034:5: note: FIX-IT applied suggested code changes
/home/ykim131_588fa26/Desktop/ECE588/ECE588_fa2026_Lab03/part1/vitis.prj/solution1/.autopilot/db/matmul.pp.0.cpp:8036:9: warning: Added loop label VITIS_LOOP_59_8:   [xilinx-label-all-loops]
        for (int c = 0; c < 200; c++)
        ^~~
        VITIS_LOOP_59_8: 
/home/ykim131_588fa26/Desktop/ECE588/ECE588_fa2026_Lab03/part1/vitis.prj/solution1/.autopilot/db/matmul.pp.0.cpp:8036:9: note: FIX-IT applied suggested code changes
/home/ykim131_588fa26/Desktop/ECE588/ECE588_fa2026_Lab03/part1/vitis.prj/solution1/.autopilot/db/matmul.pp.0.cpp:8038:13: warning: Added loop label VITIS_LOOP_61_9:   [xilinx-label-all-loops]
            for (int dot = 0; dot < 150; dot++)
            ^~~
            VITIS_LOOP_61_9: 
/home/ykim131_588fa26/Desktop/ECE588/ECE588_fa2026_Lab03/part1/vitis.prj/solution1/.autopilot/db/matmul.pp.0.cpp:8038:13: note: FIX-IT applied suggested code changes
/home/ykim131_588fa26/Desktop/ECE588/ECE588_fa2026_Lab03/part1/vitis.prj/solution1/.autopilot/db/matmul.pp.0.cpp:8048:5: warning: Added loop label VITIS_LOOP_71_10:   [xilinx-label-all-loops]
    for (int r = 0; r < 100; r++)
    ^~~
    VITIS_LOOP_71_10: 
/home/ykim131_588fa26/Desktop/ECE588/ECE588_fa2026_Lab03/part1/vitis.prj/solution1/.autopilot/db/matmul.pp.0.cpp:8048:5: note: FIX-IT applied suggested code changes
/home/ykim131_588fa26/Desktop/ECE588/ECE588_fa2026_Lab03/part1/vitis.prj/solution1/.autopilot/db/matmul.pp.0.cpp:8050:9: warning: Added loop label VITIS_LOOP_73_11:   [xilinx-label-all-loops]
        for (int c = 0; c < 200; c++)
        ^~~
        VITIS_LOOP_73_11: 
/home/ykim131_588fa26/Desktop/ECE588/ECE588_fa2026_Lab03/part1/vitis.prj/solution1/.autopilot/db/matmul.pp.0.cpp:8050:9: note: FIX-IT applied suggested code changes
