

================================================================
== Synthesis Summary Report of 'matmul'
================================================================
+ General Information: 
    * Date:           Tue Oct  6 17:16:05 2026
    * Version:        2022.2 (Build 3670227 on Oct 13 2022)
    * Project:        vitis.prj
    * Solution:       solution1 (Vivado IP Flow Target)
    * Product family: zynq
    * Target device:  xc7z020-clg400-1
    

+ Performance & Resource Estimates: 
    
    PS: '+' for module; 'o' for loop; '*' for dataflow
    +------------------------------------------------------+------+------+---------+-----------+----------+---------+-------+----------+-----------+---------+-----------+-------------+-----+
    |                        Modules                       | Issue|      | Latency |  Latency  | Iteration|         |  Trip |          |           |         |           |             |     |
    |                        & Loops                       | Type | Slack| (cycles)|    (ns)   |  Latency | Interval| Count | Pipelined|   BRAM    |   DSP   |     FF    |     LUT     | URAM|
    +------------------------------------------------------+------+------+---------+-----------+----------+---------+-------+----------+-----------+---------+-----------+-------------+-----+
    |+ matmul                                              |     -|  0.00|   570153|  5.702e+06|         -|   570154|      -|        no|  197 (70%)|  18 (8%)|  6172 (5%)|  22893 (43%)|    -|
    | + matmul_Pipeline_VITIS_LOOP_21_1_VITIS_LOOP_23_2    |     -|  0.00|    15013|  1.501e+05|         -|    15013|      -|        no|          -|        -|  486 (~0%)|    467 (~0%)|    -|
    |  o VITIS_LOOP_21_1_VITIS_LOOP_23_2                   |     -|  7.30|    15011|  1.501e+05|        13|        1|  15000|       yes|          -|        -|          -|            -|    -|
    | + matmul_Pipeline_VITIS_LOOP_32_3_VITIS_LOOP_34_4    |     -|  0.00|    30003|  3.000e+05|         -|    30003|      -|        no|          -|        -|   52 (~0%)|    156 (~0%)|    -|
    |  o VITIS_LOOP_32_3_VITIS_LOOP_34_4                   |     -|  7.30|    30001|  3.000e+05|         3|        1|  30000|       yes|          -|        -|          -|            -|    -|
    | + matmul_Pipeline_VITIS_LOOP_43_5_VITIS_LOOP_45_6    |     -|  1.00|    20004|  2.000e+05|         -|    20004|      -|        no|          -|  1 (~0%)|   53 (~0%)|    161 (~0%)|    -|
    |  o VITIS_LOOP_43_5_VITIS_LOOP_45_6                   |     -|  7.30|    20002|  2.000e+05|         4|        1|  20000|       yes|          -|        -|          -|            -|    -|
    | + matmul_Pipeline_VITIS_LOOP_71_10_VITIS_LOOP_73_11  |     -|  0.00|    20006|  2.001e+05|         -|    20006|      -|        no|          -|  1 (~0%)|  138 (~0%)|    204 (~0%)|    -|
    |  o VITIS_LOOP_71_10_VITIS_LOOP_73_11                 |     -|  7.30|    20004|  2.000e+05|         6|        1|  20000|       yes|          -|        -|          -|            -|    -|
    | o VITIS_LOOP_57_7_VITIS_LOOP_59_8                    |     -|  7.30|   520000|  5.200e+06|        26|        -|  20000|        no|          -|        -|          -|            -|    -|
    |  + matmul_Pipeline_VITIS_LOOP_61_9                   |     -|  1.02|       18|    180.000|         -|       18|      -|        no|          -|  15 (6%)|  816 (~0%)|  11322 (21%)|    -|
    |   o VITIS_LOOP_61_9                                  |     -|  7.30|       16|    160.000|         8|        1|     10|       yes|          -|        -|          -|            -|    -|
    +------------------------------------------------------+------+------+---------+-----------+----------+---------+-------+----------+-----------+---------+-----------+-------------+-----+


================================================================
== HW Interfaces
================================================================
* M_AXI
+------------+------------+---------------+---------+--------+----------+-----------+--------------+--------------+-------------+-------------+
| Interface  | Data Width | Address Width | Latency | Offset | Register | Max Widen | Max Read     | Max Write    | Num Read    | Num Write   |
|            | (SW->HW)   |               |         |        |          | Bitwidth  | Burst Length | Burst Length | Outstanding | Outstanding |
+------------+------------+---------------+---------+--------+----------+-----------+--------------+--------------+-------------+-------------+
| m_axi_mem1 | 16 -> 16   | 64            | 64      | slave  | 0        | 0         | 16           | 16           | 16          | 16          |
| m_axi_mem2 | 16 -> 16   | 64            | 64      | slave  | 0        | 0         | 16           | 16           | 16          | 16          |
+------------+------------+---------------+---------+--------+----------+-----------+--------------+--------------+-------------+-------------+

* S_AXILITE Interfaces
+---------------+------------+---------------+--------+----------+
| Interface     | Data Width | Address Width | Offset | Register |
+---------------+------------+---------------+--------+----------+
| s_axi_control | 32         | 6             | 16     | 0        |
+---------------+------------+---------------+--------+----------+

* S_AXILITE Registers
+---------------+-----------------+--------+-------+--------+----------------------------------+----------------------------------------------------------------------+
| Interface     | Register        | Offset | Width | Access | Description                      | Bit Fields                                                           |
+---------------+-----------------+--------+-------+--------+----------------------------------+----------------------------------------------------------------------+
| s_axi_control | CTRL            | 0x00   | 32    | RW     | Control signals                  | 0=AP_START 1=AP_DONE 2=AP_IDLE 3=AP_READY 7=AUTO_RESTART 9=INTERRUPT |
| s_axi_control | GIER            | 0x04   | 32    | RW     | Global Interrupt Enable Register | 0=Enable                                                             |
| s_axi_control | IP_IER          | 0x08   | 32    | RW     | IP Interrupt Enable Register     | 0=CHAN0_INT_EN 1=CHAN1_INT_EN                                        |
| s_axi_control | IP_ISR          | 0x0c   | 32    | RW     | IP Interrupt Status Register     | 0=CHAN0_INT_ST 1=CHAN1_INT_ST                                        |
| s_axi_control | Matrix_A_DRAM_1 | 0x10   | 32    | W      | Data signal of Matrix_A_DRAM     |                                                                      |
| s_axi_control | Matrix_A_DRAM_2 | 0x14   | 32    | W      | Data signal of Matrix_A_DRAM     |                                                                      |
| s_axi_control | Matrix_B_DRAM_1 | 0x1c   | 32    | W      | Data signal of Matrix_B_DRAM     |                                                                      |
| s_axi_control | Matrix_B_DRAM_2 | 0x20   | 32    | W      | Data signal of Matrix_B_DRAM     |                                                                      |
| s_axi_control | Matrix_C_DRAM_1 | 0x28   | 32    | W      | Data signal of Matrix_C_DRAM     |                                                                      |
| s_axi_control | Matrix_C_DRAM_2 | 0x2c   | 32    | W      | Data signal of Matrix_C_DRAM     |                                                                      |
+---------------+-----------------+--------+-------+--------+----------------------------------+----------------------------------------------------------------------+

* TOP LEVEL CONTROL
+-----------+------------+-----------+
| Interface | Type       | Ports     |
+-----------+------------+-----------+
| ap_clk    | clock      | ap_clk    |
| ap_rst_n  | reset      | ap_rst_n  |
| interrupt | interrupt  | interrupt |
| ap_ctrl   | ap_ctrl_hs |           |
+-----------+------------+-----------+


================================================================
== SW I/O Information
================================================================
* Top Function Arguments
+---------------+-----------+-------------+
| Argument      | Direction | Datatype    |
+---------------+-----------+-------------+
| Matrix_A_DRAM | inout     | ap_int<16>* |
| Matrix_B_DRAM | in        | ap_int<16>* |
| Matrix_C_DRAM | inout     | ap_int<16>* |
+---------------+-----------+-------------+

* SW-to-HW Mapping
+---------------+---------------+-----------+----------+-------------------------------------------+
| Argument      | HW Interface  | HW Type   | HW Usage | HW Info                                   |
+---------------+---------------+-----------+----------+-------------------------------------------+
| Matrix_A_DRAM | m_axi_mem1    | interface |          |                                           |
| Matrix_A_DRAM | s_axi_control | register  | offset   | name=Matrix_A_DRAM_1 offset=0x10 range=32 |
| Matrix_A_DRAM | s_axi_control | register  | offset   | name=Matrix_A_DRAM_2 offset=0x14 range=32 |
| Matrix_B_DRAM | m_axi_mem2    | interface |          |                                           |
| Matrix_B_DRAM | s_axi_control | register  | offset   | name=Matrix_B_DRAM_1 offset=0x1c range=32 |
| Matrix_B_DRAM | s_axi_control | register  | offset   | name=Matrix_B_DRAM_2 offset=0x20 range=32 |
| Matrix_C_DRAM | m_axi_mem1    | interface |          |                                           |
| Matrix_C_DRAM | s_axi_control | register  | offset   | name=Matrix_C_DRAM_1 offset=0x28 range=32 |
| Matrix_C_DRAM | s_axi_control | register  | offset   | name=Matrix_C_DRAM_2 offset=0x2c range=32 |
+---------------+---------------+-----------+----------+-------------------------------------------+


================================================================
== M_AXI Burst Information
================================================================
 Note: All burst requests might be further partitioned into multiple requests during RTL generation based on max_read_burst_length or max_write_burst_length settings.

* Inferred Burst Summary
+--------------+------------------+-----------+--------+-------+------------------+
| HW Interface | Loop             | Direction | Length | Width | Location         |
+--------------+------------------+-----------+--------+-------+------------------+
| m_axi_mem1   | VITIS_LOOP_21_1  | read      | 15000  | 16    | matmul.cpp:21:19 |
| m_axi_mem2   | VITIS_LOOP_32_3  | read      | 30000  | 16    | matmul.cpp:32:22 |
| m_axi_mem1   | VITIS_LOOP_71_10 | write     | 20000  | 16    | matmul.cpp:71:23 |
+--------------+------------------+-----------+--------+-------+------------------+

* Inferred Bursts and Widening Missed
+--------------+---------------+------------------+-------------------------------------------------------------------------------------------------------+------------+------------------+
| HW Interface | Variable      | Loop             | Problem                                                                                               | Resolution | Location         |
+--------------+---------------+------------------+-------------------------------------------------------------------------------------------------------+------------+------------------+
| m_axi_mem1   | Matrix_C_DRAM | VITIS_LOOP_73_11 | Could not widen since type i16 size is greater than or equal to the max_widen_bitwidth threshold of 0 | 214-353    | matmul.cpp:73:27 |
| m_axi_mem2   | Matrix_B_DRAM | VITIS_LOOP_34_4  | Could not widen since type i16 size is greater than or equal to the max_widen_bitwidth threshold of 0 | 214-353    | matmul.cpp:34:26 |
| m_axi_mem1   | Matrix_A_DRAM | VITIS_LOOP_23_2  | Could not widen since type i16 size is greater than or equal to the max_widen_bitwidth threshold of 0 | 214-353    | matmul.cpp:23:26 |
+--------------+---------------+------------------+-------------------------------------------------------------------------------------------------------+------------+------------------+

    * Resolution URL: www.xilinx.com/cgi-bin/docs/rdoc?v=2022.2;t=hls+guidance;d=XXX-YYY.html (replace XXX-YYY with column value)

================================================================
== Bind Op Report
================================================================
+------------------------------------------------------+-----+--------+--------------+-----+--------+---------+
| Name                                                 | DSP | Pragma | Variable     | Op  | Impl   | Latency |
+------------------------------------------------------+-----+--------+--------------+-----+--------+---------+
| + matmul                                             | 18  |        |              |     |        |         |
|   add_ln57_1_fu_3080_p2                              | -   |        | add_ln57_1   | add | fabric | 0       |
|   add_ln57_fu_3092_p2                                | -   |        | add_ln57     | add | fabric | 0       |
|   add_ln186_fu_3332_p2                               | -   |        | add_ln186    | add | fabric | 0       |
|   mac_muladd_7ns_8ns_8ns_15_4_1_U382                 | 1   |        | empty_27     | mul | dsp48  | 3       |
|   mac_muladd_7ns_8ns_8ns_15_4_1_U382                 | 1   |        | empty_28     | add | dsp48  | 3       |
|   add_ln59_fu_3124_p2                                | -   |        | add_ln59     | add | fabric | 0       |
|  + matmul_Pipeline_VITIS_LOOP_21_1_VITIS_LOOP_23_2   | 0   |        |              |     |        |         |
|    add_ln21_1_fu_380_p2                              | -   |        | add_ln21_1   | add | fabric | 0       |
|    add_ln21_fu_453_p2                                | -   |        | add_ln21     | add | fabric | 0       |
|    mul_8ns_10ns_17_1_1_U2                            | -   |        | mul_ln27     | mul | auto   | 0       |
|    add_ln23_fu_409_p2                                | -   |        | add_ln23     | add | fabric | 0       |
|  + matmul_Pipeline_VITIS_LOOP_32_3_VITIS_LOOP_34_4   | 0   |        |              |     |        |         |
|    add_ln32_1_fu_2657_p2                             | -   |        | add_ln32_1   | add | fabric | 0       |
|    add_ln32_fu_2674_p2                               | -   |        | add_ln32     | add | fabric | 0       |
|    add_ln34_fu_2856_p2                               | -   |        | add_ln34     | add | fabric | 0       |
|  + matmul_Pipeline_VITIS_LOOP_43_5_VITIS_LOOP_45_6   | 1   |        |              |     |        |         |
|    add_ln43_1_fu_92_p2                               | -   |        | add_ln43_1   | add | fabric | 0       |
|    add_ln43_fu_104_p2                                | -   |        | add_ln43     | add | fabric | 0       |
|    mac_muladd_7ns_8ns_8ns_15_4_1_U174                | 1   |        | mul_ln49     | mul | dsp48  | 3       |
|    mac_muladd_7ns_8ns_8ns_15_4_1_U174                | 1   |        | add_ln49     | add | dsp48  | 3       |
|    add_ln45_fu_136_p2                                | -   |        | add_ln45     | add | fabric | 0       |
|  + matmul_Pipeline_VITIS_LOOP_61_9                   | 15  |        |              |     |        |         |
|    add_ln61_1_fu_1522_p2                             | -   |        | add_ln61_1   | add | fabric | 0       |
|    add_ln186_1_fu_1535_p2                            | -   |        | add_ln186_1  | add | fabric | 0       |
|    mac_muladd_16s_16s_16ns_16_4_1_U202               | 1   |        | mul_ln840    | mul | dsp48  | 3       |
|    mul_mul_16s_16s_16_4_1_U192                       | 1   |        | mul_ln840_1  | mul | dsp48  | 3       |
|    mac_muladd_16s_16s_16ns_16_4_1_U196               | 1   |        | mul_ln840_2  | mul | dsp48  | 3       |
|    mul_mul_16s_16s_16_4_1_U197                       | 1   |        | mul_ln840_3  | mul | dsp48  | 3       |
|    mac_muladd_16s_16s_16ns_16_4_1_U203               | 1   |        | mul_ln840_4  | mul | dsp48  | 3       |
|    mul_mul_16s_16s_16_4_1_U198                       | 1   |        | mul_ln840_5  | mul | dsp48  | 3       |
|    mac_muladd_16s_16s_16ns_16_4_1_U204               | 1   |        | mul_ln840_6  | mul | dsp48  | 3       |
|    mul_mul_16s_16s_16_4_1_U193                       | 1   |        | mul_ln840_7  | mul | dsp48  | 3       |
|    mac_muladd_16s_16s_16ns_16_4_1_U199               | 1   |        | mul_ln840_8  | mul | dsp48  | 3       |
|    mac_muladd_16s_16s_16ns_16_4_1_U200               | 1   |        | mul_ln840_9  | mul | dsp48  | 3       |
|    mul_mul_16s_16s_16_4_1_U194                       | 1   |        | mul_ln840_10 | mul | dsp48  | 3       |
|    mac_muladd_16s_16s_16ns_16_4_1_U201               | 1   |        | mul_ln840_11 | mul | dsp48  | 3       |
|    mul_mul_16s_16s_16_4_1_U195                       | 1   |        | mul_ln840_12 | mul | dsp48  | 3       |
|    mac_muladd_16s_16s_16ns_16_4_1_U205               | 1   |        | mul_ln840_13 | mul | dsp48  | 3       |
|    mac_muladd_16s_16s_16ns_16_4_1_U206               | 1   |        | mul_ln840_14 | mul | dsp48  | 3       |
|    mac_muladd_16s_16s_16ns_16_4_1_U196               | 1   |        | add_ln840    | add | dsp48  | 3       |
|    mac_muladd_16s_16s_16ns_16_4_1_U202               | 1   |        | add_ln840_1  | add | dsp48  | 3       |
|    mac_muladd_16s_16s_16ns_16_4_1_U203               | 1   |        | add_ln840_2  | add | dsp48  | 3       |
|    mac_muladd_16s_16s_16ns_16_4_1_U204               | 1   |        | add_ln840_3  | add | dsp48  | 3       |
|    mac_muladd_16s_16s_16ns_16_4_1_U199               | 1   |        | add_ln840_6  | add | dsp48  | 3       |
|    mac_muladd_16s_16s_16ns_16_4_1_U200               | 1   |        | add_ln840_7  | add | dsp48  | 3       |
|    mac_muladd_16s_16s_16ns_16_4_1_U201               | 1   |        | add_ln840_9  | add | dsp48  | 3       |
|    mac_muladd_16s_16s_16ns_16_4_1_U205               | 1   |        | add_ln840_10 | add | dsp48  | 3       |
|    grp_fu_5866_p2                                    | -   |        | add_ln840_8  | add | fabric | 0       |
|    mac_muladd_16s_16s_16ns_16_4_1_U206               | 1   |        | add_ln840_11 | add | dsp48  | 3       |
|    add_ln840_12_fu_5748_p2                           | -   |        | add_ln840_12 | add | fabric | 0       |
|    add_ln61_fu_5719_p2                               | -   |        | add_ln61     | add | fabric | 0       |
|  + matmul_Pipeline_VITIS_LOOP_71_10_VITIS_LOOP_73_11 | 1   |        |              |     |        |         |
|    add_ln71_1_fu_133_p2                              | -   |        | add_ln71_1   | add | fabric | 0       |
|    add_ln71_fu_145_p2                                | -   |        | add_ln71     | add | fabric | 0       |
|    mac_muladd_7ns_8ns_8ns_15_4_1_U378                | 1   |        | mul_ln77     | mul | dsp48  | 3       |
|    mac_muladd_7ns_8ns_8ns_15_4_1_U378                | 1   |        | add_ln77     | add | dsp48  | 3       |
|    add_ln73_fu_177_p2                                | -   |        | add_ln73     | add | fabric | 0       |
+------------------------------------------------------+-----+--------+--------------+-----+--------+---------+


================================================================
== Bind Storage Report
================================================================
+-------------------------+------+------+--------+---------------------+---------+------+---------+
| Name                    | BRAM | URAM | Pragma | Variable            | Storage | Impl | Latency |
+-------------------------+------+------+--------+---------------------+---------+------+---------+
| + matmul                | 197  | 0    |        |                     |         |      |         |
|   Matrix_A_BRAM_V_U     | 1    | -    |        | Matrix_A_BRAM_V     | ram_1p  | auto | 1       |
|   Matrix_A_BRAM_V_1_U   | 1    | -    |        | Matrix_A_BRAM_V_1   | ram_1p  | auto | 1       |
|   Matrix_A_BRAM_V_2_U   | 1    | -    |        | Matrix_A_BRAM_V_2   | ram_1p  | auto | 1       |
|   Matrix_A_BRAM_V_3_U   | 1    | -    |        | Matrix_A_BRAM_V_3   | ram_1p  | auto | 1       |
|   Matrix_A_BRAM_V_4_U   | 1    | -    |        | Matrix_A_BRAM_V_4   | ram_1p  | auto | 1       |
|   Matrix_A_BRAM_V_5_U   | 1    | -    |        | Matrix_A_BRAM_V_5   | ram_1p  | auto | 1       |
|   Matrix_A_BRAM_V_6_U   | 1    | -    |        | Matrix_A_BRAM_V_6   | ram_1p  | auto | 1       |
|   Matrix_A_BRAM_V_7_U   | 1    | -    |        | Matrix_A_BRAM_V_7   | ram_1p  | auto | 1       |
|   Matrix_A_BRAM_V_8_U   | 1    | -    |        | Matrix_A_BRAM_V_8   | ram_1p  | auto | 1       |
|   Matrix_A_BRAM_V_9_U   | 1    | -    |        | Matrix_A_BRAM_V_9   | ram_1p  | auto | 1       |
|   Matrix_A_BRAM_V_10_U  | 1    | -    |        | Matrix_A_BRAM_V_10  | ram_1p  | auto | 1       |
|   Matrix_A_BRAM_V_11_U  | 1    | -    |        | Matrix_A_BRAM_V_11  | ram_1p  | auto | 1       |
|   Matrix_A_BRAM_V_12_U  | 1    | -    |        | Matrix_A_BRAM_V_12  | ram_1p  | auto | 1       |
|   Matrix_A_BRAM_V_13_U  | 1    | -    |        | Matrix_A_BRAM_V_13  | ram_1p  | auto | 1       |
|   Matrix_A_BRAM_V_14_U  | 1    | -    |        | Matrix_A_BRAM_V_14  | ram_1p  | auto | 1       |
|   Matrix_B_BRAM_V_U     | 1    | -    |        | Matrix_B_BRAM_V     | ram_1p  | auto | 1       |
|   Matrix_B_BRAM_V_1_U   | 1    | -    |        | Matrix_B_BRAM_V_1   | ram_1p  | auto | 1       |
|   Matrix_B_BRAM_V_2_U   | 1    | -    |        | Matrix_B_BRAM_V_2   | ram_1p  | auto | 1       |
|   Matrix_B_BRAM_V_3_U   | 1    | -    |        | Matrix_B_BRAM_V_3   | ram_1p  | auto | 1       |
|   Matrix_B_BRAM_V_4_U   | 1    | -    |        | Matrix_B_BRAM_V_4   | ram_1p  | auto | 1       |
|   Matrix_B_BRAM_V_5_U   | 1    | -    |        | Matrix_B_BRAM_V_5   | ram_1p  | auto | 1       |
|   Matrix_B_BRAM_V_6_U   | 1    | -    |        | Matrix_B_BRAM_V_6   | ram_1p  | auto | 1       |
|   Matrix_B_BRAM_V_7_U   | 1    | -    |        | Matrix_B_BRAM_V_7   | ram_1p  | auto | 1       |
|   Matrix_B_BRAM_V_8_U   | 1    | -    |        | Matrix_B_BRAM_V_8   | ram_1p  | auto | 1       |
|   Matrix_B_BRAM_V_9_U   | 1    | -    |        | Matrix_B_BRAM_V_9   | ram_1p  | auto | 1       |
|   Matrix_B_BRAM_V_10_U  | 1    | -    |        | Matrix_B_BRAM_V_10  | ram_1p  | auto | 1       |
|   Matrix_B_BRAM_V_11_U  | 1    | -    |        | Matrix_B_BRAM_V_11  | ram_1p  | auto | 1       |
|   Matrix_B_BRAM_V_12_U  | 1    | -    |        | Matrix_B_BRAM_V_12  | ram_1p  | auto | 1       |
|   Matrix_B_BRAM_V_13_U  | 1    | -    |        | Matrix_B_BRAM_V_13  | ram_1p  | auto | 1       |
|   Matrix_B_BRAM_V_14_U  | 1    | -    |        | Matrix_B_BRAM_V_14  | ram_1p  | auto | 1       |
|   Matrix_B_BRAM_V_15_U  | 1    | -    |        | Matrix_B_BRAM_V_15  | ram_1p  | auto | 1       |
|   Matrix_B_BRAM_V_16_U  | 1    | -    |        | Matrix_B_BRAM_V_16  | ram_1p  | auto | 1       |
|   Matrix_B_BRAM_V_17_U  | 1    | -    |        | Matrix_B_BRAM_V_17  | ram_1p  | auto | 1       |
|   Matrix_B_BRAM_V_18_U  | 1    | -    |        | Matrix_B_BRAM_V_18  | ram_1p  | auto | 1       |
|   Matrix_B_BRAM_V_19_U  | 1    | -    |        | Matrix_B_BRAM_V_19  | ram_1p  | auto | 1       |
|   Matrix_B_BRAM_V_20_U  | 1    | -    |        | Matrix_B_BRAM_V_20  | ram_1p  | auto | 1       |
|   Matrix_B_BRAM_V_21_U  | 1    | -    |        | Matrix_B_BRAM_V_21  | ram_1p  | auto | 1       |
|   Matrix_B_BRAM_V_22_U  | 1    | -    |        | Matrix_B_BRAM_V_22  | ram_1p  | auto | 1       |
|   Matrix_B_BRAM_V_23_U  | 1    | -    |        | Matrix_B_BRAM_V_23  | ram_1p  | auto | 1       |
|   Matrix_B_BRAM_V_24_U  | 1    | -    |        | Matrix_B_BRAM_V_24  | ram_1p  | auto | 1       |
|   Matrix_B_BRAM_V_25_U  | 1    | -    |        | Matrix_B_BRAM_V_25  | ram_1p  | auto | 1       |
|   Matrix_B_BRAM_V_26_U  | 1    | -    |        | Matrix_B_BRAM_V_26  | ram_1p  | auto | 1       |
|   Matrix_B_BRAM_V_27_U  | 1    | -    |        | Matrix_B_BRAM_V_27  | ram_1p  | auto | 1       |
|   Matrix_B_BRAM_V_28_U  | 1    | -    |        | Matrix_B_BRAM_V_28  | ram_1p  | auto | 1       |
|   Matrix_B_BRAM_V_29_U  | 1    | -    |        | Matrix_B_BRAM_V_29  | ram_1p  | auto | 1       |
|   Matrix_B_BRAM_V_30_U  | 1    | -    |        | Matrix_B_BRAM_V_30  | ram_1p  | auto | 1       |
|   Matrix_B_BRAM_V_31_U  | 1    | -    |        | Matrix_B_BRAM_V_31  | ram_1p  | auto | 1       |
|   Matrix_B_BRAM_V_32_U  | 1    | -    |        | Matrix_B_BRAM_V_32  | ram_1p  | auto | 1       |
|   Matrix_B_BRAM_V_33_U  | 1    | -    |        | Matrix_B_BRAM_V_33  | ram_1p  | auto | 1       |
|   Matrix_B_BRAM_V_34_U  | 1    | -    |        | Matrix_B_BRAM_V_34  | ram_1p  | auto | 1       |
|   Matrix_B_BRAM_V_35_U  | 1    | -    |        | Matrix_B_BRAM_V_35  | ram_1p  | auto | 1       |
|   Matrix_B_BRAM_V_36_U  | 1    | -    |        | Matrix_B_BRAM_V_36  | ram_1p  | auto | 1       |
|   Matrix_B_BRAM_V_37_U  | 1    | -    |        | Matrix_B_BRAM_V_37  | ram_1p  | auto | 1       |
|   Matrix_B_BRAM_V_38_U  | 1    | -    |        | Matrix_B_BRAM_V_38  | ram_1p  | auto | 1       |
|   Matrix_B_BRAM_V_39_U  | 1    | -    |        | Matrix_B_BRAM_V_39  | ram_1p  | auto | 1       |
|   Matrix_B_BRAM_V_40_U  | 1    | -    |        | Matrix_B_BRAM_V_40  | ram_1p  | auto | 1       |
|   Matrix_B_BRAM_V_41_U  | 1    | -    |        | Matrix_B_BRAM_V_41  | ram_1p  | auto | 1       |
|   Matrix_B_BRAM_V_42_U  | 1    | -    |        | Matrix_B_BRAM_V_42  | ram_1p  | auto | 1       |
|   Matrix_B_BRAM_V_43_U  | 1    | -    |        | Matrix_B_BRAM_V_43  | ram_1p  | auto | 1       |
|   Matrix_B_BRAM_V_44_U  | 1    | -    |        | Matrix_B_BRAM_V_44  | ram_1p  | auto | 1       |
|   Matrix_B_BRAM_V_45_U  | 1    | -    |        | Matrix_B_BRAM_V_45  | ram_1p  | auto | 1       |
|   Matrix_B_BRAM_V_46_U  | 1    | -    |        | Matrix_B_BRAM_V_46  | ram_1p  | auto | 1       |
|   Matrix_B_BRAM_V_47_U  | 1    | -    |        | Matrix_B_BRAM_V_47  | ram_1p  | auto | 1       |
|   Matrix_B_BRAM_V_48_U  | 1    | -    |        | Matrix_B_BRAM_V_48  | ram_1p  | auto | 1       |
|   Matrix_B_BRAM_V_49_U  | 1    | -    |        | Matrix_B_BRAM_V_49  | ram_1p  | auto | 1       |
|   Matrix_B_BRAM_V_50_U  | 1    | -    |        | Matrix_B_BRAM_V_50  | ram_1p  | auto | 1       |
|   Matrix_B_BRAM_V_51_U  | 1    | -    |        | Matrix_B_BRAM_V_51  | ram_1p  | auto | 1       |
|   Matrix_B_BRAM_V_52_U  | 1    | -    |        | Matrix_B_BRAM_V_52  | ram_1p  | auto | 1       |
|   Matrix_B_BRAM_V_53_U  | 1    | -    |        | Matrix_B_BRAM_V_53  | ram_1p  | auto | 1       |
|   Matrix_B_BRAM_V_54_U  | 1    | -    |        | Matrix_B_BRAM_V_54  | ram_1p  | auto | 1       |
|   Matrix_B_BRAM_V_55_U  | 1    | -    |        | Matrix_B_BRAM_V_55  | ram_1p  | auto | 1       |
|   Matrix_B_BRAM_V_56_U  | 1    | -    |        | Matrix_B_BRAM_V_56  | ram_1p  | auto | 1       |
|   Matrix_B_BRAM_V_57_U  | 1    | -    |        | Matrix_B_BRAM_V_57  | ram_1p  | auto | 1       |
|   Matrix_B_BRAM_V_58_U  | 1    | -    |        | Matrix_B_BRAM_V_58  | ram_1p  | auto | 1       |
|   Matrix_B_BRAM_V_59_U  | 1    | -    |        | Matrix_B_BRAM_V_59  | ram_1p  | auto | 1       |
|   Matrix_B_BRAM_V_60_U  | 1    | -    |        | Matrix_B_BRAM_V_60  | ram_1p  | auto | 1       |
|   Matrix_B_BRAM_V_61_U  | 1    | -    |        | Matrix_B_BRAM_V_61  | ram_1p  | auto | 1       |
|   Matrix_B_BRAM_V_62_U  | 1    | -    |        | Matrix_B_BRAM_V_62  | ram_1p  | auto | 1       |
|   Matrix_B_BRAM_V_63_U  | 1    | -    |        | Matrix_B_BRAM_V_63  | ram_1p  | auto | 1       |
|   Matrix_B_BRAM_V_64_U  | 1    | -    |        | Matrix_B_BRAM_V_64  | ram_1p  | auto | 1       |
|   Matrix_B_BRAM_V_65_U  | 1    | -    |        | Matrix_B_BRAM_V_65  | ram_1p  | auto | 1       |
|   Matrix_B_BRAM_V_66_U  | 1    | -    |        | Matrix_B_BRAM_V_66  | ram_1p  | auto | 1       |
|   Matrix_B_BRAM_V_67_U  | 1    | -    |        | Matrix_B_BRAM_V_67  | ram_1p  | auto | 1       |
|   Matrix_B_BRAM_V_68_U  | 1    | -    |        | Matrix_B_BRAM_V_68  | ram_1p  | auto | 1       |
|   Matrix_B_BRAM_V_69_U  | 1    | -    |        | Matrix_B_BRAM_V_69  | ram_1p  | auto | 1       |
|   Matrix_B_BRAM_V_70_U  | 1    | -    |        | Matrix_B_BRAM_V_70  | ram_1p  | auto | 1       |
|   Matrix_B_BRAM_V_71_U  | 1    | -    |        | Matrix_B_BRAM_V_71  | ram_1p  | auto | 1       |
|   Matrix_B_BRAM_V_72_U  | 1    | -    |        | Matrix_B_BRAM_V_72  | ram_1p  | auto | 1       |
|   Matrix_B_BRAM_V_73_U  | 1    | -    |        | Matrix_B_BRAM_V_73  | ram_1p  | auto | 1       |
|   Matrix_B_BRAM_V_74_U  | 1    | -    |        | Matrix_B_BRAM_V_74  | ram_1p  | auto | 1       |
|   Matrix_B_BRAM_V_75_U  | 1    | -    |        | Matrix_B_BRAM_V_75  | ram_1p  | auto | 1       |
|   Matrix_B_BRAM_V_76_U  | 1    | -    |        | Matrix_B_BRAM_V_76  | ram_1p  | auto | 1       |
|   Matrix_B_BRAM_V_77_U  | 1    | -    |        | Matrix_B_BRAM_V_77  | ram_1p  | auto | 1       |
|   Matrix_B_BRAM_V_78_U  | 1    | -    |        | Matrix_B_BRAM_V_78  | ram_1p  | auto | 1       |
|   Matrix_B_BRAM_V_79_U  | 1    | -    |        | Matrix_B_BRAM_V_79  | ram_1p  | auto | 1       |
|   Matrix_B_BRAM_V_80_U  | 1    | -    |        | Matrix_B_BRAM_V_80  | ram_1p  | auto | 1       |
|   Matrix_B_BRAM_V_81_U  | 1    | -    |        | Matrix_B_BRAM_V_81  | ram_1p  | auto | 1       |
|   Matrix_B_BRAM_V_82_U  | 1    | -    |        | Matrix_B_BRAM_V_82  | ram_1p  | auto | 1       |
|   Matrix_B_BRAM_V_83_U  | 1    | -    |        | Matrix_B_BRAM_V_83  | ram_1p  | auto | 1       |
|   Matrix_B_BRAM_V_84_U  | 1    | -    |        | Matrix_B_BRAM_V_84  | ram_1p  | auto | 1       |
|   Matrix_B_BRAM_V_85_U  | 1    | -    |        | Matrix_B_BRAM_V_85  | ram_1p  | auto | 1       |
|   Matrix_B_BRAM_V_86_U  | 1    | -    |        | Matrix_B_BRAM_V_86  | ram_1p  | auto | 1       |
|   Matrix_B_BRAM_V_87_U  | 1    | -    |        | Matrix_B_BRAM_V_87  | ram_1p  | auto | 1       |
|   Matrix_B_BRAM_V_88_U  | 1    | -    |        | Matrix_B_BRAM_V_88  | ram_1p  | auto | 1       |
|   Matrix_B_BRAM_V_89_U  | 1    | -    |        | Matrix_B_BRAM_V_89  | ram_1p  | auto | 1       |
|   Matrix_B_BRAM_V_90_U  | 1    | -    |        | Matrix_B_BRAM_V_90  | ram_1p  | auto | 1       |
|   Matrix_B_BRAM_V_91_U  | 1    | -    |        | Matrix_B_BRAM_V_91  | ram_1p  | auto | 1       |
|   Matrix_B_BRAM_V_92_U  | 1    | -    |        | Matrix_B_BRAM_V_92  | ram_1p  | auto | 1       |
|   Matrix_B_BRAM_V_93_U  | 1    | -    |        | Matrix_B_BRAM_V_93  | ram_1p  | auto | 1       |
|   Matrix_B_BRAM_V_94_U  | 1    | -    |        | Matrix_B_BRAM_V_94  | ram_1p  | auto | 1       |
|   Matrix_B_BRAM_V_95_U  | 1    | -    |        | Matrix_B_BRAM_V_95  | ram_1p  | auto | 1       |
|   Matrix_B_BRAM_V_96_U  | 1    | -    |        | Matrix_B_BRAM_V_96  | ram_1p  | auto | 1       |
|   Matrix_B_BRAM_V_97_U  | 1    | -    |        | Matrix_B_BRAM_V_97  | ram_1p  | auto | 1       |
|   Matrix_B_BRAM_V_98_U  | 1    | -    |        | Matrix_B_BRAM_V_98  | ram_1p  | auto | 1       |
|   Matrix_B_BRAM_V_99_U  | 1    | -    |        | Matrix_B_BRAM_V_99  | ram_1p  | auto | 1       |
|   Matrix_B_BRAM_V_100_U | 1    | -    |        | Matrix_B_BRAM_V_100 | ram_1p  | auto | 1       |
|   Matrix_B_BRAM_V_101_U | 1    | -    |        | Matrix_B_BRAM_V_101 | ram_1p  | auto | 1       |
|   Matrix_B_BRAM_V_102_U | 1    | -    |        | Matrix_B_BRAM_V_102 | ram_1p  | auto | 1       |
|   Matrix_B_BRAM_V_103_U | 1    | -    |        | Matrix_B_BRAM_V_103 | ram_1p  | auto | 1       |
|   Matrix_B_BRAM_V_104_U | 1    | -    |        | Matrix_B_BRAM_V_104 | ram_1p  | auto | 1       |
|   Matrix_B_BRAM_V_105_U | 1    | -    |        | Matrix_B_BRAM_V_105 | ram_1p  | auto | 1       |
|   Matrix_B_BRAM_V_106_U | 1    | -    |        | Matrix_B_BRAM_V_106 | ram_1p  | auto | 1       |
|   Matrix_B_BRAM_V_107_U | 1    | -    |        | Matrix_B_BRAM_V_107 | ram_1p  | auto | 1       |
|   Matrix_B_BRAM_V_108_U | 1    | -    |        | Matrix_B_BRAM_V_108 | ram_1p  | auto | 1       |
|   Matrix_B_BRAM_V_109_U | 1    | -    |        | Matrix_B_BRAM_V_109 | ram_1p  | auto | 1       |
|   Matrix_B_BRAM_V_110_U | 1    | -    |        | Matrix_B_BRAM_V_110 | ram_1p  | auto | 1       |
|   Matrix_B_BRAM_V_111_U | 1    | -    |        | Matrix_B_BRAM_V_111 | ram_1p  | auto | 1       |
|   Matrix_B_BRAM_V_112_U | 1    | -    |        | Matrix_B_BRAM_V_112 | ram_1p  | auto | 1       |
|   Matrix_B_BRAM_V_113_U | 1    | -    |        | Matrix_B_BRAM_V_113 | ram_1p  | auto | 1       |
|   Matrix_B_BRAM_V_114_U | 1    | -    |        | Matrix_B_BRAM_V_114 | ram_1p  | auto | 1       |
|   Matrix_B_BRAM_V_115_U | 1    | -    |        | Matrix_B_BRAM_V_115 | ram_1p  | auto | 1       |
|   Matrix_B_BRAM_V_116_U | 1    | -    |        | Matrix_B_BRAM_V_116 | ram_1p  | auto | 1       |
|   Matrix_B_BRAM_V_117_U | 1    | -    |        | Matrix_B_BRAM_V_117 | ram_1p  | auto | 1       |
|   Matrix_B_BRAM_V_118_U | 1    | -    |        | Matrix_B_BRAM_V_118 | ram_1p  | auto | 1       |
|   Matrix_B_BRAM_V_119_U | 1    | -    |        | Matrix_B_BRAM_V_119 | ram_1p  | auto | 1       |
|   Matrix_B_BRAM_V_120_U | 1    | -    |        | Matrix_B_BRAM_V_120 | ram_1p  | auto | 1       |
|   Matrix_B_BRAM_V_121_U | 1    | -    |        | Matrix_B_BRAM_V_121 | ram_1p  | auto | 1       |
|   Matrix_B_BRAM_V_122_U | 1    | -    |        | Matrix_B_BRAM_V_122 | ram_1p  | auto | 1       |
|   Matrix_B_BRAM_V_123_U | 1    | -    |        | Matrix_B_BRAM_V_123 | ram_1p  | auto | 1       |
|   Matrix_B_BRAM_V_124_U | 1    | -    |        | Matrix_B_BRAM_V_124 | ram_1p  | auto | 1       |
|   Matrix_B_BRAM_V_125_U | 1    | -    |        | Matrix_B_BRAM_V_125 | ram_1p  | auto | 1       |
|   Matrix_B_BRAM_V_126_U | 1    | -    |        | Matrix_B_BRAM_V_126 | ram_1p  | auto | 1       |
|   Matrix_B_BRAM_V_127_U | 1    | -    |        | Matrix_B_BRAM_V_127 | ram_1p  | auto | 1       |
|   Matrix_B_BRAM_V_128_U | 1    | -    |        | Matrix_B_BRAM_V_128 | ram_1p  | auto | 1       |
|   Matrix_B_BRAM_V_129_U | 1    | -    |        | Matrix_B_BRAM_V_129 | ram_1p  | auto | 1       |
|   Matrix_B_BRAM_V_130_U | 1    | -    |        | Matrix_B_BRAM_V_130 | ram_1p  | auto | 1       |
|   Matrix_B_BRAM_V_131_U | 1    | -    |        | Matrix_B_BRAM_V_131 | ram_1p  | auto | 1       |
|   Matrix_B_BRAM_V_132_U | 1    | -    |        | Matrix_B_BRAM_V_132 | ram_1p  | auto | 1       |
|   Matrix_B_BRAM_V_133_U | 1    | -    |        | Matrix_B_BRAM_V_133 | ram_1p  | auto | 1       |
|   Matrix_B_BRAM_V_134_U | 1    | -    |        | Matrix_B_BRAM_V_134 | ram_1p  | auto | 1       |
|   Matrix_B_BRAM_V_135_U | 1    | -    |        | Matrix_B_BRAM_V_135 | ram_1p  | auto | 1       |
|   Matrix_B_BRAM_V_136_U | 1    | -    |        | Matrix_B_BRAM_V_136 | ram_1p  | auto | 1       |
|   Matrix_B_BRAM_V_137_U | 1    | -    |        | Matrix_B_BRAM_V_137 | ram_1p  | auto | 1       |
|   Matrix_B_BRAM_V_138_U | 1    | -    |        | Matrix_B_BRAM_V_138 | ram_1p  | auto | 1       |
|   Matrix_B_BRAM_V_139_U | 1    | -    |        | Matrix_B_BRAM_V_139 | ram_1p  | auto | 1       |
|   Matrix_B_BRAM_V_140_U | 1    | -    |        | Matrix_B_BRAM_V_140 | ram_1p  | auto | 1       |
|   Matrix_B_BRAM_V_141_U | 1    | -    |        | Matrix_B_BRAM_V_141 | ram_1p  | auto | 1       |
|   Matrix_B_BRAM_V_142_U | 1    | -    |        | Matrix_B_BRAM_V_142 | ram_1p  | auto | 1       |
|   Matrix_B_BRAM_V_143_U | 1    | -    |        | Matrix_B_BRAM_V_143 | ram_1p  | auto | 1       |
|   Matrix_B_BRAM_V_144_U | 1    | -    |        | Matrix_B_BRAM_V_144 | ram_1p  | auto | 1       |
|   Matrix_B_BRAM_V_145_U | 1    | -    |        | Matrix_B_BRAM_V_145 | ram_1p  | auto | 1       |
|   Matrix_B_BRAM_V_146_U | 1    | -    |        | Matrix_B_BRAM_V_146 | ram_1p  | auto | 1       |
|   Matrix_B_BRAM_V_147_U | 1    | -    |        | Matrix_B_BRAM_V_147 | ram_1p  | auto | 1       |
|   Matrix_B_BRAM_V_148_U | 1    | -    |        | Matrix_B_BRAM_V_148 | ram_1p  | auto | 1       |
|   Matrix_B_BRAM_V_149_U | 1    | -    |        | Matrix_B_BRAM_V_149 | ram_1p  | auto | 1       |
|   Matrix_C_BRAM_V_U     | 32   | -    |        | Matrix_C_BRAM_V     | ram_1p  | auto | 1       |
+-------------------------+------+------+--------+---------------------+---------+------+---------+


================================================================
== Pragma Report
================================================================
* Valid Pragma Syntax
+-----------------+--------------------------------------------------------------------------+----------------------------------------+
| Type            | Options                                                                  | Location                               |
+-----------------+--------------------------------------------------------------------------+----------------------------------------+
| interface       | mode = m_axi depth = 1 port = Matrix_A_DRAM offset = slave bundle = mem1 | matmul.cpp:9 in matmul                 |
| interface       | mode = m_axi depth = 1 port = Matrix_B_DRAM offset = slave bundle = mem2 | matmul.cpp:10 in matmul                |
| interface       | mode = m_axi depth = 1 port = Matrix_C_DRAM offset = slave bundle = mem1 | matmul.cpp:11 in matmul                |
| interface       | mode = s_axilite port = return                                           | matmul.cpp:12 in matmul                |
| array_partition | variable=Matrix_B_BRAM complete dim=1                                    | matmul.cpp:18 in matmul, Matrix_B_BRAM |
| pipeline        | II = 1                                                                   | matmul.cpp:25 in matmul                |
| pipeline        | II = 1                                                                   | matmul.cpp:36 in matmul                |
| pipeline        | II = 1                                                                   | matmul.cpp:47 in matmul                |
| pipeline        | II = 1                                                                   | matmul.cpp:63 in matmul                |
| unroll          | factor = 15                                                              | matmul.cpp:64 in matmul                |
| pipeline        | II = 1                                                                   | matmul.cpp:75 in matmul                |
+-----------------+--------------------------------------------------------------------------+----------------------------------------+

* Inferred Pragmas
+------------------------+-----------------+----------------------------------------------------+----------------------------------+
| Source Pragma          | Inferred Pragma | Options                                            | Location                         |
+------------------------+-----------------+----------------------------------------------------+----------------------------------+
| pipeline matmul.cpp:63 | array_partition | dim=2 type=cyclic factor=15 variable=Matrix_A_BRAM | variable Matrix_A_BRAM in matmul |
+------------------------+-----------------+----------------------------------------------------+----------------------------------+


