

================================================================
== Vitis HLS Report for 'matmul_Pipeline_VITIS_LOOP_61_9'
================================================================
* Date:           Tue Oct  6 17:16:02 2026

* Version:        2022.2 (Build 3670227 on Oct 13 2022)
* Project:        vitis.prj
* Solution:       solution1 (Vivado IP Flow Target)
* Product family: zynq
* Target device:  xc7z020-clg400-1


================================================================
== Performance Estimates
================================================================
+ Timing: 
    * Summary: 
    +--------+----------+----------+------------+
    |  Clock |  Target  | Estimated| Uncertainty|
    +--------+----------+----------+------------+
    |ap_clk  |  10.00 ns|  6.277 ns|     2.70 ns|
    +--------+----------+----------+------------+

+ Latency: 
    * Summary: 
    +---------+---------+----------+----------+-----+-----+---------+
    |  Latency (cycles) |  Latency (absolute) |  Interval | Pipeline|
    |   min   |   max   |    min   |    max   | min | max |   Type  |
    +---------+---------+----------+----------+-----+-----+---------+
    |       18|       18|  0.180 us|  0.180 us|   18|   18|       no|
    +---------+---------+----------+----------+-----+-----+---------+

    + Detail: 
        * Instance: 
        N/A

        * Loop: 
        +-------------------+---------+---------+----------+-----------+-----------+------+----------+
        |                   |  Latency (cycles) | Iteration|  Initiation Interval  | Trip |          |
        |     Loop Name     |   min   |   max   |  Latency |  achieved |   target  | Count| Pipelined|
        +-------------------+---------+---------+----------+-----------+-----------+------+----------+
        |- VITIS_LOOP_61_9  |       16|       16|         8|          1|          1|    10|       yes|
        +-------------------+---------+---------+----------+-----------+-----------+------+----------+



================================================================
== Utilization Estimates
================================================================
* Summary: 
+-----------------+---------+-----+--------+-------+-----+
|       Name      | BRAM_18K| DSP |   FF   |  LUT  | URAM|
+-----------------+---------+-----+--------+-------+-----+
|DSP              |        -|   15|       -|      -|    -|
|Expression       |        -|    -|       0|    162|    -|
|FIFO             |        -|    -|       -|      -|    -|
|Instance         |        -|    -|       0|  10905|    -|
|Memory           |        -|    -|       -|      -|    -|
|Multiplexer      |        -|    -|       -|     63|    -|
|Register         |        -|    -|     816|    192|    -|
+-----------------+---------+-----+--------+-------+-----+
|Total            |        0|   15|     816|  11322|    0|
+-----------------+---------+-----+--------+-------+-----+
|Available        |      280|  220|  106400|  53200|    0|
+-----------------+---------+-----+--------+-------+-----+
|Utilization (%)  |        0|    6|      ~0|     21|    0|
+-----------------+---------+-----+--------+-------+-----+

+ Detail: 
    * Instance: 
    +----------------------+-----------------+---------+----+---+-----+-----+
    |       Instance       |      Module     | BRAM_18K| DSP| FF| LUT | URAM|
    +----------------------+-----------------+---------+----+---+-----+-----+
    |mux_1368_16_1_1_U177  |mux_1368_16_1_1  |        0|   0|  0|  727|    0|
    |mux_1368_16_1_1_U178  |mux_1368_16_1_1  |        0|   0|  0|  727|    0|
    |mux_1368_16_1_1_U179  |mux_1368_16_1_1  |        0|   0|  0|  727|    0|
    |mux_1368_16_1_1_U180  |mux_1368_16_1_1  |        0|   0|  0|  727|    0|
    |mux_1368_16_1_1_U181  |mux_1368_16_1_1  |        0|   0|  0|  727|    0|
    |mux_1368_16_1_1_U182  |mux_1368_16_1_1  |        0|   0|  0|  727|    0|
    |mux_1368_16_1_1_U183  |mux_1368_16_1_1  |        0|   0|  0|  727|    0|
    |mux_1368_16_1_1_U184  |mux_1368_16_1_1  |        0|   0|  0|  727|    0|
    |mux_1368_16_1_1_U185  |mux_1368_16_1_1  |        0|   0|  0|  727|    0|
    |mux_1368_16_1_1_U186  |mux_1368_16_1_1  |        0|   0|  0|  727|    0|
    |mux_1368_16_1_1_U187  |mux_1368_16_1_1  |        0|   0|  0|  727|    0|
    |mux_1368_16_1_1_U188  |mux_1368_16_1_1  |        0|   0|  0|  727|    0|
    |mux_1368_16_1_1_U189  |mux_1368_16_1_1  |        0|   0|  0|  727|    0|
    |mux_1368_16_1_1_U190  |mux_1368_16_1_1  |        0|   0|  0|  727|    0|
    |mux_1368_16_1_1_U191  |mux_1368_16_1_1  |        0|   0|  0|  727|    0|
    +----------------------+-----------------+---------+----+---+-----+-----+
    |Total                 |                 |        0|   0|  0|10905|    0|
    +----------------------+-----------------+---------+----+---+-----+-----+

    * DSP: 
    +-------------------------------------+--------------------------------+--------------+
    |               Instance              |             Module             |  Expression  |
    +-------------------------------------+--------------------------------+--------------+
    |mac_muladd_16s_16s_16ns_16_4_1_U196  |mac_muladd_16s_16s_16ns_16_4_1  |  i0 + i1 * i2|
    |mac_muladd_16s_16s_16ns_16_4_1_U199  |mac_muladd_16s_16s_16ns_16_4_1  |  i0 + i1 * i2|
    |mac_muladd_16s_16s_16ns_16_4_1_U200  |mac_muladd_16s_16s_16ns_16_4_1  |  i0 + i1 * i2|
    |mac_muladd_16s_16s_16ns_16_4_1_U201  |mac_muladd_16s_16s_16ns_16_4_1  |  i0 + i1 * i2|
    |mac_muladd_16s_16s_16ns_16_4_1_U202  |mac_muladd_16s_16s_16ns_16_4_1  |  i0 + i1 * i2|
    |mac_muladd_16s_16s_16ns_16_4_1_U203  |mac_muladd_16s_16s_16ns_16_4_1  |  i0 + i1 * i2|
    |mac_muladd_16s_16s_16ns_16_4_1_U204  |mac_muladd_16s_16s_16ns_16_4_1  |  i0 + i1 * i2|
    |mac_muladd_16s_16s_16ns_16_4_1_U205  |mac_muladd_16s_16s_16ns_16_4_1  |  i0 + i1 * i2|
    |mac_muladd_16s_16s_16ns_16_4_1_U206  |mac_muladd_16s_16s_16ns_16_4_1  |  i0 + i1 * i2|
    |mul_mul_16s_16s_16_4_1_U192          |mul_mul_16s_16s_16_4_1          |       i0 * i1|
    |mul_mul_16s_16s_16_4_1_U193          |mul_mul_16s_16s_16_4_1          |       i0 * i1|
    |mul_mul_16s_16s_16_4_1_U194          |mul_mul_16s_16s_16_4_1          |       i0 * i1|
    |mul_mul_16s_16s_16_4_1_U195          |mul_mul_16s_16s_16_4_1          |       i0 * i1|
    |mul_mul_16s_16s_16_4_1_U197          |mul_mul_16s_16s_16_4_1          |       i0 * i1|
    |mul_mul_16s_16s_16_4_1_U198          |mul_mul_16s_16s_16_4_1          |       i0 * i1|
    +-------------------------------------+--------------------------------+--------------+

    * Memory: 
    N/A

    * FIFO: 
    N/A

    * Expression: 
    +-------------------------+----------+----+---+----+------------+------------+
    |      Variable Name      | Operation| DSP| FF| LUT| Bitwidth P0| Bitwidth P1|
    +-------------------------+----------+----+---+----+------------+------------+
    |add_ln186_1_fu_1535_p2   |         +|   0|  0|  13|          10|          10|
    |add_ln61_1_fu_1522_p2    |         +|   0|  0|  13|           4|           1|
    |add_ln61_fu_5719_p2      |         +|   0|  0|  15|           8|           4|
    |add_ln840_12_fu_5748_p2  |         +|   0|  0|  23|          16|          16|
    |add_ln840_13_fu_5755_p2  |         +|   0|  0|  16|          16|          16|
    |add_ln840_14_fu_5759_p2  |         +|   0|  0|  16|          16|          16|
    |add_ln840_4_fu_5739_p2   |         +|   0|  0|  16|          16|          16|
    |add_ln840_5_fu_5743_p2   |         +|   0|  0|  16|          16|          16|
    |grp_fu_5866_p2           |         +|   0|  0|  23|          16|          16|
    |icmp_ln61_fu_1516_p2     |      icmp|   0|  0|   9|           4|           4|
    |ap_enable_pp0            |       xor|   0|  0|   2|           1|           2|
    +-------------------------+----------+----+---+----+------------+------------+
    |Total                    |          |   0|  0| 162|         123|         117|
    +-------------------------+----------+----+---+----+------------+------------+

    * Multiplexer: 
    +----------------------------------+----+-----------+-----+-----------+
    |               Name               | LUT| Input Size| Bits| Total Bits|
    +----------------------------------+----+-----------+-----+-----------+
    |ap_done_int                       |   9|          2|    1|          2|
    |ap_enable_reg_pp0_iter1           |   9|          2|    1|          2|
    |ap_sig_allocacmp_dot_load         |   9|          2|    8|         16|
    |ap_sig_allocacmp_indvars_iv_load  |   9|          2|    4|          8|
    |conv3_i_1488_fu_372               |   9|          2|   16|         32|
    |dot_fu_376                        |   9|          2|    8|         16|
    |indvars_iv_fu_380                 |   9|          2|    4|          8|
    +----------------------------------+----+-----------+-----+-----------+
    |Total                             |  63|         14|   42|         84|
    +----------------------------------+----+-----------+-----+-----------+

    * Register: 
    +-------------------------------------+----+----+-----+-----------+
    |                 Name                | FF | LUT| Bits| Const Bits|
    +-------------------------------------+----+----+-----+-----------+
    |add_ln840_12_reg_6190                |  16|   0|   16|          0|
    |add_ln840_5_reg_6185                 |  16|   0|   16|          0|
    |ap_CS_fsm                            |   1|   0|    1|          0|
    |ap_done_reg                          |   1|   0|    1|          0|
    |ap_enable_reg_pp0_iter1              |   1|   0|    1|          0|
    |ap_enable_reg_pp0_iter2              |   1|   0|    1|          0|
    |ap_enable_reg_pp0_iter3              |   1|   0|    1|          0|
    |ap_enable_reg_pp0_iter4              |   1|   0|    1|          0|
    |ap_enable_reg_pp0_iter5              |   1|   0|    1|          0|
    |ap_enable_reg_pp0_iter6              |   1|   0|    1|          0|
    |ap_enable_reg_pp0_iter7              |   1|   0|    1|          0|
    |ap_loop_exit_ready_pp0_iter1_reg     |   1|   0|    1|          0|
    |ap_loop_exit_ready_pp0_iter2_reg     |   1|   0|    1|          0|
    |ap_loop_exit_ready_pp0_iter3_reg     |   1|   0|    1|          0|
    |ap_loop_exit_ready_pp0_iter4_reg     |   1|   0|    1|          0|
    |ap_loop_exit_ready_pp0_iter5_reg     |   1|   0|    1|          0|
    |ap_loop_exit_ready_pp0_iter6_reg     |   1|   0|    1|          0|
    |conv3_i_1488_fu_372                  |  16|   0|   16|          0|
    |dot_fu_376                           |   8|   0|    8|          0|
    |icmp_ln61_reg_5896                   |   1|   0|    1|          0|
    |indvars_iv_fu_380                    |   4|   0|    4|          0|
    |tmp_10_reg_5985                      |  16|   0|   16|          0|
    |tmp_11_reg_5990                      |  16|   0|   16|          0|
    |tmp_11_reg_5990_pp0_iter1_reg        |  16|   0|   16|          0|
    |tmp_12_reg_5995                      |  16|   0|   16|          0|
    |tmp_13_reg_6000                      |  16|   0|   16|          0|
    |tmp_14_reg_6005                      |  16|   0|   16|          0|
    |tmp_1_reg_5935                       |  16|   0|   16|          0|
    |tmp_2_reg_5965                       |  16|   0|   16|          0|
    |tmp_3_reg_5940                       |  16|   0|   16|          0|
    |tmp_4_reg_5970                       |  16|   0|   16|          0|
    |tmp_5_reg_5945                       |  16|   0|   16|          0|
    |tmp_5_reg_5945_pp0_iter1_reg         |  16|   0|   16|          0|
    |tmp_6_reg_5975                       |  16|   0|   16|          0|
    |tmp_6_reg_5975_pp0_iter1_reg         |  16|   0|   16|          0|
    |tmp_7_reg_5950                       |  16|   0|   16|          0|
    |tmp_7_reg_5950_pp0_iter1_reg         |  16|   0|   16|          0|
    |tmp_8_reg_5980                       |  16|   0|   16|          0|
    |tmp_8_reg_5980_pp0_iter1_reg         |  16|   0|   16|          0|
    |tmp_9_reg_5955                       |  16|   0|   16|          0|
    |tmp_s_reg_5960                       |  16|   0|   16|          0|
    |tmp_s_reg_5960_pp0_iter1_reg         |  16|   0|   16|          0|
    |zext_ln186_1_reg_5900                |  10|   0|   64|         54|
    |zext_ln186_1_reg_5900_pp0_iter1_reg  |  10|   0|   64|         54|
    |icmp_ln61_reg_5896                   |  64|  32|    1|          0|
    |tmp_13_reg_6000                      |  64|  32|   16|          0|
    |tmp_14_reg_6005                      |  64|  32|   16|          0|
    |tmp_1_reg_5935                       |  64|  32|   16|          0|
    |tmp_2_reg_5965                       |  64|  32|   16|          0|
    |tmp_9_reg_5955                       |  64|  32|   16|          0|
    +-------------------------------------+----+----+-----+-----------+
    |Total                                | 816| 192|  621|        108|
    +-------------------------------------+----+----+-----+-----------+



================================================================
== Interface
================================================================
* Summary: 
+-----------------------------+-----+-----+------------+---------------------------------+--------------+
|          RTL Ports          | Dir | Bits|  Protocol  |          Source Object          |    C Type    |
+-----------------------------+-----+-----+------------+---------------------------------+--------------+
|ap_clk                       |   in|    1|  ap_ctrl_hs|  matmul_Pipeline_VITIS_LOOP_61_9|  return value|
|ap_rst                       |   in|    1|  ap_ctrl_hs|  matmul_Pipeline_VITIS_LOOP_61_9|  return value|
|ap_start                     |   in|    1|  ap_ctrl_hs|  matmul_Pipeline_VITIS_LOOP_61_9|  return value|
|ap_done                      |  out|    1|  ap_ctrl_hs|  matmul_Pipeline_VITIS_LOOP_61_9|  return value|
|ap_idle                      |  out|    1|  ap_ctrl_hs|  matmul_Pipeline_VITIS_LOOP_61_9|  return value|
|ap_ready                     |  out|    1|  ap_ctrl_hs|  matmul_Pipeline_VITIS_LOOP_61_9|  return value|
|Matrix_C_BRAM_V_load         |   in|   16|     ap_none|             Matrix_C_BRAM_V_load|        scalar|
|add_ln186                    |   in|   10|     ap_none|                        add_ln186|        scalar|
|Matrix_A_BRAM_V_address0     |  out|   10|   ap_memory|                  Matrix_A_BRAM_V|         array|
|Matrix_A_BRAM_V_ce0          |  out|    1|   ap_memory|                  Matrix_A_BRAM_V|         array|
|Matrix_A_BRAM_V_q0           |   in|   16|   ap_memory|                  Matrix_A_BRAM_V|         array|
|Matrix_A_BRAM_V_1_address0   |  out|   10|   ap_memory|                Matrix_A_BRAM_V_1|         array|
|Matrix_A_BRAM_V_1_ce0        |  out|    1|   ap_memory|                Matrix_A_BRAM_V_1|         array|
|Matrix_A_BRAM_V_1_q0         |   in|   16|   ap_memory|                Matrix_A_BRAM_V_1|         array|
|Matrix_A_BRAM_V_2_address0   |  out|   10|   ap_memory|                Matrix_A_BRAM_V_2|         array|
|Matrix_A_BRAM_V_2_ce0        |  out|    1|   ap_memory|                Matrix_A_BRAM_V_2|         array|
|Matrix_A_BRAM_V_2_q0         |   in|   16|   ap_memory|                Matrix_A_BRAM_V_2|         array|
|Matrix_A_BRAM_V_3_address0   |  out|   10|   ap_memory|                Matrix_A_BRAM_V_3|         array|
|Matrix_A_BRAM_V_3_ce0        |  out|    1|   ap_memory|                Matrix_A_BRAM_V_3|         array|
|Matrix_A_BRAM_V_3_q0         |   in|   16|   ap_memory|                Matrix_A_BRAM_V_3|         array|
|Matrix_A_BRAM_V_4_address0   |  out|   10|   ap_memory|                Matrix_A_BRAM_V_4|         array|
|Matrix_A_BRAM_V_4_ce0        |  out|    1|   ap_memory|                Matrix_A_BRAM_V_4|         array|
|Matrix_A_BRAM_V_4_q0         |   in|   16|   ap_memory|                Matrix_A_BRAM_V_4|         array|
|Matrix_A_BRAM_V_5_address0   |  out|   10|   ap_memory|                Matrix_A_BRAM_V_5|         array|
|Matrix_A_BRAM_V_5_ce0        |  out|    1|   ap_memory|                Matrix_A_BRAM_V_5|         array|
|Matrix_A_BRAM_V_5_q0         |   in|   16|   ap_memory|                Matrix_A_BRAM_V_5|         array|
|Matrix_A_BRAM_V_6_address0   |  out|   10|   ap_memory|                Matrix_A_BRAM_V_6|         array|
|Matrix_A_BRAM_V_6_ce0        |  out|    1|   ap_memory|                Matrix_A_BRAM_V_6|         array|
|Matrix_A_BRAM_V_6_q0         |   in|   16|   ap_memory|                Matrix_A_BRAM_V_6|         array|
|Matrix_A_BRAM_V_7_address0   |  out|   10|   ap_memory|                Matrix_A_BRAM_V_7|         array|
|Matrix_A_BRAM_V_7_ce0        |  out|    1|   ap_memory|                Matrix_A_BRAM_V_7|         array|
|Matrix_A_BRAM_V_7_q0         |   in|   16|   ap_memory|                Matrix_A_BRAM_V_7|         array|
|Matrix_A_BRAM_V_8_address0   |  out|   10|   ap_memory|                Matrix_A_BRAM_V_8|         array|
|Matrix_A_BRAM_V_8_ce0        |  out|    1|   ap_memory|                Matrix_A_BRAM_V_8|         array|
|Matrix_A_BRAM_V_8_q0         |   in|   16|   ap_memory|                Matrix_A_BRAM_V_8|         array|
|Matrix_A_BRAM_V_9_address0   |  out|   10|   ap_memory|                Matrix_A_BRAM_V_9|         array|
|Matrix_A_BRAM_V_9_ce0        |  out|    1|   ap_memory|                Matrix_A_BRAM_V_9|         array|
|Matrix_A_BRAM_V_9_q0         |   in|   16|   ap_memory|                Matrix_A_BRAM_V_9|         array|
|Matrix_A_BRAM_V_10_address0  |  out|   10|   ap_memory|               Matrix_A_BRAM_V_10|         array|
|Matrix_A_BRAM_V_10_ce0       |  out|    1|   ap_memory|               Matrix_A_BRAM_V_10|         array|
|Matrix_A_BRAM_V_10_q0        |   in|   16|   ap_memory|               Matrix_A_BRAM_V_10|         array|
|Matrix_A_BRAM_V_11_address0  |  out|   10|   ap_memory|               Matrix_A_BRAM_V_11|         array|
|Matrix_A_BRAM_V_11_ce0       |  out|    1|   ap_memory|               Matrix_A_BRAM_V_11|         array|
|Matrix_A_BRAM_V_11_q0        |   in|   16|   ap_memory|               Matrix_A_BRAM_V_11|         array|
|Matrix_A_BRAM_V_12_address0  |  out|   10|   ap_memory|               Matrix_A_BRAM_V_12|         array|
|Matrix_A_BRAM_V_12_ce0       |  out|    1|   ap_memory|               Matrix_A_BRAM_V_12|         array|
|Matrix_A_BRAM_V_12_q0        |   in|   16|   ap_memory|               Matrix_A_BRAM_V_12|         array|
|Matrix_A_BRAM_V_13_address0  |  out|   10|   ap_memory|               Matrix_A_BRAM_V_13|         array|
|Matrix_A_BRAM_V_13_ce0       |  out|    1|   ap_memory|               Matrix_A_BRAM_V_13|         array|
|Matrix_A_BRAM_V_13_q0        |   in|   16|   ap_memory|               Matrix_A_BRAM_V_13|         array|
|Matrix_A_BRAM_V_14_address0  |  out|   10|   ap_memory|               Matrix_A_BRAM_V_14|         array|
|Matrix_A_BRAM_V_14_ce0       |  out|    1|   ap_memory|               Matrix_A_BRAM_V_14|         array|
|Matrix_A_BRAM_V_14_q0        |   in|   16|   ap_memory|               Matrix_A_BRAM_V_14|         array|
|Matrix_B_BRAM_V_load         |   in|   16|     ap_none|             Matrix_B_BRAM_V_load|        scalar|
|Matrix_B_BRAM_V_1_load       |   in|   16|     ap_none|           Matrix_B_BRAM_V_1_load|        scalar|
|Matrix_B_BRAM_V_2_load       |   in|   16|     ap_none|           Matrix_B_BRAM_V_2_load|        scalar|
|Matrix_B_BRAM_V_3_load       |   in|   16|     ap_none|           Matrix_B_BRAM_V_3_load|        scalar|
|Matrix_B_BRAM_V_4_load       |   in|   16|     ap_none|           Matrix_B_BRAM_V_4_load|        scalar|
|Matrix_B_BRAM_V_5_load       |   in|   16|     ap_none|           Matrix_B_BRAM_V_5_load|        scalar|
|Matrix_B_BRAM_V_6_load       |   in|   16|     ap_none|           Matrix_B_BRAM_V_6_load|        scalar|
|Matrix_B_BRAM_V_7_load       |   in|   16|     ap_none|           Matrix_B_BRAM_V_7_load|        scalar|
|Matrix_B_BRAM_V_8_load       |   in|   16|     ap_none|           Matrix_B_BRAM_V_8_load|        scalar|
|Matrix_B_BRAM_V_9_load       |   in|   16|     ap_none|           Matrix_B_BRAM_V_9_load|        scalar|
|Matrix_B_BRAM_V_10_load      |   in|   16|     ap_none|          Matrix_B_BRAM_V_10_load|        scalar|
|Matrix_B_BRAM_V_11_load      |   in|   16|     ap_none|          Matrix_B_BRAM_V_11_load|        scalar|
|Matrix_B_BRAM_V_12_load      |   in|   16|     ap_none|          Matrix_B_BRAM_V_12_load|        scalar|
|Matrix_B_BRAM_V_13_load      |   in|   16|     ap_none|          Matrix_B_BRAM_V_13_load|        scalar|
|Matrix_B_BRAM_V_14_load      |   in|   16|     ap_none|          Matrix_B_BRAM_V_14_load|        scalar|
|Matrix_B_BRAM_V_15_load      |   in|   16|     ap_none|          Matrix_B_BRAM_V_15_load|        scalar|
|Matrix_B_BRAM_V_16_load      |   in|   16|     ap_none|          Matrix_B_BRAM_V_16_load|        scalar|
|Matrix_B_BRAM_V_17_load      |   in|   16|     ap_none|          Matrix_B_BRAM_V_17_load|        scalar|
|Matrix_B_BRAM_V_18_load      |   in|   16|     ap_none|          Matrix_B_BRAM_V_18_load|        scalar|
|Matrix_B_BRAM_V_19_load      |   in|   16|     ap_none|          Matrix_B_BRAM_V_19_load|        scalar|
|Matrix_B_BRAM_V_20_load      |   in|   16|     ap_none|          Matrix_B_BRAM_V_20_load|        scalar|
|Matrix_B_BRAM_V_21_load      |   in|   16|     ap_none|          Matrix_B_BRAM_V_21_load|        scalar|
|Matrix_B_BRAM_V_22_load      |   in|   16|     ap_none|          Matrix_B_BRAM_V_22_load|        scalar|
|Matrix_B_BRAM_V_23_load      |   in|   16|     ap_none|          Matrix_B_BRAM_V_23_load|        scalar|
|Matrix_B_BRAM_V_24_load      |   in|   16|     ap_none|          Matrix_B_BRAM_V_24_load|        scalar|
|Matrix_B_BRAM_V_25_load      |   in|   16|     ap_none|          Matrix_B_BRAM_V_25_load|        scalar|
|Matrix_B_BRAM_V_26_load      |   in|   16|     ap_none|          Matrix_B_BRAM_V_26_load|        scalar|
|Matrix_B_BRAM_V_27_load      |   in|   16|     ap_none|          Matrix_B_BRAM_V_27_load|        scalar|
|Matrix_B_BRAM_V_28_load      |   in|   16|     ap_none|          Matrix_B_BRAM_V_28_load|        scalar|
|Matrix_B_BRAM_V_29_load      |   in|   16|     ap_none|          Matrix_B_BRAM_V_29_load|        scalar|
|Matrix_B_BRAM_V_30_load      |   in|   16|     ap_none|          Matrix_B_BRAM_V_30_load|        scalar|
|Matrix_B_BRAM_V_31_load      |   in|   16|     ap_none|          Matrix_B_BRAM_V_31_load|        scalar|
|Matrix_B_BRAM_V_32_load      |   in|   16|     ap_none|          Matrix_B_BRAM_V_32_load|        scalar|
|Matrix_B_BRAM_V_33_load      |   in|   16|     ap_none|          Matrix_B_BRAM_V_33_load|        scalar|
|Matrix_B_BRAM_V_34_load      |   in|   16|     ap_none|          Matrix_B_BRAM_V_34_load|        scalar|
|Matrix_B_BRAM_V_35_load      |   in|   16|     ap_none|          Matrix_B_BRAM_V_35_load|        scalar|
|Matrix_B_BRAM_V_36_load      |   in|   16|     ap_none|          Matrix_B_BRAM_V_36_load|        scalar|
|Matrix_B_BRAM_V_37_load      |   in|   16|     ap_none|          Matrix_B_BRAM_V_37_load|        scalar|
|Matrix_B_BRAM_V_38_load      |   in|   16|     ap_none|          Matrix_B_BRAM_V_38_load|        scalar|
|Matrix_B_BRAM_V_39_load      |   in|   16|     ap_none|          Matrix_B_BRAM_V_39_load|        scalar|
|Matrix_B_BRAM_V_40_load      |   in|   16|     ap_none|          Matrix_B_BRAM_V_40_load|        scalar|
|Matrix_B_BRAM_V_41_load      |   in|   16|     ap_none|          Matrix_B_BRAM_V_41_load|        scalar|
|Matrix_B_BRAM_V_42_load      |   in|   16|     ap_none|          Matrix_B_BRAM_V_42_load|        scalar|
|Matrix_B_BRAM_V_43_load      |   in|   16|     ap_none|          Matrix_B_BRAM_V_43_load|        scalar|
|Matrix_B_BRAM_V_44_load      |   in|   16|     ap_none|          Matrix_B_BRAM_V_44_load|        scalar|
|Matrix_B_BRAM_V_45_load      |   in|   16|     ap_none|          Matrix_B_BRAM_V_45_load|        scalar|
|Matrix_B_BRAM_V_46_load      |   in|   16|     ap_none|          Matrix_B_BRAM_V_46_load|        scalar|
|Matrix_B_BRAM_V_47_load      |   in|   16|     ap_none|          Matrix_B_BRAM_V_47_load|        scalar|
|Matrix_B_BRAM_V_48_load      |   in|   16|     ap_none|          Matrix_B_BRAM_V_48_load|        scalar|
|Matrix_B_BRAM_V_49_load      |   in|   16|     ap_none|          Matrix_B_BRAM_V_49_load|        scalar|
|Matrix_B_BRAM_V_50_load      |   in|   16|     ap_none|          Matrix_B_BRAM_V_50_load|        scalar|
|Matrix_B_BRAM_V_51_load      |   in|   16|     ap_none|          Matrix_B_BRAM_V_51_load|        scalar|
|Matrix_B_BRAM_V_52_load      |   in|   16|     ap_none|          Matrix_B_BRAM_V_52_load|        scalar|
|Matrix_B_BRAM_V_53_load      |   in|   16|     ap_none|          Matrix_B_BRAM_V_53_load|        scalar|
|Matrix_B_BRAM_V_54_load      |   in|   16|     ap_none|          Matrix_B_BRAM_V_54_load|        scalar|
|Matrix_B_BRAM_V_55_load      |   in|   16|     ap_none|          Matrix_B_BRAM_V_55_load|        scalar|
|Matrix_B_BRAM_V_56_load      |   in|   16|     ap_none|          Matrix_B_BRAM_V_56_load|        scalar|
|Matrix_B_BRAM_V_57_load      |   in|   16|     ap_none|          Matrix_B_BRAM_V_57_load|        scalar|
|Matrix_B_BRAM_V_58_load      |   in|   16|     ap_none|          Matrix_B_BRAM_V_58_load|        scalar|
|Matrix_B_BRAM_V_59_load      |   in|   16|     ap_none|          Matrix_B_BRAM_V_59_load|        scalar|
|Matrix_B_BRAM_V_60_load      |   in|   16|     ap_none|          Matrix_B_BRAM_V_60_load|        scalar|
|Matrix_B_BRAM_V_61_load      |   in|   16|     ap_none|          Matrix_B_BRAM_V_61_load|        scalar|
|Matrix_B_BRAM_V_62_load      |   in|   16|     ap_none|          Matrix_B_BRAM_V_62_load|        scalar|
|Matrix_B_BRAM_V_63_load      |   in|   16|     ap_none|          Matrix_B_BRAM_V_63_load|        scalar|
|Matrix_B_BRAM_V_64_load      |   in|   16|     ap_none|          Matrix_B_BRAM_V_64_load|        scalar|
|Matrix_B_BRAM_V_65_load      |   in|   16|     ap_none|          Matrix_B_BRAM_V_65_load|        scalar|
|Matrix_B_BRAM_V_66_load      |   in|   16|     ap_none|          Matrix_B_BRAM_V_66_load|        scalar|
|Matrix_B_BRAM_V_67_load      |   in|   16|     ap_none|          Matrix_B_BRAM_V_67_load|        scalar|
|Matrix_B_BRAM_V_68_load      |   in|   16|     ap_none|          Matrix_B_BRAM_V_68_load|        scalar|
|Matrix_B_BRAM_V_69_load      |   in|   16|     ap_none|          Matrix_B_BRAM_V_69_load|        scalar|
|Matrix_B_BRAM_V_70_load      |   in|   16|     ap_none|          Matrix_B_BRAM_V_70_load|        scalar|
|Matrix_B_BRAM_V_71_load      |   in|   16|     ap_none|          Matrix_B_BRAM_V_71_load|        scalar|
|Matrix_B_BRAM_V_72_load      |   in|   16|     ap_none|          Matrix_B_BRAM_V_72_load|        scalar|
|Matrix_B_BRAM_V_73_load      |   in|   16|     ap_none|          Matrix_B_BRAM_V_73_load|        scalar|
|Matrix_B_BRAM_V_74_load      |   in|   16|     ap_none|          Matrix_B_BRAM_V_74_load|        scalar|
|Matrix_B_BRAM_V_75_load      |   in|   16|     ap_none|          Matrix_B_BRAM_V_75_load|        scalar|
|Matrix_B_BRAM_V_76_load      |   in|   16|     ap_none|          Matrix_B_BRAM_V_76_load|        scalar|
|Matrix_B_BRAM_V_77_load      |   in|   16|     ap_none|          Matrix_B_BRAM_V_77_load|        scalar|
|Matrix_B_BRAM_V_78_load      |   in|   16|     ap_none|          Matrix_B_BRAM_V_78_load|        scalar|
|Matrix_B_BRAM_V_79_load      |   in|   16|     ap_none|          Matrix_B_BRAM_V_79_load|        scalar|
|Matrix_B_BRAM_V_80_load      |   in|   16|     ap_none|          Matrix_B_BRAM_V_80_load|        scalar|
|Matrix_B_BRAM_V_81_load      |   in|   16|     ap_none|          Matrix_B_BRAM_V_81_load|        scalar|
|Matrix_B_BRAM_V_82_load      |   in|   16|     ap_none|          Matrix_B_BRAM_V_82_load|        scalar|
|Matrix_B_BRAM_V_83_load      |   in|   16|     ap_none|          Matrix_B_BRAM_V_83_load|        scalar|
|Matrix_B_BRAM_V_84_load      |   in|   16|     ap_none|          Matrix_B_BRAM_V_84_load|        scalar|
|Matrix_B_BRAM_V_85_load      |   in|   16|     ap_none|          Matrix_B_BRAM_V_85_load|        scalar|
|Matrix_B_BRAM_V_86_load      |   in|   16|     ap_none|          Matrix_B_BRAM_V_86_load|        scalar|
|Matrix_B_BRAM_V_87_load      |   in|   16|     ap_none|          Matrix_B_BRAM_V_87_load|        scalar|
|Matrix_B_BRAM_V_88_load      |   in|   16|     ap_none|          Matrix_B_BRAM_V_88_load|        scalar|
|Matrix_B_BRAM_V_89_load      |   in|   16|     ap_none|          Matrix_B_BRAM_V_89_load|        scalar|
|Matrix_B_BRAM_V_90_load      |   in|   16|     ap_none|          Matrix_B_BRAM_V_90_load|        scalar|
|Matrix_B_BRAM_V_91_load      |   in|   16|     ap_none|          Matrix_B_BRAM_V_91_load|        scalar|
|Matrix_B_BRAM_V_92_load      |   in|   16|     ap_none|          Matrix_B_BRAM_V_92_load|        scalar|
|Matrix_B_BRAM_V_93_load      |   in|   16|     ap_none|          Matrix_B_BRAM_V_93_load|        scalar|
|Matrix_B_BRAM_V_94_load      |   in|   16|     ap_none|          Matrix_B_BRAM_V_94_load|        scalar|
|Matrix_B_BRAM_V_95_load      |   in|   16|     ap_none|          Matrix_B_BRAM_V_95_load|        scalar|
|Matrix_B_BRAM_V_96_load      |   in|   16|     ap_none|          Matrix_B_BRAM_V_96_load|        scalar|
|Matrix_B_BRAM_V_97_load      |   in|   16|     ap_none|          Matrix_B_BRAM_V_97_load|        scalar|
|Matrix_B_BRAM_V_98_load      |   in|   16|     ap_none|          Matrix_B_BRAM_V_98_load|        scalar|
|Matrix_B_BRAM_V_99_load      |   in|   16|     ap_none|          Matrix_B_BRAM_V_99_load|        scalar|
|Matrix_B_BRAM_V_100_load     |   in|   16|     ap_none|         Matrix_B_BRAM_V_100_load|        scalar|
|Matrix_B_BRAM_V_101_load     |   in|   16|     ap_none|         Matrix_B_BRAM_V_101_load|        scalar|
|Matrix_B_BRAM_V_102_load     |   in|   16|     ap_none|         Matrix_B_BRAM_V_102_load|        scalar|
|Matrix_B_BRAM_V_103_load     |   in|   16|     ap_none|         Matrix_B_BRAM_V_103_load|        scalar|
|Matrix_B_BRAM_V_104_load     |   in|   16|     ap_none|         Matrix_B_BRAM_V_104_load|        scalar|
|Matrix_B_BRAM_V_105_load     |   in|   16|     ap_none|         Matrix_B_BRAM_V_105_load|        scalar|
|Matrix_B_BRAM_V_106_load     |   in|   16|     ap_none|         Matrix_B_BRAM_V_106_load|        scalar|
|Matrix_B_BRAM_V_107_load     |   in|   16|     ap_none|         Matrix_B_BRAM_V_107_load|        scalar|
|Matrix_B_BRAM_V_108_load     |   in|   16|     ap_none|         Matrix_B_BRAM_V_108_load|        scalar|
|Matrix_B_BRAM_V_109_load     |   in|   16|     ap_none|         Matrix_B_BRAM_V_109_load|        scalar|
|Matrix_B_BRAM_V_110_load     |   in|   16|     ap_none|         Matrix_B_BRAM_V_110_load|        scalar|
|Matrix_B_BRAM_V_111_load     |   in|   16|     ap_none|         Matrix_B_BRAM_V_111_load|        scalar|
|Matrix_B_BRAM_V_112_load     |   in|   16|     ap_none|         Matrix_B_BRAM_V_112_load|        scalar|
|Matrix_B_BRAM_V_113_load     |   in|   16|     ap_none|         Matrix_B_BRAM_V_113_load|        scalar|
|Matrix_B_BRAM_V_114_load     |   in|   16|     ap_none|         Matrix_B_BRAM_V_114_load|        scalar|
|Matrix_B_BRAM_V_115_load     |   in|   16|     ap_none|         Matrix_B_BRAM_V_115_load|        scalar|
|Matrix_B_BRAM_V_116_load     |   in|   16|     ap_none|         Matrix_B_BRAM_V_116_load|        scalar|
|Matrix_B_BRAM_V_117_load     |   in|   16|     ap_none|         Matrix_B_BRAM_V_117_load|        scalar|
|Matrix_B_BRAM_V_118_load     |   in|   16|     ap_none|         Matrix_B_BRAM_V_118_load|        scalar|
|Matrix_B_BRAM_V_119_load     |   in|   16|     ap_none|         Matrix_B_BRAM_V_119_load|        scalar|
|Matrix_B_BRAM_V_120_load     |   in|   16|     ap_none|         Matrix_B_BRAM_V_120_load|        scalar|
|Matrix_B_BRAM_V_121_load     |   in|   16|     ap_none|         Matrix_B_BRAM_V_121_load|        scalar|
|Matrix_B_BRAM_V_122_load     |   in|   16|     ap_none|         Matrix_B_BRAM_V_122_load|        scalar|
|Matrix_B_BRAM_V_123_load     |   in|   16|     ap_none|         Matrix_B_BRAM_V_123_load|        scalar|
|Matrix_B_BRAM_V_124_load     |   in|   16|     ap_none|         Matrix_B_BRAM_V_124_load|        scalar|
|Matrix_B_BRAM_V_125_load     |   in|   16|     ap_none|         Matrix_B_BRAM_V_125_load|        scalar|
|Matrix_B_BRAM_V_126_load     |   in|   16|     ap_none|         Matrix_B_BRAM_V_126_load|        scalar|
|Matrix_B_BRAM_V_127_load     |   in|   16|     ap_none|         Matrix_B_BRAM_V_127_load|        scalar|
|Matrix_B_BRAM_V_128_load     |   in|   16|     ap_none|         Matrix_B_BRAM_V_128_load|        scalar|
|Matrix_B_BRAM_V_129_load     |   in|   16|     ap_none|         Matrix_B_BRAM_V_129_load|        scalar|
|Matrix_B_BRAM_V_130_load     |   in|   16|     ap_none|         Matrix_B_BRAM_V_130_load|        scalar|
|Matrix_B_BRAM_V_131_load     |   in|   16|     ap_none|         Matrix_B_BRAM_V_131_load|        scalar|
|Matrix_B_BRAM_V_132_load     |   in|   16|     ap_none|         Matrix_B_BRAM_V_132_load|        scalar|
|Matrix_B_BRAM_V_133_load     |   in|   16|     ap_none|         Matrix_B_BRAM_V_133_load|        scalar|
|Matrix_B_BRAM_V_134_load     |   in|   16|     ap_none|         Matrix_B_BRAM_V_134_load|        scalar|
|Matrix_B_BRAM_V_135_load     |   in|   16|     ap_none|         Matrix_B_BRAM_V_135_load|        scalar|
|Matrix_B_BRAM_V_136_load     |   in|   16|     ap_none|         Matrix_B_BRAM_V_136_load|        scalar|
|Matrix_B_BRAM_V_137_load     |   in|   16|     ap_none|         Matrix_B_BRAM_V_137_load|        scalar|
|Matrix_B_BRAM_V_138_load     |   in|   16|     ap_none|         Matrix_B_BRAM_V_138_load|        scalar|
|Matrix_B_BRAM_V_139_load     |   in|   16|     ap_none|         Matrix_B_BRAM_V_139_load|        scalar|
|Matrix_B_BRAM_V_140_load     |   in|   16|     ap_none|         Matrix_B_BRAM_V_140_load|        scalar|
|Matrix_B_BRAM_V_141_load     |   in|   16|     ap_none|         Matrix_B_BRAM_V_141_load|        scalar|
|Matrix_B_BRAM_V_142_load     |   in|   16|     ap_none|         Matrix_B_BRAM_V_142_load|        scalar|
|Matrix_B_BRAM_V_143_load     |   in|   16|     ap_none|         Matrix_B_BRAM_V_143_load|        scalar|
|Matrix_B_BRAM_V_144_load     |   in|   16|     ap_none|         Matrix_B_BRAM_V_144_load|        scalar|
|Matrix_B_BRAM_V_145_load     |   in|   16|     ap_none|         Matrix_B_BRAM_V_145_load|        scalar|
|Matrix_B_BRAM_V_146_load     |   in|   16|     ap_none|         Matrix_B_BRAM_V_146_load|        scalar|
|Matrix_B_BRAM_V_147_load     |   in|   16|     ap_none|         Matrix_B_BRAM_V_147_load|        scalar|
|Matrix_B_BRAM_V_148_load     |   in|   16|     ap_none|         Matrix_B_BRAM_V_148_load|        scalar|
|Matrix_B_BRAM_V_149_load     |   in|   16|     ap_none|         Matrix_B_BRAM_V_149_load|        scalar|
|conv3_i_1488_out             |  out|   16|      ap_vld|                 conv3_i_1488_out|       pointer|
|conv3_i_1488_out_ap_vld      |  out|    1|      ap_vld|                 conv3_i_1488_out|       pointer|
+-----------------------------+-----+-----+------------+---------------------------------+--------------+

