

================================================================
== Vitis HLS Report for 'matmul_Pipeline_VITIS_LOOP_32_3_VITIS_LOOP_34_4'
================================================================
* Date:           Tue Oct  6 17:16:01 2026

* Version:        2022.2 (Build 3670227 on Oct 13 2022)
* Project:        vitis.prj
* Solution:       solution1 (Vivado IP Flow Target)
* Product family: zynq
* Target device:  xc7z020-clg400-1


================================================================
== Performance Estimates
================================================================
+ Timing: 
    * Summary: 
    +--------+----------+----------+------------+
    |  Clock |  Target  | Estimated| Uncertainty|
    +--------+----------+----------+------------+
    |ap_clk  |  10.00 ns|  7.300 ns|     2.70 ns|
    +--------+----------+----------+------------+

+ Latency: 
    * Summary: 
    +---------+---------+----------+----------+-------+-------+---------+
    |  Latency (cycles) |  Latency (absolute) |    Interval   | Pipeline|
    |   min   |   max   |    min   |    max   |  min  |  max  |   Type  |
    +---------+---------+----------+----------+-------+-------+---------+
    |    30003|    30003|  0.300 ms|  0.300 ms|  30003|  30003|       no|
    +---------+---------+----------+----------+-------+-------+---------+

    + Detail: 
        * Instance: 
        N/A

        * Loop: 
        +-----------------------------------+---------+---------+----------+-----------+-----------+-------+----------+
        |                                   |  Latency (cycles) | Iteration|  Initiation Interval  |  Trip |          |
        |             Loop Name             |   min   |   max   |  Latency |  achieved |   target  | Count | Pipelined|
        +-----------------------------------+---------+---------+----------+-----------+-----------+-------+----------+
        |- VITIS_LOOP_32_3_VITIS_LOOP_34_4  |    30001|    30001|         3|          1|          1|  30000|       yes|
        +-----------------------------------+---------+---------+----------+-----------+-----------+-------+----------+



================================================================
== Utilization Estimates
================================================================
* Summary: 
+-----------------+---------+-----+--------+-------+-----+
|       Name      | BRAM_18K| DSP |   FF   |  LUT  | URAM|
+-----------------+---------+-----+--------+-------+-----+
|DSP              |        -|    -|       -|      -|    -|
|Expression       |        -|    -|       0|     93|    -|
|FIFO             |        -|    -|       -|      -|    -|
|Instance         |        -|    -|       -|      -|    -|
|Memory           |        -|    -|       -|      -|    -|
|Multiplexer      |        -|    -|       -|     63|    -|
|Register         |        -|    -|      52|      -|    -|
+-----------------+---------+-----+--------+-------+-----+
|Total            |        0|    0|      52|    156|    0|
+-----------------+---------+-----+--------+-------+-----+
|Available        |      280|  220|  106400|  53200|    0|
+-----------------+---------+-----+--------+-------+-----+
|Utilization (%)  |        0|    0|      ~0|     ~0|    0|
+-----------------+---------+-----+--------+-------+-----+

+ Detail: 
    * Instance: 
    N/A

    * DSP: 
    N/A

    * Memory: 
    N/A

    * FIFO: 
    N/A

    * Expression: 
    +---------------------------+----------+----+---+----+------------+------------+
    |       Variable Name       | Operation| DSP| FF| LUT| Bitwidth P0| Bitwidth P1|
    +---------------------------+----------+----+---+----+------------+------------+
    |add_ln32_1_fu_2657_p2      |         +|   0|  0|  20|          15|           1|
    |add_ln32_fu_2674_p2        |         +|   0|  0|  15|           8|           1|
    |add_ln34_fu_2856_p2        |         +|   0|  0|  15|           8|           1|
    |ap_block_pp0_stage0_11001  |       and|   0|  0|   2|           1|           1|
    |icmp_ln32_fu_2651_p2       |      icmp|   0|  0|  12|          15|          13|
    |icmp_ln34_fu_2680_p2       |      icmp|   0|  0|  11|           8|           7|
    |select_ln32_1_fu_2694_p3   |    select|   0|  0|   8|           1|           8|
    |select_ln32_fu_2686_p3     |    select|   0|  0|   8|           1|           1|
    |ap_enable_pp0              |       xor|   0|  0|   2|           1|           2|
    +---------------------------+----------+----+---+----+------------+------------+
    |Total                      |          |   0|  0|  93|          58|          35|
    +---------------------------+----------+----+---+----+------------+------------+

    * Multiplexer: 
    +---------------------------------------+----+-----------+-----+-----------+
    |                  Name                 | LUT| Input Size| Bits| Total Bits|
    +---------------------------------------+----+-----------+-----+-----------+
    |ap_done_int                            |   9|          2|    1|          2|
    |ap_enable_reg_pp0_iter1                |   9|          2|    1|          2|
    |ap_sig_allocacmp_indvar_flatten6_load  |   9|          2|   15|         30|
    |c_fu_650                               |   9|          2|    8|         16|
    |indvar_flatten6_fu_658                 |   9|          2|   15|         30|
    |mem2_blk_n_R                           |   9|          2|    1|          2|
    |r_fu_654                               |   9|          2|    8|         16|
    +---------------------------------------+----+-----------+-----+-----------+
    |Total                                  |  63|         14|   49|         98|
    +---------------------------------------+----+-----------+-----+-----------+

    * Register: 
    +----------------------------------+----+----+-----+-----------+
    |               Name               | FF | LUT| Bits| Const Bits|
    +----------------------------------+----+----+-----+-----------+
    |ap_CS_fsm                         |   1|   0|    1|          0|
    |ap_done_reg                       |   1|   0|    1|          0|
    |ap_enable_reg_pp0_iter1           |   1|   0|    1|          0|
    |ap_enable_reg_pp0_iter2           |   1|   0|    1|          0|
    |ap_loop_exit_ready_pp0_iter1_reg  |   1|   0|    1|          0|
    |c_fu_650                          |   8|   0|    8|          0|
    |indvar_flatten6_fu_658            |  15|   0|   15|          0|
    |mem2_addr_read_reg_2902           |  16|   0|   16|          0|
    |r_fu_654                          |   8|   0|    8|          0|
    +----------------------------------+----+----+-----+-----------+
    |Total                             |  52|   0|   52|          0|
    +----------------------------------+----+----+-----+-----------+



================================================================
== Interface
================================================================
* Summary: 
+------------------------------+-----+-----+------------+-------------------------------------------------+--------------+
|           RTL Ports          | Dir | Bits|  Protocol  |                  Source Object                  |    C Type    |
+------------------------------+-----+-----+------------+-------------------------------------------------+--------------+
|ap_clk                        |   in|    1|  ap_ctrl_hs|  matmul_Pipeline_VITIS_LOOP_32_3_VITIS_LOOP_34_4|  return value|
|ap_rst                        |   in|    1|  ap_ctrl_hs|  matmul_Pipeline_VITIS_LOOP_32_3_VITIS_LOOP_34_4|  return value|
|ap_start                      |   in|    1|  ap_ctrl_hs|  matmul_Pipeline_VITIS_LOOP_32_3_VITIS_LOOP_34_4|  return value|
|ap_done                       |  out|    1|  ap_ctrl_hs|  matmul_Pipeline_VITIS_LOOP_32_3_VITIS_LOOP_34_4|  return value|
|ap_idle                       |  out|    1|  ap_ctrl_hs|  matmul_Pipeline_VITIS_LOOP_32_3_VITIS_LOOP_34_4|  return value|
|ap_ready                      |  out|    1|  ap_ctrl_hs|  matmul_Pipeline_VITIS_LOOP_32_3_VITIS_LOOP_34_4|  return value|
|m_axi_mem2_AWVALID            |  out|    1|       m_axi|                                             mem2|       pointer|
|m_axi_mem2_AWREADY            |   in|    1|       m_axi|                                             mem2|       pointer|
|m_axi_mem2_AWADDR             |  out|   64|       m_axi|                                             mem2|       pointer|
|m_axi_mem2_AWID               |  out|    1|       m_axi|                                             mem2|       pointer|
|m_axi_mem2_AWLEN              |  out|   32|       m_axi|                                             mem2|       pointer|
|m_axi_mem2_AWSIZE             |  out|    3|       m_axi|                                             mem2|       pointer|
|m_axi_mem2_AWBURST            |  out|    2|       m_axi|                                             mem2|       pointer|
|m_axi_mem2_AWLOCK             |  out|    2|       m_axi|                                             mem2|       pointer|
|m_axi_mem2_AWCACHE            |  out|    4|       m_axi|                                             mem2|       pointer|
|m_axi_mem2_AWPROT             |  out|    3|       m_axi|                                             mem2|       pointer|
|m_axi_mem2_AWQOS              |  out|    4|       m_axi|                                             mem2|       pointer|
|m_axi_mem2_AWREGION           |  out|    4|       m_axi|                                             mem2|       pointer|
|m_axi_mem2_AWUSER             |  out|    1|       m_axi|                                             mem2|       pointer|
|m_axi_mem2_WVALID             |  out|    1|       m_axi|                                             mem2|       pointer|
|m_axi_mem2_WREADY             |   in|    1|       m_axi|                                             mem2|       pointer|
|m_axi_mem2_WDATA              |  out|   16|       m_axi|                                             mem2|       pointer|
|m_axi_mem2_WSTRB              |  out|    2|       m_axi|                                             mem2|       pointer|
|m_axi_mem2_WLAST              |  out|    1|       m_axi|                                             mem2|       pointer|
|m_axi_mem2_WID                |  out|    1|       m_axi|                                             mem2|       pointer|
|m_axi_mem2_WUSER              |  out|    1|       m_axi|                                             mem2|       pointer|
|m_axi_mem2_ARVALID            |  out|    1|       m_axi|                                             mem2|       pointer|
|m_axi_mem2_ARREADY            |   in|    1|       m_axi|                                             mem2|       pointer|
|m_axi_mem2_ARADDR             |  out|   64|       m_axi|                                             mem2|       pointer|
|m_axi_mem2_ARID               |  out|    1|       m_axi|                                             mem2|       pointer|
|m_axi_mem2_ARLEN              |  out|   32|       m_axi|                                             mem2|       pointer|
|m_axi_mem2_ARSIZE             |  out|    3|       m_axi|                                             mem2|       pointer|
|m_axi_mem2_ARBURST            |  out|    2|       m_axi|                                             mem2|       pointer|
|m_axi_mem2_ARLOCK             |  out|    2|       m_axi|                                             mem2|       pointer|
|m_axi_mem2_ARCACHE            |  out|    4|       m_axi|                                             mem2|       pointer|
|m_axi_mem2_ARPROT             |  out|    3|       m_axi|                                             mem2|       pointer|
|m_axi_mem2_ARQOS              |  out|    4|       m_axi|                                             mem2|       pointer|
|m_axi_mem2_ARREGION           |  out|    4|       m_axi|                                             mem2|       pointer|
|m_axi_mem2_ARUSER             |  out|    1|       m_axi|                                             mem2|       pointer|
|m_axi_mem2_RVALID             |   in|    1|       m_axi|                                             mem2|       pointer|
|m_axi_mem2_RREADY             |  out|    1|       m_axi|                                             mem2|       pointer|
|m_axi_mem2_RDATA              |   in|   16|       m_axi|                                             mem2|       pointer|
|m_axi_mem2_RLAST              |   in|    1|       m_axi|                                             mem2|       pointer|
|m_axi_mem2_RID                |   in|    1|       m_axi|                                             mem2|       pointer|
|m_axi_mem2_RFIFONUM           |   in|   10|       m_axi|                                             mem2|       pointer|
|m_axi_mem2_RUSER              |   in|    1|       m_axi|                                             mem2|       pointer|
|m_axi_mem2_RRESP              |   in|    2|       m_axi|                                             mem2|       pointer|
|m_axi_mem2_BVALID             |   in|    1|       m_axi|                                             mem2|       pointer|
|m_axi_mem2_BREADY             |  out|    1|       m_axi|                                             mem2|       pointer|
|m_axi_mem2_BRESP              |   in|    2|       m_axi|                                             mem2|       pointer|
|m_axi_mem2_BID                |   in|    1|       m_axi|                                             mem2|       pointer|
|m_axi_mem2_BUSER              |   in|    1|       m_axi|                                             mem2|       pointer|
|sext_ln32                     |   in|   63|     ap_none|                                        sext_ln32|        scalar|
|Matrix_B_BRAM_V_149_address0  |  out|    8|   ap_memory|                              Matrix_B_BRAM_V_149|         array|
|Matrix_B_BRAM_V_149_ce0       |  out|    1|   ap_memory|                              Matrix_B_BRAM_V_149|         array|
|Matrix_B_BRAM_V_149_we0       |  out|    1|   ap_memory|                              Matrix_B_BRAM_V_149|         array|
|Matrix_B_BRAM_V_149_d0        |  out|   16|   ap_memory|                              Matrix_B_BRAM_V_149|         array|
|Matrix_B_BRAM_V_148_address0  |  out|    8|   ap_memory|                              Matrix_B_BRAM_V_148|         array|
|Matrix_B_BRAM_V_148_ce0       |  out|    1|   ap_memory|                              Matrix_B_BRAM_V_148|         array|
|Matrix_B_BRAM_V_148_we0       |  out|    1|   ap_memory|                              Matrix_B_BRAM_V_148|         array|
|Matrix_B_BRAM_V_148_d0        |  out|   16|   ap_memory|                              Matrix_B_BRAM_V_148|         array|
|Matrix_B_BRAM_V_147_address0  |  out|    8|   ap_memory|                              Matrix_B_BRAM_V_147|         array|
|Matrix_B_BRAM_V_147_ce0       |  out|    1|   ap_memory|                              Matrix_B_BRAM_V_147|         array|
|Matrix_B_BRAM_V_147_we0       |  out|    1|   ap_memory|                              Matrix_B_BRAM_V_147|         array|
|Matrix_B_BRAM_V_147_d0        |  out|   16|   ap_memory|                              Matrix_B_BRAM_V_147|         array|
|Matrix_B_BRAM_V_146_address0  |  out|    8|   ap_memory|                              Matrix_B_BRAM_V_146|         array|
|Matrix_B_BRAM_V_146_ce0       |  out|    1|   ap_memory|                              Matrix_B_BRAM_V_146|         array|
|Matrix_B_BRAM_V_146_we0       |  out|    1|   ap_memory|                              Matrix_B_BRAM_V_146|         array|
|Matrix_B_BRAM_V_146_d0        |  out|   16|   ap_memory|                              Matrix_B_BRAM_V_146|         array|
|Matrix_B_BRAM_V_145_address0  |  out|    8|   ap_memory|                              Matrix_B_BRAM_V_145|         array|
|Matrix_B_BRAM_V_145_ce0       |  out|    1|   ap_memory|                              Matrix_B_BRAM_V_145|         array|
|Matrix_B_BRAM_V_145_we0       |  out|    1|   ap_memory|                              Matrix_B_BRAM_V_145|         array|
|Matrix_B_BRAM_V_145_d0        |  out|   16|   ap_memory|                              Matrix_B_BRAM_V_145|         array|
|Matrix_B_BRAM_V_144_address0  |  out|    8|   ap_memory|                              Matrix_B_BRAM_V_144|         array|
|Matrix_B_BRAM_V_144_ce0       |  out|    1|   ap_memory|                              Matrix_B_BRAM_V_144|         array|
|Matrix_B_BRAM_V_144_we0       |  out|    1|   ap_memory|                              Matrix_B_BRAM_V_144|         array|
|Matrix_B_BRAM_V_144_d0        |  out|   16|   ap_memory|                              Matrix_B_BRAM_V_144|         array|
|Matrix_B_BRAM_V_143_address0  |  out|    8|   ap_memory|                              Matrix_B_BRAM_V_143|         array|
|Matrix_B_BRAM_V_143_ce0       |  out|    1|   ap_memory|                              Matrix_B_BRAM_V_143|         array|
|Matrix_B_BRAM_V_143_we0       |  out|    1|   ap_memory|                              Matrix_B_BRAM_V_143|         array|
|Matrix_B_BRAM_V_143_d0        |  out|   16|   ap_memory|                              Matrix_B_BRAM_V_143|         array|
|Matrix_B_BRAM_V_142_address0  |  out|    8|   ap_memory|                              Matrix_B_BRAM_V_142|         array|
|Matrix_B_BRAM_V_142_ce0       |  out|    1|   ap_memory|                              Matrix_B_BRAM_V_142|         array|
|Matrix_B_BRAM_V_142_we0       |  out|    1|   ap_memory|                              Matrix_B_BRAM_V_142|         array|
|Matrix_B_BRAM_V_142_d0        |  out|   16|   ap_memory|                              Matrix_B_BRAM_V_142|         array|
|Matrix_B_BRAM_V_141_address0  |  out|    8|   ap_memory|                              Matrix_B_BRAM_V_141|         array|
|Matrix_B_BRAM_V_141_ce0       |  out|    1|   ap_memory|                              Matrix_B_BRAM_V_141|         array|
|Matrix_B_BRAM_V_141_we0       |  out|    1|   ap_memory|                              Matrix_B_BRAM_V_141|         array|
|Matrix_B_BRAM_V_141_d0        |  out|   16|   ap_memory|                              Matrix_B_BRAM_V_141|         array|
|Matrix_B_BRAM_V_140_address0  |  out|    8|   ap_memory|                              Matrix_B_BRAM_V_140|         array|
|Matrix_B_BRAM_V_140_ce0       |  out|    1|   ap_memory|                              Matrix_B_BRAM_V_140|         array|
|Matrix_B_BRAM_V_140_we0       |  out|    1|   ap_memory|                              Matrix_B_BRAM_V_140|         array|
|Matrix_B_BRAM_V_140_d0        |  out|   16|   ap_memory|                              Matrix_B_BRAM_V_140|         array|
|Matrix_B_BRAM_V_139_address0  |  out|    8|   ap_memory|                              Matrix_B_BRAM_V_139|         array|
|Matrix_B_BRAM_V_139_ce0       |  out|    1|   ap_memory|                              Matrix_B_BRAM_V_139|         array|
|Matrix_B_BRAM_V_139_we0       |  out|    1|   ap_memory|                              Matrix_B_BRAM_V_139|         array|
|Matrix_B_BRAM_V_139_d0        |  out|   16|   ap_memory|                              Matrix_B_BRAM_V_139|         array|
|Matrix_B_BRAM_V_138_address0  |  out|    8|   ap_memory|                              Matrix_B_BRAM_V_138|         array|
|Matrix_B_BRAM_V_138_ce0       |  out|    1|   ap_memory|                              Matrix_B_BRAM_V_138|         array|
|Matrix_B_BRAM_V_138_we0       |  out|    1|   ap_memory|                              Matrix_B_BRAM_V_138|         array|
|Matrix_B_BRAM_V_138_d0        |  out|   16|   ap_memory|                              Matrix_B_BRAM_V_138|         array|
|Matrix_B_BRAM_V_137_address0  |  out|    8|   ap_memory|                              Matrix_B_BRAM_V_137|         array|
|Matrix_B_BRAM_V_137_ce0       |  out|    1|   ap_memory|                              Matrix_B_BRAM_V_137|         array|
|Matrix_B_BRAM_V_137_we0       |  out|    1|   ap_memory|                              Matrix_B_BRAM_V_137|         array|
|Matrix_B_BRAM_V_137_d0        |  out|   16|   ap_memory|                              Matrix_B_BRAM_V_137|         array|
|Matrix_B_BRAM_V_136_address0  |  out|    8|   ap_memory|                              Matrix_B_BRAM_V_136|         array|
|Matrix_B_BRAM_V_136_ce0       |  out|    1|   ap_memory|                              Matrix_B_BRAM_V_136|         array|
|Matrix_B_BRAM_V_136_we0       |  out|    1|   ap_memory|                              Matrix_B_BRAM_V_136|         array|
|Matrix_B_BRAM_V_136_d0        |  out|   16|   ap_memory|                              Matrix_B_BRAM_V_136|         array|
|Matrix_B_BRAM_V_135_address0  |  out|    8|   ap_memory|                              Matrix_B_BRAM_V_135|         array|
|Matrix_B_BRAM_V_135_ce0       |  out|    1|   ap_memory|                              Matrix_B_BRAM_V_135|         array|
|Matrix_B_BRAM_V_135_we0       |  out|    1|   ap_memory|                              Matrix_B_BRAM_V_135|         array|
|Matrix_B_BRAM_V_135_d0        |  out|   16|   ap_memory|                              Matrix_B_BRAM_V_135|         array|
|Matrix_B_BRAM_V_134_address0  |  out|    8|   ap_memory|                              Matrix_B_BRAM_V_134|         array|
|Matrix_B_BRAM_V_134_ce0       |  out|    1|   ap_memory|                              Matrix_B_BRAM_V_134|         array|
|Matrix_B_BRAM_V_134_we0       |  out|    1|   ap_memory|                              Matrix_B_BRAM_V_134|         array|
|Matrix_B_BRAM_V_134_d0        |  out|   16|   ap_memory|                              Matrix_B_BRAM_V_134|         array|
|Matrix_B_BRAM_V_133_address0  |  out|    8|   ap_memory|                              Matrix_B_BRAM_V_133|         array|
|Matrix_B_BRAM_V_133_ce0       |  out|    1|   ap_memory|                              Matrix_B_BRAM_V_133|         array|
|Matrix_B_BRAM_V_133_we0       |  out|    1|   ap_memory|                              Matrix_B_BRAM_V_133|         array|
|Matrix_B_BRAM_V_133_d0        |  out|   16|   ap_memory|                              Matrix_B_BRAM_V_133|         array|
|Matrix_B_BRAM_V_132_address0  |  out|    8|   ap_memory|                              Matrix_B_BRAM_V_132|         array|
|Matrix_B_BRAM_V_132_ce0       |  out|    1|   ap_memory|                              Matrix_B_BRAM_V_132|         array|
|Matrix_B_BRAM_V_132_we0       |  out|    1|   ap_memory|                              Matrix_B_BRAM_V_132|         array|
|Matrix_B_BRAM_V_132_d0        |  out|   16|   ap_memory|                              Matrix_B_BRAM_V_132|         array|
|Matrix_B_BRAM_V_131_address0  |  out|    8|   ap_memory|                              Matrix_B_BRAM_V_131|         array|
|Matrix_B_BRAM_V_131_ce0       |  out|    1|   ap_memory|                              Matrix_B_BRAM_V_131|         array|
|Matrix_B_BRAM_V_131_we0       |  out|    1|   ap_memory|                              Matrix_B_BRAM_V_131|         array|
|Matrix_B_BRAM_V_131_d0        |  out|   16|   ap_memory|                              Matrix_B_BRAM_V_131|         array|
|Matrix_B_BRAM_V_130_address0  |  out|    8|   ap_memory|                              Matrix_B_BRAM_V_130|         array|
|Matrix_B_BRAM_V_130_ce0       |  out|    1|   ap_memory|                              Matrix_B_BRAM_V_130|         array|
|Matrix_B_BRAM_V_130_we0       |  out|    1|   ap_memory|                              Matrix_B_BRAM_V_130|         array|
|Matrix_B_BRAM_V_130_d0        |  out|   16|   ap_memory|                              Matrix_B_BRAM_V_130|         array|
|Matrix_B_BRAM_V_129_address0  |  out|    8|   ap_memory|                              Matrix_B_BRAM_V_129|         array|
|Matrix_B_BRAM_V_129_ce0       |  out|    1|   ap_memory|                              Matrix_B_BRAM_V_129|         array|
|Matrix_B_BRAM_V_129_we0       |  out|    1|   ap_memory|                              Matrix_B_BRAM_V_129|         array|
|Matrix_B_BRAM_V_129_d0        |  out|   16|   ap_memory|                              Matrix_B_BRAM_V_129|         array|
|Matrix_B_BRAM_V_128_address0  |  out|    8|   ap_memory|                              Matrix_B_BRAM_V_128|         array|
|Matrix_B_BRAM_V_128_ce0       |  out|    1|   ap_memory|                              Matrix_B_BRAM_V_128|         array|
|Matrix_B_BRAM_V_128_we0       |  out|    1|   ap_memory|                              Matrix_B_BRAM_V_128|         array|
|Matrix_B_BRAM_V_128_d0        |  out|   16|   ap_memory|                              Matrix_B_BRAM_V_128|         array|
|Matrix_B_BRAM_V_127_address0  |  out|    8|   ap_memory|                              Matrix_B_BRAM_V_127|         array|
|Matrix_B_BRAM_V_127_ce0       |  out|    1|   ap_memory|                              Matrix_B_BRAM_V_127|         array|
|Matrix_B_BRAM_V_127_we0       |  out|    1|   ap_memory|                              Matrix_B_BRAM_V_127|         array|
|Matrix_B_BRAM_V_127_d0        |  out|   16|   ap_memory|                              Matrix_B_BRAM_V_127|         array|
|Matrix_B_BRAM_V_126_address0  |  out|    8|   ap_memory|                              Matrix_B_BRAM_V_126|         array|
|Matrix_B_BRAM_V_126_ce0       |  out|    1|   ap_memory|                              Matrix_B_BRAM_V_126|         array|
|Matrix_B_BRAM_V_126_we0       |  out|    1|   ap_memory|                              Matrix_B_BRAM_V_126|         array|
|Matrix_B_BRAM_V_126_d0        |  out|   16|   ap_memory|                              Matrix_B_BRAM_V_126|         array|
|Matrix_B_BRAM_V_125_address0  |  out|    8|   ap_memory|                              Matrix_B_BRAM_V_125|         array|
|Matrix_B_BRAM_V_125_ce0       |  out|    1|   ap_memory|                              Matrix_B_BRAM_V_125|         array|
|Matrix_B_BRAM_V_125_we0       |  out|    1|   ap_memory|                              Matrix_B_BRAM_V_125|         array|
|Matrix_B_BRAM_V_125_d0        |  out|   16|   ap_memory|                              Matrix_B_BRAM_V_125|         array|
|Matrix_B_BRAM_V_124_address0  |  out|    8|   ap_memory|                              Matrix_B_BRAM_V_124|         array|
|Matrix_B_BRAM_V_124_ce0       |  out|    1|   ap_memory|                              Matrix_B_BRAM_V_124|         array|
|Matrix_B_BRAM_V_124_we0       |  out|    1|   ap_memory|                              Matrix_B_BRAM_V_124|         array|
|Matrix_B_BRAM_V_124_d0        |  out|   16|   ap_memory|                              Matrix_B_BRAM_V_124|         array|
|Matrix_B_BRAM_V_123_address0  |  out|    8|   ap_memory|                              Matrix_B_BRAM_V_123|         array|
|Matrix_B_BRAM_V_123_ce0       |  out|    1|   ap_memory|                              Matrix_B_BRAM_V_123|         array|
|Matrix_B_BRAM_V_123_we0       |  out|    1|   ap_memory|                              Matrix_B_BRAM_V_123|         array|
|Matrix_B_BRAM_V_123_d0        |  out|   16|   ap_memory|                              Matrix_B_BRAM_V_123|         array|
|Matrix_B_BRAM_V_122_address0  |  out|    8|   ap_memory|                              Matrix_B_BRAM_V_122|         array|
|Matrix_B_BRAM_V_122_ce0       |  out|    1|   ap_memory|                              Matrix_B_BRAM_V_122|         array|
|Matrix_B_BRAM_V_122_we0       |  out|    1|   ap_memory|                              Matrix_B_BRAM_V_122|         array|
|Matrix_B_BRAM_V_122_d0        |  out|   16|   ap_memory|                              Matrix_B_BRAM_V_122|         array|
|Matrix_B_BRAM_V_121_address0  |  out|    8|   ap_memory|                              Matrix_B_BRAM_V_121|         array|
|Matrix_B_BRAM_V_121_ce0       |  out|    1|   ap_memory|                              Matrix_B_BRAM_V_121|         array|
|Matrix_B_BRAM_V_121_we0       |  out|    1|   ap_memory|                              Matrix_B_BRAM_V_121|         array|
|Matrix_B_BRAM_V_121_d0        |  out|   16|   ap_memory|                              Matrix_B_BRAM_V_121|         array|
|Matrix_B_BRAM_V_120_address0  |  out|    8|   ap_memory|                              Matrix_B_BRAM_V_120|         array|
|Matrix_B_BRAM_V_120_ce0       |  out|    1|   ap_memory|                              Matrix_B_BRAM_V_120|         array|
|Matrix_B_BRAM_V_120_we0       |  out|    1|   ap_memory|                              Matrix_B_BRAM_V_120|         array|
|Matrix_B_BRAM_V_120_d0        |  out|   16|   ap_memory|                              Matrix_B_BRAM_V_120|         array|
|Matrix_B_BRAM_V_119_address0  |  out|    8|   ap_memory|                              Matrix_B_BRAM_V_119|         array|
|Matrix_B_BRAM_V_119_ce0       |  out|    1|   ap_memory|                              Matrix_B_BRAM_V_119|         array|
|Matrix_B_BRAM_V_119_we0       |  out|    1|   ap_memory|                              Matrix_B_BRAM_V_119|         array|
|Matrix_B_BRAM_V_119_d0        |  out|   16|   ap_memory|                              Matrix_B_BRAM_V_119|         array|
|Matrix_B_BRAM_V_118_address0  |  out|    8|   ap_memory|                              Matrix_B_BRAM_V_118|         array|
|Matrix_B_BRAM_V_118_ce0       |  out|    1|   ap_memory|                              Matrix_B_BRAM_V_118|         array|
|Matrix_B_BRAM_V_118_we0       |  out|    1|   ap_memory|                              Matrix_B_BRAM_V_118|         array|
|Matrix_B_BRAM_V_118_d0        |  out|   16|   ap_memory|                              Matrix_B_BRAM_V_118|         array|
|Matrix_B_BRAM_V_117_address0  |  out|    8|   ap_memory|                              Matrix_B_BRAM_V_117|         array|
|Matrix_B_BRAM_V_117_ce0       |  out|    1|   ap_memory|                              Matrix_B_BRAM_V_117|         array|
|Matrix_B_BRAM_V_117_we0       |  out|    1|   ap_memory|                              Matrix_B_BRAM_V_117|         array|
|Matrix_B_BRAM_V_117_d0        |  out|   16|   ap_memory|                              Matrix_B_BRAM_V_117|         array|
|Matrix_B_BRAM_V_116_address0  |  out|    8|   ap_memory|                              Matrix_B_BRAM_V_116|         array|
|Matrix_B_BRAM_V_116_ce0       |  out|    1|   ap_memory|                              Matrix_B_BRAM_V_116|         array|
|Matrix_B_BRAM_V_116_we0       |  out|    1|   ap_memory|                              Matrix_B_BRAM_V_116|         array|
|Matrix_B_BRAM_V_116_d0        |  out|   16|   ap_memory|                              Matrix_B_BRAM_V_116|         array|
|Matrix_B_BRAM_V_115_address0  |  out|    8|   ap_memory|                              Matrix_B_BRAM_V_115|         array|
|Matrix_B_BRAM_V_115_ce0       |  out|    1|   ap_memory|                              Matrix_B_BRAM_V_115|         array|
|Matrix_B_BRAM_V_115_we0       |  out|    1|   ap_memory|                              Matrix_B_BRAM_V_115|         array|
|Matrix_B_BRAM_V_115_d0        |  out|   16|   ap_memory|                              Matrix_B_BRAM_V_115|         array|
|Matrix_B_BRAM_V_114_address0  |  out|    8|   ap_memory|                              Matrix_B_BRAM_V_114|         array|
|Matrix_B_BRAM_V_114_ce0       |  out|    1|   ap_memory|                              Matrix_B_BRAM_V_114|         array|
|Matrix_B_BRAM_V_114_we0       |  out|    1|   ap_memory|                              Matrix_B_BRAM_V_114|         array|
|Matrix_B_BRAM_V_114_d0        |  out|   16|   ap_memory|                              Matrix_B_BRAM_V_114|         array|
|Matrix_B_BRAM_V_113_address0  |  out|    8|   ap_memory|                              Matrix_B_BRAM_V_113|         array|
|Matrix_B_BRAM_V_113_ce0       |  out|    1|   ap_memory|                              Matrix_B_BRAM_V_113|         array|
|Matrix_B_BRAM_V_113_we0       |  out|    1|   ap_memory|                              Matrix_B_BRAM_V_113|         array|
|Matrix_B_BRAM_V_113_d0        |  out|   16|   ap_memory|                              Matrix_B_BRAM_V_113|         array|
|Matrix_B_BRAM_V_112_address0  |  out|    8|   ap_memory|                              Matrix_B_BRAM_V_112|         array|
|Matrix_B_BRAM_V_112_ce0       |  out|    1|   ap_memory|                              Matrix_B_BRAM_V_112|         array|
|Matrix_B_BRAM_V_112_we0       |  out|    1|   ap_memory|                              Matrix_B_BRAM_V_112|         array|
|Matrix_B_BRAM_V_112_d0        |  out|   16|   ap_memory|                              Matrix_B_BRAM_V_112|         array|
|Matrix_B_BRAM_V_111_address0  |  out|    8|   ap_memory|                              Matrix_B_BRAM_V_111|         array|
|Matrix_B_BRAM_V_111_ce0       |  out|    1|   ap_memory|                              Matrix_B_BRAM_V_111|         array|
|Matrix_B_BRAM_V_111_we0       |  out|    1|   ap_memory|                              Matrix_B_BRAM_V_111|         array|
|Matrix_B_BRAM_V_111_d0        |  out|   16|   ap_memory|                              Matrix_B_BRAM_V_111|         array|
|Matrix_B_BRAM_V_110_address0  |  out|    8|   ap_memory|                              Matrix_B_BRAM_V_110|         array|
|Matrix_B_BRAM_V_110_ce0       |  out|    1|   ap_memory|                              Matrix_B_BRAM_V_110|         array|
|Matrix_B_BRAM_V_110_we0       |  out|    1|   ap_memory|                              Matrix_B_BRAM_V_110|         array|
|Matrix_B_BRAM_V_110_d0        |  out|   16|   ap_memory|                              Matrix_B_BRAM_V_110|         array|
|Matrix_B_BRAM_V_109_address0  |  out|    8|   ap_memory|                              Matrix_B_BRAM_V_109|         array|
|Matrix_B_BRAM_V_109_ce0       |  out|    1|   ap_memory|                              Matrix_B_BRAM_V_109|         array|
|Matrix_B_BRAM_V_109_we0       |  out|    1|   ap_memory|                              Matrix_B_BRAM_V_109|         array|
|Matrix_B_BRAM_V_109_d0        |  out|   16|   ap_memory|                              Matrix_B_BRAM_V_109|         array|
|Matrix_B_BRAM_V_108_address0  |  out|    8|   ap_memory|                              Matrix_B_BRAM_V_108|         array|
|Matrix_B_BRAM_V_108_ce0       |  out|    1|   ap_memory|                              Matrix_B_BRAM_V_108|         array|
|Matrix_B_BRAM_V_108_we0       |  out|    1|   ap_memory|                              Matrix_B_BRAM_V_108|         array|
|Matrix_B_BRAM_V_108_d0        |  out|   16|   ap_memory|                              Matrix_B_BRAM_V_108|         array|
|Matrix_B_BRAM_V_107_address0  |  out|    8|   ap_memory|                              Matrix_B_BRAM_V_107|         array|
|Matrix_B_BRAM_V_107_ce0       |  out|    1|   ap_memory|                              Matrix_B_BRAM_V_107|         array|
|Matrix_B_BRAM_V_107_we0       |  out|    1|   ap_memory|                              Matrix_B_BRAM_V_107|         array|
|Matrix_B_BRAM_V_107_d0        |  out|   16|   ap_memory|                              Matrix_B_BRAM_V_107|         array|
|Matrix_B_BRAM_V_106_address0  |  out|    8|   ap_memory|                              Matrix_B_BRAM_V_106|         array|
|Matrix_B_BRAM_V_106_ce0       |  out|    1|   ap_memory|                              Matrix_B_BRAM_V_106|         array|
|Matrix_B_BRAM_V_106_we0       |  out|    1|   ap_memory|                              Matrix_B_BRAM_V_106|         array|
|Matrix_B_BRAM_V_106_d0        |  out|   16|   ap_memory|                              Matrix_B_BRAM_V_106|         array|
|Matrix_B_BRAM_V_105_address0  |  out|    8|   ap_memory|                              Matrix_B_BRAM_V_105|         array|
|Matrix_B_BRAM_V_105_ce0       |  out|    1|   ap_memory|                              Matrix_B_BRAM_V_105|         array|
|Matrix_B_BRAM_V_105_we0       |  out|    1|   ap_memory|                              Matrix_B_BRAM_V_105|         array|
|Matrix_B_BRAM_V_105_d0        |  out|   16|   ap_memory|                              Matrix_B_BRAM_V_105|         array|
|Matrix_B_BRAM_V_104_address0  |  out|    8|   ap_memory|                              Matrix_B_BRAM_V_104|         array|
|Matrix_B_BRAM_V_104_ce0       |  out|    1|   ap_memory|                              Matrix_B_BRAM_V_104|         array|
|Matrix_B_BRAM_V_104_we0       |  out|    1|   ap_memory|                              Matrix_B_BRAM_V_104|         array|
|Matrix_B_BRAM_V_104_d0        |  out|   16|   ap_memory|                              Matrix_B_BRAM_V_104|         array|
|Matrix_B_BRAM_V_103_address0  |  out|    8|   ap_memory|                              Matrix_B_BRAM_V_103|         array|
|Matrix_B_BRAM_V_103_ce0       |  out|    1|   ap_memory|                              Matrix_B_BRAM_V_103|         array|
|Matrix_B_BRAM_V_103_we0       |  out|    1|   ap_memory|                              Matrix_B_BRAM_V_103|         array|
|Matrix_B_BRAM_V_103_d0        |  out|   16|   ap_memory|                              Matrix_B_BRAM_V_103|         array|
|Matrix_B_BRAM_V_102_address0  |  out|    8|   ap_memory|                              Matrix_B_BRAM_V_102|         array|
|Matrix_B_BRAM_V_102_ce0       |  out|    1|   ap_memory|                              Matrix_B_BRAM_V_102|         array|
|Matrix_B_BRAM_V_102_we0       |  out|    1|   ap_memory|                              Matrix_B_BRAM_V_102|         array|
|Matrix_B_BRAM_V_102_d0        |  out|   16|   ap_memory|                              Matrix_B_BRAM_V_102|         array|
|Matrix_B_BRAM_V_101_address0  |  out|    8|   ap_memory|                              Matrix_B_BRAM_V_101|         array|
|Matrix_B_BRAM_V_101_ce0       |  out|    1|   ap_memory|                              Matrix_B_BRAM_V_101|         array|
|Matrix_B_BRAM_V_101_we0       |  out|    1|   ap_memory|                              Matrix_B_BRAM_V_101|         array|
|Matrix_B_BRAM_V_101_d0        |  out|   16|   ap_memory|                              Matrix_B_BRAM_V_101|         array|
|Matrix_B_BRAM_V_100_address0  |  out|    8|   ap_memory|                              Matrix_B_BRAM_V_100|         array|
|Matrix_B_BRAM_V_100_ce0       |  out|    1|   ap_memory|                              Matrix_B_BRAM_V_100|         array|
|Matrix_B_BRAM_V_100_we0       |  out|    1|   ap_memory|                              Matrix_B_BRAM_V_100|         array|
|Matrix_B_BRAM_V_100_d0        |  out|   16|   ap_memory|                              Matrix_B_BRAM_V_100|         array|
|Matrix_B_BRAM_V_99_address0   |  out|    8|   ap_memory|                               Matrix_B_BRAM_V_99|         array|
|Matrix_B_BRAM_V_99_ce0        |  out|    1|   ap_memory|                               Matrix_B_BRAM_V_99|         array|
|Matrix_B_BRAM_V_99_we0        |  out|    1|   ap_memory|                               Matrix_B_BRAM_V_99|         array|
|Matrix_B_BRAM_V_99_d0         |  out|   16|   ap_memory|                               Matrix_B_BRAM_V_99|         array|
|Matrix_B_BRAM_V_98_address0   |  out|    8|   ap_memory|                               Matrix_B_BRAM_V_98|         array|
|Matrix_B_BRAM_V_98_ce0        |  out|    1|   ap_memory|                               Matrix_B_BRAM_V_98|         array|
|Matrix_B_BRAM_V_98_we0        |  out|    1|   ap_memory|                               Matrix_B_BRAM_V_98|         array|
|Matrix_B_BRAM_V_98_d0         |  out|   16|   ap_memory|                               Matrix_B_BRAM_V_98|         array|
|Matrix_B_BRAM_V_97_address0   |  out|    8|   ap_memory|                               Matrix_B_BRAM_V_97|         array|
|Matrix_B_BRAM_V_97_ce0        |  out|    1|   ap_memory|                               Matrix_B_BRAM_V_97|         array|
|Matrix_B_BRAM_V_97_we0        |  out|    1|   ap_memory|                               Matrix_B_BRAM_V_97|         array|
|Matrix_B_BRAM_V_97_d0         |  out|   16|   ap_memory|                               Matrix_B_BRAM_V_97|         array|
|Matrix_B_BRAM_V_96_address0   |  out|    8|   ap_memory|                               Matrix_B_BRAM_V_96|         array|
|Matrix_B_BRAM_V_96_ce0        |  out|    1|   ap_memory|                               Matrix_B_BRAM_V_96|         array|
|Matrix_B_BRAM_V_96_we0        |  out|    1|   ap_memory|                               Matrix_B_BRAM_V_96|         array|
|Matrix_B_BRAM_V_96_d0         |  out|   16|   ap_memory|                               Matrix_B_BRAM_V_96|         array|
|Matrix_B_BRAM_V_95_address0   |  out|    8|   ap_memory|                               Matrix_B_BRAM_V_95|         array|
|Matrix_B_BRAM_V_95_ce0        |  out|    1|   ap_memory|                               Matrix_B_BRAM_V_95|         array|
|Matrix_B_BRAM_V_95_we0        |  out|    1|   ap_memory|                               Matrix_B_BRAM_V_95|         array|
|Matrix_B_BRAM_V_95_d0         |  out|   16|   ap_memory|                               Matrix_B_BRAM_V_95|         array|
|Matrix_B_BRAM_V_94_address0   |  out|    8|   ap_memory|                               Matrix_B_BRAM_V_94|         array|
|Matrix_B_BRAM_V_94_ce0        |  out|    1|   ap_memory|                               Matrix_B_BRAM_V_94|         array|
|Matrix_B_BRAM_V_94_we0        |  out|    1|   ap_memory|                               Matrix_B_BRAM_V_94|         array|
|Matrix_B_BRAM_V_94_d0         |  out|   16|   ap_memory|                               Matrix_B_BRAM_V_94|         array|
|Matrix_B_BRAM_V_93_address0   |  out|    8|   ap_memory|                               Matrix_B_BRAM_V_93|         array|
|Matrix_B_BRAM_V_93_ce0        |  out|    1|   ap_memory|                               Matrix_B_BRAM_V_93|         array|
|Matrix_B_BRAM_V_93_we0        |  out|    1|   ap_memory|                               Matrix_B_BRAM_V_93|         array|
|Matrix_B_BRAM_V_93_d0         |  out|   16|   ap_memory|                               Matrix_B_BRAM_V_93|         array|
|Matrix_B_BRAM_V_92_address0   |  out|    8|   ap_memory|                               Matrix_B_BRAM_V_92|         array|
|Matrix_B_BRAM_V_92_ce0        |  out|    1|   ap_memory|                               Matrix_B_BRAM_V_92|         array|
|Matrix_B_BRAM_V_92_we0        |  out|    1|   ap_memory|                               Matrix_B_BRAM_V_92|         array|
|Matrix_B_BRAM_V_92_d0         |  out|   16|   ap_memory|                               Matrix_B_BRAM_V_92|         array|
|Matrix_B_BRAM_V_91_address0   |  out|    8|   ap_memory|                               Matrix_B_BRAM_V_91|         array|
|Matrix_B_BRAM_V_91_ce0        |  out|    1|   ap_memory|                               Matrix_B_BRAM_V_91|         array|
|Matrix_B_BRAM_V_91_we0        |  out|    1|   ap_memory|                               Matrix_B_BRAM_V_91|         array|
|Matrix_B_BRAM_V_91_d0         |  out|   16|   ap_memory|                               Matrix_B_BRAM_V_91|         array|
|Matrix_B_BRAM_V_90_address0   |  out|    8|   ap_memory|                               Matrix_B_BRAM_V_90|         array|
|Matrix_B_BRAM_V_90_ce0        |  out|    1|   ap_memory|                               Matrix_B_BRAM_V_90|         array|
|Matrix_B_BRAM_V_90_we0        |  out|    1|   ap_memory|                               Matrix_B_BRAM_V_90|         array|
|Matrix_B_BRAM_V_90_d0         |  out|   16|   ap_memory|                               Matrix_B_BRAM_V_90|         array|
|Matrix_B_BRAM_V_89_address0   |  out|    8|   ap_memory|                               Matrix_B_BRAM_V_89|         array|
|Matrix_B_BRAM_V_89_ce0        |  out|    1|   ap_memory|                               Matrix_B_BRAM_V_89|         array|
|Matrix_B_BRAM_V_89_we0        |  out|    1|   ap_memory|                               Matrix_B_BRAM_V_89|         array|
|Matrix_B_BRAM_V_89_d0         |  out|   16|   ap_memory|                               Matrix_B_BRAM_V_89|         array|
|Matrix_B_BRAM_V_88_address0   |  out|    8|   ap_memory|                               Matrix_B_BRAM_V_88|         array|
|Matrix_B_BRAM_V_88_ce0        |  out|    1|   ap_memory|                               Matrix_B_BRAM_V_88|         array|
|Matrix_B_BRAM_V_88_we0        |  out|    1|   ap_memory|                               Matrix_B_BRAM_V_88|         array|
|Matrix_B_BRAM_V_88_d0         |  out|   16|   ap_memory|                               Matrix_B_BRAM_V_88|         array|
|Matrix_B_BRAM_V_87_address0   |  out|    8|   ap_memory|                               Matrix_B_BRAM_V_87|         array|
|Matrix_B_BRAM_V_87_ce0        |  out|    1|   ap_memory|                               Matrix_B_BRAM_V_87|         array|
|Matrix_B_BRAM_V_87_we0        |  out|    1|   ap_memory|                               Matrix_B_BRAM_V_87|         array|
|Matrix_B_BRAM_V_87_d0         |  out|   16|   ap_memory|                               Matrix_B_BRAM_V_87|         array|
|Matrix_B_BRAM_V_86_address0   |  out|    8|   ap_memory|                               Matrix_B_BRAM_V_86|         array|
|Matrix_B_BRAM_V_86_ce0        |  out|    1|   ap_memory|                               Matrix_B_BRAM_V_86|         array|
|Matrix_B_BRAM_V_86_we0        |  out|    1|   ap_memory|                               Matrix_B_BRAM_V_86|         array|
|Matrix_B_BRAM_V_86_d0         |  out|   16|   ap_memory|                               Matrix_B_BRAM_V_86|         array|
|Matrix_B_BRAM_V_85_address0   |  out|    8|   ap_memory|                               Matrix_B_BRAM_V_85|         array|
|Matrix_B_BRAM_V_85_ce0        |  out|    1|   ap_memory|                               Matrix_B_BRAM_V_85|         array|
|Matrix_B_BRAM_V_85_we0        |  out|    1|   ap_memory|                               Matrix_B_BRAM_V_85|         array|
|Matrix_B_BRAM_V_85_d0         |  out|   16|   ap_memory|                               Matrix_B_BRAM_V_85|         array|
|Matrix_B_BRAM_V_84_address0   |  out|    8|   ap_memory|                               Matrix_B_BRAM_V_84|         array|
|Matrix_B_BRAM_V_84_ce0        |  out|    1|   ap_memory|                               Matrix_B_BRAM_V_84|         array|
|Matrix_B_BRAM_V_84_we0        |  out|    1|   ap_memory|                               Matrix_B_BRAM_V_84|         array|
|Matrix_B_BRAM_V_84_d0         |  out|   16|   ap_memory|                               Matrix_B_BRAM_V_84|         array|
|Matrix_B_BRAM_V_83_address0   |  out|    8|   ap_memory|                               Matrix_B_BRAM_V_83|         array|
|Matrix_B_BRAM_V_83_ce0        |  out|    1|   ap_memory|                               Matrix_B_BRAM_V_83|         array|
|Matrix_B_BRAM_V_83_we0        |  out|    1|   ap_memory|                               Matrix_B_BRAM_V_83|         array|
|Matrix_B_BRAM_V_83_d0         |  out|   16|   ap_memory|                               Matrix_B_BRAM_V_83|         array|
|Matrix_B_BRAM_V_82_address0   |  out|    8|   ap_memory|                               Matrix_B_BRAM_V_82|         array|
|Matrix_B_BRAM_V_82_ce0        |  out|    1|   ap_memory|                               Matrix_B_BRAM_V_82|         array|
|Matrix_B_BRAM_V_82_we0        |  out|    1|   ap_memory|                               Matrix_B_BRAM_V_82|         array|
|Matrix_B_BRAM_V_82_d0         |  out|   16|   ap_memory|                               Matrix_B_BRAM_V_82|         array|
|Matrix_B_BRAM_V_81_address0   |  out|    8|   ap_memory|                               Matrix_B_BRAM_V_81|         array|
|Matrix_B_BRAM_V_81_ce0        |  out|    1|   ap_memory|                               Matrix_B_BRAM_V_81|         array|
|Matrix_B_BRAM_V_81_we0        |  out|    1|   ap_memory|                               Matrix_B_BRAM_V_81|         array|
|Matrix_B_BRAM_V_81_d0         |  out|   16|   ap_memory|                               Matrix_B_BRAM_V_81|         array|
|Matrix_B_BRAM_V_80_address0   |  out|    8|   ap_memory|                               Matrix_B_BRAM_V_80|         array|
|Matrix_B_BRAM_V_80_ce0        |  out|    1|   ap_memory|                               Matrix_B_BRAM_V_80|         array|
|Matrix_B_BRAM_V_80_we0        |  out|    1|   ap_memory|                               Matrix_B_BRAM_V_80|         array|
|Matrix_B_BRAM_V_80_d0         |  out|   16|   ap_memory|                               Matrix_B_BRAM_V_80|         array|
|Matrix_B_BRAM_V_79_address0   |  out|    8|   ap_memory|                               Matrix_B_BRAM_V_79|         array|
|Matrix_B_BRAM_V_79_ce0        |  out|    1|   ap_memory|                               Matrix_B_BRAM_V_79|         array|
|Matrix_B_BRAM_V_79_we0        |  out|    1|   ap_memory|                               Matrix_B_BRAM_V_79|         array|
|Matrix_B_BRAM_V_79_d0         |  out|   16|   ap_memory|                               Matrix_B_BRAM_V_79|         array|
|Matrix_B_BRAM_V_78_address0   |  out|    8|   ap_memory|                               Matrix_B_BRAM_V_78|         array|
|Matrix_B_BRAM_V_78_ce0        |  out|    1|   ap_memory|                               Matrix_B_BRAM_V_78|         array|
|Matrix_B_BRAM_V_78_we0        |  out|    1|   ap_memory|                               Matrix_B_BRAM_V_78|         array|
|Matrix_B_BRAM_V_78_d0         |  out|   16|   ap_memory|                               Matrix_B_BRAM_V_78|         array|
|Matrix_B_BRAM_V_77_address0   |  out|    8|   ap_memory|                               Matrix_B_BRAM_V_77|         array|
|Matrix_B_BRAM_V_77_ce0        |  out|    1|   ap_memory|                               Matrix_B_BRAM_V_77|         array|
|Matrix_B_BRAM_V_77_we0        |  out|    1|   ap_memory|                               Matrix_B_BRAM_V_77|         array|
|Matrix_B_BRAM_V_77_d0         |  out|   16|   ap_memory|                               Matrix_B_BRAM_V_77|         array|
|Matrix_B_BRAM_V_76_address0   |  out|    8|   ap_memory|                               Matrix_B_BRAM_V_76|         array|
|Matrix_B_BRAM_V_76_ce0        |  out|    1|   ap_memory|                               Matrix_B_BRAM_V_76|         array|
|Matrix_B_BRAM_V_76_we0        |  out|    1|   ap_memory|                               Matrix_B_BRAM_V_76|         array|
|Matrix_B_BRAM_V_76_d0         |  out|   16|   ap_memory|                               Matrix_B_BRAM_V_76|         array|
|Matrix_B_BRAM_V_75_address0   |  out|    8|   ap_memory|                               Matrix_B_BRAM_V_75|         array|
|Matrix_B_BRAM_V_75_ce0        |  out|    1|   ap_memory|                               Matrix_B_BRAM_V_75|         array|
|Matrix_B_BRAM_V_75_we0        |  out|    1|   ap_memory|                               Matrix_B_BRAM_V_75|         array|
|Matrix_B_BRAM_V_75_d0         |  out|   16|   ap_memory|                               Matrix_B_BRAM_V_75|         array|
|Matrix_B_BRAM_V_74_address0   |  out|    8|   ap_memory|                               Matrix_B_BRAM_V_74|         array|
|Matrix_B_BRAM_V_74_ce0        |  out|    1|   ap_memory|                               Matrix_B_BRAM_V_74|         array|
|Matrix_B_BRAM_V_74_we0        |  out|    1|   ap_memory|                               Matrix_B_BRAM_V_74|         array|
|Matrix_B_BRAM_V_74_d0         |  out|   16|   ap_memory|                               Matrix_B_BRAM_V_74|         array|
|Matrix_B_BRAM_V_73_address0   |  out|    8|   ap_memory|                               Matrix_B_BRAM_V_73|         array|
|Matrix_B_BRAM_V_73_ce0        |  out|    1|   ap_memory|                               Matrix_B_BRAM_V_73|         array|
|Matrix_B_BRAM_V_73_we0        |  out|    1|   ap_memory|                               Matrix_B_BRAM_V_73|         array|
|Matrix_B_BRAM_V_73_d0         |  out|   16|   ap_memory|                               Matrix_B_BRAM_V_73|         array|
|Matrix_B_BRAM_V_72_address0   |  out|    8|   ap_memory|                               Matrix_B_BRAM_V_72|         array|
|Matrix_B_BRAM_V_72_ce0        |  out|    1|   ap_memory|                               Matrix_B_BRAM_V_72|         array|
|Matrix_B_BRAM_V_72_we0        |  out|    1|   ap_memory|                               Matrix_B_BRAM_V_72|         array|
|Matrix_B_BRAM_V_72_d0         |  out|   16|   ap_memory|                               Matrix_B_BRAM_V_72|         array|
|Matrix_B_BRAM_V_71_address0   |  out|    8|   ap_memory|                               Matrix_B_BRAM_V_71|         array|
|Matrix_B_BRAM_V_71_ce0        |  out|    1|   ap_memory|                               Matrix_B_BRAM_V_71|         array|
|Matrix_B_BRAM_V_71_we0        |  out|    1|   ap_memory|                               Matrix_B_BRAM_V_71|         array|
|Matrix_B_BRAM_V_71_d0         |  out|   16|   ap_memory|                               Matrix_B_BRAM_V_71|         array|
|Matrix_B_BRAM_V_70_address0   |  out|    8|   ap_memory|                               Matrix_B_BRAM_V_70|         array|
|Matrix_B_BRAM_V_70_ce0        |  out|    1|   ap_memory|                               Matrix_B_BRAM_V_70|         array|
|Matrix_B_BRAM_V_70_we0        |  out|    1|   ap_memory|                               Matrix_B_BRAM_V_70|         array|
|Matrix_B_BRAM_V_70_d0         |  out|   16|   ap_memory|                               Matrix_B_BRAM_V_70|         array|
|Matrix_B_BRAM_V_69_address0   |  out|    8|   ap_memory|                               Matrix_B_BRAM_V_69|         array|
|Matrix_B_BRAM_V_69_ce0        |  out|    1|   ap_memory|                               Matrix_B_BRAM_V_69|         array|
|Matrix_B_BRAM_V_69_we0        |  out|    1|   ap_memory|                               Matrix_B_BRAM_V_69|         array|
|Matrix_B_BRAM_V_69_d0         |  out|   16|   ap_memory|                               Matrix_B_BRAM_V_69|         array|
|Matrix_B_BRAM_V_68_address0   |  out|    8|   ap_memory|                               Matrix_B_BRAM_V_68|         array|
|Matrix_B_BRAM_V_68_ce0        |  out|    1|   ap_memory|                               Matrix_B_BRAM_V_68|         array|
|Matrix_B_BRAM_V_68_we0        |  out|    1|   ap_memory|                               Matrix_B_BRAM_V_68|         array|
|Matrix_B_BRAM_V_68_d0         |  out|   16|   ap_memory|                               Matrix_B_BRAM_V_68|         array|
|Matrix_B_BRAM_V_67_address0   |  out|    8|   ap_memory|                               Matrix_B_BRAM_V_67|         array|
|Matrix_B_BRAM_V_67_ce0        |  out|    1|   ap_memory|                               Matrix_B_BRAM_V_67|         array|
|Matrix_B_BRAM_V_67_we0        |  out|    1|   ap_memory|                               Matrix_B_BRAM_V_67|         array|
|Matrix_B_BRAM_V_67_d0         |  out|   16|   ap_memory|                               Matrix_B_BRAM_V_67|         array|
|Matrix_B_BRAM_V_66_address0   |  out|    8|   ap_memory|                               Matrix_B_BRAM_V_66|         array|
|Matrix_B_BRAM_V_66_ce0        |  out|    1|   ap_memory|                               Matrix_B_BRAM_V_66|         array|
|Matrix_B_BRAM_V_66_we0        |  out|    1|   ap_memory|                               Matrix_B_BRAM_V_66|         array|
|Matrix_B_BRAM_V_66_d0         |  out|   16|   ap_memory|                               Matrix_B_BRAM_V_66|         array|
|Matrix_B_BRAM_V_65_address0   |  out|    8|   ap_memory|                               Matrix_B_BRAM_V_65|         array|
|Matrix_B_BRAM_V_65_ce0        |  out|    1|   ap_memory|                               Matrix_B_BRAM_V_65|         array|
|Matrix_B_BRAM_V_65_we0        |  out|    1|   ap_memory|                               Matrix_B_BRAM_V_65|         array|
|Matrix_B_BRAM_V_65_d0         |  out|   16|   ap_memory|                               Matrix_B_BRAM_V_65|         array|
|Matrix_B_BRAM_V_64_address0   |  out|    8|   ap_memory|                               Matrix_B_BRAM_V_64|         array|
|Matrix_B_BRAM_V_64_ce0        |  out|    1|   ap_memory|                               Matrix_B_BRAM_V_64|         array|
|Matrix_B_BRAM_V_64_we0        |  out|    1|   ap_memory|                               Matrix_B_BRAM_V_64|         array|
|Matrix_B_BRAM_V_64_d0         |  out|   16|   ap_memory|                               Matrix_B_BRAM_V_64|         array|
|Matrix_B_BRAM_V_63_address0   |  out|    8|   ap_memory|                               Matrix_B_BRAM_V_63|         array|
|Matrix_B_BRAM_V_63_ce0        |  out|    1|   ap_memory|                               Matrix_B_BRAM_V_63|         array|
|Matrix_B_BRAM_V_63_we0        |  out|    1|   ap_memory|                               Matrix_B_BRAM_V_63|         array|
|Matrix_B_BRAM_V_63_d0         |  out|   16|   ap_memory|                               Matrix_B_BRAM_V_63|         array|
|Matrix_B_BRAM_V_62_address0   |  out|    8|   ap_memory|                               Matrix_B_BRAM_V_62|         array|
|Matrix_B_BRAM_V_62_ce0        |  out|    1|   ap_memory|                               Matrix_B_BRAM_V_62|         array|
|Matrix_B_BRAM_V_62_we0        |  out|    1|   ap_memory|                               Matrix_B_BRAM_V_62|         array|
|Matrix_B_BRAM_V_62_d0         |  out|   16|   ap_memory|                               Matrix_B_BRAM_V_62|         array|
|Matrix_B_BRAM_V_61_address0   |  out|    8|   ap_memory|                               Matrix_B_BRAM_V_61|         array|
|Matrix_B_BRAM_V_61_ce0        |  out|    1|   ap_memory|                               Matrix_B_BRAM_V_61|         array|
|Matrix_B_BRAM_V_61_we0        |  out|    1|   ap_memory|                               Matrix_B_BRAM_V_61|         array|
|Matrix_B_BRAM_V_61_d0         |  out|   16|   ap_memory|                               Matrix_B_BRAM_V_61|         array|
|Matrix_B_BRAM_V_60_address0   |  out|    8|   ap_memory|                               Matrix_B_BRAM_V_60|         array|
|Matrix_B_BRAM_V_60_ce0        |  out|    1|   ap_memory|                               Matrix_B_BRAM_V_60|         array|
|Matrix_B_BRAM_V_60_we0        |  out|    1|   ap_memory|                               Matrix_B_BRAM_V_60|         array|
|Matrix_B_BRAM_V_60_d0         |  out|   16|   ap_memory|                               Matrix_B_BRAM_V_60|         array|
|Matrix_B_BRAM_V_59_address0   |  out|    8|   ap_memory|                               Matrix_B_BRAM_V_59|         array|
|Matrix_B_BRAM_V_59_ce0        |  out|    1|   ap_memory|                               Matrix_B_BRAM_V_59|         array|
|Matrix_B_BRAM_V_59_we0        |  out|    1|   ap_memory|                               Matrix_B_BRAM_V_59|         array|
|Matrix_B_BRAM_V_59_d0         |  out|   16|   ap_memory|                               Matrix_B_BRAM_V_59|         array|
|Matrix_B_BRAM_V_58_address0   |  out|    8|   ap_memory|                               Matrix_B_BRAM_V_58|         array|
|Matrix_B_BRAM_V_58_ce0        |  out|    1|   ap_memory|                               Matrix_B_BRAM_V_58|         array|
|Matrix_B_BRAM_V_58_we0        |  out|    1|   ap_memory|                               Matrix_B_BRAM_V_58|         array|
|Matrix_B_BRAM_V_58_d0         |  out|   16|   ap_memory|                               Matrix_B_BRAM_V_58|         array|
|Matrix_B_BRAM_V_57_address0   |  out|    8|   ap_memory|                               Matrix_B_BRAM_V_57|         array|
|Matrix_B_BRAM_V_57_ce0        |  out|    1|   ap_memory|                               Matrix_B_BRAM_V_57|         array|
|Matrix_B_BRAM_V_57_we0        |  out|    1|   ap_memory|                               Matrix_B_BRAM_V_57|         array|
|Matrix_B_BRAM_V_57_d0         |  out|   16|   ap_memory|                               Matrix_B_BRAM_V_57|         array|
|Matrix_B_BRAM_V_56_address0   |  out|    8|   ap_memory|                               Matrix_B_BRAM_V_56|         array|
|Matrix_B_BRAM_V_56_ce0        |  out|    1|   ap_memory|                               Matrix_B_BRAM_V_56|         array|
|Matrix_B_BRAM_V_56_we0        |  out|    1|   ap_memory|                               Matrix_B_BRAM_V_56|         array|
|Matrix_B_BRAM_V_56_d0         |  out|   16|   ap_memory|                               Matrix_B_BRAM_V_56|         array|
|Matrix_B_BRAM_V_55_address0   |  out|    8|   ap_memory|                               Matrix_B_BRAM_V_55|         array|
|Matrix_B_BRAM_V_55_ce0        |  out|    1|   ap_memory|                               Matrix_B_BRAM_V_55|         array|
|Matrix_B_BRAM_V_55_we0        |  out|    1|   ap_memory|                               Matrix_B_BRAM_V_55|         array|
|Matrix_B_BRAM_V_55_d0         |  out|   16|   ap_memory|                               Matrix_B_BRAM_V_55|         array|
|Matrix_B_BRAM_V_54_address0   |  out|    8|   ap_memory|                               Matrix_B_BRAM_V_54|         array|
|Matrix_B_BRAM_V_54_ce0        |  out|    1|   ap_memory|                               Matrix_B_BRAM_V_54|         array|
|Matrix_B_BRAM_V_54_we0        |  out|    1|   ap_memory|                               Matrix_B_BRAM_V_54|         array|
|Matrix_B_BRAM_V_54_d0         |  out|   16|   ap_memory|                               Matrix_B_BRAM_V_54|         array|
|Matrix_B_BRAM_V_53_address0   |  out|    8|   ap_memory|                               Matrix_B_BRAM_V_53|         array|
|Matrix_B_BRAM_V_53_ce0        |  out|    1|   ap_memory|                               Matrix_B_BRAM_V_53|         array|
|Matrix_B_BRAM_V_53_we0        |  out|    1|   ap_memory|                               Matrix_B_BRAM_V_53|         array|
|Matrix_B_BRAM_V_53_d0         |  out|   16|   ap_memory|                               Matrix_B_BRAM_V_53|         array|
|Matrix_B_BRAM_V_52_address0   |  out|    8|   ap_memory|                               Matrix_B_BRAM_V_52|         array|
|Matrix_B_BRAM_V_52_ce0        |  out|    1|   ap_memory|                               Matrix_B_BRAM_V_52|         array|
|Matrix_B_BRAM_V_52_we0        |  out|    1|   ap_memory|                               Matrix_B_BRAM_V_52|         array|
|Matrix_B_BRAM_V_52_d0         |  out|   16|   ap_memory|                               Matrix_B_BRAM_V_52|         array|
|Matrix_B_BRAM_V_51_address0   |  out|    8|   ap_memory|                               Matrix_B_BRAM_V_51|         array|
|Matrix_B_BRAM_V_51_ce0        |  out|    1|   ap_memory|                               Matrix_B_BRAM_V_51|         array|
|Matrix_B_BRAM_V_51_we0        |  out|    1|   ap_memory|                               Matrix_B_BRAM_V_51|         array|
|Matrix_B_BRAM_V_51_d0         |  out|   16|   ap_memory|                               Matrix_B_BRAM_V_51|         array|
|Matrix_B_BRAM_V_50_address0   |  out|    8|   ap_memory|                               Matrix_B_BRAM_V_50|         array|
|Matrix_B_BRAM_V_50_ce0        |  out|    1|   ap_memory|                               Matrix_B_BRAM_V_50|         array|
|Matrix_B_BRAM_V_50_we0        |  out|    1|   ap_memory|                               Matrix_B_BRAM_V_50|         array|
|Matrix_B_BRAM_V_50_d0         |  out|   16|   ap_memory|                               Matrix_B_BRAM_V_50|         array|
|Matrix_B_BRAM_V_49_address0   |  out|    8|   ap_memory|                               Matrix_B_BRAM_V_49|         array|
|Matrix_B_BRAM_V_49_ce0        |  out|    1|   ap_memory|                               Matrix_B_BRAM_V_49|         array|
|Matrix_B_BRAM_V_49_we0        |  out|    1|   ap_memory|                               Matrix_B_BRAM_V_49|         array|
|Matrix_B_BRAM_V_49_d0         |  out|   16|   ap_memory|                               Matrix_B_BRAM_V_49|         array|
|Matrix_B_BRAM_V_48_address0   |  out|    8|   ap_memory|                               Matrix_B_BRAM_V_48|         array|
|Matrix_B_BRAM_V_48_ce0        |  out|    1|   ap_memory|                               Matrix_B_BRAM_V_48|         array|
|Matrix_B_BRAM_V_48_we0        |  out|    1|   ap_memory|                               Matrix_B_BRAM_V_48|         array|
|Matrix_B_BRAM_V_48_d0         |  out|   16|   ap_memory|                               Matrix_B_BRAM_V_48|         array|
|Matrix_B_BRAM_V_47_address0   |  out|    8|   ap_memory|                               Matrix_B_BRAM_V_47|         array|
|Matrix_B_BRAM_V_47_ce0        |  out|    1|   ap_memory|                               Matrix_B_BRAM_V_47|         array|
|Matrix_B_BRAM_V_47_we0        |  out|    1|   ap_memory|                               Matrix_B_BRAM_V_47|         array|
|Matrix_B_BRAM_V_47_d0         |  out|   16|   ap_memory|                               Matrix_B_BRAM_V_47|         array|
|Matrix_B_BRAM_V_46_address0   |  out|    8|   ap_memory|                               Matrix_B_BRAM_V_46|         array|
|Matrix_B_BRAM_V_46_ce0        |  out|    1|   ap_memory|                               Matrix_B_BRAM_V_46|         array|
|Matrix_B_BRAM_V_46_we0        |  out|    1|   ap_memory|                               Matrix_B_BRAM_V_46|         array|
|Matrix_B_BRAM_V_46_d0         |  out|   16|   ap_memory|                               Matrix_B_BRAM_V_46|         array|
|Matrix_B_BRAM_V_45_address0   |  out|    8|   ap_memory|                               Matrix_B_BRAM_V_45|         array|
|Matrix_B_BRAM_V_45_ce0        |  out|    1|   ap_memory|                               Matrix_B_BRAM_V_45|         array|
|Matrix_B_BRAM_V_45_we0        |  out|    1|   ap_memory|                               Matrix_B_BRAM_V_45|         array|
|Matrix_B_BRAM_V_45_d0         |  out|   16|   ap_memory|                               Matrix_B_BRAM_V_45|         array|
|Matrix_B_BRAM_V_44_address0   |  out|    8|   ap_memory|                               Matrix_B_BRAM_V_44|         array|
|Matrix_B_BRAM_V_44_ce0        |  out|    1|   ap_memory|                               Matrix_B_BRAM_V_44|         array|
|Matrix_B_BRAM_V_44_we0        |  out|    1|   ap_memory|                               Matrix_B_BRAM_V_44|         array|
|Matrix_B_BRAM_V_44_d0         |  out|   16|   ap_memory|                               Matrix_B_BRAM_V_44|         array|
|Matrix_B_BRAM_V_43_address0   |  out|    8|   ap_memory|                               Matrix_B_BRAM_V_43|         array|
|Matrix_B_BRAM_V_43_ce0        |  out|    1|   ap_memory|                               Matrix_B_BRAM_V_43|         array|
|Matrix_B_BRAM_V_43_we0        |  out|    1|   ap_memory|                               Matrix_B_BRAM_V_43|         array|
|Matrix_B_BRAM_V_43_d0         |  out|   16|   ap_memory|                               Matrix_B_BRAM_V_43|         array|
|Matrix_B_BRAM_V_42_address0   |  out|    8|   ap_memory|                               Matrix_B_BRAM_V_42|         array|
|Matrix_B_BRAM_V_42_ce0        |  out|    1|   ap_memory|                               Matrix_B_BRAM_V_42|         array|
|Matrix_B_BRAM_V_42_we0        |  out|    1|   ap_memory|                               Matrix_B_BRAM_V_42|         array|
|Matrix_B_BRAM_V_42_d0         |  out|   16|   ap_memory|                               Matrix_B_BRAM_V_42|         array|
|Matrix_B_BRAM_V_41_address0   |  out|    8|   ap_memory|                               Matrix_B_BRAM_V_41|         array|
|Matrix_B_BRAM_V_41_ce0        |  out|    1|   ap_memory|                               Matrix_B_BRAM_V_41|         array|
|Matrix_B_BRAM_V_41_we0        |  out|    1|   ap_memory|                               Matrix_B_BRAM_V_41|         array|
|Matrix_B_BRAM_V_41_d0         |  out|   16|   ap_memory|                               Matrix_B_BRAM_V_41|         array|
|Matrix_B_BRAM_V_40_address0   |  out|    8|   ap_memory|                               Matrix_B_BRAM_V_40|         array|
|Matrix_B_BRAM_V_40_ce0        |  out|    1|   ap_memory|                               Matrix_B_BRAM_V_40|         array|
|Matrix_B_BRAM_V_40_we0        |  out|    1|   ap_memory|                               Matrix_B_BRAM_V_40|         array|
|Matrix_B_BRAM_V_40_d0         |  out|   16|   ap_memory|                               Matrix_B_BRAM_V_40|         array|
|Matrix_B_BRAM_V_39_address0   |  out|    8|   ap_memory|                               Matrix_B_BRAM_V_39|         array|
|Matrix_B_BRAM_V_39_ce0        |  out|    1|   ap_memory|                               Matrix_B_BRAM_V_39|         array|
|Matrix_B_BRAM_V_39_we0        |  out|    1|   ap_memory|                               Matrix_B_BRAM_V_39|         array|
|Matrix_B_BRAM_V_39_d0         |  out|   16|   ap_memory|                               Matrix_B_BRAM_V_39|         array|
|Matrix_B_BRAM_V_38_address0   |  out|    8|   ap_memory|                               Matrix_B_BRAM_V_38|         array|
|Matrix_B_BRAM_V_38_ce0        |  out|    1|   ap_memory|                               Matrix_B_BRAM_V_38|         array|
|Matrix_B_BRAM_V_38_we0        |  out|    1|   ap_memory|                               Matrix_B_BRAM_V_38|         array|
|Matrix_B_BRAM_V_38_d0         |  out|   16|   ap_memory|                               Matrix_B_BRAM_V_38|         array|
|Matrix_B_BRAM_V_37_address0   |  out|    8|   ap_memory|                               Matrix_B_BRAM_V_37|         array|
|Matrix_B_BRAM_V_37_ce0        |  out|    1|   ap_memory|                               Matrix_B_BRAM_V_37|         array|
|Matrix_B_BRAM_V_37_we0        |  out|    1|   ap_memory|                               Matrix_B_BRAM_V_37|         array|
|Matrix_B_BRAM_V_37_d0         |  out|   16|   ap_memory|                               Matrix_B_BRAM_V_37|         array|
|Matrix_B_BRAM_V_36_address0   |  out|    8|   ap_memory|                               Matrix_B_BRAM_V_36|         array|
|Matrix_B_BRAM_V_36_ce0        |  out|    1|   ap_memory|                               Matrix_B_BRAM_V_36|         array|
|Matrix_B_BRAM_V_36_we0        |  out|    1|   ap_memory|                               Matrix_B_BRAM_V_36|         array|
|Matrix_B_BRAM_V_36_d0         |  out|   16|   ap_memory|                               Matrix_B_BRAM_V_36|         array|
|Matrix_B_BRAM_V_35_address0   |  out|    8|   ap_memory|                               Matrix_B_BRAM_V_35|         array|
|Matrix_B_BRAM_V_35_ce0        |  out|    1|   ap_memory|                               Matrix_B_BRAM_V_35|         array|
|Matrix_B_BRAM_V_35_we0        |  out|    1|   ap_memory|                               Matrix_B_BRAM_V_35|         array|
|Matrix_B_BRAM_V_35_d0         |  out|   16|   ap_memory|                               Matrix_B_BRAM_V_35|         array|
|Matrix_B_BRAM_V_34_address0   |  out|    8|   ap_memory|                               Matrix_B_BRAM_V_34|         array|
|Matrix_B_BRAM_V_34_ce0        |  out|    1|   ap_memory|                               Matrix_B_BRAM_V_34|         array|
|Matrix_B_BRAM_V_34_we0        |  out|    1|   ap_memory|                               Matrix_B_BRAM_V_34|         array|
|Matrix_B_BRAM_V_34_d0         |  out|   16|   ap_memory|                               Matrix_B_BRAM_V_34|         array|
|Matrix_B_BRAM_V_33_address0   |  out|    8|   ap_memory|                               Matrix_B_BRAM_V_33|         array|
|Matrix_B_BRAM_V_33_ce0        |  out|    1|   ap_memory|                               Matrix_B_BRAM_V_33|         array|
|Matrix_B_BRAM_V_33_we0        |  out|    1|   ap_memory|                               Matrix_B_BRAM_V_33|         array|
|Matrix_B_BRAM_V_33_d0         |  out|   16|   ap_memory|                               Matrix_B_BRAM_V_33|         array|
|Matrix_B_BRAM_V_32_address0   |  out|    8|   ap_memory|                               Matrix_B_BRAM_V_32|         array|
|Matrix_B_BRAM_V_32_ce0        |  out|    1|   ap_memory|                               Matrix_B_BRAM_V_32|         array|
|Matrix_B_BRAM_V_32_we0        |  out|    1|   ap_memory|                               Matrix_B_BRAM_V_32|         array|
|Matrix_B_BRAM_V_32_d0         |  out|   16|   ap_memory|                               Matrix_B_BRAM_V_32|         array|
|Matrix_B_BRAM_V_31_address0   |  out|    8|   ap_memory|                               Matrix_B_BRAM_V_31|         array|
|Matrix_B_BRAM_V_31_ce0        |  out|    1|   ap_memory|                               Matrix_B_BRAM_V_31|         array|
|Matrix_B_BRAM_V_31_we0        |  out|    1|   ap_memory|                               Matrix_B_BRAM_V_31|         array|
|Matrix_B_BRAM_V_31_d0         |  out|   16|   ap_memory|                               Matrix_B_BRAM_V_31|         array|
|Matrix_B_BRAM_V_30_address0   |  out|    8|   ap_memory|                               Matrix_B_BRAM_V_30|         array|
|Matrix_B_BRAM_V_30_ce0        |  out|    1|   ap_memory|                               Matrix_B_BRAM_V_30|         array|
|Matrix_B_BRAM_V_30_we0        |  out|    1|   ap_memory|                               Matrix_B_BRAM_V_30|         array|
|Matrix_B_BRAM_V_30_d0         |  out|   16|   ap_memory|                               Matrix_B_BRAM_V_30|         array|
|Matrix_B_BRAM_V_29_address0   |  out|    8|   ap_memory|                               Matrix_B_BRAM_V_29|         array|
|Matrix_B_BRAM_V_29_ce0        |  out|    1|   ap_memory|                               Matrix_B_BRAM_V_29|         array|
|Matrix_B_BRAM_V_29_we0        |  out|    1|   ap_memory|                               Matrix_B_BRAM_V_29|         array|
|Matrix_B_BRAM_V_29_d0         |  out|   16|   ap_memory|                               Matrix_B_BRAM_V_29|         array|
|Matrix_B_BRAM_V_28_address0   |  out|    8|   ap_memory|                               Matrix_B_BRAM_V_28|         array|
|Matrix_B_BRAM_V_28_ce0        |  out|    1|   ap_memory|                               Matrix_B_BRAM_V_28|         array|
|Matrix_B_BRAM_V_28_we0        |  out|    1|   ap_memory|                               Matrix_B_BRAM_V_28|         array|
|Matrix_B_BRAM_V_28_d0         |  out|   16|   ap_memory|                               Matrix_B_BRAM_V_28|         array|
|Matrix_B_BRAM_V_27_address0   |  out|    8|   ap_memory|                               Matrix_B_BRAM_V_27|         array|
|Matrix_B_BRAM_V_27_ce0        |  out|    1|   ap_memory|                               Matrix_B_BRAM_V_27|         array|
|Matrix_B_BRAM_V_27_we0        |  out|    1|   ap_memory|                               Matrix_B_BRAM_V_27|         array|
|Matrix_B_BRAM_V_27_d0         |  out|   16|   ap_memory|                               Matrix_B_BRAM_V_27|         array|
|Matrix_B_BRAM_V_26_address0   |  out|    8|   ap_memory|                               Matrix_B_BRAM_V_26|         array|
|Matrix_B_BRAM_V_26_ce0        |  out|    1|   ap_memory|                               Matrix_B_BRAM_V_26|         array|
|Matrix_B_BRAM_V_26_we0        |  out|    1|   ap_memory|                               Matrix_B_BRAM_V_26|         array|
|Matrix_B_BRAM_V_26_d0         |  out|   16|   ap_memory|                               Matrix_B_BRAM_V_26|         array|
|Matrix_B_BRAM_V_25_address0   |  out|    8|   ap_memory|                               Matrix_B_BRAM_V_25|         array|
|Matrix_B_BRAM_V_25_ce0        |  out|    1|   ap_memory|                               Matrix_B_BRAM_V_25|         array|
|Matrix_B_BRAM_V_25_we0        |  out|    1|   ap_memory|                               Matrix_B_BRAM_V_25|         array|
|Matrix_B_BRAM_V_25_d0         |  out|   16|   ap_memory|                               Matrix_B_BRAM_V_25|         array|
|Matrix_B_BRAM_V_24_address0   |  out|    8|   ap_memory|                               Matrix_B_BRAM_V_24|         array|
|Matrix_B_BRAM_V_24_ce0        |  out|    1|   ap_memory|                               Matrix_B_BRAM_V_24|         array|
|Matrix_B_BRAM_V_24_we0        |  out|    1|   ap_memory|                               Matrix_B_BRAM_V_24|         array|
|Matrix_B_BRAM_V_24_d0         |  out|   16|   ap_memory|                               Matrix_B_BRAM_V_24|         array|
|Matrix_B_BRAM_V_23_address0   |  out|    8|   ap_memory|                               Matrix_B_BRAM_V_23|         array|
|Matrix_B_BRAM_V_23_ce0        |  out|    1|   ap_memory|                               Matrix_B_BRAM_V_23|         array|
|Matrix_B_BRAM_V_23_we0        |  out|    1|   ap_memory|                               Matrix_B_BRAM_V_23|         array|
|Matrix_B_BRAM_V_23_d0         |  out|   16|   ap_memory|                               Matrix_B_BRAM_V_23|         array|
|Matrix_B_BRAM_V_22_address0   |  out|    8|   ap_memory|                               Matrix_B_BRAM_V_22|         array|
|Matrix_B_BRAM_V_22_ce0        |  out|    1|   ap_memory|                               Matrix_B_BRAM_V_22|         array|
|Matrix_B_BRAM_V_22_we0        |  out|    1|   ap_memory|                               Matrix_B_BRAM_V_22|         array|
|Matrix_B_BRAM_V_22_d0         |  out|   16|   ap_memory|                               Matrix_B_BRAM_V_22|         array|
|Matrix_B_BRAM_V_21_address0   |  out|    8|   ap_memory|                               Matrix_B_BRAM_V_21|         array|
|Matrix_B_BRAM_V_21_ce0        |  out|    1|   ap_memory|                               Matrix_B_BRAM_V_21|         array|
|Matrix_B_BRAM_V_21_we0        |  out|    1|   ap_memory|                               Matrix_B_BRAM_V_21|         array|
|Matrix_B_BRAM_V_21_d0         |  out|   16|   ap_memory|                               Matrix_B_BRAM_V_21|         array|
|Matrix_B_BRAM_V_20_address0   |  out|    8|   ap_memory|                               Matrix_B_BRAM_V_20|         array|
|Matrix_B_BRAM_V_20_ce0        |  out|    1|   ap_memory|                               Matrix_B_BRAM_V_20|         array|
|Matrix_B_BRAM_V_20_we0        |  out|    1|   ap_memory|                               Matrix_B_BRAM_V_20|         array|
|Matrix_B_BRAM_V_20_d0         |  out|   16|   ap_memory|                               Matrix_B_BRAM_V_20|         array|
|Matrix_B_BRAM_V_19_address0   |  out|    8|   ap_memory|                               Matrix_B_BRAM_V_19|         array|
|Matrix_B_BRAM_V_19_ce0        |  out|    1|   ap_memory|                               Matrix_B_BRAM_V_19|         array|
|Matrix_B_BRAM_V_19_we0        |  out|    1|   ap_memory|                               Matrix_B_BRAM_V_19|         array|
|Matrix_B_BRAM_V_19_d0         |  out|   16|   ap_memory|                               Matrix_B_BRAM_V_19|         array|
|Matrix_B_BRAM_V_18_address0   |  out|    8|   ap_memory|                               Matrix_B_BRAM_V_18|         array|
|Matrix_B_BRAM_V_18_ce0        |  out|    1|   ap_memory|                               Matrix_B_BRAM_V_18|         array|
|Matrix_B_BRAM_V_18_we0        |  out|    1|   ap_memory|                               Matrix_B_BRAM_V_18|         array|
|Matrix_B_BRAM_V_18_d0         |  out|   16|   ap_memory|                               Matrix_B_BRAM_V_18|         array|
|Matrix_B_BRAM_V_17_address0   |  out|    8|   ap_memory|                               Matrix_B_BRAM_V_17|         array|
|Matrix_B_BRAM_V_17_ce0        |  out|    1|   ap_memory|                               Matrix_B_BRAM_V_17|         array|
|Matrix_B_BRAM_V_17_we0        |  out|    1|   ap_memory|                               Matrix_B_BRAM_V_17|         array|
|Matrix_B_BRAM_V_17_d0         |  out|   16|   ap_memory|                               Matrix_B_BRAM_V_17|         array|
|Matrix_B_BRAM_V_16_address0   |  out|    8|   ap_memory|                               Matrix_B_BRAM_V_16|         array|
|Matrix_B_BRAM_V_16_ce0        |  out|    1|   ap_memory|                               Matrix_B_BRAM_V_16|         array|
|Matrix_B_BRAM_V_16_we0        |  out|    1|   ap_memory|                               Matrix_B_BRAM_V_16|         array|
|Matrix_B_BRAM_V_16_d0         |  out|   16|   ap_memory|                               Matrix_B_BRAM_V_16|         array|
|Matrix_B_BRAM_V_15_address0   |  out|    8|   ap_memory|                               Matrix_B_BRAM_V_15|         array|
|Matrix_B_BRAM_V_15_ce0        |  out|    1|   ap_memory|                               Matrix_B_BRAM_V_15|         array|
|Matrix_B_BRAM_V_15_we0        |  out|    1|   ap_memory|                               Matrix_B_BRAM_V_15|         array|
|Matrix_B_BRAM_V_15_d0         |  out|   16|   ap_memory|                               Matrix_B_BRAM_V_15|         array|
|Matrix_B_BRAM_V_14_address0   |  out|    8|   ap_memory|                               Matrix_B_BRAM_V_14|         array|
|Matrix_B_BRAM_V_14_ce0        |  out|    1|   ap_memory|                               Matrix_B_BRAM_V_14|         array|
|Matrix_B_BRAM_V_14_we0        |  out|    1|   ap_memory|                               Matrix_B_BRAM_V_14|         array|
|Matrix_B_BRAM_V_14_d0         |  out|   16|   ap_memory|                               Matrix_B_BRAM_V_14|         array|
|Matrix_B_BRAM_V_13_address0   |  out|    8|   ap_memory|                               Matrix_B_BRAM_V_13|         array|
|Matrix_B_BRAM_V_13_ce0        |  out|    1|   ap_memory|                               Matrix_B_BRAM_V_13|         array|
|Matrix_B_BRAM_V_13_we0        |  out|    1|   ap_memory|                               Matrix_B_BRAM_V_13|         array|
|Matrix_B_BRAM_V_13_d0         |  out|   16|   ap_memory|                               Matrix_B_BRAM_V_13|         array|
|Matrix_B_BRAM_V_12_address0   |  out|    8|   ap_memory|                               Matrix_B_BRAM_V_12|         array|
|Matrix_B_BRAM_V_12_ce0        |  out|    1|   ap_memory|                               Matrix_B_BRAM_V_12|         array|
|Matrix_B_BRAM_V_12_we0        |  out|    1|   ap_memory|                               Matrix_B_BRAM_V_12|         array|
|Matrix_B_BRAM_V_12_d0         |  out|   16|   ap_memory|                               Matrix_B_BRAM_V_12|         array|
|Matrix_B_BRAM_V_11_address0   |  out|    8|   ap_memory|                               Matrix_B_BRAM_V_11|         array|
|Matrix_B_BRAM_V_11_ce0        |  out|    1|   ap_memory|                               Matrix_B_BRAM_V_11|         array|
|Matrix_B_BRAM_V_11_we0        |  out|    1|   ap_memory|                               Matrix_B_BRAM_V_11|         array|
|Matrix_B_BRAM_V_11_d0         |  out|   16|   ap_memory|                               Matrix_B_BRAM_V_11|         array|
|Matrix_B_BRAM_V_10_address0   |  out|    8|   ap_memory|                               Matrix_B_BRAM_V_10|         array|
|Matrix_B_BRAM_V_10_ce0        |  out|    1|   ap_memory|                               Matrix_B_BRAM_V_10|         array|
|Matrix_B_BRAM_V_10_we0        |  out|    1|   ap_memory|                               Matrix_B_BRAM_V_10|         array|
|Matrix_B_BRAM_V_10_d0         |  out|   16|   ap_memory|                               Matrix_B_BRAM_V_10|         array|
|Matrix_B_BRAM_V_9_address0    |  out|    8|   ap_memory|                                Matrix_B_BRAM_V_9|         array|
|Matrix_B_BRAM_V_9_ce0         |  out|    1|   ap_memory|                                Matrix_B_BRAM_V_9|         array|
|Matrix_B_BRAM_V_9_we0         |  out|    1|   ap_memory|                                Matrix_B_BRAM_V_9|         array|
|Matrix_B_BRAM_V_9_d0          |  out|   16|   ap_memory|                                Matrix_B_BRAM_V_9|         array|
|Matrix_B_BRAM_V_8_address0    |  out|    8|   ap_memory|                                Matrix_B_BRAM_V_8|         array|
|Matrix_B_BRAM_V_8_ce0         |  out|    1|   ap_memory|                                Matrix_B_BRAM_V_8|         array|
|Matrix_B_BRAM_V_8_we0         |  out|    1|   ap_memory|                                Matrix_B_BRAM_V_8|         array|
|Matrix_B_BRAM_V_8_d0          |  out|   16|   ap_memory|                                Matrix_B_BRAM_V_8|         array|
|Matrix_B_BRAM_V_7_address0    |  out|    8|   ap_memory|                                Matrix_B_BRAM_V_7|         array|
|Matrix_B_BRAM_V_7_ce0         |  out|    1|   ap_memory|                                Matrix_B_BRAM_V_7|         array|
|Matrix_B_BRAM_V_7_we0         |  out|    1|   ap_memory|                                Matrix_B_BRAM_V_7|         array|
|Matrix_B_BRAM_V_7_d0          |  out|   16|   ap_memory|                                Matrix_B_BRAM_V_7|         array|
|Matrix_B_BRAM_V_6_address0    |  out|    8|   ap_memory|                                Matrix_B_BRAM_V_6|         array|
|Matrix_B_BRAM_V_6_ce0         |  out|    1|   ap_memory|                                Matrix_B_BRAM_V_6|         array|
|Matrix_B_BRAM_V_6_we0         |  out|    1|   ap_memory|                                Matrix_B_BRAM_V_6|         array|
|Matrix_B_BRAM_V_6_d0          |  out|   16|   ap_memory|                                Matrix_B_BRAM_V_6|         array|
|Matrix_B_BRAM_V_5_address0    |  out|    8|   ap_memory|                                Matrix_B_BRAM_V_5|         array|
|Matrix_B_BRAM_V_5_ce0         |  out|    1|   ap_memory|                                Matrix_B_BRAM_V_5|         array|
|Matrix_B_BRAM_V_5_we0         |  out|    1|   ap_memory|                                Matrix_B_BRAM_V_5|         array|
|Matrix_B_BRAM_V_5_d0          |  out|   16|   ap_memory|                                Matrix_B_BRAM_V_5|         array|
|Matrix_B_BRAM_V_4_address0    |  out|    8|   ap_memory|                                Matrix_B_BRAM_V_4|         array|
|Matrix_B_BRAM_V_4_ce0         |  out|    1|   ap_memory|                                Matrix_B_BRAM_V_4|         array|
|Matrix_B_BRAM_V_4_we0         |  out|    1|   ap_memory|                                Matrix_B_BRAM_V_4|         array|
|Matrix_B_BRAM_V_4_d0          |  out|   16|   ap_memory|                                Matrix_B_BRAM_V_4|         array|
|Matrix_B_BRAM_V_3_address0    |  out|    8|   ap_memory|                                Matrix_B_BRAM_V_3|         array|
|Matrix_B_BRAM_V_3_ce0         |  out|    1|   ap_memory|                                Matrix_B_BRAM_V_3|         array|
|Matrix_B_BRAM_V_3_we0         |  out|    1|   ap_memory|                                Matrix_B_BRAM_V_3|         array|
|Matrix_B_BRAM_V_3_d0          |  out|   16|   ap_memory|                                Matrix_B_BRAM_V_3|         array|
|Matrix_B_BRAM_V_2_address0    |  out|    8|   ap_memory|                                Matrix_B_BRAM_V_2|         array|
|Matrix_B_BRAM_V_2_ce0         |  out|    1|   ap_memory|                                Matrix_B_BRAM_V_2|         array|
|Matrix_B_BRAM_V_2_we0         |  out|    1|   ap_memory|                                Matrix_B_BRAM_V_2|         array|
|Matrix_B_BRAM_V_2_d0          |  out|   16|   ap_memory|                                Matrix_B_BRAM_V_2|         array|
|Matrix_B_BRAM_V_1_address0    |  out|    8|   ap_memory|                                Matrix_B_BRAM_V_1|         array|
|Matrix_B_BRAM_V_1_ce0         |  out|    1|   ap_memory|                                Matrix_B_BRAM_V_1|         array|
|Matrix_B_BRAM_V_1_we0         |  out|    1|   ap_memory|                                Matrix_B_BRAM_V_1|         array|
|Matrix_B_BRAM_V_1_d0          |  out|   16|   ap_memory|                                Matrix_B_BRAM_V_1|         array|
|Matrix_B_BRAM_V_address0      |  out|    8|   ap_memory|                                  Matrix_B_BRAM_V|         array|
|Matrix_B_BRAM_V_ce0           |  out|    1|   ap_memory|                                  Matrix_B_BRAM_V|         array|
|Matrix_B_BRAM_V_we0           |  out|    1|   ap_memory|                                  Matrix_B_BRAM_V|         array|
|Matrix_B_BRAM_V_d0            |  out|   16|   ap_memory|                                  Matrix_B_BRAM_V|         array|
+------------------------------+-----+-----+------------+-------------------------------------------------+--------------+

