

================================================================
== Vitis HLS Report for 'matmul'
================================================================
* Date:           Tue Oct  6 17:16:03 2026

* Version:        2022.2 (Build 3670227 on Oct 13 2022)
* Project:        vitis.prj
* Solution:       solution1 (Vivado IP Flow Target)
* Product family: zynq
* Target device:  xc7z020-clg400-1


================================================================
== Performance Estimates
================================================================
+ Timing: 
    * Summary: 
    +--------+----------+----------+------------+
    |  Clock |  Target  | Estimated| Uncertainty|
    +--------+----------+----------+------------+
    |ap_clk  |  10.00 ns|  7.300 ns|     2.70 ns|
    +--------+----------+----------+------------+

+ Latency: 
    * Summary: 
    +---------+---------+----------+----------+--------+--------+---------+
    |  Latency (cycles) |  Latency (absolute) |     Interval    | Pipeline|
    |   min   |   max   |    min   |    max   |   min  |   max  |   Type  |
    +---------+---------+----------+----------+--------+--------+---------+
    |   570153|   570153|  5.702 ms|  5.702 ms|  570154|  570154|       no|
    +---------+---------+----------+----------+--------+--------+---------+

    + Detail: 
        * Instance: 
        +---------------------------------------------------------------+---------------------------------------------------+---------+---------+----------+----------+-------+-------+---------+
        |                                                               |                                                   |  Latency (cycles) |  Latency (absolute) |    Interval   | Pipeline|
        |                            Instance                           |                       Module                      |   min   |   max   |    min   |    max   |  min  |  max  |   Type  |
        +---------------------------------------------------------------+---------------------------------------------------+---------+---------+----------+----------+-------+-------+---------+
        |grp_matmul_Pipeline_VITIS_LOOP_21_1_VITIS_LOOP_23_2_fu_2652    |matmul_Pipeline_VITIS_LOOP_21_1_VITIS_LOOP_23_2    |    15013|    15013|  0.150 ms|  0.150 ms|  15013|  15013|       no|
        |grp_matmul_Pipeline_VITIS_LOOP_32_3_VITIS_LOOP_34_4_fu_2674    |matmul_Pipeline_VITIS_LOOP_32_3_VITIS_LOOP_34_4    |    30003|    30003|  0.300 ms|  0.300 ms|  30003|  30003|       no|
        |grp_matmul_Pipeline_VITIS_LOOP_43_5_VITIS_LOOP_45_6_fu_2831    |matmul_Pipeline_VITIS_LOOP_43_5_VITIS_LOOP_45_6    |    20004|    20004|  0.200 ms|  0.200 ms|  20004|  20004|       no|
        |grp_matmul_Pipeline_VITIS_LOOP_61_9_fu_2836                    |matmul_Pipeline_VITIS_LOOP_61_9                    |       18|       18|  0.180 us|  0.180 us|     18|     18|       no|
        |grp_matmul_Pipeline_VITIS_LOOP_71_10_VITIS_LOOP_73_11_fu_3008  |matmul_Pipeline_VITIS_LOOP_71_10_VITIS_LOOP_73_11  |    20006|    20006|  0.200 ms|  0.200 ms|  20006|  20006|       no|
        +---------------------------------------------------------------+---------------------------------------------------+---------+---------+----------+----------+-------+-------+---------+

        * Loop: 
        +-----------------------------------+---------+---------+----------+-----------+-----------+-------+----------+
        |                                   |  Latency (cycles) | Iteration|  Initiation Interval  |  Trip |          |
        |             Loop Name             |   min   |   max   |  Latency |  achieved |   target  | Count | Pipelined|
        +-----------------------------------+---------+---------+----------+-----------+-----------+-------+----------+
        |- VITIS_LOOP_57_7_VITIS_LOOP_59_8  |   520000|   520000|        26|          -|          -|  20000|        no|
        +-----------------------------------+---------+---------+----------+-----------+-----------+-------+----------+



================================================================
== Utilization Estimates
================================================================
* Summary: 
+-----------------+---------+-----+--------+-------+-----+
|       Name      | BRAM_18K| DSP |   FF   |  LUT  | URAM|
+-----------------+---------+-----+--------+-------+-----+
|DSP              |        -|    1|       -|      -|    -|
|Expression       |        -|    -|       0|    104|    -|
|FIFO             |        -|    -|       -|      -|    -|
|Instance         |        0|   17|    3277|  15564|    -|
|Memory           |      197|    -|       0|      0|    0|
|Multiplexer      |        -|    -|       -|   7225|    -|
|Register         |        -|    -|    2895|      -|    -|
+-----------------+---------+-----+--------+-------+-----+
|Total            |      197|   18|    6172|  22893|    0|
+-----------------+---------+-----+--------+-------+-----+
|Available        |      280|  220|  106400|  53200|    0|
+-----------------+---------+-----+--------+-------+-----+
|Utilization (%)  |       70|    8|       5|     43|    0|
+-----------------+---------+-----+--------+-------+-----+

+ Detail: 
    * Instance: 
    +---------------------------------------------------------------+---------------------------------------------------+---------+----+-----+-------+-----+
    |                            Instance                           |                       Module                      | BRAM_18K| DSP|  FF |  LUT  | URAM|
    +---------------------------------------------------------------+---------------------------------------------------+---------+----+-----+-------+-----+
    |control_s_axi_U                                                |control_s_axi                                      |        0|   0|  246|    424|    0|
    |grp_matmul_Pipeline_VITIS_LOOP_21_1_VITIS_LOOP_23_2_fu_2652    |matmul_Pipeline_VITIS_LOOP_21_1_VITIS_LOOP_23_2    |        0|   0|  486|    467|    0|
    |grp_matmul_Pipeline_VITIS_LOOP_32_3_VITIS_LOOP_34_4_fu_2674    |matmul_Pipeline_VITIS_LOOP_32_3_VITIS_LOOP_34_4    |        0|   0|   52|    156|    0|
    |grp_matmul_Pipeline_VITIS_LOOP_43_5_VITIS_LOOP_45_6_fu_2831    |matmul_Pipeline_VITIS_LOOP_43_5_VITIS_LOOP_45_6    |        0|   1|   53|    161|    0|
    |grp_matmul_Pipeline_VITIS_LOOP_61_9_fu_2836                    |matmul_Pipeline_VITIS_LOOP_61_9                    |        0|  15|  816|  11322|    0|
    |grp_matmul_Pipeline_VITIS_LOOP_71_10_VITIS_LOOP_73_11_fu_3008  |matmul_Pipeline_VITIS_LOOP_71_10_VITIS_LOOP_73_11  |        0|   1|  138|    204|    0|
    |mem1_m_axi_U                                                   |mem1_m_axi                                         |        0|   0|  743|   1415|    0|
    |mem2_m_axi_U                                                   |mem2_m_axi                                         |        0|   0|  743|   1415|    0|
    +---------------------------------------------------------------+---------------------------------------------------+---------+----+-----+-------+-----+
    |Total                                                          |                                                   |        0|  17| 3277|  15564|    0|
    +---------------------------------------------------------------+---------------------------------------------------+---------+----+-----+-------+-----+

    * DSP: 
    +------------------------------------+-------------------------------+--------------+
    |              Instance              |             Module            |  Expression  |
    +------------------------------------+-------------------------------+--------------+
    |mac_muladd_7ns_8ns_8ns_15_4_1_U382  |mac_muladd_7ns_8ns_8ns_15_4_1  |  i0 * i1 + i2|
    +------------------------------------+-------------------------------+--------------+

    * Memory: 
    +-----------------------+-------------------------------+---------+---+----+-----+-------+-----+------+-------------+
    |         Memory        |             Module            | BRAM_18K| FF| LUT| URAM| Words | Bits| Banks| W*Bits*Banks|
    +-----------------------+-------------------------------+---------+---+----+-----+-------+-----+------+-------------+
    |Matrix_A_BRAM_V_U      |Matrix_A_BRAM_V_RAM_AUTO_1R1W  |        1|  0|   0|    0|   1000|   16|     1|        16000|
    |Matrix_A_BRAM_V_1_U    |Matrix_A_BRAM_V_RAM_AUTO_1R1W  |        1|  0|   0|    0|   1000|   16|     1|        16000|
    |Matrix_A_BRAM_V_2_U    |Matrix_A_BRAM_V_RAM_AUTO_1R1W  |        1|  0|   0|    0|   1000|   16|     1|        16000|
    |Matrix_A_BRAM_V_3_U    |Matrix_A_BRAM_V_RAM_AUTO_1R1W  |        1|  0|   0|    0|   1000|   16|     1|        16000|
    |Matrix_A_BRAM_V_4_U    |Matrix_A_BRAM_V_RAM_AUTO_1R1W  |        1|  0|   0|    0|   1000|   16|     1|        16000|
    |Matrix_A_BRAM_V_5_U    |Matrix_A_BRAM_V_RAM_AUTO_1R1W  |        1|  0|   0|    0|   1000|   16|     1|        16000|
    |Matrix_A_BRAM_V_6_U    |Matrix_A_BRAM_V_RAM_AUTO_1R1W  |        1|  0|   0|    0|   1000|   16|     1|        16000|
    |Matrix_A_BRAM_V_7_U    |Matrix_A_BRAM_V_RAM_AUTO_1R1W  |        1|  0|   0|    0|   1000|   16|     1|        16000|
    |Matrix_A_BRAM_V_8_U    |Matrix_A_BRAM_V_RAM_AUTO_1R1W  |        1|  0|   0|    0|   1000|   16|     1|        16000|
    |Matrix_A_BRAM_V_9_U    |Matrix_A_BRAM_V_RAM_AUTO_1R1W  |        1|  0|   0|    0|   1000|   16|     1|        16000|
    |Matrix_A_BRAM_V_10_U   |Matrix_A_BRAM_V_RAM_AUTO_1R1W  |        1|  0|   0|    0|   1000|   16|     1|        16000|
    |Matrix_A_BRAM_V_11_U   |Matrix_A_BRAM_V_RAM_AUTO_1R1W  |        1|  0|   0|    0|   1000|   16|     1|        16000|
    |Matrix_A_BRAM_V_12_U   |Matrix_A_BRAM_V_RAM_AUTO_1R1W  |        1|  0|   0|    0|   1000|   16|     1|        16000|
    |Matrix_A_BRAM_V_13_U   |Matrix_A_BRAM_V_RAM_AUTO_1R1W  |        1|  0|   0|    0|   1000|   16|     1|        16000|
    |Matrix_A_BRAM_V_14_U   |Matrix_A_BRAM_V_RAM_AUTO_1R1W  |        1|  0|   0|    0|   1000|   16|     1|        16000|
    |Matrix_B_BRAM_V_U      |Matrix_B_BRAM_V_RAM_AUTO_1R1W  |        1|  0|   0|    0|    200|   16|     1|         3200|
    |Matrix_B_BRAM_V_1_U    |Matrix_B_BRAM_V_RAM_AUTO_1R1W  |        1|  0|   0|    0|    200|   16|     1|         3200|
    |Matrix_B_BRAM_V_2_U    |Matrix_B_BRAM_V_RAM_AUTO_1R1W  |        1|  0|   0|    0|    200|   16|     1|         3200|
    |Matrix_B_BRAM_V_3_U    |Matrix_B_BRAM_V_RAM_AUTO_1R1W  |        1|  0|   0|    0|    200|   16|     1|         3200|
    |Matrix_B_BRAM_V_4_U    |Matrix_B_BRAM_V_RAM_AUTO_1R1W  |        1|  0|   0|    0|    200|   16|     1|         3200|
    |Matrix_B_BRAM_V_5_U    |Matrix_B_BRAM_V_RAM_AUTO_1R1W  |        1|  0|   0|    0|    200|   16|     1|         3200|
    |Matrix_B_BRAM_V_6_U    |Matrix_B_BRAM_V_RAM_AUTO_1R1W  |        1|  0|   0|    0|    200|   16|     1|         3200|
    |Matrix_B_BRAM_V_7_U    |Matrix_B_BRAM_V_RAM_AUTO_1R1W  |        1|  0|   0|    0|    200|   16|     1|         3200|
    |Matrix_B_BRAM_V_8_U    |Matrix_B_BRAM_V_RAM_AUTO_1R1W  |        1|  0|   0|    0|    200|   16|     1|         3200|
    |Matrix_B_BRAM_V_9_U    |Matrix_B_BRAM_V_RAM_AUTO_1R1W  |        1|  0|   0|    0|    200|   16|     1|         3200|
    |Matrix_B_BRAM_V_10_U   |Matrix_B_BRAM_V_RAM_AUTO_1R1W  |        1|  0|   0|    0|    200|   16|     1|         3200|
    |Matrix_B_BRAM_V_11_U   |Matrix_B_BRAM_V_RAM_AUTO_1R1W  |        1|  0|   0|    0|    200|   16|     1|         3200|
    |Matrix_B_BRAM_V_12_U   |Matrix_B_BRAM_V_RAM_AUTO_1R1W  |        1|  0|   0|    0|    200|   16|     1|         3200|
    |Matrix_B_BRAM_V_13_U   |Matrix_B_BRAM_V_RAM_AUTO_1R1W  |        1|  0|   0|    0|    200|   16|     1|         3200|
    |Matrix_B_BRAM_V_14_U   |Matrix_B_BRAM_V_RAM_AUTO_1R1W  |        1|  0|   0|    0|    200|   16|     1|         3200|
    |Matrix_B_BRAM_V_15_U   |Matrix_B_BRAM_V_RAM_AUTO_1R1W  |        1|  0|   0|    0|    200|   16|     1|         3200|
    |Matrix_B_BRAM_V_16_U   |Matrix_B_BRAM_V_RAM_AUTO_1R1W  |        1|  0|   0|    0|    200|   16|     1|         3200|
    |Matrix_B_BRAM_V_17_U   |Matrix_B_BRAM_V_RAM_AUTO_1R1W  |        1|  0|   0|    0|    200|   16|     1|         3200|
    |Matrix_B_BRAM_V_18_U   |Matrix_B_BRAM_V_RAM_AUTO_1R1W  |        1|  0|   0|    0|    200|   16|     1|         3200|
    |Matrix_B_BRAM_V_19_U   |Matrix_B_BRAM_V_RAM_AUTO_1R1W  |        1|  0|   0|    0|    200|   16|     1|         3200|
    |Matrix_B_BRAM_V_20_U   |Matrix_B_BRAM_V_RAM_AUTO_1R1W  |        1|  0|   0|    0|    200|   16|     1|         3200|
    |Matrix_B_BRAM_V_21_U   |Matrix_B_BRAM_V_RAM_AUTO_1R1W  |        1|  0|   0|    0|    200|   16|     1|         3200|
    |Matrix_B_BRAM_V_22_U   |Matrix_B_BRAM_V_RAM_AUTO_1R1W  |        1|  0|   0|    0|    200|   16|     1|         3200|
    |Matrix_B_BRAM_V_23_U   |Matrix_B_BRAM_V_RAM_AUTO_1R1W  |        1|  0|   0|    0|    200|   16|     1|         3200|
    |Matrix_B_BRAM_V_24_U   |Matrix_B_BRAM_V_RAM_AUTO_1R1W  |        1|  0|   0|    0|    200|   16|     1|         3200|
    |Matrix_B_BRAM_V_25_U   |Matrix_B_BRAM_V_RAM_AUTO_1R1W  |        1|  0|   0|    0|    200|   16|     1|         3200|
    |Matrix_B_BRAM_V_26_U   |Matrix_B_BRAM_V_RAM_AUTO_1R1W  |        1|  0|   0|    0|    200|   16|     1|         3200|
    |Matrix_B_BRAM_V_27_U   |Matrix_B_BRAM_V_RAM_AUTO_1R1W  |        1|  0|   0|    0|    200|   16|     1|         3200|
    |Matrix_B_BRAM_V_28_U   |Matrix_B_BRAM_V_RAM_AUTO_1R1W  |        1|  0|   0|    0|    200|   16|     1|         3200|
    |Matrix_B_BRAM_V_29_U   |Matrix_B_BRAM_V_RAM_AUTO_1R1W  |        1|  0|   0|    0|    200|   16|     1|         3200|
    |Matrix_B_BRAM_V_30_U   |Matrix_B_BRAM_V_RAM_AUTO_1R1W  |        1|  0|   0|    0|    200|   16|     1|         3200|
    |Matrix_B_BRAM_V_31_U   |Matrix_B_BRAM_V_RAM_AUTO_1R1W  |        1|  0|   0|    0|    200|   16|     1|         3200|
    |Matrix_B_BRAM_V_32_U   |Matrix_B_BRAM_V_RAM_AUTO_1R1W  |        1|  0|   0|    0|    200|   16|     1|         3200|
    |Matrix_B_BRAM_V_33_U   |Matrix_B_BRAM_V_RAM_AUTO_1R1W  |        1|  0|   0|    0|    200|   16|     1|         3200|
    |Matrix_B_BRAM_V_34_U   |Matrix_B_BRAM_V_RAM_AUTO_1R1W  |        1|  0|   0|    0|    200|   16|     1|         3200|
    |Matrix_B_BRAM_V_35_U   |Matrix_B_BRAM_V_RAM_AUTO_1R1W  |        1|  0|   0|    0|    200|   16|     1|         3200|
    |Matrix_B_BRAM_V_36_U   |Matrix_B_BRAM_V_RAM_AUTO_1R1W  |        1|  0|   0|    0|    200|   16|     1|         3200|
    |Matrix_B_BRAM_V_37_U   |Matrix_B_BRAM_V_RAM_AUTO_1R1W  |        1|  0|   0|    0|    200|   16|     1|         3200|
    |Matrix_B_BRAM_V_38_U   |Matrix_B_BRAM_V_RAM_AUTO_1R1W  |        1|  0|   0|    0|    200|   16|     1|         3200|
    |Matrix_B_BRAM_V_39_U   |Matrix_B_BRAM_V_RAM_AUTO_1R1W  |        1|  0|   0|    0|    200|   16|     1|         3200|
    |Matrix_B_BRAM_V_40_U   |Matrix_B_BRAM_V_RAM_AUTO_1R1W  |        1|  0|   0|    0|    200|   16|     1|         3200|
    |Matrix_B_BRAM_V_41_U   |Matrix_B_BRAM_V_RAM_AUTO_1R1W  |        1|  0|   0|    0|    200|   16|     1|         3200|
    |Matrix_B_BRAM_V_42_U   |Matrix_B_BRAM_V_RAM_AUTO_1R1W  |        1|  0|   0|    0|    200|   16|     1|         3200|
    |Matrix_B_BRAM_V_43_U   |Matrix_B_BRAM_V_RAM_AUTO_1R1W  |        1|  0|   0|    0|    200|   16|     1|         3200|
    |Matrix_B_BRAM_V_44_U   |Matrix_B_BRAM_V_RAM_AUTO_1R1W  |        1|  0|   0|    0|    200|   16|     1|         3200|
    |Matrix_B_BRAM_V_45_U   |Matrix_B_BRAM_V_RAM_AUTO_1R1W  |        1|  0|   0|    0|    200|   16|     1|         3200|
    |Matrix_B_BRAM_V_46_U   |Matrix_B_BRAM_V_RAM_AUTO_1R1W  |        1|  0|   0|    0|    200|   16|     1|         3200|
    |Matrix_B_BRAM_V_47_U   |Matrix_B_BRAM_V_RAM_AUTO_1R1W  |        1|  0|   0|    0|    200|   16|     1|         3200|
    |Matrix_B_BRAM_V_48_U   |Matrix_B_BRAM_V_RAM_AUTO_1R1W  |        1|  0|   0|    0|    200|   16|     1|         3200|
    |Matrix_B_BRAM_V_49_U   |Matrix_B_BRAM_V_RAM_AUTO_1R1W  |        1|  0|   0|    0|    200|   16|     1|         3200|
    |Matrix_B_BRAM_V_50_U   |Matrix_B_BRAM_V_RAM_AUTO_1R1W  |        1|  0|   0|    0|    200|   16|     1|         3200|
    |Matrix_B_BRAM_V_51_U   |Matrix_B_BRAM_V_RAM_AUTO_1R1W  |        1|  0|   0|    0|    200|   16|     1|         3200|
    |Matrix_B_BRAM_V_52_U   |Matrix_B_BRAM_V_RAM_AUTO_1R1W  |        1|  0|   0|    0|    200|   16|     1|         3200|
    |Matrix_B_BRAM_V_53_U   |Matrix_B_BRAM_V_RAM_AUTO_1R1W  |        1|  0|   0|    0|    200|   16|     1|         3200|
    |Matrix_B_BRAM_V_54_U   |Matrix_B_BRAM_V_RAM_AUTO_1R1W  |        1|  0|   0|    0|    200|   16|     1|         3200|
    |Matrix_B_BRAM_V_55_U   |Matrix_B_BRAM_V_RAM_AUTO_1R1W  |        1|  0|   0|    0|    200|   16|     1|         3200|
    |Matrix_B_BRAM_V_56_U   |Matrix_B_BRAM_V_RAM_AUTO_1R1W  |        1|  0|   0|    0|    200|   16|     1|         3200|
    |Matrix_B_BRAM_V_57_U   |Matrix_B_BRAM_V_RAM_AUTO_1R1W  |        1|  0|   0|    0|    200|   16|     1|         3200|
    |Matrix_B_BRAM_V_58_U   |Matrix_B_BRAM_V_RAM_AUTO_1R1W  |        1|  0|   0|    0|    200|   16|     1|         3200|
    |Matrix_B_BRAM_V_59_U   |Matrix_B_BRAM_V_RAM_AUTO_1R1W  |        1|  0|   0|    0|    200|   16|     1|         3200|
    |Matrix_B_BRAM_V_60_U   |Matrix_B_BRAM_V_RAM_AUTO_1R1W  |        1|  0|   0|    0|    200|   16|     1|         3200|
    |Matrix_B_BRAM_V_61_U   |Matrix_B_BRAM_V_RAM_AUTO_1R1W  |        1|  0|   0|    0|    200|   16|     1|         3200|
    |Matrix_B_BRAM_V_62_U   |Matrix_B_BRAM_V_RAM_AUTO_1R1W  |        1|  0|   0|    0|    200|   16|     1|         3200|
    |Matrix_B_BRAM_V_63_U   |Matrix_B_BRAM_V_RAM_AUTO_1R1W  |        1|  0|   0|    0|    200|   16|     1|         3200|
    |Matrix_B_BRAM_V_64_U   |Matrix_B_BRAM_V_RAM_AUTO_1R1W  |        1|  0|   0|    0|    200|   16|     1|         3200|
    |Matrix_B_BRAM_V_65_U   |Matrix_B_BRAM_V_RAM_AUTO_1R1W  |        1|  0|   0|    0|    200|   16|     1|         3200|
    |Matrix_B_BRAM_V_66_U   |Matrix_B_BRAM_V_RAM_AUTO_1R1W  |        1|  0|   0|    0|    200|   16|     1|         3200|
    |Matrix_B_BRAM_V_67_U   |Matrix_B_BRAM_V_RAM_AUTO_1R1W  |        1|  0|   0|    0|    200|   16|     1|         3200|
    |Matrix_B_BRAM_V_68_U   |Matrix_B_BRAM_V_RAM_AUTO_1R1W  |        1|  0|   0|    0|    200|   16|     1|         3200|
    |Matrix_B_BRAM_V_69_U   |Matrix_B_BRAM_V_RAM_AUTO_1R1W  |        1|  0|   0|    0|    200|   16|     1|         3200|
    |Matrix_B_BRAM_V_70_U   |Matrix_B_BRAM_V_RAM_AUTO_1R1W  |        1|  0|   0|    0|    200|   16|     1|         3200|
    |Matrix_B_BRAM_V_71_U   |Matrix_B_BRAM_V_RAM_AUTO_1R1W  |        1|  0|   0|    0|    200|   16|     1|         3200|
    |Matrix_B_BRAM_V_72_U   |Matrix_B_BRAM_V_RAM_AUTO_1R1W  |        1|  0|   0|    0|    200|   16|     1|         3200|
    |Matrix_B_BRAM_V_73_U   |Matrix_B_BRAM_V_RAM_AUTO_1R1W  |        1|  0|   0|    0|    200|   16|     1|         3200|
    |Matrix_B_BRAM_V_74_U   |Matrix_B_BRAM_V_RAM_AUTO_1R1W  |        1|  0|   0|    0|    200|   16|     1|         3200|
    |Matrix_B_BRAM_V_75_U   |Matrix_B_BRAM_V_RAM_AUTO_1R1W  |        1|  0|   0|    0|    200|   16|     1|         3200|
    |Matrix_B_BRAM_V_76_U   |Matrix_B_BRAM_V_RAM_AUTO_1R1W  |        1|  0|   0|    0|    200|   16|     1|         3200|
    |Matrix_B_BRAM_V_77_U   |Matrix_B_BRAM_V_RAM_AUTO_1R1W  |        1|  0|   0|    0|    200|   16|     1|         3200|
    |Matrix_B_BRAM_V_78_U   |Matrix_B_BRAM_V_RAM_AUTO_1R1W  |        1|  0|   0|    0|    200|   16|     1|         3200|
    |Matrix_B_BRAM_V_79_U   |Matrix_B_BRAM_V_RAM_AUTO_1R1W  |        1|  0|   0|    0|    200|   16|     1|         3200|
    |Matrix_B_BRAM_V_80_U   |Matrix_B_BRAM_V_RAM_AUTO_1R1W  |        1|  0|   0|    0|    200|   16|     1|         3200|
    |Matrix_B_BRAM_V_81_U   |Matrix_B_BRAM_V_RAM_AUTO_1R1W  |        1|  0|   0|    0|    200|   16|     1|         3200|
    |Matrix_B_BRAM_V_82_U   |Matrix_B_BRAM_V_RAM_AUTO_1R1W  |        1|  0|   0|    0|    200|   16|     1|         3200|
    |Matrix_B_BRAM_V_83_U   |Matrix_B_BRAM_V_RAM_AUTO_1R1W  |        1|  0|   0|    0|    200|   16|     1|         3200|
    |Matrix_B_BRAM_V_84_U   |Matrix_B_BRAM_V_RAM_AUTO_1R1W  |        1|  0|   0|    0|    200|   16|     1|         3200|
    |Matrix_B_BRAM_V_85_U   |Matrix_B_BRAM_V_RAM_AUTO_1R1W  |        1|  0|   0|    0|    200|   16|     1|         3200|
    |Matrix_B_BRAM_V_86_U   |Matrix_B_BRAM_V_RAM_AUTO_1R1W  |        1|  0|   0|    0|    200|   16|     1|         3200|
    |Matrix_B_BRAM_V_87_U   |Matrix_B_BRAM_V_RAM_AUTO_1R1W  |        1|  0|   0|    0|    200|   16|     1|         3200|
    |Matrix_B_BRAM_V_88_U   |Matrix_B_BRAM_V_RAM_AUTO_1R1W  |        1|  0|   0|    0|    200|   16|     1|         3200|
    |Matrix_B_BRAM_V_89_U   |Matrix_B_BRAM_V_RAM_AUTO_1R1W  |        1|  0|   0|    0|    200|   16|     1|         3200|
    |Matrix_B_BRAM_V_90_U   |Matrix_B_BRAM_V_RAM_AUTO_1R1W  |        1|  0|   0|    0|    200|   16|     1|         3200|
    |Matrix_B_BRAM_V_91_U   |Matrix_B_BRAM_V_RAM_AUTO_1R1W  |        1|  0|   0|    0|    200|   16|     1|         3200|
    |Matrix_B_BRAM_V_92_U   |Matrix_B_BRAM_V_RAM_AUTO_1R1W  |        1|  0|   0|    0|    200|   16|     1|         3200|
    |Matrix_B_BRAM_V_93_U   |Matrix_B_BRAM_V_RAM_AUTO_1R1W  |        1|  0|   0|    0|    200|   16|     1|         3200|
    |Matrix_B_BRAM_V_94_U   |Matrix_B_BRAM_V_RAM_AUTO_1R1W  |        1|  0|   0|    0|    200|   16|     1|         3200|
    |Matrix_B_BRAM_V_95_U   |Matrix_B_BRAM_V_RAM_AUTO_1R1W  |        1|  0|   0|    0|    200|   16|     1|         3200|
    |Matrix_B_BRAM_V_96_U   |Matrix_B_BRAM_V_RAM_AUTO_1R1W  |        1|  0|   0|    0|    200|   16|     1|         3200|
    |Matrix_B_BRAM_V_97_U   |Matrix_B_BRAM_V_RAM_AUTO_1R1W  |        1|  0|   0|    0|    200|   16|     1|         3200|
    |Matrix_B_BRAM_V_98_U   |Matrix_B_BRAM_V_RAM_AUTO_1R1W  |        1|  0|   0|    0|    200|   16|     1|         3200|
    |Matrix_B_BRAM_V_99_U   |Matrix_B_BRAM_V_RAM_AUTO_1R1W  |        1|  0|   0|    0|    200|   16|     1|         3200|
    |Matrix_B_BRAM_V_100_U  |Matrix_B_BRAM_V_RAM_AUTO_1R1W  |        1|  0|   0|    0|    200|   16|     1|         3200|
    |Matrix_B_BRAM_V_101_U  |Matrix_B_BRAM_V_RAM_AUTO_1R1W  |        1|  0|   0|    0|    200|   16|     1|         3200|
    |Matrix_B_BRAM_V_102_U  |Matrix_B_BRAM_V_RAM_AUTO_1R1W  |        1|  0|   0|    0|    200|   16|     1|         3200|
    |Matrix_B_BRAM_V_103_U  |Matrix_B_BRAM_V_RAM_AUTO_1R1W  |        1|  0|   0|    0|    200|   16|     1|         3200|
    |Matrix_B_BRAM_V_104_U  |Matrix_B_BRAM_V_RAM_AUTO_1R1W  |        1|  0|   0|    0|    200|   16|     1|         3200|
    |Matrix_B_BRAM_V_105_U  |Matrix_B_BRAM_V_RAM_AUTO_1R1W  |        1|  0|   0|    0|    200|   16|     1|         3200|
    |Matrix_B_BRAM_V_106_U  |Matrix_B_BRAM_V_RAM_AUTO_1R1W  |        1|  0|   0|    0|    200|   16|     1|         3200|
    |Matrix_B_BRAM_V_107_U  |Matrix_B_BRAM_V_RAM_AUTO_1R1W  |        1|  0|   0|    0|    200|   16|     1|         3200|
    |Matrix_B_BRAM_V_108_U  |Matrix_B_BRAM_V_RAM_AUTO_1R1W  |        1|  0|   0|    0|    200|   16|     1|         3200|
    |Matrix_B_BRAM_V_109_U  |Matrix_B_BRAM_V_RAM_AUTO_1R1W  |        1|  0|   0|    0|    200|   16|     1|         3200|
    |Matrix_B_BRAM_V_110_U  |Matrix_B_BRAM_V_RAM_AUTO_1R1W  |        1|  0|   0|    0|    200|   16|     1|         3200|
    |Matrix_B_BRAM_V_111_U  |Matrix_B_BRAM_V_RAM_AUTO_1R1W  |        1|  0|   0|    0|    200|   16|     1|         3200|
    |Matrix_B_BRAM_V_112_U  |Matrix_B_BRAM_V_RAM_AUTO_1R1W  |        1|  0|   0|    0|    200|   16|     1|         3200|
    |Matrix_B_BRAM_V_113_U  |Matrix_B_BRAM_V_RAM_AUTO_1R1W  |        1|  0|   0|    0|    200|   16|     1|         3200|
    |Matrix_B_BRAM_V_114_U  |Matrix_B_BRAM_V_RAM_AUTO_1R1W  |        1|  0|   0|    0|    200|   16|     1|         3200|
    |Matrix_B_BRAM_V_115_U  |Matrix_B_BRAM_V_RAM_AUTO_1R1W  |        1|  0|   0|    0|    200|   16|     1|         3200|
    |Matrix_B_BRAM_V_116_U  |Matrix_B_BRAM_V_RAM_AUTO_1R1W  |        1|  0|   0|    0|    200|   16|     1|         3200|
    |Matrix_B_BRAM_V_117_U  |Matrix_B_BRAM_V_RAM_AUTO_1R1W  |        1|  0|   0|    0|    200|   16|     1|         3200|
    |Matrix_B_BRAM_V_118_U  |Matrix_B_BRAM_V_RAM_AUTO_1R1W  |        1|  0|   0|    0|    200|   16|     1|         3200|
    |Matrix_B_BRAM_V_119_U  |Matrix_B_BRAM_V_RAM_AUTO_1R1W  |        1|  0|   0|    0|    200|   16|     1|         3200|
    |Matrix_B_BRAM_V_120_U  |Matrix_B_BRAM_V_RAM_AUTO_1R1W  |        1|  0|   0|    0|    200|   16|     1|         3200|
    |Matrix_B_BRAM_V_121_U  |Matrix_B_BRAM_V_RAM_AUTO_1R1W  |        1|  0|   0|    0|    200|   16|     1|         3200|
    |Matrix_B_BRAM_V_122_U  |Matrix_B_BRAM_V_RAM_AUTO_1R1W  |        1|  0|   0|    0|    200|   16|     1|         3200|
    |Matrix_B_BRAM_V_123_U  |Matrix_B_BRAM_V_RAM_AUTO_1R1W  |        1|  0|   0|    0|    200|   16|     1|         3200|
    |Matrix_B_BRAM_V_124_U  |Matrix_B_BRAM_V_RAM_AUTO_1R1W  |        1|  0|   0|    0|    200|   16|     1|         3200|
    |Matrix_B_BRAM_V_125_U  |Matrix_B_BRAM_V_RAM_AUTO_1R1W  |        1|  0|   0|    0|    200|   16|     1|         3200|
    |Matrix_B_BRAM_V_126_U  |Matrix_B_BRAM_V_RAM_AUTO_1R1W  |        1|  0|   0|    0|    200|   16|     1|         3200|
    |Matrix_B_BRAM_V_127_U  |Matrix_B_BRAM_V_RAM_AUTO_1R1W  |        1|  0|   0|    0|    200|   16|     1|         3200|
    |Matrix_B_BRAM_V_128_U  |Matrix_B_BRAM_V_RAM_AUTO_1R1W  |        1|  0|   0|    0|    200|   16|     1|         3200|
    |Matrix_B_BRAM_V_129_U  |Matrix_B_BRAM_V_RAM_AUTO_1R1W  |        1|  0|   0|    0|    200|   16|     1|         3200|
    |Matrix_B_BRAM_V_130_U  |Matrix_B_BRAM_V_RAM_AUTO_1R1W  |        1|  0|   0|    0|    200|   16|     1|         3200|
    |Matrix_B_BRAM_V_131_U  |Matrix_B_BRAM_V_RAM_AUTO_1R1W  |        1|  0|   0|    0|    200|   16|     1|         3200|
    |Matrix_B_BRAM_V_132_U  |Matrix_B_BRAM_V_RAM_AUTO_1R1W  |        1|  0|   0|    0|    200|   16|     1|         3200|
    |Matrix_B_BRAM_V_133_U  |Matrix_B_BRAM_V_RAM_AUTO_1R1W  |        1|  0|   0|    0|    200|   16|     1|         3200|
    |Matrix_B_BRAM_V_134_U  |Matrix_B_BRAM_V_RAM_AUTO_1R1W  |        1|  0|   0|    0|    200|   16|     1|         3200|
    |Matrix_B_BRAM_V_135_U  |Matrix_B_BRAM_V_RAM_AUTO_1R1W  |        1|  0|   0|    0|    200|   16|     1|         3200|
    |Matrix_B_BRAM_V_136_U  |Matrix_B_BRAM_V_RAM_AUTO_1R1W  |        1|  0|   0|    0|    200|   16|     1|         3200|
    |Matrix_B_BRAM_V_137_U  |Matrix_B_BRAM_V_RAM_AUTO_1R1W  |        1|  0|   0|    0|    200|   16|     1|         3200|
    |Matrix_B_BRAM_V_138_U  |Matrix_B_BRAM_V_RAM_AUTO_1R1W  |        1|  0|   0|    0|    200|   16|     1|         3200|
    |Matrix_B_BRAM_V_139_U  |Matrix_B_BRAM_V_RAM_AUTO_1R1W  |        1|  0|   0|    0|    200|   16|     1|         3200|
    |Matrix_B_BRAM_V_140_U  |Matrix_B_BRAM_V_RAM_AUTO_1R1W  |        1|  0|   0|    0|    200|   16|     1|         3200|
    |Matrix_B_BRAM_V_141_U  |Matrix_B_BRAM_V_RAM_AUTO_1R1W  |        1|  0|   0|    0|    200|   16|     1|         3200|
    |Matrix_B_BRAM_V_142_U  |Matrix_B_BRAM_V_RAM_AUTO_1R1W  |        1|  0|   0|    0|    200|   16|     1|         3200|
    |Matrix_B_BRAM_V_143_U  |Matrix_B_BRAM_V_RAM_AUTO_1R1W  |        1|  0|   0|    0|    200|   16|     1|         3200|
    |Matrix_B_BRAM_V_144_U  |Matrix_B_BRAM_V_RAM_AUTO_1R1W  |        1|  0|   0|    0|    200|   16|     1|         3200|
    |Matrix_B_BRAM_V_145_U  |Matrix_B_BRAM_V_RAM_AUTO_1R1W  |        1|  0|   0|    0|    200|   16|     1|         3200|
    |Matrix_B_BRAM_V_146_U  |Matrix_B_BRAM_V_RAM_AUTO_1R1W  |        1|  0|   0|    0|    200|   16|     1|         3200|
    |Matrix_B_BRAM_V_147_U  |Matrix_B_BRAM_V_RAM_AUTO_1R1W  |        1|  0|   0|    0|    200|   16|     1|         3200|
    |Matrix_B_BRAM_V_148_U  |Matrix_B_BRAM_V_RAM_AUTO_1R1W  |        1|  0|   0|    0|    200|   16|     1|         3200|
    |Matrix_B_BRAM_V_149_U  |Matrix_B_BRAM_V_RAM_AUTO_1R1W  |        1|  0|   0|    0|    200|   16|     1|         3200|
    |Matrix_C_BRAM_V_U      |Matrix_C_BRAM_V_RAM_AUTO_1R1W  |       32|  0|   0|    0|  20000|   16|     1|       320000|
    +-----------------------+-------------------------------+---------+---+----+-----+-------+-----+------+-------------+
    |Total                  |                               |      197|  0|   0|    0|  65000| 2656|   166|      1040000|
    +-----------------------+-------------------------------+---------+---+----+-----+-------+-----+------+-------------+

    * FIFO: 
    N/A

    * Expression: 
    +----------------------------------+----------+----+---+----+------------+------------+
    |           Variable Name          | Operation| DSP| FF| LUT| Bitwidth P0| Bitwidth P1|
    +----------------------------------+----------+----+---+----+------------+------------+
    |add_ln186_fu_3332_p2              |         +|   0|  0|  13|          10|          10|
    |add_ln57_1_fu_3080_p2             |         +|   0|  0|  20|          15|           1|
    |add_ln57_fu_3092_p2               |         +|   0|  0|  14|           7|           1|
    |add_ln59_fu_3124_p2               |         +|   0|  0|  15|           8|           1|
    |icmp_ln57_fu_3074_p2              |      icmp|   0|  0|  12|          15|          15|
    |icmp_ln59_fu_3098_p2              |      icmp|   0|  0|  11|           8|           7|
    |ap_block_state2_io                |        or|   0|  0|   2|           1|           1|
    |ap_block_state73_on_subcall_done  |        or|   0|  0|   2|           1|           1|
    |select_ln57_1_fu_3112_p3          |    select|   0|  0|   7|           1|           7|
    |select_ln57_fu_3104_p3            |    select|   0|  0|   8|           1|           1|
    +----------------------------------+----------+----+---+----+------------+------------+
    |Total                             |          |   0|  0| 104|          67|          45|
    +----------------------------------+----------+----+---+----+------------+------------+

    * Multiplexer: 
    +------------------------------+-----+-----------+-----+-----------+
    |             Name             | LUT | Input Size| Bits| Total Bits|
    +------------------------------+-----+-----------+-----+-----------+
    |Matrix_A_BRAM_V_10_address0   |   14|          3|   10|         30|
    |Matrix_A_BRAM_V_10_ce0        |   14|          3|    1|          3|
    |Matrix_A_BRAM_V_10_we0        |    9|          2|    1|          2|
    |Matrix_A_BRAM_V_11_address0   |   14|          3|   10|         30|
    |Matrix_A_BRAM_V_11_ce0        |   14|          3|    1|          3|
    |Matrix_A_BRAM_V_11_we0        |    9|          2|    1|          2|
    |Matrix_A_BRAM_V_12_address0   |   14|          3|   10|         30|
    |Matrix_A_BRAM_V_12_ce0        |   14|          3|    1|          3|
    |Matrix_A_BRAM_V_12_we0        |    9|          2|    1|          2|
    |Matrix_A_BRAM_V_13_address0   |   14|          3|   10|         30|
    |Matrix_A_BRAM_V_13_ce0        |   14|          3|    1|          3|
    |Matrix_A_BRAM_V_13_we0        |    9|          2|    1|          2|
    |Matrix_A_BRAM_V_14_address0   |   14|          3|   10|         30|
    |Matrix_A_BRAM_V_14_ce0        |   14|          3|    1|          3|
    |Matrix_A_BRAM_V_14_we0        |    9|          2|    1|          2|
    |Matrix_A_BRAM_V_1_address0    |   14|          3|   10|         30|
    |Matrix_A_BRAM_V_1_ce0         |   14|          3|    1|          3|
    |Matrix_A_BRAM_V_1_we0         |    9|          2|    1|          2|
    |Matrix_A_BRAM_V_2_address0    |   14|          3|   10|         30|
    |Matrix_A_BRAM_V_2_ce0         |   14|          3|    1|          3|
    |Matrix_A_BRAM_V_2_we0         |    9|          2|    1|          2|
    |Matrix_A_BRAM_V_3_address0    |   14|          3|   10|         30|
    |Matrix_A_BRAM_V_3_ce0         |   14|          3|    1|          3|
    |Matrix_A_BRAM_V_3_we0         |    9|          2|    1|          2|
    |Matrix_A_BRAM_V_4_address0    |   14|          3|   10|         30|
    |Matrix_A_BRAM_V_4_ce0         |   14|          3|    1|          3|
    |Matrix_A_BRAM_V_4_we0         |    9|          2|    1|          2|
    |Matrix_A_BRAM_V_5_address0    |   14|          3|   10|         30|
    |Matrix_A_BRAM_V_5_ce0         |   14|          3|    1|          3|
    |Matrix_A_BRAM_V_5_we0         |    9|          2|    1|          2|
    |Matrix_A_BRAM_V_6_address0    |   14|          3|   10|         30|
    |Matrix_A_BRAM_V_6_ce0         |   14|          3|    1|          3|
    |Matrix_A_BRAM_V_6_we0         |    9|          2|    1|          2|
    |Matrix_A_BRAM_V_7_address0    |   14|          3|   10|         30|
    |Matrix_A_BRAM_V_7_ce0         |   14|          3|    1|          3|
    |Matrix_A_BRAM_V_7_we0         |    9|          2|    1|          2|
    |Matrix_A_BRAM_V_8_address0    |   14|          3|   10|         30|
    |Matrix_A_BRAM_V_8_ce0         |   14|          3|    1|          3|
    |Matrix_A_BRAM_V_8_we0         |    9|          2|    1|          2|
    |Matrix_A_BRAM_V_9_address0    |   14|          3|   10|         30|
    |Matrix_A_BRAM_V_9_ce0         |   14|          3|    1|          3|
    |Matrix_A_BRAM_V_9_we0         |    9|          2|    1|          2|
    |Matrix_A_BRAM_V_address0      |   14|          3|   10|         30|
    |Matrix_A_BRAM_V_ce0           |   14|          3|    1|          3|
    |Matrix_A_BRAM_V_we0           |    9|          2|    1|          2|
    |Matrix_B_BRAM_V_100_address0  |   14|          3|    8|         24|
    |Matrix_B_BRAM_V_100_ce0       |   14|          3|    1|          3|
    |Matrix_B_BRAM_V_100_we0       |    9|          2|    1|          2|
    |Matrix_B_BRAM_V_101_address0  |   14|          3|    8|         24|
    |Matrix_B_BRAM_V_101_ce0       |   14|          3|    1|          3|
    |Matrix_B_BRAM_V_101_we0       |    9|          2|    1|          2|
    |Matrix_B_BRAM_V_102_address0  |   14|          3|    8|         24|
    |Matrix_B_BRAM_V_102_ce0       |   14|          3|    1|          3|
    |Matrix_B_BRAM_V_102_we0       |    9|          2|    1|          2|
    |Matrix_B_BRAM_V_103_address0  |   14|          3|    8|         24|
    |Matrix_B_BRAM_V_103_ce0       |   14|          3|    1|          3|
    |Matrix_B_BRAM_V_103_we0       |    9|          2|    1|          2|
    |Matrix_B_BRAM_V_104_address0  |   14|          3|    8|         24|
    |Matrix_B_BRAM_V_104_ce0       |   14|          3|    1|          3|
    |Matrix_B_BRAM_V_104_we0       |    9|          2|    1|          2|
    |Matrix_B_BRAM_V_105_address0  |   14|          3|    8|         24|
    |Matrix_B_BRAM_V_105_ce0       |   14|          3|    1|          3|
    |Matrix_B_BRAM_V_105_we0       |    9|          2|    1|          2|
    |Matrix_B_BRAM_V_106_address0  |   14|          3|    8|         24|
    |Matrix_B_BRAM_V_106_ce0       |   14|          3|    1|          3|
    |Matrix_B_BRAM_V_106_we0       |    9|          2|    1|          2|
    |Matrix_B_BRAM_V_107_address0  |   14|          3|    8|         24|
    |Matrix_B_BRAM_V_107_ce0       |   14|          3|    1|          3|
    |Matrix_B_BRAM_V_107_we0       |    9|          2|    1|          2|
    |Matrix_B_BRAM_V_108_address0  |   14|          3|    8|         24|
    |Matrix_B_BRAM_V_108_ce0       |   14|          3|    1|          3|
    |Matrix_B_BRAM_V_108_we0       |    9|          2|    1|          2|
    |Matrix_B_BRAM_V_109_address0  |   14|          3|    8|         24|
    |Matrix_B_BRAM_V_109_ce0       |   14|          3|    1|          3|
    |Matrix_B_BRAM_V_109_we0       |    9|          2|    1|          2|
    |Matrix_B_BRAM_V_10_address0   |   14|          3|    8|         24|
    |Matrix_B_BRAM_V_10_ce0        |   14|          3|    1|          3|
    |Matrix_B_BRAM_V_10_we0        |    9|          2|    1|          2|
    |Matrix_B_BRAM_V_110_address0  |   14|          3|    8|         24|
    |Matrix_B_BRAM_V_110_ce0       |   14|          3|    1|          3|
    |Matrix_B_BRAM_V_110_we0       |    9|          2|    1|          2|
    |Matrix_B_BRAM_V_111_address0  |   14|          3|    8|         24|
    |Matrix_B_BRAM_V_111_ce0       |   14|          3|    1|          3|
    |Matrix_B_BRAM_V_111_we0       |    9|          2|    1|          2|
    |Matrix_B_BRAM_V_112_address0  |   14|          3|    8|         24|
    |Matrix_B_BRAM_V_112_ce0       |   14|          3|    1|          3|
    |Matrix_B_BRAM_V_112_we0       |    9|          2|    1|          2|
    |Matrix_B_BRAM_V_113_address0  |   14|          3|    8|         24|
    |Matrix_B_BRAM_V_113_ce0       |   14|          3|    1|          3|
    |Matrix_B_BRAM_V_113_we0       |    9|          2|    1|          2|
    |Matrix_B_BRAM_V_114_address0  |   14|          3|    8|         24|
    |Matrix_B_BRAM_V_114_ce0       |   14|          3|    1|          3|
    |Matrix_B_BRAM_V_114_we0       |    9|          2|    1|          2|
    |Matrix_B_BRAM_V_115_address0  |   14|          3|    8|         24|
    |Matrix_B_BRAM_V_115_ce0       |   14|          3|    1|          3|
    |Matrix_B_BRAM_V_115_we0       |    9|          2|    1|          2|
    |Matrix_B_BRAM_V_116_address0  |   14|          3|    8|         24|
    |Matrix_B_BRAM_V_116_ce0       |   14|          3|    1|          3|
    |Matrix_B_BRAM_V_116_we0       |    9|          2|    1|          2|
    |Matrix_B_BRAM_V_117_address0  |   14|          3|    8|         24|
    |Matrix_B_BRAM_V_117_ce0       |   14|          3|    1|          3|
    |Matrix_B_BRAM_V_117_we0       |    9|          2|    1|          2|
    |Matrix_B_BRAM_V_118_address0  |   14|          3|    8|         24|
    |Matrix_B_BRAM_V_118_ce0       |   14|          3|    1|          3|
    |Matrix_B_BRAM_V_118_we0       |    9|          2|    1|          2|
    |Matrix_B_BRAM_V_119_address0  |   14|          3|    8|         24|
    |Matrix_B_BRAM_V_119_ce0       |   14|          3|    1|          3|
    |Matrix_B_BRAM_V_119_we0       |    9|          2|    1|          2|
    |Matrix_B_BRAM_V_11_address0   |   14|          3|    8|         24|
    |Matrix_B_BRAM_V_11_ce0        |   14|          3|    1|          3|
    |Matrix_B_BRAM_V_11_we0        |    9|          2|    1|          2|
    |Matrix_B_BRAM_V_120_address0  |   14|          3|    8|         24|
    |Matrix_B_BRAM_V_120_ce0       |   14|          3|    1|          3|
    |Matrix_B_BRAM_V_120_we0       |    9|          2|    1|          2|
    |Matrix_B_BRAM_V_121_address0  |   14|          3|    8|         24|
    |Matrix_B_BRAM_V_121_ce0       |   14|          3|    1|          3|
    |Matrix_B_BRAM_V_121_we0       |    9|          2|    1|          2|
    |Matrix_B_BRAM_V_122_address0  |   14|          3|    8|         24|
    |Matrix_B_BRAM_V_122_ce0       |   14|          3|    1|          3|
    |Matrix_B_BRAM_V_122_we0       |    9|          2|    1|          2|
    |Matrix_B_BRAM_V_123_address0  |   14|          3|    8|         24|
    |Matrix_B_BRAM_V_123_ce0       |   14|          3|    1|          3|
    |Matrix_B_BRAM_V_123_we0       |    9|          2|    1|          2|
    |Matrix_B_BRAM_V_124_address0  |   14|          3|    8|         24|
    |Matrix_B_BRAM_V_124_ce0       |   14|          3|    1|          3|
    |Matrix_B_BRAM_V_124_we0       |    9|          2|    1|          2|
    |Matrix_B_BRAM_V_125_address0  |   14|          3|    8|         24|
    |Matrix_B_BRAM_V_125_ce0       |   14|          3|    1|          3|
    |Matrix_B_BRAM_V_125_we0       |    9|          2|    1|          2|
    |Matrix_B_BRAM_V_126_address0  |   14|          3|    8|         24|
    |Matrix_B_BRAM_V_126_ce0       |   14|          3|    1|          3|
    |Matrix_B_BRAM_V_126_we0       |    9|          2|    1|          2|
    |Matrix_B_BRAM_V_127_address0  |   14|          3|    8|         24|
    |Matrix_B_BRAM_V_127_ce0       |   14|          3|    1|          3|
    |Matrix_B_BRAM_V_127_we0       |    9|          2|    1|          2|
    |Matrix_B_BRAM_V_128_address0  |   14|          3|    8|         24|
    |Matrix_B_BRAM_V_128_ce0       |   14|          3|    1|          3|
    |Matrix_B_BRAM_V_128_we0       |    9|          2|    1|          2|
    |Matrix_B_BRAM_V_129_address0  |   14|          3|    8|         24|
    |Matrix_B_BRAM_V_129_ce0       |   14|          3|    1|          3|
    |Matrix_B_BRAM_V_129_we0       |    9|          2|    1|          2|
    |Matrix_B_BRAM_V_12_address0   |   14|          3|    8|         24|
    |Matrix_B_BRAM_V_12_ce0        |   14|          3|    1|          3|
    |Matrix_B_BRAM_V_12_we0        |    9|          2|    1|          2|
    |Matrix_B_BRAM_V_130_address0  |   14|          3|    8|         24|
    |Matrix_B_BRAM_V_130_ce0       |   14|          3|    1|          3|
    |Matrix_B_BRAM_V_130_we0       |    9|          2|    1|          2|
    |Matrix_B_BRAM_V_131_address0  |   14|          3|    8|         24|
    |Matrix_B_BRAM_V_131_ce0       |   14|          3|    1|          3|
    |Matrix_B_BRAM_V_131_we0       |    9|          2|    1|          2|
    |Matrix_B_BRAM_V_132_address0  |   14|          3|    8|         24|
    |Matrix_B_BRAM_V_132_ce0       |   14|          3|    1|          3|
    |Matrix_B_BRAM_V_132_we0       |    9|          2|    1|          2|
    |Matrix_B_BRAM_V_133_address0  |   14|          3|    8|         24|
    |Matrix_B_BRAM_V_133_ce0       |   14|          3|    1|          3|
    |Matrix_B_BRAM_V_133_we0       |    9|          2|    1|          2|
    |Matrix_B_BRAM_V_134_address0  |   14|          3|    8|         24|
    |Matrix_B_BRAM_V_134_ce0       |   14|          3|    1|          3|
    |Matrix_B_BRAM_V_134_we0       |    9|          2|    1|          2|
    |Matrix_B_BRAM_V_135_address0  |   14|          3|    8|         24|
    |Matrix_B_BRAM_V_135_ce0       |   14|          3|    1|          3|
    |Matrix_B_BRAM_V_135_we0       |    9|          2|    1|          2|
    |Matrix_B_BRAM_V_136_address0  |   14|          3|    8|         24|
    |Matrix_B_BRAM_V_136_ce0       |   14|          3|    1|          3|
    |Matrix_B_BRAM_V_136_we0       |    9|          2|    1|          2|
    |Matrix_B_BRAM_V_137_address0  |   14|          3|    8|         24|
    |Matrix_B_BRAM_V_137_ce0       |   14|          3|    1|          3|
    |Matrix_B_BRAM_V_137_we0       |    9|          2|    1|          2|
    |Matrix_B_BRAM_V_138_address0  |   14|          3|    8|         24|
    |Matrix_B_BRAM_V_138_ce0       |   14|          3|    1|          3|
    |Matrix_B_BRAM_V_138_we0       |    9|          2|    1|          2|
    |Matrix_B_BRAM_V_139_address0  |   14|          3|    8|         24|
    |Matrix_B_BRAM_V_139_ce0       |   14|          3|    1|          3|
    |Matrix_B_BRAM_V_139_we0       |    9|          2|    1|          2|
    |Matrix_B_BRAM_V_13_address0   |   14|          3|    8|         24|
    |Matrix_B_BRAM_V_13_ce0        |   14|          3|    1|          3|
    |Matrix_B_BRAM_V_13_we0        |    9|          2|    1|          2|
    |Matrix_B_BRAM_V_140_address0  |   14|          3|    8|         24|
    |Matrix_B_BRAM_V_140_ce0       |   14|          3|    1|          3|
    |Matrix_B_BRAM_V_140_we0       |    9|          2|    1|          2|
    |Matrix_B_BRAM_V_141_address0  |   14|          3|    8|         24|
    |Matrix_B_BRAM_V_141_ce0       |   14|          3|    1|          3|
    |Matrix_B_BRAM_V_141_we0       |    9|          2|    1|          2|
    |Matrix_B_BRAM_V_142_address0  |   14|          3|    8|         24|
    |Matrix_B_BRAM_V_142_ce0       |   14|          3|    1|          3|
    |Matrix_B_BRAM_V_142_we0       |    9|          2|    1|          2|
    |Matrix_B_BRAM_V_143_address0  |   14|          3|    8|         24|
    |Matrix_B_BRAM_V_143_ce0       |   14|          3|    1|          3|
    |Matrix_B_BRAM_V_143_we0       |    9|          2|    1|          2|
    |Matrix_B_BRAM_V_144_address0  |   14|          3|    8|         24|
    |Matrix_B_BRAM_V_144_ce0       |   14|          3|    1|          3|
    |Matrix_B_BRAM_V_144_we0       |    9|          2|    1|          2|
    |Matrix_B_BRAM_V_145_address0  |   14|          3|    8|         24|
    |Matrix_B_BRAM_V_145_ce0       |   14|          3|    1|          3|
    |Matrix_B_BRAM_V_145_we0       |    9|          2|    1|          2|
    |Matrix_B_BRAM_V_146_address0  |   14|          3|    8|         24|
    |Matrix_B_BRAM_V_146_ce0       |   14|          3|    1|          3|
    |Matrix_B_BRAM_V_146_we0       |    9|          2|    1|          2|
    |Matrix_B_BRAM_V_147_address0  |   14|          3|    8|         24|
    |Matrix_B_BRAM_V_147_ce0       |   14|          3|    1|          3|
    |Matrix_B_BRAM_V_147_we0       |    9|          2|    1|          2|
    |Matrix_B_BRAM_V_148_address0  |   14|          3|    8|         24|
    |Matrix_B_BRAM_V_148_ce0       |   14|          3|    1|          3|
    |Matrix_B_BRAM_V_148_we0       |    9|          2|    1|          2|
    |Matrix_B_BRAM_V_149_address0  |   14|          3|    8|         24|
    |Matrix_B_BRAM_V_149_ce0       |   14|          3|    1|          3|
    |Matrix_B_BRAM_V_149_we0       |    9|          2|    1|          2|
    |Matrix_B_BRAM_V_14_address0   |   14|          3|    8|         24|
    |Matrix_B_BRAM_V_14_ce0        |   14|          3|    1|          3|
    |Matrix_B_BRAM_V_14_we0        |    9|          2|    1|          2|
    |Matrix_B_BRAM_V_15_address0   |   14|          3|    8|         24|
    |Matrix_B_BRAM_V_15_ce0        |   14|          3|    1|          3|
    |Matrix_B_BRAM_V_15_we0        |    9|          2|    1|          2|
    |Matrix_B_BRAM_V_16_address0   |   14|          3|    8|         24|
    |Matrix_B_BRAM_V_16_ce0        |   14|          3|    1|          3|
    |Matrix_B_BRAM_V_16_we0        |    9|          2|    1|          2|
    |Matrix_B_BRAM_V_17_address0   |   14|          3|    8|         24|
    |Matrix_B_BRAM_V_17_ce0        |   14|          3|    1|          3|
    |Matrix_B_BRAM_V_17_we0        |    9|          2|    1|          2|
    |Matrix_B_BRAM_V_18_address0   |   14|          3|    8|         24|
    |Matrix_B_BRAM_V_18_ce0        |   14|          3|    1|          3|
    |Matrix_B_BRAM_V_18_we0        |    9|          2|    1|          2|
    |Matrix_B_BRAM_V_19_address0   |   14|          3|    8|         24|
    |Matrix_B_BRAM_V_19_ce0        |   14|          3|    1|          3|
    |Matrix_B_BRAM_V_19_we0        |    9|          2|    1|          2|
    |Matrix_B_BRAM_V_1_address0    |   14|          3|    8|         24|
    |Matrix_B_BRAM_V_1_ce0         |   14|          3|    1|          3|
    |Matrix_B_BRAM_V_1_we0         |    9|          2|    1|          2|
    |Matrix_B_BRAM_V_20_address0   |   14|          3|    8|         24|
    |Matrix_B_BRAM_V_20_ce0        |   14|          3|    1|          3|
    |Matrix_B_BRAM_V_20_we0        |    9|          2|    1|          2|
    |Matrix_B_BRAM_V_21_address0   |   14|          3|    8|         24|
    |Matrix_B_BRAM_V_21_ce0        |   14|          3|    1|          3|
    |Matrix_B_BRAM_V_21_we0        |    9|          2|    1|          2|
    |Matrix_B_BRAM_V_22_address0   |   14|          3|    8|         24|
    |Matrix_B_BRAM_V_22_ce0        |   14|          3|    1|          3|
    |Matrix_B_BRAM_V_22_we0        |    9|          2|    1|          2|
    |Matrix_B_BRAM_V_23_address0   |   14|          3|    8|         24|
    |Matrix_B_BRAM_V_23_ce0        |   14|          3|    1|          3|
    |Matrix_B_BRAM_V_23_we0        |    9|          2|    1|          2|
    |Matrix_B_BRAM_V_24_address0   |   14|          3|    8|         24|
    |Matrix_B_BRAM_V_24_ce0        |   14|          3|    1|          3|
    |Matrix_B_BRAM_V_24_we0        |    9|          2|    1|          2|
    |Matrix_B_BRAM_V_25_address0   |   14|          3|    8|         24|
    |Matrix_B_BRAM_V_25_ce0        |   14|          3|    1|          3|
    |Matrix_B_BRAM_V_25_we0        |    9|          2|    1|          2|
    |Matrix_B_BRAM_V_26_address0   |   14|          3|    8|         24|
    |Matrix_B_BRAM_V_26_ce0        |   14|          3|    1|          3|
    |Matrix_B_BRAM_V_26_we0        |    9|          2|    1|          2|
    |Matrix_B_BRAM_V_27_address0   |   14|          3|    8|         24|
    |Matrix_B_BRAM_V_27_ce0        |   14|          3|    1|          3|
    |Matrix_B_BRAM_V_27_we0        |    9|          2|    1|          2|
    |Matrix_B_BRAM_V_28_address0   |   14|          3|    8|         24|
    |Matrix_B_BRAM_V_28_ce0        |   14|          3|    1|          3|
    |Matrix_B_BRAM_V_28_we0        |    9|          2|    1|          2|
    |Matrix_B_BRAM_V_29_address0   |   14|          3|    8|         24|
    |Matrix_B_BRAM_V_29_ce0        |   14|          3|    1|          3|
    |Matrix_B_BRAM_V_29_we0        |    9|          2|    1|          2|
    |Matrix_B_BRAM_V_2_address0    |   14|          3|    8|         24|
    |Matrix_B_BRAM_V_2_ce0         |   14|          3|    1|          3|
    |Matrix_B_BRAM_V_2_we0         |    9|          2|    1|          2|
    |Matrix_B_BRAM_V_30_address0   |   14|          3|    8|         24|
    |Matrix_B_BRAM_V_30_ce0        |   14|          3|    1|          3|
    |Matrix_B_BRAM_V_30_we0        |    9|          2|    1|          2|
    |Matrix_B_BRAM_V_31_address0   |   14|          3|    8|         24|
    |Matrix_B_BRAM_V_31_ce0        |   14|          3|    1|          3|
    |Matrix_B_BRAM_V_31_we0        |    9|          2|    1|          2|
    |Matrix_B_BRAM_V_32_address0   |   14|          3|    8|         24|
    |Matrix_B_BRAM_V_32_ce0        |   14|          3|    1|          3|
    |Matrix_B_BRAM_V_32_we0        |    9|          2|    1|          2|
    |Matrix_B_BRAM_V_33_address0   |   14|          3|    8|         24|
    |Matrix_B_BRAM_V_33_ce0        |   14|          3|    1|          3|
    |Matrix_B_BRAM_V_33_we0        |    9|          2|    1|          2|
    |Matrix_B_BRAM_V_34_address0   |   14|          3|    8|         24|
    |Matrix_B_BRAM_V_34_ce0        |   14|          3|    1|          3|
    |Matrix_B_BRAM_V_34_we0        |    9|          2|    1|          2|
    |Matrix_B_BRAM_V_35_address0   |   14|          3|    8|         24|
    |Matrix_B_BRAM_V_35_ce0        |   14|          3|    1|          3|
    |Matrix_B_BRAM_V_35_we0        |    9|          2|    1|          2|
    |Matrix_B_BRAM_V_36_address0   |   14|          3|    8|         24|
    |Matrix_B_BRAM_V_36_ce0        |   14|          3|    1|          3|
    |Matrix_B_BRAM_V_36_we0        |    9|          2|    1|          2|
    |Matrix_B_BRAM_V_37_address0   |   14|          3|    8|         24|
    |Matrix_B_BRAM_V_37_ce0        |   14|          3|    1|          3|
    |Matrix_B_BRAM_V_37_we0        |    9|          2|    1|          2|
    |Matrix_B_BRAM_V_38_address0   |   14|          3|    8|         24|
    |Matrix_B_BRAM_V_38_ce0        |   14|          3|    1|          3|
    |Matrix_B_BRAM_V_38_we0        |    9|          2|    1|          2|
    |Matrix_B_BRAM_V_39_address0   |   14|          3|    8|         24|
    |Matrix_B_BRAM_V_39_ce0        |   14|          3|    1|          3|
    |Matrix_B_BRAM_V_39_we0        |    9|          2|    1|          2|
    |Matrix_B_BRAM_V_3_address0    |   14|          3|    8|         24|
    |Matrix_B_BRAM_V_3_ce0         |   14|          3|    1|          3|
    |Matrix_B_BRAM_V_3_we0         |    9|          2|    1|          2|
    |Matrix_B_BRAM_V_40_address0   |   14|          3|    8|         24|
    |Matrix_B_BRAM_V_40_ce0        |   14|          3|    1|          3|
    |Matrix_B_BRAM_V_40_we0        |    9|          2|    1|          2|
    |Matrix_B_BRAM_V_41_address0   |   14|          3|    8|         24|
    |Matrix_B_BRAM_V_41_ce0        |   14|          3|    1|          3|
    |Matrix_B_BRAM_V_41_we0        |    9|          2|    1|          2|
    |Matrix_B_BRAM_V_42_address0   |   14|          3|    8|         24|
    |Matrix_B_BRAM_V_42_ce0        |   14|          3|    1|          3|
    |Matrix_B_BRAM_V_42_we0        |    9|          2|    1|          2|
    |Matrix_B_BRAM_V_43_address0   |   14|          3|    8|         24|
    |Matrix_B_BRAM_V_43_ce0        |   14|          3|    1|          3|
    |Matrix_B_BRAM_V_43_we0        |    9|          2|    1|          2|
    |Matrix_B_BRAM_V_44_address0   |   14|          3|    8|         24|
    |Matrix_B_BRAM_V_44_ce0        |   14|          3|    1|          3|
    |Matrix_B_BRAM_V_44_we0        |    9|          2|    1|          2|
    |Matrix_B_BRAM_V_45_address0   |   14|          3|    8|         24|
    |Matrix_B_BRAM_V_45_ce0        |   14|          3|    1|          3|
    |Matrix_B_BRAM_V_45_we0        |    9|          2|    1|          2|
    |Matrix_B_BRAM_V_46_address0   |   14|          3|    8|         24|
    |Matrix_B_BRAM_V_46_ce0        |   14|          3|    1|          3|
    |Matrix_B_BRAM_V_46_we0        |    9|          2|    1|          2|
    |Matrix_B_BRAM_V_47_address0   |   14|          3|    8|         24|
    |Matrix_B_BRAM_V_47_ce0        |   14|          3|    1|          3|
    |Matrix_B_BRAM_V_47_we0        |    9|          2|    1|          2|
    |Matrix_B_BRAM_V_48_address0   |   14|          3|    8|         24|
    |Matrix_B_BRAM_V_48_ce0        |   14|          3|    1|          3|
    |Matrix_B_BRAM_V_48_we0        |    9|          2|    1|          2|
    |Matrix_B_BRAM_V_49_address0   |   14|          3|    8|         24|
    |Matrix_B_BRAM_V_49_ce0        |   14|          3|    1|          3|
    |Matrix_B_BRAM_V_49_we0        |    9|          2|    1|          2|
    |Matrix_B_BRAM_V_4_address0    |   14|          3|    8|         24|
    |Matrix_B_BRAM_V_4_ce0         |   14|          3|    1|          3|
    |Matrix_B_BRAM_V_4_we0         |    9|          2|    1|          2|
    |Matrix_B_BRAM_V_50_address0   |   14|          3|    8|         24|
    |Matrix_B_BRAM_V_50_ce0        |   14|          3|    1|          3|
    |Matrix_B_BRAM_V_50_we0        |    9|          2|    1|          2|
    |Matrix_B_BRAM_V_51_address0   |   14|          3|    8|         24|
    |Matrix_B_BRAM_V_51_ce0        |   14|          3|    1|          3|
    |Matrix_B_BRAM_V_51_we0        |    9|          2|    1|          2|
    |Matrix_B_BRAM_V_52_address0   |   14|          3|    8|         24|
    |Matrix_B_BRAM_V_52_ce0        |   14|          3|    1|          3|
    |Matrix_B_BRAM_V_52_we0        |    9|          2|    1|          2|
    |Matrix_B_BRAM_V_53_address0   |   14|          3|    8|         24|
    |Matrix_B_BRAM_V_53_ce0        |   14|          3|    1|          3|
    |Matrix_B_BRAM_V_53_we0        |    9|          2|    1|          2|
    |Matrix_B_BRAM_V_54_address0   |   14|          3|    8|         24|
    |Matrix_B_BRAM_V_54_ce0        |   14|          3|    1|          3|
    |Matrix_B_BRAM_V_54_we0        |    9|          2|    1|          2|
    |Matrix_B_BRAM_V_55_address0   |   14|          3|    8|         24|
    |Matrix_B_BRAM_V_55_ce0        |   14|          3|    1|          3|
    |Matrix_B_BRAM_V_55_we0        |    9|          2|    1|          2|
    |Matrix_B_BRAM_V_56_address0   |   14|          3|    8|         24|
    |Matrix_B_BRAM_V_56_ce0        |   14|          3|    1|          3|
    |Matrix_B_BRAM_V_56_we0        |    9|          2|    1|          2|
    |Matrix_B_BRAM_V_57_address0   |   14|          3|    8|         24|
    |Matrix_B_BRAM_V_57_ce0        |   14|          3|    1|          3|
    |Matrix_B_BRAM_V_57_we0        |    9|          2|    1|          2|
    |Matrix_B_BRAM_V_58_address0   |   14|          3|    8|         24|
    |Matrix_B_BRAM_V_58_ce0        |   14|          3|    1|          3|
    |Matrix_B_BRAM_V_58_we0        |    9|          2|    1|          2|
    |Matrix_B_BRAM_V_59_address0   |   14|          3|    8|         24|
    |Matrix_B_BRAM_V_59_ce0        |   14|          3|    1|          3|
    |Matrix_B_BRAM_V_59_we0        |    9|          2|    1|          2|
    |Matrix_B_BRAM_V_5_address0    |   14|          3|    8|         24|
    |Matrix_B_BRAM_V_5_ce0         |   14|          3|    1|          3|
    |Matrix_B_BRAM_V_5_we0         |    9|          2|    1|          2|
    |Matrix_B_BRAM_V_60_address0   |   14|          3|    8|         24|
    |Matrix_B_BRAM_V_60_ce0        |   14|          3|    1|          3|
    |Matrix_B_BRAM_V_60_we0        |    9|          2|    1|          2|
    |Matrix_B_BRAM_V_61_address0   |   14|          3|    8|         24|
    |Matrix_B_BRAM_V_61_ce0        |   14|          3|    1|          3|
    |Matrix_B_BRAM_V_61_we0        |    9|          2|    1|          2|
    |Matrix_B_BRAM_V_62_address0   |   14|          3|    8|         24|
    |Matrix_B_BRAM_V_62_ce0        |   14|          3|    1|          3|
    |Matrix_B_BRAM_V_62_we0        |    9|          2|    1|          2|
    |Matrix_B_BRAM_V_63_address0   |   14|          3|    8|         24|
    |Matrix_B_BRAM_V_63_ce0        |   14|          3|    1|          3|
    |Matrix_B_BRAM_V_63_we0        |    9|          2|    1|          2|
    |Matrix_B_BRAM_V_64_address0   |   14|          3|    8|         24|
    |Matrix_B_BRAM_V_64_ce0        |   14|          3|    1|          3|
    |Matrix_B_BRAM_V_64_we0        |    9|          2|    1|          2|
    |Matrix_B_BRAM_V_65_address0   |   14|          3|    8|         24|
    |Matrix_B_BRAM_V_65_ce0        |   14|          3|    1|          3|
    |Matrix_B_BRAM_V_65_we0        |    9|          2|    1|          2|
    |Matrix_B_BRAM_V_66_address0   |   14|          3|    8|         24|
    |Matrix_B_BRAM_V_66_ce0        |   14|          3|    1|          3|
    |Matrix_B_BRAM_V_66_we0        |    9|          2|    1|          2|
    |Matrix_B_BRAM_V_67_address0   |   14|          3|    8|         24|
    |Matrix_B_BRAM_V_67_ce0        |   14|          3|    1|          3|
    |Matrix_B_BRAM_V_67_we0        |    9|          2|    1|          2|
    |Matrix_B_BRAM_V_68_address0   |   14|          3|    8|         24|
    |Matrix_B_BRAM_V_68_ce0        |   14|          3|    1|          3|
    |Matrix_B_BRAM_V_68_we0        |    9|          2|    1|          2|
    |Matrix_B_BRAM_V_69_address0   |   14|          3|    8|         24|
    |Matrix_B_BRAM_V_69_ce0        |   14|          3|    1|          3|
    |Matrix_B_BRAM_V_69_we0        |    9|          2|    1|          2|
    |Matrix_B_BRAM_V_6_address0    |   14|          3|    8|         24|
    |Matrix_B_BRAM_V_6_ce0         |   14|          3|    1|          3|
    |Matrix_B_BRAM_V_6_we0         |    9|          2|    1|          2|
    |Matrix_B_BRAM_V_70_address0   |   14|          3|    8|         24|
    |Matrix_B_BRAM_V_70_ce0        |   14|          3|    1|          3|
    |Matrix_B_BRAM_V_70_we0        |    9|          2|    1|          2|
    |Matrix_B_BRAM_V_71_address0   |   14|          3|    8|         24|
    |Matrix_B_BRAM_V_71_ce0        |   14|          3|    1|          3|
    |Matrix_B_BRAM_V_71_we0        |    9|          2|    1|          2|
    |Matrix_B_BRAM_V_72_address0   |   14|          3|    8|         24|
    |Matrix_B_BRAM_V_72_ce0        |   14|          3|    1|          3|
    |Matrix_B_BRAM_V_72_we0        |    9|          2|    1|          2|
    |Matrix_B_BRAM_V_73_address0   |   14|          3|    8|         24|
    |Matrix_B_BRAM_V_73_ce0        |   14|          3|    1|          3|
    |Matrix_B_BRAM_V_73_we0        |    9|          2|    1|          2|
    |Matrix_B_BRAM_V_74_address0   |   14|          3|    8|         24|
    |Matrix_B_BRAM_V_74_ce0        |   14|          3|    1|          3|
    |Matrix_B_BRAM_V_74_we0        |    9|          2|    1|          2|
    |Matrix_B_BRAM_V_75_address0   |   14|          3|    8|         24|
    |Matrix_B_BRAM_V_75_ce0        |   14|          3|    1|          3|
    |Matrix_B_BRAM_V_75_we0        |    9|          2|    1|          2|
    |Matrix_B_BRAM_V_76_address0   |   14|          3|    8|         24|
    |Matrix_B_BRAM_V_76_ce0        |   14|          3|    1|          3|
    |Matrix_B_BRAM_V_76_we0        |    9|          2|    1|          2|
    |Matrix_B_BRAM_V_77_address0   |   14|          3|    8|         24|
    |Matrix_B_BRAM_V_77_ce0        |   14|          3|    1|          3|
    |Matrix_B_BRAM_V_77_we0        |    9|          2|    1|          2|
    |Matrix_B_BRAM_V_78_address0   |   14|          3|    8|         24|
    |Matrix_B_BRAM_V_78_ce0        |   14|          3|    1|          3|
    |Matrix_B_BRAM_V_78_we0        |    9|          2|    1|          2|
    |Matrix_B_BRAM_V_79_address0   |   14|          3|    8|         24|
    |Matrix_B_BRAM_V_79_ce0        |   14|          3|    1|          3|
    |Matrix_B_BRAM_V_79_we0        |    9|          2|    1|          2|
    |Matrix_B_BRAM_V_7_address0    |   14|          3|    8|         24|
    |Matrix_B_BRAM_V_7_ce0         |   14|          3|    1|          3|
    |Matrix_B_BRAM_V_7_we0         |    9|          2|    1|          2|
    |Matrix_B_BRAM_V_80_address0   |   14|          3|    8|         24|
    |Matrix_B_BRAM_V_80_ce0        |   14|          3|    1|          3|
    |Matrix_B_BRAM_V_80_we0        |    9|          2|    1|          2|
    |Matrix_B_BRAM_V_81_address0   |   14|          3|    8|         24|
    |Matrix_B_BRAM_V_81_ce0        |   14|          3|    1|          3|
    |Matrix_B_BRAM_V_81_we0        |    9|          2|    1|          2|
    |Matrix_B_BRAM_V_82_address0   |   14|          3|    8|         24|
    |Matrix_B_BRAM_V_82_ce0        |   14|          3|    1|          3|
    |Matrix_B_BRAM_V_82_we0        |    9|          2|    1|          2|
    |Matrix_B_BRAM_V_83_address0   |   14|          3|    8|         24|
    |Matrix_B_BRAM_V_83_ce0        |   14|          3|    1|          3|
    |Matrix_B_BRAM_V_83_we0        |    9|          2|    1|          2|
    |Matrix_B_BRAM_V_84_address0   |   14|          3|    8|         24|
    |Matrix_B_BRAM_V_84_ce0        |   14|          3|    1|          3|
    |Matrix_B_BRAM_V_84_we0        |    9|          2|    1|          2|
    |Matrix_B_BRAM_V_85_address0   |   14|          3|    8|         24|
    |Matrix_B_BRAM_V_85_ce0        |   14|          3|    1|          3|
    |Matrix_B_BRAM_V_85_we0        |    9|          2|    1|          2|
    |Matrix_B_BRAM_V_86_address0   |   14|          3|    8|         24|
    |Matrix_B_BRAM_V_86_ce0        |   14|          3|    1|          3|
    |Matrix_B_BRAM_V_86_we0        |    9|          2|    1|          2|
    |Matrix_B_BRAM_V_87_address0   |   14|          3|    8|         24|
    |Matrix_B_BRAM_V_87_ce0        |   14|          3|    1|          3|
    |Matrix_B_BRAM_V_87_we0        |    9|          2|    1|          2|
    |Matrix_B_BRAM_V_88_address0   |   14|          3|    8|         24|
    |Matrix_B_BRAM_V_88_ce0        |   14|          3|    1|          3|
    |Matrix_B_BRAM_V_88_we0        |    9|          2|    1|          2|
    |Matrix_B_BRAM_V_89_address0   |   14|          3|    8|         24|
    |Matrix_B_BRAM_V_89_ce0        |   14|          3|    1|          3|
    |Matrix_B_BRAM_V_89_we0        |    9|          2|    1|          2|
    |Matrix_B_BRAM_V_8_address0    |   14|          3|    8|         24|
    |Matrix_B_BRAM_V_8_ce0         |   14|          3|    1|          3|
    |Matrix_B_BRAM_V_8_we0         |    9|          2|    1|          2|
    |Matrix_B_BRAM_V_90_address0   |   14|          3|    8|         24|
    |Matrix_B_BRAM_V_90_ce0        |   14|          3|    1|          3|
    |Matrix_B_BRAM_V_90_we0        |    9|          2|    1|          2|
    |Matrix_B_BRAM_V_91_address0   |   14|          3|    8|         24|
    |Matrix_B_BRAM_V_91_ce0        |   14|          3|    1|          3|
    |Matrix_B_BRAM_V_91_we0        |    9|          2|    1|          2|
    |Matrix_B_BRAM_V_92_address0   |   14|          3|    8|         24|
    |Matrix_B_BRAM_V_92_ce0        |   14|          3|    1|          3|
    |Matrix_B_BRAM_V_92_we0        |    9|          2|    1|          2|
    |Matrix_B_BRAM_V_93_address0   |   14|          3|    8|         24|
    |Matrix_B_BRAM_V_93_ce0        |   14|          3|    1|          3|
    |Matrix_B_BRAM_V_93_we0        |    9|          2|    1|          2|
    |Matrix_B_BRAM_V_94_address0   |   14|          3|    8|         24|
    |Matrix_B_BRAM_V_94_ce0        |   14|          3|    1|          3|
    |Matrix_B_BRAM_V_94_we0        |    9|          2|    1|          2|
    |Matrix_B_BRAM_V_95_address0   |   14|          3|    8|         24|
    |Matrix_B_BRAM_V_95_ce0        |   14|          3|    1|          3|
    |Matrix_B_BRAM_V_95_we0        |    9|          2|    1|          2|
    |Matrix_B_BRAM_V_96_address0   |   14|          3|    8|         24|
    |Matrix_B_BRAM_V_96_ce0        |   14|          3|    1|          3|
    |Matrix_B_BRAM_V_96_we0        |    9|          2|    1|          2|
    |Matrix_B_BRAM_V_97_address0   |   14|          3|    8|         24|
    |Matrix_B_BRAM_V_97_ce0        |   14|          3|    1|          3|
    |Matrix_B_BRAM_V_97_we0        |    9|          2|    1|          2|
    |Matrix_B_BRAM_V_98_address0   |   14|          3|    8|         24|
    |Matrix_B_BRAM_V_98_ce0        |   14|          3|    1|          3|
    |Matrix_B_BRAM_V_98_we0        |    9|          2|    1|          2|
    |Matrix_B_BRAM_V_99_address0   |   14|          3|    8|         24|
    |Matrix_B_BRAM_V_99_ce0        |   14|          3|    1|          3|
    |Matrix_B_BRAM_V_99_we0        |    9|          2|    1|          2|
    |Matrix_B_BRAM_V_9_address0    |   14|          3|    8|         24|
    |Matrix_B_BRAM_V_9_ce0         |   14|          3|    1|          3|
    |Matrix_B_BRAM_V_9_we0         |    9|          2|    1|          2|
    |Matrix_B_BRAM_V_address0      |   14|          3|    8|         24|
    |Matrix_B_BRAM_V_ce0           |   14|          3|    1|          3|
    |Matrix_B_BRAM_V_we0           |    9|          2|    1|          2|
    |Matrix_C_BRAM_V_address0      |   25|          5|   15|         75|
    |Matrix_C_BRAM_V_ce0           |   20|          4|    1|          4|
    |Matrix_C_BRAM_V_d0            |   14|          3|   16|         48|
    |Matrix_C_BRAM_V_we0           |   14|          3|    1|          3|
    |ap_NS_fsm                     |  817|        153|    1|        153|
    |c_fu_120                      |    9|          2|    8|         16|
    |indvar_flatten20_fu_128       |    9|          2|   15|         30|
    |mem1_ARADDR                   |   14|          3|   64|        192|
    |mem1_ARLEN                    |   14|          3|   32|         96|
    |mem1_ARVALID                  |   14|          3|    1|          3|
    |mem1_AWADDR                   |   14|          3|   64|        192|
    |mem1_AWLEN                    |   14|          3|   32|         96|
    |mem1_AWVALID                  |   14|          3|    1|          3|
    |mem1_BREADY                   |   14|          3|    1|          3|
    |mem1_RREADY                   |    9|          2|    1|          2|
    |mem1_WVALID                   |    9|          2|    1|          2|
    |mem1_blk_n_AR                 |    9|          2|    1|          2|
    |mem1_blk_n_AW                 |    9|          2|    1|          2|
    |mem1_blk_n_B                  |    9|          2|    1|          2|
    |mem2_ARADDR                   |   14|          3|   64|        192|
    |mem2_ARLEN                    |   14|          3|   32|         96|
    |mem2_ARVALID                  |   14|          3|    1|          3|
    |mem2_RREADY                   |    9|          2|    1|          2|
    |mem2_blk_n_AR                 |    9|          2|    1|          2|
    |r_fu_124                      |    9|          2|    7|         14|
    +------------------------------+-----+-----------+-----+-----------+
    |Total                         | 7225|       1538| 2043|       6108|
    +------------------------------+-----+-----------+-----+-----------+

    * Register: 
    +----------------------------------------------------------------------------+-----+----+-----+-----------+
    |                                    Name                                    |  FF | LUT| Bits| Const Bits|
    +----------------------------------------------------------------------------+-----+----+-----+-----------+
    |Matrix_B_BRAM_V_100_load_reg_4707                                           |   16|   0|   16|          0|
    |Matrix_B_BRAM_V_101_load_reg_4712                                           |   16|   0|   16|          0|
    |Matrix_B_BRAM_V_102_load_reg_4717                                           |   16|   0|   16|          0|
    |Matrix_B_BRAM_V_103_load_reg_4722                                           |   16|   0|   16|          0|
    |Matrix_B_BRAM_V_104_load_reg_4727                                           |   16|   0|   16|          0|
    |Matrix_B_BRAM_V_105_load_reg_4732                                           |   16|   0|   16|          0|
    |Matrix_B_BRAM_V_106_load_reg_4737                                           |   16|   0|   16|          0|
    |Matrix_B_BRAM_V_107_load_reg_4742                                           |   16|   0|   16|          0|
    |Matrix_B_BRAM_V_108_load_reg_4747                                           |   16|   0|   16|          0|
    |Matrix_B_BRAM_V_109_load_reg_4752                                           |   16|   0|   16|          0|
    |Matrix_B_BRAM_V_10_load_reg_4257                                            |   16|   0|   16|          0|
    |Matrix_B_BRAM_V_110_load_reg_4757                                           |   16|   0|   16|          0|
    |Matrix_B_BRAM_V_111_load_reg_4762                                           |   16|   0|   16|          0|
    |Matrix_B_BRAM_V_112_load_reg_4767                                           |   16|   0|   16|          0|
    |Matrix_B_BRAM_V_113_load_reg_4772                                           |   16|   0|   16|          0|
    |Matrix_B_BRAM_V_114_load_reg_4777                                           |   16|   0|   16|          0|
    |Matrix_B_BRAM_V_115_load_reg_4782                                           |   16|   0|   16|          0|
    |Matrix_B_BRAM_V_116_load_reg_4787                                           |   16|   0|   16|          0|
    |Matrix_B_BRAM_V_117_load_reg_4792                                           |   16|   0|   16|          0|
    |Matrix_B_BRAM_V_118_load_reg_4797                                           |   16|   0|   16|          0|
    |Matrix_B_BRAM_V_119_load_reg_4802                                           |   16|   0|   16|          0|
    |Matrix_B_BRAM_V_11_load_reg_4262                                            |   16|   0|   16|          0|
    |Matrix_B_BRAM_V_120_load_reg_4807                                           |   16|   0|   16|          0|
    |Matrix_B_BRAM_V_121_load_reg_4812                                           |   16|   0|   16|          0|
    |Matrix_B_BRAM_V_122_load_reg_4817                                           |   16|   0|   16|          0|
    |Matrix_B_BRAM_V_123_load_reg_4822                                           |   16|   0|   16|          0|
    |Matrix_B_BRAM_V_124_load_reg_4827                                           |   16|   0|   16|          0|
    |Matrix_B_BRAM_V_125_load_reg_4832                                           |   16|   0|   16|          0|
    |Matrix_B_BRAM_V_126_load_reg_4837                                           |   16|   0|   16|          0|
    |Matrix_B_BRAM_V_127_load_reg_4842                                           |   16|   0|   16|          0|
    |Matrix_B_BRAM_V_128_load_reg_4847                                           |   16|   0|   16|          0|
    |Matrix_B_BRAM_V_129_load_reg_4852                                           |   16|   0|   16|          0|
    |Matrix_B_BRAM_V_12_load_reg_4267                                            |   16|   0|   16|          0|
    |Matrix_B_BRAM_V_130_load_reg_4857                                           |   16|   0|   16|          0|
    |Matrix_B_BRAM_V_131_load_reg_4862                                           |   16|   0|   16|          0|
    |Matrix_B_BRAM_V_132_load_reg_4867                                           |   16|   0|   16|          0|
    |Matrix_B_BRAM_V_133_load_reg_4872                                           |   16|   0|   16|          0|
    |Matrix_B_BRAM_V_134_load_reg_4877                                           |   16|   0|   16|          0|
    |Matrix_B_BRAM_V_135_load_reg_4882                                           |   16|   0|   16|          0|
    |Matrix_B_BRAM_V_136_load_reg_4887                                           |   16|   0|   16|          0|
    |Matrix_B_BRAM_V_137_load_reg_4892                                           |   16|   0|   16|          0|
    |Matrix_B_BRAM_V_138_load_reg_4897                                           |   16|   0|   16|          0|
    |Matrix_B_BRAM_V_139_load_reg_4902                                           |   16|   0|   16|          0|
    |Matrix_B_BRAM_V_13_load_reg_4272                                            |   16|   0|   16|          0|
    |Matrix_B_BRAM_V_140_load_reg_4907                                           |   16|   0|   16|          0|
    |Matrix_B_BRAM_V_141_load_reg_4912                                           |   16|   0|   16|          0|
    |Matrix_B_BRAM_V_142_load_reg_4917                                           |   16|   0|   16|          0|
    |Matrix_B_BRAM_V_143_load_reg_4922                                           |   16|   0|   16|          0|
    |Matrix_B_BRAM_V_144_load_reg_4927                                           |   16|   0|   16|          0|
    |Matrix_B_BRAM_V_145_load_reg_4932                                           |   16|   0|   16|          0|
    |Matrix_B_BRAM_V_146_load_reg_4937                                           |   16|   0|   16|          0|
    |Matrix_B_BRAM_V_147_load_reg_4942                                           |   16|   0|   16|          0|
    |Matrix_B_BRAM_V_148_load_reg_4947                                           |   16|   0|   16|          0|
    |Matrix_B_BRAM_V_149_load_reg_4952                                           |   16|   0|   16|          0|
    |Matrix_B_BRAM_V_14_load_reg_4277                                            |   16|   0|   16|          0|
    |Matrix_B_BRAM_V_15_load_reg_4282                                            |   16|   0|   16|          0|
    |Matrix_B_BRAM_V_16_load_reg_4287                                            |   16|   0|   16|          0|
    |Matrix_B_BRAM_V_17_load_reg_4292                                            |   16|   0|   16|          0|
    |Matrix_B_BRAM_V_18_load_reg_4297                                            |   16|   0|   16|          0|
    |Matrix_B_BRAM_V_19_load_reg_4302                                            |   16|   0|   16|          0|
    |Matrix_B_BRAM_V_1_load_reg_4212                                             |   16|   0|   16|          0|
    |Matrix_B_BRAM_V_20_load_reg_4307                                            |   16|   0|   16|          0|
    |Matrix_B_BRAM_V_21_load_reg_4312                                            |   16|   0|   16|          0|
    |Matrix_B_BRAM_V_22_load_reg_4317                                            |   16|   0|   16|          0|
    |Matrix_B_BRAM_V_23_load_reg_4322                                            |   16|   0|   16|          0|
    |Matrix_B_BRAM_V_24_load_reg_4327                                            |   16|   0|   16|          0|
    |Matrix_B_BRAM_V_25_load_reg_4332                                            |   16|   0|   16|          0|
    |Matrix_B_BRAM_V_26_load_reg_4337                                            |   16|   0|   16|          0|
    |Matrix_B_BRAM_V_27_load_reg_4342                                            |   16|   0|   16|          0|
    |Matrix_B_BRAM_V_28_load_reg_4347                                            |   16|   0|   16|          0|
    |Matrix_B_BRAM_V_29_load_reg_4352                                            |   16|   0|   16|          0|
    |Matrix_B_BRAM_V_2_load_reg_4217                                             |   16|   0|   16|          0|
    |Matrix_B_BRAM_V_30_load_reg_4357                                            |   16|   0|   16|          0|
    |Matrix_B_BRAM_V_31_load_reg_4362                                            |   16|   0|   16|          0|
    |Matrix_B_BRAM_V_32_load_reg_4367                                            |   16|   0|   16|          0|
    |Matrix_B_BRAM_V_33_load_reg_4372                                            |   16|   0|   16|          0|
    |Matrix_B_BRAM_V_34_load_reg_4377                                            |   16|   0|   16|          0|
    |Matrix_B_BRAM_V_35_load_reg_4382                                            |   16|   0|   16|          0|
    |Matrix_B_BRAM_V_36_load_reg_4387                                            |   16|   0|   16|          0|
    |Matrix_B_BRAM_V_37_load_reg_4392                                            |   16|   0|   16|          0|
    |Matrix_B_BRAM_V_38_load_reg_4397                                            |   16|   0|   16|          0|
    |Matrix_B_BRAM_V_39_load_reg_4402                                            |   16|   0|   16|          0|
    |Matrix_B_BRAM_V_3_load_reg_4222                                             |   16|   0|   16|          0|
    |Matrix_B_BRAM_V_40_load_reg_4407                                            |   16|   0|   16|          0|
    |Matrix_B_BRAM_V_41_load_reg_4412                                            |   16|   0|   16|          0|
    |Matrix_B_BRAM_V_42_load_reg_4417                                            |   16|   0|   16|          0|
    |Matrix_B_BRAM_V_43_load_reg_4422                                            |   16|   0|   16|          0|
    |Matrix_B_BRAM_V_44_load_reg_4427                                            |   16|   0|   16|          0|
    |Matrix_B_BRAM_V_45_load_reg_4432                                            |   16|   0|   16|          0|
    |Matrix_B_BRAM_V_46_load_reg_4437                                            |   16|   0|   16|          0|
    |Matrix_B_BRAM_V_47_load_reg_4442                                            |   16|   0|   16|          0|
    |Matrix_B_BRAM_V_48_load_reg_4447                                            |   16|   0|   16|          0|
    |Matrix_B_BRAM_V_49_load_reg_4452                                            |   16|   0|   16|          0|
    |Matrix_B_BRAM_V_4_load_reg_4227                                             |   16|   0|   16|          0|
    |Matrix_B_BRAM_V_50_load_reg_4457                                            |   16|   0|   16|          0|
    |Matrix_B_BRAM_V_51_load_reg_4462                                            |   16|   0|   16|          0|
    |Matrix_B_BRAM_V_52_load_reg_4467                                            |   16|   0|   16|          0|
    |Matrix_B_BRAM_V_53_load_reg_4472                                            |   16|   0|   16|          0|
    |Matrix_B_BRAM_V_54_load_reg_4477                                            |   16|   0|   16|          0|
    |Matrix_B_BRAM_V_55_load_reg_4482                                            |   16|   0|   16|          0|
    |Matrix_B_BRAM_V_56_load_reg_4487                                            |   16|   0|   16|          0|
    |Matrix_B_BRAM_V_57_load_reg_4492                                            |   16|   0|   16|          0|
    |Matrix_B_BRAM_V_58_load_reg_4497                                            |   16|   0|   16|          0|
    |Matrix_B_BRAM_V_59_load_reg_4502                                            |   16|   0|   16|          0|
    |Matrix_B_BRAM_V_5_load_reg_4232                                             |   16|   0|   16|          0|
    |Matrix_B_BRAM_V_60_load_reg_4507                                            |   16|   0|   16|          0|
    |Matrix_B_BRAM_V_61_load_reg_4512                                            |   16|   0|   16|          0|
    |Matrix_B_BRAM_V_62_load_reg_4517                                            |   16|   0|   16|          0|
    |Matrix_B_BRAM_V_63_load_reg_4522                                            |   16|   0|   16|          0|
    |Matrix_B_BRAM_V_64_load_reg_4527                                            |   16|   0|   16|          0|
    |Matrix_B_BRAM_V_65_load_reg_4532                                            |   16|   0|   16|          0|
    |Matrix_B_BRAM_V_66_load_reg_4537                                            |   16|   0|   16|          0|
    |Matrix_B_BRAM_V_67_load_reg_4542                                            |   16|   0|   16|          0|
    |Matrix_B_BRAM_V_68_load_reg_4547                                            |   16|   0|   16|          0|
    |Matrix_B_BRAM_V_69_load_reg_4552                                            |   16|   0|   16|          0|
    |Matrix_B_BRAM_V_6_load_reg_4237                                             |   16|   0|   16|          0|
    |Matrix_B_BRAM_V_70_load_reg_4557                                            |   16|   0|   16|          0|
    |Matrix_B_BRAM_V_71_load_reg_4562                                            |   16|   0|   16|          0|
    |Matrix_B_BRAM_V_72_load_reg_4567                                            |   16|   0|   16|          0|
    |Matrix_B_BRAM_V_73_load_reg_4572                                            |   16|   0|   16|          0|
    |Matrix_B_BRAM_V_74_load_reg_4577                                            |   16|   0|   16|          0|
    |Matrix_B_BRAM_V_75_load_reg_4582                                            |   16|   0|   16|          0|
    |Matrix_B_BRAM_V_76_load_reg_4587                                            |   16|   0|   16|          0|
    |Matrix_B_BRAM_V_77_load_reg_4592                                            |   16|   0|   16|          0|
    |Matrix_B_BRAM_V_78_load_reg_4597                                            |   16|   0|   16|          0|
    |Matrix_B_BRAM_V_79_load_reg_4602                                            |   16|   0|   16|          0|
    |Matrix_B_BRAM_V_7_load_reg_4242                                             |   16|   0|   16|          0|
    |Matrix_B_BRAM_V_80_load_reg_4607                                            |   16|   0|   16|          0|
    |Matrix_B_BRAM_V_81_load_reg_4612                                            |   16|   0|   16|          0|
    |Matrix_B_BRAM_V_82_load_reg_4617                                            |   16|   0|   16|          0|
    |Matrix_B_BRAM_V_83_load_reg_4622                                            |   16|   0|   16|          0|
    |Matrix_B_BRAM_V_84_load_reg_4627                                            |   16|   0|   16|          0|
    |Matrix_B_BRAM_V_85_load_reg_4632                                            |   16|   0|   16|          0|
    |Matrix_B_BRAM_V_86_load_reg_4637                                            |   16|   0|   16|          0|
    |Matrix_B_BRAM_V_87_load_reg_4642                                            |   16|   0|   16|          0|
    |Matrix_B_BRAM_V_88_load_reg_4647                                            |   16|   0|   16|          0|
    |Matrix_B_BRAM_V_89_load_reg_4652                                            |   16|   0|   16|          0|
    |Matrix_B_BRAM_V_8_load_reg_4247                                             |   16|   0|   16|          0|
    |Matrix_B_BRAM_V_90_load_reg_4657                                            |   16|   0|   16|          0|
    |Matrix_B_BRAM_V_91_load_reg_4662                                            |   16|   0|   16|          0|
    |Matrix_B_BRAM_V_92_load_reg_4667                                            |   16|   0|   16|          0|
    |Matrix_B_BRAM_V_93_load_reg_4672                                            |   16|   0|   16|          0|
    |Matrix_B_BRAM_V_94_load_reg_4677                                            |   16|   0|   16|          0|
    |Matrix_B_BRAM_V_95_load_reg_4682                                            |   16|   0|   16|          0|
    |Matrix_B_BRAM_V_96_load_reg_4687                                            |   16|   0|   16|          0|
    |Matrix_B_BRAM_V_97_load_reg_4692                                            |   16|   0|   16|          0|
    |Matrix_B_BRAM_V_98_load_reg_4697                                            |   16|   0|   16|          0|
    |Matrix_B_BRAM_V_99_load_reg_4702                                            |   16|   0|   16|          0|
    |Matrix_B_BRAM_V_9_load_reg_4252                                             |   16|   0|   16|          0|
    |Matrix_B_BRAM_V_load_reg_4207                                               |   16|   0|   16|          0|
    |Matrix_C_BRAM_V_addr_reg_3447                                               |   15|   0|   15|          0|
    |Matrix_C_BRAM_V_load_reg_4202                                               |   16|   0|   16|          0|
    |Matrix_C_DRAM_read_reg_3383                                                 |   64|   0|   64|          0|
    |add_ln186_reg_4957                                                          |    9|   0|   10|          1|
    |ap_CS_fsm                                                                   |  152|   0|  152|          0|
    |c_fu_120                                                                    |    8|   0|    8|          0|
    |grp_matmul_Pipeline_VITIS_LOOP_21_1_VITIS_LOOP_23_2_fu_2652_ap_start_reg    |    1|   0|    1|          0|
    |grp_matmul_Pipeline_VITIS_LOOP_32_3_VITIS_LOOP_34_4_fu_2674_ap_start_reg    |    1|   0|    1|          0|
    |grp_matmul_Pipeline_VITIS_LOOP_43_5_VITIS_LOOP_45_6_fu_2831_ap_start_reg    |    1|   0|    1|          0|
    |grp_matmul_Pipeline_VITIS_LOOP_61_9_fu_2836_ap_start_reg                    |    1|   0|    1|          0|
    |grp_matmul_Pipeline_VITIS_LOOP_71_10_VITIS_LOOP_73_11_fu_3008_ap_start_reg  |    1|   0|    1|          0|
    |indvar_flatten20_fu_128                                                     |   15|   0|   15|          0|
    |r_fu_124                                                                    |    7|   0|    7|          0|
    |select_ln57_1_reg_3425                                                      |    7|   0|    7|          0|
    |select_ln57_reg_3419                                                        |    8|   0|    8|          0|
    |trunc_ln1_reg_3400                                                          |   63|   0|   63|          0|
    |trunc_ln3_reg_3436                                                          |   63|   0|   63|          0|
    |trunc_ln_reg_3394                                                           |   63|   0|   63|          0|
    +----------------------------------------------------------------------------+-----+----+-----+-----------+
    |Total                                                                       | 2895|   0| 2896|          1|
    +----------------------------------------------------------------------------+-----+----+-----+-----------+



================================================================
== Interface
================================================================
* Summary: 
+-----------------------+-----+-----+------------+--------------+--------------+
|       RTL Ports       | Dir | Bits|  Protocol  | Source Object|    C Type    |
+-----------------------+-----+-----+------------+--------------+--------------+
|s_axi_control_AWVALID  |   in|    1|       s_axi|       control|        scalar|
|s_axi_control_AWREADY  |  out|    1|       s_axi|       control|        scalar|
|s_axi_control_AWADDR   |   in|    6|       s_axi|       control|        scalar|
|s_axi_control_WVALID   |   in|    1|       s_axi|       control|        scalar|
|s_axi_control_WREADY   |  out|    1|       s_axi|       control|        scalar|
|s_axi_control_WDATA    |   in|   32|       s_axi|       control|        scalar|
|s_axi_control_WSTRB    |   in|    4|       s_axi|       control|        scalar|
|s_axi_control_ARVALID  |   in|    1|       s_axi|       control|        scalar|
|s_axi_control_ARREADY  |  out|    1|       s_axi|       control|        scalar|
|s_axi_control_ARADDR   |   in|    6|       s_axi|       control|        scalar|
|s_axi_control_RVALID   |  out|    1|       s_axi|       control|        scalar|
|s_axi_control_RREADY   |   in|    1|       s_axi|       control|        scalar|
|s_axi_control_RDATA    |  out|   32|       s_axi|       control|        scalar|
|s_axi_control_RRESP    |  out|    2|       s_axi|       control|        scalar|
|s_axi_control_BVALID   |  out|    1|       s_axi|       control|        scalar|
|s_axi_control_BREADY   |   in|    1|       s_axi|       control|        scalar|
|s_axi_control_BRESP    |  out|    2|       s_axi|       control|        scalar|
|ap_clk                 |   in|    1|  ap_ctrl_hs|        matmul|  return value|
|ap_rst_n               |   in|    1|  ap_ctrl_hs|        matmul|  return value|
|interrupt              |  out|    1|  ap_ctrl_hs|        matmul|  return value|
|m_axi_mem1_AWVALID     |  out|    1|       m_axi|          mem1|       pointer|
|m_axi_mem1_AWREADY     |   in|    1|       m_axi|          mem1|       pointer|
|m_axi_mem1_AWADDR      |  out|   64|       m_axi|          mem1|       pointer|
|m_axi_mem1_AWID        |  out|    1|       m_axi|          mem1|       pointer|
|m_axi_mem1_AWLEN       |  out|    8|       m_axi|          mem1|       pointer|
|m_axi_mem1_AWSIZE      |  out|    3|       m_axi|          mem1|       pointer|
|m_axi_mem1_AWBURST     |  out|    2|       m_axi|          mem1|       pointer|
|m_axi_mem1_AWLOCK      |  out|    2|       m_axi|          mem1|       pointer|
|m_axi_mem1_AWCACHE     |  out|    4|       m_axi|          mem1|       pointer|
|m_axi_mem1_AWPROT      |  out|    3|       m_axi|          mem1|       pointer|
|m_axi_mem1_AWQOS       |  out|    4|       m_axi|          mem1|       pointer|
|m_axi_mem1_AWREGION    |  out|    4|       m_axi|          mem1|       pointer|
|m_axi_mem1_AWUSER      |  out|    1|       m_axi|          mem1|       pointer|
|m_axi_mem1_WVALID      |  out|    1|       m_axi|          mem1|       pointer|
|m_axi_mem1_WREADY      |   in|    1|       m_axi|          mem1|       pointer|
|m_axi_mem1_WDATA       |  out|   32|       m_axi|          mem1|       pointer|
|m_axi_mem1_WSTRB       |  out|    4|       m_axi|          mem1|       pointer|
|m_axi_mem1_WLAST       |  out|    1|       m_axi|          mem1|       pointer|
|m_axi_mem1_WID         |  out|    1|       m_axi|          mem1|       pointer|
|m_axi_mem1_WUSER       |  out|    1|       m_axi|          mem1|       pointer|
|m_axi_mem1_ARVALID     |  out|    1|       m_axi|          mem1|       pointer|
|m_axi_mem1_ARREADY     |   in|    1|       m_axi|          mem1|       pointer|
|m_axi_mem1_ARADDR      |  out|   64|       m_axi|          mem1|       pointer|
|m_axi_mem1_ARID        |  out|    1|       m_axi|          mem1|       pointer|
|m_axi_mem1_ARLEN       |  out|    8|       m_axi|          mem1|       pointer|
|m_axi_mem1_ARSIZE      |  out|    3|       m_axi|          mem1|       pointer|
|m_axi_mem1_ARBURST     |  out|    2|       m_axi|          mem1|       pointer|
|m_axi_mem1_ARLOCK      |  out|    2|       m_axi|          mem1|       pointer|
|m_axi_mem1_ARCACHE     |  out|    4|       m_axi|          mem1|       pointer|
|m_axi_mem1_ARPROT      |  out|    3|       m_axi|          mem1|       pointer|
|m_axi_mem1_ARQOS       |  out|    4|       m_axi|          mem1|       pointer|
|m_axi_mem1_ARREGION    |  out|    4|       m_axi|          mem1|       pointer|
|m_axi_mem1_ARUSER      |  out|    1|       m_axi|          mem1|       pointer|
|m_axi_mem1_RVALID      |   in|    1|       m_axi|          mem1|       pointer|
|m_axi_mem1_RREADY      |  out|    1|       m_axi|          mem1|       pointer|
|m_axi_mem1_RDATA       |   in|   32|       m_axi|          mem1|       pointer|
|m_axi_mem1_RLAST       |   in|    1|       m_axi|          mem1|       pointer|
|m_axi_mem1_RID         |   in|    1|       m_axi|          mem1|       pointer|
|m_axi_mem1_RUSER       |   in|    1|       m_axi|          mem1|       pointer|
|m_axi_mem1_RRESP       |   in|    2|       m_axi|          mem1|       pointer|
|m_axi_mem1_BVALID      |   in|    1|       m_axi|          mem1|       pointer|
|m_axi_mem1_BREADY      |  out|    1|       m_axi|          mem1|       pointer|
|m_axi_mem1_BRESP       |   in|    2|       m_axi|          mem1|       pointer|
|m_axi_mem1_BID         |   in|    1|       m_axi|          mem1|       pointer|
|m_axi_mem1_BUSER       |   in|    1|       m_axi|          mem1|       pointer|
|m_axi_mem2_AWVALID     |  out|    1|       m_axi|          mem2|       pointer|
|m_axi_mem2_AWREADY     |   in|    1|       m_axi|          mem2|       pointer|
|m_axi_mem2_AWADDR      |  out|   64|       m_axi|          mem2|       pointer|
|m_axi_mem2_AWID        |  out|    1|       m_axi|          mem2|       pointer|
|m_axi_mem2_AWLEN       |  out|    8|       m_axi|          mem2|       pointer|
|m_axi_mem2_AWSIZE      |  out|    3|       m_axi|          mem2|       pointer|
|m_axi_mem2_AWBURST     |  out|    2|       m_axi|          mem2|       pointer|
|m_axi_mem2_AWLOCK      |  out|    2|       m_axi|          mem2|       pointer|
|m_axi_mem2_AWCACHE     |  out|    4|       m_axi|          mem2|       pointer|
|m_axi_mem2_AWPROT      |  out|    3|       m_axi|          mem2|       pointer|
|m_axi_mem2_AWQOS       |  out|    4|       m_axi|          mem2|       pointer|
|m_axi_mem2_AWREGION    |  out|    4|       m_axi|          mem2|       pointer|
|m_axi_mem2_AWUSER      |  out|    1|       m_axi|          mem2|       pointer|
|m_axi_mem2_WVALID      |  out|    1|       m_axi|          mem2|       pointer|
|m_axi_mem2_WREADY      |   in|    1|       m_axi|          mem2|       pointer|
|m_axi_mem2_WDATA       |  out|   32|       m_axi|          mem2|       pointer|
|m_axi_mem2_WSTRB       |  out|    4|       m_axi|          mem2|       pointer|
|m_axi_mem2_WLAST       |  out|    1|       m_axi|          mem2|       pointer|
|m_axi_mem2_WID         |  out|    1|       m_axi|          mem2|       pointer|
|m_axi_mem2_WUSER       |  out|    1|       m_axi|          mem2|       pointer|
|m_axi_mem2_ARVALID     |  out|    1|       m_axi|          mem2|       pointer|
|m_axi_mem2_ARREADY     |   in|    1|       m_axi|          mem2|       pointer|
|m_axi_mem2_ARADDR      |  out|   64|       m_axi|          mem2|       pointer|
|m_axi_mem2_ARID        |  out|    1|       m_axi|          mem2|       pointer|
|m_axi_mem2_ARLEN       |  out|    8|       m_axi|          mem2|       pointer|
|m_axi_mem2_ARSIZE      |  out|    3|       m_axi|          mem2|       pointer|
|m_axi_mem2_ARBURST     |  out|    2|       m_axi|          mem2|       pointer|
|m_axi_mem2_ARLOCK      |  out|    2|       m_axi|          mem2|       pointer|
|m_axi_mem2_ARCACHE     |  out|    4|       m_axi|          mem2|       pointer|
|m_axi_mem2_ARPROT      |  out|    3|       m_axi|          mem2|       pointer|
|m_axi_mem2_ARQOS       |  out|    4|       m_axi|          mem2|       pointer|
|m_axi_mem2_ARREGION    |  out|    4|       m_axi|          mem2|       pointer|
|m_axi_mem2_ARUSER      |  out|    1|       m_axi|          mem2|       pointer|
|m_axi_mem2_RVALID      |   in|    1|       m_axi|          mem2|       pointer|
|m_axi_mem2_RREADY      |  out|    1|       m_axi|          mem2|       pointer|
|m_axi_mem2_RDATA       |   in|   32|       m_axi|          mem2|       pointer|
|m_axi_mem2_RLAST       |   in|    1|       m_axi|          mem2|       pointer|
|m_axi_mem2_RID         |   in|    1|       m_axi|          mem2|       pointer|
|m_axi_mem2_RUSER       |   in|    1|       m_axi|          mem2|       pointer|
|m_axi_mem2_RRESP       |   in|    2|       m_axi|          mem2|       pointer|
|m_axi_mem2_BVALID      |   in|    1|       m_axi|          mem2|       pointer|
|m_axi_mem2_BREADY      |  out|    1|       m_axi|          mem2|       pointer|
|m_axi_mem2_BRESP       |   in|    2|       m_axi|          mem2|       pointer|
|m_axi_mem2_BID         |   in|    1|       m_axi|          mem2|       pointer|
|m_axi_mem2_BUSER       |   in|    1|       m_axi|          mem2|       pointer|
+-----------------------+-----+-----+------------+--------------+--------------+

