

================================================================
== Vitis HLS Report for 'Loop_VITIS_LOOP_24_1_proc1_Pipeline_VITIS_LOOP_51_7_VITIS_LOOP_53_8'
================================================================
* Date:           Wed Oct  7 21:22:24 2026

* Version:        2022.2 (Build 3670227 on Oct 13 2022)
* Project:        vitis.prj
* Solution:       solution1 (Vivado IP Flow Target)
* Product family: zynq
* Target device:  xc7z020-clg400-1


================================================================
== Performance Estimates
================================================================
+ Timing: 
    * Summary: 
    +--------+----------+----------+------------+
    |  Clock |  Target  | Estimated| Uncertainty|
    +--------+----------+----------+------------+
    |ap_clk  |  10.00 ns|  7.300 ns|     2.70 ns|
    +--------+----------+----------+------------+

+ Latency: 
    * Summary: 
    +---------+---------+----------+----------+-----+-----+---------+
    |  Latency (cycles) |  Latency (absolute) |  Interval | Pipeline|
    |   min   |   max   |    min   |    max   | min | max |   Type  |
    +---------+---------+----------+----------+-----+-----+---------+
    |      124|      124|  1.240 us|  1.240 us|  124|  124|       no|
    +---------+---------+----------+----------+-----+-----+---------+

    + Detail: 
        * Instance: 
        N/A

        * Loop: 
        +-----------------------------------+---------+---------+----------+-----------+-----------+------+----------+
        |                                   |  Latency (cycles) | Iteration|  Initiation Interval  | Trip |          |
        |             Loop Name             |   min   |   max   |  Latency |  achieved |   target  | Count| Pipelined|
        +-----------------------------------+---------+---------+----------+-----------+-----------+------+----------+
        |- VITIS_LOOP_51_7_VITIS_LOOP_53_8  |      122|      122|         3|          1|          1|   121|       yes|
        +-----------------------------------+---------+---------+----------+-----------+-----------+------+----------+



================================================================
== Utilization Estimates
================================================================
* Summary: 
+-----------------+---------+-----+--------+-------+-----+
|       Name      | BRAM_18K| DSP |   FF   |  LUT  | URAM|
+-----------------+---------+-----+--------+-------+-----+
|DSP              |        -|    -|       -|      -|    -|
|Expression       |        -|    -|       0|     73|    -|
|FIFO             |        -|    -|       -|      -|    -|
|Instance         |        -|    -|       -|      -|    -|
|Memory           |        -|    -|       -|      -|    -|
|Multiplexer      |        -|    -|       -|     63|    -|
|Register         |        -|    -|      53|      -|    -|
+-----------------+---------+-----+--------+-------+-----+
|Total            |        0|    0|      53|    136|    0|
+-----------------+---------+-----+--------+-------+-----+
|Available        |      280|  220|  106400|  53200|    0|
+-----------------+---------+-----+--------+-------+-----+
|Utilization (%)  |        0|    0|      ~0|     ~0|    0|
+-----------------+---------+-----+--------+-------+-----+

+ Detail: 
    * Instance: 
    N/A

    * DSP: 
    N/A

    * Memory: 
    N/A

    * FIFO: 
    N/A

    * Expression: 
    +----------------------------------+----------+----+---+----+------------+------------+
    |           Variable Name          | Operation| DSP| FF| LUT| Bitwidth P0| Bitwidth P1|
    +----------------------------------+----------+----+---+----+------------+------------+
    |add_ln51_1_fu_286_p2              |         +|   0|  0|  14|           7|           1|
    |add_ln51_fu_309_p2                |         +|   0|  0|  13|           4|           1|
    |add_ln53_fu_366_p2                |         +|   0|  0|  13|           4|           1|
    |ap_block_pp0_stage0_11001         |       and|   0|  0|   2|           1|           1|
    |ap_block_state2_pp0_stage0_iter1  |       and|   0|  0|   2|           1|           1|
    |icmp_ln51_fu_280_p2               |      icmp|   0|  0|  10|           7|           4|
    |icmp_ln53_fu_315_p2               |      icmp|   0|  0|   9|           4|           4|
    |select_ln51_1_fu_329_p3           |    select|   0|  0|   4|           1|           4|
    |select_ln51_fu_321_p3             |    select|   0|  0|   4|           1|           1|
    |ap_enable_pp0                     |       xor|   0|  0|   2|           1|           2|
    +----------------------------------+----------+----+---+----+------------+------------+
    |Total                             |          |   0|  0|  73|          31|          20|
    +----------------------------------+----------+----+---+----+------------+------------+

    * Multiplexer: 
    +----------------------------------------+----+-----------+-----+-----------+
    |                  Name                  | LUT| Input Size| Bits| Total Bits|
    +----------------------------------------+----+-----------+-----+-----------+
    |ap_done_int                             |   9|          2|    1|          2|
    |ap_enable_reg_pp0_iter2                 |   9|          2|    1|          2|
    |ap_sig_allocacmp_indvar_flatten79_load  |   9|          2|    7|         14|
    |indvar_flatten79_fu_100                 |   9|          2|    7|         14|
    |kc_fu_92                                |   9|          2|    4|          8|
    |kr_fu_96                                |   9|          2|    4|          8|
    |mem2_blk_n_R                            |   9|          2|    1|          2|
    +----------------------------------------+----+-----------+-----+-----------+
    |Total                                   |  63|         14|   25|         50|
    +----------------------------------------+----+-----------+-----+-----------+

    * Register: 
    +----------------------------------+----+----+-----+-----------+
    |               Name               | FF | LUT| Bits| Const Bits|
    +----------------------------------+----+----+-----+-----------+
    |ap_CS_fsm                         |   1|   0|    1|          0|
    |ap_done_reg                       |   1|   0|    1|          0|
    |ap_enable_reg_pp0_iter1           |   1|   0|    1|          0|
    |ap_enable_reg_pp0_iter2           |   1|   0|    1|          0|
    |ap_loop_exit_ready_pp0_iter1_reg  |   1|   0|    1|          0|
    |icmp_ln51_reg_408                 |   1|   0|    1|          0|
    |indvar_flatten79_fu_100           |   7|   0|    7|          0|
    |kc_fu_92                          |   4|   0|    4|          0|
    |kr_fu_96                          |   4|   0|    4|          0|
    |mem2_addr_read_reg_412            |  32|   0|   32|          0|
    +----------------------------------+----+----+-----+-----------+
    |Total                             |  53|   0|   53|          0|
    +----------------------------------+----+----+-----+-----------+



================================================================
== Interface
================================================================
* Summary: 
+---------------------------+-----+-----+------------+---------------------------------------------------------------------+--------------+
|         RTL Ports         | Dir | Bits|  Protocol  |                            Source Object                            |    C Type    |
+---------------------------+-----+-----+------------+---------------------------------------------------------------------+--------------+
|ap_clk                     |   in|    1|  ap_ctrl_hs|  Loop_VITIS_LOOP_24_1_proc1_Pipeline_VITIS_LOOP_51_7_VITIS_LOOP_53_8|  return value|
|ap_rst                     |   in|    1|  ap_ctrl_hs|  Loop_VITIS_LOOP_24_1_proc1_Pipeline_VITIS_LOOP_51_7_VITIS_LOOP_53_8|  return value|
|ap_start                   |   in|    1|  ap_ctrl_hs|  Loop_VITIS_LOOP_24_1_proc1_Pipeline_VITIS_LOOP_51_7_VITIS_LOOP_53_8|  return value|
|ap_done                    |  out|    1|  ap_ctrl_hs|  Loop_VITIS_LOOP_24_1_proc1_Pipeline_VITIS_LOOP_51_7_VITIS_LOOP_53_8|  return value|
|ap_idle                    |  out|    1|  ap_ctrl_hs|  Loop_VITIS_LOOP_24_1_proc1_Pipeline_VITIS_LOOP_51_7_VITIS_LOOP_53_8|  return value|
|ap_ready                   |  out|    1|  ap_ctrl_hs|  Loop_VITIS_LOOP_24_1_proc1_Pipeline_VITIS_LOOP_51_7_VITIS_LOOP_53_8|  return value|
|m_axi_mem2_AWVALID         |  out|    1|       m_axi|                                                                 mem2|       pointer|
|m_axi_mem2_AWREADY         |   in|    1|       m_axi|                                                                 mem2|       pointer|
|m_axi_mem2_AWADDR          |  out|   64|       m_axi|                                                                 mem2|       pointer|
|m_axi_mem2_AWID            |  out|    1|       m_axi|                                                                 mem2|       pointer|
|m_axi_mem2_AWLEN           |  out|   32|       m_axi|                                                                 mem2|       pointer|
|m_axi_mem2_AWSIZE          |  out|    3|       m_axi|                                                                 mem2|       pointer|
|m_axi_mem2_AWBURST         |  out|    2|       m_axi|                                                                 mem2|       pointer|
|m_axi_mem2_AWLOCK          |  out|    2|       m_axi|                                                                 mem2|       pointer|
|m_axi_mem2_AWCACHE         |  out|    4|       m_axi|                                                                 mem2|       pointer|
|m_axi_mem2_AWPROT          |  out|    3|       m_axi|                                                                 mem2|       pointer|
|m_axi_mem2_AWQOS           |  out|    4|       m_axi|                                                                 mem2|       pointer|
|m_axi_mem2_AWREGION        |  out|    4|       m_axi|                                                                 mem2|       pointer|
|m_axi_mem2_AWUSER          |  out|    1|       m_axi|                                                                 mem2|       pointer|
|m_axi_mem2_WVALID          |  out|    1|       m_axi|                                                                 mem2|       pointer|
|m_axi_mem2_WREADY          |   in|    1|       m_axi|                                                                 mem2|       pointer|
|m_axi_mem2_WDATA           |  out|   32|       m_axi|                                                                 mem2|       pointer|
|m_axi_mem2_WSTRB           |  out|    4|       m_axi|                                                                 mem2|       pointer|
|m_axi_mem2_WLAST           |  out|    1|       m_axi|                                                                 mem2|       pointer|
|m_axi_mem2_WID             |  out|    1|       m_axi|                                                                 mem2|       pointer|
|m_axi_mem2_WUSER           |  out|    1|       m_axi|                                                                 mem2|       pointer|
|m_axi_mem2_ARVALID         |  out|    1|       m_axi|                                                                 mem2|       pointer|
|m_axi_mem2_ARREADY         |   in|    1|       m_axi|                                                                 mem2|       pointer|
|m_axi_mem2_ARADDR          |  out|   64|       m_axi|                                                                 mem2|       pointer|
|m_axi_mem2_ARID            |  out|    1|       m_axi|                                                                 mem2|       pointer|
|m_axi_mem2_ARLEN           |  out|   32|       m_axi|                                                                 mem2|       pointer|
|m_axi_mem2_ARSIZE          |  out|    3|       m_axi|                                                                 mem2|       pointer|
|m_axi_mem2_ARBURST         |  out|    2|       m_axi|                                                                 mem2|       pointer|
|m_axi_mem2_ARLOCK          |  out|    2|       m_axi|                                                                 mem2|       pointer|
|m_axi_mem2_ARCACHE         |  out|    4|       m_axi|                                                                 mem2|       pointer|
|m_axi_mem2_ARPROT          |  out|    3|       m_axi|                                                                 mem2|       pointer|
|m_axi_mem2_ARQOS           |  out|    4|       m_axi|                                                                 mem2|       pointer|
|m_axi_mem2_ARREGION        |  out|    4|       m_axi|                                                                 mem2|       pointer|
|m_axi_mem2_ARUSER          |  out|    1|       m_axi|                                                                 mem2|       pointer|
|m_axi_mem2_RVALID          |   in|    1|       m_axi|                                                                 mem2|       pointer|
|m_axi_mem2_RREADY          |  out|    1|       m_axi|                                                                 mem2|       pointer|
|m_axi_mem2_RDATA           |   in|   32|       m_axi|                                                                 mem2|       pointer|
|m_axi_mem2_RLAST           |   in|    1|       m_axi|                                                                 mem2|       pointer|
|m_axi_mem2_RID             |   in|    1|       m_axi|                                                                 mem2|       pointer|
|m_axi_mem2_RFIFONUM        |   in|    9|       m_axi|                                                                 mem2|       pointer|
|m_axi_mem2_RUSER           |   in|    1|       m_axi|                                                                 mem2|       pointer|
|m_axi_mem2_RRESP           |   in|    2|       m_axi|                                                                 mem2|       pointer|
|m_axi_mem2_BVALID          |   in|    1|       m_axi|                                                                 mem2|       pointer|
|m_axi_mem2_BREADY          |  out|    1|       m_axi|                                                                 mem2|       pointer|
|m_axi_mem2_BRESP           |   in|    2|       m_axi|                                                                 mem2|       pointer|
|m_axi_mem2_BID             |   in|    1|       m_axi|                                                                 mem2|       pointer|
|m_axi_mem2_BUSER           |   in|    1|       m_axi|                                                                 mem2|       pointer|
|sext_ln38_1                |   in|   62|     ap_none|                                                          sext_ln38_1|        scalar|
|local_weights_address0     |  out|    4|   ap_memory|                                                        local_weights|         array|
|local_weights_ce0          |  out|    1|   ap_memory|                                                        local_weights|         array|
|local_weights_we0          |  out|    1|   ap_memory|                                                        local_weights|         array|
|local_weights_d0           |  out|   32|   ap_memory|                                                        local_weights|         array|
|local_weights_10_address0  |  out|    4|   ap_memory|                                                     local_weights_10|         array|
|local_weights_10_ce0       |  out|    1|   ap_memory|                                                     local_weights_10|         array|
|local_weights_10_we0       |  out|    1|   ap_memory|                                                     local_weights_10|         array|
|local_weights_10_d0        |  out|   32|   ap_memory|                                                     local_weights_10|         array|
|local_weights_9_address0   |  out|    4|   ap_memory|                                                      local_weights_9|         array|
|local_weights_9_ce0        |  out|    1|   ap_memory|                                                      local_weights_9|         array|
|local_weights_9_we0        |  out|    1|   ap_memory|                                                      local_weights_9|         array|
|local_weights_9_d0         |  out|   32|   ap_memory|                                                      local_weights_9|         array|
|local_weights_8_address0   |  out|    4|   ap_memory|                                                      local_weights_8|         array|
|local_weights_8_ce0        |  out|    1|   ap_memory|                                                      local_weights_8|         array|
|local_weights_8_we0        |  out|    1|   ap_memory|                                                      local_weights_8|         array|
|local_weights_8_d0         |  out|   32|   ap_memory|                                                      local_weights_8|         array|
|local_weights_7_address0   |  out|    4|   ap_memory|                                                      local_weights_7|         array|
|local_weights_7_ce0        |  out|    1|   ap_memory|                                                      local_weights_7|         array|
|local_weights_7_we0        |  out|    1|   ap_memory|                                                      local_weights_7|         array|
|local_weights_7_d0         |  out|   32|   ap_memory|                                                      local_weights_7|         array|
|local_weights_6_address0   |  out|    4|   ap_memory|                                                      local_weights_6|         array|
|local_weights_6_ce0        |  out|    1|   ap_memory|                                                      local_weights_6|         array|
|local_weights_6_we0        |  out|    1|   ap_memory|                                                      local_weights_6|         array|
|local_weights_6_d0         |  out|   32|   ap_memory|                                                      local_weights_6|         array|
|local_weights_5_address0   |  out|    4|   ap_memory|                                                      local_weights_5|         array|
|local_weights_5_ce0        |  out|    1|   ap_memory|                                                      local_weights_5|         array|
|local_weights_5_we0        |  out|    1|   ap_memory|                                                      local_weights_5|         array|
|local_weights_5_d0         |  out|   32|   ap_memory|                                                      local_weights_5|         array|
|local_weights_4_address0   |  out|    4|   ap_memory|                                                      local_weights_4|         array|
|local_weights_4_ce0        |  out|    1|   ap_memory|                                                      local_weights_4|         array|
|local_weights_4_we0        |  out|    1|   ap_memory|                                                      local_weights_4|         array|
|local_weights_4_d0         |  out|   32|   ap_memory|                                                      local_weights_4|         array|
|local_weights_3_address0   |  out|    4|   ap_memory|                                                      local_weights_3|         array|
|local_weights_3_ce0        |  out|    1|   ap_memory|                                                      local_weights_3|         array|
|local_weights_3_we0        |  out|    1|   ap_memory|                                                      local_weights_3|         array|
|local_weights_3_d0         |  out|   32|   ap_memory|                                                      local_weights_3|         array|
|local_weights_2_address0   |  out|    4|   ap_memory|                                                      local_weights_2|         array|
|local_weights_2_ce0        |  out|    1|   ap_memory|                                                      local_weights_2|         array|
|local_weights_2_we0        |  out|    1|   ap_memory|                                                      local_weights_2|         array|
|local_weights_2_d0         |  out|   32|   ap_memory|                                                      local_weights_2|         array|
|local_weights_1_address0   |  out|    4|   ap_memory|                                                      local_weights_1|         array|
|local_weights_1_ce0        |  out|    1|   ap_memory|                                                      local_weights_1|         array|
|local_weights_1_we0        |  out|    1|   ap_memory|                                                      local_weights_1|         array|
|local_weights_1_d0         |  out|   32|   ap_memory|                                                      local_weights_1|         array|
+---------------------------+-----+-----+------------+---------------------------------------------------------------------+--------------+

============================================================
+ Verbose Summary: Synthesis Manager
============================================================
InlineROM: 1
ExposeGlobal: 0
============================================================
+ Verbose Summary: CDFG Model
============================================================
IsTopModel: 0
ResetActiveHigh: 1
IsCombinational: 2
IsDatapathOnly: 2
HasWiredReturn: 1
HasMFsm: 2
HasVarLatency: 1
IsPipeline: 0
IsRtlPipelined: 0
IsInstanceOverlapped: 0
IsDontTouch: 0
HasImplIP: 0
IsGatedGlobalClock: 0

+ Individual pipeline summary: 
  * Pipeline-0: initiation interval (II) = 1, depth = 3


============================================================
+ Verbose Summary: Schedule
============================================================
* Number of FSM states : 3
* Pipeline : 1
  Pipeline-0 : II = 1, D = 3, States = { 1 2 3 }
* Dataflow Pipeline: 0

* FSM state transitions: 
1 --> 2 
2 --> 3 
3 --> 

* FSM state operations: 

State 1 <SV = 0> <Delay = 3.45>
ST_1 : Operation 6 [1/1] (0.00ns)   --->   "%kc = alloca i32 1"   --->   Operation 6 'alloca' 'kc' <Predicate = true> <Delay = 0.00>
ST_1 : Operation 7 [1/1] (0.00ns)   --->   "%kr = alloca i32 1"   --->   Operation 7 'alloca' 'kr' <Predicate = true> <Delay = 0.00>
ST_1 : Operation 8 [1/1] (0.00ns)   --->   "%indvar_flatten79 = alloca i32 1"   --->   Operation 8 'alloca' 'indvar_flatten79' <Predicate = true> <Delay = 0.00>
ST_1 : Operation 9 [1/1] (0.00ns)   --->   "%sext_ln38_1_read = read i62 @_ssdm_op_Read.ap_auto.i62, i62 %sext_ln38_1"   --->   Operation 9 'read' 'sext_ln38_1_read' <Predicate = true> <Delay = 0.00>
ST_1 : Operation 10 [1/1] (0.00ns)   --->   "%sext_ln38_1_cast = sext i62 %sext_ln38_1_read"   --->   Operation 10 'sext' 'sext_ln38_1_cast' <Predicate = true> <Delay = 0.00>
ST_1 : Operation 11 [1/1] (0.00ns)   --->   "%specinterface_ln0 = specinterface void @_ssdm_op_SpecInterface, i32 %mem2, void @empty_2, i32 0, i32 0, void @empty_3, i32 64, i32 0, void @empty_6, void @empty_5, void @empty_3, i32 16, i32 16, i32 16, i32 16, void @empty_3, void @empty_3, i32 4294967295, i32 0"   --->   Operation 11 'specinterface' 'specinterface_ln0' <Predicate = true> <Delay = 0.00>
ST_1 : Operation 12 [1/1] (1.58ns)   --->   "%store_ln0 = store i7 0, i7 %indvar_flatten79"   --->   Operation 12 'store' 'store_ln0' <Predicate = true> <Delay = 1.58>
ST_1 : Operation 13 [1/1] (1.58ns)   --->   "%store_ln0 = store i4 0, i4 %kr"   --->   Operation 13 'store' 'store_ln0' <Predicate = true> <Delay = 1.58>
ST_1 : Operation 14 [1/1] (1.58ns)   --->   "%store_ln0 = store i4 0, i4 %kc"   --->   Operation 14 'store' 'store_ln0' <Predicate = true> <Delay = 1.58>
ST_1 : Operation 15 [1/1] (0.00ns)   --->   "%br_ln0 = br void %for.inc64"   --->   Operation 15 'br' 'br_ln0' <Predicate = true> <Delay = 0.00>
ST_1 : Operation 16 [1/1] (0.00ns)   --->   "%indvar_flatten79_load = load i7 %indvar_flatten79" [conv.cpp:51]   --->   Operation 16 'load' 'indvar_flatten79_load' <Predicate = true> <Delay = 0.00>
ST_1 : Operation 17 [1/1] (1.48ns)   --->   "%icmp_ln51 = icmp_eq  i7 %indvar_flatten79_load, i7 121" [conv.cpp:51]   --->   Operation 17 'icmp' 'icmp_ln51' <Predicate = true> <Delay = 1.48> <CoreInst = "Cmp">   --->   Core 9 'Cmp' <Latency = 0> <II = 1> <Delay = 1.48> <FuncUnit> <Opcode : 'icmp'> <InPorts = 2> <OutPorts = 1>
ST_1 : Operation 18 [1/1] (1.87ns)   --->   "%add_ln51_1 = add i7 %indvar_flatten79_load, i7 1" [conv.cpp:51]   --->   Operation 18 'add' 'add_ln51_1' <Predicate = true> <Delay = 1.87> <CoreInst = "Adder">   --->   Core 1 'Adder' <Latency = 0> <II = 1> <Delay = 1.87> <FuncUnit> <Opcode : 'add' 'sub'> <InPorts = 2> <OutPorts = 1>
ST_1 : Operation 19 [1/1] (0.00ns)   --->   "%br_ln51 = br i1 %icmp_ln51, void %for.inc67, void %VITIS_LOOP_62_10.preheader.exitStub" [conv.cpp:51]   --->   Operation 19 'br' 'br_ln51' <Predicate = true> <Delay = 0.00>
ST_1 : Operation 20 [1/1] (1.58ns)   --->   "%store_ln53 = store i7 %add_ln51_1, i7 %indvar_flatten79" [conv.cpp:53]   --->   Operation 20 'store' 'store_ln53' <Predicate = (!icmp_ln51)> <Delay = 1.58>

State 2 <SV = 1> <Delay = 7.30>
ST_2 : Operation 21 [1/1] (0.00ns)   --->   "%mem2_addr = getelementptr i32 %mem2, i64 %sext_ln38_1_cast" [conv.cpp:38]   --->   Operation 21 'getelementptr' 'mem2_addr' <Predicate = true> <Delay = 0.00>
ST_2 : Operation 22 [1/1] (7.30ns)   --->   "%mem2_addr_read = read i32 @_ssdm_op_Read.m_axi.p1i32, i64 %mem2_addr" [conv.cpp:56]   --->   Operation 22 'read' 'mem2_addr_read' <Predicate = (!icmp_ln51)> <Delay = 7.30> <CoreInst = "m_axi">   --->   Core 113 'm_axi' <Latency = 0> <II = 1> <Delay = 1.00> <Adapter> <Opcode : 'read' 'write' 'readreq' 'writereq' 'writeresp'>
ST_2 : Operation 73 [1/1] (0.00ns)   --->   "%ret_ln0 = ret"   --->   Operation 73 'ret' 'ret_ln0' <Predicate = (icmp_ln51)> <Delay = 0.00>

State 3 <SV = 2> <Delay = 5.64>
ST_3 : Operation 23 [1/1] (0.00ns)   --->   "%kc_load = load i4 %kc" [conv.cpp:53]   --->   Operation 23 'load' 'kc_load' <Predicate = true> <Delay = 0.00>
ST_3 : Operation 24 [1/1] (0.00ns)   --->   "%kr_load = load i4 %kr" [conv.cpp:51]   --->   Operation 24 'load' 'kr_load' <Predicate = true> <Delay = 0.00>
ST_3 : Operation 25 [1/1] (1.73ns)   --->   "%add_ln51 = add i4 %kr_load, i4 1" [conv.cpp:51]   --->   Operation 25 'add' 'add_ln51' <Predicate = true> <Delay = 1.73> <CoreInst = "Adder">   --->   Core 1 'Adder' <Latency = 0> <II = 1> <Delay = 1.73> <FuncUnit> <Opcode : 'add' 'sub'> <InPorts = 2> <OutPorts = 1>
ST_3 : Operation 26 [1/1] (0.00ns)   --->   "%specloopname_ln0 = specloopname void @_ssdm_op_SpecLoopName, void @VITIS_LOOP_51_7_VITIS_LOOP_53_8_str"   --->   Operation 26 'specloopname' 'specloopname_ln0' <Predicate = true> <Delay = 0.00>
ST_3 : Operation 27 [1/1] (0.00ns)   --->   "%empty = speclooptripcount i32 @_ssdm_op_SpecLoopTripCount, i64 121, i64 121, i64 121"   --->   Operation 27 'speclooptripcount' 'empty' <Predicate = true> <Delay = 0.00>
ST_3 : Operation 28 [1/1] (1.30ns)   --->   "%icmp_ln53 = icmp_eq  i4 %kc_load, i4 11" [conv.cpp:53]   --->   Operation 28 'icmp' 'icmp_ln53' <Predicate = true> <Delay = 1.30> <CoreInst = "Cmp">   --->   Core 9 'Cmp' <Latency = 0> <II = 1> <Delay = 1.30> <FuncUnit> <Opcode : 'icmp'> <InPorts = 2> <OutPorts = 1>
ST_3 : Operation 29 [1/1] (1.02ns)   --->   "%select_ln51 = select i1 %icmp_ln53, i4 0, i4 %kc_load" [conv.cpp:51]   --->   Operation 29 'select' 'select_ln51' <Predicate = true> <Delay = 1.02> <CoreInst = "Sel">   --->   Core 73 'Sel' <Latency = 0> <II = 1> <Delay = 1.02> <FuncUnit> <Opcode : 'select'> <InPorts = 3> <OutPorts = 1>
ST_3 : Operation 30 [1/1] (1.02ns)   --->   "%select_ln51_1 = select i1 %icmp_ln53, i4 %add_ln51, i4 %kr_load" [conv.cpp:51]   --->   Operation 30 'select' 'select_ln51_1' <Predicate = true> <Delay = 1.02> <CoreInst = "Sel">   --->   Core 73 'Sel' <Latency = 0> <II = 1> <Delay = 1.02> <FuncUnit> <Opcode : 'select'> <InPorts = 3> <OutPorts = 1>
ST_3 : Operation 31 [1/1] (0.00ns)   --->   "%zext_ln51 = zext i4 %select_ln51_1" [conv.cpp:51]   --->   Operation 31 'zext' 'zext_ln51' <Predicate = true> <Delay = 0.00>
ST_3 : Operation 32 [1/1] (0.00ns)   --->   "%specpipeline_ln55 = specpipeline void @_ssdm_op_SpecPipeline, i32 1, i32 0, i32 0, i32 0, void @empty_3" [conv.cpp:55]   --->   Operation 32 'specpipeline' 'specpipeline_ln55' <Predicate = true> <Delay = 0.00>
ST_3 : Operation 33 [1/1] (0.00ns)   --->   "%specloopname_ln53 = specloopname void @_ssdm_op_SpecLoopName, void @empty_13" [conv.cpp:53]   --->   Operation 33 'specloopname' 'specloopname_ln53' <Predicate = true> <Delay = 0.00>
ST_3 : Operation 34 [1/1] (0.00ns)   --->   "%bitcast_ln56 = bitcast i32 %mem2_addr_read" [conv.cpp:56]   --->   Operation 34 'bitcast' 'bitcast_ln56' <Predicate = true> <Delay = 0.00>
ST_3 : Operation 35 [1/1] (0.95ns)   --->   "%switch_ln56 = switch i4 %select_ln51, void %arrayidx6311.case.10, i4 0, void %arrayidx6311.case.0, i4 1, void %arrayidx6311.case.1, i4 2, void %arrayidx6311.case.2, i4 3, void %arrayidx6311.case.3, i4 4, void %arrayidx6311.case.4, i4 5, void %arrayidx6311.case.5, i4 6, void %arrayidx6311.case.6, i4 7, void %arrayidx6311.case.7, i4 8, void %arrayidx6311.case.8, i4 9, void %arrayidx6311.case.9" [conv.cpp:56]   --->   Operation 35 'switch' 'switch_ln56' <Predicate = true> <Delay = 0.95>
ST_3 : Operation 36 [1/1] (0.00ns)   --->   "%local_weights_9_addr = getelementptr i32 %local_weights_9, i64 0, i64 %zext_ln51" [conv.cpp:51]   --->   Operation 36 'getelementptr' 'local_weights_9_addr' <Predicate = (select_ln51 == 9)> <Delay = 0.00>
ST_3 : Operation 37 [1/1] (2.32ns)   --->   "%store_ln56 = store i32 %bitcast_ln56, i4 %local_weights_9_addr" [conv.cpp:56]   --->   Operation 37 'store' 'store_ln56' <Predicate = (select_ln51 == 9)> <Delay = 2.32> <CoreInst = "RAM">   --->   Core 82 'RAM' <Latency = 1> <II = 1> <Delay = 2.32> <Storage> <Opcode : 'load' 'store'> <Ports = 2> <Width = 32> <Depth = 11> <RAM>
ST_3 : Operation 38 [1/1] (0.00ns)   --->   "%br_ln56 = br void %arrayidx6311.exit" [conv.cpp:56]   --->   Operation 38 'br' 'br_ln56' <Predicate = (select_ln51 == 9)> <Delay = 0.00>
ST_3 : Operation 39 [1/1] (0.00ns)   --->   "%local_weights_8_addr = getelementptr i32 %local_weights_8, i64 0, i64 %zext_ln51" [conv.cpp:51]   --->   Operation 39 'getelementptr' 'local_weights_8_addr' <Predicate = (select_ln51 == 8)> <Delay = 0.00>
ST_3 : Operation 40 [1/1] (2.32ns)   --->   "%store_ln56 = store i32 %bitcast_ln56, i4 %local_weights_8_addr" [conv.cpp:56]   --->   Operation 40 'store' 'store_ln56' <Predicate = (select_ln51 == 8)> <Delay = 2.32> <CoreInst = "RAM">   --->   Core 82 'RAM' <Latency = 1> <II = 1> <Delay = 2.32> <Storage> <Opcode : 'load' 'store'> <Ports = 2> <Width = 32> <Depth = 11> <RAM>
ST_3 : Operation 41 [1/1] (0.00ns)   --->   "%br_ln56 = br void %arrayidx6311.exit" [conv.cpp:56]   --->   Operation 41 'br' 'br_ln56' <Predicate = (select_ln51 == 8)> <Delay = 0.00>
ST_3 : Operation 42 [1/1] (0.00ns)   --->   "%local_weights_7_addr = getelementptr i32 %local_weights_7, i64 0, i64 %zext_ln51" [conv.cpp:51]   --->   Operation 42 'getelementptr' 'local_weights_7_addr' <Predicate = (select_ln51 == 7)> <Delay = 0.00>
ST_3 : Operation 43 [1/1] (2.32ns)   --->   "%store_ln56 = store i32 %bitcast_ln56, i4 %local_weights_7_addr" [conv.cpp:56]   --->   Operation 43 'store' 'store_ln56' <Predicate = (select_ln51 == 7)> <Delay = 2.32> <CoreInst = "RAM">   --->   Core 82 'RAM' <Latency = 1> <II = 1> <Delay = 2.32> <Storage> <Opcode : 'load' 'store'> <Ports = 2> <Width = 32> <Depth = 11> <RAM>
ST_3 : Operation 44 [1/1] (0.00ns)   --->   "%br_ln56 = br void %arrayidx6311.exit" [conv.cpp:56]   --->   Operation 44 'br' 'br_ln56' <Predicate = (select_ln51 == 7)> <Delay = 0.00>
ST_3 : Operation 45 [1/1] (0.00ns)   --->   "%local_weights_6_addr = getelementptr i32 %local_weights_6, i64 0, i64 %zext_ln51" [conv.cpp:51]   --->   Operation 45 'getelementptr' 'local_weights_6_addr' <Predicate = (select_ln51 == 6)> <Delay = 0.00>
ST_3 : Operation 46 [1/1] (2.32ns)   --->   "%store_ln56 = store i32 %bitcast_ln56, i4 %local_weights_6_addr" [conv.cpp:56]   --->   Operation 46 'store' 'store_ln56' <Predicate = (select_ln51 == 6)> <Delay = 2.32> <CoreInst = "RAM">   --->   Core 82 'RAM' <Latency = 1> <II = 1> <Delay = 2.32> <Storage> <Opcode : 'load' 'store'> <Ports = 2> <Width = 32> <Depth = 11> <RAM>
ST_3 : Operation 47 [1/1] (0.00ns)   --->   "%br_ln56 = br void %arrayidx6311.exit" [conv.cpp:56]   --->   Operation 47 'br' 'br_ln56' <Predicate = (select_ln51 == 6)> <Delay = 0.00>
ST_3 : Operation 48 [1/1] (0.00ns)   --->   "%local_weights_5_addr = getelementptr i32 %local_weights_5, i64 0, i64 %zext_ln51" [conv.cpp:51]   --->   Operation 48 'getelementptr' 'local_weights_5_addr' <Predicate = (select_ln51 == 5)> <Delay = 0.00>
ST_3 : Operation 49 [1/1] (2.32ns)   --->   "%store_ln56 = store i32 %bitcast_ln56, i4 %local_weights_5_addr" [conv.cpp:56]   --->   Operation 49 'store' 'store_ln56' <Predicate = (select_ln51 == 5)> <Delay = 2.32> <CoreInst = "RAM">   --->   Core 82 'RAM' <Latency = 1> <II = 1> <Delay = 2.32> <Storage> <Opcode : 'load' 'store'> <Ports = 2> <Width = 32> <Depth = 11> <RAM>
ST_3 : Operation 50 [1/1] (0.00ns)   --->   "%br_ln56 = br void %arrayidx6311.exit" [conv.cpp:56]   --->   Operation 50 'br' 'br_ln56' <Predicate = (select_ln51 == 5)> <Delay = 0.00>
ST_3 : Operation 51 [1/1] (0.00ns)   --->   "%local_weights_4_addr = getelementptr i32 %local_weights_4, i64 0, i64 %zext_ln51" [conv.cpp:51]   --->   Operation 51 'getelementptr' 'local_weights_4_addr' <Predicate = (select_ln51 == 4)> <Delay = 0.00>
ST_3 : Operation 52 [1/1] (2.32ns)   --->   "%store_ln56 = store i32 %bitcast_ln56, i4 %local_weights_4_addr" [conv.cpp:56]   --->   Operation 52 'store' 'store_ln56' <Predicate = (select_ln51 == 4)> <Delay = 2.32> <CoreInst = "RAM">   --->   Core 82 'RAM' <Latency = 1> <II = 1> <Delay = 2.32> <Storage> <Opcode : 'load' 'store'> <Ports = 2> <Width = 32> <Depth = 11> <RAM>
ST_3 : Operation 53 [1/1] (0.00ns)   --->   "%br_ln56 = br void %arrayidx6311.exit" [conv.cpp:56]   --->   Operation 53 'br' 'br_ln56' <Predicate = (select_ln51 == 4)> <Delay = 0.00>
ST_3 : Operation 54 [1/1] (0.00ns)   --->   "%local_weights_3_addr = getelementptr i32 %local_weights_3, i64 0, i64 %zext_ln51" [conv.cpp:51]   --->   Operation 54 'getelementptr' 'local_weights_3_addr' <Predicate = (select_ln51 == 3)> <Delay = 0.00>
ST_3 : Operation 55 [1/1] (2.32ns)   --->   "%store_ln56 = store i32 %bitcast_ln56, i4 %local_weights_3_addr" [conv.cpp:56]   --->   Operation 55 'store' 'store_ln56' <Predicate = (select_ln51 == 3)> <Delay = 2.32> <CoreInst = "RAM">   --->   Core 82 'RAM' <Latency = 1> <II = 1> <Delay = 2.32> <Storage> <Opcode : 'load' 'store'> <Ports = 2> <Width = 32> <Depth = 11> <RAM>
ST_3 : Operation 56 [1/1] (0.00ns)   --->   "%br_ln56 = br void %arrayidx6311.exit" [conv.cpp:56]   --->   Operation 56 'br' 'br_ln56' <Predicate = (select_ln51 == 3)> <Delay = 0.00>
ST_3 : Operation 57 [1/1] (0.00ns)   --->   "%local_weights_2_addr = getelementptr i32 %local_weights_2, i64 0, i64 %zext_ln51" [conv.cpp:51]   --->   Operation 57 'getelementptr' 'local_weights_2_addr' <Predicate = (select_ln51 == 2)> <Delay = 0.00>
ST_3 : Operation 58 [1/1] (2.32ns)   --->   "%store_ln56 = store i32 %bitcast_ln56, i4 %local_weights_2_addr" [conv.cpp:56]   --->   Operation 58 'store' 'store_ln56' <Predicate = (select_ln51 == 2)> <Delay = 2.32> <CoreInst = "RAM">   --->   Core 82 'RAM' <Latency = 1> <II = 1> <Delay = 2.32> <Storage> <Opcode : 'load' 'store'> <Ports = 2> <Width = 32> <Depth = 11> <RAM>
ST_3 : Operation 59 [1/1] (0.00ns)   --->   "%br_ln56 = br void %arrayidx6311.exit" [conv.cpp:56]   --->   Operation 59 'br' 'br_ln56' <Predicate = (select_ln51 == 2)> <Delay = 0.00>
ST_3 : Operation 60 [1/1] (0.00ns)   --->   "%local_weights_1_addr = getelementptr i32 %local_weights_1, i64 0, i64 %zext_ln51" [conv.cpp:51]   --->   Operation 60 'getelementptr' 'local_weights_1_addr' <Predicate = (select_ln51 == 1)> <Delay = 0.00>
ST_3 : Operation 61 [1/1] (2.32ns)   --->   "%store_ln56 = store i32 %bitcast_ln56, i4 %local_weights_1_addr" [conv.cpp:56]   --->   Operation 61 'store' 'store_ln56' <Predicate = (select_ln51 == 1)> <Delay = 2.32> <CoreInst = "RAM">   --->   Core 82 'RAM' <Latency = 1> <II = 1> <Delay = 2.32> <Storage> <Opcode : 'load' 'store'> <Ports = 2> <Width = 32> <Depth = 11> <RAM>
ST_3 : Operation 62 [1/1] (0.00ns)   --->   "%br_ln56 = br void %arrayidx6311.exit" [conv.cpp:56]   --->   Operation 62 'br' 'br_ln56' <Predicate = (select_ln51 == 1)> <Delay = 0.00>
ST_3 : Operation 63 [1/1] (0.00ns)   --->   "%local_weights_addr = getelementptr i32 %local_weights, i64 0, i64 %zext_ln51" [conv.cpp:51]   --->   Operation 63 'getelementptr' 'local_weights_addr' <Predicate = (select_ln51 == 0)> <Delay = 0.00>
ST_3 : Operation 64 [1/1] (2.32ns)   --->   "%store_ln56 = store i32 %bitcast_ln56, i4 %local_weights_addr" [conv.cpp:56]   --->   Operation 64 'store' 'store_ln56' <Predicate = (select_ln51 == 0)> <Delay = 2.32> <CoreInst = "RAM">   --->   Core 82 'RAM' <Latency = 1> <II = 1> <Delay = 2.32> <Storage> <Opcode : 'load' 'store'> <Ports = 2> <Width = 32> <Depth = 11> <RAM>
ST_3 : Operation 65 [1/1] (0.00ns)   --->   "%br_ln56 = br void %arrayidx6311.exit" [conv.cpp:56]   --->   Operation 65 'br' 'br_ln56' <Predicate = (select_ln51 == 0)> <Delay = 0.00>
ST_3 : Operation 66 [1/1] (0.00ns)   --->   "%local_weights_10_addr = getelementptr i32 %local_weights_10, i64 0, i64 %zext_ln51" [conv.cpp:51]   --->   Operation 66 'getelementptr' 'local_weights_10_addr' <Predicate = (select_ln51 == 15) | (select_ln51 == 14) | (select_ln51 == 13) | (select_ln51 == 12) | (select_ln51 == 11) | (select_ln51 == 10)> <Delay = 0.00>
ST_3 : Operation 67 [1/1] (2.32ns)   --->   "%store_ln56 = store i32 %bitcast_ln56, i4 %local_weights_10_addr" [conv.cpp:56]   --->   Operation 67 'store' 'store_ln56' <Predicate = (select_ln51 == 15) | (select_ln51 == 14) | (select_ln51 == 13) | (select_ln51 == 12) | (select_ln51 == 11) | (select_ln51 == 10)> <Delay = 2.32> <CoreInst = "RAM">   --->   Core 82 'RAM' <Latency = 1> <II = 1> <Delay = 2.32> <Storage> <Opcode : 'load' 'store'> <Ports = 2> <Width = 32> <Depth = 11> <RAM>
ST_3 : Operation 68 [1/1] (0.00ns)   --->   "%br_ln56 = br void %arrayidx6311.exit" [conv.cpp:56]   --->   Operation 68 'br' 'br_ln56' <Predicate = (select_ln51 == 15) | (select_ln51 == 14) | (select_ln51 == 13) | (select_ln51 == 12) | (select_ln51 == 11) | (select_ln51 == 10)> <Delay = 0.00>
ST_3 : Operation 69 [1/1] (1.73ns)   --->   "%add_ln53 = add i4 %select_ln51, i4 1" [conv.cpp:53]   --->   Operation 69 'add' 'add_ln53' <Predicate = true> <Delay = 1.73> <CoreInst = "Adder">   --->   Core 1 'Adder' <Latency = 0> <II = 1> <Delay = 1.73> <FuncUnit> <Opcode : 'add' 'sub'> <InPorts = 2> <OutPorts = 1>
ST_3 : Operation 70 [1/1] (1.58ns)   --->   "%store_ln53 = store i4 %select_ln51_1, i4 %kr" [conv.cpp:53]   --->   Operation 70 'store' 'store_ln53' <Predicate = true> <Delay = 1.58>
ST_3 : Operation 71 [1/1] (1.58ns)   --->   "%store_ln53 = store i4 %add_ln53, i4 %kc" [conv.cpp:53]   --->   Operation 71 'store' 'store_ln53' <Predicate = true> <Delay = 1.58>
ST_3 : Operation 72 [1/1] (0.00ns)   --->   "%br_ln53 = br void %for.inc64" [conv.cpp:53]   --->   Operation 72 'br' 'br_ln53' <Predicate = true> <Delay = 0.00>


============================================================
+ Verbose Summary: Binding
============================================================
STG Binding: 
---------------- STG Properties BEGIN ----------------
- Is combinational: 0
- Is one-state seq: 0
- Is datapath-only: 0
- Is pipelined: 0
- Is top level: 0
Port [ Return ] is wired: 1; IO mode=ap_ctrl_hs:ce=0
Port [ mem2]:  wired=1; compound=1; hidden=0; nouse=0; global=0; static=0; extern=0; dir=0; type=4; pingpong=0; private_global=0; IO mode=m_axi:ce=0
Port [ sext_ln38_1]:  wired=1; compound=0; hidden=0; nouse=0; global=0; static=0; extern=0; dir=0; type=0; pingpong=0; private_global=0; IO mode=ap_none:ce=0
Port [ local_weights]:  wired=1; compound=1; hidden=0; nouse=0; global=0; static=0; extern=0; dir=1; type=1; pingpong=0; private_global=0; MemPort=[03]; IO mode=ap_memory:ce=0
Port [ local_weights_10]:  wired=1; compound=1; hidden=0; nouse=0; global=0; static=0; extern=0; dir=1; type=1; pingpong=0; private_global=0; MemPort=[03]; IO mode=ap_memory:ce=0
Port [ local_weights_9]:  wired=1; compound=1; hidden=0; nouse=0; global=0; static=0; extern=0; dir=1; type=1; pingpong=0; private_global=0; MemPort=[03]; IO mode=ap_memory:ce=0
Port [ local_weights_8]:  wired=1; compound=1; hidden=0; nouse=0; global=0; static=0; extern=0; dir=1; type=1; pingpong=0; private_global=0; MemPort=[03]; IO mode=ap_memory:ce=0
Port [ local_weights_7]:  wired=1; compound=1; hidden=0; nouse=0; global=0; static=0; extern=0; dir=1; type=1; pingpong=0; private_global=0; MemPort=[03]; IO mode=ap_memory:ce=0
Port [ local_weights_6]:  wired=1; compound=1; hidden=0; nouse=0; global=0; static=0; extern=0; dir=1; type=1; pingpong=0; private_global=0; MemPort=[03]; IO mode=ap_memory:ce=0
Port [ local_weights_5]:  wired=1; compound=1; hidden=0; nouse=0; global=0; static=0; extern=0; dir=1; type=1; pingpong=0; private_global=0; MemPort=[03]; IO mode=ap_memory:ce=0
Port [ local_weights_4]:  wired=1; compound=1; hidden=0; nouse=0; global=0; static=0; extern=0; dir=1; type=1; pingpong=0; private_global=0; MemPort=[03]; IO mode=ap_memory:ce=0
Port [ local_weights_3]:  wired=1; compound=1; hidden=0; nouse=0; global=0; static=0; extern=0; dir=1; type=1; pingpong=0; private_global=0; MemPort=[03]; IO mode=ap_memory:ce=0
Port [ local_weights_2]:  wired=1; compound=1; hidden=0; nouse=0; global=0; static=0; extern=0; dir=1; type=1; pingpong=0; private_global=0; MemPort=[03]; IO mode=ap_memory:ce=0
Port [ local_weights_1]:  wired=1; compound=1; hidden=0; nouse=0; global=0; static=0; extern=0; dir=1; type=1; pingpong=0; private_global=0; MemPort=[03]; IO mode=ap_memory:ce=0
---------------- STG Properties END ------------------

---------------- Datapath Model BEGIN ----------------

<LifeTime>
<method=bitvector/>
kc                    (alloca           ) [ 0111]
kr                    (alloca           ) [ 0111]
indvar_flatten79      (alloca           ) [ 0100]
sext_ln38_1_read      (read             ) [ 0000]
sext_ln38_1_cast      (sext             ) [ 0110]
specinterface_ln0     (specinterface    ) [ 0000]
store_ln0             (store            ) [ 0000]
store_ln0             (store            ) [ 0000]
store_ln0             (store            ) [ 0000]
br_ln0                (br               ) [ 0000]
indvar_flatten79_load (load             ) [ 0000]
icmp_ln51             (icmp             ) [ 0110]
add_ln51_1            (add              ) [ 0000]
br_ln51               (br               ) [ 0000]
store_ln53            (store            ) [ 0000]
mem2_addr             (getelementptr    ) [ 0000]
mem2_addr_read        (read             ) [ 0101]
kc_load               (load             ) [ 0000]
kr_load               (load             ) [ 0000]
add_ln51              (add              ) [ 0000]
specloopname_ln0      (specloopname     ) [ 0000]
empty                 (speclooptripcount) [ 0000]
icmp_ln53             (icmp             ) [ 0000]
select_ln51           (select           ) [ 0101]
select_ln51_1         (select           ) [ 0000]
zext_ln51             (zext             ) [ 0000]
specpipeline_ln55     (specpipeline     ) [ 0000]
specloopname_ln53     (specloopname     ) [ 0000]
bitcast_ln56          (bitcast          ) [ 0000]
switch_ln56           (switch           ) [ 0000]
local_weights_9_addr  (getelementptr    ) [ 0000]
store_ln56            (store            ) [ 0000]
br_ln56               (br               ) [ 0000]
local_weights_8_addr  (getelementptr    ) [ 0000]
store_ln56            (store            ) [ 0000]
br_ln56               (br               ) [ 0000]
local_weights_7_addr  (getelementptr    ) [ 0000]
store_ln56            (store            ) [ 0000]
br_ln56               (br               ) [ 0000]
local_weights_6_addr  (getelementptr    ) [ 0000]
store_ln56            (store            ) [ 0000]
br_ln56               (br               ) [ 0000]
local_weights_5_addr  (getelementptr    ) [ 0000]
store_ln56            (store            ) [ 0000]
br_ln56               (br               ) [ 0000]
local_weights_4_addr  (getelementptr    ) [ 0000]
store_ln56            (store            ) [ 0000]
br_ln56               (br               ) [ 0000]
local_weights_3_addr  (getelementptr    ) [ 0000]
store_ln56            (store            ) [ 0000]
br_ln56               (br               ) [ 0000]
local_weights_2_addr  (getelementptr    ) [ 0000]
store_ln56            (store            ) [ 0000]
br_ln56               (br               ) [ 0000]
local_weights_1_addr  (getelementptr    ) [ 0000]
store_ln56            (store            ) [ 0000]
br_ln56               (br               ) [ 0000]
local_weights_addr    (getelementptr    ) [ 0000]
store_ln56            (store            ) [ 0000]
br_ln56               (br               ) [ 0000]
local_weights_10_addr (getelementptr    ) [ 0000]
store_ln56            (store            ) [ 0000]
br_ln56               (br               ) [ 0000]
add_ln53              (add              ) [ 0000]
store_ln53            (store            ) [ 0000]
store_ln53            (store            ) [ 0000]
br_ln53               (br               ) [ 0000]
ret_ln0               (ret              ) [ 0000]
</LifeTime>

<model>

<comp_list>
<comp id="0" class="1000" name="mem2">
<pin_list>
<pin id="1" dir="1" index="0" bw="1" slack="0"/>
</pin_list>
<bind>
<StgValue><ssdm name="mem2"/></StgValue>
</bind>
</comp>

<comp id="2" class="1000" name="sext_ln38_1">
<pin_list>
<pin id="3" dir="1" index="0" bw="1" slack="0"/>
</pin_list>
<bind>
<StgValue><ssdm name="sext_ln38_1"/></StgValue>
</bind>
</comp>

<comp id="4" class="1000" name="local_weights">
<pin_list>
<pin id="5" dir="1" index="0" bw="1" slack="0"/>
</pin_list>
<bind>
<StgValue><ssdm name="local_weights"/><MemPortTyVec>0 3 </MemPortTyVec>
</StgValue>
</bind>
</comp>

<comp id="6" class="1000" name="local_weights_10">
<pin_list>
<pin id="7" dir="1" index="0" bw="1" slack="0"/>
</pin_list>
<bind>
<StgValue><ssdm name="local_weights_10"/><MemPortTyVec>0 3 </MemPortTyVec>
</StgValue>
</bind>
</comp>

<comp id="8" class="1000" name="local_weights_9">
<pin_list>
<pin id="9" dir="1" index="0" bw="1" slack="0"/>
</pin_list>
<bind>
<StgValue><ssdm name="local_weights_9"/><MemPortTyVec>0 3 </MemPortTyVec>
</StgValue>
</bind>
</comp>

<comp id="10" class="1000" name="local_weights_8">
<pin_list>
<pin id="11" dir="1" index="0" bw="1" slack="0"/>
</pin_list>
<bind>
<StgValue><ssdm name="local_weights_8"/><MemPortTyVec>0 3 </MemPortTyVec>
</StgValue>
</bind>
</comp>

<comp id="12" class="1000" name="local_weights_7">
<pin_list>
<pin id="13" dir="1" index="0" bw="1" slack="0"/>
</pin_list>
<bind>
<StgValue><ssdm name="local_weights_7"/><MemPortTyVec>0 3 </MemPortTyVec>
</StgValue>
</bind>
</comp>

<comp id="14" class="1000" name="local_weights_6">
<pin_list>
<pin id="15" dir="1" index="0" bw="1" slack="0"/>
</pin_list>
<bind>
<StgValue><ssdm name="local_weights_6"/><MemPortTyVec>0 3 </MemPortTyVec>
</StgValue>
</bind>
</comp>

<comp id="16" class="1000" name="local_weights_5">
<pin_list>
<pin id="17" dir="1" index="0" bw="1" slack="0"/>
</pin_list>
<bind>
<StgValue><ssdm name="local_weights_5"/><MemPortTyVec>0 3 </MemPortTyVec>
</StgValue>
</bind>
</comp>

<comp id="18" class="1000" name="local_weights_4">
<pin_list>
<pin id="19" dir="1" index="0" bw="1" slack="0"/>
</pin_list>
<bind>
<StgValue><ssdm name="local_weights_4"/><MemPortTyVec>0 3 </MemPortTyVec>
</StgValue>
</bind>
</comp>

<comp id="20" class="1000" name="local_weights_3">
<pin_list>
<pin id="21" dir="1" index="0" bw="1" slack="0"/>
</pin_list>
<bind>
<StgValue><ssdm name="local_weights_3"/><MemPortTyVec>0 3 </MemPortTyVec>
</StgValue>
</bind>
</comp>

<comp id="22" class="1000" name="local_weights_2">
<pin_list>
<pin id="23" dir="1" index="0" bw="1" slack="0"/>
</pin_list>
<bind>
<StgValue><ssdm name="local_weights_2"/><MemPortTyVec>0 3 </MemPortTyVec>
</StgValue>
</bind>
</comp>

<comp id="24" class="1000" name="local_weights_1">
<pin_list>
<pin id="25" dir="1" index="0" bw="1" slack="0"/>
</pin_list>
<bind>
<StgValue><ssdm name="local_weights_1"/><MemPortTyVec>0 3 </MemPortTyVec>
</StgValue>
</bind>
</comp>

<comp id="26" class="1001" name="const_26">
<pin_list>
<pin id="27" dir="1" index="0" bw="1" slack="0"/>
</pin_list>
<bind>
<StgValue><ssdm name=""/></StgValue>
</bind>
</comp>

<comp id="28" class="1001" name="const_28">
<pin_list>
<pin id="29" dir="1" index="0" bw="1" slack="0"/>
</pin_list>
<bind>
<StgValue><ssdm name="_ssdm_op_Read.ap_auto.i62"/></StgValue>
</bind>
</comp>

<comp id="30" class="1001" name="const_30">
<pin_list>
<pin id="31" dir="1" index="0" bw="1" slack="2147483647"/>
</pin_list>
<bind>
<StgValue><ssdm name="_ssdm_op_SpecInterface"/></StgValue>
</bind>
</comp>

<comp id="32" class="1001" name="const_32">
<pin_list>
<pin id="33" dir="1" index="0" bw="1" slack="2147483647"/>
</pin_list>
<bind>
<StgValue><ssdm name="empty_2"/></StgValue>
</bind>
</comp>

<comp id="34" class="1001" name="const_34">
<pin_list>
<pin id="35" dir="1" index="0" bw="1" slack="2147483647"/>
</pin_list>
<bind>
<StgValue><ssdm name=""/></StgValue>
</bind>
</comp>

<comp id="36" class="1001" name="const_36">
<pin_list>
<pin id="37" dir="1" index="0" bw="1" slack="2147483647"/>
</pin_list>
<bind>
<StgValue><ssdm name="empty_3"/></StgValue>
</bind>
</comp>

<comp id="38" class="1001" name="const_38">
<pin_list>
<pin id="39" dir="1" index="0" bw="1" slack="2147483647"/>
</pin_list>
<bind>
<StgValue><ssdm name=""/></StgValue>
</bind>
</comp>

<comp id="40" class="1001" name="const_40">
<pin_list>
<pin id="41" dir="1" index="0" bw="1" slack="2147483647"/>
</pin_list>
<bind>
<StgValue><ssdm name="empty_6"/></StgValue>
</bind>
</comp>

<comp id="42" class="1001" name="const_42">
<pin_list>
<pin id="43" dir="1" index="0" bw="1" slack="2147483647"/>
</pin_list>
<bind>
<StgValue><ssdm name="empty_5"/></StgValue>
</bind>
</comp>

<comp id="44" class="1001" name="const_44">
<pin_list>
<pin id="45" dir="1" index="0" bw="1" slack="2147483647"/>
</pin_list>
<bind>
<StgValue><ssdm name=""/></StgValue>
</bind>
</comp>

<comp id="46" class="1001" name="const_46">
<pin_list>
<pin id="47" dir="1" index="0" bw="1" slack="2147483647"/>
</pin_list>
<bind>
<StgValue><ssdm name=""/></StgValue>
</bind>
</comp>

<comp id="48" class="1001" name="const_48">
<pin_list>
<pin id="49" dir="1" index="0" bw="1" slack="0"/>
</pin_list>
<bind>
<StgValue><ssdm name=""/></StgValue>
</bind>
</comp>

<comp id="50" class="1001" name="const_50">
<pin_list>
<pin id="51" dir="1" index="0" bw="1" slack="0"/>
</pin_list>
<bind>
<StgValue><ssdm name=""/></StgValue>
</bind>
</comp>

<comp id="52" class="1001" name="const_52">
<pin_list>
<pin id="53" dir="1" index="0" bw="1" slack="0"/>
</pin_list>
<bind>
<StgValue><ssdm name=""/></StgValue>
</bind>
</comp>

<comp id="54" class="1001" name="const_54">
<pin_list>
<pin id="55" dir="1" index="0" bw="1" slack="0"/>
</pin_list>
<bind>
<StgValue><ssdm name=""/></StgValue>
</bind>
</comp>

<comp id="56" class="1001" name="const_56">
<pin_list>
<pin id="57" dir="1" index="0" bw="1" slack="0"/>
</pin_list>
<bind>
<StgValue><ssdm name="_ssdm_op_Read.m_axi.p1i32"/></StgValue>
</bind>
</comp>

<comp id="58" class="1001" name="const_58">
<pin_list>
<pin id="59" dir="1" index="0" bw="1" slack="0"/>
</pin_list>
<bind>
<StgValue><ssdm name=""/></StgValue>
</bind>
</comp>

<comp id="60" class="1001" name="const_60">
<pin_list>
<pin id="61" dir="1" index="0" bw="1" slack="2147483647"/>
</pin_list>
<bind>
<StgValue><ssdm name="_ssdm_op_SpecLoopName"/></StgValue>
</bind>
</comp>

<comp id="62" class="1001" name="const_62">
<pin_list>
<pin id="63" dir="1" index="0" bw="1" slack="2147483647"/>
</pin_list>
<bind>
<StgValue><ssdm name="VITIS_LOOP_51_7_VITIS_LOOP_53_8_str"/></StgValue>
</bind>
</comp>

<comp id="64" class="1001" name="const_64">
<pin_list>
<pin id="65" dir="1" index="0" bw="1" slack="2147483647"/>
</pin_list>
<bind>
<StgValue><ssdm name="_ssdm_op_SpecLoopTripCount"/></StgValue>
</bind>
</comp>

<comp id="66" class="1001" name="const_66">
<pin_list>
<pin id="67" dir="1" index="0" bw="1" slack="2147483647"/>
</pin_list>
<bind>
<StgValue><ssdm name=""/></StgValue>
</bind>
</comp>

<comp id="68" class="1001" name="const_68">
<pin_list>
<pin id="69" dir="1" index="0" bw="1" slack="0"/>
</pin_list>
<bind>
<StgValue><ssdm name=""/></StgValue>
</bind>
</comp>

<comp id="70" class="1001" name="const_70">
<pin_list>
<pin id="71" dir="1" index="0" bw="1" slack="2147483647"/>
</pin_list>
<bind>
<StgValue><ssdm name="_ssdm_op_SpecPipeline"/></StgValue>
</bind>
</comp>

<comp id="72" class="1001" name="const_72">
<pin_list>
<pin id="73" dir="1" index="0" bw="1" slack="2147483647"/>
</pin_list>
<bind>
<StgValue><ssdm name="empty_13"/></StgValue>
</bind>
</comp>

<comp id="74" class="1001" name="const_74">
<pin_list>
<pin id="75" dir="1" index="0" bw="1" slack="2147483647"/>
</pin_list>
<bind>
<StgValue><ssdm name=""/></StgValue>
</bind>
</comp>

<comp id="76" class="1001" name="const_76">
<pin_list>
<pin id="77" dir="1" index="0" bw="1" slack="2147483647"/>
</pin_list>
<bind>
<StgValue><ssdm name=""/></StgValue>
</bind>
</comp>

<comp id="78" class="1001" name="const_78">
<pin_list>
<pin id="79" dir="1" index="0" bw="1" slack="2147483647"/>
</pin_list>
<bind>
<StgValue><ssdm name=""/></StgValue>
</bind>
</comp>

<comp id="80" class="1001" name="const_80">
<pin_list>
<pin id="81" dir="1" index="0" bw="1" slack="2147483647"/>
</pin_list>
<bind>
<StgValue><ssdm name=""/></StgValue>
</bind>
</comp>

<comp id="82" class="1001" name="const_82">
<pin_list>
<pin id="83" dir="1" index="0" bw="1" slack="2147483647"/>
</pin_list>
<bind>
<StgValue><ssdm name=""/></StgValue>
</bind>
</comp>

<comp id="84" class="1001" name="const_84">
<pin_list>
<pin id="85" dir="1" index="0" bw="1" slack="2147483647"/>
</pin_list>
<bind>
<StgValue><ssdm name=""/></StgValue>
</bind>
</comp>

<comp id="86" class="1001" name="const_86">
<pin_list>
<pin id="87" dir="1" index="0" bw="1" slack="2147483647"/>
</pin_list>
<bind>
<StgValue><ssdm name=""/></StgValue>
</bind>
</comp>

<comp id="88" class="1001" name="const_88">
<pin_list>
<pin id="89" dir="1" index="0" bw="1" slack="2147483647"/>
</pin_list>
<bind>
<StgValue><ssdm name=""/></StgValue>
</bind>
</comp>

<comp id="90" class="1001" name="const_90">
<pin_list>
<pin id="91" dir="1" index="0" bw="1" slack="0"/>
</pin_list>
<bind>
<StgValue><ssdm name=""/></StgValue>
</bind>
</comp>

<comp id="92" class="1004" name="kc_fu_92">
<pin_list>
<pin id="93" dir="0" index="0" bw="1" slack="0"/>
<pin id="94" dir="1" index="1" bw="4" slack="0"/>
</pin_list>
<bind>
<opcode="alloca(26) " fcode="alloca"/>
<opset="kc/1 "/>
</bind>
</comp>

<comp id="96" class="1004" name="kr_fu_96">
<pin_list>
<pin id="97" dir="0" index="0" bw="1" slack="0"/>
<pin id="98" dir="1" index="1" bw="4" slack="0"/>
</pin_list>
<bind>
<opcode="alloca(26) " fcode="alloca"/>
<opset="kr/1 "/>
</bind>
</comp>

<comp id="100" class="1004" name="indvar_flatten79_fu_100">
<pin_list>
<pin id="101" dir="0" index="0" bw="1" slack="0"/>
<pin id="102" dir="1" index="1" bw="7" slack="0"/>
</pin_list>
<bind>
<opcode="alloca(26) " fcode="alloca"/>
<opset="indvar_flatten79/1 "/>
</bind>
</comp>

<comp id="104" class="1004" name="sext_ln38_1_read_read_fu_104">
<pin_list>
<pin id="105" dir="0" index="0" bw="62" slack="0"/>
<pin id="106" dir="0" index="1" bw="62" slack="0"/>
<pin id="107" dir="1" index="2" bw="62" slack="0"/>
</pin_list>
<bind>
<opcode="read(1150) " fcode="read"/>
<opset="sext_ln38_1_read/1 "/>
</bind>
</comp>

<comp id="110" class="1004" name="mem2_addr_read_read_fu_110">
<pin_list>
<pin id="111" dir="0" index="0" bw="32" slack="0"/>
<pin id="112" dir="0" index="1" bw="32" slack="0"/>
<pin id="113" dir="1" index="2" bw="32" slack="1"/>
</pin_list>
<bind>
<opcode="read(1150) " fcode="read"/>
<opset="mem2_addr_read/2 "/>
</bind>
</comp>

<comp id="115" class="1004" name="local_weights_9_addr_gep_fu_115">
<pin_list>
<pin id="116" dir="0" index="0" bw="32" slack="0"/>
<pin id="117" dir="0" index="1" bw="1" slack="0"/>
<pin id="118" dir="0" index="2" bw="4" slack="0"/>
<pin id="119" dir="1" index="3" bw="4" slack="0"/>
</pin_list>
<bind>
<opcode="getelementptr(29) " fcode="getelementptr"/>
<opset="local_weights_9_addr/3 "/>
</bind>
</comp>

<comp id="122" class="1004" name="store_ln56_access_fu_122">
<pin_list>
<pin id="123" dir="0" index="0" bw="4" slack="0"/>
<pin id="124" dir="0" index="1" bw="32" slack="0"/>
<pin id="125" dir="0" index="2" bw="0" slack="2147483647"/>
<pin id="126" dir="1" index="3" bw="32" slack="2147483647"/>
</pin_list>
<bind>
<opcode="store(28) " fcode="store"/>
<opset="store_ln56/3 "/>
</bind>
</comp>

<comp id="128" class="1004" name="local_weights_8_addr_gep_fu_128">
<pin_list>
<pin id="129" dir="0" index="0" bw="32" slack="0"/>
<pin id="130" dir="0" index="1" bw="1" slack="0"/>
<pin id="131" dir="0" index="2" bw="4" slack="0"/>
<pin id="132" dir="1" index="3" bw="4" slack="0"/>
</pin_list>
<bind>
<opcode="getelementptr(29) " fcode="getelementptr"/>
<opset="local_weights_8_addr/3 "/>
</bind>
</comp>

<comp id="135" class="1004" name="store_ln56_access_fu_135">
<pin_list>
<pin id="136" dir="0" index="0" bw="4" slack="0"/>
<pin id="137" dir="0" index="1" bw="32" slack="0"/>
<pin id="138" dir="0" index="2" bw="0" slack="2147483647"/>
<pin id="139" dir="1" index="3" bw="32" slack="2147483647"/>
</pin_list>
<bind>
<opcode="store(28) " fcode="store"/>
<opset="store_ln56/3 "/>
</bind>
</comp>

<comp id="141" class="1004" name="local_weights_7_addr_gep_fu_141">
<pin_list>
<pin id="142" dir="0" index="0" bw="32" slack="0"/>
<pin id="143" dir="0" index="1" bw="1" slack="0"/>
<pin id="144" dir="0" index="2" bw="4" slack="0"/>
<pin id="145" dir="1" index="3" bw="4" slack="0"/>
</pin_list>
<bind>
<opcode="getelementptr(29) " fcode="getelementptr"/>
<opset="local_weights_7_addr/3 "/>
</bind>
</comp>

<comp id="148" class="1004" name="store_ln56_access_fu_148">
<pin_list>
<pin id="149" dir="0" index="0" bw="4" slack="0"/>
<pin id="150" dir="0" index="1" bw="32" slack="0"/>
<pin id="151" dir="0" index="2" bw="0" slack="2147483647"/>
<pin id="152" dir="1" index="3" bw="32" slack="2147483647"/>
</pin_list>
<bind>
<opcode="store(28) " fcode="store"/>
<opset="store_ln56/3 "/>
</bind>
</comp>

<comp id="154" class="1004" name="local_weights_6_addr_gep_fu_154">
<pin_list>
<pin id="155" dir="0" index="0" bw="32" slack="0"/>
<pin id="156" dir="0" index="1" bw="1" slack="0"/>
<pin id="157" dir="0" index="2" bw="4" slack="0"/>
<pin id="158" dir="1" index="3" bw="4" slack="0"/>
</pin_list>
<bind>
<opcode="getelementptr(29) " fcode="getelementptr"/>
<opset="local_weights_6_addr/3 "/>
</bind>
</comp>

<comp id="161" class="1004" name="store_ln56_access_fu_161">
<pin_list>
<pin id="162" dir="0" index="0" bw="4" slack="0"/>
<pin id="163" dir="0" index="1" bw="32" slack="0"/>
<pin id="164" dir="0" index="2" bw="0" slack="2147483647"/>
<pin id="165" dir="1" index="3" bw="32" slack="2147483647"/>
</pin_list>
<bind>
<opcode="store(28) " fcode="store"/>
<opset="store_ln56/3 "/>
</bind>
</comp>

<comp id="167" class="1004" name="local_weights_5_addr_gep_fu_167">
<pin_list>
<pin id="168" dir="0" index="0" bw="32" slack="0"/>
<pin id="169" dir="0" index="1" bw="1" slack="0"/>
<pin id="170" dir="0" index="2" bw="4" slack="0"/>
<pin id="171" dir="1" index="3" bw="4" slack="0"/>
</pin_list>
<bind>
<opcode="getelementptr(29) " fcode="getelementptr"/>
<opset="local_weights_5_addr/3 "/>
</bind>
</comp>

<comp id="174" class="1004" name="store_ln56_access_fu_174">
<pin_list>
<pin id="175" dir="0" index="0" bw="4" slack="0"/>
<pin id="176" dir="0" index="1" bw="32" slack="0"/>
<pin id="177" dir="0" index="2" bw="0" slack="2147483647"/>
<pin id="178" dir="1" index="3" bw="32" slack="2147483647"/>
</pin_list>
<bind>
<opcode="store(28) " fcode="store"/>
<opset="store_ln56/3 "/>
</bind>
</comp>

<comp id="180" class="1004" name="local_weights_4_addr_gep_fu_180">
<pin_list>
<pin id="181" dir="0" index="0" bw="32" slack="0"/>
<pin id="182" dir="0" index="1" bw="1" slack="0"/>
<pin id="183" dir="0" index="2" bw="4" slack="0"/>
<pin id="184" dir="1" index="3" bw="4" slack="0"/>
</pin_list>
<bind>
<opcode="getelementptr(29) " fcode="getelementptr"/>
<opset="local_weights_4_addr/3 "/>
</bind>
</comp>

<comp id="187" class="1004" name="store_ln56_access_fu_187">
<pin_list>
<pin id="188" dir="0" index="0" bw="4" slack="0"/>
<pin id="189" dir="0" index="1" bw="32" slack="0"/>
<pin id="190" dir="0" index="2" bw="0" slack="2147483647"/>
<pin id="191" dir="1" index="3" bw="32" slack="2147483647"/>
</pin_list>
<bind>
<opcode="store(28) " fcode="store"/>
<opset="store_ln56/3 "/>
</bind>
</comp>

<comp id="193" class="1004" name="local_weights_3_addr_gep_fu_193">
<pin_list>
<pin id="194" dir="0" index="0" bw="32" slack="0"/>
<pin id="195" dir="0" index="1" bw="1" slack="0"/>
<pin id="196" dir="0" index="2" bw="4" slack="0"/>
<pin id="197" dir="1" index="3" bw="4" slack="0"/>
</pin_list>
<bind>
<opcode="getelementptr(29) " fcode="getelementptr"/>
<opset="local_weights_3_addr/3 "/>
</bind>
</comp>

<comp id="200" class="1004" name="store_ln56_access_fu_200">
<pin_list>
<pin id="201" dir="0" index="0" bw="4" slack="0"/>
<pin id="202" dir="0" index="1" bw="32" slack="0"/>
<pin id="203" dir="0" index="2" bw="0" slack="2147483647"/>
<pin id="204" dir="1" index="3" bw="32" slack="2147483647"/>
</pin_list>
<bind>
<opcode="store(28) " fcode="store"/>
<opset="store_ln56/3 "/>
</bind>
</comp>

<comp id="206" class="1004" name="local_weights_2_addr_gep_fu_206">
<pin_list>
<pin id="207" dir="0" index="0" bw="32" slack="0"/>
<pin id="208" dir="0" index="1" bw="1" slack="0"/>
<pin id="209" dir="0" index="2" bw="4" slack="0"/>
<pin id="210" dir="1" index="3" bw="4" slack="0"/>
</pin_list>
<bind>
<opcode="getelementptr(29) " fcode="getelementptr"/>
<opset="local_weights_2_addr/3 "/>
</bind>
</comp>

<comp id="213" class="1004" name="store_ln56_access_fu_213">
<pin_list>
<pin id="214" dir="0" index="0" bw="4" slack="0"/>
<pin id="215" dir="0" index="1" bw="32" slack="0"/>
<pin id="216" dir="0" index="2" bw="0" slack="2147483647"/>
<pin id="217" dir="1" index="3" bw="32" slack="2147483647"/>
</pin_list>
<bind>
<opcode="store(28) " fcode="store"/>
<opset="store_ln56/3 "/>
</bind>
</comp>

<comp id="219" class="1004" name="local_weights_1_addr_gep_fu_219">
<pin_list>
<pin id="220" dir="0" index="0" bw="32" slack="0"/>
<pin id="221" dir="0" index="1" bw="1" slack="0"/>
<pin id="222" dir="0" index="2" bw="4" slack="0"/>
<pin id="223" dir="1" index="3" bw="4" slack="0"/>
</pin_list>
<bind>
<opcode="getelementptr(29) " fcode="getelementptr"/>
<opset="local_weights_1_addr/3 "/>
</bind>
</comp>

<comp id="226" class="1004" name="store_ln56_access_fu_226">
<pin_list>
<pin id="227" dir="0" index="0" bw="4" slack="0"/>
<pin id="228" dir="0" index="1" bw="32" slack="0"/>
<pin id="229" dir="0" index="2" bw="0" slack="2147483647"/>
<pin id="230" dir="1" index="3" bw="32" slack="2147483647"/>
</pin_list>
<bind>
<opcode="store(28) " fcode="store"/>
<opset="store_ln56/3 "/>
</bind>
</comp>

<comp id="232" class="1004" name="local_weights_addr_gep_fu_232">
<pin_list>
<pin id="233" dir="0" index="0" bw="32" slack="0"/>
<pin id="234" dir="0" index="1" bw="1" slack="0"/>
<pin id="235" dir="0" index="2" bw="4" slack="0"/>
<pin id="236" dir="1" index="3" bw="4" slack="0"/>
</pin_list>
<bind>
<opcode="getelementptr(29) " fcode="getelementptr"/>
<opset="local_weights_addr/3 "/>
</bind>
</comp>

<comp id="239" class="1004" name="store_ln56_access_fu_239">
<pin_list>
<pin id="240" dir="0" index="0" bw="4" slack="0"/>
<pin id="241" dir="0" index="1" bw="32" slack="0"/>
<pin id="242" dir="0" index="2" bw="0" slack="2147483647"/>
<pin id="243" dir="1" index="3" bw="32" slack="2147483647"/>
</pin_list>
<bind>
<opcode="store(28) " fcode="store"/>
<opset="store_ln56/3 "/>
</bind>
</comp>

<comp id="245" class="1004" name="local_weights_10_addr_gep_fu_245">
<pin_list>
<pin id="246" dir="0" index="0" bw="32" slack="0"/>
<pin id="247" dir="0" index="1" bw="1" slack="0"/>
<pin id="248" dir="0" index="2" bw="4" slack="0"/>
<pin id="249" dir="1" index="3" bw="4" slack="0"/>
</pin_list>
<bind>
<opcode="getelementptr(29) " fcode="getelementptr"/>
<opset="local_weights_10_addr/3 "/>
</bind>
</comp>

<comp id="252" class="1004" name="store_ln56_access_fu_252">
<pin_list>
<pin id="253" dir="0" index="0" bw="4" slack="0"/>
<pin id="254" dir="0" index="1" bw="32" slack="0"/>
<pin id="255" dir="0" index="2" bw="0" slack="2147483647"/>
<pin id="256" dir="1" index="3" bw="32" slack="2147483647"/>
</pin_list>
<bind>
<opcode="store(28) " fcode="store"/>
<opset="store_ln56/3 "/>
</bind>
</comp>

<comp id="258" class="1004" name="sext_ln38_1_cast_fu_258">
<pin_list>
<pin id="259" dir="0" index="0" bw="62" slack="0"/>
<pin id="260" dir="1" index="1" bw="64" slack="1"/>
</pin_list>
<bind>
<opcode="sext(35) " fcode="sext"/>
<opset="sext_ln38_1_cast/1 "/>
</bind>
</comp>

<comp id="262" class="1004" name="store_ln0_store_fu_262">
<pin_list>
<pin id="263" dir="0" index="0" bw="1" slack="0"/>
<pin id="264" dir="0" index="1" bw="7" slack="0"/>
<pin id="265" dir="1" index="2" bw="0" slack="2147483647"/>
</pin_list>
<bind>
<opcode="store(28) " fcode="store"/>
<opset="store_ln0/1 "/>
</bind>
</comp>

<comp id="267" class="1004" name="store_ln0_store_fu_267">
<pin_list>
<pin id="268" dir="0" index="0" bw="1" slack="0"/>
<pin id="269" dir="0" index="1" bw="4" slack="0"/>
<pin id="270" dir="1" index="2" bw="0" slack="2147483647"/>
</pin_list>
<bind>
<opcode="store(28) " fcode="store"/>
<opset="store_ln0/1 "/>
</bind>
</comp>

<comp id="272" class="1004" name="store_ln0_store_fu_272">
<pin_list>
<pin id="273" dir="0" index="0" bw="1" slack="0"/>
<pin id="274" dir="0" index="1" bw="4" slack="0"/>
<pin id="275" dir="1" index="2" bw="0" slack="2147483647"/>
</pin_list>
<bind>
<opcode="store(28) " fcode="store"/>
<opset="store_ln0/1 "/>
</bind>
</comp>

<comp id="277" class="1004" name="indvar_flatten79_load_load_fu_277">
<pin_list>
<pin id="278" dir="0" index="0" bw="7" slack="0"/>
<pin id="279" dir="1" index="1" bw="7" slack="0"/>
</pin_list>
<bind>
<opcode="load(27) " fcode="load"/>
<opset="indvar_flatten79_load/1 "/>
</bind>
</comp>

<comp id="280" class="1004" name="icmp_ln51_fu_280">
<pin_list>
<pin id="281" dir="0" index="0" bw="7" slack="0"/>
<pin id="282" dir="0" index="1" bw="7" slack="0"/>
<pin id="283" dir="1" index="2" bw="1" slack="1"/>
</pin_list>
<bind>
<opcode="icmp(45) " fcode="icmp"/>
<opset="icmp_ln51/1 "/>
</bind>
</comp>

<comp id="286" class="1004" name="add_ln51_1_fu_286">
<pin_list>
<pin id="287" dir="0" index="0" bw="7" slack="0"/>
<pin id="288" dir="0" index="1" bw="1" slack="0"/>
<pin id="289" dir="1" index="2" bw="7" slack="0"/>
</pin_list>
<bind>
<opcode="add(8) " fcode="add"/>
<opset="add_ln51_1/1 "/>
</bind>
</comp>

<comp id="292" class="1004" name="store_ln53_store_fu_292">
<pin_list>
<pin id="293" dir="0" index="0" bw="7" slack="0"/>
<pin id="294" dir="0" index="1" bw="7" slack="0"/>
<pin id="295" dir="1" index="2" bw="0" slack="2147483647"/>
</pin_list>
<bind>
<opcode="store(28) " fcode="store"/>
<opset="store_ln53/1 "/>
</bind>
</comp>

<comp id="297" class="1004" name="mem2_addr_fu_297">
<pin_list>
<pin id="298" dir="0" index="0" bw="64" slack="0"/>
<pin id="299" dir="0" index="1" bw="64" slack="1"/>
<pin id="300" dir="1" index="2" bw="64" slack="0"/>
</pin_list>
<bind>
<opcode="getelementptr(29) " fcode="getelementptr"/>
<opset="mem2_addr/2 "/>
</bind>
</comp>

<comp id="303" class="1004" name="kc_load_load_fu_303">
<pin_list>
<pin id="304" dir="0" index="0" bw="4" slack="2"/>
<pin id="305" dir="1" index="1" bw="4" slack="0"/>
</pin_list>
<bind>
<opcode="load(27) " fcode="load"/>
<opset="kc_load/3 "/>
</bind>
</comp>

<comp id="306" class="1004" name="kr_load_load_fu_306">
<pin_list>
<pin id="307" dir="0" index="0" bw="4" slack="2"/>
<pin id="308" dir="1" index="1" bw="4" slack="0"/>
</pin_list>
<bind>
<opcode="load(27) " fcode="load"/>
<opset="kr_load/3 "/>
</bind>
</comp>

<comp id="309" class="1004" name="add_ln51_fu_309">
<pin_list>
<pin id="310" dir="0" index="0" bw="4" slack="0"/>
<pin id="311" dir="0" index="1" bw="1" slack="0"/>
<pin id="312" dir="1" index="2" bw="4" slack="0"/>
</pin_list>
<bind>
<opcode="add(8) " fcode="add"/>
<opset="add_ln51/3 "/>
</bind>
</comp>

<comp id="315" class="1004" name="icmp_ln53_fu_315">
<pin_list>
<pin id="316" dir="0" index="0" bw="4" slack="0"/>
<pin id="317" dir="0" index="1" bw="4" slack="0"/>
<pin id="318" dir="1" index="2" bw="1" slack="0"/>
</pin_list>
<bind>
<opcode="icmp(45) " fcode="icmp"/>
<opset="icmp_ln53/3 "/>
</bind>
</comp>

<comp id="321" class="1004" name="select_ln51_fu_321">
<pin_list>
<pin id="322" dir="0" index="0" bw="1" slack="0"/>
<pin id="323" dir="0" index="1" bw="4" slack="0"/>
<pin id="324" dir="0" index="2" bw="4" slack="0"/>
<pin id="325" dir="1" index="3" bw="4" slack="0"/>
</pin_list>
<bind>
<opcode="select(49) " fcode="select"/>
<opset="select_ln51/3 "/>
</bind>
</comp>

<comp id="329" class="1004" name="select_ln51_1_fu_329">
<pin_list>
<pin id="330" dir="0" index="0" bw="1" slack="0"/>
<pin id="331" dir="0" index="1" bw="4" slack="0"/>
<pin id="332" dir="0" index="2" bw="4" slack="0"/>
<pin id="333" dir="1" index="3" bw="4" slack="0"/>
</pin_list>
<bind>
<opcode="select(49) " fcode="select"/>
<opset="select_ln51_1/3 "/>
</bind>
</comp>

<comp id="337" class="1004" name="zext_ln51_fu_337">
<pin_list>
<pin id="338" dir="0" index="0" bw="4" slack="0"/>
<pin id="339" dir="1" index="1" bw="64" slack="0"/>
</pin_list>
<bind>
<opcode="zext(34) " fcode="zext"/>
<opset="zext_ln51/3 "/>
</bind>
</comp>

<comp id="352" class="1004" name="bitcast_ln56_fu_352">
<pin_list>
<pin id="353" dir="0" index="0" bw="32" slack="1"/>
<pin id="354" dir="1" index="1" bw="32" slack="0"/>
</pin_list>
<bind>
<opcode="bitcast(44) " fcode="bitcast"/>
<opset="bitcast_ln56/3 "/>
</bind>
</comp>

<comp id="366" class="1004" name="add_ln53_fu_366">
<pin_list>
<pin id="367" dir="0" index="0" bw="4" slack="0"/>
<pin id="368" dir="0" index="1" bw="1" slack="0"/>
<pin id="369" dir="1" index="2" bw="4" slack="0"/>
</pin_list>
<bind>
<opcode="add(8) " fcode="add"/>
<opset="add_ln53/3 "/>
</bind>
</comp>

<comp id="372" class="1004" name="store_ln53_store_fu_372">
<pin_list>
<pin id="373" dir="0" index="0" bw="4" slack="0"/>
<pin id="374" dir="0" index="1" bw="4" slack="2"/>
<pin id="375" dir="1" index="2" bw="0" slack="2147483647"/>
</pin_list>
<bind>
<opcode="store(28) " fcode="store"/>
<opset="store_ln53/3 "/>
</bind>
</comp>

<comp id="377" class="1004" name="store_ln53_store_fu_377">
<pin_list>
<pin id="378" dir="0" index="0" bw="4" slack="0"/>
<pin id="379" dir="0" index="1" bw="4" slack="2"/>
<pin id="380" dir="1" index="2" bw="0" slack="2147483647"/>
</pin_list>
<bind>
<opcode="store(28) " fcode="store"/>
<opset="store_ln53/3 "/>
</bind>
</comp>

<comp id="382" class="1005" name="kc_reg_382">
<pin_list>
<pin id="383" dir="0" index="0" bw="4" slack="0"/>
<pin id="384" dir="1" index="1" bw="4" slack="0"/>
</pin_list>
<bind>
<opset="kc "/>
</bind>
</comp>

<comp id="389" class="1005" name="kr_reg_389">
<pin_list>
<pin id="390" dir="0" index="0" bw="4" slack="0"/>
<pin id="391" dir="1" index="1" bw="4" slack="0"/>
</pin_list>
<bind>
<opset="kr "/>
</bind>
</comp>

<comp id="396" class="1005" name="indvar_flatten79_reg_396">
<pin_list>
<pin id="397" dir="0" index="0" bw="7" slack="0"/>
<pin id="398" dir="1" index="1" bw="7" slack="0"/>
</pin_list>
<bind>
<opset="indvar_flatten79 "/>
</bind>
</comp>

<comp id="403" class="1005" name="sext_ln38_1_cast_reg_403">
<pin_list>
<pin id="404" dir="0" index="0" bw="64" slack="1"/>
<pin id="405" dir="1" index="1" bw="64" slack="1"/>
</pin_list>
<bind>
<opset="sext_ln38_1_cast "/>
</bind>
</comp>

<comp id="408" class="1005" name="icmp_ln51_reg_408">
<pin_list>
<pin id="409" dir="0" index="0" bw="1" slack="1"/>
<pin id="410" dir="1" index="1" bw="1" slack="2147483647"/>
</pin_list>
<bind>
<opset="icmp_ln51 "/>
</bind>
</comp>

<comp id="412" class="1005" name="mem2_addr_read_reg_412">
<pin_list>
<pin id="413" dir="0" index="0" bw="32" slack="1"/>
<pin id="414" dir="1" index="1" bw="32" slack="1"/>
</pin_list>
<bind>
<opset="mem2_addr_read "/>
</bind>
</comp>

</comp_list>

<net_list>
<net id="95"><net_src comp="26" pin="0"/><net_sink comp="92" pin=0"/></net>

<net id="99"><net_src comp="26" pin="0"/><net_sink comp="96" pin=0"/></net>

<net id="103"><net_src comp="26" pin="0"/><net_sink comp="100" pin=0"/></net>

<net id="108"><net_src comp="28" pin="0"/><net_sink comp="104" pin=0"/></net>

<net id="109"><net_src comp="2" pin="0"/><net_sink comp="104" pin=1"/></net>

<net id="114"><net_src comp="56" pin="0"/><net_sink comp="110" pin=0"/></net>

<net id="120"><net_src comp="8" pin="0"/><net_sink comp="115" pin=0"/></net>

<net id="121"><net_src comp="90" pin="0"/><net_sink comp="115" pin=1"/></net>

<net id="127"><net_src comp="115" pin="3"/><net_sink comp="122" pin=0"/></net>

<net id="133"><net_src comp="10" pin="0"/><net_sink comp="128" pin=0"/></net>

<net id="134"><net_src comp="90" pin="0"/><net_sink comp="128" pin=1"/></net>

<net id="140"><net_src comp="128" pin="3"/><net_sink comp="135" pin=0"/></net>

<net id="146"><net_src comp="12" pin="0"/><net_sink comp="141" pin=0"/></net>

<net id="147"><net_src comp="90" pin="0"/><net_sink comp="141" pin=1"/></net>

<net id="153"><net_src comp="141" pin="3"/><net_sink comp="148" pin=0"/></net>

<net id="159"><net_src comp="14" pin="0"/><net_sink comp="154" pin=0"/></net>

<net id="160"><net_src comp="90" pin="0"/><net_sink comp="154" pin=1"/></net>

<net id="166"><net_src comp="154" pin="3"/><net_sink comp="161" pin=0"/></net>

<net id="172"><net_src comp="16" pin="0"/><net_sink comp="167" pin=0"/></net>

<net id="173"><net_src comp="90" pin="0"/><net_sink comp="167" pin=1"/></net>

<net id="179"><net_src comp="167" pin="3"/><net_sink comp="174" pin=0"/></net>

<net id="185"><net_src comp="18" pin="0"/><net_sink comp="180" pin=0"/></net>

<net id="186"><net_src comp="90" pin="0"/><net_sink comp="180" pin=1"/></net>

<net id="192"><net_src comp="180" pin="3"/><net_sink comp="187" pin=0"/></net>

<net id="198"><net_src comp="20" pin="0"/><net_sink comp="193" pin=0"/></net>

<net id="199"><net_src comp="90" pin="0"/><net_sink comp="193" pin=1"/></net>

<net id="205"><net_src comp="193" pin="3"/><net_sink comp="200" pin=0"/></net>

<net id="211"><net_src comp="22" pin="0"/><net_sink comp="206" pin=0"/></net>

<net id="212"><net_src comp="90" pin="0"/><net_sink comp="206" pin=1"/></net>

<net id="218"><net_src comp="206" pin="3"/><net_sink comp="213" pin=0"/></net>

<net id="224"><net_src comp="24" pin="0"/><net_sink comp="219" pin=0"/></net>

<net id="225"><net_src comp="90" pin="0"/><net_sink comp="219" pin=1"/></net>

<net id="231"><net_src comp="219" pin="3"/><net_sink comp="226" pin=0"/></net>

<net id="237"><net_src comp="4" pin="0"/><net_sink comp="232" pin=0"/></net>

<net id="238"><net_src comp="90" pin="0"/><net_sink comp="232" pin=1"/></net>

<net id="244"><net_src comp="232" pin="3"/><net_sink comp="239" pin=0"/></net>

<net id="250"><net_src comp="6" pin="0"/><net_sink comp="245" pin=0"/></net>

<net id="251"><net_src comp="90" pin="0"/><net_sink comp="245" pin=1"/></net>

<net id="257"><net_src comp="245" pin="3"/><net_sink comp="252" pin=0"/></net>

<net id="261"><net_src comp="104" pin="2"/><net_sink comp="258" pin=0"/></net>

<net id="266"><net_src comp="48" pin="0"/><net_sink comp="262" pin=0"/></net>

<net id="271"><net_src comp="50" pin="0"/><net_sink comp="267" pin=0"/></net>

<net id="276"><net_src comp="50" pin="0"/><net_sink comp="272" pin=0"/></net>

<net id="284"><net_src comp="277" pin="1"/><net_sink comp="280" pin=0"/></net>

<net id="285"><net_src comp="52" pin="0"/><net_sink comp="280" pin=1"/></net>

<net id="290"><net_src comp="277" pin="1"/><net_sink comp="286" pin=0"/></net>

<net id="291"><net_src comp="54" pin="0"/><net_sink comp="286" pin=1"/></net>

<net id="296"><net_src comp="286" pin="2"/><net_sink comp="292" pin=0"/></net>

<net id="301"><net_src comp="0" pin="0"/><net_sink comp="297" pin=0"/></net>

<net id="302"><net_src comp="297" pin="2"/><net_sink comp="110" pin=1"/></net>

<net id="313"><net_src comp="306" pin="1"/><net_sink comp="309" pin=0"/></net>

<net id="314"><net_src comp="58" pin="0"/><net_sink comp="309" pin=1"/></net>

<net id="319"><net_src comp="303" pin="1"/><net_sink comp="315" pin=0"/></net>

<net id="320"><net_src comp="68" pin="0"/><net_sink comp="315" pin=1"/></net>

<net id="326"><net_src comp="315" pin="2"/><net_sink comp="321" pin=0"/></net>

<net id="327"><net_src comp="50" pin="0"/><net_sink comp="321" pin=1"/></net>

<net id="328"><net_src comp="303" pin="1"/><net_sink comp="321" pin=2"/></net>

<net id="334"><net_src comp="315" pin="2"/><net_sink comp="329" pin=0"/></net>

<net id="335"><net_src comp="309" pin="2"/><net_sink comp="329" pin=1"/></net>

<net id="336"><net_src comp="306" pin="1"/><net_sink comp="329" pin=2"/></net>

<net id="340"><net_src comp="329" pin="3"/><net_sink comp="337" pin=0"/></net>

<net id="341"><net_src comp="337" pin="1"/><net_sink comp="115" pin=2"/></net>

<net id="342"><net_src comp="337" pin="1"/><net_sink comp="128" pin=2"/></net>

<net id="343"><net_src comp="337" pin="1"/><net_sink comp="141" pin=2"/></net>

<net id="344"><net_src comp="337" pin="1"/><net_sink comp="154" pin=2"/></net>

<net id="345"><net_src comp="337" pin="1"/><net_sink comp="167" pin=2"/></net>

<net id="346"><net_src comp="337" pin="1"/><net_sink comp="180" pin=2"/></net>

<net id="347"><net_src comp="337" pin="1"/><net_sink comp="193" pin=2"/></net>

<net id="348"><net_src comp="337" pin="1"/><net_sink comp="206" pin=2"/></net>

<net id="349"><net_src comp="337" pin="1"/><net_sink comp="219" pin=2"/></net>

<net id="350"><net_src comp="337" pin="1"/><net_sink comp="232" pin=2"/></net>

<net id="351"><net_src comp="337" pin="1"/><net_sink comp="245" pin=2"/></net>

<net id="355"><net_src comp="352" pin="1"/><net_sink comp="122" pin=1"/></net>

<net id="356"><net_src comp="352" pin="1"/><net_sink comp="135" pin=1"/></net>

<net id="357"><net_src comp="352" pin="1"/><net_sink comp="148" pin=1"/></net>

<net id="358"><net_src comp="352" pin="1"/><net_sink comp="161" pin=1"/></net>

<net id="359"><net_src comp="352" pin="1"/><net_sink comp="174" pin=1"/></net>

<net id="360"><net_src comp="352" pin="1"/><net_sink comp="187" pin=1"/></net>

<net id="361"><net_src comp="352" pin="1"/><net_sink comp="200" pin=1"/></net>

<net id="362"><net_src comp="352" pin="1"/><net_sink comp="213" pin=1"/></net>

<net id="363"><net_src comp="352" pin="1"/><net_sink comp="226" pin=1"/></net>

<net id="364"><net_src comp="352" pin="1"/><net_sink comp="239" pin=1"/></net>

<net id="365"><net_src comp="352" pin="1"/><net_sink comp="252" pin=1"/></net>

<net id="370"><net_src comp="321" pin="3"/><net_sink comp="366" pin=0"/></net>

<net id="371"><net_src comp="58" pin="0"/><net_sink comp="366" pin=1"/></net>

<net id="376"><net_src comp="329" pin="3"/><net_sink comp="372" pin=0"/></net>

<net id="381"><net_src comp="366" pin="2"/><net_sink comp="377" pin=0"/></net>

<net id="385"><net_src comp="92" pin="1"/><net_sink comp="382" pin=0"/></net>

<net id="386"><net_src comp="382" pin="1"/><net_sink comp="272" pin=1"/></net>

<net id="387"><net_src comp="382" pin="1"/><net_sink comp="303" pin=0"/></net>

<net id="388"><net_src comp="382" pin="1"/><net_sink comp="377" pin=1"/></net>

<net id="392"><net_src comp="96" pin="1"/><net_sink comp="389" pin=0"/></net>

<net id="393"><net_src comp="389" pin="1"/><net_sink comp="267" pin=1"/></net>

<net id="394"><net_src comp="389" pin="1"/><net_sink comp="306" pin=0"/></net>

<net id="395"><net_src comp="389" pin="1"/><net_sink comp="372" pin=1"/></net>

<net id="399"><net_src comp="100" pin="1"/><net_sink comp="396" pin=0"/></net>

<net id="400"><net_src comp="396" pin="1"/><net_sink comp="262" pin=1"/></net>

<net id="401"><net_src comp="396" pin="1"/><net_sink comp="277" pin=0"/></net>

<net id="402"><net_src comp="396" pin="1"/><net_sink comp="292" pin=1"/></net>

<net id="406"><net_src comp="258" pin="1"/><net_sink comp="403" pin=0"/></net>

<net id="407"><net_src comp="403" pin="1"/><net_sink comp="297" pin=1"/></net>

<net id="411"><net_src comp="280" pin="2"/><net_sink comp="408" pin=0"/></net>

<net id="415"><net_src comp="110" pin="2"/><net_sink comp="412" pin=0"/></net>

<net id="416"><net_src comp="412" pin="1"/><net_sink comp="352" pin=0"/></net>

</net_list>

</model> 
---------------- Datapath Model END ------------------

* FSMD analyzer results:
  - Output states:
	Port: mem2 | {}
	Port: local_weights | {3 }
	Port: local_weights_10 | {3 }
	Port: local_weights_9 | {3 }
	Port: local_weights_8 | {3 }
	Port: local_weights_7 | {3 }
	Port: local_weights_6 | {3 }
	Port: local_weights_5 | {3 }
	Port: local_weights_4 | {3 }
	Port: local_weights_3 | {3 }
	Port: local_weights_2 | {3 }
	Port: local_weights_1 | {3 }
 - Input state : 
	Port: Loop_VITIS_LOOP_24_1_proc1_Pipeline_VITIS_LOOP_51_7_VITIS_LOOP_53_8 : mem2 | {2 }
	Port: Loop_VITIS_LOOP_24_1_proc1_Pipeline_VITIS_LOOP_51_7_VITIS_LOOP_53_8 : sext_ln38_1 | {1 }
  - Chain level:
	State 1
		store_ln0 : 1
		store_ln0 : 1
		store_ln0 : 1
		indvar_flatten79_load : 1
		icmp_ln51 : 2
		add_ln51_1 : 2
		br_ln51 : 3
		store_ln53 : 3
	State 2
		mem2_addr_read : 1
	State 3
		add_ln51 : 1
		icmp_ln53 : 1
		select_ln51 : 2
		select_ln51_1 : 2
		zext_ln51 : 3
		switch_ln56 : 3
		local_weights_9_addr : 4
		store_ln56 : 5
		local_weights_8_addr : 4
		store_ln56 : 5
		local_weights_7_addr : 4
		store_ln56 : 5
		local_weights_6_addr : 4
		store_ln56 : 5
		local_weights_5_addr : 4
		store_ln56 : 5
		local_weights_4_addr : 4
		store_ln56 : 5
		local_weights_3_addr : 4
		store_ln56 : 5
		local_weights_2_addr : 4
		store_ln56 : 5
		local_weights_1_addr : 4
		store_ln56 : 5
		local_weights_addr : 4
		store_ln56 : 5
		local_weights_10_addr : 4
		store_ln56 : 5
		add_ln53 : 3
		store_ln53 : 3
		store_ln53 : 4


============================================================
+ Verbose Summary: Datapath Resource usage 
============================================================

* Functional unit list:
|----------|------------------------------|---------|---------|
| Operation|        Functional Unit       |    FF   |   LUT   |
|----------|------------------------------|---------|---------|
|          |       add_ln51_1_fu_286      |    0    |    14   |
|    add   |        add_ln51_fu_309       |    0    |    13   |
|          |        add_ln53_fu_366       |    0    |    13   |
|----------|------------------------------|---------|---------|
|   icmp   |       icmp_ln51_fu_280       |    0    |    10   |
|          |       icmp_ln53_fu_315       |    0    |    9    |
|----------|------------------------------|---------|---------|
|  select  |      select_ln51_fu_321      |    0    |    4    |
|          |     select_ln51_1_fu_329     |    0    |    4    |
|----------|------------------------------|---------|---------|
|   read   | sext_ln38_1_read_read_fu_104 |    0    |    0    |
|          |  mem2_addr_read_read_fu_110  |    0    |    0    |
|----------|------------------------------|---------|---------|
|   sext   |    sext_ln38_1_cast_fu_258   |    0    |    0    |
|----------|------------------------------|---------|---------|
|   zext   |       zext_ln51_fu_337       |    0    |    0    |
|----------|------------------------------|---------|---------|
|   Total  |                              |    0    |    67   |
|----------|------------------------------|---------|---------|

Memories:
N/A

* Register list:
+------------------------+--------+
|                        |   FF   |
+------------------------+--------+
|    icmp_ln51_reg_408   |    1   |
|indvar_flatten79_reg_396|    7   |
|       kc_reg_382       |    4   |
|       kr_reg_389       |    4   |
| mem2_addr_read_reg_412 |   32   |
|sext_ln38_1_cast_reg_403|   64   |
+------------------------+--------+
|          Total         |   112  |
+------------------------+--------+

* Multiplexer (MUX) list: 
|--------|------|------|------|--------|
|  Comp  |  Pin | Size |  BW  | S x BW |
|--------|------|------|------|--------|
|  Total |      |      |      |    0   |
|--------|------|------|------|--------|



* Summary:
+-----------+--------+--------+
|           |   FF   |   LUT  |
+-----------+--------+--------+
|  Function |    0   |   67   |
|   Memory  |    -   |    -   |
|Multiplexer|    -   |    -   |
|  Register |   112  |    -   |
+-----------+--------+--------+
|   Total   |   112  |   67   |
+-----------+--------+--------+
