

================================================================
== Vitis HLS Report for 'conv_Pipeline_VITIS_LOOP_29_2_VITIS_LOOP_30_3'
================================================================
* Date:           Wed Oct  7 16:46:08 2026

* Version:        2022.2 (Build 3670227 on Oct 13 2022)
* Project:        vitis.prj
* Solution:       solution1 (Vivado IP Flow Target)
* Product family: zynq
* Target device:  xc7z020-clg400-1


================================================================
== Performance Estimates
================================================================
+ Timing: 
    * Summary: 
    +--------+----------+----------+------------+
    |  Clock |  Target  | Estimated| Uncertainty|
    +--------+----------+----------+------------+
    |ap_clk  |  10.00 ns|  7.300 ns|     2.70 ns|
    +--------+----------+----------+------------+

+ Latency: 
    * Summary: 
    +---------+---------+-----------+-----------+------+------+---------+
    |  Latency (cycles) |   Latency (absolute)  |   Interval  | Pipeline|
    |   min   |   max   |    min    |    max    |  min |  max |   Type  |
    +---------+---------+-----------+-----------+------+------+---------+
    |     3027|     3027|  30.270 us|  30.270 us|  3027|  3027|       no|
    +---------+---------+-----------+-----------+------+------+---------+

    + Detail: 
        * Instance: 
        N/A

        * Loop: 
        +-----------------------------------+---------+---------+----------+-----------+-----------+------+----------+
        |                                   |  Latency (cycles) | Iteration|  Initiation Interval  | Trip |          |
        |             Loop Name             |   min   |   max   |  Latency |  achieved |   target  | Count| Pipelined|
        +-----------------------------------+---------+---------+----------+-----------+-----------+------+----------+
        |- VITIS_LOOP_29_2_VITIS_LOOP_30_3  |     3025|     3025|         2|          1|          1|  3025|       yes|
        +-----------------------------------+---------+---------+----------+-----------+-----------+------+----------+



================================================================
== Utilization Estimates
================================================================
* Summary: 
+-----------------+---------+-----+--------+-------+-----+
|       Name      | BRAM_18K| DSP |   FF   |  LUT  | URAM|
+-----------------+---------+-----+--------+-------+-----+
|DSP              |        -|    -|       -|      -|    -|
|Expression       |        -|    -|       0|     28|    -|
|FIFO             |        -|    -|       -|      -|    -|
|Instance         |        -|    -|       -|      -|    -|
|Memory           |        -|    -|       -|      -|    -|
|Multiplexer      |        -|    -|       -|     45|    -|
|Register         |        -|    -|      15|      -|    -|
+-----------------+---------+-----+--------+-------+-----+
|Total            |        0|    0|      15|     73|    0|
+-----------------+---------+-----+--------+-------+-----+
|Available        |      280|  220|  106400|  53200|    0|
+-----------------+---------+-----+--------+-------+-----+
|Utilization (%)  |        0|    0|      ~0|     ~0|    0|
+-----------------+---------+-----+--------+-------+-----+

+ Detail: 
    * Instance: 
    N/A

    * DSP: 
    N/A

    * Memory: 
    N/A

    * FIFO: 
    N/A

    * Expression: 
    +---------------------------+----------+----+---+----+------------+------------+
    |       Variable Name       | Operation| DSP| FF| LUT| Bitwidth P0| Bitwidth P1|
    +---------------------------+----------+----+---+----+------------+------------+
    |add_ln29_fu_106_p2         |         +|   0|  0|  12|          12|           1|
    |ap_block_pp0_stage0_11001  |       and|   0|  0|   2|           1|           1|
    |icmp_ln29_fu_100_p2        |      icmp|   0|  0|  12|          12|          12|
    |ap_enable_pp0              |       xor|   0|  0|   2|           1|           2|
    +---------------------------+----------+----+---+----+------------+------------+
    |Total                      |          |   0|  0|  28|          26|          16|
    +---------------------------+----------+----+---+----+------------+------------+

    * Multiplexer: 
    +--------------------------------------+----+-----------+-----+-----------+
    |                 Name                 | LUT| Input Size| Bits| Total Bits|
    +--------------------------------------+----+-----------+-----+-----------+
    |ap_done_int                           |   9|          2|    1|          2|
    |ap_enable_reg_pp0_iter1               |   9|          2|    1|          2|
    |ap_sig_allocacmp_indvar_flatten_load  |   9|          2|   12|         24|
    |indvar_flatten_fu_58                  |   9|          2|   12|         24|
    |mem1_blk_n_W                          |   9|          2|    1|          2|
    +--------------------------------------+----+-----------+-----+-----------+
    |Total                                 |  45|         10|   27|         54|
    +--------------------------------------+----+-----------+-----+-----------+

    * Register: 
    +-------------------------+----+----+-----+-----------+
    |           Name          | FF | LUT| Bits| Const Bits|
    +-------------------------+----+----+-----+-----------+
    |ap_CS_fsm                |   1|   0|    1|          0|
    |ap_done_reg              |   1|   0|    1|          0|
    |ap_enable_reg_pp0_iter1  |   1|   0|    1|          0|
    |indvar_flatten_fu_58     |  12|   0|   12|          0|
    +-------------------------+----+----+-----+-----------+
    |Total                    |  15|   0|   15|          0|
    +-------------------------+----+----+-----+-----------+



================================================================
== Interface
================================================================
* Summary: 
+---------------------+-----+-----+------------+-----------------------------------------------+--------------+
|      RTL Ports      | Dir | Bits|  Protocol  |                 Source Object                 |    C Type    |
+---------------------+-----+-----+------------+-----------------------------------------------+--------------+
|ap_clk               |   in|    1|  ap_ctrl_hs|  conv_Pipeline_VITIS_LOOP_29_2_VITIS_LOOP_30_3|  return value|
|ap_rst               |   in|    1|  ap_ctrl_hs|  conv_Pipeline_VITIS_LOOP_29_2_VITIS_LOOP_30_3|  return value|
|ap_start             |   in|    1|  ap_ctrl_hs|  conv_Pipeline_VITIS_LOOP_29_2_VITIS_LOOP_30_3|  return value|
|ap_done              |  out|    1|  ap_ctrl_hs|  conv_Pipeline_VITIS_LOOP_29_2_VITIS_LOOP_30_3|  return value|
|ap_idle              |  out|    1|  ap_ctrl_hs|  conv_Pipeline_VITIS_LOOP_29_2_VITIS_LOOP_30_3|  return value|
|ap_ready             |  out|    1|  ap_ctrl_hs|  conv_Pipeline_VITIS_LOOP_29_2_VITIS_LOOP_30_3|  return value|
|m_axi_mem1_AWVALID   |  out|    1|       m_axi|                                           mem1|       pointer|
|m_axi_mem1_AWREADY   |   in|    1|       m_axi|                                           mem1|       pointer|
|m_axi_mem1_AWADDR    |  out|   64|       m_axi|                                           mem1|       pointer|
|m_axi_mem1_AWID      |  out|    1|       m_axi|                                           mem1|       pointer|
|m_axi_mem1_AWLEN     |  out|   32|       m_axi|                                           mem1|       pointer|
|m_axi_mem1_AWSIZE    |  out|    3|       m_axi|                                           mem1|       pointer|
|m_axi_mem1_AWBURST   |  out|    2|       m_axi|                                           mem1|       pointer|
|m_axi_mem1_AWLOCK    |  out|    2|       m_axi|                                           mem1|       pointer|
|m_axi_mem1_AWCACHE   |  out|    4|       m_axi|                                           mem1|       pointer|
|m_axi_mem1_AWPROT    |  out|    3|       m_axi|                                           mem1|       pointer|
|m_axi_mem1_AWQOS     |  out|    4|       m_axi|                                           mem1|       pointer|
|m_axi_mem1_AWREGION  |  out|    4|       m_axi|                                           mem1|       pointer|
|m_axi_mem1_AWUSER    |  out|    1|       m_axi|                                           mem1|       pointer|
|m_axi_mem1_WVALID    |  out|    1|       m_axi|                                           mem1|       pointer|
|m_axi_mem1_WREADY    |   in|    1|       m_axi|                                           mem1|       pointer|
|m_axi_mem1_WDATA     |  out|   32|       m_axi|                                           mem1|       pointer|
|m_axi_mem1_WSTRB     |  out|    4|       m_axi|                                           mem1|       pointer|
|m_axi_mem1_WLAST     |  out|    1|       m_axi|                                           mem1|       pointer|
|m_axi_mem1_WID       |  out|    1|       m_axi|                                           mem1|       pointer|
|m_axi_mem1_WUSER     |  out|    1|       m_axi|                                           mem1|       pointer|
|m_axi_mem1_ARVALID   |  out|    1|       m_axi|                                           mem1|       pointer|
|m_axi_mem1_ARREADY   |   in|    1|       m_axi|                                           mem1|       pointer|
|m_axi_mem1_ARADDR    |  out|   64|       m_axi|                                           mem1|       pointer|
|m_axi_mem1_ARID      |  out|    1|       m_axi|                                           mem1|       pointer|
|m_axi_mem1_ARLEN     |  out|   32|       m_axi|                                           mem1|       pointer|
|m_axi_mem1_ARSIZE    |  out|    3|       m_axi|                                           mem1|       pointer|
|m_axi_mem1_ARBURST   |  out|    2|       m_axi|                                           mem1|       pointer|
|m_axi_mem1_ARLOCK    |  out|    2|       m_axi|                                           mem1|       pointer|
|m_axi_mem1_ARCACHE   |  out|    4|       m_axi|                                           mem1|       pointer|
|m_axi_mem1_ARPROT    |  out|    3|       m_axi|                                           mem1|       pointer|
|m_axi_mem1_ARQOS     |  out|    4|       m_axi|                                           mem1|       pointer|
|m_axi_mem1_ARREGION  |  out|    4|       m_axi|                                           mem1|       pointer|
|m_axi_mem1_ARUSER    |  out|    1|       m_axi|                                           mem1|       pointer|
|m_axi_mem1_RVALID    |   in|    1|       m_axi|                                           mem1|       pointer|
|m_axi_mem1_RREADY    |  out|    1|       m_axi|                                           mem1|       pointer|
|m_axi_mem1_RDATA     |   in|   32|       m_axi|                                           mem1|       pointer|
|m_axi_mem1_RLAST     |   in|    1|       m_axi|                                           mem1|       pointer|
|m_axi_mem1_RID       |   in|    1|       m_axi|                                           mem1|       pointer|
|m_axi_mem1_RFIFONUM  |   in|    9|       m_axi|                                           mem1|       pointer|
|m_axi_mem1_RUSER     |   in|    1|       m_axi|                                           mem1|       pointer|
|m_axi_mem1_RRESP     |   in|    2|       m_axi|                                           mem1|       pointer|
|m_axi_mem1_BVALID    |   in|    1|       m_axi|                                           mem1|       pointer|
|m_axi_mem1_BREADY    |  out|    1|       m_axi|                                           mem1|       pointer|
|m_axi_mem1_BRESP     |   in|    2|       m_axi|                                           mem1|       pointer|
|m_axi_mem1_BID       |   in|    1|       m_axi|                                           mem1|       pointer|
|m_axi_mem1_BUSER     |   in|    1|       m_axi|                                           mem1|       pointer|
|sext_ln28            |   in|   62|     ap_none|                                      sext_ln28|        scalar|
|mem2_addr_read       |   in|   32|     ap_none|                                 mem2_addr_read|        scalar|
+---------------------+-----+-----+------------+-----------------------------------------------+--------------+

============================================================
+ Verbose Summary: Synthesis Manager
============================================================
InlineROM: 1
ExposeGlobal: 0
============================================================
+ Verbose Summary: CDFG Model
============================================================
IsTopModel: 0
ResetActiveHigh: 1
IsCombinational: 2
IsDatapathOnly: 2
HasWiredReturn: 1
HasMFsm: 2
HasVarLatency: 1
IsPipeline: 0
IsRtlPipelined: 0
IsInstanceOverlapped: 0
IsDontTouch: 0
HasImplIP: 0
IsGatedGlobalClock: 0

+ Individual pipeline summary: 
  * Pipeline-0: initiation interval (II) = 1, depth = 2


============================================================
+ Verbose Summary: Schedule
============================================================
* Number of FSM states : 2
* Pipeline : 1
  Pipeline-0 : II = 1, D = 2, States = { 1 2 }
* Dataflow Pipeline: 0

* FSM state transitions: 
1 --> 2 
2 --> 

* FSM state operations: 

State 1 <SV = 0> <Delay = 3.57>
ST_1 : Operation 5 [1/1] (0.00ns)   --->   "%indvar_flatten = alloca i32 1"   --->   Operation 5 'alloca' 'indvar_flatten' <Predicate = true> <Delay = 0.00>
ST_1 : Operation 6 [1/1] (0.00ns)   --->   "%mem2_addr_read_1 = read i32 @_ssdm_op_Read.ap_auto.i32, i32 %mem2_addr_read"   --->   Operation 6 'read' 'mem2_addr_read_1' <Predicate = true> <Delay = 0.00>
ST_1 : Operation 7 [1/1] (0.00ns)   --->   "%sext_ln28_read = read i62 @_ssdm_op_Read.ap_auto.i62, i62 %sext_ln28"   --->   Operation 7 'read' 'sext_ln28_read' <Predicate = true> <Delay = 0.00>
ST_1 : Operation 8 [1/1] (0.00ns)   --->   "%sext_ln28_cast = sext i62 %sext_ln28_read"   --->   Operation 8 'sext' 'sext_ln28_cast' <Predicate = true> <Delay = 0.00>
ST_1 : Operation 9 [1/1] (0.00ns)   --->   "%specinterface_ln0 = specinterface void @_ssdm_op_SpecInterface, i32 %mem1, void @empty_3, i32 0, i32 0, void @empty, i32 64, i32 153228, void @empty_4, void @empty_5, void @empty, i32 16, i32 16, i32 16, i32 16, void @empty, void @empty, i32 4294967295, i32 0"   --->   Operation 9 'specinterface' 'specinterface_ln0' <Predicate = true> <Delay = 0.00>
ST_1 : Operation 10 [1/1] (1.58ns)   --->   "%store_ln0 = store i12 0, i12 %indvar_flatten"   --->   Operation 10 'store' 'store_ln0' <Predicate = true> <Delay = 1.58>
ST_1 : Operation 11 [1/1] (0.00ns)   --->   "%br_ln0 = br void %for.inc"   --->   Operation 11 'br' 'br_ln0' <Predicate = true> <Delay = 0.00>
ST_1 : Operation 12 [1/1] (0.00ns)   --->   "%indvar_flatten_load = load i12 %indvar_flatten" [conv.cpp:29]   --->   Operation 12 'load' 'indvar_flatten_load' <Predicate = true> <Delay = 0.00>
ST_1 : Operation 13 [1/1] (0.00ns)   --->   "%specbitsmap_ln0 = specbitsmap void @_ssdm_op_SpecBitsMap, i32 %mem1"   --->   Operation 13 'specbitsmap' 'specbitsmap_ln0' <Predicate = true> <Delay = 0.00>
ST_1 : Operation 14 [1/1] (0.00ns)   --->   "%mem1_addr = getelementptr i32 %mem1, i64 %sext_ln28_cast" [conv.cpp:28]   --->   Operation 14 'getelementptr' 'mem1_addr' <Predicate = true> <Delay = 0.00>
ST_1 : Operation 15 [1/1] (0.00ns)   --->   "%specpipeline_ln0 = specpipeline void @_ssdm_op_SpecPipeline, i32 4294967295, i32 0, i32 1, i32 0, void @p_str"   --->   Operation 15 'specpipeline' 'specpipeline_ln0' <Predicate = true> <Delay = 0.00>
ST_1 : Operation 16 [1/1] (1.99ns)   --->   "%icmp_ln29 = icmp_eq  i12 %indvar_flatten_load, i12 3025" [conv.cpp:29]   --->   Operation 16 'icmp' 'icmp_ln29' <Predicate = true> <Delay = 1.99> <CoreInst = "Cmp">   --->   Core 9 'Cmp' <Latency = 0> <II = 1> <Delay = 1.99> <FuncUnit> <Opcode : 'icmp'> <InPorts = 2> <OutPorts = 1>
ST_1 : Operation 17 [1/1] (1.54ns)   --->   "%add_ln29 = add i12 %indvar_flatten_load, i12 1" [conv.cpp:29]   --->   Operation 17 'add' 'add_ln29' <Predicate = true> <Delay = 1.54> <CoreInst = "Adder">   --->   Core 1 'Adder' <Latency = 0> <II = 1> <Delay = 1.54> <FuncUnit> <Opcode : 'add' 'sub'> <InPorts = 2> <OutPorts = 1>
ST_1 : Operation 18 [1/1] (0.00ns)   --->   "%br_ln29 = br i1 %icmp_ln29, void %for.inc13, void %for.inc16.exitStub" [conv.cpp:29]   --->   Operation 18 'br' 'br_ln29' <Predicate = true> <Delay = 0.00>
ST_1 : Operation 19 [1/1] (1.58ns)   --->   "%store_ln30 = store i12 %add_ln29, i12 %indvar_flatten" [conv.cpp:30]   --->   Operation 19 'store' 'store_ln30' <Predicate = (!icmp_ln29)> <Delay = 1.58>
ST_1 : Operation 26 [1/1] (0.00ns)   --->   "%ret_ln0 = ret"   --->   Operation 26 'ret' 'ret_ln0' <Predicate = (icmp_ln29)> <Delay = 0.00>

State 2 <SV = 1> <Delay = 7.30>
ST_2 : Operation 20 [1/1] (0.00ns)   --->   "%specloopname_ln0 = specloopname void @_ssdm_op_SpecLoopName, void @VITIS_LOOP_29_2_VITIS_LOOP_30_3_str"   --->   Operation 20 'specloopname' 'specloopname_ln0' <Predicate = true> <Delay = 0.00>
ST_2 : Operation 21 [1/1] (0.00ns)   --->   "%empty = speclooptripcount i32 @_ssdm_op_SpecLoopTripCount, i64 3025, i64 3025, i64 3025"   --->   Operation 21 'speclooptripcount' 'empty' <Predicate = true> <Delay = 0.00>
ST_2 : Operation 22 [1/1] (0.00ns)   --->   "%specpipeline_ln0 = specpipeline void @_ssdm_op_SpecPipeline, i32 4294967295, i32 0, i32 1, i32 0, void @p_str"   --->   Operation 22 'specpipeline' 'specpipeline_ln0' <Predicate = true> <Delay = 0.00>
ST_2 : Operation 23 [1/1] (0.00ns)   --->   "%specloopname_ln27 = specloopname void @_ssdm_op_SpecLoopName, void @empty_6" [conv.cpp:27]   --->   Operation 23 'specloopname' 'specloopname_ln27' <Predicate = true> <Delay = 0.00>
ST_2 : Operation 24 [1/1] (7.30ns)   --->   "%write_ln32 = write void @_ssdm_op_Write.m_axi.p1i32, i64 %mem1_addr, i32 %mem2_addr_read_1, i4 15" [conv.cpp:32]   --->   Operation 24 'write' 'write_ln32' <Predicate = true> <Delay = 7.30> <CoreInst = "m_axi">   --->   Core 113 'm_axi' <Latency = 0> <II = 1> <Delay = 1.00> <Adapter> <Opcode : 'read' 'write' 'readreq' 'writereq' 'writeresp'>
ST_2 : Operation 25 [1/1] (0.00ns)   --->   "%br_ln30 = br void %for.inc" [conv.cpp:30]   --->   Operation 25 'br' 'br_ln30' <Predicate = true> <Delay = 0.00>


============================================================
+ Verbose Summary: Binding
============================================================
STG Binding: 
---------------- STG Properties BEGIN ----------------
- Is combinational: 0
- Is one-state seq: 0
- Is datapath-only: 0
- Is pipelined: 0
- Is top level: 0
Port [ Return ] is wired: 1; IO mode=ap_ctrl_hs:ce=0
Port [ mem1]:  wired=1; compound=1; hidden=0; nouse=0; global=0; static=0; extern=0; dir=1; type=4; pingpong=0; private_global=0; IO mode=m_axi:ce=0
Port [ sext_ln28]:  wired=1; compound=0; hidden=0; nouse=0; global=0; static=0; extern=0; dir=0; type=0; pingpong=0; private_global=0; IO mode=ap_none:ce=0
Port [ mem2_addr_read]:  wired=1; compound=0; hidden=0; nouse=0; global=0; static=0; extern=0; dir=0; type=0; pingpong=0; private_global=0; IO mode=ap_none:ce=0
---------------- STG Properties END ------------------

---------------- Datapath Model BEGIN ----------------

<LifeTime>
<method=bitvector/>
indvar_flatten      (alloca           ) [ 010]
mem2_addr_read_1    (read             ) [ 011]
sext_ln28_read      (read             ) [ 000]
sext_ln28_cast      (sext             ) [ 000]
specinterface_ln0   (specinterface    ) [ 000]
store_ln0           (store            ) [ 000]
br_ln0              (br               ) [ 000]
indvar_flatten_load (load             ) [ 000]
specbitsmap_ln0     (specbitsmap      ) [ 000]
mem1_addr           (getelementptr    ) [ 011]
specpipeline_ln0    (specpipeline     ) [ 000]
icmp_ln29           (icmp             ) [ 010]
add_ln29            (add              ) [ 000]
br_ln29             (br               ) [ 000]
store_ln30          (store            ) [ 000]
specloopname_ln0    (specloopname     ) [ 000]
empty               (speclooptripcount) [ 000]
specpipeline_ln0    (specpipeline     ) [ 000]
specloopname_ln27   (specloopname     ) [ 000]
write_ln32          (write            ) [ 000]
br_ln30             (br               ) [ 000]
ret_ln0             (ret              ) [ 000]
</LifeTime>

<model>

<comp_list>
<comp id="0" class="1000" name="mem1">
<pin_list>
<pin id="1" dir="1" index="0" bw="1" slack="0"/>
</pin_list>
<bind>
<StgValue><ssdm name="mem1"/></StgValue>
</bind>
</comp>

<comp id="2" class="1000" name="sext_ln28">
<pin_list>
<pin id="3" dir="1" index="0" bw="1" slack="0"/>
</pin_list>
<bind>
<StgValue><ssdm name="sext_ln28"/></StgValue>
</bind>
</comp>

<comp id="4" class="1000" name="mem2_addr_read">
<pin_list>
<pin id="5" dir="1" index="0" bw="1" slack="0"/>
</pin_list>
<bind>
<StgValue><ssdm name="mem2_addr_read"/></StgValue>
</bind>
</comp>

<comp id="6" class="1001" name="const_6">
<pin_list>
<pin id="7" dir="1" index="0" bw="1" slack="0"/>
</pin_list>
<bind>
<StgValue><ssdm name=""/></StgValue>
</bind>
</comp>

<comp id="8" class="1001" name="const_8">
<pin_list>
<pin id="9" dir="1" index="0" bw="1" slack="0"/>
</pin_list>
<bind>
<StgValue><ssdm name="_ssdm_op_Read.ap_auto.i32"/></StgValue>
</bind>
</comp>

<comp id="10" class="1001" name="const_10">
<pin_list>
<pin id="11" dir="1" index="0" bw="1" slack="0"/>
</pin_list>
<bind>
<StgValue><ssdm name="_ssdm_op_Read.ap_auto.i62"/></StgValue>
</bind>
</comp>

<comp id="12" class="1001" name="const_12">
<pin_list>
<pin id="13" dir="1" index="0" bw="1" slack="2147483647"/>
</pin_list>
<bind>
<StgValue><ssdm name="_ssdm_op_SpecInterface"/></StgValue>
</bind>
</comp>

<comp id="14" class="1001" name="const_14">
<pin_list>
<pin id="15" dir="1" index="0" bw="1" slack="2147483647"/>
</pin_list>
<bind>
<StgValue><ssdm name="empty_3"/></StgValue>
</bind>
</comp>

<comp id="16" class="1001" name="const_16">
<pin_list>
<pin id="17" dir="1" index="0" bw="1" slack="2147483647"/>
</pin_list>
<bind>
<StgValue><ssdm name=""/></StgValue>
</bind>
</comp>

<comp id="18" class="1001" name="const_18">
<pin_list>
<pin id="19" dir="1" index="0" bw="1" slack="2147483647"/>
</pin_list>
<bind>
<StgValue><ssdm name="empty"/></StgValue>
</bind>
</comp>

<comp id="20" class="1001" name="const_20">
<pin_list>
<pin id="21" dir="1" index="0" bw="1" slack="2147483647"/>
</pin_list>
<bind>
<StgValue><ssdm name=""/></StgValue>
</bind>
</comp>

<comp id="22" class="1001" name="const_22">
<pin_list>
<pin id="23" dir="1" index="0" bw="1" slack="2147483647"/>
</pin_list>
<bind>
<StgValue><ssdm name=""/></StgValue>
</bind>
</comp>

<comp id="24" class="1001" name="const_24">
<pin_list>
<pin id="25" dir="1" index="0" bw="1" slack="2147483647"/>
</pin_list>
<bind>
<StgValue><ssdm name="empty_4"/></StgValue>
</bind>
</comp>

<comp id="26" class="1001" name="const_26">
<pin_list>
<pin id="27" dir="1" index="0" bw="1" slack="2147483647"/>
</pin_list>
<bind>
<StgValue><ssdm name="empty_5"/></StgValue>
</bind>
</comp>

<comp id="28" class="1001" name="const_28">
<pin_list>
<pin id="29" dir="1" index="0" bw="1" slack="2147483647"/>
</pin_list>
<bind>
<StgValue><ssdm name=""/></StgValue>
</bind>
</comp>

<comp id="30" class="1001" name="const_30">
<pin_list>
<pin id="31" dir="1" index="0" bw="1" slack="2147483647"/>
</pin_list>
<bind>
<StgValue><ssdm name=""/></StgValue>
</bind>
</comp>

<comp id="32" class="1001" name="const_32">
<pin_list>
<pin id="33" dir="1" index="0" bw="1" slack="0"/>
</pin_list>
<bind>
<StgValue><ssdm name=""/></StgValue>
</bind>
</comp>

<comp id="34" class="1001" name="const_34">
<pin_list>
<pin id="35" dir="1" index="0" bw="1" slack="2147483647"/>
</pin_list>
<bind>
<StgValue><ssdm name="_ssdm_op_SpecBitsMap"/></StgValue>
</bind>
</comp>

<comp id="36" class="1001" name="const_36">
<pin_list>
<pin id="37" dir="1" index="0" bw="1" slack="2147483647"/>
</pin_list>
<bind>
<StgValue><ssdm name="_ssdm_op_SpecPipeline"/></StgValue>
</bind>
</comp>

<comp id="38" class="1001" name="const_38">
<pin_list>
<pin id="39" dir="1" index="0" bw="1" slack="2147483647"/>
</pin_list>
<bind>
<StgValue><ssdm name="p_str"/></StgValue>
</bind>
</comp>

<comp id="40" class="1001" name="const_40">
<pin_list>
<pin id="41" dir="1" index="0" bw="1" slack="0"/>
</pin_list>
<bind>
<StgValue><ssdm name=""/></StgValue>
</bind>
</comp>

<comp id="42" class="1001" name="const_42">
<pin_list>
<pin id="43" dir="1" index="0" bw="1" slack="0"/>
</pin_list>
<bind>
<StgValue><ssdm name=""/></StgValue>
</bind>
</comp>

<comp id="44" class="1001" name="const_44">
<pin_list>
<pin id="45" dir="1" index="0" bw="1" slack="2147483647"/>
</pin_list>
<bind>
<StgValue><ssdm name="_ssdm_op_SpecLoopName"/></StgValue>
</bind>
</comp>

<comp id="46" class="1001" name="const_46">
<pin_list>
<pin id="47" dir="1" index="0" bw="1" slack="2147483647"/>
</pin_list>
<bind>
<StgValue><ssdm name="VITIS_LOOP_29_2_VITIS_LOOP_30_3_str"/></StgValue>
</bind>
</comp>

<comp id="48" class="1001" name="const_48">
<pin_list>
<pin id="49" dir="1" index="0" bw="1" slack="2147483647"/>
</pin_list>
<bind>
<StgValue><ssdm name="_ssdm_op_SpecLoopTripCount"/></StgValue>
</bind>
</comp>

<comp id="50" class="1001" name="const_50">
<pin_list>
<pin id="51" dir="1" index="0" bw="1" slack="2147483647"/>
</pin_list>
<bind>
<StgValue><ssdm name=""/></StgValue>
</bind>
</comp>

<comp id="52" class="1001" name="const_52">
<pin_list>
<pin id="53" dir="1" index="0" bw="1" slack="2147483647"/>
</pin_list>
<bind>
<StgValue><ssdm name="empty_6"/></StgValue>
</bind>
</comp>

<comp id="54" class="1001" name="const_54">
<pin_list>
<pin id="55" dir="1" index="0" bw="1" slack="0"/>
</pin_list>
<bind>
<StgValue><ssdm name="_ssdm_op_Write.m_axi.p1i32"/></StgValue>
</bind>
</comp>

<comp id="56" class="1001" name="const_56">
<pin_list>
<pin id="57" dir="1" index="0" bw="1" slack="0"/>
</pin_list>
<bind>
<StgValue><ssdm name=""/></StgValue>
</bind>
</comp>

<comp id="58" class="1004" name="indvar_flatten_fu_58">
<pin_list>
<pin id="59" dir="0" index="0" bw="1" slack="0"/>
<pin id="60" dir="1" index="1" bw="12" slack="0"/>
</pin_list>
<bind>
<opcode="alloca(26) " fcode="alloca"/>
<opset="indvar_flatten/1 "/>
</bind>
</comp>

<comp id="62" class="1004" name="mem2_addr_read_1_read_fu_62">
<pin_list>
<pin id="63" dir="0" index="0" bw="32" slack="0"/>
<pin id="64" dir="0" index="1" bw="32" slack="0"/>
<pin id="65" dir="1" index="2" bw="32" slack="1"/>
</pin_list>
<bind>
<opcode="read(1150) " fcode="read"/>
<opset="mem2_addr_read_1/1 "/>
</bind>
</comp>

<comp id="68" class="1004" name="sext_ln28_read_read_fu_68">
<pin_list>
<pin id="69" dir="0" index="0" bw="62" slack="0"/>
<pin id="70" dir="0" index="1" bw="62" slack="0"/>
<pin id="71" dir="1" index="2" bw="62" slack="0"/>
</pin_list>
<bind>
<opcode="read(1150) " fcode="read"/>
<opset="sext_ln28_read/1 "/>
</bind>
</comp>

<comp id="74" class="1004" name="write_ln32_write_fu_74">
<pin_list>
<pin id="75" dir="0" index="0" bw="0" slack="0"/>
<pin id="76" dir="0" index="1" bw="32" slack="1"/>
<pin id="77" dir="0" index="2" bw="32" slack="1"/>
<pin id="78" dir="0" index="3" bw="1" slack="0"/>
<pin id="79" dir="1" index="4" bw="0" slack="2147483647"/>
</pin_list>
<bind>
<opcode="write(1151) " fcode="write"/>
<opset="write_ln32/2 "/>
</bind>
</comp>

<comp id="82" class="1004" name="sext_ln28_cast_fu_82">
<pin_list>
<pin id="83" dir="0" index="0" bw="62" slack="0"/>
<pin id="84" dir="1" index="1" bw="64" slack="0"/>
</pin_list>
<bind>
<opcode="sext(35) " fcode="sext"/>
<opset="sext_ln28_cast/1 "/>
</bind>
</comp>

<comp id="86" class="1004" name="store_ln0_store_fu_86">
<pin_list>
<pin id="87" dir="0" index="0" bw="1" slack="0"/>
<pin id="88" dir="0" index="1" bw="12" slack="0"/>
<pin id="89" dir="1" index="2" bw="0" slack="2147483647"/>
</pin_list>
<bind>
<opcode="store(28) " fcode="store"/>
<opset="store_ln0/1 "/>
</bind>
</comp>

<comp id="91" class="1004" name="indvar_flatten_load_load_fu_91">
<pin_list>
<pin id="92" dir="0" index="0" bw="12" slack="0"/>
<pin id="93" dir="1" index="1" bw="12" slack="0"/>
</pin_list>
<bind>
<opcode="load(27) " fcode="load"/>
<opset="indvar_flatten_load/1 "/>
</bind>
</comp>

<comp id="94" class="1004" name="mem1_addr_fu_94">
<pin_list>
<pin id="95" dir="0" index="0" bw="64" slack="0"/>
<pin id="96" dir="0" index="1" bw="64" slack="0"/>
<pin id="97" dir="1" index="2" bw="64" slack="1"/>
</pin_list>
<bind>
<opcode="getelementptr(29) " fcode="getelementptr"/>
<opset="mem1_addr/1 "/>
</bind>
</comp>

<comp id="100" class="1004" name="icmp_ln29_fu_100">
<pin_list>
<pin id="101" dir="0" index="0" bw="12" slack="0"/>
<pin id="102" dir="0" index="1" bw="12" slack="0"/>
<pin id="103" dir="1" index="2" bw="1" slack="2147483647"/>
</pin_list>
<bind>
<opcode="icmp(45) " fcode="icmp"/>
<opset="icmp_ln29/1 "/>
</bind>
</comp>

<comp id="106" class="1004" name="add_ln29_fu_106">
<pin_list>
<pin id="107" dir="0" index="0" bw="12" slack="0"/>
<pin id="108" dir="0" index="1" bw="1" slack="0"/>
<pin id="109" dir="1" index="2" bw="12" slack="0"/>
</pin_list>
<bind>
<opcode="add(8) " fcode="add"/>
<opset="add_ln29/1 "/>
</bind>
</comp>

<comp id="112" class="1004" name="store_ln30_store_fu_112">
<pin_list>
<pin id="113" dir="0" index="0" bw="12" slack="0"/>
<pin id="114" dir="0" index="1" bw="12" slack="0"/>
<pin id="115" dir="1" index="2" bw="0" slack="2147483647"/>
</pin_list>
<bind>
<opcode="store(28) " fcode="store"/>
<opset="store_ln30/1 "/>
</bind>
</comp>

<comp id="117" class="1005" name="indvar_flatten_reg_117">
<pin_list>
<pin id="118" dir="0" index="0" bw="12" slack="0"/>
<pin id="119" dir="1" index="1" bw="12" slack="0"/>
</pin_list>
<bind>
<opset="indvar_flatten "/>
</bind>
</comp>

<comp id="124" class="1005" name="mem2_addr_read_1_reg_124">
<pin_list>
<pin id="125" dir="0" index="0" bw="32" slack="1"/>
<pin id="126" dir="1" index="1" bw="32" slack="1"/>
</pin_list>
<bind>
<opset="mem2_addr_read_1 "/>
</bind>
</comp>

<comp id="129" class="1005" name="mem1_addr_reg_129">
<pin_list>
<pin id="130" dir="0" index="0" bw="32" slack="1"/>
<pin id="131" dir="1" index="1" bw="32" slack="1"/>
</pin_list>
<bind>
<opset="mem1_addr "/>
</bind>
</comp>

</comp_list>

<net_list>
<net id="61"><net_src comp="6" pin="0"/><net_sink comp="58" pin=0"/></net>

<net id="66"><net_src comp="8" pin="0"/><net_sink comp="62" pin=0"/></net>

<net id="67"><net_src comp="4" pin="0"/><net_sink comp="62" pin=1"/></net>

<net id="72"><net_src comp="10" pin="0"/><net_sink comp="68" pin=0"/></net>

<net id="73"><net_src comp="2" pin="0"/><net_sink comp="68" pin=1"/></net>

<net id="80"><net_src comp="54" pin="0"/><net_sink comp="74" pin=0"/></net>

<net id="81"><net_src comp="56" pin="0"/><net_sink comp="74" pin=3"/></net>

<net id="85"><net_src comp="68" pin="2"/><net_sink comp="82" pin=0"/></net>

<net id="90"><net_src comp="32" pin="0"/><net_sink comp="86" pin=0"/></net>

<net id="98"><net_src comp="0" pin="0"/><net_sink comp="94" pin=0"/></net>

<net id="99"><net_src comp="82" pin="1"/><net_sink comp="94" pin=1"/></net>

<net id="104"><net_src comp="91" pin="1"/><net_sink comp="100" pin=0"/></net>

<net id="105"><net_src comp="40" pin="0"/><net_sink comp="100" pin=1"/></net>

<net id="110"><net_src comp="91" pin="1"/><net_sink comp="106" pin=0"/></net>

<net id="111"><net_src comp="42" pin="0"/><net_sink comp="106" pin=1"/></net>

<net id="116"><net_src comp="106" pin="2"/><net_sink comp="112" pin=0"/></net>

<net id="120"><net_src comp="58" pin="1"/><net_sink comp="117" pin=0"/></net>

<net id="121"><net_src comp="117" pin="1"/><net_sink comp="86" pin=1"/></net>

<net id="122"><net_src comp="117" pin="1"/><net_sink comp="91" pin=0"/></net>

<net id="123"><net_src comp="117" pin="1"/><net_sink comp="112" pin=1"/></net>

<net id="127"><net_src comp="62" pin="2"/><net_sink comp="124" pin=0"/></net>

<net id="128"><net_src comp="124" pin="1"/><net_sink comp="74" pin=2"/></net>

<net id="132"><net_src comp="94" pin="2"/><net_sink comp="129" pin=0"/></net>

<net id="133"><net_src comp="129" pin="1"/><net_sink comp="74" pin=1"/></net>

</net_list>

</model> 
---------------- Datapath Model END ------------------

* FSMD analyzer results:
  - Output states:
	Port: mem1 | {2 }
 - Input state : 
	Port: conv_Pipeline_VITIS_LOOP_29_2_VITIS_LOOP_30_3 : mem1 | {}
	Port: conv_Pipeline_VITIS_LOOP_29_2_VITIS_LOOP_30_3 : sext_ln28 | {1 }
	Port: conv_Pipeline_VITIS_LOOP_29_2_VITIS_LOOP_30_3 : mem2_addr_read | {1 }
  - Chain level:
	State 1
		store_ln0 : 1
		indvar_flatten_load : 1
		mem1_addr : 1
		icmp_ln29 : 2
		add_ln29 : 2
		br_ln29 : 3
		store_ln30 : 3
	State 2


============================================================
+ Verbose Summary: Datapath Resource usage 
============================================================

* Functional unit list:
|----------|-----------------------------|---------|---------|
| Operation|       Functional Unit       |    FF   |   LUT   |
|----------|-----------------------------|---------|---------|
|   icmp   |       icmp_ln29_fu_100      |    0    |    12   |
|----------|-----------------------------|---------|---------|
|    add   |       add_ln29_fu_106       |    0    |    12   |
|----------|-----------------------------|---------|---------|
|   read   | mem2_addr_read_1_read_fu_62 |    0    |    0    |
|          |  sext_ln28_read_read_fu_68  |    0    |    0    |
|----------|-----------------------------|---------|---------|
|   write  |    write_ln32_write_fu_74   |    0    |    0    |
|----------|-----------------------------|---------|---------|
|   sext   |     sext_ln28_cast_fu_82    |    0    |    0    |
|----------|-----------------------------|---------|---------|
|   Total  |                             |    0    |    24   |
|----------|-----------------------------|---------|---------|

Memories:
N/A

* Register list:
+------------------------+--------+
|                        |   FF   |
+------------------------+--------+
| indvar_flatten_reg_117 |   12   |
|    mem1_addr_reg_129   |   32   |
|mem2_addr_read_1_reg_124|   32   |
+------------------------+--------+
|          Total         |   76   |
+------------------------+--------+

* Multiplexer (MUX) list: 
|--------|------|------|------|--------|
|  Comp  |  Pin | Size |  BW  | S x BW |
|--------|------|------|------|--------|
|  Total |      |      |      |    0   |
|--------|------|------|------|--------|



* Summary:
+-----------+--------+--------+
|           |   FF   |   LUT  |
+-----------+--------+--------+
|  Function |    0   |   24   |
|   Memory  |    -   |    -   |
|Multiplexer|    -   |    -   |
|  Register |   76   |    -   |
+-----------+--------+--------+
|   Total   |   76   |   24   |
+-----------+--------+--------+
