

================================================================
== Vitis HLS Report for 'conv_Pipeline_VITIS_LOOP_18_1_VITIS_LOOP_19_2_VITIS_LOOP_20_3'
================================================================
* Date:           Wed Oct  7 16:10:20 2026

* Version:        2022.2 (Build 3670227 on Oct 13 2022)
* Project:        vitis.prj
* Solution:       solution1 (Vivado IP Flow Target)
* Product family: zynq
* Target device:  xc7z020-clg400-1


================================================================
== Performance Estimates
================================================================
+ Timing: 
    * Summary: 
    +--------+----------+----------+------------+
    |  Clock |  Target  | Estimated| Uncertainty|
    +--------+----------+----------+------------+
    |ap_clk  |  10.00 ns|  7.215 ns|     2.70 ns|
    +--------+----------+----------+------------+

+ Latency: 
    * Summary: 
    +---------+---------+----------+----------+--------+--------+---------+
    |  Latency (cycles) |  Latency (absolute) |     Interval    | Pipeline|
    |   min   |   max   |    min   |    max   |   min  |   max  |   Type  |
    +---------+---------+----------+----------+--------+--------+---------+
    |   116168|   116168|  1.162 ms|  1.162 ms|  116168|  116168|       no|
    +---------+---------+----------+----------+--------+--------+---------+

    + Detail: 
        * Instance: 
        N/A

        * Loop: 
        +---------------------------------------------------+---------+---------+----------+-----------+-----------+-------+----------+
        |                                                   |  Latency (cycles) | Iteration|  Initiation Interval  |  Trip |          |
        |                     Loop Name                     |   min   |   max   |  Latency |  achieved |   target  | Count | Pipelined|
        +---------------------------------------------------+---------+---------+----------+-----------+-----------+-------+----------+
        |- VITIS_LOOP_18_1_VITIS_LOOP_19_2_VITIS_LOOP_20_3  |   116166|   116166|        10|          3|          1|  38720|       yes|
        +---------------------------------------------------+---------+---------+----------+-----------+-----------+-------+----------+

============================================================
+ Verbose Summary: Synthesis Manager
============================================================
InlineROM: 1
ExposeGlobal: 0
============================================================
+ Verbose Summary: CDFG Model
============================================================
IsTopModel: 0
ResetActiveHigh: 1
IsCombinational: 0
IsDatapathOnly: 0
HasWiredReturn: 1
HasMFsm: 2
HasVarLatency: 1
IsPipeline: 0
IsRtlPipelined: 0
IsInstanceOverlapped: 0
IsDontTouch: 0
HasImplIP: 0
IsGatedGlobalClock: 0

+ Individual pipeline summary: 
  * Pipeline-0: initiation interval (II) = 3, depth = 11


============================================================
+ Verbose Summary: Schedule
============================================================
* Number of FSM states : 11
* Pipeline : 1
  Pipeline-0 : II = 3, D = 11, States = { 1 2 3 4 5 6 7 8 9 10 11 }
* Dataflow Pipeline: 0

* FSM state transitions: 
1 --> 2 
2 --> 3 
3 --> 4 
4 --> 5 
5 --> 6 
6 --> 7 
7 --> 8 
8 --> 9 
9 --> 10 
10 --> 11 
11 --> 

* FSM state operations: 

State 1 <SV = 0> <Delay = 1.58>
ST_1 : Operation 13 [1/1] (0.00ns)   --->   "%z = alloca i32 1"   --->   Operation 13 'alloca' 'z' <Predicate = true> <Delay = 0.00>
ST_1 : Operation 14 [1/1] (0.00ns)   --->   "%y = alloca i32 1"   --->   Operation 14 'alloca' 'y' <Predicate = true> <Delay = 0.00>
ST_1 : Operation 15 [1/1] (0.00ns)   --->   "%indvar_flatten = alloca i32 1"   --->   Operation 15 'alloca' 'indvar_flatten' <Predicate = true> <Delay = 0.00>
ST_1 : Operation 16 [1/1] (0.00ns)   --->   "%x = alloca i32 1"   --->   Operation 16 'alloca' 'x' <Predicate = true> <Delay = 0.00>
ST_1 : Operation 17 [1/1] (0.00ns)   --->   "%indvar_flatten14 = alloca i32 1"   --->   Operation 17 'alloca' 'indvar_flatten14' <Predicate = true> <Delay = 0.00>
ST_1 : Operation 18 [1/1] (0.00ns)   --->   "%specinterface_ln0 = specinterface void @_ssdm_op_SpecInterface, i32 %output_fm, void @empty_4, i32 0, i32 0, void @empty, i32 4294967295, i32 0, void @empty, void @empty, void @empty, i32 0, i32 0, i32 0, i32 0, void @empty, void @empty, i32 4294967295, i32 0"   --->   Operation 18 'specinterface' 'specinterface_ln0' <Predicate = true> <Delay = 0.00>
ST_1 : Operation 19 [1/1] (0.00ns)   --->   "%specinterface_ln0 = specinterface void @_ssdm_op_SpecInterface, i32 %biases, void @empty_4, i32 0, i32 0, void @empty, i32 4294967295, i32 0, void @empty, void @empty, void @empty, i32 0, i32 0, i32 0, i32 0, void @empty, void @empty, i32 4294967295, i32 0"   --->   Operation 19 'specinterface' 'specinterface_ln0' <Predicate = true> <Delay = 0.00>
ST_1 : Operation 20 [1/1] (1.58ns)   --->   "%store_ln0 = store i16 0, i16 %indvar_flatten14"   --->   Operation 20 'store' 'store_ln0' <Predicate = true> <Delay = 1.58>
ST_1 : Operation 21 [1/1] (1.58ns)   --->   "%store_ln0 = store i7 0, i7 %x"   --->   Operation 21 'store' 'store_ln0' <Predicate = true> <Delay = 1.58>
ST_1 : Operation 22 [1/1] (1.58ns)   --->   "%store_ln0 = store i10 0, i10 %indvar_flatten"   --->   Operation 22 'store' 'store_ln0' <Predicate = true> <Delay = 1.58>
ST_1 : Operation 23 [1/1] (1.58ns)   --->   "%store_ln0 = store i6 0, i6 %y"   --->   Operation 23 'store' 'store_ln0' <Predicate = true> <Delay = 1.58>
ST_1 : Operation 24 [1/1] (1.58ns)   --->   "%store_ln0 = store i6 0, i6 %z"   --->   Operation 24 'store' 'store_ln0' <Predicate = true> <Delay = 1.58>
ST_1 : Operation 25 [1/1] (0.00ns)   --->   "%br_ln0 = br void %for.inc"   --->   Operation 25 'br' 'br_ln0' <Predicate = true> <Delay = 0.00>

State 2 <SV = 1> <Delay = 4.45>
ST_2 : Operation 26 [1/1] (0.00ns)   --->   "%indvar_flatten14_load = load i16 %indvar_flatten14" [conv.cpp:18]   --->   Operation 26 'load' 'indvar_flatten14_load' <Predicate = true> <Delay = 0.00>
ST_2 : Operation 27 [1/1] (0.00ns)   --->   "%specpipeline_ln0 = specpipeline void @_ssdm_op_SpecPipeline, i32 4294967295, i32 0, i32 1, i32 0, void @p_str"   --->   Operation 27 'specpipeline' 'specpipeline_ln0' <Predicate = true> <Delay = 0.00>
ST_2 : Operation 28 [1/1] (2.42ns)   --->   "%icmp_ln18 = icmp_eq  i16 %indvar_flatten14_load, i16 38720" [conv.cpp:18]   --->   Operation 28 'icmp' 'icmp_ln18' <Predicate = true> <Delay = 2.42> <CoreInst = "Cmp">   --->   Core 9 'Cmp' <Latency = 0> <II = 1> <Delay = 2.42> <FuncUnit> <Opcode : 'icmp'> <InPorts = 2> <OutPorts = 1>
ST_2 : Operation 29 [1/1] (2.07ns)   --->   "%add_ln18_1 = add i16 %indvar_flatten14_load, i16 1" [conv.cpp:18]   --->   Operation 29 'add' 'add_ln18_1' <Predicate = true> <Delay = 2.07> <CoreInst = "Adder">   --->   Core 1 'Adder' <Latency = 0> <II = 1> <Delay = 2.07> <FuncUnit> <Opcode : 'add' 'sub'> <InPorts = 2> <OutPorts = 1>
ST_2 : Operation 30 [1/1] (0.00ns)   --->   "%br_ln18 = br i1 %icmp_ln18, void %for.inc16, void %for.body38.preheader.exitStub" [conv.cpp:18]   --->   Operation 30 'br' 'br_ln18' <Predicate = true> <Delay = 0.00>
ST_2 : Operation 31 [1/1] (0.00ns)   --->   "%indvar_flatten_load = load i10 %indvar_flatten" [conv.cpp:19]   --->   Operation 31 'load' 'indvar_flatten_load' <Predicate = (!icmp_ln18)> <Delay = 0.00>
ST_2 : Operation 32 [1/1] (0.00ns)   --->   "%x_load = load i7 %x" [conv.cpp:18]   --->   Operation 32 'load' 'x_load' <Predicate = (!icmp_ln18)> <Delay = 0.00>
ST_2 : Operation 33 [1/1] (1.87ns)   --->   "%add_ln18 = add i7 %x_load, i7 1" [conv.cpp:18]   --->   Operation 33 'add' 'add_ln18' <Predicate = (!icmp_ln18)> <Delay = 1.87> <CoreInst = "Adder">   --->   Core 1 'Adder' <Latency = 0> <II = 1> <Delay = 1.87> <FuncUnit> <Opcode : 'add' 'sub'> <InPorts = 2> <OutPorts = 1>
ST_2 : Operation 34 [1/1] (1.77ns)   --->   "%icmp_ln19 = icmp_eq  i10 %indvar_flatten_load, i10 605" [conv.cpp:19]   --->   Operation 34 'icmp' 'icmp_ln19' <Predicate = (!icmp_ln18)> <Delay = 1.77> <CoreInst = "Cmp">   --->   Core 9 'Cmp' <Latency = 0> <II = 1> <Delay = 1.77> <FuncUnit> <Opcode : 'icmp'> <InPorts = 2> <OutPorts = 1>
ST_2 : Operation 35 [1/1] (0.99ns)   --->   "%select_ln18_2 = select i1 %icmp_ln19, i7 %add_ln18, i7 %x_load" [conv.cpp:18]   --->   Operation 35 'select' 'select_ln18_2' <Predicate = (!icmp_ln18)> <Delay = 0.99> <CoreInst = "Sel">   --->   Core 73 'Sel' <Latency = 0> <II = 1> <Delay = 0.99> <FuncUnit> <Opcode : 'select'> <InPorts = 3> <OutPorts = 1>
ST_2 : Operation 36 [1/1] (0.00ns)   --->   "%zext_ln22 = zext i7 %select_ln18_2" [conv.cpp:22]   --->   Operation 36 'zext' 'zext_ln22' <Predicate = (!icmp_ln18)> <Delay = 0.00>
ST_2 : Operation 37 [3/3] (1.05ns) (grouped into DSP with root node add_ln22)   --->   "%mul_ln22 = mul i13 %zext_ln22, i13 55" [conv.cpp:22]   --->   Operation 37 'mul' 'mul_ln22' <Predicate = (!icmp_ln18)> <Delay = 1.05> <CoreInst = "DSP48">   --->   Core 119 'DSP48' <Latency = 3> <II = 1> <Delay = 2.15> <IPBlock> <Opcode : 'mul' 'add' 'sub' 'select'> <InPorts = 0> <OutPorts = 1> <Sync> <CReg>
ST_2 : Operation 38 [1/1] (1.58ns)   --->   "%store_ln20 = store i16 %add_ln18_1, i16 %indvar_flatten14" [conv.cpp:20]   --->   Operation 38 'store' 'store_ln20' <Predicate = (!icmp_ln18)> <Delay = 1.58>
ST_2 : Operation 39 [1/1] (1.58ns)   --->   "%store_ln20 = store i7 %select_ln18_2, i7 %x" [conv.cpp:20]   --->   Operation 39 'store' 'store_ln20' <Predicate = (!icmp_ln18)> <Delay = 1.58>

State 3 <SV = 2> <Delay = 1.05>
ST_3 : Operation 40 [2/3] (1.05ns) (grouped into DSP with root node add_ln22)   --->   "%mul_ln22 = mul i13 %zext_ln22, i13 55" [conv.cpp:22]   --->   Operation 40 'mul' 'mul_ln22' <Predicate = (!icmp_ln18)> <Delay = 1.05> <CoreInst = "DSP48">   --->   Core 119 'DSP48' <Latency = 3> <II = 1> <Delay = 2.15> <IPBlock> <Opcode : 'mul' 'add' 'sub' 'select'> <InPorts = 0> <OutPorts = 1> <Sync> <CReg>

State 4 <SV = 3> <Delay = 6.30>
ST_4 : Operation 41 [1/1] (0.00ns)   --->   "%z_load = load i6 %z" [conv.cpp:20]   --->   Operation 41 'load' 'z_load' <Predicate = (!icmp_ln18)> <Delay = 0.00>
ST_4 : Operation 42 [1/1] (0.00ns)   --->   "%y_load = load i6 %y" [conv.cpp:18]   --->   Operation 42 'load' 'y_load' <Predicate = (!icmp_ln18 & !icmp_ln19)> <Delay = 0.00>
ST_4 : Operation 43 [1/1] (1.18ns)   --->   "%select_ln18 = select i1 %icmp_ln19, i6 0, i6 %y_load" [conv.cpp:18]   --->   Operation 43 'select' 'select_ln18' <Predicate = (!icmp_ln18)> <Delay = 1.18> <CoreInst = "Sel">   --->   Core 73 'Sel' <Latency = 0> <II = 1> <Delay = 1.18> <FuncUnit> <Opcode : 'select'> <InPorts = 3> <OutPorts = 1>
ST_4 : Operation 44 [1/3] (0.00ns) (grouped into DSP with root node add_ln22)   --->   "%mul_ln22 = mul i13 %zext_ln22, i13 55" [conv.cpp:22]   --->   Operation 44 'mul' 'mul_ln22' <Predicate = (!icmp_ln18)> <Delay = 0.00> <CoreInst = "DSP48">   --->   Core 119 'DSP48' <Latency = 3> <II = 1> <Delay = 2.15> <IPBlock> <Opcode : 'mul' 'add' 'sub' 'select'> <InPorts = 0> <OutPorts = 1> <Sync> <CReg>
ST_4 : Operation 45 [1/1] (1.42ns)   --->   "%icmp_ln20 = icmp_ult  i6 %z_load, i6 55" [conv.cpp:20]   --->   Operation 45 'icmp' 'icmp_ln20' <Predicate = (!icmp_ln18)> <Delay = 1.42> <CoreInst = "Cmp">   --->   Core 9 'Cmp' <Latency = 0> <II = 1> <Delay = 1.42> <FuncUnit> <Opcode : 'icmp'> <InPorts = 2> <OutPorts = 1>
ST_4 : Operation 46 [1/1] (0.97ns)   --->   "%or_ln18 = or i1 %icmp_ln19, i1 %icmp_ln20" [conv.cpp:18]   --->   Operation 46 'or' 'or_ln18' <Predicate = (!icmp_ln18)> <Delay = 0.97> <CoreInst = "LogicGate">   --->   Core 74 'LogicGate' <Latency = 0> <II = 1> <Delay = 0.97> <FuncUnit> <Opcode : 'and' 'or' 'xor'> <InPorts = 2> <OutPorts = 1>
ST_4 : Operation 47 [1/1] (1.82ns)   --->   "%add_ln19 = add i6 %select_ln18, i6 1" [conv.cpp:19]   --->   Operation 47 'add' 'add_ln19' <Predicate = (!icmp_ln18)> <Delay = 1.82> <CoreInst = "Adder">   --->   Core 1 'Adder' <Latency = 0> <II = 1> <Delay = 1.82> <FuncUnit> <Opcode : 'add' 'sub'> <InPorts = 2> <OutPorts = 1>
ST_4 : Operation 48 [1/1] (1.18ns)   --->   "%select_ln19_1 = select i1 %or_ln18, i6 %select_ln18, i6 %add_ln19" [conv.cpp:19]   --->   Operation 48 'select' 'select_ln19_1' <Predicate = (!icmp_ln18)> <Delay = 1.18> <CoreInst = "Sel">   --->   Core 73 'Sel' <Latency = 0> <II = 1> <Delay = 1.18> <FuncUnit> <Opcode : 'select'> <InPorts = 3> <OutPorts = 1>
ST_4 : Operation 49 [1/1] (0.00ns)   --->   "%zext_ln22_1 = zext i6 %select_ln19_1" [conv.cpp:22]   --->   Operation 49 'zext' 'zext_ln22_1' <Predicate = (!icmp_ln18)> <Delay = 0.00>
ST_4 : Operation 50 [2/2] (2.10ns) (root node of the DSP)   --->   "%add_ln22 = add i13 %mul_ln22, i13 %zext_ln22_1" [conv.cpp:22]   --->   Operation 50 'add' 'add_ln22' <Predicate = (!icmp_ln18)> <Delay = 2.10> <CoreInst = "DSP48">   --->   Core 119 'DSP48' <Latency = 3> <II = 1> <Delay = 2.15> <IPBlock> <Opcode : 'mul' 'add' 'sub' 'select'> <InPorts = 0> <OutPorts = 1> <Sync> <CReg>
ST_4 : Operation 51 [1/1] (1.73ns)   --->   "%add_ln19_1 = add i10 %indvar_flatten_load, i10 1" [conv.cpp:19]   --->   Operation 51 'add' 'add_ln19_1' <Predicate = (!icmp_ln18 & !icmp_ln19)> <Delay = 1.73> <CoreInst = "Adder">   --->   Core 1 'Adder' <Latency = 0> <II = 1> <Delay = 1.73> <FuncUnit> <Opcode : 'add' 'sub'> <InPorts = 2> <OutPorts = 1>
ST_4 : Operation 52 [1/1] (0.68ns)   --->   "%select_ln19_2 = select i1 %icmp_ln19, i10 1, i10 %add_ln19_1" [conv.cpp:19]   --->   Operation 52 'select' 'select_ln19_2' <Predicate = (!icmp_ln18)> <Delay = 0.68> <CoreInst = "Sel">   --->   Core 73 'Sel' <Latency = 0> <II = 1> <Delay = 0.68> <FuncUnit> <Opcode : 'select'> <InPorts = 3> <OutPorts = 1>
ST_4 : Operation 53 [1/1] (1.58ns)   --->   "%store_ln20 = store i10 %select_ln19_2, i10 %indvar_flatten" [conv.cpp:20]   --->   Operation 53 'store' 'store_ln20' <Predicate = (!icmp_ln18)> <Delay = 1.58>
ST_4 : Operation 54 [1/1] (1.58ns)   --->   "%store_ln20 = store i6 %select_ln19_1, i6 %y" [conv.cpp:20]   --->   Operation 54 'store' 'store_ln20' <Predicate = (!icmp_ln18)> <Delay = 1.58>

State 5 <SV = 4> <Delay = 4.25>
ST_5 : Operation 55 [1/2] (2.10ns) (root node of the DSP)   --->   "%add_ln22 = add i13 %mul_ln22, i13 %zext_ln22_1" [conv.cpp:22]   --->   Operation 55 'add' 'add_ln22' <Predicate = true> <Delay = 2.10> <CoreInst = "DSP48">   --->   Core 119 'DSP48' <Latency = 3> <II = 1> <Delay = 2.15> <IPBlock> <Opcode : 'mul' 'add' 'sub' 'select'> <InPorts = 0> <OutPorts = 1> <Sync> <CReg>
ST_5 : Operation 56 [1/1] (0.00ns)   --->   "%add_ln22_cast = zext i13 %add_ln22" [conv.cpp:22]   --->   Operation 56 'zext' 'add_ln22_cast' <Predicate = true> <Delay = 0.00>
ST_5 : Operation 57 [4/4] (2.15ns) (root node of the DSP)   --->   "%mul_ln22_1 = mul i18 %add_ln22_cast, i18 55" [conv.cpp:22]   --->   Operation 57 'mul' 'mul_ln22_1' <Predicate = true> <Delay = 2.15> <CoreInst = "DSP48">   --->   Core 119 'DSP48' <Latency = 3> <II = 1> <Delay = 2.15> <IPBlock> <Opcode : 'mul' 'add' 'sub' 'select'> <InPorts = 0> <OutPorts = 1> <Sync> <CReg>

State 6 <SV = 5> <Delay = 4.60>
ST_6 : Operation 58 [1/1] (0.00ns) (grouped into LUT with out node select_ln19)   --->   "%select_ln18_1 = select i1 %icmp_ln19, i6 0, i6 %z_load" [conv.cpp:18]   --->   Operation 58 'select' 'select_ln18_1' <Predicate = (or_ln18)> <Delay = 0.00> <CoreInst = "Sel">   --->   Core 73 'Sel' <Latency = 0> <II = 1> <Delay = 1.18> <FuncUnit> <Opcode : 'select'> <InPorts = 3> <OutPorts = 1>
ST_6 : Operation 59 [1/1] (1.18ns) (out node of the LUT)   --->   "%select_ln19 = select i1 %or_ln18, i6 %select_ln18_1, i6 0" [conv.cpp:19]   --->   Operation 59 'select' 'select_ln19' <Predicate = true> <Delay = 1.18> <CoreInst = "Sel">   --->   Core 73 'Sel' <Latency = 0> <II = 1> <Delay = 1.18> <FuncUnit> <Opcode : 'select'> <InPorts = 3> <OutPorts = 1>
ST_6 : Operation 60 [3/4] (2.15ns) (root node of the DSP)   --->   "%mul_ln22_1 = mul i18 %add_ln22_cast, i18 55" [conv.cpp:22]   --->   Operation 60 'mul' 'mul_ln22_1' <Predicate = true> <Delay = 2.15> <CoreInst = "DSP48">   --->   Core 119 'DSP48' <Latency = 3> <II = 1> <Delay = 2.15> <IPBlock> <Opcode : 'mul' 'add' 'sub' 'select'> <InPorts = 0> <OutPorts = 1> <Sync> <CReg>
ST_6 : Operation 61 [1/1] (1.82ns)   --->   "%add_ln20_4 = add i6 %select_ln19, i6 5" [conv.cpp:20]   --->   Operation 61 'add' 'add_ln20_4' <Predicate = true> <Delay = 1.82> <CoreInst = "Adder">   --->   Core 1 'Adder' <Latency = 0> <II = 1> <Delay = 1.82> <FuncUnit> <Opcode : 'add' 'sub'> <InPorts = 2> <OutPorts = 1>
ST_6 : Operation 62 [1/1] (1.58ns)   --->   "%store_ln20 = store i6 %add_ln20_4, i6 %z" [conv.cpp:20]   --->   Operation 62 'store' 'store_ln20' <Predicate = true> <Delay = 1.58>

State 7 <SV = 6> <Delay = 2.15>
ST_7 : Operation 63 [2/4] (2.15ns) (root node of the DSP)   --->   "%mul_ln22_1 = mul i18 %add_ln22_cast, i18 55" [conv.cpp:22]   --->   Operation 63 'mul' 'mul_ln22_1' <Predicate = true> <Delay = 2.15> <CoreInst = "DSP48">   --->   Core 119 'DSP48' <Latency = 3> <II = 1> <Delay = 2.15> <IPBlock> <Opcode : 'mul' 'add' 'sub' 'select'> <InPorts = 0> <OutPorts = 1> <Sync> <CReg>

State 8 <SV = 7> <Delay = 3.25>
ST_8 : Operation 64 [1/1] (0.00ns)   --->   "%zext_ln18 = zext i7 %select_ln18_2" [conv.cpp:18]   --->   Operation 64 'zext' 'zext_ln18' <Predicate = true> <Delay = 0.00>
ST_8 : Operation 65 [1/1] (0.00ns)   --->   "%biases_addr = getelementptr i32 %biases, i64 0, i64 %zext_ln18" [conv.cpp:18]   --->   Operation 65 'getelementptr' 'biases_addr' <Predicate = true> <Delay = 0.00>
ST_8 : Operation 66 [2/2] (3.25ns)   --->   "%biases_load = load i6 %biases_addr" [conv.cpp:18]   --->   Operation 66 'load' 'biases_load' <Predicate = true> <Delay = 3.25> <CoreInst = "RAM">   --->   Core 82 'RAM' <Latency = 1> <II = 1> <Delay = 3.25> <Storage> <Opcode : 'load' 'store'> <Ports = 2> <Width = 32> <Depth = 64> <RAM>
ST_8 : Operation 67 [1/4] (0.00ns) (root node of the DSP)   --->   "%mul_ln22_1 = mul i18 %add_ln22_cast, i18 55" [conv.cpp:22]   --->   Operation 67 'mul' 'mul_ln22_1' <Predicate = true> <Delay = 0.00> <CoreInst = "DSP48">   --->   Core 119 'DSP48' <Latency = 3> <II = 1> <Delay = 2.15> <IPBlock> <Opcode : 'mul' 'add' 'sub' 'select'> <InPorts = 0> <OutPorts = 1> <Sync> <CReg>
ST_8 : Operation 105 [1/1] (0.00ns)   --->   "%ret_ln0 = ret"   --->   Operation 105 'ret' 'ret_ln0' <Predicate = (icmp_ln18)> <Delay = 0.00>

State 9 <SV = 8> <Delay = 7.21>
ST_9 : Operation 68 [1/2] (3.25ns)   --->   "%biases_load = load i6 %biases_addr" [conv.cpp:18]   --->   Operation 68 'load' 'biases_load' <Predicate = true> <Delay = 3.25> <CoreInst = "RAM">   --->   Core 82 'RAM' <Latency = 1> <II = 1> <Delay = 3.25> <Storage> <Opcode : 'load' 'store'> <Ports = 2> <Width = 32> <Depth = 64> <RAM>
ST_9 : Operation 69 [1/1] (0.00ns)   --->   "%zext_ln22_2 = zext i6 %select_ln19" [conv.cpp:22]   --->   Operation 69 'zext' 'zext_ln22_2' <Predicate = true> <Delay = 0.00>
ST_9 : Operation 70 [1/1] (2.13ns)   --->   "%add_ln22_1 = add i18 %mul_ln22_1, i18 %zext_ln22_2" [conv.cpp:22]   --->   Operation 70 'add' 'add_ln22_1' <Predicate = true> <Delay = 2.13> <CoreInst = "Adder">   --->   Core 1 'Adder' <Latency = 0> <II = 1> <Delay = 2.13> <FuncUnit> <Opcode : 'add' 'sub'> <InPorts = 2> <OutPorts = 1>
ST_9 : Operation 71 [1/1] (0.00ns)   --->   "%zext_ln22_3 = zext i18 %add_ln22_1" [conv.cpp:22]   --->   Operation 71 'zext' 'zext_ln22_3' <Predicate = true> <Delay = 0.00>
ST_9 : Operation 72 [1/1] (0.00ns)   --->   "%output_fm_addr = getelementptr i32 %output_fm, i64 0, i64 %zext_ln22_3" [conv.cpp:22]   --->   Operation 72 'getelementptr' 'output_fm_addr' <Predicate = true> <Delay = 0.00>
ST_9 : Operation 73 [1/1] (3.25ns)   --->   "%store_ln22 = store i32 %biases_load, i18 %output_fm_addr" [conv.cpp:22]   --->   Operation 73 'store' 'store_ln22' <Predicate = true> <Delay = 3.25> <CoreInst = "RAM">   --->   Core 82 'RAM' <Latency = 1> <II = 1> <Delay = 3.25> <Storage> <Opcode : 'load' 'store'> <Ports = 2> <Width = 32> <Depth = 193600> <RAM>
ST_9 : Operation 74 [1/1] (1.82ns)   --->   "%add_ln20 = add i6 %select_ln19, i6 1" [conv.cpp:20]   --->   Operation 74 'add' 'add_ln20' <Predicate = true> <Delay = 1.82> <CoreInst = "Adder">   --->   Core 1 'Adder' <Latency = 0> <II = 1> <Delay = 1.82> <FuncUnit> <Opcode : 'add' 'sub'> <InPorts = 2> <OutPorts = 1>
ST_9 : Operation 75 [1/1] (0.00ns)   --->   "%zext_ln22_4 = zext i6 %add_ln20" [conv.cpp:22]   --->   Operation 75 'zext' 'zext_ln22_4' <Predicate = true> <Delay = 0.00>
ST_9 : Operation 76 [1/1] (2.13ns)   --->   "%add_ln22_2 = add i18 %mul_ln22_1, i18 %zext_ln22_4" [conv.cpp:22]   --->   Operation 76 'add' 'add_ln22_2' <Predicate = true> <Delay = 2.13> <CoreInst = "Adder">   --->   Core 1 'Adder' <Latency = 0> <II = 1> <Delay = 2.13> <FuncUnit> <Opcode : 'add' 'sub'> <InPorts = 2> <OutPorts = 1>
ST_9 : Operation 77 [1/1] (0.00ns)   --->   "%zext_ln22_5 = zext i18 %add_ln22_2" [conv.cpp:22]   --->   Operation 77 'zext' 'zext_ln22_5' <Predicate = true> <Delay = 0.00>
ST_9 : Operation 78 [1/1] (0.00ns)   --->   "%output_fm_addr_1 = getelementptr i32 %output_fm, i64 0, i64 %zext_ln22_5" [conv.cpp:22]   --->   Operation 78 'getelementptr' 'output_fm_addr_1' <Predicate = true> <Delay = 0.00>
ST_9 : Operation 79 [1/1] (3.25ns)   --->   "%store_ln22 = store i32 %biases_load, i18 %output_fm_addr_1" [conv.cpp:22]   --->   Operation 79 'store' 'store_ln22' <Predicate = true> <Delay = 3.25> <CoreInst = "RAM">   --->   Core 82 'RAM' <Latency = 1> <II = 1> <Delay = 3.25> <Storage> <Opcode : 'load' 'store'> <Ports = 2> <Width = 32> <Depth = 193600> <RAM>
ST_9 : Operation 80 [1/1] (1.82ns)   --->   "%add_ln20_1 = add i6 %select_ln19, i6 2" [conv.cpp:20]   --->   Operation 80 'add' 'add_ln20_1' <Predicate = true> <Delay = 1.82> <CoreInst = "Adder">   --->   Core 1 'Adder' <Latency = 0> <II = 1> <Delay = 1.82> <FuncUnit> <Opcode : 'add' 'sub'> <InPorts = 2> <OutPorts = 1>
ST_9 : Operation 81 [1/1] (1.82ns)   --->   "%add_ln20_2 = add i6 %select_ln19, i6 3" [conv.cpp:20]   --->   Operation 81 'add' 'add_ln20_2' <Predicate = true> <Delay = 1.82> <CoreInst = "Adder">   --->   Core 1 'Adder' <Latency = 0> <II = 1> <Delay = 1.82> <FuncUnit> <Opcode : 'add' 'sub'> <InPorts = 2> <OutPorts = 1>
ST_9 : Operation 82 [1/1] (1.82ns)   --->   "%add_ln20_3 = add i6 %select_ln19, i6 4" [conv.cpp:20]   --->   Operation 82 'add' 'add_ln20_3' <Predicate = true> <Delay = 1.82> <CoreInst = "Adder">   --->   Core 1 'Adder' <Latency = 0> <II = 1> <Delay = 1.82> <FuncUnit> <Opcode : 'add' 'sub'> <InPorts = 2> <OutPorts = 1>

State 10 <SV = 9> <Delay = 5.39>
ST_10 : Operation 83 [1/1] (0.00ns)   --->   "%zext_ln22_6 = zext i6 %add_ln20_1" [conv.cpp:22]   --->   Operation 83 'zext' 'zext_ln22_6' <Predicate = true> <Delay = 0.00>
ST_10 : Operation 84 [1/1] (2.13ns)   --->   "%add_ln22_3 = add i18 %mul_ln22_1, i18 %zext_ln22_6" [conv.cpp:22]   --->   Operation 84 'add' 'add_ln22_3' <Predicate = true> <Delay = 2.13> <CoreInst = "Adder">   --->   Core 1 'Adder' <Latency = 0> <II = 1> <Delay = 2.13> <FuncUnit> <Opcode : 'add' 'sub'> <InPorts = 2> <OutPorts = 1>
ST_10 : Operation 85 [1/1] (0.00ns)   --->   "%zext_ln22_7 = zext i18 %add_ln22_3" [conv.cpp:22]   --->   Operation 85 'zext' 'zext_ln22_7' <Predicate = true> <Delay = 0.00>
ST_10 : Operation 86 [1/1] (0.00ns)   --->   "%output_fm_addr_2 = getelementptr i32 %output_fm, i64 0, i64 %zext_ln22_7" [conv.cpp:22]   --->   Operation 86 'getelementptr' 'output_fm_addr_2' <Predicate = true> <Delay = 0.00>
ST_10 : Operation 87 [1/1] (3.25ns)   --->   "%store_ln22 = store i32 %biases_load, i18 %output_fm_addr_2" [conv.cpp:22]   --->   Operation 87 'store' 'store_ln22' <Predicate = true> <Delay = 3.25> <CoreInst = "RAM">   --->   Core 82 'RAM' <Latency = 1> <II = 1> <Delay = 3.25> <Storage> <Opcode : 'load' 'store'> <Ports = 2> <Width = 32> <Depth = 193600> <RAM>
ST_10 : Operation 88 [1/1] (0.00ns)   --->   "%zext_ln22_8 = zext i6 %add_ln20_2" [conv.cpp:22]   --->   Operation 88 'zext' 'zext_ln22_8' <Predicate = true> <Delay = 0.00>
ST_10 : Operation 89 [1/1] (2.13ns)   --->   "%add_ln22_4 = add i18 %mul_ln22_1, i18 %zext_ln22_8" [conv.cpp:22]   --->   Operation 89 'add' 'add_ln22_4' <Predicate = true> <Delay = 2.13> <CoreInst = "Adder">   --->   Core 1 'Adder' <Latency = 0> <II = 1> <Delay = 2.13> <FuncUnit> <Opcode : 'add' 'sub'> <InPorts = 2> <OutPorts = 1>
ST_10 : Operation 90 [1/1] (0.00ns)   --->   "%zext_ln22_9 = zext i18 %add_ln22_4" [conv.cpp:22]   --->   Operation 90 'zext' 'zext_ln22_9' <Predicate = true> <Delay = 0.00>
ST_10 : Operation 91 [1/1] (0.00ns)   --->   "%output_fm_addr_3 = getelementptr i32 %output_fm, i64 0, i64 %zext_ln22_9" [conv.cpp:22]   --->   Operation 91 'getelementptr' 'output_fm_addr_3' <Predicate = true> <Delay = 0.00>
ST_10 : Operation 92 [1/1] (3.25ns)   --->   "%store_ln22 = store i32 %biases_load, i18 %output_fm_addr_3" [conv.cpp:22]   --->   Operation 92 'store' 'store_ln22' <Predicate = true> <Delay = 3.25> <CoreInst = "RAM">   --->   Core 82 'RAM' <Latency = 1> <II = 1> <Delay = 3.25> <Storage> <Opcode : 'load' 'store'> <Ports = 2> <Width = 32> <Depth = 193600> <RAM>
ST_10 : Operation 93 [1/1] (0.00ns)   --->   "%zext_ln22_10 = zext i6 %add_ln20_3" [conv.cpp:22]   --->   Operation 93 'zext' 'zext_ln22_10' <Predicate = true> <Delay = 0.00>
ST_10 : Operation 94 [1/1] (2.13ns)   --->   "%add_ln22_5 = add i18 %mul_ln22_1, i18 %zext_ln22_10" [conv.cpp:22]   --->   Operation 94 'add' 'add_ln22_5' <Predicate = true> <Delay = 2.13> <CoreInst = "Adder">   --->   Core 1 'Adder' <Latency = 0> <II = 1> <Delay = 2.13> <FuncUnit> <Opcode : 'add' 'sub'> <InPorts = 2> <OutPorts = 1>

State 11 <SV = 10> <Delay = 3.25>
ST_11 : Operation 95 [1/1] (0.00ns)   --->   "%specloopname_ln0 = specloopname void @_ssdm_op_SpecLoopName, void @VITIS_LOOP_18_1_VITIS_LOOP_19_2_VITIS_LOOP_20_3_str"   --->   Operation 95 'specloopname' 'specloopname_ln0' <Predicate = true> <Delay = 0.00>
ST_11 : Operation 96 [1/1] (0.00ns)   --->   "%empty = speclooptripcount i32 @_ssdm_op_SpecLoopTripCount, i64 38720, i64 38720, i64 38720"   --->   Operation 96 'speclooptripcount' 'empty' <Predicate = true> <Delay = 0.00>
ST_11 : Operation 97 [1/1] (0.00ns)   --->   "%specpipeline_ln0 = specpipeline void @_ssdm_op_SpecPipeline, i32 4294967295, i32 0, i32 1, i32 0, void @p_str"   --->   Operation 97 'specpipeline' 'specpipeline_ln0' <Predicate = true> <Delay = 0.00>
ST_11 : Operation 98 [1/1] (0.00ns)   --->   "%specloopname_ln0 = specloopname void @_ssdm_op_SpecLoopName, void @VITIS_LOOP_19_2_VITIS_LOOP_20_3_str"   --->   Operation 98 'specloopname' 'specloopname_ln0' <Predicate = true> <Delay = 0.00>
ST_11 : Operation 99 [1/1] (0.00ns)   --->   "%specpipeline_ln0 = specpipeline void @_ssdm_op_SpecPipeline, i32 4294967295, i32 0, i32 1, i32 0, void @p_str"   --->   Operation 99 'specpipeline' 'specpipeline_ln0' <Predicate = true> <Delay = 0.00>
ST_11 : Operation 100 [1/1] (0.00ns)   --->   "%specloopname_ln17 = specloopname void @_ssdm_op_SpecLoopName, void @empty_3" [conv.cpp:17]   --->   Operation 100 'specloopname' 'specloopname_ln17' <Predicate = true> <Delay = 0.00>
ST_11 : Operation 101 [1/1] (0.00ns)   --->   "%zext_ln22_11 = zext i18 %add_ln22_5" [conv.cpp:22]   --->   Operation 101 'zext' 'zext_ln22_11' <Predicate = true> <Delay = 0.00>
ST_11 : Operation 102 [1/1] (0.00ns)   --->   "%output_fm_addr_4 = getelementptr i32 %output_fm, i64 0, i64 %zext_ln22_11" [conv.cpp:22]   --->   Operation 102 'getelementptr' 'output_fm_addr_4' <Predicate = true> <Delay = 0.00>
ST_11 : Operation 103 [1/1] (3.25ns)   --->   "%store_ln22 = store i32 %biases_load, i18 %output_fm_addr_4" [conv.cpp:22]   --->   Operation 103 'store' 'store_ln22' <Predicate = true> <Delay = 3.25> <CoreInst = "RAM">   --->   Core 82 'RAM' <Latency = 1> <II = 1> <Delay = 3.25> <Storage> <Opcode : 'load' 'store'> <Ports = 2> <Width = 32> <Depth = 193600> <RAM>
ST_11 : Operation 104 [1/1] (0.00ns)   --->   "%br_ln20 = br void %for.inc" [conv.cpp:20]   --->   Operation 104 'br' 'br_ln20' <Predicate = true> <Delay = 0.00>


============================================================
+ Verbose Summary: Timing violations
============================================================
Target clock period: 10ns, clock uncertainty: 2.7ns.

 <State 1>: 1.59ns
The critical path consists of the following:
	'alloca' operation ('indvar_flatten14') [7]  (0 ns)
	'store' operation ('store_ln0') of constant 0 on local variable 'indvar_flatten14' [10]  (1.59 ns)

 <State 2>: 4.45ns
The critical path consists of the following:
	'load' operation ('x_load', conv.cpp:18) on local variable 'x' [26]  (0 ns)
	'add' operation ('add_ln18', conv.cpp:18) [27]  (1.87 ns)
	'select' operation ('select_ln18_2', conv.cpp:18) [33]  (0.993 ns)
	'store' operation ('store_ln20', conv.cpp:20) of variable 'select_ln18_2', conv.cpp:18 on local variable 'x' [85]  (1.59 ns)

 <State 3>: 1.05ns
The critical path consists of the following:
	'mul' operation of DSP[47] ('mul_ln22', conv.cpp:22) [36]  (1.05 ns)

 <State 4>: 6.3ns
The critical path consists of the following:
	'load' operation ('y_load', conv.cpp:18) on local variable 'y' [24]  (0 ns)
	'select' operation ('select_ln18', conv.cpp:18) [31]  (1.19 ns)
	'add' operation ('add_ln19', conv.cpp:19) [42]  (1.83 ns)
	'select' operation ('select_ln19_1', conv.cpp:19) [45]  (1.19 ns)
	'add' operation of DSP[47] ('add_ln22', conv.cpp:22) [47]  (2.1 ns)

 <State 5>: 4.25ns
The critical path consists of the following:
	'add' operation of DSP[47] ('add_ln22', conv.cpp:22) [47]  (2.1 ns)
	'mul' operation of DSP[49] ('mul_ln22_1', conv.cpp:22) [49]  (2.15 ns)

 <State 6>: 4.6ns
The critical path consists of the following:
	'select' operation ('select_ln18_1', conv.cpp:18) [32]  (0 ns)
	'select' operation ('select_ln19', conv.cpp:19) [44]  (1.19 ns)
	'add' operation ('add_ln20_4', conv.cpp:20) [81]  (1.83 ns)
	'store' operation ('store_ln20', conv.cpp:20) of variable 'add_ln20_4', conv.cpp:20 on local variable 'z' [88]  (1.59 ns)

 <State 7>: 2.15ns
The critical path consists of the following:
	'mul' operation of DSP[49] ('mul_ln22_1', conv.cpp:22) [49]  (2.15 ns)

 <State 8>: 3.25ns
The critical path consists of the following:
	'getelementptr' operation ('biases_addr', conv.cpp:18) [37]  (0 ns)
	'load' operation ('biases_load', conv.cpp:18) on array 'biases' [38]  (3.25 ns)

 <State 9>: 7.22ns
The critical path consists of the following:
	'add' operation ('add_ln20', conv.cpp:20) [57]  (1.83 ns)
	'add' operation ('add_ln22_2', conv.cpp:22) [59]  (2.14 ns)
	'getelementptr' operation ('output_fm_addr_1', conv.cpp:22) [61]  (0 ns)
	'store' operation ('store_ln22', conv.cpp:22) of variable 'biases_load', conv.cpp:18 on array 'output_fm' [62]  (3.25 ns)

 <State 10>: 5.39ns
The critical path consists of the following:
	'add' operation ('add_ln22_3', conv.cpp:22) [65]  (2.14 ns)
	'getelementptr' operation ('output_fm_addr_2', conv.cpp:22) [67]  (0 ns)
	'store' operation ('store_ln22', conv.cpp:22) of variable 'biases_load', conv.cpp:18 on array 'output_fm' [68]  (3.25 ns)

 <State 11>: 3.25ns
The critical path consists of the following:
	'getelementptr' operation ('output_fm_addr_4', conv.cpp:22) [79]  (0 ns)
	'store' operation ('store_ln22', conv.cpp:22) of variable 'biases_load', conv.cpp:18 on array 'output_fm' [80]  (3.25 ns)


============================================================
+ Verbose Summary: Binding
============================================================
N/A
* FSMD analyzer results:
  - Output states:
 - Input state : 
  - Chain level:
	State 1
	State 2
	State 3
	State 4
	State 5
	State 6
	State 7
	State 8
	State 9
	State 10
	State 11


============================================================
+ Verbose Summary: Datapath Resource usage 
============================================================
N/A
