

================================================================
== Vitis HLS Report for 'conv'
================================================================
* Date:           Wed Oct  7 16:10:24 2026

* Version:        2022.2 (Build 3670227 on Oct 13 2022)
* Project:        vitis.prj
* Solution:       solution1 (Vivado IP Flow Target)
* Product family: zynq
* Target device:  xc7z020-clg400-1


================================================================
== Performance Estimates
================================================================
+ Timing: 
    * Summary: 
    +--------+----------+----------+------------+
    |  Clock |  Target  | Estimated| Uncertainty|
    +--------+----------+----------+------------+
    |ap_clk  |  10.00 ns|  7.256 ns|     2.70 ns|
    +--------+----------+----------+------------+

+ Latency: 
    * Summary: 
    +-----------+-----------+-----------+-----------+-----------+-----------+---------+
    |    Latency (cycles)   |   Latency (absolute)  |        Interval       | Pipeline|
    |    min    |    max    |    min    |    max    |    min    |    max    |   Type  |
    +-----------+-----------+-----------+-----------+-----------+-----------+---------+
    |  562524194|  562524194|  5.625 sec|  5.625 sec|  562524195|  562524195|       no|
    +-----------+-----------+-----------+-----------+-----------+-----------+---------+

    + Detail: 
        * Instance: 
        +-----------------------------------------------------------------------------------------+-------------------------------------------------------------------------------+-----------+-----------+-----------+-----------+-----------+-----------+---------+
        |                                                                                         |                                                                               |    Latency (cycles)   |   Latency (absolute)  |        Interval       | Pipeline|
        |                                         Instance                                        |                                     Module                                    |    min    |    max    |    min    |    max    |    min    |    max    |   Type  |
        +-----------------------------------------------------------------------------------------+-------------------------------------------------------------------------------+-----------+-----------+-----------+-----------+-----------+-----------+---------+
        |grp_conv_Pipeline_VITIS_LOOP_18_1_VITIS_LOOP_19_2_VITIS_LOOP_20_3_fu_30                  |conv_Pipeline_VITIS_LOOP_18_1_VITIS_LOOP_19_2_VITIS_LOOP_20_3                  |     116168|     116168|   1.162 ms|   1.162 ms|     116168|     116168|       no|
        |grp_conv_Pipeline_VITIS_LOOP_28_4_VITIS_LOOP_30_6_VITIS_LOOP_36_8_VITIS_LOOP_37_9_fu_38  |conv_Pipeline_VITIS_LOOP_28_4_VITIS_LOOP_30_6_VITIS_LOOP_36_8_VITIS_LOOP_37_9  |  562214412|  562214412|  5.622 sec|  5.622 sec|  562214412|  562214412|       no|
        |grp_conv_Pipeline_VITIS_LOOP_52_10_VITIS_LOOP_53_11_VITIS_LOOP_54_12_fu_48               |conv_Pipeline_VITIS_LOOP_52_10_VITIS_LOOP_53_11_VITIS_LOOP_54_12               |     193609|     193609|   1.936 ms|   1.936 ms|     193609|     193609|       no|
        +-----------------------------------------------------------------------------------------+-------------------------------------------------------------------------------+-----------+-----------+-----------+-----------+-----------+-----------+---------+

        * Loop: 
        N/A



================================================================
== Utilization Estimates
================================================================
* Summary: 
+-----------------+---------+-----+--------+-------+-----+
|       Name      | BRAM_18K| DSP |   FF   |  LUT  | URAM|
+-----------------+---------+-----+--------+-------+-----+
|DSP              |        -|    -|       -|      -|    -|
|Expression       |        -|    -|       -|      -|    -|
|FIFO             |        -|    -|       -|      -|    -|
|Instance         |        -|   13|    1282|   2488|    -|
|Memory           |        -|    -|       -|      -|    -|
|Multiplexer      |        -|    -|       -|    154|    -|
|Register         |        -|    -|       9|      -|    -|
+-----------------+---------+-----+--------+-------+-----+
|Total            |        0|   13|    1291|   2642|    0|
+-----------------+---------+-----+--------+-------+-----+
|Available        |      280|  220|  106400|  53200|    0|
+-----------------+---------+-----+--------+-------+-----+
|Utilization (%)  |        0|    5|       1|      4|    0|
+-----------------+---------+-----+--------+-------+-----+

+ Detail: 
    * Instance: 
    +-----------------------------------------------------------------------------------------+-------------------------------------------------------------------------------+---------+----+-----+------+-----+
    |                                         Instance                                        |                                     Module                                    | BRAM_18K| DSP|  FF |  LUT | URAM|
    +-----------------------------------------------------------------------------------------+-------------------------------------------------------------------------------+---------+----+-----+------+-----+
    |grp_conv_Pipeline_VITIS_LOOP_18_1_VITIS_LOOP_19_2_VITIS_LOOP_20_3_fu_30                  |conv_Pipeline_VITIS_LOOP_18_1_VITIS_LOOP_19_2_VITIS_LOOP_20_3                  |        0|   2|  182|   519|    0|
    |grp_conv_Pipeline_VITIS_LOOP_28_4_VITIS_LOOP_30_6_VITIS_LOOP_36_8_VITIS_LOOP_37_9_fu_38  |conv_Pipeline_VITIS_LOOP_28_4_VITIS_LOOP_30_6_VITIS_LOOP_36_8_VITIS_LOOP_37_9  |        0|  10|  894|  1643|    0|
    |grp_conv_Pipeline_VITIS_LOOP_52_10_VITIS_LOOP_53_11_VITIS_LOOP_54_12_fu_48               |conv_Pipeline_VITIS_LOOP_52_10_VITIS_LOOP_53_11_VITIS_LOOP_54_12               |        0|   1|  206|   326|    0|
    +-----------------------------------------------------------------------------------------+-------------------------------------------------------------------------------+---------+----+-----+------+-----+
    |Total                                                                                    |                                                                               |        0|  13| 1282|  2488|    0|
    +-----------------------------------------------------------------------------------------+-------------------------------------------------------------------------------+---------+----+-----+------+-----+

    * DSP: 
    N/A

    * Memory: 
    N/A

    * FIFO: 
    N/A

    * Expression: 
    N/A

    * Multiplexer: 
    +--------------------+----+-----------+-----+-----------+
    |        Name        | LUT| Input Size| Bits| Total Bits|
    +--------------------+----+-----------+-----+-----------+
    |ap_NS_fsm           |  37|          7|    1|          7|
    |output_fm_address0  |  20|          4|   18|         72|
    |output_fm_address1  |  14|          3|   18|         54|
    |output_fm_ce0       |  20|          4|    1|          4|
    |output_fm_ce1       |  14|          3|    1|          3|
    |output_fm_d0        |  20|          4|   32|        128|
    |output_fm_we0       |  20|          4|    1|          4|
    |output_fm_we1       |   9|          2|    1|          2|
    +--------------------+----+-----------+-----+-----------+
    |Total               | 154|         31|   73|        274|
    +--------------------+----+-----------+-----+-----------+

    * Register: 
    +------------------------------------------------------------------------------------------------------+---+----+-----+-----------+
    |                                                 Name                                                 | FF| LUT| Bits| Const Bits|
    +------------------------------------------------------------------------------------------------------+---+----+-----+-----------+
    |ap_CS_fsm                                                                                             |  6|   0|    6|          0|
    |grp_conv_Pipeline_VITIS_LOOP_18_1_VITIS_LOOP_19_2_VITIS_LOOP_20_3_fu_30_ap_start_reg                  |  1|   0|    1|          0|
    |grp_conv_Pipeline_VITIS_LOOP_28_4_VITIS_LOOP_30_6_VITIS_LOOP_36_8_VITIS_LOOP_37_9_fu_38_ap_start_reg  |  1|   0|    1|          0|
    |grp_conv_Pipeline_VITIS_LOOP_52_10_VITIS_LOOP_53_11_VITIS_LOOP_54_12_fu_48_ap_start_reg               |  1|   0|    1|          0|
    +------------------------------------------------------------------------------------------------------+---+----+-----+-----------+
    |Total                                                                                                 |  9|   0|    9|          0|
    +------------------------------------------------------------------------------------------------------+---+----+-----+-----------+



================================================================
== Interface
================================================================
* Summary: 
+--------------------+-----+-----+------------+--------------+--------------+
|      RTL Ports     | Dir | Bits|  Protocol  | Source Object|    C Type    |
+--------------------+-----+-----+------------+--------------+--------------+
|ap_clk              |   in|    1|  ap_ctrl_hs|          conv|  return value|
|ap_rst              |   in|    1|  ap_ctrl_hs|          conv|  return value|
|ap_start            |   in|    1|  ap_ctrl_hs|          conv|  return value|
|ap_done             |  out|    1|  ap_ctrl_hs|          conv|  return value|
|ap_idle             |  out|    1|  ap_ctrl_hs|          conv|  return value|
|ap_ready            |  out|    1|  ap_ctrl_hs|          conv|  return value|
|input_fm_address0   |  out|   18|   ap_memory|      input_fm|         array|
|input_fm_ce0        |  out|    1|   ap_memory|      input_fm|         array|
|input_fm_q0         |   in|   32|   ap_memory|      input_fm|         array|
|weights_address0    |  out|   15|   ap_memory|       weights|         array|
|weights_ce0         |  out|    1|   ap_memory|       weights|         array|
|weights_q0          |   in|   32|   ap_memory|       weights|         array|
|biases_address0     |  out|    6|   ap_memory|        biases|         array|
|biases_ce0          |  out|    1|   ap_memory|        biases|         array|
|biases_q0           |   in|   32|   ap_memory|        biases|         array|
|output_fm_address0  |  out|   18|   ap_memory|     output_fm|         array|
|output_fm_ce0       |  out|    1|   ap_memory|     output_fm|         array|
|output_fm_we0       |  out|    1|   ap_memory|     output_fm|         array|
|output_fm_d0        |  out|   32|   ap_memory|     output_fm|         array|
|output_fm_q0        |   in|   32|   ap_memory|     output_fm|         array|
|output_fm_address1  |  out|   18|   ap_memory|     output_fm|         array|
|output_fm_ce1       |  out|    1|   ap_memory|     output_fm|         array|
|output_fm_we1       |  out|    1|   ap_memory|     output_fm|         array|
|output_fm_d1        |  out|   32|   ap_memory|     output_fm|         array|
|output_fm_q1        |   in|   32|   ap_memory|     output_fm|         array|
+--------------------+-----+-----+------------+--------------+--------------+

============================================================
+ Verbose Summary: Synthesis Manager
============================================================
InlineROM: 1
ExposeGlobal: 0
============================================================
+ Verbose Summary: CDFG Model
============================================================
IsTopModel: 1
ResetActiveHigh: 1
IsCombinational: 2
IsDatapathOnly: 2
HasWiredReturn: 1
HasMFsm: 0
HasVarLatency: 1
IsPipeline: 0
IsRtlPipelined: 0
IsInstanceOverlapped: 0
IsDontTouch: 0
HasImplIP: 0
IsGatedGlobalClock: 0


============================================================
+ Verbose Summary: Schedule
============================================================
* Number of FSM states : 6
* Pipeline : 0
* Dataflow Pipeline: 0

* FSM state transitions: 
1 --> 2 
2 --> 3 
3 --> 4 
4 --> 5 
5 --> 6 
6 --> 

* FSM state operations: 

State 1 <SV = 0> <Delay = 0.00>
ST_1 : Operation 7 [2/2] (0.00ns)   --->   "%call_ln0 = call void @conv_Pipeline_VITIS_LOOP_18_1_VITIS_LOOP_19_2_VITIS_LOOP_20_3, i32 %biases, i32 %output_fm"   --->   Operation 7 'call' 'call_ln0' <Predicate = true> <Delay = 0.00> <CoreType = "Generic">   --->   Core 0 '' <Latency = 0> <II = 1> <Delay = 1.00> <Generic> <Opcode : >

State 2 <SV = 1> <Delay = 0.00>
ST_2 : Operation 8 [1/2] (0.00ns)   --->   "%call_ln0 = call void @conv_Pipeline_VITIS_LOOP_18_1_VITIS_LOOP_19_2_VITIS_LOOP_20_3, i32 %biases, i32 %output_fm"   --->   Operation 8 'call' 'call_ln0' <Predicate = true> <Delay = 0.00> <CoreType = "Generic">   --->   Core 0 '' <Latency = 0> <II = 1> <Delay = 1.00> <Generic> <Opcode : >

State 3 <SV = 2> <Delay = 0.00>
ST_3 : Operation 9 [2/2] (0.00ns)   --->   "%call_ln0 = call void @conv_Pipeline_VITIS_LOOP_28_4_VITIS_LOOP_30_6_VITIS_LOOP_36_8_VITIS_LOOP_37_9, i32 %output_fm, i32 %weights, i32 %input_fm"   --->   Operation 9 'call' 'call_ln0' <Predicate = true> <Delay = 0.00> <CoreType = "Generic">   --->   Core 0 '' <Latency = 0> <II = 1> <Delay = 1.00> <Generic> <Opcode : >

State 4 <SV = 3> <Delay = 0.00>
ST_4 : Operation 10 [1/2] (0.00ns)   --->   "%call_ln0 = call void @conv_Pipeline_VITIS_LOOP_28_4_VITIS_LOOP_30_6_VITIS_LOOP_36_8_VITIS_LOOP_37_9, i32 %output_fm, i32 %weights, i32 %input_fm"   --->   Operation 10 'call' 'call_ln0' <Predicate = true> <Delay = 0.00> <CoreType = "Generic">   --->   Core 0 '' <Latency = 0> <II = 1> <Delay = 1.00> <Generic> <Opcode : >

State 5 <SV = 4> <Delay = 0.00>
ST_5 : Operation 11 [2/2] (0.00ns)   --->   "%call_ln0 = call void @conv_Pipeline_VITIS_LOOP_52_10_VITIS_LOOP_53_11_VITIS_LOOP_54_12, i32 %output_fm"   --->   Operation 11 'call' 'call_ln0' <Predicate = true> <Delay = 0.00> <CoreType = "Generic">   --->   Core 0 '' <Latency = 0> <II = 1> <Delay = 1.00> <Generic> <Opcode : >

State 6 <SV = 5> <Delay = 0.00>
ST_6 : Operation 12 [1/1] (0.00ns)   --->   "%spectopmodule_ln4 = spectopmodule void @_ssdm_op_SpecTopModule, void @empty_0" [conv.cpp:4]   --->   Operation 12 'spectopmodule' 'spectopmodule_ln4' <Predicate = true> <Delay = 0.00>
ST_6 : Operation 13 [1/1] (0.00ns)   --->   "%specinterface_ln0 = specinterface void @_ssdm_op_SpecInterface, i32 %input_fm, void @empty_4, i32 0, i32 0, void @empty, i32 4294967295, i32 0, void @empty, void @empty, void @empty, i32 0, i32 0, i32 0, i32 0, void @empty, void @empty, i32 4294967295, i32 0"   --->   Operation 13 'specinterface' 'specinterface_ln0' <Predicate = true> <Delay = 0.00>
ST_6 : Operation 14 [1/1] (0.00ns)   --->   "%specbitsmap_ln0 = specbitsmap void @_ssdm_op_SpecBitsMap, i32 %input_fm"   --->   Operation 14 'specbitsmap' 'specbitsmap_ln0' <Predicate = true> <Delay = 0.00>
ST_6 : Operation 15 [1/1] (0.00ns)   --->   "%specinterface_ln0 = specinterface void @_ssdm_op_SpecInterface, i32 %weights, void @empty_4, i32 0, i32 0, void @empty, i32 4294967295, i32 0, void @empty, void @empty, void @empty, i32 0, i32 0, i32 0, i32 0, void @empty, void @empty, i32 4294967295, i32 0"   --->   Operation 15 'specinterface' 'specinterface_ln0' <Predicate = true> <Delay = 0.00>
ST_6 : Operation 16 [1/1] (0.00ns)   --->   "%specbitsmap_ln0 = specbitsmap void @_ssdm_op_SpecBitsMap, i32 %weights"   --->   Operation 16 'specbitsmap' 'specbitsmap_ln0' <Predicate = true> <Delay = 0.00>
ST_6 : Operation 17 [1/1] (0.00ns)   --->   "%specinterface_ln0 = specinterface void @_ssdm_op_SpecInterface, i32 %biases, void @empty_4, i32 0, i32 0, void @empty, i32 4294967295, i32 0, void @empty, void @empty, void @empty, i32 0, i32 0, i32 0, i32 0, void @empty, void @empty, i32 4294967295, i32 0"   --->   Operation 17 'specinterface' 'specinterface_ln0' <Predicate = true> <Delay = 0.00>
ST_6 : Operation 18 [1/1] (0.00ns)   --->   "%specbitsmap_ln0 = specbitsmap void @_ssdm_op_SpecBitsMap, i32 %biases"   --->   Operation 18 'specbitsmap' 'specbitsmap_ln0' <Predicate = true> <Delay = 0.00>
ST_6 : Operation 19 [1/1] (0.00ns)   --->   "%specinterface_ln0 = specinterface void @_ssdm_op_SpecInterface, i32 %output_fm, void @empty_4, i32 0, i32 0, void @empty, i32 4294967295, i32 0, void @empty, void @empty, void @empty, i32 0, i32 0, i32 0, i32 0, void @empty, void @empty, i32 4294967295, i32 0"   --->   Operation 19 'specinterface' 'specinterface_ln0' <Predicate = true> <Delay = 0.00>
ST_6 : Operation 20 [1/1] (0.00ns)   --->   "%specbitsmap_ln0 = specbitsmap void @_ssdm_op_SpecBitsMap, i32 %output_fm"   --->   Operation 20 'specbitsmap' 'specbitsmap_ln0' <Predicate = true> <Delay = 0.00>
ST_6 : Operation 21 [1/2] (0.00ns)   --->   "%call_ln0 = call void @conv_Pipeline_VITIS_LOOP_52_10_VITIS_LOOP_53_11_VITIS_LOOP_54_12, i32 %output_fm"   --->   Operation 21 'call' 'call_ln0' <Predicate = true> <Delay = 0.00> <CoreType = "Generic">   --->   Core 0 '' <Latency = 0> <II = 1> <Delay = 1.00> <Generic> <Opcode : >
ST_6 : Operation 22 [1/1] (0.00ns)   --->   "%ret_ln60 = ret" [conv.cpp:60]   --->   Operation 22 'ret' 'ret_ln60' <Predicate = true> <Delay = 0.00>


============================================================
+ Verbose Summary: Binding
============================================================
STG Binding: 
---------------- STG Properties BEGIN ----------------
- Is combinational: 0
- Is one-state seq: 0
- Is datapath-only: 0
- Is pipelined: 0
- Is top level: 1
Port [ Return ] is wired: 1; IO mode=ap_ctrl_hs:ce=0
Port [ input_fm]:  wired=1; compound=1; hidden=0; nouse=0; global=0; static=0; extern=0; dir=0; type=1; pingpong=0; private_global=0; MemPort=[13]; IO mode=ap_memory:ce=0
Port [ weights]:  wired=1; compound=1; hidden=0; nouse=0; global=0; static=0; extern=0; dir=0; type=1; pingpong=0; private_global=0; MemPort=[13]; IO mode=ap_memory:ce=0
Port [ biases]:  wired=1; compound=1; hidden=0; nouse=0; global=0; static=0; extern=0; dir=0; type=1; pingpong=0; private_global=0; MemPort=[13]; IO mode=ap_memory:ce=0
Port [ output_fm]:  wired=1; compound=1; hidden=0; nouse=0; global=0; static=0; extern=0; dir=2; type=1; pingpong=0; private_global=0; MemPort=[22]; IO mode=ap_memory:ce=0
---------------- STG Properties END ------------------

---------------- Datapath Model BEGIN ----------------

<LifeTime>
<method=bitvector/>
call_ln0          (call         ) [ 0000000]
call_ln0          (call         ) [ 0000000]
spectopmodule_ln4 (spectopmodule) [ 0000000]
specinterface_ln0 (specinterface) [ 0000000]
specbitsmap_ln0   (specbitsmap  ) [ 0000000]
specinterface_ln0 (specinterface) [ 0000000]
specbitsmap_ln0   (specbitsmap  ) [ 0000000]
specinterface_ln0 (specinterface) [ 0000000]
specbitsmap_ln0   (specbitsmap  ) [ 0000000]
specinterface_ln0 (specinterface) [ 0000000]
specbitsmap_ln0   (specbitsmap  ) [ 0000000]
call_ln0          (call         ) [ 0000000]
ret_ln60          (ret          ) [ 0000000]
</LifeTime>

<model>

<comp_list>
<comp id="0" class="1000" name="input_fm">
<pin_list>
<pin id="1" dir="1" index="0" bw="1" slack="0"/>
</pin_list>
<bind>
<StgValue><ssdm name="input_fm"/><MemPortTyVec>1 3 </MemPortTyVec>
</StgValue>
</bind>
</comp>

<comp id="2" class="1000" name="weights">
<pin_list>
<pin id="3" dir="1" index="0" bw="1" slack="0"/>
</pin_list>
<bind>
<StgValue><ssdm name="weights"/><MemPortTyVec>1 3 </MemPortTyVec>
</StgValue>
</bind>
</comp>

<comp id="4" class="1000" name="biases">
<pin_list>
<pin id="5" dir="1" index="0" bw="1" slack="0"/>
</pin_list>
<bind>
<StgValue><ssdm name="biases"/><MemPortTyVec>1 3 </MemPortTyVec>
</StgValue>
</bind>
</comp>

<comp id="6" class="1000" name="output_fm">
<pin_list>
<pin id="7" dir="1" index="0" bw="1" slack="0"/>
</pin_list>
<bind>
<StgValue><ssdm name="output_fm"/><MemPortTyVec>2 2 </MemPortTyVec>
</StgValue>
</bind>
</comp>

<comp id="8" class="1001" name="const_8">
<pin_list>
<pin id="9" dir="1" index="0" bw="1" slack="0"/>
</pin_list>
<bind>
<StgValue><ssdm name="conv_Pipeline_VITIS_LOOP_18_1_VITIS_LOOP_19_2_VITIS_LOOP_20_3"/></StgValue>
</bind>
</comp>

<comp id="10" class="1001" name="const_10">
<pin_list>
<pin id="11" dir="1" index="0" bw="1" slack="0"/>
</pin_list>
<bind>
<StgValue><ssdm name="conv_Pipeline_VITIS_LOOP_28_4_VITIS_LOOP_30_6_VITIS_LOOP_36_8_VITIS_LOOP_37_9"/></StgValue>
</bind>
</comp>

<comp id="12" class="1001" name="const_12">
<pin_list>
<pin id="13" dir="1" index="0" bw="1" slack="0"/>
</pin_list>
<bind>
<StgValue><ssdm name="conv_Pipeline_VITIS_LOOP_52_10_VITIS_LOOP_53_11_VITIS_LOOP_54_12"/></StgValue>
</bind>
</comp>

<comp id="14" class="1001" name="const_14">
<pin_list>
<pin id="15" dir="1" index="0" bw="1" slack="2147483647"/>
</pin_list>
<bind>
<StgValue><ssdm name="_ssdm_op_SpecTopModule"/></StgValue>
</bind>
</comp>

<comp id="16" class="1001" name="const_16">
<pin_list>
<pin id="17" dir="1" index="0" bw="1" slack="2147483647"/>
</pin_list>
<bind>
<StgValue><ssdm name="empty_0"/></StgValue>
</bind>
</comp>

<comp id="18" class="1001" name="const_18">
<pin_list>
<pin id="19" dir="1" index="0" bw="1" slack="2147483647"/>
</pin_list>
<bind>
<StgValue><ssdm name="_ssdm_op_SpecInterface"/></StgValue>
</bind>
</comp>

<comp id="20" class="1001" name="const_20">
<pin_list>
<pin id="21" dir="1" index="0" bw="1" slack="2147483647"/>
</pin_list>
<bind>
<StgValue><ssdm name="empty_4"/></StgValue>
</bind>
</comp>

<comp id="22" class="1001" name="const_22">
<pin_list>
<pin id="23" dir="1" index="0" bw="1" slack="2147483647"/>
</pin_list>
<bind>
<StgValue><ssdm name=""/></StgValue>
</bind>
</comp>

<comp id="24" class="1001" name="const_24">
<pin_list>
<pin id="25" dir="1" index="0" bw="1" slack="2147483647"/>
</pin_list>
<bind>
<StgValue><ssdm name="empty"/></StgValue>
</bind>
</comp>

<comp id="26" class="1001" name="const_26">
<pin_list>
<pin id="27" dir="1" index="0" bw="1" slack="2147483647"/>
</pin_list>
<bind>
<StgValue><ssdm name=""/></StgValue>
</bind>
</comp>

<comp id="28" class="1001" name="const_28">
<pin_list>
<pin id="29" dir="1" index="0" bw="1" slack="2147483647"/>
</pin_list>
<bind>
<StgValue><ssdm name="_ssdm_op_SpecBitsMap"/></StgValue>
</bind>
</comp>

<comp id="30" class="1004" name="grp_conv_Pipeline_VITIS_LOOP_18_1_VITIS_LOOP_19_2_VITIS_LOOP_20_3_fu_30">
<pin_list>
<pin id="31" dir="0" index="0" bw="0" slack="0"/>
<pin id="32" dir="0" index="1" bw="32" slack="0"/>
<pin id="33" dir="0" index="2" bw="32" slack="0"/>
<pin id="34" dir="1" index="3" bw="0" slack="2147483647"/>
</pin_list>
<bind>
<opcode="call(48) " fcode="call"/>
<opset="call_ln0/1 "/>
</bind>
</comp>

<comp id="38" class="1004" name="grp_conv_Pipeline_VITIS_LOOP_28_4_VITIS_LOOP_30_6_VITIS_LOOP_36_8_VITIS_LOOP_37_9_fu_38">
<pin_list>
<pin id="39" dir="0" index="0" bw="0" slack="0"/>
<pin id="40" dir="0" index="1" bw="32" slack="0"/>
<pin id="41" dir="0" index="2" bw="32" slack="0"/>
<pin id="42" dir="0" index="3" bw="32" slack="0"/>
<pin id="43" dir="1" index="4" bw="0" slack="2147483647"/>
</pin_list>
<bind>
<opcode="call(48) " fcode="call"/>
<opset="call_ln0/3 "/>
</bind>
</comp>

<comp id="48" class="1004" name="grp_conv_Pipeline_VITIS_LOOP_52_10_VITIS_LOOP_53_11_VITIS_LOOP_54_12_fu_48">
<pin_list>
<pin id="49" dir="0" index="0" bw="0" slack="0"/>
<pin id="50" dir="0" index="1" bw="32" slack="0"/>
<pin id="51" dir="1" index="2" bw="0" slack="2147483647"/>
</pin_list>
<bind>
<opcode="call(48) " fcode="call"/>
<opset="call_ln0/5 "/>
</bind>
</comp>

</comp_list>

<net_list>
<net id="35"><net_src comp="8" pin="0"/><net_sink comp="30" pin=0"/></net>

<net id="36"><net_src comp="4" pin="0"/><net_sink comp="30" pin=1"/></net>

<net id="37"><net_src comp="6" pin="0"/><net_sink comp="30" pin=2"/></net>

<net id="44"><net_src comp="10" pin="0"/><net_sink comp="38" pin=0"/></net>

<net id="45"><net_src comp="6" pin="0"/><net_sink comp="38" pin=1"/></net>

<net id="46"><net_src comp="2" pin="0"/><net_sink comp="38" pin=2"/></net>

<net id="47"><net_src comp="0" pin="0"/><net_sink comp="38" pin=3"/></net>

<net id="52"><net_src comp="12" pin="0"/><net_sink comp="48" pin=0"/></net>

<net id="53"><net_src comp="6" pin="0"/><net_sink comp="48" pin=1"/></net>

</net_list>

</model> 
---------------- Datapath Model END ------------------

* FSMD analyzer results:
  - Output states:
	Port: output_fm | {1 2 3 4 5 6 }
 - Input state : 
	Port: conv : input_fm | {3 4 }
	Port: conv : weights | {3 4 }
	Port: conv : biases | {1 2 }
	Port: conv : output_fm | {3 4 5 6 }
  - Chain level:
	State 1
	State 2
	State 3
	State 4
	State 5
	State 6


============================================================
+ Verbose Summary: Datapath Resource usage 
============================================================

* Functional unit list:
|----------|-----------------------------------------------------------------------------------------|---------|---------|---------|---------|
| Operation|                                     Functional Unit                                     |   DSP   |  Delay  |    FF   |   LUT   |
|----------|-----------------------------------------------------------------------------------------|---------|---------|---------|---------|
|          |         grp_conv_Pipeline_VITIS_LOOP_18_1_VITIS_LOOP_19_2_VITIS_LOOP_20_3_fu_30         |    2    | 12.8233 |   213   |   413   |
|   call   | grp_conv_Pipeline_VITIS_LOOP_28_4_VITIS_LOOP_30_6_VITIS_LOOP_36_8_VITIS_LOOP_37_9_fu_38 |    10   |  22.232 |   1123  |   1568  |
|          |        grp_conv_Pipeline_VITIS_LOOP_52_10_VITIS_LOOP_53_11_VITIS_LOOP_54_12_fu_48       |    1    |  4.764  |   167   |   247   |
|----------|-----------------------------------------------------------------------------------------|---------|---------|---------|---------|
|   Total  |                                                                                         |    13   | 39.8193 |   1503  |   2228  |
|----------|-----------------------------------------------------------------------------------------|---------|---------|---------|---------|

Memories:
N/A

* Register list:
N/A

* Multiplexer (MUX) list: 
|--------|------|------|------|--------|
|  Comp  |  Pin | Size |  BW  | S x BW |
|--------|------|------|------|--------|
|  Total |      |      |      |    0   |
|--------|------|------|------|--------|



* Summary:
+-----------+--------+--------+--------+--------+
|           |   DSP  |  Delay |   FF   |   LUT  |
+-----------+--------+--------+--------+--------+
|  Function |   13   |   39   |  1503  |  2228  |
|   Memory  |    -   |    -   |    -   |    -   |
|Multiplexer|    -   |    -   |    -   |    -   |
|  Register |    -   |    -   |    -   |    -   |
+-----------+--------+--------+--------+--------+
|   Total   |   13   |   39   |  1503  |  2228  |
+-----------+--------+--------+--------+--------+
