
****** Vitis HLS - High-Level Synthesis from C, C++ and OpenCL v2022.2 (64-bit)
  **** SW Build 3670227 on Oct 13 2022
  **** IP Build 3669848 on Fri Oct 14 08:30:02 MDT 2022
    ** Copyright 1986-2022 Xilinx, Inc. All Rights Reserved.

source /apps/Xilinx/Vitis_HLS/2022.2/scripts/vitis_hls/hls.tcl -notrace
INFO: [HLS 200-10] Running '/apps/Xilinx/Vitis_HLS/2022.2/bin/unwrapped/lnx64.o/vitis_hls'
INFO: [HLS 200-10] For user 'ykim131_588fa26' on host 'hunmin.ece.iit.edu' (Linux_x86_64 version 3.10.0-1160.99.1.el7.x86_64) on Fri Oct 02 16:18:13 CDT 2026
INFO: [HLS 200-10] On os "Red Hat Enterprise Linux Server release 7.9 (Maipo)"
INFO: [HLS 200-10] In directory '/home/ykim131_588fa26/Desktop/ECE588/ECE588_fa2026_Lab03/part1'
Sourcing Tcl script 'vitis_hls.tcl'
INFO: [HLS 200-1510] Running: open_project vitis.prj -reset 
INFO: [HLS 200-10] Creating and opening project '/home/ykim131_588fa26/Desktop/ECE588/ECE588_fa2026_Lab03/part1/vitis.prj'.
INFO: [HLS 200-1510] Running: set_top matmul 
INFO: [HLS 200-1510] Running: add_files matmul.cpp 
INFO: [HLS 200-10] Adding design file 'matmul.cpp' to the project
INFO: [HLS 200-1510] Running: add_files -tb tb_matmul.cpp 
INFO: [HLS 200-10] Adding test bench file 'tb_matmul.cpp' to the project
INFO: [HLS 200-1510] Running: open_solution solution1 
INFO: [HLS 200-10] Creating and opening solution '/home/ykim131_588fa26/Desktop/ECE588/ECE588_fa2026_Lab03/part1/vitis.prj/solution1'.
INFO: [HLS 200-1505] Using default flow_target 'vivado'
Resolution: For help on HLS 200-1505 see www.xilinx.com/cgi-bin/docs/rdoc?v=2022.2;t=hls+guidance;d=200-1505.html
INFO: [HLS 200-435] Setting 'open_solution -flow_target vivado' configuration: config_interface -m_axi_latency=0
INFO: [HLS 200-1510] Running: set_part xc7z020clg400-1 
INFO: [HLS 200-1611] Setting target device to 'xc7z020-clg400-1'
INFO: [HLS 200-1510] Running: create_clock -period 10 -name default 
INFO: [SYN 201-201] Setting up clock 'default' with a period of 10ns.
INFO: [HLS 200-1510] Running: config_interface -m_axi_latency 64 
INFO: [HLS 200-1510] Running: csynth_design 
Running Dispatch Server on port: 35563
INFO: [HLS 200-111] Finished File checks and directory preparation: CPU user time: 0.01 seconds. CPU system time: 0 seconds. Elapsed time: 10.02 seconds; current allocated memory: 269.660 MB.
INFO: [HLS 200-10] Analyzing design file 'matmul.cpp' ... 
INFO: [HLS 200-111] Finished Source Code Analysis and Preprocessing: CPU user time: 4.23 seconds. CPU system time: 0.68 seconds. Elapsed time: 4.9 seconds; current allocated memory: 269.660 MB.
INFO: [HLS 200-777] Using interface defaults for 'Vivado' flow target.
INFO: [HLS 214-241] Aggregating maxi variable 'Matrix_C_DRAM' with compact=none mode in 16-bits
INFO: [HLS 214-241] Aggregating maxi variable 'Matrix_B_DRAM' with compact=none mode in 16-bits
INFO: [HLS 214-241] Aggregating maxi variable 'Matrix_A_DRAM' with compact=none mode in 16-bits
INFO: [HLS 214-115] Multiple burst reads of length 15000 and bit width 16 in loop 'VITIS_LOOP_19_1'(matmul.cpp:19:22) has been inferred on bundle 'mem1'. These burst requests might be further partitioned into multiple requests during RTL generation, based on max_read_burst_length or max_write_burst_length settings. (matmul.cpp:19:22)
INFO: [HLS 214-115] Multiple burst reads of length 30000 and bit width 16 in loop 'VITIS_LOOP_28_3'(matmul.cpp:28:22) has been inferred on bundle 'mem2'. These burst requests might be further partitioned into multiple requests during RTL generation, based on max_read_burst_length or max_write_burst_length settings. (matmul.cpp:28:22)
INFO: [HLS 214-115] Multiple burst writes of length 20000 and bit width 16 in loop 'VITIS_LOOP_61_10'(matmul.cpp:61:23) has been inferred on bundle 'mem1'. These burst requests might be further partitioned into multiple requests during RTL generation, based on max_read_burst_length or max_write_burst_length settings. (matmul.cpp:61:23)
INFO: [HLS 200-111] Finished Compiling Optimization and Transform: CPU user time: 4.65 seconds. CPU system time: 0.74 seconds. Elapsed time: 5.39 seconds; current allocated memory: 269.660 MB.
INFO: [HLS 200-111] Finished Checking Pragmas: CPU user time: 0 seconds. CPU system time: 0 seconds. Elapsed time: 0 seconds; current allocated memory: 269.660 MB.
INFO: [HLS 200-10] Starting code transformations ...
INFO: [HLS 200-111] Finished Standard Transforms: CPU user time: 0.03 seconds. CPU system time: 0 seconds. Elapsed time: 0.04 seconds; current allocated memory: 269.660 MB.
INFO: [HLS 200-10] Checking synthesizability ...
INFO: [HLS 200-111] Finished Checking Synthesizability: CPU user time: 0.05 seconds. CPU system time: 0.01 seconds. Elapsed time: 0.05 seconds; current allocated memory: 269.660 MB.
INFO: [XFORM 203-510] Pipelining loop 'VITIS_LOOP_21_2' (matmul.cpp:21) in function 'matmul' automatically.
INFO: [XFORM 203-510] Pipelining loop 'VITIS_LOOP_30_4' (matmul.cpp:30) in function 'matmul' automatically.
INFO: [XFORM 203-510] Pipelining loop 'VITIS_LOOP_39_6' (matmul.cpp:39) in function 'matmul' automatically.
INFO: [XFORM 203-510] Pipelining loop 'VITIS_LOOP_53_9' (matmul.cpp:53) in function 'matmul' automatically.
INFO: [XFORM 203-510] Pipelining loop 'VITIS_LOOP_63_11' (matmul.cpp:63) in function 'matmul' automatically.
INFO: [HLS 200-111] Finished Loop, function and other optimizations: CPU user time: 0.11 seconds. CPU system time: 0.01 seconds. Elapsed time: 0.13 seconds; current allocated memory: 333.660 MB.
INFO: [XFORM 203-541] Flattening a loop nest 'VITIS_LOOP_19_1' (matmul.cpp:19:31) in function 'matmul'.
INFO: [XFORM 203-541] Flattening a loop nest 'VITIS_LOOP_28_3' (matmul.cpp:28:31) in function 'matmul'.
INFO: [XFORM 203-541] Flattening a loop nest 'VITIS_LOOP_37_5' (matmul.cpp:37:31) in function 'matmul'.
WARNING: [HLS 200-960] Cannot flatten loop 'VITIS_LOOP_51_8' (matmul.cpp:51:35) in function 'matmul' the outer loop is not a perfect loop.
Resolution: For help on HLS 200-960 see www.xilinx.com/cgi-bin/docs/rdoc?v=2022.2;t=hls+guidance;d=200-960.html
INFO: [XFORM 203-541] Flattening a loop nest 'VITIS_LOOP_49_7' (matmul.cpp:49:31) in function 'matmul'.
INFO: [XFORM 203-541] Flattening a loop nest 'VITIS_LOOP_61_10' (matmul.cpp:61:32) in function 'matmul'.
INFO: [HLS 200-472] Inferring partial write operation for 'Matrix_A_BRAM.V' (matmul.cpp:23:33)
INFO: [HLS 200-472] Inferring partial write operation for 'Matrix_B_BRAM.V' (matmul.cpp:32:33)
INFO: [HLS 200-472] Inferring partial write operation for 'Matrix_C_BRAM.V' (matmul.cpp:41:33)
INFO: [HLS 200-472] Inferring partial write operation for 'Matrix_C_BRAM.V' 
INFO: [HLS 200-111] Finished Architecture Synthesis: CPU user time: 0.11 seconds. CPU system time: 0.01 seconds. Elapsed time: 0.11 seconds; current allocated memory: 397.660 MB.
INFO: [HLS 200-10] Starting hardware synthesis ...
INFO: [HLS 200-10] Synthesizing 'matmul' ...
INFO: [HLS 200-10] ----------------------------------------------------------------
INFO: [HLS 200-42] -- Implementing module 'matmul_Pipeline_VITIS_LOOP_19_1_VITIS_LOOP_21_2' 
INFO: [HLS 200-10] ----------------------------------------------------------------
INFO: [SCHED 204-11] Starting scheduling ...
INFO: [HLS 200-486] Changing DSP latency (root=mul_ln23) to 3 in order to utilize available DSP registers.
INFO: [SCHED 204-61] Pipelining loop 'VITIS_LOOP_19_1_VITIS_LOOP_21_2'.
INFO: [HLS 200-1470] Pipelining result : Target II = NA, Final II = 1, Depth = 4, loop 'VITIS_LOOP_19_1_VITIS_LOOP_21_2'
INFO: [SCHED 204-11] Finished scheduling.
INFO: [HLS 200-111] Finished Scheduling: CPU user time: 0.06 seconds. CPU system time: 0.02 seconds. Elapsed time: 0.09 seconds; current allocated memory: 397.660 MB.
INFO: [BIND 205-100] Starting micro-architecture generation ...
INFO: [BIND 205-101] Performing variable lifetime analysis.
INFO: [BIND 205-101] Exploring resource sharing.
INFO: [BIND 205-101] Binding ...
INFO: [BIND 205-100] Finished micro-architecture generation.
INFO: [HLS 200-111] Finished Binding: CPU user time: 0.05 seconds. CPU system time: 0 seconds. Elapsed time: 0.05 seconds; current allocated memory: 397.660 MB.
INFO: [HLS 200-10] ----------------------------------------------------------------
INFO: [HLS 200-42] -- Implementing module 'matmul_Pipeline_VITIS_LOOP_28_3_VITIS_LOOP_30_4' 
INFO: [HLS 200-10] ----------------------------------------------------------------
INFO: [SCHED 204-11] Starting scheduling ...
INFO: [HLS 200-486] Changing DSP latency (root=mul_ln32) to 3 in order to utilize available DSP registers.
INFO: [SCHED 204-61] Pipelining loop 'VITIS_LOOP_28_3_VITIS_LOOP_30_4'.
INFO: [HLS 200-1470] Pipelining result : Target II = NA, Final II = 1, Depth = 4, loop 'VITIS_LOOP_28_3_VITIS_LOOP_30_4'
INFO: [SCHED 204-11] Finished scheduling.
INFO: [HLS 200-111] Finished Scheduling: CPU user time: 0.07 seconds. CPU system time: 0 seconds. Elapsed time: 0.08 seconds; current allocated memory: 397.660 MB.
INFO: [BIND 205-100] Starting micro-architecture generation ...
INFO: [BIND 205-101] Performing variable lifetime analysis.
INFO: [BIND 205-101] Exploring resource sharing.
INFO: [BIND 205-101] Binding ...
INFO: [BIND 205-100] Finished micro-architecture generation.
INFO: [HLS 200-111] Finished Binding: CPU user time: 0.04 seconds. CPU system time: 0 seconds. Elapsed time: 0.04 seconds; current allocated memory: 397.660 MB.
INFO: [HLS 200-10] ----------------------------------------------------------------
INFO: [HLS 200-42] -- Implementing module 'matmul_Pipeline_VITIS_LOOP_37_5_VITIS_LOOP_39_6' 
INFO: [HLS 200-10] ----------------------------------------------------------------
INFO: [SCHED 204-11] Starting scheduling ...
INFO: [HLS 200-486] Changing DSP latency (root=mul_ln41) to 3 in order to utilize available DSP registers.
INFO: [SCHED 204-61] Pipelining loop 'VITIS_LOOP_37_5_VITIS_LOOP_39_6'.
INFO: [HLS 200-1470] Pipelining result : Target II = NA, Final II = 1, Depth = 4, loop 'VITIS_LOOP_37_5_VITIS_LOOP_39_6'
INFO: [SCHED 204-11] Finished scheduling.
INFO: [HLS 200-111] Finished Scheduling: CPU user time: 0.07 seconds. CPU system time: 0 seconds. Elapsed time: 0.07 seconds; current allocated memory: 397.660 MB.
INFO: [BIND 205-100] Starting micro-architecture generation ...
INFO: [BIND 205-101] Performing variable lifetime analysis.
INFO: [BIND 205-101] Exploring resource sharing.
INFO: [BIND 205-101] Binding ...
INFO: [BIND 205-100] Finished micro-architecture generation.
INFO: [HLS 200-111] Finished Binding: CPU user time: 0.05 seconds. CPU system time: 0.01 seconds. Elapsed time: 0.05 seconds; current allocated memory: 397.660 MB.
INFO: [HLS 200-10] ----------------------------------------------------------------
INFO: [HLS 200-42] -- Implementing module 'matmul_Pipeline_VITIS_LOOP_53_9' 
INFO: [HLS 200-10] ----------------------------------------------------------------
INFO: [SCHED 204-11] Starting scheduling ...
INFO: [HLS 200-486] Changing DSP latency (root=mul_ln840) to 3 in order to utilize available DSP registers.
INFO: [SCHED 204-61] Pipelining loop 'VITIS_LOOP_53_9'.
INFO: [HLS 200-1470] Pipelining result : Target II = NA, Final II = 1, Depth = 5, loop 'VITIS_LOOP_53_9'
INFO: [SCHED 204-11] Finished scheduling.
INFO: [HLS 200-111] Finished Scheduling: CPU user time: 0.09 seconds. CPU system time: 0 seconds. Elapsed time: 0.09 seconds; current allocated memory: 397.660 MB.
INFO: [BIND 205-100] Starting micro-architecture generation ...
INFO: [BIND 205-101] Performing variable lifetime analysis.
INFO: [BIND 205-101] Exploring resource sharing.
INFO: [BIND 205-101] Binding ...
INFO: [BIND 205-100] Finished micro-architecture generation.
INFO: [HLS 200-111] Finished Binding: CPU user time: 0.05 seconds. CPU system time: 0 seconds. Elapsed time: 0.05 seconds; current allocated memory: 397.660 MB.
INFO: [HLS 200-10] ----------------------------------------------------------------
INFO: [HLS 200-42] -- Implementing module 'matmul_Pipeline_VITIS_LOOP_61_10_VITIS_LOOP_63_11' 
INFO: [HLS 200-10] ----------------------------------------------------------------
INFO: [SCHED 204-11] Starting scheduling ...
INFO: [HLS 200-486] Changing DSP latency (root=mul_ln65) to 3 in order to utilize available DSP registers.
INFO: [SCHED 204-61] Pipelining loop 'VITIS_LOOP_61_10_VITIS_LOOP_63_11'.
INFO: [HLS 200-1470] Pipelining result : Target II = NA, Final II = 1, Depth = 6, loop 'VITIS_LOOP_61_10_VITIS_LOOP_63_11'
INFO: [SCHED 204-11] Finished scheduling.
INFO: [HLS 200-111] Finished Scheduling: CPU user time: 0.08 seconds. CPU system time: 0 seconds. Elapsed time: 0.09 seconds; current allocated memory: 397.660 MB.
INFO: [BIND 205-100] Starting micro-architecture generation ...
INFO: [BIND 205-101] Performing variable lifetime analysis.
INFO: [BIND 205-101] Exploring resource sharing.
INFO: [BIND 205-101] Binding ...
INFO: [BIND 205-100] Finished micro-architecture generation.
INFO: [HLS 200-111] Finished Binding: CPU user time: 0.05 seconds. CPU system time: 0 seconds. Elapsed time: 0.06 seconds; current allocated memory: 397.660 MB.
INFO: [HLS 200-10] ----------------------------------------------------------------
INFO: [HLS 200-42] -- Implementing module 'matmul' 
INFO: [HLS 200-10] ----------------------------------------------------------------
INFO: [SCHED 204-11] Starting scheduling ...
INFO: [HLS 200-486] Changing DSP latency (root=empty_26) to 3 in order to utilize available DSP registers.
INFO: [SCHED 204-11] Finished scheduling.
INFO: [HLS 200-111] Finished Scheduling: CPU user time: 0.35 seconds. CPU system time: 0.01 seconds. Elapsed time: 0.35 seconds; current allocated memory: 397.660 MB.
INFO: [BIND 205-100] Starting micro-architecture generation ...
INFO: [BIND 205-101] Performing variable lifetime analysis.
INFO: [BIND 205-101] Exploring resource sharing.
INFO: [BIND 205-101] Binding ...
INFO: [BIND 205-100] Finished micro-architecture generation.
INFO: [HLS 200-111] Finished Binding: CPU user time: 0.77 seconds. CPU system time: 0.01 seconds. Elapsed time: 0.78 seconds; current allocated memory: 397.660 MB.
INFO: [HLS 200-10] ----------------------------------------------------------------
INFO: [HLS 200-10] -- Generating RTL for module 'matmul_Pipeline_VITIS_LOOP_19_1_VITIS_LOOP_21_2' 
INFO: [HLS 200-10] ----------------------------------------------------------------
INFO: [HLS 200-1030] Apply Unified Pipeline Control on module 'matmul_Pipeline_VITIS_LOOP_19_1_VITIS_LOOP_21_2' pipeline 'VITIS_LOOP_19_1_VITIS_LOOP_21_2' pipeline type 'loop pipeline'
WARNING: [RTGEN 206-101] Setting dangling out port 'matmul_Pipeline_VITIS_LOOP_19_1_VITIS_LOOP_21_2/m_axi_mem1_ARVALID' to 0.
WARNING: [RTGEN 206-101] Setting dangling out port 'matmul_Pipeline_VITIS_LOOP_19_1_VITIS_LOOP_21_2/m_axi_mem1_ARADDR' to 0.
WARNING: [RTGEN 206-101] Setting dangling out port 'matmul_Pipeline_VITIS_LOOP_19_1_VITIS_LOOP_21_2/m_axi_mem1_ARID' to 0.
WARNING: [RTGEN 206-101] Setting dangling out port 'matmul_Pipeline_VITIS_LOOP_19_1_VITIS_LOOP_21_2/m_axi_mem1_ARLEN' to 0.
WARNING: [RTGEN 206-101] Setting dangling out port 'matmul_Pipeline_VITIS_LOOP_19_1_VITIS_LOOP_21_2/m_axi_mem1_ARSIZE' to 0.
WARNING: [RTGEN 206-101] Setting dangling out port 'matmul_Pipeline_VITIS_LOOP_19_1_VITIS_LOOP_21_2/m_axi_mem1_ARBURST' to 0.
WARNING: [RTGEN 206-101] Setting dangling out port 'matmul_Pipeline_VITIS_LOOP_19_1_VITIS_LOOP_21_2/m_axi_mem1_ARLOCK' to 0.
WARNING: [RTGEN 206-101] Setting dangling out port 'matmul_Pipeline_VITIS_LOOP_19_1_VITIS_LOOP_21_2/m_axi_mem1_ARCACHE' to 0.
WARNING: [RTGEN 206-101] Setting dangling out port 'matmul_Pipeline_VITIS_LOOP_19_1_VITIS_LOOP_21_2/m_axi_mem1_ARPROT' to 0.
WARNING: [RTGEN 206-101] Setting dangling out port 'matmul_Pipeline_VITIS_LOOP_19_1_VITIS_LOOP_21_2/m_axi_mem1_ARQOS' to 0.
WARNING: [RTGEN 206-101] Setting dangling out port 'matmul_Pipeline_VITIS_LOOP_19_1_VITIS_LOOP_21_2/m_axi_mem1_ARREGION' to 0.
WARNING: [RTGEN 206-101] Setting dangling out port 'matmul_Pipeline_VITIS_LOOP_19_1_VITIS_LOOP_21_2/m_axi_mem1_ARUSER' to 0.
INFO: [RTGEN 206-100] Generating core module 'mac_muladd_7ns_8ns_8ns_14_4_1': 1 instance(s).
INFO: [RTGEN 206-100] Finished creating RTL model for 'matmul_Pipeline_VITIS_LOOP_19_1_VITIS_LOOP_21_2'.
INFO: [HLS 200-111] Finished Creating RTL model: CPU user time: 0.29 seconds. CPU system time: 0.01 seconds. Elapsed time: 0.29 seconds; current allocated memory: 397.660 MB.
INFO: [HLS 200-10] ----------------------------------------------------------------
INFO: [HLS 200-10] -- Generating RTL for module 'matmul_Pipeline_VITIS_LOOP_28_3_VITIS_LOOP_30_4' 
INFO: [HLS 200-10] ----------------------------------------------------------------
INFO: [HLS 200-1030] Apply Unified Pipeline Control on module 'matmul_Pipeline_VITIS_LOOP_28_3_VITIS_LOOP_30_4' pipeline 'VITIS_LOOP_28_3_VITIS_LOOP_30_4' pipeline type 'loop pipeline'
WARNING: [RTGEN 206-101] Setting dangling out port 'matmul_Pipeline_VITIS_LOOP_28_3_VITIS_LOOP_30_4/m_axi_mem2_ARVALID' to 0.
WARNING: [RTGEN 206-101] Setting dangling out port 'matmul_Pipeline_VITIS_LOOP_28_3_VITIS_LOOP_30_4/m_axi_mem2_ARADDR' to 0.
WARNING: [RTGEN 206-101] Setting dangling out port 'matmul_Pipeline_VITIS_LOOP_28_3_VITIS_LOOP_30_4/m_axi_mem2_ARID' to 0.
WARNING: [RTGEN 206-101] Setting dangling out port 'matmul_Pipeline_VITIS_LOOP_28_3_VITIS_LOOP_30_4/m_axi_mem2_ARLEN' to 0.
WARNING: [RTGEN 206-101] Setting dangling out port 'matmul_Pipeline_VITIS_LOOP_28_3_VITIS_LOOP_30_4/m_axi_mem2_ARSIZE' to 0.
WARNING: [RTGEN 206-101] Setting dangling out port 'matmul_Pipeline_VITIS_LOOP_28_3_VITIS_LOOP_30_4/m_axi_mem2_ARBURST' to 0.
WARNING: [RTGEN 206-101] Setting dangling out port 'matmul_Pipeline_VITIS_LOOP_28_3_VITIS_LOOP_30_4/m_axi_mem2_ARLOCK' to 0.
WARNING: [RTGEN 206-101] Setting dangling out port 'matmul_Pipeline_VITIS_LOOP_28_3_VITIS_LOOP_30_4/m_axi_mem2_ARCACHE' to 0.
WARNING: [RTGEN 206-101] Setting dangling out port 'matmul_Pipeline_VITIS_LOOP_28_3_VITIS_LOOP_30_4/m_axi_mem2_ARPROT' to 0.
WARNING: [RTGEN 206-101] Setting dangling out port 'matmul_Pipeline_VITIS_LOOP_28_3_VITIS_LOOP_30_4/m_axi_mem2_ARQOS' to 0.
WARNING: [RTGEN 206-101] Setting dangling out port 'matmul_Pipeline_VITIS_LOOP_28_3_VITIS_LOOP_30_4/m_axi_mem2_ARREGION' to 0.
WARNING: [RTGEN 206-101] Setting dangling out port 'matmul_Pipeline_VITIS_LOOP_28_3_VITIS_LOOP_30_4/m_axi_mem2_ARUSER' to 0.
INFO: [RTGEN 206-100] Generating core module 'mac_muladd_8ns_8ns_8ns_15_4_1': 1 instance(s).
INFO: [RTGEN 206-100] Finished creating RTL model for 'matmul_Pipeline_VITIS_LOOP_28_3_VITIS_LOOP_30_4'.
INFO: [HLS 200-111] Finished Creating RTL model: CPU user time: 0.16 seconds. CPU system time: 0.01 seconds. Elapsed time: 0.17 seconds; current allocated memory: 397.660 MB.
INFO: [HLS 200-10] ----------------------------------------------------------------
INFO: [HLS 200-10] -- Generating RTL for module 'matmul_Pipeline_VITIS_LOOP_37_5_VITIS_LOOP_39_6' 
INFO: [HLS 200-10] ----------------------------------------------------------------
INFO: [HLS 200-1030] Apply Unified Pipeline Control on module 'matmul_Pipeline_VITIS_LOOP_37_5_VITIS_LOOP_39_6' pipeline 'VITIS_LOOP_37_5_VITIS_LOOP_39_6' pipeline type 'loop pipeline'
INFO: [RTGEN 206-100] Generating core module 'mac_muladd_7ns_8ns_8ns_15_4_1': 1 instance(s).
INFO: [RTGEN 206-100] Finished creating RTL model for 'matmul_Pipeline_VITIS_LOOP_37_5_VITIS_LOOP_39_6'.
INFO: [HLS 200-111] Finished Creating RTL model: CPU user time: 0.13 seconds. CPU system time: 0.01 seconds. Elapsed time: 0.14 seconds; current allocated memory: 397.660 MB.
INFO: [HLS 200-10] ----------------------------------------------------------------
INFO: [HLS 200-10] -- Generating RTL for module 'matmul_Pipeline_VITIS_LOOP_53_9' 
INFO: [HLS 200-10] ----------------------------------------------------------------
INFO: [HLS 200-1030] Apply Unified Pipeline Control on module 'matmul_Pipeline_VITIS_LOOP_53_9' pipeline 'VITIS_LOOP_53_9' pipeline type 'loop pipeline'
INFO: [RTGEN 206-100] Generating core module 'mac_muladd_16s_16s_16ns_16_4_1': 1 instance(s).
INFO: [RTGEN 206-100] Finished creating RTL model for 'matmul_Pipeline_VITIS_LOOP_53_9'.
INFO: [HLS 200-111] Finished Creating RTL model: CPU user time: 0.12 seconds. CPU system time: 0.01 seconds. Elapsed time: 0.12 seconds; current allocated memory: 397.660 MB.
INFO: [HLS 200-10] ----------------------------------------------------------------
INFO: [HLS 200-10] -- Generating RTL for module 'matmul_Pipeline_VITIS_LOOP_61_10_VITIS_LOOP_63_11' 
INFO: [HLS 200-10] ----------------------------------------------------------------
INFO: [HLS 200-1030] Apply Unified Pipeline Control on module 'matmul_Pipeline_VITIS_LOOP_61_10_VITIS_LOOP_63_11' pipeline 'VITIS_LOOP_61_10_VITIS_LOOP_63_11' pipeline type 'loop pipeline'
WARNING: [RTGEN 206-101] Setting dangling out port 'matmul_Pipeline_VITIS_LOOP_61_10_VITIS_LOOP_63_11/m_axi_mem1_AWVALID' to 0.
WARNING: [RTGEN 206-101] Setting dangling out port 'matmul_Pipeline_VITIS_LOOP_61_10_VITIS_LOOP_63_11/m_axi_mem1_AWADDR' to 0.
WARNING: [RTGEN 206-101] Setting dangling out port 'matmul_Pipeline_VITIS_LOOP_61_10_VITIS_LOOP_63_11/m_axi_mem1_AWID' to 0.
WARNING: [RTGEN 206-101] Setting dangling out port 'matmul_Pipeline_VITIS_LOOP_61_10_VITIS_LOOP_63_11/m_axi_mem1_AWLEN' to 0.
WARNING: [RTGEN 206-101] Setting dangling out port 'matmul_Pipeline_VITIS_LOOP_61_10_VITIS_LOOP_63_11/m_axi_mem1_AWSIZE' to 0.
WARNING: [RTGEN 206-101] Setting dangling out port 'matmul_Pipeline_VITIS_LOOP_61_10_VITIS_LOOP_63_11/m_axi_mem1_AWBURST' to 0.
WARNING: [RTGEN 206-101] Setting dangling out port 'matmul_Pipeline_VITIS_LOOP_61_10_VITIS_LOOP_63_11/m_axi_mem1_AWLOCK' to 0.
WARNING: [RTGEN 206-101] Setting dangling out port 'matmul_Pipeline_VITIS_LOOP_61_10_VITIS_LOOP_63_11/m_axi_mem1_AWCACHE' to 0.
WARNING: [RTGEN 206-101] Setting dangling out port 'matmul_Pipeline_VITIS_LOOP_61_10_VITIS_LOOP_63_11/m_axi_mem1_AWPROT' to 0.
WARNING: [RTGEN 206-101] Setting dangling out port 'matmul_Pipeline_VITIS_LOOP_61_10_VITIS_LOOP_63_11/m_axi_mem1_AWQOS' to 0.
WARNING: [RTGEN 206-101] Setting dangling out port 'matmul_Pipeline_VITIS_LOOP_61_10_VITIS_LOOP_63_11/m_axi_mem1_AWREGION' to 0.
WARNING: [RTGEN 206-101] Setting dangling out port 'matmul_Pipeline_VITIS_LOOP_61_10_VITIS_LOOP_63_11/m_axi_mem1_AWUSER' to 0.
WARNING: [RTGEN 206-101] Setting dangling out port 'matmul_Pipeline_VITIS_LOOP_61_10_VITIS_LOOP_63_11/m_axi_mem1_BREADY' to 0.
INFO: [RTGEN 206-100] Generating core module 'mac_muladd_7ns_8ns_8ns_15_4_1': 1 instance(s).
INFO: [RTGEN 206-100] Finished creating RTL model for 'matmul_Pipeline_VITIS_LOOP_61_10_VITIS_LOOP_63_11'.
INFO: [HLS 200-111] Finished Creating RTL model: CPU user time: 0.16 seconds. CPU system time: 0.01 seconds. Elapsed time: 0.17 seconds; current allocated memory: 397.660 MB.
INFO: [HLS 200-10] ----------------------------------------------------------------
INFO: [HLS 200-10] -- Generating RTL for module 'matmul' 
INFO: [HLS 200-10] ----------------------------------------------------------------
WARNING: [RTGEN 206-101] Design contains AXI ports. Reset is fixed to synchronous and active low.
INFO: [RTGEN 206-500] Setting interface mode on port 'matmul/mem1' to 'm_axi'.
INFO: [RTGEN 206-500] Setting interface mode on port 'matmul/mem2' to 'm_axi'.
INFO: [RTGEN 206-500] Setting interface mode on port 'matmul/Matrix_A_DRAM' to 's_axilite & ap_none'.
INFO: [RTGEN 206-500] Setting interface mode on port 'matmul/Matrix_B_DRAM' to 's_axilite & ap_none'.
INFO: [RTGEN 206-500] Setting interface mode on port 'matmul/Matrix_C_DRAM' to 's_axilite & ap_none'.
INFO: [RTGEN 206-500] Setting interface mode on function 'matmul' to 's_axilite & ap_ctrl_hs'.
INFO: [RTGEN 206-100] Bundling port 'Matrix_A_DRAM', 'Matrix_B_DRAM', 'Matrix_C_DRAM' and 'return' to AXI-Lite port control.
INFO: [RTGEN 206-100] Generating core module 'mac_muladd_7ns_8ns_8ns_15_4_1': 1 instance(s).
INFO: [RTGEN 206-100] Generating core module 'mul_7ns_9ns_14_1_1': 1 instance(s).
INFO: [RTGEN 206-100] Finished creating RTL model for 'matmul'.
INFO: [RTMG 210-278] Implementing memory 'matmul_Matrix_A_BRAM_V_RAM_AUTO_1R1W' using auto RAMs.
INFO: [RTMG 210-278] Implementing memory 'matmul_Matrix_B_BRAM_V_RAM_AUTO_1R1W' using auto RAMs.
INFO: [RTMG 210-278] Implementing memory 'matmul_Matrix_C_BRAM_V_RAM_AUTO_1R1W' using auto RAMs.
INFO: [HLS 200-111] Finished Creating RTL model: CPU user time: 0.21 seconds. CPU system time: 0.02 seconds. Elapsed time: 0.23 seconds; current allocated memory: 397.660 MB.
INFO: [HLS 200-111] Finished Generating all RTL models: CPU user time: 0.8 seconds. CPU system time: 0.06 seconds. Elapsed time: 0.87 seconds; current allocated memory: 397.660 MB.
INFO: [HLS 200-1603] Design has inferred MAXI bursts and missed bursts, see Vitis HLS GUI synthesis summary report for detailed information.
INFO: [HLS 200-111] Finished Updating report files: CPU user time: 0.79 seconds. CPU system time: 0.04 seconds. Elapsed time: 0.83 seconds; current allocated memory: 397.660 MB.
INFO: [VHDL 208-304] Generating VHDL RTL for matmul.
INFO: [VLOG 209-307] Generating Verilog RTL for matmul.
INFO: [HLS 200-790] **** Loop Constraint Status: All loop constraints were satisfied.
INFO: [HLS 200-789] **** Estimated Fmax: 136.99 MHz
INFO: [HLS 200-111] Finished Command csynth_design CPU user time: 13.63 seconds. CPU system time: 1.67 seconds. Elapsed time: 15.3 seconds; current allocated memory: 128.000 MB.
INFO: [HLS 200-1510] Running: export_design -format ip_catalog 
INFO: [IMPL 213-8] Exporting RTL as a Vivado IP.

****** Vivado v2022.2 (64-bit)
  **** SW Build 3671981 on Fri Oct 14 04:59:54 MDT 2022
  **** IP Build 3669848 on Fri Oct 14 08:30:02 MDT 2022
    ** Copyright 1986-2022 Xilinx, Inc. All Rights Reserved.

source run_ippack.tcl -notrace
ipx::create_core: Time (s): cpu = 00:00:06 ; elapsed = 00:00:07 . Memory (MB): peak = 1424.570 ; gain = 2.020 ; free physical = 210280 ; free virtual = 300962
INFO: [IP_Flow 19-234] Refreshing IP repositories
INFO: [IP_Flow 19-1704] No user IP repositories specified
INFO: [IP_Flow 19-2313] Loaded Vivado IP repository '/apps/Xilinx/Vivado/2022.2/data/ip'.
INFO: [Common 17-206] Exiting Vivado at Fri Oct  2 16:18:55 2026...
INFO: [HLS 200-802] Generated output file vitis.prj/solution1/impl/export.zip
INFO: [HLS 200-111] Finished Command export_design CPU user time: 15.49 seconds. CPU system time: 1.15 seconds. Elapsed time: 25.33 seconds; current allocated memory: 0.000 MB.
INFO: [HLS 200-112] Total CPU user time: 30.66 seconds. Total CPU system time: 3.17 seconds. Total elapsed time: 52.31 seconds; peak allocated memory: 397.660 MB.
INFO: [Common 17-206] Exiting vitis_hls at Fri Oct  2 16:19:05 2026...
