

================================================================
== Vitis HLS Report for 'conv_Pipeline_VITIS_LOOP_85_13_VITIS_LOOP_87_14'
================================================================
* Date:           Wed Oct  7 20:05:50 2026

* Version:        2022.2 (Build 3670227 on Oct 13 2022)
* Project:        vitis.prj
* Solution:       solution1 (Vivado IP Flow Target)
* Product family: zynq
* Target device:  xc7z020-clg400-1


================================================================
== Performance Estimates
================================================================
+ Timing: 
    * Summary: 
    +--------+----------+----------+------------+
    |  Clock |  Target  | Estimated| Uncertainty|
    +--------+----------+----------+------------+
    |ap_clk  |  10.00 ns|  7.300 ns|     2.70 ns|
    +--------+----------+----------+------------+

+ Latency: 
    * Summary: 
    +---------+---------+-----------+-----------+------+------+---------+
    |  Latency (cycles) |   Latency (absolute)  |   Interval  | Pipeline|
    |   min   |   max   |    min    |    max    |  min |  max |   Type  |
    +---------+---------+-----------+-----------+------+------+---------+
    |     3030|     3030|  30.300 us|  30.300 us|  3030|  3030|       no|
    +---------+---------+-----------+-----------+------+------+---------+

    + Detail: 
        * Instance: 
        N/A

        * Loop: 
        +-------------------------------------+---------+---------+----------+-----------+-----------+------+----------+
        |                                     |  Latency (cycles) | Iteration|  Initiation Interval  | Trip |          |
        |              Loop Name              |   min   |   max   |  Latency |  achieved |   target  | Count| Pipelined|
        +-------------------------------------+---------+---------+----------+-----------+-----------+------+----------+
        |- VITIS_LOOP_85_13_VITIS_LOOP_87_14  |     3028|     3028|         5|          1|          1|  3025|       yes|
        +-------------------------------------+---------+---------+----------+-----------+-----------+------+----------+

============================================================
+ Verbose Summary: Synthesis Manager
============================================================
InlineROM: 1
ExposeGlobal: 0
============================================================
+ Verbose Summary: CDFG Model
============================================================
IsTopModel: 0
ResetActiveHigh: 1
IsCombinational: 0
IsDatapathOnly: 0
HasWiredReturn: 1
HasMFsm: 2
HasVarLatency: 1
IsPipeline: 0
IsRtlPipelined: 0
IsInstanceOverlapped: 0
IsDontTouch: 0
HasImplIP: 0
IsGatedGlobalClock: 0

+ Individual pipeline summary: 
  * Pipeline-0: initiation interval (II) = 1, depth = 5


============================================================
+ Verbose Summary: Schedule
============================================================
* Number of FSM states : 5
* Pipeline : 1
  Pipeline-0 : II = 1, D = 5, States = { 1 2 3 4 5 }
* Dataflow Pipeline: 0

* FSM state transitions: 
1 --> 2 
2 --> 3 
3 --> 4 
4 --> 5 
5 --> 

* FSM state operations: 

State 1 <SV = 0> <Delay = 6.26>
ST_1 : Operation 8 [1/1] (0.00ns)   --->   "%out_c = alloca i32 1"   --->   Operation 8 'alloca' 'out_c' <Predicate = true> <Delay = 0.00>
ST_1 : Operation 9 [1/1] (0.00ns)   --->   "%out_r = alloca i32 1"   --->   Operation 9 'alloca' 'out_r' <Predicate = true> <Delay = 0.00>
ST_1 : Operation 10 [1/1] (0.00ns)   --->   "%indvar_flatten613 = alloca i32 1"   --->   Operation 10 'alloca' 'indvar_flatten613' <Predicate = true> <Delay = 0.00>
ST_1 : Operation 11 [1/1] (0.00ns)   --->   "%sext_ln23_read = read i62 @_ssdm_op_Read.ap_auto.i62, i62 %sext_ln23"   --->   Operation 11 'read' 'sext_ln23_read' <Predicate = true> <Delay = 0.00>
ST_1 : Operation 12 [1/1] (0.00ns)   --->   "%sext_ln23_cast = sext i62 %sext_ln23_read"   --->   Operation 12 'sext' 'sext_ln23_cast' <Predicate = true> <Delay = 0.00>
ST_1 : Operation 13 [1/1] (0.00ns)   --->   "%specinterface_ln0 = specinterface void @_ssdm_op_SpecInterface, i32 %mem1, void @empty_2, i32 0, i32 0, void @empty_3, i32 64, i32 0, void @empty_4, void @empty_5, void @empty_3, i32 16, i32 16, i32 16, i32 16, void @empty_3, void @empty_3, i32 4294967295, i32 0"   --->   Operation 13 'specinterface' 'specinterface_ln0' <Predicate = true> <Delay = 0.00>
ST_1 : Operation 14 [1/1] (1.58ns)   --->   "%store_ln0 = store i12 0, i12 %indvar_flatten613"   --->   Operation 14 'store' 'store_ln0' <Predicate = true> <Delay = 1.58>
ST_1 : Operation 15 [1/1] (1.58ns)   --->   "%store_ln0 = store i6 0, i6 %out_r"   --->   Operation 15 'store' 'store_ln0' <Predicate = true> <Delay = 1.58>
ST_1 : Operation 16 [1/1] (1.58ns)   --->   "%store_ln0 = store i6 0, i6 %out_c"   --->   Operation 16 'store' 'store_ln0' <Predicate = true> <Delay = 1.58>
ST_1 : Operation 17 [1/1] (0.00ns)   --->   "%br_ln0 = br void %for.body134"   --->   Operation 17 'br' 'br_ln0' <Predicate = true> <Delay = 0.00>
ST_1 : Operation 18 [1/1] (0.00ns)   --->   "%indvar_flatten613_load = load i12 %indvar_flatten613" [conv.cpp:85]   --->   Operation 18 'load' 'indvar_flatten613_load' <Predicate = true> <Delay = 0.00>
ST_1 : Operation 19 [1/1] (1.99ns)   --->   "%icmp_ln85 = icmp_eq  i12 %indvar_flatten613_load, i12 3025" [conv.cpp:85]   --->   Operation 19 'icmp' 'icmp_ln85' <Predicate = true> <Delay = 1.99> <CoreInst = "Cmp">   --->   Core 9 'Cmp' <Latency = 0> <II = 1> <Delay = 1.99> <FuncUnit> <Opcode : 'icmp'> <InPorts = 2> <OutPorts = 1>
ST_1 : Operation 20 [1/1] (1.54ns)   --->   "%add_ln85 = add i12 %indvar_flatten613_load, i12 1" [conv.cpp:85]   --->   Operation 20 'add' 'add_ln85' <Predicate = true> <Delay = 1.54> <CoreInst = "Adder">   --->   Core 1 'Adder' <Latency = 0> <II = 1> <Delay = 1.54> <FuncUnit> <Opcode : 'add' 'sub'> <InPorts = 2> <OutPorts = 1>
ST_1 : Operation 21 [1/1] (0.00ns)   --->   "%br_ln85 = br i1 %icmp_ln85, void %for.inc149, void %for.inc152.exitStub" [conv.cpp:85]   --->   Operation 21 'br' 'br_ln85' <Predicate = true> <Delay = 0.00>
ST_1 : Operation 22 [1/1] (0.00ns)   --->   "%out_c_load = load i6 %out_c" [conv.cpp:87]   --->   Operation 22 'load' 'out_c_load' <Predicate = (!icmp_ln85)> <Delay = 0.00>
ST_1 : Operation 23 [1/1] (0.00ns)   --->   "%out_r_load = load i6 %out_r" [conv.cpp:85]   --->   Operation 23 'load' 'out_r_load' <Predicate = (!icmp_ln85)> <Delay = 0.00>
ST_1 : Operation 24 [1/1] (1.42ns)   --->   "%icmp_ln87 = icmp_eq  i6 %out_c_load, i6 55" [conv.cpp:87]   --->   Operation 24 'icmp' 'icmp_ln87' <Predicate = (!icmp_ln85)> <Delay = 1.42> <CoreInst = "Cmp">   --->   Core 9 'Cmp' <Latency = 0> <II = 1> <Delay = 1.42> <FuncUnit> <Opcode : 'icmp'> <InPorts = 2> <OutPorts = 1>
ST_1 : Operation 25 [1/1] (1.18ns)   --->   "%select_ln85 = select i1 %icmp_ln87, i6 0, i6 %out_c_load" [conv.cpp:85]   --->   Operation 25 'select' 'select_ln85' <Predicate = (!icmp_ln85)> <Delay = 1.18> <CoreInst = "Sel">   --->   Core 73 'Sel' <Latency = 0> <II = 1> <Delay = 1.18> <FuncUnit> <Opcode : 'select'> <InPorts = 3> <OutPorts = 1>
ST_1 : Operation 26 [1/1] (1.82ns)   --->   "%add_ln85_1 = add i6 %out_r_load, i6 1" [conv.cpp:85]   --->   Operation 26 'add' 'add_ln85_1' <Predicate = (!icmp_ln85)> <Delay = 1.82> <CoreInst = "Adder">   --->   Core 1 'Adder' <Latency = 0> <II = 1> <Delay = 1.82> <FuncUnit> <Opcode : 'add' 'sub'> <InPorts = 2> <OutPorts = 1>
ST_1 : Operation 27 [1/1] (1.18ns)   --->   "%select_ln85_1 = select i1 %icmp_ln87, i6 %add_ln85_1, i6 %out_r_load" [conv.cpp:85]   --->   Operation 27 'select' 'select_ln85_1' <Predicate = (!icmp_ln85)> <Delay = 1.18> <CoreInst = "Sel">   --->   Core 73 'Sel' <Latency = 0> <II = 1> <Delay = 1.18> <FuncUnit> <Opcode : 'select'> <InPorts = 3> <OutPorts = 1>
ST_1 : Operation 28 [1/1] (0.00ns)   --->   "%zext_ln85 = zext i6 %select_ln85_1" [conv.cpp:85]   --->   Operation 28 'zext' 'zext_ln85' <Predicate = (!icmp_ln85)> <Delay = 0.00>
ST_1 : Operation 29 [1/1] (0.00ns)   --->   "%local_output_addr = getelementptr i32 %local_output, i64 0, i64 %zext_ln85" [conv.cpp:85]   --->   Operation 29 'getelementptr' 'local_output_addr' <Predicate = (!icmp_ln85)> <Delay = 0.00>
ST_1 : Operation 30 [2/2] (3.25ns)   --->   "%local_output_load = load i6 %local_output_addr" [conv.cpp:85]   --->   Operation 30 'load' 'local_output_load' <Predicate = (!icmp_ln85)> <Delay = 3.25> <CoreInst = "RAM">   --->   Core 82 'RAM' <Latency = 1> <II = 1> <Delay = 3.25> <Storage> <Opcode : 'load' 'store'> <Ports = 2> <Width = 32> <Depth = 55> <RAM>
ST_1 : Operation 31 [1/1] (0.00ns)   --->   "%local_output_1_addr = getelementptr i32 %local_output_1, i64 0, i64 %zext_ln85" [conv.cpp:85]   --->   Operation 31 'getelementptr' 'local_output_1_addr' <Predicate = (!icmp_ln85)> <Delay = 0.00>
ST_1 : Operation 32 [2/2] (3.25ns)   --->   "%local_output_1_load = load i6 %local_output_1_addr" [conv.cpp:85]   --->   Operation 32 'load' 'local_output_1_load' <Predicate = (!icmp_ln85)> <Delay = 3.25> <CoreInst = "RAM">   --->   Core 82 'RAM' <Latency = 1> <II = 1> <Delay = 3.25> <Storage> <Opcode : 'load' 'store'> <Ports = 2> <Width = 32> <Depth = 55> <RAM>
ST_1 : Operation 33 [1/1] (0.00ns)   --->   "%local_output_2_addr = getelementptr i32 %local_output_2, i64 0, i64 %zext_ln85" [conv.cpp:85]   --->   Operation 33 'getelementptr' 'local_output_2_addr' <Predicate = (!icmp_ln85)> <Delay = 0.00>
ST_1 : Operation 34 [2/2] (3.25ns)   --->   "%local_output_2_load = load i6 %local_output_2_addr" [conv.cpp:85]   --->   Operation 34 'load' 'local_output_2_load' <Predicate = (!icmp_ln85)> <Delay = 3.25> <CoreInst = "RAM">   --->   Core 82 'RAM' <Latency = 1> <II = 1> <Delay = 3.25> <Storage> <Opcode : 'load' 'store'> <Ports = 2> <Width = 32> <Depth = 55> <RAM>
ST_1 : Operation 35 [1/1] (0.00ns)   --->   "%local_output_3_addr = getelementptr i32 %local_output_3, i64 0, i64 %zext_ln85" [conv.cpp:85]   --->   Operation 35 'getelementptr' 'local_output_3_addr' <Predicate = (!icmp_ln85)> <Delay = 0.00>
ST_1 : Operation 36 [2/2] (3.25ns)   --->   "%local_output_3_load = load i6 %local_output_3_addr" [conv.cpp:85]   --->   Operation 36 'load' 'local_output_3_load' <Predicate = (!icmp_ln85)> <Delay = 3.25> <CoreInst = "RAM">   --->   Core 82 'RAM' <Latency = 1> <II = 1> <Delay = 3.25> <Storage> <Opcode : 'load' 'store'> <Ports = 2> <Width = 32> <Depth = 55> <RAM>
ST_1 : Operation 37 [1/1] (0.00ns)   --->   "%local_output_4_addr = getelementptr i32 %local_output_4, i64 0, i64 %zext_ln85" [conv.cpp:85]   --->   Operation 37 'getelementptr' 'local_output_4_addr' <Predicate = (!icmp_ln85)> <Delay = 0.00>
ST_1 : Operation 38 [2/2] (3.25ns)   --->   "%local_output_4_load = load i6 %local_output_4_addr" [conv.cpp:85]   --->   Operation 38 'load' 'local_output_4_load' <Predicate = (!icmp_ln85)> <Delay = 3.25> <CoreInst = "RAM">   --->   Core 82 'RAM' <Latency = 1> <II = 1> <Delay = 3.25> <Storage> <Opcode : 'load' 'store'> <Ports = 2> <Width = 32> <Depth = 55> <RAM>
ST_1 : Operation 39 [1/1] (0.00ns)   --->   "%local_output_5_addr = getelementptr i32 %local_output_5, i64 0, i64 %zext_ln85" [conv.cpp:85]   --->   Operation 39 'getelementptr' 'local_output_5_addr' <Predicate = (!icmp_ln85)> <Delay = 0.00>
ST_1 : Operation 40 [2/2] (3.25ns)   --->   "%local_output_5_load = load i6 %local_output_5_addr" [conv.cpp:85]   --->   Operation 40 'load' 'local_output_5_load' <Predicate = (!icmp_ln85)> <Delay = 3.25> <CoreInst = "RAM">   --->   Core 82 'RAM' <Latency = 1> <II = 1> <Delay = 3.25> <Storage> <Opcode : 'load' 'store'> <Ports = 2> <Width = 32> <Depth = 55> <RAM>
ST_1 : Operation 41 [1/1] (0.00ns)   --->   "%local_output_6_addr = getelementptr i32 %local_output_6, i64 0, i64 %zext_ln85" [conv.cpp:85]   --->   Operation 41 'getelementptr' 'local_output_6_addr' <Predicate = (!icmp_ln85)> <Delay = 0.00>
ST_1 : Operation 42 [2/2] (3.25ns)   --->   "%local_output_6_load = load i6 %local_output_6_addr" [conv.cpp:85]   --->   Operation 42 'load' 'local_output_6_load' <Predicate = (!icmp_ln85)> <Delay = 3.25> <CoreInst = "RAM">   --->   Core 82 'RAM' <Latency = 1> <II = 1> <Delay = 3.25> <Storage> <Opcode : 'load' 'store'> <Ports = 2> <Width = 32> <Depth = 55> <RAM>
ST_1 : Operation 43 [1/1] (0.00ns)   --->   "%local_output_7_addr = getelementptr i32 %local_output_7, i64 0, i64 %zext_ln85" [conv.cpp:85]   --->   Operation 43 'getelementptr' 'local_output_7_addr' <Predicate = (!icmp_ln85)> <Delay = 0.00>
ST_1 : Operation 44 [2/2] (3.25ns)   --->   "%local_output_7_load = load i6 %local_output_7_addr" [conv.cpp:85]   --->   Operation 44 'load' 'local_output_7_load' <Predicate = (!icmp_ln85)> <Delay = 3.25> <CoreInst = "RAM">   --->   Core 82 'RAM' <Latency = 1> <II = 1> <Delay = 3.25> <Storage> <Opcode : 'load' 'store'> <Ports = 2> <Width = 32> <Depth = 55> <RAM>
ST_1 : Operation 45 [1/1] (0.00ns)   --->   "%local_output_8_addr = getelementptr i32 %local_output_8, i64 0, i64 %zext_ln85" [conv.cpp:85]   --->   Operation 45 'getelementptr' 'local_output_8_addr' <Predicate = (!icmp_ln85)> <Delay = 0.00>
ST_1 : Operation 46 [2/2] (3.25ns)   --->   "%local_output_8_load = load i6 %local_output_8_addr" [conv.cpp:85]   --->   Operation 46 'load' 'local_output_8_load' <Predicate = (!icmp_ln85)> <Delay = 3.25> <CoreInst = "RAM">   --->   Core 82 'RAM' <Latency = 1> <II = 1> <Delay = 3.25> <Storage> <Opcode : 'load' 'store'> <Ports = 2> <Width = 32> <Depth = 55> <RAM>
ST_1 : Operation 47 [1/1] (0.00ns)   --->   "%local_output_9_addr = getelementptr i32 %local_output_9, i64 0, i64 %zext_ln85" [conv.cpp:85]   --->   Operation 47 'getelementptr' 'local_output_9_addr' <Predicate = (!icmp_ln85)> <Delay = 0.00>
ST_1 : Operation 48 [2/2] (3.25ns)   --->   "%local_output_9_load = load i6 %local_output_9_addr" [conv.cpp:85]   --->   Operation 48 'load' 'local_output_9_load' <Predicate = (!icmp_ln85)> <Delay = 3.25> <CoreInst = "RAM">   --->   Core 82 'RAM' <Latency = 1> <II = 1> <Delay = 3.25> <Storage> <Opcode : 'load' 'store'> <Ports = 2> <Width = 32> <Depth = 55> <RAM>
ST_1 : Operation 49 [1/1] (0.00ns)   --->   "%local_output_10_addr = getelementptr i32 %local_output_10, i64 0, i64 %zext_ln85" [conv.cpp:85]   --->   Operation 49 'getelementptr' 'local_output_10_addr' <Predicate = (!icmp_ln85)> <Delay = 0.00>
ST_1 : Operation 50 [2/2] (3.25ns)   --->   "%local_output_10_load = load i6 %local_output_10_addr" [conv.cpp:85]   --->   Operation 50 'load' 'local_output_10_load' <Predicate = (!icmp_ln85)> <Delay = 3.25> <CoreInst = "RAM">   --->   Core 82 'RAM' <Latency = 1> <II = 1> <Delay = 3.25> <Storage> <Opcode : 'load' 'store'> <Ports = 2> <Width = 32> <Depth = 55> <RAM>
ST_1 : Operation 51 [1/1] (0.00ns)   --->   "%local_output_11_addr = getelementptr i32 %local_output_11, i64 0, i64 %zext_ln85" [conv.cpp:85]   --->   Operation 51 'getelementptr' 'local_output_11_addr' <Predicate = (!icmp_ln85)> <Delay = 0.00>
ST_1 : Operation 52 [2/2] (3.25ns)   --->   "%local_output_11_load = load i6 %local_output_11_addr" [conv.cpp:85]   --->   Operation 52 'load' 'local_output_11_load' <Predicate = (!icmp_ln85)> <Delay = 3.25> <CoreInst = "RAM">   --->   Core 82 'RAM' <Latency = 1> <II = 1> <Delay = 3.25> <Storage> <Opcode : 'load' 'store'> <Ports = 2> <Width = 32> <Depth = 55> <RAM>
ST_1 : Operation 53 [1/1] (0.00ns)   --->   "%local_output_12_addr = getelementptr i32 %local_output_12, i64 0, i64 %zext_ln85" [conv.cpp:85]   --->   Operation 53 'getelementptr' 'local_output_12_addr' <Predicate = (!icmp_ln85)> <Delay = 0.00>
ST_1 : Operation 54 [2/2] (3.25ns)   --->   "%local_output_12_load = load i6 %local_output_12_addr" [conv.cpp:85]   --->   Operation 54 'load' 'local_output_12_load' <Predicate = (!icmp_ln85)> <Delay = 3.25> <CoreInst = "RAM">   --->   Core 82 'RAM' <Latency = 1> <II = 1> <Delay = 3.25> <Storage> <Opcode : 'load' 'store'> <Ports = 2> <Width = 32> <Depth = 55> <RAM>
ST_1 : Operation 55 [1/1] (0.00ns)   --->   "%local_output_13_addr = getelementptr i32 %local_output_13, i64 0, i64 %zext_ln85" [conv.cpp:85]   --->   Operation 55 'getelementptr' 'local_output_13_addr' <Predicate = (!icmp_ln85)> <Delay = 0.00>
ST_1 : Operation 56 [2/2] (3.25ns)   --->   "%local_output_13_load = load i6 %local_output_13_addr" [conv.cpp:85]   --->   Operation 56 'load' 'local_output_13_load' <Predicate = (!icmp_ln85)> <Delay = 3.25> <CoreInst = "RAM">   --->   Core 82 'RAM' <Latency = 1> <II = 1> <Delay = 3.25> <Storage> <Opcode : 'load' 'store'> <Ports = 2> <Width = 32> <Depth = 55> <RAM>
ST_1 : Operation 57 [1/1] (0.00ns)   --->   "%local_output_14_addr = getelementptr i32 %local_output_14, i64 0, i64 %zext_ln85" [conv.cpp:85]   --->   Operation 57 'getelementptr' 'local_output_14_addr' <Predicate = (!icmp_ln85)> <Delay = 0.00>
ST_1 : Operation 58 [2/2] (3.25ns)   --->   "%local_output_14_load = load i6 %local_output_14_addr" [conv.cpp:85]   --->   Operation 58 'load' 'local_output_14_load' <Predicate = (!icmp_ln85)> <Delay = 3.25> <CoreInst = "RAM">   --->   Core 82 'RAM' <Latency = 1> <II = 1> <Delay = 3.25> <Storage> <Opcode : 'load' 'store'> <Ports = 2> <Width = 32> <Depth = 55> <RAM>
ST_1 : Operation 59 [1/1] (0.00ns)   --->   "%local_output_15_addr = getelementptr i32 %local_output_15, i64 0, i64 %zext_ln85" [conv.cpp:85]   --->   Operation 59 'getelementptr' 'local_output_15_addr' <Predicate = (!icmp_ln85)> <Delay = 0.00>
ST_1 : Operation 60 [2/2] (3.25ns)   --->   "%local_output_15_load = load i6 %local_output_15_addr" [conv.cpp:85]   --->   Operation 60 'load' 'local_output_15_load' <Predicate = (!icmp_ln85)> <Delay = 3.25> <CoreInst = "RAM">   --->   Core 82 'RAM' <Latency = 1> <II = 1> <Delay = 3.25> <Storage> <Opcode : 'load' 'store'> <Ports = 2> <Width = 32> <Depth = 55> <RAM>
ST_1 : Operation 61 [1/1] (0.00ns)   --->   "%local_output_16_addr = getelementptr i32 %local_output_16, i64 0, i64 %zext_ln85" [conv.cpp:85]   --->   Operation 61 'getelementptr' 'local_output_16_addr' <Predicate = (!icmp_ln85)> <Delay = 0.00>
ST_1 : Operation 62 [2/2] (3.25ns)   --->   "%local_output_16_load = load i6 %local_output_16_addr" [conv.cpp:85]   --->   Operation 62 'load' 'local_output_16_load' <Predicate = (!icmp_ln85)> <Delay = 3.25> <CoreInst = "RAM">   --->   Core 82 'RAM' <Latency = 1> <II = 1> <Delay = 3.25> <Storage> <Opcode : 'load' 'store'> <Ports = 2> <Width = 32> <Depth = 55> <RAM>
ST_1 : Operation 63 [1/1] (0.00ns)   --->   "%local_output_17_addr = getelementptr i32 %local_output_17, i64 0, i64 %zext_ln85" [conv.cpp:85]   --->   Operation 63 'getelementptr' 'local_output_17_addr' <Predicate = (!icmp_ln85)> <Delay = 0.00>
ST_1 : Operation 64 [2/2] (3.25ns)   --->   "%local_output_17_load = load i6 %local_output_17_addr" [conv.cpp:85]   --->   Operation 64 'load' 'local_output_17_load' <Predicate = (!icmp_ln85)> <Delay = 3.25> <CoreInst = "RAM">   --->   Core 82 'RAM' <Latency = 1> <II = 1> <Delay = 3.25> <Storage> <Opcode : 'load' 'store'> <Ports = 2> <Width = 32> <Depth = 55> <RAM>
ST_1 : Operation 65 [1/1] (0.00ns)   --->   "%local_output_18_addr = getelementptr i32 %local_output_18, i64 0, i64 %zext_ln85" [conv.cpp:85]   --->   Operation 65 'getelementptr' 'local_output_18_addr' <Predicate = (!icmp_ln85)> <Delay = 0.00>
ST_1 : Operation 66 [2/2] (3.25ns)   --->   "%local_output_18_load = load i6 %local_output_18_addr" [conv.cpp:85]   --->   Operation 66 'load' 'local_output_18_load' <Predicate = (!icmp_ln85)> <Delay = 3.25> <CoreInst = "RAM">   --->   Core 82 'RAM' <Latency = 1> <II = 1> <Delay = 3.25> <Storage> <Opcode : 'load' 'store'> <Ports = 2> <Width = 32> <Depth = 55> <RAM>
ST_1 : Operation 67 [1/1] (0.00ns)   --->   "%local_output_19_addr = getelementptr i32 %local_output_19, i64 0, i64 %zext_ln85" [conv.cpp:85]   --->   Operation 67 'getelementptr' 'local_output_19_addr' <Predicate = (!icmp_ln85)> <Delay = 0.00>
ST_1 : Operation 68 [2/2] (3.25ns)   --->   "%local_output_19_load = load i6 %local_output_19_addr" [conv.cpp:85]   --->   Operation 68 'load' 'local_output_19_load' <Predicate = (!icmp_ln85)> <Delay = 3.25> <CoreInst = "RAM">   --->   Core 82 'RAM' <Latency = 1> <II = 1> <Delay = 3.25> <Storage> <Opcode : 'load' 'store'> <Ports = 2> <Width = 32> <Depth = 55> <RAM>
ST_1 : Operation 69 [1/1] (0.00ns)   --->   "%local_output_20_addr = getelementptr i32 %local_output_20, i64 0, i64 %zext_ln85" [conv.cpp:85]   --->   Operation 69 'getelementptr' 'local_output_20_addr' <Predicate = (!icmp_ln85)> <Delay = 0.00>
ST_1 : Operation 70 [2/2] (3.25ns)   --->   "%local_output_20_load = load i6 %local_output_20_addr" [conv.cpp:85]   --->   Operation 70 'load' 'local_output_20_load' <Predicate = (!icmp_ln85)> <Delay = 3.25> <CoreInst = "RAM">   --->   Core 82 'RAM' <Latency = 1> <II = 1> <Delay = 3.25> <Storage> <Opcode : 'load' 'store'> <Ports = 2> <Width = 32> <Depth = 55> <RAM>
ST_1 : Operation 71 [1/1] (0.00ns)   --->   "%local_output_21_addr = getelementptr i32 %local_output_21, i64 0, i64 %zext_ln85" [conv.cpp:85]   --->   Operation 71 'getelementptr' 'local_output_21_addr' <Predicate = (!icmp_ln85)> <Delay = 0.00>
ST_1 : Operation 72 [2/2] (3.25ns)   --->   "%local_output_21_load = load i6 %local_output_21_addr" [conv.cpp:85]   --->   Operation 72 'load' 'local_output_21_load' <Predicate = (!icmp_ln85)> <Delay = 3.25> <CoreInst = "RAM">   --->   Core 82 'RAM' <Latency = 1> <II = 1> <Delay = 3.25> <Storage> <Opcode : 'load' 'store'> <Ports = 2> <Width = 32> <Depth = 55> <RAM>
ST_1 : Operation 73 [1/1] (0.00ns)   --->   "%local_output_22_addr = getelementptr i32 %local_output_22, i64 0, i64 %zext_ln85" [conv.cpp:85]   --->   Operation 73 'getelementptr' 'local_output_22_addr' <Predicate = (!icmp_ln85)> <Delay = 0.00>
ST_1 : Operation 74 [2/2] (3.25ns)   --->   "%local_output_22_load = load i6 %local_output_22_addr" [conv.cpp:85]   --->   Operation 74 'load' 'local_output_22_load' <Predicate = (!icmp_ln85)> <Delay = 3.25> <CoreInst = "RAM">   --->   Core 82 'RAM' <Latency = 1> <II = 1> <Delay = 3.25> <Storage> <Opcode : 'load' 'store'> <Ports = 2> <Width = 32> <Depth = 55> <RAM>
ST_1 : Operation 75 [1/1] (0.00ns)   --->   "%local_output_23_addr = getelementptr i32 %local_output_23, i64 0, i64 %zext_ln85" [conv.cpp:85]   --->   Operation 75 'getelementptr' 'local_output_23_addr' <Predicate = (!icmp_ln85)> <Delay = 0.00>
ST_1 : Operation 76 [2/2] (3.25ns)   --->   "%local_output_23_load = load i6 %local_output_23_addr" [conv.cpp:85]   --->   Operation 76 'load' 'local_output_23_load' <Predicate = (!icmp_ln85)> <Delay = 3.25> <CoreInst = "RAM">   --->   Core 82 'RAM' <Latency = 1> <II = 1> <Delay = 3.25> <Storage> <Opcode : 'load' 'store'> <Ports = 2> <Width = 32> <Depth = 55> <RAM>
ST_1 : Operation 77 [1/1] (0.00ns)   --->   "%local_output_24_addr = getelementptr i32 %local_output_24, i64 0, i64 %zext_ln85" [conv.cpp:85]   --->   Operation 77 'getelementptr' 'local_output_24_addr' <Predicate = (!icmp_ln85)> <Delay = 0.00>
ST_1 : Operation 78 [2/2] (3.25ns)   --->   "%local_output_24_load = load i6 %local_output_24_addr" [conv.cpp:85]   --->   Operation 78 'load' 'local_output_24_load' <Predicate = (!icmp_ln85)> <Delay = 3.25> <CoreInst = "RAM">   --->   Core 82 'RAM' <Latency = 1> <II = 1> <Delay = 3.25> <Storage> <Opcode : 'load' 'store'> <Ports = 2> <Width = 32> <Depth = 55> <RAM>
ST_1 : Operation 79 [1/1] (0.00ns)   --->   "%local_output_25_addr = getelementptr i32 %local_output_25, i64 0, i64 %zext_ln85" [conv.cpp:85]   --->   Operation 79 'getelementptr' 'local_output_25_addr' <Predicate = (!icmp_ln85)> <Delay = 0.00>
ST_1 : Operation 80 [2/2] (3.25ns)   --->   "%local_output_25_load = load i6 %local_output_25_addr" [conv.cpp:85]   --->   Operation 80 'load' 'local_output_25_load' <Predicate = (!icmp_ln85)> <Delay = 3.25> <CoreInst = "RAM">   --->   Core 82 'RAM' <Latency = 1> <II = 1> <Delay = 3.25> <Storage> <Opcode : 'load' 'store'> <Ports = 2> <Width = 32> <Depth = 55> <RAM>
ST_1 : Operation 81 [1/1] (0.00ns)   --->   "%local_output_26_addr = getelementptr i32 %local_output_26, i64 0, i64 %zext_ln85" [conv.cpp:85]   --->   Operation 81 'getelementptr' 'local_output_26_addr' <Predicate = (!icmp_ln85)> <Delay = 0.00>
ST_1 : Operation 82 [2/2] (3.25ns)   --->   "%local_output_26_load = load i6 %local_output_26_addr" [conv.cpp:85]   --->   Operation 82 'load' 'local_output_26_load' <Predicate = (!icmp_ln85)> <Delay = 3.25> <CoreInst = "RAM">   --->   Core 82 'RAM' <Latency = 1> <II = 1> <Delay = 3.25> <Storage> <Opcode : 'load' 'store'> <Ports = 2> <Width = 32> <Depth = 55> <RAM>
ST_1 : Operation 83 [1/1] (0.00ns)   --->   "%local_output_27_addr = getelementptr i32 %local_output_27, i64 0, i64 %zext_ln85" [conv.cpp:85]   --->   Operation 83 'getelementptr' 'local_output_27_addr' <Predicate = (!icmp_ln85)> <Delay = 0.00>
ST_1 : Operation 84 [2/2] (3.25ns)   --->   "%local_output_27_load = load i6 %local_output_27_addr" [conv.cpp:85]   --->   Operation 84 'load' 'local_output_27_load' <Predicate = (!icmp_ln85)> <Delay = 3.25> <CoreInst = "RAM">   --->   Core 82 'RAM' <Latency = 1> <II = 1> <Delay = 3.25> <Storage> <Opcode : 'load' 'store'> <Ports = 2> <Width = 32> <Depth = 55> <RAM>
ST_1 : Operation 85 [1/1] (0.00ns)   --->   "%local_output_28_addr = getelementptr i32 %local_output_28, i64 0, i64 %zext_ln85" [conv.cpp:85]   --->   Operation 85 'getelementptr' 'local_output_28_addr' <Predicate = (!icmp_ln85)> <Delay = 0.00>
ST_1 : Operation 86 [2/2] (3.25ns)   --->   "%local_output_28_load = load i6 %local_output_28_addr" [conv.cpp:85]   --->   Operation 86 'load' 'local_output_28_load' <Predicate = (!icmp_ln85)> <Delay = 3.25> <CoreInst = "RAM">   --->   Core 82 'RAM' <Latency = 1> <II = 1> <Delay = 3.25> <Storage> <Opcode : 'load' 'store'> <Ports = 2> <Width = 32> <Depth = 55> <RAM>
ST_1 : Operation 87 [1/1] (0.00ns)   --->   "%local_output_29_addr = getelementptr i32 %local_output_29, i64 0, i64 %zext_ln85" [conv.cpp:85]   --->   Operation 87 'getelementptr' 'local_output_29_addr' <Predicate = (!icmp_ln85)> <Delay = 0.00>
ST_1 : Operation 88 [2/2] (3.25ns)   --->   "%local_output_29_load = load i6 %local_output_29_addr" [conv.cpp:85]   --->   Operation 88 'load' 'local_output_29_load' <Predicate = (!icmp_ln85)> <Delay = 3.25> <CoreInst = "RAM">   --->   Core 82 'RAM' <Latency = 1> <II = 1> <Delay = 3.25> <Storage> <Opcode : 'load' 'store'> <Ports = 2> <Width = 32> <Depth = 55> <RAM>
ST_1 : Operation 89 [1/1] (0.00ns)   --->   "%local_output_30_addr = getelementptr i32 %local_output_30, i64 0, i64 %zext_ln85" [conv.cpp:85]   --->   Operation 89 'getelementptr' 'local_output_30_addr' <Predicate = (!icmp_ln85)> <Delay = 0.00>
ST_1 : Operation 90 [2/2] (3.25ns)   --->   "%local_output_30_load = load i6 %local_output_30_addr" [conv.cpp:85]   --->   Operation 90 'load' 'local_output_30_load' <Predicate = (!icmp_ln85)> <Delay = 3.25> <CoreInst = "RAM">   --->   Core 82 'RAM' <Latency = 1> <II = 1> <Delay = 3.25> <Storage> <Opcode : 'load' 'store'> <Ports = 2> <Width = 32> <Depth = 55> <RAM>
ST_1 : Operation 91 [1/1] (0.00ns)   --->   "%local_output_31_addr = getelementptr i32 %local_output_31, i64 0, i64 %zext_ln85" [conv.cpp:85]   --->   Operation 91 'getelementptr' 'local_output_31_addr' <Predicate = (!icmp_ln85)> <Delay = 0.00>
ST_1 : Operation 92 [2/2] (3.25ns)   --->   "%local_output_31_load = load i6 %local_output_31_addr" [conv.cpp:85]   --->   Operation 92 'load' 'local_output_31_load' <Predicate = (!icmp_ln85)> <Delay = 3.25> <CoreInst = "RAM">   --->   Core 82 'RAM' <Latency = 1> <II = 1> <Delay = 3.25> <Storage> <Opcode : 'load' 'store'> <Ports = 2> <Width = 32> <Depth = 55> <RAM>
ST_1 : Operation 93 [1/1] (0.00ns)   --->   "%local_output_32_addr = getelementptr i32 %local_output_32, i64 0, i64 %zext_ln85" [conv.cpp:85]   --->   Operation 93 'getelementptr' 'local_output_32_addr' <Predicate = (!icmp_ln85)> <Delay = 0.00>
ST_1 : Operation 94 [2/2] (3.25ns)   --->   "%local_output_32_load = load i6 %local_output_32_addr" [conv.cpp:85]   --->   Operation 94 'load' 'local_output_32_load' <Predicate = (!icmp_ln85)> <Delay = 3.25> <CoreInst = "RAM">   --->   Core 82 'RAM' <Latency = 1> <II = 1> <Delay = 3.25> <Storage> <Opcode : 'load' 'store'> <Ports = 2> <Width = 32> <Depth = 55> <RAM>
ST_1 : Operation 95 [1/1] (0.00ns)   --->   "%local_output_33_addr = getelementptr i32 %local_output_33, i64 0, i64 %zext_ln85" [conv.cpp:85]   --->   Operation 95 'getelementptr' 'local_output_33_addr' <Predicate = (!icmp_ln85)> <Delay = 0.00>
ST_1 : Operation 96 [2/2] (3.25ns)   --->   "%local_output_33_load = load i6 %local_output_33_addr" [conv.cpp:85]   --->   Operation 96 'load' 'local_output_33_load' <Predicate = (!icmp_ln85)> <Delay = 3.25> <CoreInst = "RAM">   --->   Core 82 'RAM' <Latency = 1> <II = 1> <Delay = 3.25> <Storage> <Opcode : 'load' 'store'> <Ports = 2> <Width = 32> <Depth = 55> <RAM>
ST_1 : Operation 97 [1/1] (0.00ns)   --->   "%local_output_34_addr = getelementptr i32 %local_output_34, i64 0, i64 %zext_ln85" [conv.cpp:85]   --->   Operation 97 'getelementptr' 'local_output_34_addr' <Predicate = (!icmp_ln85)> <Delay = 0.00>
ST_1 : Operation 98 [2/2] (3.25ns)   --->   "%local_output_34_load = load i6 %local_output_34_addr" [conv.cpp:85]   --->   Operation 98 'load' 'local_output_34_load' <Predicate = (!icmp_ln85)> <Delay = 3.25> <CoreInst = "RAM">   --->   Core 82 'RAM' <Latency = 1> <II = 1> <Delay = 3.25> <Storage> <Opcode : 'load' 'store'> <Ports = 2> <Width = 32> <Depth = 55> <RAM>
ST_1 : Operation 99 [1/1] (0.00ns)   --->   "%local_output_35_addr = getelementptr i32 %local_output_35, i64 0, i64 %zext_ln85" [conv.cpp:85]   --->   Operation 99 'getelementptr' 'local_output_35_addr' <Predicate = (!icmp_ln85)> <Delay = 0.00>
ST_1 : Operation 100 [2/2] (3.25ns)   --->   "%local_output_35_load = load i6 %local_output_35_addr" [conv.cpp:85]   --->   Operation 100 'load' 'local_output_35_load' <Predicate = (!icmp_ln85)> <Delay = 3.25> <CoreInst = "RAM">   --->   Core 82 'RAM' <Latency = 1> <II = 1> <Delay = 3.25> <Storage> <Opcode : 'load' 'store'> <Ports = 2> <Width = 32> <Depth = 55> <RAM>
ST_1 : Operation 101 [1/1] (0.00ns)   --->   "%local_output_36_addr = getelementptr i32 %local_output_36, i64 0, i64 %zext_ln85" [conv.cpp:85]   --->   Operation 101 'getelementptr' 'local_output_36_addr' <Predicate = (!icmp_ln85)> <Delay = 0.00>
ST_1 : Operation 102 [2/2] (3.25ns)   --->   "%local_output_36_load = load i6 %local_output_36_addr" [conv.cpp:85]   --->   Operation 102 'load' 'local_output_36_load' <Predicate = (!icmp_ln85)> <Delay = 3.25> <CoreInst = "RAM">   --->   Core 82 'RAM' <Latency = 1> <II = 1> <Delay = 3.25> <Storage> <Opcode : 'load' 'store'> <Ports = 2> <Width = 32> <Depth = 55> <RAM>
ST_1 : Operation 103 [1/1] (0.00ns)   --->   "%local_output_37_addr = getelementptr i32 %local_output_37, i64 0, i64 %zext_ln85" [conv.cpp:85]   --->   Operation 103 'getelementptr' 'local_output_37_addr' <Predicate = (!icmp_ln85)> <Delay = 0.00>
ST_1 : Operation 104 [2/2] (3.25ns)   --->   "%local_output_37_load = load i6 %local_output_37_addr" [conv.cpp:85]   --->   Operation 104 'load' 'local_output_37_load' <Predicate = (!icmp_ln85)> <Delay = 3.25> <CoreInst = "RAM">   --->   Core 82 'RAM' <Latency = 1> <II = 1> <Delay = 3.25> <Storage> <Opcode : 'load' 'store'> <Ports = 2> <Width = 32> <Depth = 55> <RAM>
ST_1 : Operation 105 [1/1] (0.00ns)   --->   "%local_output_38_addr = getelementptr i32 %local_output_38, i64 0, i64 %zext_ln85" [conv.cpp:85]   --->   Operation 105 'getelementptr' 'local_output_38_addr' <Predicate = (!icmp_ln85)> <Delay = 0.00>
ST_1 : Operation 106 [2/2] (3.25ns)   --->   "%local_output_38_load = load i6 %local_output_38_addr" [conv.cpp:85]   --->   Operation 106 'load' 'local_output_38_load' <Predicate = (!icmp_ln85)> <Delay = 3.25> <CoreInst = "RAM">   --->   Core 82 'RAM' <Latency = 1> <II = 1> <Delay = 3.25> <Storage> <Opcode : 'load' 'store'> <Ports = 2> <Width = 32> <Depth = 55> <RAM>
ST_1 : Operation 107 [1/1] (0.00ns)   --->   "%local_output_39_addr = getelementptr i32 %local_output_39, i64 0, i64 %zext_ln85" [conv.cpp:85]   --->   Operation 107 'getelementptr' 'local_output_39_addr' <Predicate = (!icmp_ln85)> <Delay = 0.00>
ST_1 : Operation 108 [2/2] (3.25ns)   --->   "%local_output_39_load = load i6 %local_output_39_addr" [conv.cpp:85]   --->   Operation 108 'load' 'local_output_39_load' <Predicate = (!icmp_ln85)> <Delay = 3.25> <CoreInst = "RAM">   --->   Core 82 'RAM' <Latency = 1> <II = 1> <Delay = 3.25> <Storage> <Opcode : 'load' 'store'> <Ports = 2> <Width = 32> <Depth = 55> <RAM>
ST_1 : Operation 109 [1/1] (0.00ns)   --->   "%local_output_40_addr = getelementptr i32 %local_output_40, i64 0, i64 %zext_ln85" [conv.cpp:85]   --->   Operation 109 'getelementptr' 'local_output_40_addr' <Predicate = (!icmp_ln85)> <Delay = 0.00>
ST_1 : Operation 110 [2/2] (3.25ns)   --->   "%local_output_40_load = load i6 %local_output_40_addr" [conv.cpp:85]   --->   Operation 110 'load' 'local_output_40_load' <Predicate = (!icmp_ln85)> <Delay = 3.25> <CoreInst = "RAM">   --->   Core 82 'RAM' <Latency = 1> <II = 1> <Delay = 3.25> <Storage> <Opcode : 'load' 'store'> <Ports = 2> <Width = 32> <Depth = 55> <RAM>
ST_1 : Operation 111 [1/1] (0.00ns)   --->   "%local_output_41_addr = getelementptr i32 %local_output_41, i64 0, i64 %zext_ln85" [conv.cpp:85]   --->   Operation 111 'getelementptr' 'local_output_41_addr' <Predicate = (!icmp_ln85)> <Delay = 0.00>
ST_1 : Operation 112 [2/2] (3.25ns)   --->   "%local_output_41_load = load i6 %local_output_41_addr" [conv.cpp:85]   --->   Operation 112 'load' 'local_output_41_load' <Predicate = (!icmp_ln85)> <Delay = 3.25> <CoreInst = "RAM">   --->   Core 82 'RAM' <Latency = 1> <II = 1> <Delay = 3.25> <Storage> <Opcode : 'load' 'store'> <Ports = 2> <Width = 32> <Depth = 55> <RAM>
ST_1 : Operation 113 [1/1] (0.00ns)   --->   "%local_output_42_addr = getelementptr i32 %local_output_42, i64 0, i64 %zext_ln85" [conv.cpp:85]   --->   Operation 113 'getelementptr' 'local_output_42_addr' <Predicate = (!icmp_ln85)> <Delay = 0.00>
ST_1 : Operation 114 [2/2] (3.25ns)   --->   "%local_output_42_load = load i6 %local_output_42_addr" [conv.cpp:85]   --->   Operation 114 'load' 'local_output_42_load' <Predicate = (!icmp_ln85)> <Delay = 3.25> <CoreInst = "RAM">   --->   Core 82 'RAM' <Latency = 1> <II = 1> <Delay = 3.25> <Storage> <Opcode : 'load' 'store'> <Ports = 2> <Width = 32> <Depth = 55> <RAM>
ST_1 : Operation 115 [1/1] (0.00ns)   --->   "%local_output_43_addr = getelementptr i32 %local_output_43, i64 0, i64 %zext_ln85" [conv.cpp:85]   --->   Operation 115 'getelementptr' 'local_output_43_addr' <Predicate = (!icmp_ln85)> <Delay = 0.00>
ST_1 : Operation 116 [2/2] (3.25ns)   --->   "%local_output_43_load = load i6 %local_output_43_addr" [conv.cpp:85]   --->   Operation 116 'load' 'local_output_43_load' <Predicate = (!icmp_ln85)> <Delay = 3.25> <CoreInst = "RAM">   --->   Core 82 'RAM' <Latency = 1> <II = 1> <Delay = 3.25> <Storage> <Opcode : 'load' 'store'> <Ports = 2> <Width = 32> <Depth = 55> <RAM>
ST_1 : Operation 117 [1/1] (0.00ns)   --->   "%local_output_44_addr = getelementptr i32 %local_output_44, i64 0, i64 %zext_ln85" [conv.cpp:85]   --->   Operation 117 'getelementptr' 'local_output_44_addr' <Predicate = (!icmp_ln85)> <Delay = 0.00>
ST_1 : Operation 118 [2/2] (3.25ns)   --->   "%local_output_44_load = load i6 %local_output_44_addr" [conv.cpp:85]   --->   Operation 118 'load' 'local_output_44_load' <Predicate = (!icmp_ln85)> <Delay = 3.25> <CoreInst = "RAM">   --->   Core 82 'RAM' <Latency = 1> <II = 1> <Delay = 3.25> <Storage> <Opcode : 'load' 'store'> <Ports = 2> <Width = 32> <Depth = 55> <RAM>
ST_1 : Operation 119 [1/1] (0.00ns)   --->   "%local_output_45_addr = getelementptr i32 %local_output_45, i64 0, i64 %zext_ln85" [conv.cpp:85]   --->   Operation 119 'getelementptr' 'local_output_45_addr' <Predicate = (!icmp_ln85)> <Delay = 0.00>
ST_1 : Operation 120 [2/2] (3.25ns)   --->   "%local_output_45_load = load i6 %local_output_45_addr" [conv.cpp:85]   --->   Operation 120 'load' 'local_output_45_load' <Predicate = (!icmp_ln85)> <Delay = 3.25> <CoreInst = "RAM">   --->   Core 82 'RAM' <Latency = 1> <II = 1> <Delay = 3.25> <Storage> <Opcode : 'load' 'store'> <Ports = 2> <Width = 32> <Depth = 55> <RAM>
ST_1 : Operation 121 [1/1] (0.00ns)   --->   "%local_output_46_addr = getelementptr i32 %local_output_46, i64 0, i64 %zext_ln85" [conv.cpp:85]   --->   Operation 121 'getelementptr' 'local_output_46_addr' <Predicate = (!icmp_ln85)> <Delay = 0.00>
ST_1 : Operation 122 [2/2] (3.25ns)   --->   "%local_output_46_load = load i6 %local_output_46_addr" [conv.cpp:85]   --->   Operation 122 'load' 'local_output_46_load' <Predicate = (!icmp_ln85)> <Delay = 3.25> <CoreInst = "RAM">   --->   Core 82 'RAM' <Latency = 1> <II = 1> <Delay = 3.25> <Storage> <Opcode : 'load' 'store'> <Ports = 2> <Width = 32> <Depth = 55> <RAM>
ST_1 : Operation 123 [1/1] (0.00ns)   --->   "%local_output_47_addr = getelementptr i32 %local_output_47, i64 0, i64 %zext_ln85" [conv.cpp:85]   --->   Operation 123 'getelementptr' 'local_output_47_addr' <Predicate = (!icmp_ln85)> <Delay = 0.00>
ST_1 : Operation 124 [2/2] (3.25ns)   --->   "%local_output_47_load = load i6 %local_output_47_addr" [conv.cpp:85]   --->   Operation 124 'load' 'local_output_47_load' <Predicate = (!icmp_ln85)> <Delay = 3.25> <CoreInst = "RAM">   --->   Core 82 'RAM' <Latency = 1> <II = 1> <Delay = 3.25> <Storage> <Opcode : 'load' 'store'> <Ports = 2> <Width = 32> <Depth = 55> <RAM>
ST_1 : Operation 125 [1/1] (0.00ns)   --->   "%local_output_48_addr = getelementptr i32 %local_output_48, i64 0, i64 %zext_ln85" [conv.cpp:85]   --->   Operation 125 'getelementptr' 'local_output_48_addr' <Predicate = (!icmp_ln85)> <Delay = 0.00>
ST_1 : Operation 126 [2/2] (3.25ns)   --->   "%local_output_48_load = load i6 %local_output_48_addr" [conv.cpp:85]   --->   Operation 126 'load' 'local_output_48_load' <Predicate = (!icmp_ln85)> <Delay = 3.25> <CoreInst = "RAM">   --->   Core 82 'RAM' <Latency = 1> <II = 1> <Delay = 3.25> <Storage> <Opcode : 'load' 'store'> <Ports = 2> <Width = 32> <Depth = 55> <RAM>
ST_1 : Operation 127 [1/1] (0.00ns)   --->   "%local_output_49_addr = getelementptr i32 %local_output_49, i64 0, i64 %zext_ln85" [conv.cpp:85]   --->   Operation 127 'getelementptr' 'local_output_49_addr' <Predicate = (!icmp_ln85)> <Delay = 0.00>
ST_1 : Operation 128 [2/2] (3.25ns)   --->   "%local_output_49_load = load i6 %local_output_49_addr" [conv.cpp:85]   --->   Operation 128 'load' 'local_output_49_load' <Predicate = (!icmp_ln85)> <Delay = 3.25> <CoreInst = "RAM">   --->   Core 82 'RAM' <Latency = 1> <II = 1> <Delay = 3.25> <Storage> <Opcode : 'load' 'store'> <Ports = 2> <Width = 32> <Depth = 55> <RAM>
ST_1 : Operation 129 [1/1] (0.00ns)   --->   "%local_output_50_addr = getelementptr i32 %local_output_50, i64 0, i64 %zext_ln85" [conv.cpp:85]   --->   Operation 129 'getelementptr' 'local_output_50_addr' <Predicate = (!icmp_ln85)> <Delay = 0.00>
ST_1 : Operation 130 [2/2] (3.25ns)   --->   "%local_output_50_load = load i6 %local_output_50_addr" [conv.cpp:85]   --->   Operation 130 'load' 'local_output_50_load' <Predicate = (!icmp_ln85)> <Delay = 3.25> <CoreInst = "RAM">   --->   Core 82 'RAM' <Latency = 1> <II = 1> <Delay = 3.25> <Storage> <Opcode : 'load' 'store'> <Ports = 2> <Width = 32> <Depth = 55> <RAM>
ST_1 : Operation 131 [1/1] (0.00ns)   --->   "%local_output_51_addr = getelementptr i32 %local_output_51, i64 0, i64 %zext_ln85" [conv.cpp:85]   --->   Operation 131 'getelementptr' 'local_output_51_addr' <Predicate = (!icmp_ln85)> <Delay = 0.00>
ST_1 : Operation 132 [2/2] (3.25ns)   --->   "%local_output_51_load = load i6 %local_output_51_addr" [conv.cpp:85]   --->   Operation 132 'load' 'local_output_51_load' <Predicate = (!icmp_ln85)> <Delay = 3.25> <CoreInst = "RAM">   --->   Core 82 'RAM' <Latency = 1> <II = 1> <Delay = 3.25> <Storage> <Opcode : 'load' 'store'> <Ports = 2> <Width = 32> <Depth = 55> <RAM>
ST_1 : Operation 133 [1/1] (0.00ns)   --->   "%local_output_52_addr = getelementptr i32 %local_output_52, i64 0, i64 %zext_ln85" [conv.cpp:85]   --->   Operation 133 'getelementptr' 'local_output_52_addr' <Predicate = (!icmp_ln85)> <Delay = 0.00>
ST_1 : Operation 134 [2/2] (3.25ns)   --->   "%local_output_52_load = load i6 %local_output_52_addr" [conv.cpp:85]   --->   Operation 134 'load' 'local_output_52_load' <Predicate = (!icmp_ln85)> <Delay = 3.25> <CoreInst = "RAM">   --->   Core 82 'RAM' <Latency = 1> <II = 1> <Delay = 3.25> <Storage> <Opcode : 'load' 'store'> <Ports = 2> <Width = 32> <Depth = 55> <RAM>
ST_1 : Operation 135 [1/1] (0.00ns)   --->   "%local_output_53_addr = getelementptr i32 %local_output_53, i64 0, i64 %zext_ln85" [conv.cpp:85]   --->   Operation 135 'getelementptr' 'local_output_53_addr' <Predicate = (!icmp_ln85)> <Delay = 0.00>
ST_1 : Operation 136 [2/2] (3.25ns)   --->   "%local_output_53_load = load i6 %local_output_53_addr" [conv.cpp:85]   --->   Operation 136 'load' 'local_output_53_load' <Predicate = (!icmp_ln85)> <Delay = 3.25> <CoreInst = "RAM">   --->   Core 82 'RAM' <Latency = 1> <II = 1> <Delay = 3.25> <Storage> <Opcode : 'load' 'store'> <Ports = 2> <Width = 32> <Depth = 55> <RAM>
ST_1 : Operation 137 [1/1] (0.00ns)   --->   "%local_output_54_addr = getelementptr i32 %local_output_54, i64 0, i64 %zext_ln85" [conv.cpp:85]   --->   Operation 137 'getelementptr' 'local_output_54_addr' <Predicate = (!icmp_ln85)> <Delay = 0.00>
ST_1 : Operation 138 [2/2] (3.25ns)   --->   "%local_output_54_load = load i6 %local_output_54_addr" [conv.cpp:85]   --->   Operation 138 'load' 'local_output_54_load' <Predicate = (!icmp_ln85)> <Delay = 3.25> <CoreInst = "RAM">   --->   Core 82 'RAM' <Latency = 1> <II = 1> <Delay = 3.25> <Storage> <Opcode : 'load' 'store'> <Ports = 2> <Width = 32> <Depth = 55> <RAM>
ST_1 : Operation 139 [1/1] (1.82ns)   --->   "%add_ln87 = add i6 %select_ln85, i6 1" [conv.cpp:87]   --->   Operation 139 'add' 'add_ln87' <Predicate = (!icmp_ln85)> <Delay = 1.82> <CoreInst = "Adder">   --->   Core 1 'Adder' <Latency = 0> <II = 1> <Delay = 1.82> <FuncUnit> <Opcode : 'add' 'sub'> <InPorts = 2> <OutPorts = 1>
ST_1 : Operation 140 [1/1] (1.58ns)   --->   "%store_ln87 = store i12 %add_ln85, i12 %indvar_flatten613" [conv.cpp:87]   --->   Operation 140 'store' 'store_ln87' <Predicate = (!icmp_ln85)> <Delay = 1.58>
ST_1 : Operation 141 [1/1] (1.58ns)   --->   "%store_ln87 = store i6 %select_ln85_1, i6 %out_r" [conv.cpp:87]   --->   Operation 141 'store' 'store_ln87' <Predicate = (!icmp_ln85)> <Delay = 1.58>
ST_1 : Operation 142 [1/1] (1.58ns)   --->   "%store_ln87 = store i6 %add_ln87, i6 %out_c" [conv.cpp:87]   --->   Operation 142 'store' 'store_ln87' <Predicate = (!icmp_ln85)> <Delay = 1.58>

State 2 <SV = 1> <Delay = 6.41>
ST_2 : Operation 143 [1/2] (3.25ns)   --->   "%local_output_load = load i6 %local_output_addr" [conv.cpp:85]   --->   Operation 143 'load' 'local_output_load' <Predicate = (!icmp_ln85)> <Delay = 3.25> <CoreInst = "RAM">   --->   Core 82 'RAM' <Latency = 1> <II = 1> <Delay = 3.25> <Storage> <Opcode : 'load' 'store'> <Ports = 2> <Width = 32> <Depth = 55> <RAM>
ST_2 : Operation 144 [1/2] (3.25ns)   --->   "%local_output_1_load = load i6 %local_output_1_addr" [conv.cpp:85]   --->   Operation 144 'load' 'local_output_1_load' <Predicate = (!icmp_ln85)> <Delay = 3.25> <CoreInst = "RAM">   --->   Core 82 'RAM' <Latency = 1> <II = 1> <Delay = 3.25> <Storage> <Opcode : 'load' 'store'> <Ports = 2> <Width = 32> <Depth = 55> <RAM>
ST_2 : Operation 145 [1/2] (3.25ns)   --->   "%local_output_2_load = load i6 %local_output_2_addr" [conv.cpp:85]   --->   Operation 145 'load' 'local_output_2_load' <Predicate = (!icmp_ln85)> <Delay = 3.25> <CoreInst = "RAM">   --->   Core 82 'RAM' <Latency = 1> <II = 1> <Delay = 3.25> <Storage> <Opcode : 'load' 'store'> <Ports = 2> <Width = 32> <Depth = 55> <RAM>
ST_2 : Operation 146 [1/2] (3.25ns)   --->   "%local_output_3_load = load i6 %local_output_3_addr" [conv.cpp:85]   --->   Operation 146 'load' 'local_output_3_load' <Predicate = (!icmp_ln85)> <Delay = 3.25> <CoreInst = "RAM">   --->   Core 82 'RAM' <Latency = 1> <II = 1> <Delay = 3.25> <Storage> <Opcode : 'load' 'store'> <Ports = 2> <Width = 32> <Depth = 55> <RAM>
ST_2 : Operation 147 [1/2] (3.25ns)   --->   "%local_output_4_load = load i6 %local_output_4_addr" [conv.cpp:85]   --->   Operation 147 'load' 'local_output_4_load' <Predicate = (!icmp_ln85)> <Delay = 3.25> <CoreInst = "RAM">   --->   Core 82 'RAM' <Latency = 1> <II = 1> <Delay = 3.25> <Storage> <Opcode : 'load' 'store'> <Ports = 2> <Width = 32> <Depth = 55> <RAM>
ST_2 : Operation 148 [1/2] (3.25ns)   --->   "%local_output_5_load = load i6 %local_output_5_addr" [conv.cpp:85]   --->   Operation 148 'load' 'local_output_5_load' <Predicate = (!icmp_ln85)> <Delay = 3.25> <CoreInst = "RAM">   --->   Core 82 'RAM' <Latency = 1> <II = 1> <Delay = 3.25> <Storage> <Opcode : 'load' 'store'> <Ports = 2> <Width = 32> <Depth = 55> <RAM>
ST_2 : Operation 149 [1/2] (3.25ns)   --->   "%local_output_6_load = load i6 %local_output_6_addr" [conv.cpp:85]   --->   Operation 149 'load' 'local_output_6_load' <Predicate = (!icmp_ln85)> <Delay = 3.25> <CoreInst = "RAM">   --->   Core 82 'RAM' <Latency = 1> <II = 1> <Delay = 3.25> <Storage> <Opcode : 'load' 'store'> <Ports = 2> <Width = 32> <Depth = 55> <RAM>
ST_2 : Operation 150 [1/2] (3.25ns)   --->   "%local_output_7_load = load i6 %local_output_7_addr" [conv.cpp:85]   --->   Operation 150 'load' 'local_output_7_load' <Predicate = (!icmp_ln85)> <Delay = 3.25> <CoreInst = "RAM">   --->   Core 82 'RAM' <Latency = 1> <II = 1> <Delay = 3.25> <Storage> <Opcode : 'load' 'store'> <Ports = 2> <Width = 32> <Depth = 55> <RAM>
ST_2 : Operation 151 [1/2] (3.25ns)   --->   "%local_output_8_load = load i6 %local_output_8_addr" [conv.cpp:85]   --->   Operation 151 'load' 'local_output_8_load' <Predicate = (!icmp_ln85)> <Delay = 3.25> <CoreInst = "RAM">   --->   Core 82 'RAM' <Latency = 1> <II = 1> <Delay = 3.25> <Storage> <Opcode : 'load' 'store'> <Ports = 2> <Width = 32> <Depth = 55> <RAM>
ST_2 : Operation 152 [1/2] (3.25ns)   --->   "%local_output_9_load = load i6 %local_output_9_addr" [conv.cpp:85]   --->   Operation 152 'load' 'local_output_9_load' <Predicate = (!icmp_ln85)> <Delay = 3.25> <CoreInst = "RAM">   --->   Core 82 'RAM' <Latency = 1> <II = 1> <Delay = 3.25> <Storage> <Opcode : 'load' 'store'> <Ports = 2> <Width = 32> <Depth = 55> <RAM>
ST_2 : Operation 153 [1/2] (3.25ns)   --->   "%local_output_10_load = load i6 %local_output_10_addr" [conv.cpp:85]   --->   Operation 153 'load' 'local_output_10_load' <Predicate = (!icmp_ln85)> <Delay = 3.25> <CoreInst = "RAM">   --->   Core 82 'RAM' <Latency = 1> <II = 1> <Delay = 3.25> <Storage> <Opcode : 'load' 'store'> <Ports = 2> <Width = 32> <Depth = 55> <RAM>
ST_2 : Operation 154 [1/2] (3.25ns)   --->   "%local_output_11_load = load i6 %local_output_11_addr" [conv.cpp:85]   --->   Operation 154 'load' 'local_output_11_load' <Predicate = (!icmp_ln85)> <Delay = 3.25> <CoreInst = "RAM">   --->   Core 82 'RAM' <Latency = 1> <II = 1> <Delay = 3.25> <Storage> <Opcode : 'load' 'store'> <Ports = 2> <Width = 32> <Depth = 55> <RAM>
ST_2 : Operation 155 [1/2] (3.25ns)   --->   "%local_output_12_load = load i6 %local_output_12_addr" [conv.cpp:85]   --->   Operation 155 'load' 'local_output_12_load' <Predicate = (!icmp_ln85)> <Delay = 3.25> <CoreInst = "RAM">   --->   Core 82 'RAM' <Latency = 1> <II = 1> <Delay = 3.25> <Storage> <Opcode : 'load' 'store'> <Ports = 2> <Width = 32> <Depth = 55> <RAM>
ST_2 : Operation 156 [1/2] (3.25ns)   --->   "%local_output_13_load = load i6 %local_output_13_addr" [conv.cpp:85]   --->   Operation 156 'load' 'local_output_13_load' <Predicate = (!icmp_ln85)> <Delay = 3.25> <CoreInst = "RAM">   --->   Core 82 'RAM' <Latency = 1> <II = 1> <Delay = 3.25> <Storage> <Opcode : 'load' 'store'> <Ports = 2> <Width = 32> <Depth = 55> <RAM>
ST_2 : Operation 157 [1/2] (3.25ns)   --->   "%local_output_14_load = load i6 %local_output_14_addr" [conv.cpp:85]   --->   Operation 157 'load' 'local_output_14_load' <Predicate = (!icmp_ln85)> <Delay = 3.25> <CoreInst = "RAM">   --->   Core 82 'RAM' <Latency = 1> <II = 1> <Delay = 3.25> <Storage> <Opcode : 'load' 'store'> <Ports = 2> <Width = 32> <Depth = 55> <RAM>
ST_2 : Operation 158 [1/2] (3.25ns)   --->   "%local_output_15_load = load i6 %local_output_15_addr" [conv.cpp:85]   --->   Operation 158 'load' 'local_output_15_load' <Predicate = (!icmp_ln85)> <Delay = 3.25> <CoreInst = "RAM">   --->   Core 82 'RAM' <Latency = 1> <II = 1> <Delay = 3.25> <Storage> <Opcode : 'load' 'store'> <Ports = 2> <Width = 32> <Depth = 55> <RAM>
ST_2 : Operation 159 [1/2] (3.25ns)   --->   "%local_output_16_load = load i6 %local_output_16_addr" [conv.cpp:85]   --->   Operation 159 'load' 'local_output_16_load' <Predicate = (!icmp_ln85)> <Delay = 3.25> <CoreInst = "RAM">   --->   Core 82 'RAM' <Latency = 1> <II = 1> <Delay = 3.25> <Storage> <Opcode : 'load' 'store'> <Ports = 2> <Width = 32> <Depth = 55> <RAM>
ST_2 : Operation 160 [1/2] (3.25ns)   --->   "%local_output_17_load = load i6 %local_output_17_addr" [conv.cpp:85]   --->   Operation 160 'load' 'local_output_17_load' <Predicate = (!icmp_ln85)> <Delay = 3.25> <CoreInst = "RAM">   --->   Core 82 'RAM' <Latency = 1> <II = 1> <Delay = 3.25> <Storage> <Opcode : 'load' 'store'> <Ports = 2> <Width = 32> <Depth = 55> <RAM>
ST_2 : Operation 161 [1/2] (3.25ns)   --->   "%local_output_18_load = load i6 %local_output_18_addr" [conv.cpp:85]   --->   Operation 161 'load' 'local_output_18_load' <Predicate = (!icmp_ln85)> <Delay = 3.25> <CoreInst = "RAM">   --->   Core 82 'RAM' <Latency = 1> <II = 1> <Delay = 3.25> <Storage> <Opcode : 'load' 'store'> <Ports = 2> <Width = 32> <Depth = 55> <RAM>
ST_2 : Operation 162 [1/2] (3.25ns)   --->   "%local_output_19_load = load i6 %local_output_19_addr" [conv.cpp:85]   --->   Operation 162 'load' 'local_output_19_load' <Predicate = (!icmp_ln85)> <Delay = 3.25> <CoreInst = "RAM">   --->   Core 82 'RAM' <Latency = 1> <II = 1> <Delay = 3.25> <Storage> <Opcode : 'load' 'store'> <Ports = 2> <Width = 32> <Depth = 55> <RAM>
ST_2 : Operation 163 [1/2] (3.25ns)   --->   "%local_output_20_load = load i6 %local_output_20_addr" [conv.cpp:85]   --->   Operation 163 'load' 'local_output_20_load' <Predicate = (!icmp_ln85)> <Delay = 3.25> <CoreInst = "RAM">   --->   Core 82 'RAM' <Latency = 1> <II = 1> <Delay = 3.25> <Storage> <Opcode : 'load' 'store'> <Ports = 2> <Width = 32> <Depth = 55> <RAM>
ST_2 : Operation 164 [1/2] (3.25ns)   --->   "%local_output_21_load = load i6 %local_output_21_addr" [conv.cpp:85]   --->   Operation 164 'load' 'local_output_21_load' <Predicate = (!icmp_ln85)> <Delay = 3.25> <CoreInst = "RAM">   --->   Core 82 'RAM' <Latency = 1> <II = 1> <Delay = 3.25> <Storage> <Opcode : 'load' 'store'> <Ports = 2> <Width = 32> <Depth = 55> <RAM>
ST_2 : Operation 165 [1/2] (3.25ns)   --->   "%local_output_22_load = load i6 %local_output_22_addr" [conv.cpp:85]   --->   Operation 165 'load' 'local_output_22_load' <Predicate = (!icmp_ln85)> <Delay = 3.25> <CoreInst = "RAM">   --->   Core 82 'RAM' <Latency = 1> <II = 1> <Delay = 3.25> <Storage> <Opcode : 'load' 'store'> <Ports = 2> <Width = 32> <Depth = 55> <RAM>
ST_2 : Operation 166 [1/2] (3.25ns)   --->   "%local_output_23_load = load i6 %local_output_23_addr" [conv.cpp:85]   --->   Operation 166 'load' 'local_output_23_load' <Predicate = (!icmp_ln85)> <Delay = 3.25> <CoreInst = "RAM">   --->   Core 82 'RAM' <Latency = 1> <II = 1> <Delay = 3.25> <Storage> <Opcode : 'load' 'store'> <Ports = 2> <Width = 32> <Depth = 55> <RAM>
ST_2 : Operation 167 [1/2] (3.25ns)   --->   "%local_output_24_load = load i6 %local_output_24_addr" [conv.cpp:85]   --->   Operation 167 'load' 'local_output_24_load' <Predicate = (!icmp_ln85)> <Delay = 3.25> <CoreInst = "RAM">   --->   Core 82 'RAM' <Latency = 1> <II = 1> <Delay = 3.25> <Storage> <Opcode : 'load' 'store'> <Ports = 2> <Width = 32> <Depth = 55> <RAM>
ST_2 : Operation 168 [1/2] (3.25ns)   --->   "%local_output_25_load = load i6 %local_output_25_addr" [conv.cpp:85]   --->   Operation 168 'load' 'local_output_25_load' <Predicate = (!icmp_ln85)> <Delay = 3.25> <CoreInst = "RAM">   --->   Core 82 'RAM' <Latency = 1> <II = 1> <Delay = 3.25> <Storage> <Opcode : 'load' 'store'> <Ports = 2> <Width = 32> <Depth = 55> <RAM>
ST_2 : Operation 169 [1/2] (3.25ns)   --->   "%local_output_26_load = load i6 %local_output_26_addr" [conv.cpp:85]   --->   Operation 169 'load' 'local_output_26_load' <Predicate = (!icmp_ln85)> <Delay = 3.25> <CoreInst = "RAM">   --->   Core 82 'RAM' <Latency = 1> <II = 1> <Delay = 3.25> <Storage> <Opcode : 'load' 'store'> <Ports = 2> <Width = 32> <Depth = 55> <RAM>
ST_2 : Operation 170 [1/2] (3.25ns)   --->   "%local_output_27_load = load i6 %local_output_27_addr" [conv.cpp:85]   --->   Operation 170 'load' 'local_output_27_load' <Predicate = (!icmp_ln85)> <Delay = 3.25> <CoreInst = "RAM">   --->   Core 82 'RAM' <Latency = 1> <II = 1> <Delay = 3.25> <Storage> <Opcode : 'load' 'store'> <Ports = 2> <Width = 32> <Depth = 55> <RAM>
ST_2 : Operation 171 [1/2] (3.25ns)   --->   "%local_output_28_load = load i6 %local_output_28_addr" [conv.cpp:85]   --->   Operation 171 'load' 'local_output_28_load' <Predicate = (!icmp_ln85)> <Delay = 3.25> <CoreInst = "RAM">   --->   Core 82 'RAM' <Latency = 1> <II = 1> <Delay = 3.25> <Storage> <Opcode : 'load' 'store'> <Ports = 2> <Width = 32> <Depth = 55> <RAM>
ST_2 : Operation 172 [1/2] (3.25ns)   --->   "%local_output_29_load = load i6 %local_output_29_addr" [conv.cpp:85]   --->   Operation 172 'load' 'local_output_29_load' <Predicate = (!icmp_ln85)> <Delay = 3.25> <CoreInst = "RAM">   --->   Core 82 'RAM' <Latency = 1> <II = 1> <Delay = 3.25> <Storage> <Opcode : 'load' 'store'> <Ports = 2> <Width = 32> <Depth = 55> <RAM>
ST_2 : Operation 173 [1/2] (3.25ns)   --->   "%local_output_30_load = load i6 %local_output_30_addr" [conv.cpp:85]   --->   Operation 173 'load' 'local_output_30_load' <Predicate = (!icmp_ln85)> <Delay = 3.25> <CoreInst = "RAM">   --->   Core 82 'RAM' <Latency = 1> <II = 1> <Delay = 3.25> <Storage> <Opcode : 'load' 'store'> <Ports = 2> <Width = 32> <Depth = 55> <RAM>
ST_2 : Operation 174 [1/2] (3.25ns)   --->   "%local_output_31_load = load i6 %local_output_31_addr" [conv.cpp:85]   --->   Operation 174 'load' 'local_output_31_load' <Predicate = (!icmp_ln85)> <Delay = 3.25> <CoreInst = "RAM">   --->   Core 82 'RAM' <Latency = 1> <II = 1> <Delay = 3.25> <Storage> <Opcode : 'load' 'store'> <Ports = 2> <Width = 32> <Depth = 55> <RAM>
ST_2 : Operation 175 [1/2] (3.25ns)   --->   "%local_output_32_load = load i6 %local_output_32_addr" [conv.cpp:85]   --->   Operation 175 'load' 'local_output_32_load' <Predicate = (!icmp_ln85)> <Delay = 3.25> <CoreInst = "RAM">   --->   Core 82 'RAM' <Latency = 1> <II = 1> <Delay = 3.25> <Storage> <Opcode : 'load' 'store'> <Ports = 2> <Width = 32> <Depth = 55> <RAM>
ST_2 : Operation 176 [1/2] (3.25ns)   --->   "%local_output_33_load = load i6 %local_output_33_addr" [conv.cpp:85]   --->   Operation 176 'load' 'local_output_33_load' <Predicate = (!icmp_ln85)> <Delay = 3.25> <CoreInst = "RAM">   --->   Core 82 'RAM' <Latency = 1> <II = 1> <Delay = 3.25> <Storage> <Opcode : 'load' 'store'> <Ports = 2> <Width = 32> <Depth = 55> <RAM>
ST_2 : Operation 177 [1/2] (3.25ns)   --->   "%local_output_34_load = load i6 %local_output_34_addr" [conv.cpp:85]   --->   Operation 177 'load' 'local_output_34_load' <Predicate = (!icmp_ln85)> <Delay = 3.25> <CoreInst = "RAM">   --->   Core 82 'RAM' <Latency = 1> <II = 1> <Delay = 3.25> <Storage> <Opcode : 'load' 'store'> <Ports = 2> <Width = 32> <Depth = 55> <RAM>
ST_2 : Operation 178 [1/2] (3.25ns)   --->   "%local_output_35_load = load i6 %local_output_35_addr" [conv.cpp:85]   --->   Operation 178 'load' 'local_output_35_load' <Predicate = (!icmp_ln85)> <Delay = 3.25> <CoreInst = "RAM">   --->   Core 82 'RAM' <Latency = 1> <II = 1> <Delay = 3.25> <Storage> <Opcode : 'load' 'store'> <Ports = 2> <Width = 32> <Depth = 55> <RAM>
ST_2 : Operation 179 [1/2] (3.25ns)   --->   "%local_output_36_load = load i6 %local_output_36_addr" [conv.cpp:85]   --->   Operation 179 'load' 'local_output_36_load' <Predicate = (!icmp_ln85)> <Delay = 3.25> <CoreInst = "RAM">   --->   Core 82 'RAM' <Latency = 1> <II = 1> <Delay = 3.25> <Storage> <Opcode : 'load' 'store'> <Ports = 2> <Width = 32> <Depth = 55> <RAM>
ST_2 : Operation 180 [1/2] (3.25ns)   --->   "%local_output_37_load = load i6 %local_output_37_addr" [conv.cpp:85]   --->   Operation 180 'load' 'local_output_37_load' <Predicate = (!icmp_ln85)> <Delay = 3.25> <CoreInst = "RAM">   --->   Core 82 'RAM' <Latency = 1> <II = 1> <Delay = 3.25> <Storage> <Opcode : 'load' 'store'> <Ports = 2> <Width = 32> <Depth = 55> <RAM>
ST_2 : Operation 181 [1/2] (3.25ns)   --->   "%local_output_38_load = load i6 %local_output_38_addr" [conv.cpp:85]   --->   Operation 181 'load' 'local_output_38_load' <Predicate = (!icmp_ln85)> <Delay = 3.25> <CoreInst = "RAM">   --->   Core 82 'RAM' <Latency = 1> <II = 1> <Delay = 3.25> <Storage> <Opcode : 'load' 'store'> <Ports = 2> <Width = 32> <Depth = 55> <RAM>
ST_2 : Operation 182 [1/2] (3.25ns)   --->   "%local_output_39_load = load i6 %local_output_39_addr" [conv.cpp:85]   --->   Operation 182 'load' 'local_output_39_load' <Predicate = (!icmp_ln85)> <Delay = 3.25> <CoreInst = "RAM">   --->   Core 82 'RAM' <Latency = 1> <II = 1> <Delay = 3.25> <Storage> <Opcode : 'load' 'store'> <Ports = 2> <Width = 32> <Depth = 55> <RAM>
ST_2 : Operation 183 [1/2] (3.25ns)   --->   "%local_output_40_load = load i6 %local_output_40_addr" [conv.cpp:85]   --->   Operation 183 'load' 'local_output_40_load' <Predicate = (!icmp_ln85)> <Delay = 3.25> <CoreInst = "RAM">   --->   Core 82 'RAM' <Latency = 1> <II = 1> <Delay = 3.25> <Storage> <Opcode : 'load' 'store'> <Ports = 2> <Width = 32> <Depth = 55> <RAM>
ST_2 : Operation 184 [1/2] (3.25ns)   --->   "%local_output_41_load = load i6 %local_output_41_addr" [conv.cpp:85]   --->   Operation 184 'load' 'local_output_41_load' <Predicate = (!icmp_ln85)> <Delay = 3.25> <CoreInst = "RAM">   --->   Core 82 'RAM' <Latency = 1> <II = 1> <Delay = 3.25> <Storage> <Opcode : 'load' 'store'> <Ports = 2> <Width = 32> <Depth = 55> <RAM>
ST_2 : Operation 185 [1/2] (3.25ns)   --->   "%local_output_42_load = load i6 %local_output_42_addr" [conv.cpp:85]   --->   Operation 185 'load' 'local_output_42_load' <Predicate = (!icmp_ln85)> <Delay = 3.25> <CoreInst = "RAM">   --->   Core 82 'RAM' <Latency = 1> <II = 1> <Delay = 3.25> <Storage> <Opcode : 'load' 'store'> <Ports = 2> <Width = 32> <Depth = 55> <RAM>
ST_2 : Operation 186 [1/2] (3.25ns)   --->   "%local_output_43_load = load i6 %local_output_43_addr" [conv.cpp:85]   --->   Operation 186 'load' 'local_output_43_load' <Predicate = (!icmp_ln85)> <Delay = 3.25> <CoreInst = "RAM">   --->   Core 82 'RAM' <Latency = 1> <II = 1> <Delay = 3.25> <Storage> <Opcode : 'load' 'store'> <Ports = 2> <Width = 32> <Depth = 55> <RAM>
ST_2 : Operation 187 [1/2] (3.25ns)   --->   "%local_output_44_load = load i6 %local_output_44_addr" [conv.cpp:85]   --->   Operation 187 'load' 'local_output_44_load' <Predicate = (!icmp_ln85)> <Delay = 3.25> <CoreInst = "RAM">   --->   Core 82 'RAM' <Latency = 1> <II = 1> <Delay = 3.25> <Storage> <Opcode : 'load' 'store'> <Ports = 2> <Width = 32> <Depth = 55> <RAM>
ST_2 : Operation 188 [1/2] (3.25ns)   --->   "%local_output_45_load = load i6 %local_output_45_addr" [conv.cpp:85]   --->   Operation 188 'load' 'local_output_45_load' <Predicate = (!icmp_ln85)> <Delay = 3.25> <CoreInst = "RAM">   --->   Core 82 'RAM' <Latency = 1> <II = 1> <Delay = 3.25> <Storage> <Opcode : 'load' 'store'> <Ports = 2> <Width = 32> <Depth = 55> <RAM>
ST_2 : Operation 189 [1/2] (3.25ns)   --->   "%local_output_46_load = load i6 %local_output_46_addr" [conv.cpp:85]   --->   Operation 189 'load' 'local_output_46_load' <Predicate = (!icmp_ln85)> <Delay = 3.25> <CoreInst = "RAM">   --->   Core 82 'RAM' <Latency = 1> <II = 1> <Delay = 3.25> <Storage> <Opcode : 'load' 'store'> <Ports = 2> <Width = 32> <Depth = 55> <RAM>
ST_2 : Operation 190 [1/2] (3.25ns)   --->   "%local_output_47_load = load i6 %local_output_47_addr" [conv.cpp:85]   --->   Operation 190 'load' 'local_output_47_load' <Predicate = (!icmp_ln85)> <Delay = 3.25> <CoreInst = "RAM">   --->   Core 82 'RAM' <Latency = 1> <II = 1> <Delay = 3.25> <Storage> <Opcode : 'load' 'store'> <Ports = 2> <Width = 32> <Depth = 55> <RAM>
ST_2 : Operation 191 [1/2] (3.25ns)   --->   "%local_output_48_load = load i6 %local_output_48_addr" [conv.cpp:85]   --->   Operation 191 'load' 'local_output_48_load' <Predicate = (!icmp_ln85)> <Delay = 3.25> <CoreInst = "RAM">   --->   Core 82 'RAM' <Latency = 1> <II = 1> <Delay = 3.25> <Storage> <Opcode : 'load' 'store'> <Ports = 2> <Width = 32> <Depth = 55> <RAM>
ST_2 : Operation 192 [1/2] (3.25ns)   --->   "%local_output_49_load = load i6 %local_output_49_addr" [conv.cpp:85]   --->   Operation 192 'load' 'local_output_49_load' <Predicate = (!icmp_ln85)> <Delay = 3.25> <CoreInst = "RAM">   --->   Core 82 'RAM' <Latency = 1> <II = 1> <Delay = 3.25> <Storage> <Opcode : 'load' 'store'> <Ports = 2> <Width = 32> <Depth = 55> <RAM>
ST_2 : Operation 193 [1/2] (3.25ns)   --->   "%local_output_50_load = load i6 %local_output_50_addr" [conv.cpp:85]   --->   Operation 193 'load' 'local_output_50_load' <Predicate = (!icmp_ln85)> <Delay = 3.25> <CoreInst = "RAM">   --->   Core 82 'RAM' <Latency = 1> <II = 1> <Delay = 3.25> <Storage> <Opcode : 'load' 'store'> <Ports = 2> <Width = 32> <Depth = 55> <RAM>
ST_2 : Operation 194 [1/2] (3.25ns)   --->   "%local_output_51_load = load i6 %local_output_51_addr" [conv.cpp:85]   --->   Operation 194 'load' 'local_output_51_load' <Predicate = (!icmp_ln85)> <Delay = 3.25> <CoreInst = "RAM">   --->   Core 82 'RAM' <Latency = 1> <II = 1> <Delay = 3.25> <Storage> <Opcode : 'load' 'store'> <Ports = 2> <Width = 32> <Depth = 55> <RAM>
ST_2 : Operation 195 [1/2] (3.25ns)   --->   "%local_output_52_load = load i6 %local_output_52_addr" [conv.cpp:85]   --->   Operation 195 'load' 'local_output_52_load' <Predicate = (!icmp_ln85)> <Delay = 3.25> <CoreInst = "RAM">   --->   Core 82 'RAM' <Latency = 1> <II = 1> <Delay = 3.25> <Storage> <Opcode : 'load' 'store'> <Ports = 2> <Width = 32> <Depth = 55> <RAM>
ST_2 : Operation 196 [1/2] (3.25ns)   --->   "%local_output_53_load = load i6 %local_output_53_addr" [conv.cpp:85]   --->   Operation 196 'load' 'local_output_53_load' <Predicate = (!icmp_ln85)> <Delay = 3.25> <CoreInst = "RAM">   --->   Core 82 'RAM' <Latency = 1> <II = 1> <Delay = 3.25> <Storage> <Opcode : 'load' 'store'> <Ports = 2> <Width = 32> <Depth = 55> <RAM>
ST_2 : Operation 197 [1/2] (3.25ns)   --->   "%local_output_54_load = load i6 %local_output_54_addr" [conv.cpp:85]   --->   Operation 197 'load' 'local_output_54_load' <Predicate = (!icmp_ln85)> <Delay = 3.25> <CoreInst = "RAM">   --->   Core 82 'RAM' <Latency = 1> <II = 1> <Delay = 3.25> <Storage> <Opcode : 'load' 'store'> <Ports = 2> <Width = 32> <Depth = 55> <RAM>
ST_2 : Operation 198 [1/1] (3.16ns)   --->   "%result = mux i32 @_ssdm_op_Mux.ap_auto.55f32.i6, i32 %local_output_load, i32 %local_output_1_load, i32 %local_output_2_load, i32 %local_output_3_load, i32 %local_output_4_load, i32 %local_output_5_load, i32 %local_output_6_load, i32 %local_output_7_load, i32 %local_output_8_load, i32 %local_output_9_load, i32 %local_output_10_load, i32 %local_output_11_load, i32 %local_output_12_load, i32 %local_output_13_load, i32 %local_output_14_load, i32 %local_output_15_load, i32 %local_output_16_load, i32 %local_output_17_load, i32 %local_output_18_load, i32 %local_output_19_load, i32 %local_output_20_load, i32 %local_output_21_load, i32 %local_output_22_load, i32 %local_output_23_load, i32 %local_output_24_load, i32 %local_output_25_load, i32 %local_output_26_load, i32 %local_output_27_load, i32 %local_output_28_load, i32 %local_output_29_load, i32 %local_output_30_load, i32 %local_output_31_load, i32 %local_output_32_load, i32 %local_output_33_load, i32 %local_output_34_load, i32 %local_output_35_load, i32 %local_output_36_load, i32 %local_output_37_load, i32 %local_output_38_load, i32 %local_output_39_load, i32 %local_output_40_load, i32 %local_output_41_load, i32 %local_output_42_load, i32 %local_output_43_load, i32 %local_output_44_load, i32 %local_output_45_load, i32 %local_output_46_load, i32 %local_output_47_load, i32 %local_output_48_load, i32 %local_output_49_load, i32 %local_output_50_load, i32 %local_output_51_load, i32 %local_output_52_load, i32 %local_output_53_load, i32 %local_output_54_load, i6 %select_ln85" [conv.cpp:91]   --->   Operation 198 'mux' 'result' <Predicate = (!icmp_ln85)> <Delay = 3.16> <CoreInst = "Multiplexer">   --->   Core 76 'Multiplexer' <Latency = 0> <II = 1> <Delay = 3.16> <FuncUnit> <Opcode : 'mux'> <InPorts = 2> <OutPorts = 1>

State 3 <SV = 2> <Delay = 5.43>
ST_3 : Operation 199 [2/2] (5.43ns)   --->   "%tmp_3 = fcmp_ogt  i32 %result, i32 0" [conv.cpp:93]   --->   Operation 199 'fcmp' 'tmp_3' <Predicate = (!icmp_ln85)> <Delay = 5.43> <CoreInst = "FCompare">   --->   Core 19 'FCompare' <Latency = 1> <II = 1> <Delay = 5.43> <FuncUnit> <Opcode : 'fcmp'> <InPorts = 2> <OutPorts = 1>

State 4 <SV = 3> <Delay = 6.40>
ST_4 : Operation 200 [1/1] (0.00ns)   --->   "%specbitsmap_ln0 = specbitsmap void @_ssdm_op_SpecBitsMap, i32 %mem1"   --->   Operation 200 'specbitsmap' 'specbitsmap_ln0' <Predicate = true> <Delay = 0.00>
ST_4 : Operation 201 [1/1] (0.00ns)   --->   "%mem1_addr = getelementptr i32 %mem1, i64 %sext_ln23_cast" [conv.cpp:23]   --->   Operation 201 'getelementptr' 'mem1_addr' <Predicate = true> <Delay = 0.00>
ST_4 : Operation 202 [1/1] (0.00ns)   --->   "%bitcast_ln93 = bitcast i32 %result" [conv.cpp:93]   --->   Operation 202 'bitcast' 'bitcast_ln93' <Predicate = (!icmp_ln85)> <Delay = 0.00>
ST_4 : Operation 203 [1/1] (0.00ns)   --->   "%tmp_2 = partselect i8 @_ssdm_op_PartSelect.i8.i32.i32.i32, i32 %bitcast_ln93, i32 23, i32 30" [conv.cpp:93]   --->   Operation 203 'partselect' 'tmp_2' <Predicate = (!icmp_ln85)> <Delay = 0.00>
ST_4 : Operation 204 [1/1] (0.00ns)   --->   "%trunc_ln93 = trunc i32 %bitcast_ln93" [conv.cpp:93]   --->   Operation 204 'trunc' 'trunc_ln93' <Predicate = (!icmp_ln85)> <Delay = 0.00>
ST_4 : Operation 205 [1/1] (1.55ns)   --->   "%icmp_ln93 = icmp_ne  i8 %tmp_2, i8 255" [conv.cpp:93]   --->   Operation 205 'icmp' 'icmp_ln93' <Predicate = (!icmp_ln85)> <Delay = 1.55> <CoreInst = "Cmp">   --->   Core 9 'Cmp' <Latency = 0> <II = 1> <Delay = 1.55> <FuncUnit> <Opcode : 'icmp'> <InPorts = 2> <OutPorts = 1>
ST_4 : Operation 206 [1/1] (2.44ns)   --->   "%icmp_ln93_1 = icmp_eq  i23 %trunc_ln93, i23 0" [conv.cpp:93]   --->   Operation 206 'icmp' 'icmp_ln93_1' <Predicate = (!icmp_ln85)> <Delay = 2.44> <CoreInst = "Cmp">   --->   Core 9 'Cmp' <Latency = 0> <II = 1> <Delay = 2.44> <FuncUnit> <Opcode : 'icmp'> <InPorts = 2> <OutPorts = 1>
ST_4 : Operation 207 [1/1] (0.00ns) (grouped into LUT with out node select_ln92)   --->   "%or_ln93 = or i1 %icmp_ln93_1, i1 %icmp_ln93" [conv.cpp:93]   --->   Operation 207 'or' 'or_ln93' <Predicate = (!icmp_ln85)> <Delay = 0.00> <CoreInst = "LogicGate">   --->   Core 74 'LogicGate' <Latency = 0> <II = 1> <Delay = 0.97> <FuncUnit> <Opcode : 'and' 'or' 'xor'> <InPorts = 2> <OutPorts = 1>
ST_4 : Operation 208 [1/2] (5.43ns)   --->   "%tmp_3 = fcmp_ogt  i32 %result, i32 0" [conv.cpp:93]   --->   Operation 208 'fcmp' 'tmp_3' <Predicate = (!icmp_ln85)> <Delay = 5.43> <CoreInst = "FCompare">   --->   Core 19 'FCompare' <Latency = 1> <II = 1> <Delay = 5.43> <FuncUnit> <Opcode : 'fcmp'> <InPorts = 2> <OutPorts = 1>
ST_4 : Operation 209 [1/1] (0.00ns) (grouped into LUT with out node select_ln92)   --->   "%and_ln93 = and i1 %or_ln93, i1 %tmp_3" [conv.cpp:93]   --->   Operation 209 'and' 'and_ln93' <Predicate = (!icmp_ln85)> <Delay = 0.00> <CoreInst = "LogicGate">   --->   Core 74 'LogicGate' <Latency = 0> <II = 1> <Delay = 0.97> <FuncUnit> <Opcode : 'and' 'or' 'xor'> <InPorts = 2> <OutPorts = 1>
ST_4 : Operation 210 [1/1] (0.97ns) (out node of the LUT)   --->   "%select_ln92 = select i1 %and_ln93, i32 %bitcast_ln93, i32 0" [conv.cpp:92]   --->   Operation 210 'select' 'select_ln92' <Predicate = (!icmp_ln85)> <Delay = 0.97> <CoreInst = "Sel">   --->   Core 73 'Sel' <Latency = 0> <II = 1> <Delay = 0.69> <FuncUnit> <Opcode : 'select'> <InPorts = 3> <OutPorts = 1>
ST_4 : Operation 217 [1/1] (0.00ns)   --->   "%ret_ln0 = ret"   --->   Operation 217 'ret' 'ret_ln0' <Predicate = (icmp_ln85)> <Delay = 0.00>

State 5 <SV = 4> <Delay = 7.30>
ST_5 : Operation 211 [1/1] (0.00ns)   --->   "%specloopname_ln0 = specloopname void @_ssdm_op_SpecLoopName, void @VITIS_LOOP_85_13_VITIS_LOOP_87_14_str"   --->   Operation 211 'specloopname' 'specloopname_ln0' <Predicate = true> <Delay = 0.00>
ST_5 : Operation 212 [1/1] (0.00ns)   --->   "%empty = speclooptripcount i32 @_ssdm_op_SpecLoopTripCount, i64 3025, i64 3025, i64 3025"   --->   Operation 212 'speclooptripcount' 'empty' <Predicate = true> <Delay = 0.00>
ST_5 : Operation 213 [1/1] (0.00ns)   --->   "%specpipeline_ln89 = specpipeline void @_ssdm_op_SpecPipeline, i32 1, i32 0, i32 0, i32 0, void @empty_3" [conv.cpp:89]   --->   Operation 213 'specpipeline' 'specpipeline_ln89' <Predicate = true> <Delay = 0.00>
ST_5 : Operation 214 [1/1] (0.00ns)   --->   "%specloopname_ln87 = specloopname void @_ssdm_op_SpecLoopName, void @empty_8" [conv.cpp:87]   --->   Operation 214 'specloopname' 'specloopname_ln87' <Predicate = true> <Delay = 0.00>
ST_5 : Operation 215 [1/1] (7.30ns)   --->   "%write_ln92 = write void @_ssdm_op_Write.m_axi.p1i32, i32 %mem1_addr, i32 %select_ln92, i4 15" [conv.cpp:92]   --->   Operation 215 'write' 'write_ln92' <Predicate = true> <Delay = 7.30> <CoreInst = "m_axi">   --->   Core 113 'm_axi' <Latency = 0> <II = 1> <Delay = 1.00> <Adapter> <Opcode : 'read' 'write' 'readreq' 'writereq' 'writeresp'>
ST_5 : Operation 216 [1/1] (0.00ns)   --->   "%br_ln87 = br void %for.body134" [conv.cpp:87]   --->   Operation 216 'br' 'br_ln87' <Predicate = true> <Delay = 0.00>


============================================================
+ Verbose Summary: Timing violations
============================================================
Target clock period: 10ns, clock uncertainty: 2.7ns.

 <State 1>: 6.27ns
The critical path consists of the following:
	'alloca' operation ('out_r') [59]  (0 ns)
	'load' operation ('out_r_load', conv.cpp:85) on local variable 'out_r' [77]  (0 ns)
	'add' operation ('add_ln85_1', conv.cpp:85) [82]  (1.83 ns)
	'select' operation ('select_ln85_1', conv.cpp:85) [83]  (1.19 ns)
	'getelementptr' operation ('local_output_addr', conv.cpp:85) [85]  (0 ns)
	'load' operation ('local_output_load', conv.cpp:85) on array 'local_output' [86]  (3.25 ns)

 <State 2>: 6.42ns
The critical path consists of the following:
	'load' operation ('local_output_load', conv.cpp:85) on array 'local_output' [86]  (3.25 ns)
	'mux' operation ('result', conv.cpp:91) [197]  (3.16 ns)

 <State 3>: 5.43ns
The critical path consists of the following:
	'fcmp' operation ('tmp_3', conv.cpp:93) [204]  (5.43 ns)

 <State 4>: 6.41ns
The critical path consists of the following:
	'fcmp' operation ('tmp_3', conv.cpp:93) [204]  (5.43 ns)
	'and' operation ('and_ln93', conv.cpp:93) [205]  (0 ns)
	'select' operation ('select_ln92', conv.cpp:92) [206]  (0.978 ns)

 <State 5>: 7.3ns
The critical path consists of the following:
	bus write operation ('write_ln92', conv.cpp:92) on port 'mem1' (conv.cpp:92) [207]  (7.3 ns)


============================================================
+ Verbose Summary: Binding
============================================================
N/A
* FSMD analyzer results:
  - Output states:
 - Input state : 
  - Chain level:
	State 1
	State 2
	State 3
	State 4
	State 5


============================================================
+ Verbose Summary: Datapath Resource usage 
============================================================
N/A
