

================================================================
== Vitis HLS Report for 'conv'
================================================================
* Date:           Wed Oct  7 21:22:29 2026

* Version:        2022.2 (Build 3670227 on Oct 13 2022)
* Project:        vitis.prj
* Solution:       solution1 (Vivado IP Flow Target)
* Product family: zynq
* Target device:  xc7z020-clg400-1


================================================================
== Performance Estimates
================================================================
+ Timing: 
    * Summary: 
    +--------+----------+----------+------------+
    |  Clock |  Target  | Estimated| Uncertainty|
    +--------+----------+----------+------------+
    |ap_clk  |  10.00 ns|  8.844 ns|     2.70 ns|
    +--------+----------+----------+------------+

+ Latency: 
    * Summary: 
    +-----------+-----------+-----------+-----------+-----------+-----------+----------+
    |    Latency (cycles)   |   Latency (absolute)  |        Interval       | Pipeline |
    |    min    |    max    |    min    |    max    |    min    |    max    |   Type   |
    +-----------+-----------+-----------+-----------+-----------+-----------+----------+
    |  298483141|  298483141|  2.985 sec|  2.985 sec|  298483142|  298483142|  dataflow|
    +-----------+-----------+-----------+-----------+-----------+-----------+----------+

    + Detail: 
        * Instance: 
        +-------------------------------+----------------------------+-----------+-----------+-----------+-----------+-----------+-----------+---------+
        |                               |                            |    Latency (cycles)   |   Latency (absolute)  |        Interval       | Pipeline|
        |            Instance           |           Module           |    min    |    max    |    min    |    max    |    min    |    max    |   Type  |
        +-------------------------------+----------------------------+-----------+-----------+-----------+-----------+-----------+-----------+---------+
        |Loop_VITIS_LOOP_24_1_proc1_U0  |Loop_VITIS_LOOP_24_1_proc1  |  298483141|  298483141|  2.985 sec|  2.985 sec|  298483141|  298483141|       no|
        +-------------------------------+----------------------------+-----------+-----------+-----------+-----------+-----------+-----------+---------+

        * Loop: 
        N/A



================================================================
== Utilization Estimates
================================================================
* Summary: 
+-----------------+---------+-----+--------+-------+-----+
|       Name      | BRAM_18K| DSP |   FF   |  LUT  | URAM|
+-----------------+---------+-----+--------+-------+-----+
|DSP              |        -|    -|       -|      -|    -|
|Expression       |        -|    -|       -|      -|    -|
|FIFO             |        -|    -|       -|      -|    -|
|Instance         |      255|    5|    5726|  21251|    0|
|Memory           |        -|    -|       -|      -|    -|
|Multiplexer      |        -|    -|       -|      -|    -|
|Register         |        -|    -|       -|      -|    -|
+-----------------+---------+-----+--------+-------+-----+
|Total            |      255|    5|    5726|  21251|    0|
+-----------------+---------+-----+--------+-------+-----+
|Available        |      280|  220|  106400|  53200|    0|
+-----------------+---------+-----+--------+-------+-----+
|Utilization (%)  |       91|    2|       5|     39|    0|
+-----------------+---------+-----+--------+-------+-----+

+ Detail: 
    * Instance: 
    +-------------------------------+----------------------------+---------+----+------+-------+-----+
    |            Instance           |           Module           | BRAM_18K| DSP|  FF  |  LUT  | URAM|
    +-------------------------------+----------------------------+---------+----+------+-------+-----+
    |Loop_VITIS_LOOP_24_1_proc1_U0  |Loop_VITIS_LOOP_24_1_proc1  |      255|   5|  3974|  18063|    0|
    |control_s_axi_U                |control_s_axi               |        0|   0|   316|    552|    0|
    |mem1_m_axi_U                   |mem1_m_axi                  |        0|   0|   718|   1318|    0|
    |mem2_m_axi_U                   |mem2_m_axi                  |        0|   0|   718|   1318|    0|
    +-------------------------------+----------------------------+---------+----+------+-------+-----+
    |Total                          |                            |      255|   5|  5726|  21251|    0|
    +-------------------------------+----------------------------+---------+----+------+-------+-----+

    * DSP: 
    N/A

    * Memory: 
    N/A

    * FIFO: 
    N/A

    * Expression: 
    N/A

    * Multiplexer: 
    N/A

    * Register: 
    N/A



================================================================
== Interface
================================================================
* Summary: 
+-----------------------+-----+-----+------------+--------------+--------------+
|       RTL Ports       | Dir | Bits|  Protocol  | Source Object|    C Type    |
+-----------------------+-----+-----+------------+--------------+--------------+
|s_axi_control_AWVALID  |   in|    1|       s_axi|       control|        scalar|
|s_axi_control_AWREADY  |  out|    1|       s_axi|       control|        scalar|
|s_axi_control_AWADDR   |   in|    6|       s_axi|       control|        scalar|
|s_axi_control_WVALID   |   in|    1|       s_axi|       control|        scalar|
|s_axi_control_WREADY   |  out|    1|       s_axi|       control|        scalar|
|s_axi_control_WDATA    |   in|   32|       s_axi|       control|        scalar|
|s_axi_control_WSTRB    |   in|    4|       s_axi|       control|        scalar|
|s_axi_control_ARVALID  |   in|    1|       s_axi|       control|        scalar|
|s_axi_control_ARREADY  |  out|    1|       s_axi|       control|        scalar|
|s_axi_control_ARADDR   |   in|    6|       s_axi|       control|        scalar|
|s_axi_control_RVALID   |  out|    1|       s_axi|       control|        scalar|
|s_axi_control_RREADY   |   in|    1|       s_axi|       control|        scalar|
|s_axi_control_RDATA    |  out|   32|       s_axi|       control|        scalar|
|s_axi_control_RRESP    |  out|    2|       s_axi|       control|        scalar|
|s_axi_control_BVALID   |  out|    1|       s_axi|       control|        scalar|
|s_axi_control_BREADY   |   in|    1|       s_axi|       control|        scalar|
|s_axi_control_BRESP    |  out|    2|       s_axi|       control|        scalar|
|ap_clk                 |   in|    1|  ap_ctrl_hs|          conv|  return value|
|ap_rst_n               |   in|    1|  ap_ctrl_hs|          conv|  return value|
|interrupt              |  out|    1|  ap_ctrl_hs|          conv|  return value|
|m_axi_mem1_AWVALID     |  out|    1|       m_axi|          mem1|       pointer|
|m_axi_mem1_AWREADY     |   in|    1|       m_axi|          mem1|       pointer|
|m_axi_mem1_AWADDR      |  out|   64|       m_axi|          mem1|       pointer|
|m_axi_mem1_AWID        |  out|    1|       m_axi|          mem1|       pointer|
|m_axi_mem1_AWLEN       |  out|    8|       m_axi|          mem1|       pointer|
|m_axi_mem1_AWSIZE      |  out|    3|       m_axi|          mem1|       pointer|
|m_axi_mem1_AWBURST     |  out|    2|       m_axi|          mem1|       pointer|
|m_axi_mem1_AWLOCK      |  out|    2|       m_axi|          mem1|       pointer|
|m_axi_mem1_AWCACHE     |  out|    4|       m_axi|          mem1|       pointer|
|m_axi_mem1_AWPROT      |  out|    3|       m_axi|          mem1|       pointer|
|m_axi_mem1_AWQOS       |  out|    4|       m_axi|          mem1|       pointer|
|m_axi_mem1_AWREGION    |  out|    4|       m_axi|          mem1|       pointer|
|m_axi_mem1_AWUSER      |  out|    1|       m_axi|          mem1|       pointer|
|m_axi_mem1_WVALID      |  out|    1|       m_axi|          mem1|       pointer|
|m_axi_mem1_WREADY      |   in|    1|       m_axi|          mem1|       pointer|
|m_axi_mem1_WDATA       |  out|   32|       m_axi|          mem1|       pointer|
|m_axi_mem1_WSTRB       |  out|    4|       m_axi|          mem1|       pointer|
|m_axi_mem1_WLAST       |  out|    1|       m_axi|          mem1|       pointer|
|m_axi_mem1_WID         |  out|    1|       m_axi|          mem1|       pointer|
|m_axi_mem1_WUSER       |  out|    1|       m_axi|          mem1|       pointer|
|m_axi_mem1_ARVALID     |  out|    1|       m_axi|          mem1|       pointer|
|m_axi_mem1_ARREADY     |   in|    1|       m_axi|          mem1|       pointer|
|m_axi_mem1_ARADDR      |  out|   64|       m_axi|          mem1|       pointer|
|m_axi_mem1_ARID        |  out|    1|       m_axi|          mem1|       pointer|
|m_axi_mem1_ARLEN       |  out|    8|       m_axi|          mem1|       pointer|
|m_axi_mem1_ARSIZE      |  out|    3|       m_axi|          mem1|       pointer|
|m_axi_mem1_ARBURST     |  out|    2|       m_axi|          mem1|       pointer|
|m_axi_mem1_ARLOCK      |  out|    2|       m_axi|          mem1|       pointer|
|m_axi_mem1_ARCACHE     |  out|    4|       m_axi|          mem1|       pointer|
|m_axi_mem1_ARPROT      |  out|    3|       m_axi|          mem1|       pointer|
|m_axi_mem1_ARQOS       |  out|    4|       m_axi|          mem1|       pointer|
|m_axi_mem1_ARREGION    |  out|    4|       m_axi|          mem1|       pointer|
|m_axi_mem1_ARUSER      |  out|    1|       m_axi|          mem1|       pointer|
|m_axi_mem1_RVALID      |   in|    1|       m_axi|          mem1|       pointer|
|m_axi_mem1_RREADY      |  out|    1|       m_axi|          mem1|       pointer|
|m_axi_mem1_RDATA       |   in|   32|       m_axi|          mem1|       pointer|
|m_axi_mem1_RLAST       |   in|    1|       m_axi|          mem1|       pointer|
|m_axi_mem1_RID         |   in|    1|       m_axi|          mem1|       pointer|
|m_axi_mem1_RUSER       |   in|    1|       m_axi|          mem1|       pointer|
|m_axi_mem1_RRESP       |   in|    2|       m_axi|          mem1|       pointer|
|m_axi_mem1_BVALID      |   in|    1|       m_axi|          mem1|       pointer|
|m_axi_mem1_BREADY      |  out|    1|       m_axi|          mem1|       pointer|
|m_axi_mem1_BRESP       |   in|    2|       m_axi|          mem1|       pointer|
|m_axi_mem1_BID         |   in|    1|       m_axi|          mem1|       pointer|
|m_axi_mem1_BUSER       |   in|    1|       m_axi|          mem1|       pointer|
|m_axi_mem2_AWVALID     |  out|    1|       m_axi|          mem2|       pointer|
|m_axi_mem2_AWREADY     |   in|    1|       m_axi|          mem2|       pointer|
|m_axi_mem2_AWADDR      |  out|   64|       m_axi|          mem2|       pointer|
|m_axi_mem2_AWID        |  out|    1|       m_axi|          mem2|       pointer|
|m_axi_mem2_AWLEN       |  out|    8|       m_axi|          mem2|       pointer|
|m_axi_mem2_AWSIZE      |  out|    3|       m_axi|          mem2|       pointer|
|m_axi_mem2_AWBURST     |  out|    2|       m_axi|          mem2|       pointer|
|m_axi_mem2_AWLOCK      |  out|    2|       m_axi|          mem2|       pointer|
|m_axi_mem2_AWCACHE     |  out|    4|       m_axi|          mem2|       pointer|
|m_axi_mem2_AWPROT      |  out|    3|       m_axi|          mem2|       pointer|
|m_axi_mem2_AWQOS       |  out|    4|       m_axi|          mem2|       pointer|
|m_axi_mem2_AWREGION    |  out|    4|       m_axi|          mem2|       pointer|
|m_axi_mem2_AWUSER      |  out|    1|       m_axi|          mem2|       pointer|
|m_axi_mem2_WVALID      |  out|    1|       m_axi|          mem2|       pointer|
|m_axi_mem2_WREADY      |   in|    1|       m_axi|          mem2|       pointer|
|m_axi_mem2_WDATA       |  out|   32|       m_axi|          mem2|       pointer|
|m_axi_mem2_WSTRB       |  out|    4|       m_axi|          mem2|       pointer|
|m_axi_mem2_WLAST       |  out|    1|       m_axi|          mem2|       pointer|
|m_axi_mem2_WID         |  out|    1|       m_axi|          mem2|       pointer|
|m_axi_mem2_WUSER       |  out|    1|       m_axi|          mem2|       pointer|
|m_axi_mem2_ARVALID     |  out|    1|       m_axi|          mem2|       pointer|
|m_axi_mem2_ARREADY     |   in|    1|       m_axi|          mem2|       pointer|
|m_axi_mem2_ARADDR      |  out|   64|       m_axi|          mem2|       pointer|
|m_axi_mem2_ARID        |  out|    1|       m_axi|          mem2|       pointer|
|m_axi_mem2_ARLEN       |  out|    8|       m_axi|          mem2|       pointer|
|m_axi_mem2_ARSIZE      |  out|    3|       m_axi|          mem2|       pointer|
|m_axi_mem2_ARBURST     |  out|    2|       m_axi|          mem2|       pointer|
|m_axi_mem2_ARLOCK      |  out|    2|       m_axi|          mem2|       pointer|
|m_axi_mem2_ARCACHE     |  out|    4|       m_axi|          mem2|       pointer|
|m_axi_mem2_ARPROT      |  out|    3|       m_axi|          mem2|       pointer|
|m_axi_mem2_ARQOS       |  out|    4|       m_axi|          mem2|       pointer|
|m_axi_mem2_ARREGION    |  out|    4|       m_axi|          mem2|       pointer|
|m_axi_mem2_ARUSER      |  out|    1|       m_axi|          mem2|       pointer|
|m_axi_mem2_RVALID      |   in|    1|       m_axi|          mem2|       pointer|
|m_axi_mem2_RREADY      |  out|    1|       m_axi|          mem2|       pointer|
|m_axi_mem2_RDATA       |   in|   32|       m_axi|          mem2|       pointer|
|m_axi_mem2_RLAST       |   in|    1|       m_axi|          mem2|       pointer|
|m_axi_mem2_RID         |   in|    1|       m_axi|          mem2|       pointer|
|m_axi_mem2_RUSER       |   in|    1|       m_axi|          mem2|       pointer|
|m_axi_mem2_RRESP       |   in|    2|       m_axi|          mem2|       pointer|
|m_axi_mem2_BVALID      |   in|    1|       m_axi|          mem2|       pointer|
|m_axi_mem2_BREADY      |  out|    1|       m_axi|          mem2|       pointer|
|m_axi_mem2_BRESP       |   in|    2|       m_axi|          mem2|       pointer|
|m_axi_mem2_BID         |   in|    1|       m_axi|          mem2|       pointer|
|m_axi_mem2_BUSER       |   in|    1|       m_axi|          mem2|       pointer|
+-----------------------+-----+-----+------------+--------------+--------------+

============================================================
+ Verbose Summary: Synthesis Manager
============================================================
InlineROM: 1
ExposeGlobal: 0
============================================================
+ Verbose Summary: CDFG Model
============================================================
IsTopModel: 1
ResetActiveHigh: 1
IsCombinational: 2
IsDatapathOnly: 2
HasWiredReturn: 1
HasMFsm: 0
HasVarLatency: 1
IsPipeline: 0
IsRtlPipelined: 0
IsInstanceOverlapped: 0
IsDontTouch: 0
HasImplIP: 0
IsGatedGlobalClock: 0


============================================================
+ Verbose Summary: Schedule
============================================================
* Number of FSM states : 3
* Pipeline : 0
* Dataflow Pipeline: 1
  DF-Pipeline-0: Size = 3, States = { 1 2 3 }

* FSM state transitions: 
1 --> 2 
2 --> 3 
3 --> 

* FSM state operations: 

State 1 <SV = 0> <Delay = 1.00>
ST_1 : Operation 4 [1/1] (1.00ns)   --->   "%output_fm_read = read i64 @_ssdm_op_Read.s_axilite.i64, i64 %output_fm"   --->   Operation 4 'read' 'output_fm_read' <Predicate = true> <Delay = 1.00> <CoreInst = "s_axilite">   --->   Core 114 's_axilite' <Latency = 0> <II = 1> <Delay = 1.00> <Adapter> <Opcode : 'read' 'write'>
ST_1 : Operation 5 [1/1] (1.00ns)   --->   "%biases_read = read i64 @_ssdm_op_Read.s_axilite.i64, i64 %biases"   --->   Operation 5 'read' 'biases_read' <Predicate = true> <Delay = 1.00> <CoreInst = "s_axilite">   --->   Core 114 's_axilite' <Latency = 0> <II = 1> <Delay = 1.00> <Adapter> <Opcode : 'read' 'write'>
ST_1 : Operation 6 [1/1] (1.00ns)   --->   "%weights_read = read i64 @_ssdm_op_Read.s_axilite.i64, i64 %weights"   --->   Operation 6 'read' 'weights_read' <Predicate = true> <Delay = 1.00> <CoreInst = "s_axilite">   --->   Core 114 's_axilite' <Latency = 0> <II = 1> <Delay = 1.00> <Adapter> <Opcode : 'read' 'write'>
ST_1 : Operation 7 [1/1] (1.00ns)   --->   "%input_fm_read = read i64 @_ssdm_op_Read.s_axilite.i64, i64 %input_fm"   --->   Operation 7 'read' 'input_fm_read' <Predicate = true> <Delay = 1.00> <CoreInst = "s_axilite">   --->   Core 114 's_axilite' <Latency = 0> <II = 1> <Delay = 1.00> <Adapter> <Opcode : 'read' 'write'>

State 2 <SV = 1> <Delay = 7.30>
ST_2 : Operation 8 [2/2] (7.30ns)   --->   "%call_ln0 = call void @Loop_VITIS_LOOP_24_1_proc1, i64 %output_fm_read, i32 %mem1, i64 %input_fm_read, i64 %weights_read, i32 %mem2, i64 %biases_read"   --->   Operation 8 'call' 'call_ln0' <Predicate = true> <Delay = 7.30> <CoreType = "Generic">   --->   Core 0 '' <Latency = 0> <II = 1> <Delay = 1.00> <Generic> <Opcode : >

State 3 <SV = 2> <Delay = 0.00>
ST_3 : Operation 9 [1/1] (0.00ns)   --->   "%specdataflowpipeline_ln9 = specdataflowpipeline void @_ssdm_op_SpecDataflowPipeline, i32 4294967295, i32 0, void @empty_3" [conv.cpp:9]   --->   Operation 9 'specdataflowpipeline' 'specdataflowpipeline_ln9' <Predicate = true> <Delay = 0.00>
ST_3 : Operation 10 [1/1] (0.00ns)   --->   "%spectopmodule_ln3 = spectopmodule void @_ssdm_op_SpecTopModule, void @empty_10" [conv.cpp:3]   --->   Operation 10 'spectopmodule' 'spectopmodule_ln3' <Predicate = true> <Delay = 0.00>
ST_3 : Operation 11 [1/1] (0.00ns)   --->   "%specinterface_ln0 = specinterface void @_ssdm_op_SpecInterface, i32 %mem1, void @empty_2, i32 0, i32 0, void @empty_3, i32 64, i32 0, void @empty_4, void @empty_5, void @empty_3, i32 16, i32 16, i32 16, i32 16, void @empty_3, void @empty_3, i32 4294967295, i32 0"   --->   Operation 11 'specinterface' 'specinterface_ln0' <Predicate = true> <Delay = 0.00>
ST_3 : Operation 12 [1/1] (0.00ns)   --->   "%specbitsmap_ln0 = specbitsmap void @_ssdm_op_SpecBitsMap, i32 %mem1"   --->   Operation 12 'specbitsmap' 'specbitsmap_ln0' <Predicate = true> <Delay = 0.00>
ST_3 : Operation 13 [1/1] (0.00ns)   --->   "%specinterface_ln0 = specinterface void @_ssdm_op_SpecInterface, i32 %mem2, void @empty_2, i32 0, i32 0, void @empty_3, i32 64, i32 0, void @empty_6, void @empty_5, void @empty_3, i32 16, i32 16, i32 16, i32 16, void @empty_3, void @empty_3, i32 4294967295, i32 0"   --->   Operation 13 'specinterface' 'specinterface_ln0' <Predicate = true> <Delay = 0.00>
ST_3 : Operation 14 [1/1] (0.00ns)   --->   "%specbitsmap_ln0 = specbitsmap void @_ssdm_op_SpecBitsMap, i32 %mem2"   --->   Operation 14 'specbitsmap' 'specbitsmap_ln0' <Predicate = true> <Delay = 0.00>
ST_3 : Operation 15 [1/1] (0.00ns)   --->   "%specinterface_ln0 = specinterface void @_ssdm_op_SpecInterface, i64 %input_fm, void @empty_7, i32 0, i32 0, void @empty_3, i32 0, i32 0, void @empty_19, void @empty_14, void @empty_3, i32 0, i32 0, i32 0, i32 0, void @empty_3, void @empty_20, i32 4294967295, i32 0"   --->   Operation 15 'specinterface' 'specinterface_ln0' <Predicate = true> <Delay = 0.00>
ST_3 : Operation 16 [1/1] (0.00ns)   --->   "%specinterface_ln0 = specinterface void @_ssdm_op_SpecInterface, i64 %input_fm, void @empty, i32 0, i32 0, void @empty_3, i32 0, i32 0, void @empty_3, void @empty_3, void @empty_3, i32 0, i32 0, i32 0, i32 0, void @empty_3, void @empty_20, i32 4294967295, i32 0"   --->   Operation 16 'specinterface' 'specinterface_ln0' <Predicate = true> <Delay = 0.00>
ST_3 : Operation 17 [1/1] (0.00ns)   --->   "%specinterface_ln0 = specinterface void @_ssdm_op_SpecInterface, i64 %weights, void @empty_7, i32 0, i32 0, void @empty_3, i32 0, i32 0, void @empty_19, void @empty_18, void @empty_3, i32 0, i32 0, i32 0, i32 0, void @empty_3, void @empty_20, i32 4294967295, i32 0"   --->   Operation 17 'specinterface' 'specinterface_ln0' <Predicate = true> <Delay = 0.00>
ST_3 : Operation 18 [1/1] (0.00ns)   --->   "%specinterface_ln0 = specinterface void @_ssdm_op_SpecInterface, i64 %weights, void @empty, i32 0, i32 0, void @empty_3, i32 0, i32 0, void @empty_3, void @empty_3, void @empty_3, i32 0, i32 0, i32 0, i32 0, void @empty_3, void @empty_20, i32 4294967295, i32 0"   --->   Operation 18 'specinterface' 'specinterface_ln0' <Predicate = true> <Delay = 0.00>
ST_3 : Operation 19 [1/1] (0.00ns)   --->   "%specinterface_ln0 = specinterface void @_ssdm_op_SpecInterface, i64 %biases, void @empty_7, i32 0, i32 0, void @empty_3, i32 0, i32 0, void @empty_19, void @empty_0, void @empty_3, i32 0, i32 0, i32 0, i32 0, void @empty_3, void @empty_20, i32 4294967295, i32 0"   --->   Operation 19 'specinterface' 'specinterface_ln0' <Predicate = true> <Delay = 0.00>
ST_3 : Operation 20 [1/1] (0.00ns)   --->   "%specinterface_ln0 = specinterface void @_ssdm_op_SpecInterface, i64 %biases, void @empty, i32 0, i32 0, void @empty_3, i32 0, i32 0, void @empty_3, void @empty_3, void @empty_3, i32 0, i32 0, i32 0, i32 0, void @empty_3, void @empty_20, i32 4294967295, i32 0"   --->   Operation 20 'specinterface' 'specinterface_ln0' <Predicate = true> <Delay = 0.00>
ST_3 : Operation 21 [1/1] (0.00ns)   --->   "%specinterface_ln0 = specinterface void @_ssdm_op_SpecInterface, i64 %output_fm, void @empty_7, i32 0, i32 0, void @empty_3, i32 0, i32 0, void @empty_19, void @empty_1, void @empty_3, i32 0, i32 0, i32 0, i32 0, void @empty_3, void @empty_20, i32 4294967295, i32 0"   --->   Operation 21 'specinterface' 'specinterface_ln0' <Predicate = true> <Delay = 0.00>
ST_3 : Operation 22 [1/1] (0.00ns)   --->   "%specinterface_ln0 = specinterface void @_ssdm_op_SpecInterface, i64 %output_fm, void @empty, i32 0, i32 0, void @empty_3, i32 0, i32 0, void @empty_3, void @empty_3, void @empty_3, i32 0, i32 0, i32 0, i32 0, void @empty_3, void @empty_20, i32 4294967295, i32 0"   --->   Operation 22 'specinterface' 'specinterface_ln0' <Predicate = true> <Delay = 0.00>
ST_3 : Operation 23 [1/1] (0.00ns)   --->   "%specinterface_ln0 = specinterface void @_ssdm_op_SpecInterface, i32 0, void @empty_7, i32 0, i32 0, void @empty_3, i32 0, i32 0, void @empty_19, void @empty_3, void @empty_3, i32 0, i32 0, i32 0, i32 0, void @empty_3, void @empty_3, i32 4294967295, i32 0"   --->   Operation 23 'specinterface' 'specinterface_ln0' <Predicate = true> <Delay = 0.00>
ST_3 : Operation 24 [1/2] (0.00ns)   --->   "%call_ln0 = call void @Loop_VITIS_LOOP_24_1_proc1, i64 %output_fm_read, i32 %mem1, i64 %input_fm_read, i64 %weights_read, i32 %mem2, i64 %biases_read"   --->   Operation 24 'call' 'call_ln0' <Predicate = true> <Delay = 0.00> <CoreType = "Generic">   --->   Core 0 '' <Latency = 0> <II = 1> <Delay = 1.00> <Generic> <Opcode : >
ST_3 : Operation 25 [1/1] (0.00ns)   --->   "%ret_ln100 = ret" [conv.cpp:100]   --->   Operation 25 'ret' 'ret_ln100' <Predicate = true> <Delay = 0.00>


============================================================
+ Verbose Summary: Binding
============================================================
STG Binding: 
---------------- STG Properties BEGIN ----------------
- Is combinational: 0
- Is one-state seq: 0
- Is datapath-only: 0
- Is pipelined: 0
- Is top level: 1
Port [ Return ] is wired: 1; IO mode=ap_ctrl_hs:ce=0
Port [ mem1]:  wired=1; compound=1; hidden=0; nouse=0; global=0; static=0; extern=0; dir=2; type=4; pingpong=0; private_global=0; IO mode=m_axi:ce=0
Port [ mem2]:  wired=1; compound=1; hidden=0; nouse=0; global=0; static=0; extern=0; dir=0; type=4; pingpong=0; private_global=0; IO mode=m_axi:ce=0
Port [ input_fm]:  wired=1; compound=0; hidden=0; nouse=0; global=0; static=0; extern=0; dir=0; type=0; pingpong=0; private_global=0; IO mode=ap_none:ce=0
Port [ weights]:  wired=1; compound=0; hidden=0; nouse=0; global=0; static=0; extern=0; dir=0; type=0; pingpong=0; private_global=0; IO mode=ap_none:ce=0
Port [ biases]:  wired=1; compound=0; hidden=0; nouse=0; global=0; static=0; extern=0; dir=0; type=0; pingpong=0; private_global=0; IO mode=ap_none:ce=0
Port [ output_fm]:  wired=1; compound=0; hidden=0; nouse=0; global=0; static=0; extern=0; dir=0; type=0; pingpong=0; private_global=0; IO mode=ap_none:ce=0
---------------- STG Properties END ------------------

---------------- Datapath Model BEGIN ----------------

<LifeTime>
<method=bitvector/>
output_fm_read           (read                ) [ 0011]
biases_read              (read                ) [ 0011]
weights_read             (read                ) [ 0011]
input_fm_read            (read                ) [ 0011]
specdataflowpipeline_ln9 (specdataflowpipeline) [ 0000]
spectopmodule_ln3        (spectopmodule       ) [ 0000]
specinterface_ln0        (specinterface       ) [ 0000]
specbitsmap_ln0          (specbitsmap         ) [ 0000]
specinterface_ln0        (specinterface       ) [ 0000]
specbitsmap_ln0          (specbitsmap         ) [ 0000]
specinterface_ln0        (specinterface       ) [ 0000]
specinterface_ln0        (specinterface       ) [ 0000]
specinterface_ln0        (specinterface       ) [ 0000]
specinterface_ln0        (specinterface       ) [ 0000]
specinterface_ln0        (specinterface       ) [ 0000]
specinterface_ln0        (specinterface       ) [ 0000]
specinterface_ln0        (specinterface       ) [ 0000]
specinterface_ln0        (specinterface       ) [ 0000]
specinterface_ln0        (specinterface       ) [ 0000]
call_ln0                 (call                ) [ 0000]
ret_ln100                (ret                 ) [ 0000]
</LifeTime>

<model>

<comp_list>
<comp id="0" class="1000" name="mem1">
<pin_list>
<pin id="1" dir="1" index="0" bw="1" slack="0"/>
</pin_list>
<bind>
<StgValue><ssdm name="mem1"/></StgValue>
</bind>
</comp>

<comp id="2" class="1000" name="mem2">
<pin_list>
<pin id="3" dir="1" index="0" bw="1" slack="0"/>
</pin_list>
<bind>
<StgValue><ssdm name="mem2"/></StgValue>
</bind>
</comp>

<comp id="4" class="1000" name="input_fm">
<pin_list>
<pin id="5" dir="1" index="0" bw="1" slack="0"/>
</pin_list>
<bind>
<StgValue><ssdm name="input_fm"/></StgValue>
</bind>
</comp>

<comp id="6" class="1000" name="weights">
<pin_list>
<pin id="7" dir="1" index="0" bw="1" slack="0"/>
</pin_list>
<bind>
<StgValue><ssdm name="weights"/></StgValue>
</bind>
</comp>

<comp id="8" class="1000" name="biases">
<pin_list>
<pin id="9" dir="1" index="0" bw="1" slack="0"/>
</pin_list>
<bind>
<StgValue><ssdm name="biases"/></StgValue>
</bind>
</comp>

<comp id="10" class="1000" name="output_fm">
<pin_list>
<pin id="11" dir="1" index="0" bw="1" slack="0"/>
</pin_list>
<bind>
<StgValue><ssdm name="output_fm"/></StgValue>
</bind>
</comp>

<comp id="12" class="1001" name="const_12">
<pin_list>
<pin id="13" dir="1" index="0" bw="1" slack="0"/>
</pin_list>
<bind>
<StgValue><ssdm name="_ssdm_op_Read.s_axilite.i64"/></StgValue>
</bind>
</comp>

<comp id="14" class="1001" name="const_14">
<pin_list>
<pin id="15" dir="1" index="0" bw="1" slack="0"/>
</pin_list>
<bind>
<StgValue><ssdm name="Loop_VITIS_LOOP_24_1_proc1"/></StgValue>
</bind>
</comp>

<comp id="16" class="1001" name="const_16">
<pin_list>
<pin id="17" dir="1" index="0" bw="1" slack="2147483647"/>
</pin_list>
<bind>
<StgValue><ssdm name="_ssdm_op_SpecDataflowPipeline"/></StgValue>
</bind>
</comp>

<comp id="18" class="1001" name="const_18">
<pin_list>
<pin id="19" dir="1" index="0" bw="1" slack="2147483647"/>
</pin_list>
<bind>
<StgValue><ssdm name=""/></StgValue>
</bind>
</comp>

<comp id="20" class="1001" name="const_20">
<pin_list>
<pin id="21" dir="1" index="0" bw="1" slack="2147483647"/>
</pin_list>
<bind>
<StgValue><ssdm name=""/></StgValue>
</bind>
</comp>

<comp id="22" class="1001" name="const_22">
<pin_list>
<pin id="23" dir="1" index="0" bw="1" slack="2147483647"/>
</pin_list>
<bind>
<StgValue><ssdm name="empty_3"/></StgValue>
</bind>
</comp>

<comp id="24" class="1001" name="const_24">
<pin_list>
<pin id="25" dir="1" index="0" bw="1" slack="2147483647"/>
</pin_list>
<bind>
<StgValue><ssdm name="_ssdm_op_SpecTopModule"/></StgValue>
</bind>
</comp>

<comp id="26" class="1001" name="const_26">
<pin_list>
<pin id="27" dir="1" index="0" bw="1" slack="2147483647"/>
</pin_list>
<bind>
<StgValue><ssdm name="empty_10"/></StgValue>
</bind>
</comp>

<comp id="28" class="1001" name="const_28">
<pin_list>
<pin id="29" dir="1" index="0" bw="1" slack="2147483647"/>
</pin_list>
<bind>
<StgValue><ssdm name="_ssdm_op_SpecInterface"/></StgValue>
</bind>
</comp>

<comp id="30" class="1001" name="const_30">
<pin_list>
<pin id="31" dir="1" index="0" bw="1" slack="2147483647"/>
</pin_list>
<bind>
<StgValue><ssdm name="empty_2"/></StgValue>
</bind>
</comp>

<comp id="32" class="1001" name="const_32">
<pin_list>
<pin id="33" dir="1" index="0" bw="1" slack="2147483647"/>
</pin_list>
<bind>
<StgValue><ssdm name=""/></StgValue>
</bind>
</comp>

<comp id="34" class="1001" name="const_34">
<pin_list>
<pin id="35" dir="1" index="0" bw="1" slack="2147483647"/>
</pin_list>
<bind>
<StgValue><ssdm name="empty_4"/></StgValue>
</bind>
</comp>

<comp id="36" class="1001" name="const_36">
<pin_list>
<pin id="37" dir="1" index="0" bw="1" slack="2147483647"/>
</pin_list>
<bind>
<StgValue><ssdm name="empty_5"/></StgValue>
</bind>
</comp>

<comp id="38" class="1001" name="const_38">
<pin_list>
<pin id="39" dir="1" index="0" bw="1" slack="2147483647"/>
</pin_list>
<bind>
<StgValue><ssdm name=""/></StgValue>
</bind>
</comp>

<comp id="40" class="1001" name="const_40">
<pin_list>
<pin id="41" dir="1" index="0" bw="1" slack="2147483647"/>
</pin_list>
<bind>
<StgValue><ssdm name="_ssdm_op_SpecBitsMap"/></StgValue>
</bind>
</comp>

<comp id="42" class="1001" name="const_42">
<pin_list>
<pin id="43" dir="1" index="0" bw="1" slack="2147483647"/>
</pin_list>
<bind>
<StgValue><ssdm name="empty_6"/></StgValue>
</bind>
</comp>

<comp id="44" class="1001" name="const_44">
<pin_list>
<pin id="45" dir="1" index="0" bw="1" slack="2147483647"/>
</pin_list>
<bind>
<StgValue><ssdm name="empty_7"/></StgValue>
</bind>
</comp>

<comp id="46" class="1001" name="const_46">
<pin_list>
<pin id="47" dir="1" index="0" bw="1" slack="2147483647"/>
</pin_list>
<bind>
<StgValue><ssdm name="empty_19"/></StgValue>
</bind>
</comp>

<comp id="48" class="1001" name="const_48">
<pin_list>
<pin id="49" dir="1" index="0" bw="1" slack="2147483647"/>
</pin_list>
<bind>
<StgValue><ssdm name="empty_14"/></StgValue>
</bind>
</comp>

<comp id="50" class="1001" name="const_50">
<pin_list>
<pin id="51" dir="1" index="0" bw="1" slack="2147483647"/>
</pin_list>
<bind>
<StgValue><ssdm name="empty_20"/></StgValue>
</bind>
</comp>

<comp id="52" class="1001" name="const_52">
<pin_list>
<pin id="53" dir="1" index="0" bw="1" slack="2147483647"/>
</pin_list>
<bind>
<StgValue><ssdm name="empty"/></StgValue>
</bind>
</comp>

<comp id="54" class="1001" name="const_54">
<pin_list>
<pin id="55" dir="1" index="0" bw="1" slack="2147483647"/>
</pin_list>
<bind>
<StgValue><ssdm name="empty_18"/></StgValue>
</bind>
</comp>

<comp id="56" class="1001" name="const_56">
<pin_list>
<pin id="57" dir="1" index="0" bw="1" slack="2147483647"/>
</pin_list>
<bind>
<StgValue><ssdm name="empty_0"/></StgValue>
</bind>
</comp>

<comp id="58" class="1001" name="const_58">
<pin_list>
<pin id="59" dir="1" index="0" bw="1" slack="2147483647"/>
</pin_list>
<bind>
<StgValue><ssdm name="empty_1"/></StgValue>
</bind>
</comp>

<comp id="60" class="1004" name="output_fm_read_read_fu_60">
<pin_list>
<pin id="61" dir="0" index="0" bw="64" slack="0"/>
<pin id="62" dir="0" index="1" bw="64" slack="0"/>
<pin id="63" dir="1" index="2" bw="64" slack="1"/>
</pin_list>
<bind>
<opcode="read(1150) " fcode="read"/>
<opset="output_fm_read/1 "/>
</bind>
</comp>

<comp id="66" class="1004" name="biases_read_read_fu_66">
<pin_list>
<pin id="67" dir="0" index="0" bw="64" slack="0"/>
<pin id="68" dir="0" index="1" bw="64" slack="0"/>
<pin id="69" dir="1" index="2" bw="64" slack="1"/>
</pin_list>
<bind>
<opcode="read(1150) " fcode="read"/>
<opset="biases_read/1 "/>
</bind>
</comp>

<comp id="72" class="1004" name="weights_read_read_fu_72">
<pin_list>
<pin id="73" dir="0" index="0" bw="64" slack="0"/>
<pin id="74" dir="0" index="1" bw="64" slack="0"/>
<pin id="75" dir="1" index="2" bw="64" slack="1"/>
</pin_list>
<bind>
<opcode="read(1150) " fcode="read"/>
<opset="weights_read/1 "/>
</bind>
</comp>

<comp id="78" class="1004" name="input_fm_read_read_fu_78">
<pin_list>
<pin id="79" dir="0" index="0" bw="64" slack="0"/>
<pin id="80" dir="0" index="1" bw="64" slack="0"/>
<pin id="81" dir="1" index="2" bw="64" slack="1"/>
</pin_list>
<bind>
<opcode="read(1150) " fcode="read"/>
<opset="input_fm_read/1 "/>
</bind>
</comp>

<comp id="84" class="1004" name="grp_Loop_VITIS_LOOP_24_1_proc1_fu_84">
<pin_list>
<pin id="85" dir="0" index="0" bw="0" slack="0"/>
<pin id="86" dir="0" index="1" bw="64" slack="1"/>
<pin id="87" dir="0" index="2" bw="32" slack="0"/>
<pin id="88" dir="0" index="3" bw="64" slack="1"/>
<pin id="89" dir="0" index="4" bw="64" slack="1"/>
<pin id="90" dir="0" index="5" bw="32" slack="0"/>
<pin id="91" dir="0" index="6" bw="64" slack="1"/>
<pin id="92" dir="1" index="7" bw="0" slack="2147483647"/>
</pin_list>
<bind>
<opcode="call(48) " fcode="call"/>
<opset="call_ln0/2 "/>
</bind>
</comp>

<comp id="96" class="1005" name="output_fm_read_reg_96">
<pin_list>
<pin id="97" dir="0" index="0" bw="64" slack="1"/>
<pin id="98" dir="1" index="1" bw="64" slack="1"/>
</pin_list>
<bind>
<opset="output_fm_read "/>
</bind>
</comp>

<comp id="101" class="1005" name="biases_read_reg_101">
<pin_list>
<pin id="102" dir="0" index="0" bw="64" slack="1"/>
<pin id="103" dir="1" index="1" bw="64" slack="1"/>
</pin_list>
<bind>
<opset="biases_read "/>
</bind>
</comp>

<comp id="106" class="1005" name="weights_read_reg_106">
<pin_list>
<pin id="107" dir="0" index="0" bw="64" slack="1"/>
<pin id="108" dir="1" index="1" bw="64" slack="1"/>
</pin_list>
<bind>
<opset="weights_read "/>
</bind>
</comp>

<comp id="111" class="1005" name="input_fm_read_reg_111">
<pin_list>
<pin id="112" dir="0" index="0" bw="64" slack="1"/>
<pin id="113" dir="1" index="1" bw="64" slack="1"/>
</pin_list>
<bind>
<opset="input_fm_read "/>
</bind>
</comp>

</comp_list>

<net_list>
<net id="64"><net_src comp="12" pin="0"/><net_sink comp="60" pin=0"/></net>

<net id="65"><net_src comp="10" pin="0"/><net_sink comp="60" pin=1"/></net>

<net id="70"><net_src comp="12" pin="0"/><net_sink comp="66" pin=0"/></net>

<net id="71"><net_src comp="8" pin="0"/><net_sink comp="66" pin=1"/></net>

<net id="76"><net_src comp="12" pin="0"/><net_sink comp="72" pin=0"/></net>

<net id="77"><net_src comp="6" pin="0"/><net_sink comp="72" pin=1"/></net>

<net id="82"><net_src comp="12" pin="0"/><net_sink comp="78" pin=0"/></net>

<net id="83"><net_src comp="4" pin="0"/><net_sink comp="78" pin=1"/></net>

<net id="93"><net_src comp="14" pin="0"/><net_sink comp="84" pin=0"/></net>

<net id="94"><net_src comp="0" pin="0"/><net_sink comp="84" pin=2"/></net>

<net id="95"><net_src comp="2" pin="0"/><net_sink comp="84" pin=5"/></net>

<net id="99"><net_src comp="60" pin="2"/><net_sink comp="96" pin=0"/></net>

<net id="100"><net_src comp="96" pin="1"/><net_sink comp="84" pin=1"/></net>

<net id="104"><net_src comp="66" pin="2"/><net_sink comp="101" pin=0"/></net>

<net id="105"><net_src comp="101" pin="1"/><net_sink comp="84" pin=6"/></net>

<net id="109"><net_src comp="72" pin="2"/><net_sink comp="106" pin=0"/></net>

<net id="110"><net_src comp="106" pin="1"/><net_sink comp="84" pin=4"/></net>

<net id="114"><net_src comp="78" pin="2"/><net_sink comp="111" pin=0"/></net>

<net id="115"><net_src comp="111" pin="1"/><net_sink comp="84" pin=3"/></net>

</net_list>

</model> 
---------------- Datapath Model END ------------------

* FSMD analyzer results:
  - Output states:
	Port: mem1 | {2 3 }
 - Input state : 
	Port: conv : mem1 | {2 3 }
	Port: conv : mem2 | {2 3 }
	Port: conv : input_fm | {1 }
	Port: conv : weights | {1 }
	Port: conv : biases | {1 }
	Port: conv : output_fm | {1 }
  - Chain level:
	State 1
	State 2
	State 3


============================================================
+ Verbose Summary: Datapath Resource usage 
============================================================

* Functional unit list:
|----------|--------------------------------------|---------|---------|---------|---------|---------|---------|
| Operation|            Functional Unit           |   BRAM  |   DSP   |  Delay  |    FF   |   LUT   |   URAM  |
|----------|--------------------------------------|---------|---------|---------|---------|---------|---------|
|   call   | grp_Loop_VITIS_LOOP_24_1_proc1_fu_84 |   255   |    5    |  524.04 |   9820  |   6149  |    0    |
|----------|--------------------------------------|---------|---------|---------|---------|---------|---------|
|          |       output_fm_read_read_fu_60      |    0    |    0    |    0    |    0    |    0    |    0    |
|   read   |        biases_read_read_fu_66        |    0    |    0    |    0    |    0    |    0    |    0    |
|          |        weights_read_read_fu_72       |    0    |    0    |    0    |    0    |    0    |    0    |
|          |       input_fm_read_read_fu_78       |    0    |    0    |    0    |    0    |    0    |    0    |
|----------|--------------------------------------|---------|---------|---------|---------|---------|---------|
|   Total  |                                      |   255   |    5    |  524.04 |   9820  |   6149  |    0    |
|----------|--------------------------------------|---------|---------|---------|---------|---------|---------|

Memories:
N/A

* Register list:
+---------------------+--------+
|                     |   FF   |
+---------------------+--------+
| biases_read_reg_101 |   64   |
|input_fm_read_reg_111|   64   |
|output_fm_read_reg_96|   64   |
| weights_read_reg_106|   64   |
+---------------------+--------+
|        Total        |   256  |
+---------------------+--------+

* Multiplexer (MUX) list: 
|--------|------|------|------|--------|
|  Comp  |  Pin | Size |  BW  | S x BW |
|--------|------|------|------|--------|
|  Total |      |      |      |    0   |
|--------|------|------|------|--------|



* Summary:
+-----------+--------+--------+--------+--------+--------+--------+
|           |  BRAM  |   DSP  |  Delay |   FF   |   LUT  |  URAM  |
+-----------+--------+--------+--------+--------+--------+--------+
|  Function |   255  |    5   |   524  |  9820  |  6149  |    0   |
|   Memory  |    -   |    -   |    -   |    -   |    -   |    -   |
|Multiplexer|    -   |    -   |    -   |    -   |    -   |    -   |
|  Register |    -   |    -   |    -   |   256  |    -   |    -   |
+-----------+--------+--------+--------+--------+--------+--------+
|   Total   |   255  |    5   |   524  |  10076 |  6149  |    0   |
+-----------+--------+--------+--------+--------+--------+--------+
