

================================================================
== Vitis HLS Report for 'conv_Pipeline_VITIS_LOOP_28_2_VITIS_LOOP_30_3'
================================================================
* Date:           Wed Oct  7 20:05:44 2026

* Version:        2022.2 (Build 3670227 on Oct 13 2022)
* Project:        vitis.prj
* Solution:       solution1 (Vivado IP Flow Target)
* Product family: zynq
* Target device:  xc7z020-clg400-1


================================================================
== Performance Estimates
================================================================
+ Timing: 
    * Summary: 
    +--------+----------+----------+------------+
    |  Clock |  Target  | Estimated| Uncertainty|
    +--------+----------+----------+------------+
    |ap_clk  |  10.00 ns|  6.846 ns|     2.70 ns|
    +--------+----------+----------+------------+

+ Latency: 
    * Summary: 
    +---------+---------+-----------+-----------+------+------+---------+
    |  Latency (cycles) |   Latency (absolute)  |   Interval  | Pipeline|
    |   min   |   max   |    min    |    max    |  min |  max |   Type  |
    +---------+---------+-----------+-----------+------+------+---------+
    |     3027|     3027|  30.270 us|  30.270 us|  3027|  3027|       no|
    +---------+---------+-----------+-----------+------+------+---------+

    + Detail: 
        * Instance: 
        N/A

        * Loop: 
        +-----------------------------------+---------+---------+----------+-----------+-----------+------+----------+
        |                                   |  Latency (cycles) | Iteration|  Initiation Interval  | Trip |          |
        |             Loop Name             |   min   |   max   |  Latency |  achieved |   target  | Count| Pipelined|
        +-----------------------------------+---------+---------+----------+-----------+-----------+------+----------+
        |- VITIS_LOOP_28_2_VITIS_LOOP_30_3  |     3025|     3025|         1|          1|          1|  3025|       yes|
        +-----------------------------------+---------+---------+----------+-----------+-----------+------+----------+

============================================================
+ Verbose Summary: Synthesis Manager
============================================================
InlineROM: 1
ExposeGlobal: 0
============================================================
+ Verbose Summary: CDFG Model
============================================================
IsTopModel: 0
ResetActiveHigh: 1
IsCombinational: 0
IsDatapathOnly: 0
HasWiredReturn: 1
HasMFsm: 2
HasVarLatency: 1
IsPipeline: 0
IsRtlPipelined: 0
IsInstanceOverlapped: 0
IsDontTouch: 0
HasImplIP: 0
IsGatedGlobalClock: 0

+ Individual pipeline summary: 
  * Pipeline-0: initiation interval (II) = 1, depth = 1


============================================================
+ Verbose Summary: Schedule
============================================================
* Number of FSM states : 1
* Pipeline : 1
  Pipeline-0 : II = 1, D = 1, States = { 1 }
* Dataflow Pipeline: 0

* FSM state transitions: 
1 --> 

* FSM state operations: 

State 1 <SV = 0> <Delay = 6.84>
ST_1 : Operation 4 [1/1] (0.00ns)   --->   "%out_c = alloca i32 1"   --->   Operation 4 'alloca' 'out_c' <Predicate = true> <Delay = 0.00>
ST_1 : Operation 5 [1/1] (0.00ns)   --->   "%out_r = alloca i32 1"   --->   Operation 5 'alloca' 'out_r' <Predicate = true> <Delay = 0.00>
ST_1 : Operation 6 [1/1] (0.00ns)   --->   "%indvar_flatten = alloca i32 1"   --->   Operation 6 'alloca' 'indvar_flatten' <Predicate = true> <Delay = 0.00>
ST_1 : Operation 7 [1/1] (0.00ns)   --->   "%bias_read = read i32 @_ssdm_op_Read.ap_auto.float, i32 %bias"   --->   Operation 7 'read' 'bias_read' <Predicate = true> <Delay = 0.00>
ST_1 : Operation 8 [1/1] (1.58ns)   --->   "%store_ln0 = store i12 0, i12 %indvar_flatten"   --->   Operation 8 'store' 'store_ln0' <Predicate = true> <Delay = 1.58>
ST_1 : Operation 9 [1/1] (1.58ns)   --->   "%store_ln0 = store i6 0, i6 %out_r"   --->   Operation 9 'store' 'store_ln0' <Predicate = true> <Delay = 1.58>
ST_1 : Operation 10 [1/1] (1.58ns)   --->   "%store_ln0 = store i6 0, i6 %out_c"   --->   Operation 10 'store' 'store_ln0' <Predicate = true> <Delay = 1.58>
ST_1 : Operation 11 [1/1] (0.00ns)   --->   "%br_ln0 = br void %for.inc"   --->   Operation 11 'br' 'br_ln0' <Predicate = true> <Delay = 0.00>
ST_1 : Operation 12 [1/1] (0.00ns)   --->   "%indvar_flatten_load = load i12 %indvar_flatten" [conv.cpp:28]   --->   Operation 12 'load' 'indvar_flatten_load' <Predicate = true> <Delay = 0.00>
ST_1 : Operation 13 [1/1] (1.99ns)   --->   "%icmp_ln28 = icmp_eq  i12 %indvar_flatten_load, i12 3025" [conv.cpp:28]   --->   Operation 13 'icmp' 'icmp_ln28' <Predicate = true> <Delay = 1.99> <CoreInst = "Cmp">   --->   Core 9 'Cmp' <Latency = 0> <II = 1> <Delay = 1.99> <FuncUnit> <Opcode : 'icmp'> <InPorts = 2> <OutPorts = 1>
ST_1 : Operation 14 [1/1] (1.54ns)   --->   "%add_ln28 = add i12 %indvar_flatten_load, i12 1" [conv.cpp:28]   --->   Operation 14 'add' 'add_ln28' <Predicate = true> <Delay = 1.54> <CoreInst = "Adder">   --->   Core 1 'Adder' <Latency = 0> <II = 1> <Delay = 1.54> <FuncUnit> <Opcode : 'add' 'sub'> <InPorts = 2> <OutPorts = 1>
ST_1 : Operation 15 [1/1] (0.00ns)   --->   "%br_ln28 = br i1 %icmp_ln28, void %for.inc13, void %VITIS_LOOP_37_4.exitStub" [conv.cpp:28]   --->   Operation 15 'br' 'br_ln28' <Predicate = true> <Delay = 0.00>
ST_1 : Operation 16 [1/1] (0.00ns)   --->   "%out_c_load = load i6 %out_c" [conv.cpp:30]   --->   Operation 16 'load' 'out_c_load' <Predicate = (!icmp_ln28)> <Delay = 0.00>
ST_1 : Operation 17 [1/1] (0.00ns)   --->   "%out_r_load = load i6 %out_r" [conv.cpp:28]   --->   Operation 17 'load' 'out_r_load' <Predicate = (!icmp_ln28)> <Delay = 0.00>
ST_1 : Operation 18 [1/1] (0.00ns)   --->   "%specloopname_ln0 = specloopname void @_ssdm_op_SpecLoopName, void @VITIS_LOOP_28_2_VITIS_LOOP_30_3_str"   --->   Operation 18 'specloopname' 'specloopname_ln0' <Predicate = (!icmp_ln28)> <Delay = 0.00>
ST_1 : Operation 19 [1/1] (0.00ns)   --->   "%empty = speclooptripcount i32 @_ssdm_op_SpecLoopTripCount, i64 3025, i64 3025, i64 3025"   --->   Operation 19 'speclooptripcount' 'empty' <Predicate = (!icmp_ln28)> <Delay = 0.00>
ST_1 : Operation 20 [1/1] (1.42ns)   --->   "%icmp_ln30 = icmp_eq  i6 %out_c_load, i6 55" [conv.cpp:30]   --->   Operation 20 'icmp' 'icmp_ln30' <Predicate = (!icmp_ln28)> <Delay = 1.42> <CoreInst = "Cmp">   --->   Core 9 'Cmp' <Latency = 0> <II = 1> <Delay = 1.42> <FuncUnit> <Opcode : 'icmp'> <InPorts = 2> <OutPorts = 1>
ST_1 : Operation 21 [1/1] (1.18ns)   --->   "%select_ln28 = select i1 %icmp_ln30, i6 0, i6 %out_c_load" [conv.cpp:28]   --->   Operation 21 'select' 'select_ln28' <Predicate = (!icmp_ln28)> <Delay = 1.18> <CoreInst = "Sel">   --->   Core 73 'Sel' <Latency = 0> <II = 1> <Delay = 1.18> <FuncUnit> <Opcode : 'select'> <InPorts = 3> <OutPorts = 1>
ST_1 : Operation 22 [1/1] (1.82ns)   --->   "%add_ln28_1 = add i6 %out_r_load, i6 1" [conv.cpp:28]   --->   Operation 22 'add' 'add_ln28_1' <Predicate = (!icmp_ln28)> <Delay = 1.82> <CoreInst = "Adder">   --->   Core 1 'Adder' <Latency = 0> <II = 1> <Delay = 1.82> <FuncUnit> <Opcode : 'add' 'sub'> <InPorts = 2> <OutPorts = 1>
ST_1 : Operation 23 [1/1] (1.18ns)   --->   "%select_ln28_1 = select i1 %icmp_ln30, i6 %add_ln28_1, i6 %out_r_load" [conv.cpp:28]   --->   Operation 23 'select' 'select_ln28_1' <Predicate = (!icmp_ln28)> <Delay = 1.18> <CoreInst = "Sel">   --->   Core 73 'Sel' <Latency = 0> <II = 1> <Delay = 1.18> <FuncUnit> <Opcode : 'select'> <InPorts = 3> <OutPorts = 1>
ST_1 : Operation 24 [1/1] (0.00ns)   --->   "%zext_ln28 = zext i6 %select_ln28_1" [conv.cpp:28]   --->   Operation 24 'zext' 'zext_ln28' <Predicate = (!icmp_ln28)> <Delay = 0.00>
ST_1 : Operation 25 [1/1] (0.00ns)   --->   "%specpipeline_ln32 = specpipeline void @_ssdm_op_SpecPipeline, i32 1, i32 0, i32 0, i32 0, void @empty_3" [conv.cpp:32]   --->   Operation 25 'specpipeline' 'specpipeline_ln32' <Predicate = (!icmp_ln28)> <Delay = 0.00>
ST_1 : Operation 26 [1/1] (0.00ns)   --->   "%specloopname_ln30 = specloopname void @_ssdm_op_SpecLoopName, void @empty_11" [conv.cpp:30]   --->   Operation 26 'specloopname' 'specloopname_ln30' <Predicate = (!icmp_ln28)> <Delay = 0.00>
ST_1 : Operation 27 [1/1] (0.95ns)   --->   "%switch_ln33 = switch i6 %select_ln28, void %arrayidx1215.case.54, i6 0, void %arrayidx1215.case.0, i6 1, void %arrayidx1215.case.1, i6 2, void %arrayidx1215.case.2, i6 3, void %arrayidx1215.case.3, i6 4, void %arrayidx1215.case.4, i6 5, void %arrayidx1215.case.5, i6 6, void %arrayidx1215.case.6, i6 7, void %arrayidx1215.case.7, i6 8, void %arrayidx1215.case.8, i6 9, void %arrayidx1215.case.9, i6 10, void %arrayidx1215.case.10, i6 11, void %arrayidx1215.case.11, i6 12, void %arrayidx1215.case.12, i6 13, void %arrayidx1215.case.13, i6 14, void %arrayidx1215.case.14, i6 15, void %arrayidx1215.case.15, i6 16, void %arrayidx1215.case.16, i6 17, void %arrayidx1215.case.17, i6 18, void %arrayidx1215.case.18, i6 19, void %arrayidx1215.case.19, i6 20, void %arrayidx1215.case.20, i6 21, void %arrayidx1215.case.21, i6 22, void %arrayidx1215.case.22, i6 23, void %arrayidx1215.case.23, i6 24, void %arrayidx1215.case.24, i6 25, void %arrayidx1215.case.25, i6 26, void %arrayidx1215.case.26, i6 27, void %arrayidx1215.case.27, i6 28, void %arrayidx1215.case.28, i6 29, void %arrayidx1215.case.29, i6 30, void %arrayidx1215.case.30, i6 31, void %arrayidx1215.case.31, i6 32, void %arrayidx1215.case.32, i6 33, void %arrayidx1215.case.33, i6 34, void %arrayidx1215.case.34, i6 35, void %arrayidx1215.case.35, i6 36, void %arrayidx1215.case.36, i6 37, void %arrayidx1215.case.37, i6 38, void %arrayidx1215.case.38, i6 39, void %arrayidx1215.case.39, i6 40, void %arrayidx1215.case.40, i6 41, void %arrayidx1215.case.41, i6 42, void %arrayidx1215.case.42, i6 43, void %arrayidx1215.case.43, i6 44, void %arrayidx1215.case.44, i6 45, void %arrayidx1215.case.45, i6 46, void %arrayidx1215.case.46, i6 47, void %arrayidx1215.case.47, i6 48, void %arrayidx1215.case.48, i6 49, void %arrayidx1215.case.49, i6 50, void %arrayidx1215.case.50, i6 51, void %arrayidx1215.case.51, i6 52, void %arrayidx1215.case.52, i6 53, void %arrayidx1215.case.53" [conv.cpp:33]   --->   Operation 27 'switch' 'switch_ln33' <Predicate = (!icmp_ln28)> <Delay = 0.95>
ST_1 : Operation 28 [1/1] (0.00ns)   --->   "%local_output_53_addr = getelementptr i32 %local_output_53, i64 0, i64 %zext_ln28" [conv.cpp:28]   --->   Operation 28 'getelementptr' 'local_output_53_addr' <Predicate = (!icmp_ln28 & select_ln28 == 53)> <Delay = 0.00>
ST_1 : Operation 29 [1/1] (3.25ns)   --->   "%store_ln33 = store i32 %bias_read, i6 %local_output_53_addr" [conv.cpp:33]   --->   Operation 29 'store' 'store_ln33' <Predicate = (!icmp_ln28 & select_ln28 == 53)> <Delay = 3.25> <CoreInst = "RAM">   --->   Core 82 'RAM' <Latency = 1> <II = 1> <Delay = 3.25> <Storage> <Opcode : 'load' 'store'> <Ports = 2> <Width = 32> <Depth = 55> <RAM>
ST_1 : Operation 30 [1/1] (0.00ns)   --->   "%br_ln33 = br void %arrayidx1215.exit" [conv.cpp:33]   --->   Operation 30 'br' 'br_ln33' <Predicate = (!icmp_ln28 & select_ln28 == 53)> <Delay = 0.00>
ST_1 : Operation 31 [1/1] (0.00ns)   --->   "%local_output_52_addr = getelementptr i32 %local_output_52, i64 0, i64 %zext_ln28" [conv.cpp:28]   --->   Operation 31 'getelementptr' 'local_output_52_addr' <Predicate = (!icmp_ln28 & select_ln28 == 52)> <Delay = 0.00>
ST_1 : Operation 32 [1/1] (3.25ns)   --->   "%store_ln33 = store i32 %bias_read, i6 %local_output_52_addr" [conv.cpp:33]   --->   Operation 32 'store' 'store_ln33' <Predicate = (!icmp_ln28 & select_ln28 == 52)> <Delay = 3.25> <CoreInst = "RAM">   --->   Core 82 'RAM' <Latency = 1> <II = 1> <Delay = 3.25> <Storage> <Opcode : 'load' 'store'> <Ports = 2> <Width = 32> <Depth = 55> <RAM>
ST_1 : Operation 33 [1/1] (0.00ns)   --->   "%br_ln33 = br void %arrayidx1215.exit" [conv.cpp:33]   --->   Operation 33 'br' 'br_ln33' <Predicate = (!icmp_ln28 & select_ln28 == 52)> <Delay = 0.00>
ST_1 : Operation 34 [1/1] (0.00ns)   --->   "%local_output_51_addr = getelementptr i32 %local_output_51, i64 0, i64 %zext_ln28" [conv.cpp:28]   --->   Operation 34 'getelementptr' 'local_output_51_addr' <Predicate = (!icmp_ln28 & select_ln28 == 51)> <Delay = 0.00>
ST_1 : Operation 35 [1/1] (3.25ns)   --->   "%store_ln33 = store i32 %bias_read, i6 %local_output_51_addr" [conv.cpp:33]   --->   Operation 35 'store' 'store_ln33' <Predicate = (!icmp_ln28 & select_ln28 == 51)> <Delay = 3.25> <CoreInst = "RAM">   --->   Core 82 'RAM' <Latency = 1> <II = 1> <Delay = 3.25> <Storage> <Opcode : 'load' 'store'> <Ports = 2> <Width = 32> <Depth = 55> <RAM>
ST_1 : Operation 36 [1/1] (0.00ns)   --->   "%br_ln33 = br void %arrayidx1215.exit" [conv.cpp:33]   --->   Operation 36 'br' 'br_ln33' <Predicate = (!icmp_ln28 & select_ln28 == 51)> <Delay = 0.00>
ST_1 : Operation 37 [1/1] (0.00ns)   --->   "%local_output_50_addr = getelementptr i32 %local_output_50, i64 0, i64 %zext_ln28" [conv.cpp:28]   --->   Operation 37 'getelementptr' 'local_output_50_addr' <Predicate = (!icmp_ln28 & select_ln28 == 50)> <Delay = 0.00>
ST_1 : Operation 38 [1/1] (3.25ns)   --->   "%store_ln33 = store i32 %bias_read, i6 %local_output_50_addr" [conv.cpp:33]   --->   Operation 38 'store' 'store_ln33' <Predicate = (!icmp_ln28 & select_ln28 == 50)> <Delay = 3.25> <CoreInst = "RAM">   --->   Core 82 'RAM' <Latency = 1> <II = 1> <Delay = 3.25> <Storage> <Opcode : 'load' 'store'> <Ports = 2> <Width = 32> <Depth = 55> <RAM>
ST_1 : Operation 39 [1/1] (0.00ns)   --->   "%br_ln33 = br void %arrayidx1215.exit" [conv.cpp:33]   --->   Operation 39 'br' 'br_ln33' <Predicate = (!icmp_ln28 & select_ln28 == 50)> <Delay = 0.00>
ST_1 : Operation 40 [1/1] (0.00ns)   --->   "%local_output_49_addr = getelementptr i32 %local_output_49, i64 0, i64 %zext_ln28" [conv.cpp:28]   --->   Operation 40 'getelementptr' 'local_output_49_addr' <Predicate = (!icmp_ln28 & select_ln28 == 49)> <Delay = 0.00>
ST_1 : Operation 41 [1/1] (3.25ns)   --->   "%store_ln33 = store i32 %bias_read, i6 %local_output_49_addr" [conv.cpp:33]   --->   Operation 41 'store' 'store_ln33' <Predicate = (!icmp_ln28 & select_ln28 == 49)> <Delay = 3.25> <CoreInst = "RAM">   --->   Core 82 'RAM' <Latency = 1> <II = 1> <Delay = 3.25> <Storage> <Opcode : 'load' 'store'> <Ports = 2> <Width = 32> <Depth = 55> <RAM>
ST_1 : Operation 42 [1/1] (0.00ns)   --->   "%br_ln33 = br void %arrayidx1215.exit" [conv.cpp:33]   --->   Operation 42 'br' 'br_ln33' <Predicate = (!icmp_ln28 & select_ln28 == 49)> <Delay = 0.00>
ST_1 : Operation 43 [1/1] (0.00ns)   --->   "%local_output_48_addr = getelementptr i32 %local_output_48, i64 0, i64 %zext_ln28" [conv.cpp:28]   --->   Operation 43 'getelementptr' 'local_output_48_addr' <Predicate = (!icmp_ln28 & select_ln28 == 48)> <Delay = 0.00>
ST_1 : Operation 44 [1/1] (3.25ns)   --->   "%store_ln33 = store i32 %bias_read, i6 %local_output_48_addr" [conv.cpp:33]   --->   Operation 44 'store' 'store_ln33' <Predicate = (!icmp_ln28 & select_ln28 == 48)> <Delay = 3.25> <CoreInst = "RAM">   --->   Core 82 'RAM' <Latency = 1> <II = 1> <Delay = 3.25> <Storage> <Opcode : 'load' 'store'> <Ports = 2> <Width = 32> <Depth = 55> <RAM>
ST_1 : Operation 45 [1/1] (0.00ns)   --->   "%br_ln33 = br void %arrayidx1215.exit" [conv.cpp:33]   --->   Operation 45 'br' 'br_ln33' <Predicate = (!icmp_ln28 & select_ln28 == 48)> <Delay = 0.00>
ST_1 : Operation 46 [1/1] (0.00ns)   --->   "%local_output_47_addr = getelementptr i32 %local_output_47, i64 0, i64 %zext_ln28" [conv.cpp:28]   --->   Operation 46 'getelementptr' 'local_output_47_addr' <Predicate = (!icmp_ln28 & select_ln28 == 47)> <Delay = 0.00>
ST_1 : Operation 47 [1/1] (3.25ns)   --->   "%store_ln33 = store i32 %bias_read, i6 %local_output_47_addr" [conv.cpp:33]   --->   Operation 47 'store' 'store_ln33' <Predicate = (!icmp_ln28 & select_ln28 == 47)> <Delay = 3.25> <CoreInst = "RAM">   --->   Core 82 'RAM' <Latency = 1> <II = 1> <Delay = 3.25> <Storage> <Opcode : 'load' 'store'> <Ports = 2> <Width = 32> <Depth = 55> <RAM>
ST_1 : Operation 48 [1/1] (0.00ns)   --->   "%br_ln33 = br void %arrayidx1215.exit" [conv.cpp:33]   --->   Operation 48 'br' 'br_ln33' <Predicate = (!icmp_ln28 & select_ln28 == 47)> <Delay = 0.00>
ST_1 : Operation 49 [1/1] (0.00ns)   --->   "%local_output_46_addr = getelementptr i32 %local_output_46, i64 0, i64 %zext_ln28" [conv.cpp:28]   --->   Operation 49 'getelementptr' 'local_output_46_addr' <Predicate = (!icmp_ln28 & select_ln28 == 46)> <Delay = 0.00>
ST_1 : Operation 50 [1/1] (3.25ns)   --->   "%store_ln33 = store i32 %bias_read, i6 %local_output_46_addr" [conv.cpp:33]   --->   Operation 50 'store' 'store_ln33' <Predicate = (!icmp_ln28 & select_ln28 == 46)> <Delay = 3.25> <CoreInst = "RAM">   --->   Core 82 'RAM' <Latency = 1> <II = 1> <Delay = 3.25> <Storage> <Opcode : 'load' 'store'> <Ports = 2> <Width = 32> <Depth = 55> <RAM>
ST_1 : Operation 51 [1/1] (0.00ns)   --->   "%br_ln33 = br void %arrayidx1215.exit" [conv.cpp:33]   --->   Operation 51 'br' 'br_ln33' <Predicate = (!icmp_ln28 & select_ln28 == 46)> <Delay = 0.00>
ST_1 : Operation 52 [1/1] (0.00ns)   --->   "%local_output_45_addr = getelementptr i32 %local_output_45, i64 0, i64 %zext_ln28" [conv.cpp:28]   --->   Operation 52 'getelementptr' 'local_output_45_addr' <Predicate = (!icmp_ln28 & select_ln28 == 45)> <Delay = 0.00>
ST_1 : Operation 53 [1/1] (3.25ns)   --->   "%store_ln33 = store i32 %bias_read, i6 %local_output_45_addr" [conv.cpp:33]   --->   Operation 53 'store' 'store_ln33' <Predicate = (!icmp_ln28 & select_ln28 == 45)> <Delay = 3.25> <CoreInst = "RAM">   --->   Core 82 'RAM' <Latency = 1> <II = 1> <Delay = 3.25> <Storage> <Opcode : 'load' 'store'> <Ports = 2> <Width = 32> <Depth = 55> <RAM>
ST_1 : Operation 54 [1/1] (0.00ns)   --->   "%br_ln33 = br void %arrayidx1215.exit" [conv.cpp:33]   --->   Operation 54 'br' 'br_ln33' <Predicate = (!icmp_ln28 & select_ln28 == 45)> <Delay = 0.00>
ST_1 : Operation 55 [1/1] (0.00ns)   --->   "%local_output_44_addr = getelementptr i32 %local_output_44, i64 0, i64 %zext_ln28" [conv.cpp:28]   --->   Operation 55 'getelementptr' 'local_output_44_addr' <Predicate = (!icmp_ln28 & select_ln28 == 44)> <Delay = 0.00>
ST_1 : Operation 56 [1/1] (3.25ns)   --->   "%store_ln33 = store i32 %bias_read, i6 %local_output_44_addr" [conv.cpp:33]   --->   Operation 56 'store' 'store_ln33' <Predicate = (!icmp_ln28 & select_ln28 == 44)> <Delay = 3.25> <CoreInst = "RAM">   --->   Core 82 'RAM' <Latency = 1> <II = 1> <Delay = 3.25> <Storage> <Opcode : 'load' 'store'> <Ports = 2> <Width = 32> <Depth = 55> <RAM>
ST_1 : Operation 57 [1/1] (0.00ns)   --->   "%br_ln33 = br void %arrayidx1215.exit" [conv.cpp:33]   --->   Operation 57 'br' 'br_ln33' <Predicate = (!icmp_ln28 & select_ln28 == 44)> <Delay = 0.00>
ST_1 : Operation 58 [1/1] (0.00ns)   --->   "%local_output_43_addr = getelementptr i32 %local_output_43, i64 0, i64 %zext_ln28" [conv.cpp:28]   --->   Operation 58 'getelementptr' 'local_output_43_addr' <Predicate = (!icmp_ln28 & select_ln28 == 43)> <Delay = 0.00>
ST_1 : Operation 59 [1/1] (3.25ns)   --->   "%store_ln33 = store i32 %bias_read, i6 %local_output_43_addr" [conv.cpp:33]   --->   Operation 59 'store' 'store_ln33' <Predicate = (!icmp_ln28 & select_ln28 == 43)> <Delay = 3.25> <CoreInst = "RAM">   --->   Core 82 'RAM' <Latency = 1> <II = 1> <Delay = 3.25> <Storage> <Opcode : 'load' 'store'> <Ports = 2> <Width = 32> <Depth = 55> <RAM>
ST_1 : Operation 60 [1/1] (0.00ns)   --->   "%br_ln33 = br void %arrayidx1215.exit" [conv.cpp:33]   --->   Operation 60 'br' 'br_ln33' <Predicate = (!icmp_ln28 & select_ln28 == 43)> <Delay = 0.00>
ST_1 : Operation 61 [1/1] (0.00ns)   --->   "%local_output_42_addr = getelementptr i32 %local_output_42, i64 0, i64 %zext_ln28" [conv.cpp:28]   --->   Operation 61 'getelementptr' 'local_output_42_addr' <Predicate = (!icmp_ln28 & select_ln28 == 42)> <Delay = 0.00>
ST_1 : Operation 62 [1/1] (3.25ns)   --->   "%store_ln33 = store i32 %bias_read, i6 %local_output_42_addr" [conv.cpp:33]   --->   Operation 62 'store' 'store_ln33' <Predicate = (!icmp_ln28 & select_ln28 == 42)> <Delay = 3.25> <CoreInst = "RAM">   --->   Core 82 'RAM' <Latency = 1> <II = 1> <Delay = 3.25> <Storage> <Opcode : 'load' 'store'> <Ports = 2> <Width = 32> <Depth = 55> <RAM>
ST_1 : Operation 63 [1/1] (0.00ns)   --->   "%br_ln33 = br void %arrayidx1215.exit" [conv.cpp:33]   --->   Operation 63 'br' 'br_ln33' <Predicate = (!icmp_ln28 & select_ln28 == 42)> <Delay = 0.00>
ST_1 : Operation 64 [1/1] (0.00ns)   --->   "%local_output_41_addr = getelementptr i32 %local_output_41, i64 0, i64 %zext_ln28" [conv.cpp:28]   --->   Operation 64 'getelementptr' 'local_output_41_addr' <Predicate = (!icmp_ln28 & select_ln28 == 41)> <Delay = 0.00>
ST_1 : Operation 65 [1/1] (3.25ns)   --->   "%store_ln33 = store i32 %bias_read, i6 %local_output_41_addr" [conv.cpp:33]   --->   Operation 65 'store' 'store_ln33' <Predicate = (!icmp_ln28 & select_ln28 == 41)> <Delay = 3.25> <CoreInst = "RAM">   --->   Core 82 'RAM' <Latency = 1> <II = 1> <Delay = 3.25> <Storage> <Opcode : 'load' 'store'> <Ports = 2> <Width = 32> <Depth = 55> <RAM>
ST_1 : Operation 66 [1/1] (0.00ns)   --->   "%br_ln33 = br void %arrayidx1215.exit" [conv.cpp:33]   --->   Operation 66 'br' 'br_ln33' <Predicate = (!icmp_ln28 & select_ln28 == 41)> <Delay = 0.00>
ST_1 : Operation 67 [1/1] (0.00ns)   --->   "%local_output_40_addr = getelementptr i32 %local_output_40, i64 0, i64 %zext_ln28" [conv.cpp:28]   --->   Operation 67 'getelementptr' 'local_output_40_addr' <Predicate = (!icmp_ln28 & select_ln28 == 40)> <Delay = 0.00>
ST_1 : Operation 68 [1/1] (3.25ns)   --->   "%store_ln33 = store i32 %bias_read, i6 %local_output_40_addr" [conv.cpp:33]   --->   Operation 68 'store' 'store_ln33' <Predicate = (!icmp_ln28 & select_ln28 == 40)> <Delay = 3.25> <CoreInst = "RAM">   --->   Core 82 'RAM' <Latency = 1> <II = 1> <Delay = 3.25> <Storage> <Opcode : 'load' 'store'> <Ports = 2> <Width = 32> <Depth = 55> <RAM>
ST_1 : Operation 69 [1/1] (0.00ns)   --->   "%br_ln33 = br void %arrayidx1215.exit" [conv.cpp:33]   --->   Operation 69 'br' 'br_ln33' <Predicate = (!icmp_ln28 & select_ln28 == 40)> <Delay = 0.00>
ST_1 : Operation 70 [1/1] (0.00ns)   --->   "%local_output_39_addr = getelementptr i32 %local_output_39, i64 0, i64 %zext_ln28" [conv.cpp:28]   --->   Operation 70 'getelementptr' 'local_output_39_addr' <Predicate = (!icmp_ln28 & select_ln28 == 39)> <Delay = 0.00>
ST_1 : Operation 71 [1/1] (3.25ns)   --->   "%store_ln33 = store i32 %bias_read, i6 %local_output_39_addr" [conv.cpp:33]   --->   Operation 71 'store' 'store_ln33' <Predicate = (!icmp_ln28 & select_ln28 == 39)> <Delay = 3.25> <CoreInst = "RAM">   --->   Core 82 'RAM' <Latency = 1> <II = 1> <Delay = 3.25> <Storage> <Opcode : 'load' 'store'> <Ports = 2> <Width = 32> <Depth = 55> <RAM>
ST_1 : Operation 72 [1/1] (0.00ns)   --->   "%br_ln33 = br void %arrayidx1215.exit" [conv.cpp:33]   --->   Operation 72 'br' 'br_ln33' <Predicate = (!icmp_ln28 & select_ln28 == 39)> <Delay = 0.00>
ST_1 : Operation 73 [1/1] (0.00ns)   --->   "%local_output_38_addr = getelementptr i32 %local_output_38, i64 0, i64 %zext_ln28" [conv.cpp:28]   --->   Operation 73 'getelementptr' 'local_output_38_addr' <Predicate = (!icmp_ln28 & select_ln28 == 38)> <Delay = 0.00>
ST_1 : Operation 74 [1/1] (3.25ns)   --->   "%store_ln33 = store i32 %bias_read, i6 %local_output_38_addr" [conv.cpp:33]   --->   Operation 74 'store' 'store_ln33' <Predicate = (!icmp_ln28 & select_ln28 == 38)> <Delay = 3.25> <CoreInst = "RAM">   --->   Core 82 'RAM' <Latency = 1> <II = 1> <Delay = 3.25> <Storage> <Opcode : 'load' 'store'> <Ports = 2> <Width = 32> <Depth = 55> <RAM>
ST_1 : Operation 75 [1/1] (0.00ns)   --->   "%br_ln33 = br void %arrayidx1215.exit" [conv.cpp:33]   --->   Operation 75 'br' 'br_ln33' <Predicate = (!icmp_ln28 & select_ln28 == 38)> <Delay = 0.00>
ST_1 : Operation 76 [1/1] (0.00ns)   --->   "%local_output_37_addr = getelementptr i32 %local_output_37, i64 0, i64 %zext_ln28" [conv.cpp:28]   --->   Operation 76 'getelementptr' 'local_output_37_addr' <Predicate = (!icmp_ln28 & select_ln28 == 37)> <Delay = 0.00>
ST_1 : Operation 77 [1/1] (3.25ns)   --->   "%store_ln33 = store i32 %bias_read, i6 %local_output_37_addr" [conv.cpp:33]   --->   Operation 77 'store' 'store_ln33' <Predicate = (!icmp_ln28 & select_ln28 == 37)> <Delay = 3.25> <CoreInst = "RAM">   --->   Core 82 'RAM' <Latency = 1> <II = 1> <Delay = 3.25> <Storage> <Opcode : 'load' 'store'> <Ports = 2> <Width = 32> <Depth = 55> <RAM>
ST_1 : Operation 78 [1/1] (0.00ns)   --->   "%br_ln33 = br void %arrayidx1215.exit" [conv.cpp:33]   --->   Operation 78 'br' 'br_ln33' <Predicate = (!icmp_ln28 & select_ln28 == 37)> <Delay = 0.00>
ST_1 : Operation 79 [1/1] (0.00ns)   --->   "%local_output_36_addr = getelementptr i32 %local_output_36, i64 0, i64 %zext_ln28" [conv.cpp:28]   --->   Operation 79 'getelementptr' 'local_output_36_addr' <Predicate = (!icmp_ln28 & select_ln28 == 36)> <Delay = 0.00>
ST_1 : Operation 80 [1/1] (3.25ns)   --->   "%store_ln33 = store i32 %bias_read, i6 %local_output_36_addr" [conv.cpp:33]   --->   Operation 80 'store' 'store_ln33' <Predicate = (!icmp_ln28 & select_ln28 == 36)> <Delay = 3.25> <CoreInst = "RAM">   --->   Core 82 'RAM' <Latency = 1> <II = 1> <Delay = 3.25> <Storage> <Opcode : 'load' 'store'> <Ports = 2> <Width = 32> <Depth = 55> <RAM>
ST_1 : Operation 81 [1/1] (0.00ns)   --->   "%br_ln33 = br void %arrayidx1215.exit" [conv.cpp:33]   --->   Operation 81 'br' 'br_ln33' <Predicate = (!icmp_ln28 & select_ln28 == 36)> <Delay = 0.00>
ST_1 : Operation 82 [1/1] (0.00ns)   --->   "%local_output_35_addr = getelementptr i32 %local_output_35, i64 0, i64 %zext_ln28" [conv.cpp:28]   --->   Operation 82 'getelementptr' 'local_output_35_addr' <Predicate = (!icmp_ln28 & select_ln28 == 35)> <Delay = 0.00>
ST_1 : Operation 83 [1/1] (3.25ns)   --->   "%store_ln33 = store i32 %bias_read, i6 %local_output_35_addr" [conv.cpp:33]   --->   Operation 83 'store' 'store_ln33' <Predicate = (!icmp_ln28 & select_ln28 == 35)> <Delay = 3.25> <CoreInst = "RAM">   --->   Core 82 'RAM' <Latency = 1> <II = 1> <Delay = 3.25> <Storage> <Opcode : 'load' 'store'> <Ports = 2> <Width = 32> <Depth = 55> <RAM>
ST_1 : Operation 84 [1/1] (0.00ns)   --->   "%br_ln33 = br void %arrayidx1215.exit" [conv.cpp:33]   --->   Operation 84 'br' 'br_ln33' <Predicate = (!icmp_ln28 & select_ln28 == 35)> <Delay = 0.00>
ST_1 : Operation 85 [1/1] (0.00ns)   --->   "%local_output_34_addr = getelementptr i32 %local_output_34, i64 0, i64 %zext_ln28" [conv.cpp:28]   --->   Operation 85 'getelementptr' 'local_output_34_addr' <Predicate = (!icmp_ln28 & select_ln28 == 34)> <Delay = 0.00>
ST_1 : Operation 86 [1/1] (3.25ns)   --->   "%store_ln33 = store i32 %bias_read, i6 %local_output_34_addr" [conv.cpp:33]   --->   Operation 86 'store' 'store_ln33' <Predicate = (!icmp_ln28 & select_ln28 == 34)> <Delay = 3.25> <CoreInst = "RAM">   --->   Core 82 'RAM' <Latency = 1> <II = 1> <Delay = 3.25> <Storage> <Opcode : 'load' 'store'> <Ports = 2> <Width = 32> <Depth = 55> <RAM>
ST_1 : Operation 87 [1/1] (0.00ns)   --->   "%br_ln33 = br void %arrayidx1215.exit" [conv.cpp:33]   --->   Operation 87 'br' 'br_ln33' <Predicate = (!icmp_ln28 & select_ln28 == 34)> <Delay = 0.00>
ST_1 : Operation 88 [1/1] (0.00ns)   --->   "%local_output_33_addr = getelementptr i32 %local_output_33, i64 0, i64 %zext_ln28" [conv.cpp:28]   --->   Operation 88 'getelementptr' 'local_output_33_addr' <Predicate = (!icmp_ln28 & select_ln28 == 33)> <Delay = 0.00>
ST_1 : Operation 89 [1/1] (3.25ns)   --->   "%store_ln33 = store i32 %bias_read, i6 %local_output_33_addr" [conv.cpp:33]   --->   Operation 89 'store' 'store_ln33' <Predicate = (!icmp_ln28 & select_ln28 == 33)> <Delay = 3.25> <CoreInst = "RAM">   --->   Core 82 'RAM' <Latency = 1> <II = 1> <Delay = 3.25> <Storage> <Opcode : 'load' 'store'> <Ports = 2> <Width = 32> <Depth = 55> <RAM>
ST_1 : Operation 90 [1/1] (0.00ns)   --->   "%br_ln33 = br void %arrayidx1215.exit" [conv.cpp:33]   --->   Operation 90 'br' 'br_ln33' <Predicate = (!icmp_ln28 & select_ln28 == 33)> <Delay = 0.00>
ST_1 : Operation 91 [1/1] (0.00ns)   --->   "%local_output_32_addr = getelementptr i32 %local_output_32, i64 0, i64 %zext_ln28" [conv.cpp:28]   --->   Operation 91 'getelementptr' 'local_output_32_addr' <Predicate = (!icmp_ln28 & select_ln28 == 32)> <Delay = 0.00>
ST_1 : Operation 92 [1/1] (3.25ns)   --->   "%store_ln33 = store i32 %bias_read, i6 %local_output_32_addr" [conv.cpp:33]   --->   Operation 92 'store' 'store_ln33' <Predicate = (!icmp_ln28 & select_ln28 == 32)> <Delay = 3.25> <CoreInst = "RAM">   --->   Core 82 'RAM' <Latency = 1> <II = 1> <Delay = 3.25> <Storage> <Opcode : 'load' 'store'> <Ports = 2> <Width = 32> <Depth = 55> <RAM>
ST_1 : Operation 93 [1/1] (0.00ns)   --->   "%br_ln33 = br void %arrayidx1215.exit" [conv.cpp:33]   --->   Operation 93 'br' 'br_ln33' <Predicate = (!icmp_ln28 & select_ln28 == 32)> <Delay = 0.00>
ST_1 : Operation 94 [1/1] (0.00ns)   --->   "%local_output_31_addr = getelementptr i32 %local_output_31, i64 0, i64 %zext_ln28" [conv.cpp:28]   --->   Operation 94 'getelementptr' 'local_output_31_addr' <Predicate = (!icmp_ln28 & select_ln28 == 31)> <Delay = 0.00>
ST_1 : Operation 95 [1/1] (3.25ns)   --->   "%store_ln33 = store i32 %bias_read, i6 %local_output_31_addr" [conv.cpp:33]   --->   Operation 95 'store' 'store_ln33' <Predicate = (!icmp_ln28 & select_ln28 == 31)> <Delay = 3.25> <CoreInst = "RAM">   --->   Core 82 'RAM' <Latency = 1> <II = 1> <Delay = 3.25> <Storage> <Opcode : 'load' 'store'> <Ports = 2> <Width = 32> <Depth = 55> <RAM>
ST_1 : Operation 96 [1/1] (0.00ns)   --->   "%br_ln33 = br void %arrayidx1215.exit" [conv.cpp:33]   --->   Operation 96 'br' 'br_ln33' <Predicate = (!icmp_ln28 & select_ln28 == 31)> <Delay = 0.00>
ST_1 : Operation 97 [1/1] (0.00ns)   --->   "%local_output_30_addr = getelementptr i32 %local_output_30, i64 0, i64 %zext_ln28" [conv.cpp:28]   --->   Operation 97 'getelementptr' 'local_output_30_addr' <Predicate = (!icmp_ln28 & select_ln28 == 30)> <Delay = 0.00>
ST_1 : Operation 98 [1/1] (3.25ns)   --->   "%store_ln33 = store i32 %bias_read, i6 %local_output_30_addr" [conv.cpp:33]   --->   Operation 98 'store' 'store_ln33' <Predicate = (!icmp_ln28 & select_ln28 == 30)> <Delay = 3.25> <CoreInst = "RAM">   --->   Core 82 'RAM' <Latency = 1> <II = 1> <Delay = 3.25> <Storage> <Opcode : 'load' 'store'> <Ports = 2> <Width = 32> <Depth = 55> <RAM>
ST_1 : Operation 99 [1/1] (0.00ns)   --->   "%br_ln33 = br void %arrayidx1215.exit" [conv.cpp:33]   --->   Operation 99 'br' 'br_ln33' <Predicate = (!icmp_ln28 & select_ln28 == 30)> <Delay = 0.00>
ST_1 : Operation 100 [1/1] (0.00ns)   --->   "%local_output_29_addr = getelementptr i32 %local_output_29, i64 0, i64 %zext_ln28" [conv.cpp:28]   --->   Operation 100 'getelementptr' 'local_output_29_addr' <Predicate = (!icmp_ln28 & select_ln28 == 29)> <Delay = 0.00>
ST_1 : Operation 101 [1/1] (3.25ns)   --->   "%store_ln33 = store i32 %bias_read, i6 %local_output_29_addr" [conv.cpp:33]   --->   Operation 101 'store' 'store_ln33' <Predicate = (!icmp_ln28 & select_ln28 == 29)> <Delay = 3.25> <CoreInst = "RAM">   --->   Core 82 'RAM' <Latency = 1> <II = 1> <Delay = 3.25> <Storage> <Opcode : 'load' 'store'> <Ports = 2> <Width = 32> <Depth = 55> <RAM>
ST_1 : Operation 102 [1/1] (0.00ns)   --->   "%br_ln33 = br void %arrayidx1215.exit" [conv.cpp:33]   --->   Operation 102 'br' 'br_ln33' <Predicate = (!icmp_ln28 & select_ln28 == 29)> <Delay = 0.00>
ST_1 : Operation 103 [1/1] (0.00ns)   --->   "%local_output_28_addr = getelementptr i32 %local_output_28, i64 0, i64 %zext_ln28" [conv.cpp:28]   --->   Operation 103 'getelementptr' 'local_output_28_addr' <Predicate = (!icmp_ln28 & select_ln28 == 28)> <Delay = 0.00>
ST_1 : Operation 104 [1/1] (3.25ns)   --->   "%store_ln33 = store i32 %bias_read, i6 %local_output_28_addr" [conv.cpp:33]   --->   Operation 104 'store' 'store_ln33' <Predicate = (!icmp_ln28 & select_ln28 == 28)> <Delay = 3.25> <CoreInst = "RAM">   --->   Core 82 'RAM' <Latency = 1> <II = 1> <Delay = 3.25> <Storage> <Opcode : 'load' 'store'> <Ports = 2> <Width = 32> <Depth = 55> <RAM>
ST_1 : Operation 105 [1/1] (0.00ns)   --->   "%br_ln33 = br void %arrayidx1215.exit" [conv.cpp:33]   --->   Operation 105 'br' 'br_ln33' <Predicate = (!icmp_ln28 & select_ln28 == 28)> <Delay = 0.00>
ST_1 : Operation 106 [1/1] (0.00ns)   --->   "%local_output_27_addr = getelementptr i32 %local_output_27, i64 0, i64 %zext_ln28" [conv.cpp:28]   --->   Operation 106 'getelementptr' 'local_output_27_addr' <Predicate = (!icmp_ln28 & select_ln28 == 27)> <Delay = 0.00>
ST_1 : Operation 107 [1/1] (3.25ns)   --->   "%store_ln33 = store i32 %bias_read, i6 %local_output_27_addr" [conv.cpp:33]   --->   Operation 107 'store' 'store_ln33' <Predicate = (!icmp_ln28 & select_ln28 == 27)> <Delay = 3.25> <CoreInst = "RAM">   --->   Core 82 'RAM' <Latency = 1> <II = 1> <Delay = 3.25> <Storage> <Opcode : 'load' 'store'> <Ports = 2> <Width = 32> <Depth = 55> <RAM>
ST_1 : Operation 108 [1/1] (0.00ns)   --->   "%br_ln33 = br void %arrayidx1215.exit" [conv.cpp:33]   --->   Operation 108 'br' 'br_ln33' <Predicate = (!icmp_ln28 & select_ln28 == 27)> <Delay = 0.00>
ST_1 : Operation 109 [1/1] (0.00ns)   --->   "%local_output_26_addr = getelementptr i32 %local_output_26, i64 0, i64 %zext_ln28" [conv.cpp:28]   --->   Operation 109 'getelementptr' 'local_output_26_addr' <Predicate = (!icmp_ln28 & select_ln28 == 26)> <Delay = 0.00>
ST_1 : Operation 110 [1/1] (3.25ns)   --->   "%store_ln33 = store i32 %bias_read, i6 %local_output_26_addr" [conv.cpp:33]   --->   Operation 110 'store' 'store_ln33' <Predicate = (!icmp_ln28 & select_ln28 == 26)> <Delay = 3.25> <CoreInst = "RAM">   --->   Core 82 'RAM' <Latency = 1> <II = 1> <Delay = 3.25> <Storage> <Opcode : 'load' 'store'> <Ports = 2> <Width = 32> <Depth = 55> <RAM>
ST_1 : Operation 111 [1/1] (0.00ns)   --->   "%br_ln33 = br void %arrayidx1215.exit" [conv.cpp:33]   --->   Operation 111 'br' 'br_ln33' <Predicate = (!icmp_ln28 & select_ln28 == 26)> <Delay = 0.00>
ST_1 : Operation 112 [1/1] (0.00ns)   --->   "%local_output_25_addr = getelementptr i32 %local_output_25, i64 0, i64 %zext_ln28" [conv.cpp:28]   --->   Operation 112 'getelementptr' 'local_output_25_addr' <Predicate = (!icmp_ln28 & select_ln28 == 25)> <Delay = 0.00>
ST_1 : Operation 113 [1/1] (3.25ns)   --->   "%store_ln33 = store i32 %bias_read, i6 %local_output_25_addr" [conv.cpp:33]   --->   Operation 113 'store' 'store_ln33' <Predicate = (!icmp_ln28 & select_ln28 == 25)> <Delay = 3.25> <CoreInst = "RAM">   --->   Core 82 'RAM' <Latency = 1> <II = 1> <Delay = 3.25> <Storage> <Opcode : 'load' 'store'> <Ports = 2> <Width = 32> <Depth = 55> <RAM>
ST_1 : Operation 114 [1/1] (0.00ns)   --->   "%br_ln33 = br void %arrayidx1215.exit" [conv.cpp:33]   --->   Operation 114 'br' 'br_ln33' <Predicate = (!icmp_ln28 & select_ln28 == 25)> <Delay = 0.00>
ST_1 : Operation 115 [1/1] (0.00ns)   --->   "%local_output_24_addr = getelementptr i32 %local_output_24, i64 0, i64 %zext_ln28" [conv.cpp:28]   --->   Operation 115 'getelementptr' 'local_output_24_addr' <Predicate = (!icmp_ln28 & select_ln28 == 24)> <Delay = 0.00>
ST_1 : Operation 116 [1/1] (3.25ns)   --->   "%store_ln33 = store i32 %bias_read, i6 %local_output_24_addr" [conv.cpp:33]   --->   Operation 116 'store' 'store_ln33' <Predicate = (!icmp_ln28 & select_ln28 == 24)> <Delay = 3.25> <CoreInst = "RAM">   --->   Core 82 'RAM' <Latency = 1> <II = 1> <Delay = 3.25> <Storage> <Opcode : 'load' 'store'> <Ports = 2> <Width = 32> <Depth = 55> <RAM>
ST_1 : Operation 117 [1/1] (0.00ns)   --->   "%br_ln33 = br void %arrayidx1215.exit" [conv.cpp:33]   --->   Operation 117 'br' 'br_ln33' <Predicate = (!icmp_ln28 & select_ln28 == 24)> <Delay = 0.00>
ST_1 : Operation 118 [1/1] (0.00ns)   --->   "%local_output_23_addr = getelementptr i32 %local_output_23, i64 0, i64 %zext_ln28" [conv.cpp:28]   --->   Operation 118 'getelementptr' 'local_output_23_addr' <Predicate = (!icmp_ln28 & select_ln28 == 23)> <Delay = 0.00>
ST_1 : Operation 119 [1/1] (3.25ns)   --->   "%store_ln33 = store i32 %bias_read, i6 %local_output_23_addr" [conv.cpp:33]   --->   Operation 119 'store' 'store_ln33' <Predicate = (!icmp_ln28 & select_ln28 == 23)> <Delay = 3.25> <CoreInst = "RAM">   --->   Core 82 'RAM' <Latency = 1> <II = 1> <Delay = 3.25> <Storage> <Opcode : 'load' 'store'> <Ports = 2> <Width = 32> <Depth = 55> <RAM>
ST_1 : Operation 120 [1/1] (0.00ns)   --->   "%br_ln33 = br void %arrayidx1215.exit" [conv.cpp:33]   --->   Operation 120 'br' 'br_ln33' <Predicate = (!icmp_ln28 & select_ln28 == 23)> <Delay = 0.00>
ST_1 : Operation 121 [1/1] (0.00ns)   --->   "%local_output_22_addr = getelementptr i32 %local_output_22, i64 0, i64 %zext_ln28" [conv.cpp:28]   --->   Operation 121 'getelementptr' 'local_output_22_addr' <Predicate = (!icmp_ln28 & select_ln28 == 22)> <Delay = 0.00>
ST_1 : Operation 122 [1/1] (3.25ns)   --->   "%store_ln33 = store i32 %bias_read, i6 %local_output_22_addr" [conv.cpp:33]   --->   Operation 122 'store' 'store_ln33' <Predicate = (!icmp_ln28 & select_ln28 == 22)> <Delay = 3.25> <CoreInst = "RAM">   --->   Core 82 'RAM' <Latency = 1> <II = 1> <Delay = 3.25> <Storage> <Opcode : 'load' 'store'> <Ports = 2> <Width = 32> <Depth = 55> <RAM>
ST_1 : Operation 123 [1/1] (0.00ns)   --->   "%br_ln33 = br void %arrayidx1215.exit" [conv.cpp:33]   --->   Operation 123 'br' 'br_ln33' <Predicate = (!icmp_ln28 & select_ln28 == 22)> <Delay = 0.00>
ST_1 : Operation 124 [1/1] (0.00ns)   --->   "%local_output_21_addr = getelementptr i32 %local_output_21, i64 0, i64 %zext_ln28" [conv.cpp:28]   --->   Operation 124 'getelementptr' 'local_output_21_addr' <Predicate = (!icmp_ln28 & select_ln28 == 21)> <Delay = 0.00>
ST_1 : Operation 125 [1/1] (3.25ns)   --->   "%store_ln33 = store i32 %bias_read, i6 %local_output_21_addr" [conv.cpp:33]   --->   Operation 125 'store' 'store_ln33' <Predicate = (!icmp_ln28 & select_ln28 == 21)> <Delay = 3.25> <CoreInst = "RAM">   --->   Core 82 'RAM' <Latency = 1> <II = 1> <Delay = 3.25> <Storage> <Opcode : 'load' 'store'> <Ports = 2> <Width = 32> <Depth = 55> <RAM>
ST_1 : Operation 126 [1/1] (0.00ns)   --->   "%br_ln33 = br void %arrayidx1215.exit" [conv.cpp:33]   --->   Operation 126 'br' 'br_ln33' <Predicate = (!icmp_ln28 & select_ln28 == 21)> <Delay = 0.00>
ST_1 : Operation 127 [1/1] (0.00ns)   --->   "%local_output_20_addr = getelementptr i32 %local_output_20, i64 0, i64 %zext_ln28" [conv.cpp:28]   --->   Operation 127 'getelementptr' 'local_output_20_addr' <Predicate = (!icmp_ln28 & select_ln28 == 20)> <Delay = 0.00>
ST_1 : Operation 128 [1/1] (3.25ns)   --->   "%store_ln33 = store i32 %bias_read, i6 %local_output_20_addr" [conv.cpp:33]   --->   Operation 128 'store' 'store_ln33' <Predicate = (!icmp_ln28 & select_ln28 == 20)> <Delay = 3.25> <CoreInst = "RAM">   --->   Core 82 'RAM' <Latency = 1> <II = 1> <Delay = 3.25> <Storage> <Opcode : 'load' 'store'> <Ports = 2> <Width = 32> <Depth = 55> <RAM>
ST_1 : Operation 129 [1/1] (0.00ns)   --->   "%br_ln33 = br void %arrayidx1215.exit" [conv.cpp:33]   --->   Operation 129 'br' 'br_ln33' <Predicate = (!icmp_ln28 & select_ln28 == 20)> <Delay = 0.00>
ST_1 : Operation 130 [1/1] (0.00ns)   --->   "%local_output_19_addr = getelementptr i32 %local_output_19, i64 0, i64 %zext_ln28" [conv.cpp:28]   --->   Operation 130 'getelementptr' 'local_output_19_addr' <Predicate = (!icmp_ln28 & select_ln28 == 19)> <Delay = 0.00>
ST_1 : Operation 131 [1/1] (3.25ns)   --->   "%store_ln33 = store i32 %bias_read, i6 %local_output_19_addr" [conv.cpp:33]   --->   Operation 131 'store' 'store_ln33' <Predicate = (!icmp_ln28 & select_ln28 == 19)> <Delay = 3.25> <CoreInst = "RAM">   --->   Core 82 'RAM' <Latency = 1> <II = 1> <Delay = 3.25> <Storage> <Opcode : 'load' 'store'> <Ports = 2> <Width = 32> <Depth = 55> <RAM>
ST_1 : Operation 132 [1/1] (0.00ns)   --->   "%br_ln33 = br void %arrayidx1215.exit" [conv.cpp:33]   --->   Operation 132 'br' 'br_ln33' <Predicate = (!icmp_ln28 & select_ln28 == 19)> <Delay = 0.00>
ST_1 : Operation 133 [1/1] (0.00ns)   --->   "%local_output_18_addr = getelementptr i32 %local_output_18, i64 0, i64 %zext_ln28" [conv.cpp:28]   --->   Operation 133 'getelementptr' 'local_output_18_addr' <Predicate = (!icmp_ln28 & select_ln28 == 18)> <Delay = 0.00>
ST_1 : Operation 134 [1/1] (3.25ns)   --->   "%store_ln33 = store i32 %bias_read, i6 %local_output_18_addr" [conv.cpp:33]   --->   Operation 134 'store' 'store_ln33' <Predicate = (!icmp_ln28 & select_ln28 == 18)> <Delay = 3.25> <CoreInst = "RAM">   --->   Core 82 'RAM' <Latency = 1> <II = 1> <Delay = 3.25> <Storage> <Opcode : 'load' 'store'> <Ports = 2> <Width = 32> <Depth = 55> <RAM>
ST_1 : Operation 135 [1/1] (0.00ns)   --->   "%br_ln33 = br void %arrayidx1215.exit" [conv.cpp:33]   --->   Operation 135 'br' 'br_ln33' <Predicate = (!icmp_ln28 & select_ln28 == 18)> <Delay = 0.00>
ST_1 : Operation 136 [1/1] (0.00ns)   --->   "%local_output_17_addr = getelementptr i32 %local_output_17, i64 0, i64 %zext_ln28" [conv.cpp:28]   --->   Operation 136 'getelementptr' 'local_output_17_addr' <Predicate = (!icmp_ln28 & select_ln28 == 17)> <Delay = 0.00>
ST_1 : Operation 137 [1/1] (3.25ns)   --->   "%store_ln33 = store i32 %bias_read, i6 %local_output_17_addr" [conv.cpp:33]   --->   Operation 137 'store' 'store_ln33' <Predicate = (!icmp_ln28 & select_ln28 == 17)> <Delay = 3.25> <CoreInst = "RAM">   --->   Core 82 'RAM' <Latency = 1> <II = 1> <Delay = 3.25> <Storage> <Opcode : 'load' 'store'> <Ports = 2> <Width = 32> <Depth = 55> <RAM>
ST_1 : Operation 138 [1/1] (0.00ns)   --->   "%br_ln33 = br void %arrayidx1215.exit" [conv.cpp:33]   --->   Operation 138 'br' 'br_ln33' <Predicate = (!icmp_ln28 & select_ln28 == 17)> <Delay = 0.00>
ST_1 : Operation 139 [1/1] (0.00ns)   --->   "%local_output_16_addr = getelementptr i32 %local_output_16, i64 0, i64 %zext_ln28" [conv.cpp:28]   --->   Operation 139 'getelementptr' 'local_output_16_addr' <Predicate = (!icmp_ln28 & select_ln28 == 16)> <Delay = 0.00>
ST_1 : Operation 140 [1/1] (3.25ns)   --->   "%store_ln33 = store i32 %bias_read, i6 %local_output_16_addr" [conv.cpp:33]   --->   Operation 140 'store' 'store_ln33' <Predicate = (!icmp_ln28 & select_ln28 == 16)> <Delay = 3.25> <CoreInst = "RAM">   --->   Core 82 'RAM' <Latency = 1> <II = 1> <Delay = 3.25> <Storage> <Opcode : 'load' 'store'> <Ports = 2> <Width = 32> <Depth = 55> <RAM>
ST_1 : Operation 141 [1/1] (0.00ns)   --->   "%br_ln33 = br void %arrayidx1215.exit" [conv.cpp:33]   --->   Operation 141 'br' 'br_ln33' <Predicate = (!icmp_ln28 & select_ln28 == 16)> <Delay = 0.00>
ST_1 : Operation 142 [1/1] (0.00ns)   --->   "%local_output_15_addr = getelementptr i32 %local_output_15, i64 0, i64 %zext_ln28" [conv.cpp:28]   --->   Operation 142 'getelementptr' 'local_output_15_addr' <Predicate = (!icmp_ln28 & select_ln28 == 15)> <Delay = 0.00>
ST_1 : Operation 143 [1/1] (3.25ns)   --->   "%store_ln33 = store i32 %bias_read, i6 %local_output_15_addr" [conv.cpp:33]   --->   Operation 143 'store' 'store_ln33' <Predicate = (!icmp_ln28 & select_ln28 == 15)> <Delay = 3.25> <CoreInst = "RAM">   --->   Core 82 'RAM' <Latency = 1> <II = 1> <Delay = 3.25> <Storage> <Opcode : 'load' 'store'> <Ports = 2> <Width = 32> <Depth = 55> <RAM>
ST_1 : Operation 144 [1/1] (0.00ns)   --->   "%br_ln33 = br void %arrayidx1215.exit" [conv.cpp:33]   --->   Operation 144 'br' 'br_ln33' <Predicate = (!icmp_ln28 & select_ln28 == 15)> <Delay = 0.00>
ST_1 : Operation 145 [1/1] (0.00ns)   --->   "%local_output_14_addr = getelementptr i32 %local_output_14, i64 0, i64 %zext_ln28" [conv.cpp:28]   --->   Operation 145 'getelementptr' 'local_output_14_addr' <Predicate = (!icmp_ln28 & select_ln28 == 14)> <Delay = 0.00>
ST_1 : Operation 146 [1/1] (3.25ns)   --->   "%store_ln33 = store i32 %bias_read, i6 %local_output_14_addr" [conv.cpp:33]   --->   Operation 146 'store' 'store_ln33' <Predicate = (!icmp_ln28 & select_ln28 == 14)> <Delay = 3.25> <CoreInst = "RAM">   --->   Core 82 'RAM' <Latency = 1> <II = 1> <Delay = 3.25> <Storage> <Opcode : 'load' 'store'> <Ports = 2> <Width = 32> <Depth = 55> <RAM>
ST_1 : Operation 147 [1/1] (0.00ns)   --->   "%br_ln33 = br void %arrayidx1215.exit" [conv.cpp:33]   --->   Operation 147 'br' 'br_ln33' <Predicate = (!icmp_ln28 & select_ln28 == 14)> <Delay = 0.00>
ST_1 : Operation 148 [1/1] (0.00ns)   --->   "%local_output_13_addr = getelementptr i32 %local_output_13, i64 0, i64 %zext_ln28" [conv.cpp:28]   --->   Operation 148 'getelementptr' 'local_output_13_addr' <Predicate = (!icmp_ln28 & select_ln28 == 13)> <Delay = 0.00>
ST_1 : Operation 149 [1/1] (3.25ns)   --->   "%store_ln33 = store i32 %bias_read, i6 %local_output_13_addr" [conv.cpp:33]   --->   Operation 149 'store' 'store_ln33' <Predicate = (!icmp_ln28 & select_ln28 == 13)> <Delay = 3.25> <CoreInst = "RAM">   --->   Core 82 'RAM' <Latency = 1> <II = 1> <Delay = 3.25> <Storage> <Opcode : 'load' 'store'> <Ports = 2> <Width = 32> <Depth = 55> <RAM>
ST_1 : Operation 150 [1/1] (0.00ns)   --->   "%br_ln33 = br void %arrayidx1215.exit" [conv.cpp:33]   --->   Operation 150 'br' 'br_ln33' <Predicate = (!icmp_ln28 & select_ln28 == 13)> <Delay = 0.00>
ST_1 : Operation 151 [1/1] (0.00ns)   --->   "%local_output_12_addr = getelementptr i32 %local_output_12, i64 0, i64 %zext_ln28" [conv.cpp:28]   --->   Operation 151 'getelementptr' 'local_output_12_addr' <Predicate = (!icmp_ln28 & select_ln28 == 12)> <Delay = 0.00>
ST_1 : Operation 152 [1/1] (3.25ns)   --->   "%store_ln33 = store i32 %bias_read, i6 %local_output_12_addr" [conv.cpp:33]   --->   Operation 152 'store' 'store_ln33' <Predicate = (!icmp_ln28 & select_ln28 == 12)> <Delay = 3.25> <CoreInst = "RAM">   --->   Core 82 'RAM' <Latency = 1> <II = 1> <Delay = 3.25> <Storage> <Opcode : 'load' 'store'> <Ports = 2> <Width = 32> <Depth = 55> <RAM>
ST_1 : Operation 153 [1/1] (0.00ns)   --->   "%br_ln33 = br void %arrayidx1215.exit" [conv.cpp:33]   --->   Operation 153 'br' 'br_ln33' <Predicate = (!icmp_ln28 & select_ln28 == 12)> <Delay = 0.00>
ST_1 : Operation 154 [1/1] (0.00ns)   --->   "%local_output_11_addr = getelementptr i32 %local_output_11, i64 0, i64 %zext_ln28" [conv.cpp:28]   --->   Operation 154 'getelementptr' 'local_output_11_addr' <Predicate = (!icmp_ln28 & select_ln28 == 11)> <Delay = 0.00>
ST_1 : Operation 155 [1/1] (3.25ns)   --->   "%store_ln33 = store i32 %bias_read, i6 %local_output_11_addr" [conv.cpp:33]   --->   Operation 155 'store' 'store_ln33' <Predicate = (!icmp_ln28 & select_ln28 == 11)> <Delay = 3.25> <CoreInst = "RAM">   --->   Core 82 'RAM' <Latency = 1> <II = 1> <Delay = 3.25> <Storage> <Opcode : 'load' 'store'> <Ports = 2> <Width = 32> <Depth = 55> <RAM>
ST_1 : Operation 156 [1/1] (0.00ns)   --->   "%br_ln33 = br void %arrayidx1215.exit" [conv.cpp:33]   --->   Operation 156 'br' 'br_ln33' <Predicate = (!icmp_ln28 & select_ln28 == 11)> <Delay = 0.00>
ST_1 : Operation 157 [1/1] (0.00ns)   --->   "%local_output_10_addr = getelementptr i32 %local_output_10, i64 0, i64 %zext_ln28" [conv.cpp:28]   --->   Operation 157 'getelementptr' 'local_output_10_addr' <Predicate = (!icmp_ln28 & select_ln28 == 10)> <Delay = 0.00>
ST_1 : Operation 158 [1/1] (3.25ns)   --->   "%store_ln33 = store i32 %bias_read, i6 %local_output_10_addr" [conv.cpp:33]   --->   Operation 158 'store' 'store_ln33' <Predicate = (!icmp_ln28 & select_ln28 == 10)> <Delay = 3.25> <CoreInst = "RAM">   --->   Core 82 'RAM' <Latency = 1> <II = 1> <Delay = 3.25> <Storage> <Opcode : 'load' 'store'> <Ports = 2> <Width = 32> <Depth = 55> <RAM>
ST_1 : Operation 159 [1/1] (0.00ns)   --->   "%br_ln33 = br void %arrayidx1215.exit" [conv.cpp:33]   --->   Operation 159 'br' 'br_ln33' <Predicate = (!icmp_ln28 & select_ln28 == 10)> <Delay = 0.00>
ST_1 : Operation 160 [1/1] (0.00ns)   --->   "%local_output_9_addr = getelementptr i32 %local_output_9, i64 0, i64 %zext_ln28" [conv.cpp:28]   --->   Operation 160 'getelementptr' 'local_output_9_addr' <Predicate = (!icmp_ln28 & select_ln28 == 9)> <Delay = 0.00>
ST_1 : Operation 161 [1/1] (3.25ns)   --->   "%store_ln33 = store i32 %bias_read, i6 %local_output_9_addr" [conv.cpp:33]   --->   Operation 161 'store' 'store_ln33' <Predicate = (!icmp_ln28 & select_ln28 == 9)> <Delay = 3.25> <CoreInst = "RAM">   --->   Core 82 'RAM' <Latency = 1> <II = 1> <Delay = 3.25> <Storage> <Opcode : 'load' 'store'> <Ports = 2> <Width = 32> <Depth = 55> <RAM>
ST_1 : Operation 162 [1/1] (0.00ns)   --->   "%br_ln33 = br void %arrayidx1215.exit" [conv.cpp:33]   --->   Operation 162 'br' 'br_ln33' <Predicate = (!icmp_ln28 & select_ln28 == 9)> <Delay = 0.00>
ST_1 : Operation 163 [1/1] (0.00ns)   --->   "%local_output_8_addr = getelementptr i32 %local_output_8, i64 0, i64 %zext_ln28" [conv.cpp:28]   --->   Operation 163 'getelementptr' 'local_output_8_addr' <Predicate = (!icmp_ln28 & select_ln28 == 8)> <Delay = 0.00>
ST_1 : Operation 164 [1/1] (3.25ns)   --->   "%store_ln33 = store i32 %bias_read, i6 %local_output_8_addr" [conv.cpp:33]   --->   Operation 164 'store' 'store_ln33' <Predicate = (!icmp_ln28 & select_ln28 == 8)> <Delay = 3.25> <CoreInst = "RAM">   --->   Core 82 'RAM' <Latency = 1> <II = 1> <Delay = 3.25> <Storage> <Opcode : 'load' 'store'> <Ports = 2> <Width = 32> <Depth = 55> <RAM>
ST_1 : Operation 165 [1/1] (0.00ns)   --->   "%br_ln33 = br void %arrayidx1215.exit" [conv.cpp:33]   --->   Operation 165 'br' 'br_ln33' <Predicate = (!icmp_ln28 & select_ln28 == 8)> <Delay = 0.00>
ST_1 : Operation 166 [1/1] (0.00ns)   --->   "%local_output_7_addr = getelementptr i32 %local_output_7, i64 0, i64 %zext_ln28" [conv.cpp:28]   --->   Operation 166 'getelementptr' 'local_output_7_addr' <Predicate = (!icmp_ln28 & select_ln28 == 7)> <Delay = 0.00>
ST_1 : Operation 167 [1/1] (3.25ns)   --->   "%store_ln33 = store i32 %bias_read, i6 %local_output_7_addr" [conv.cpp:33]   --->   Operation 167 'store' 'store_ln33' <Predicate = (!icmp_ln28 & select_ln28 == 7)> <Delay = 3.25> <CoreInst = "RAM">   --->   Core 82 'RAM' <Latency = 1> <II = 1> <Delay = 3.25> <Storage> <Opcode : 'load' 'store'> <Ports = 2> <Width = 32> <Depth = 55> <RAM>
ST_1 : Operation 168 [1/1] (0.00ns)   --->   "%br_ln33 = br void %arrayidx1215.exit" [conv.cpp:33]   --->   Operation 168 'br' 'br_ln33' <Predicate = (!icmp_ln28 & select_ln28 == 7)> <Delay = 0.00>
ST_1 : Operation 169 [1/1] (0.00ns)   --->   "%local_output_6_addr = getelementptr i32 %local_output_6, i64 0, i64 %zext_ln28" [conv.cpp:28]   --->   Operation 169 'getelementptr' 'local_output_6_addr' <Predicate = (!icmp_ln28 & select_ln28 == 6)> <Delay = 0.00>
ST_1 : Operation 170 [1/1] (3.25ns)   --->   "%store_ln33 = store i32 %bias_read, i6 %local_output_6_addr" [conv.cpp:33]   --->   Operation 170 'store' 'store_ln33' <Predicate = (!icmp_ln28 & select_ln28 == 6)> <Delay = 3.25> <CoreInst = "RAM">   --->   Core 82 'RAM' <Latency = 1> <II = 1> <Delay = 3.25> <Storage> <Opcode : 'load' 'store'> <Ports = 2> <Width = 32> <Depth = 55> <RAM>
ST_1 : Operation 171 [1/1] (0.00ns)   --->   "%br_ln33 = br void %arrayidx1215.exit" [conv.cpp:33]   --->   Operation 171 'br' 'br_ln33' <Predicate = (!icmp_ln28 & select_ln28 == 6)> <Delay = 0.00>
ST_1 : Operation 172 [1/1] (0.00ns)   --->   "%local_output_5_addr = getelementptr i32 %local_output_5, i64 0, i64 %zext_ln28" [conv.cpp:28]   --->   Operation 172 'getelementptr' 'local_output_5_addr' <Predicate = (!icmp_ln28 & select_ln28 == 5)> <Delay = 0.00>
ST_1 : Operation 173 [1/1] (3.25ns)   --->   "%store_ln33 = store i32 %bias_read, i6 %local_output_5_addr" [conv.cpp:33]   --->   Operation 173 'store' 'store_ln33' <Predicate = (!icmp_ln28 & select_ln28 == 5)> <Delay = 3.25> <CoreInst = "RAM">   --->   Core 82 'RAM' <Latency = 1> <II = 1> <Delay = 3.25> <Storage> <Opcode : 'load' 'store'> <Ports = 2> <Width = 32> <Depth = 55> <RAM>
ST_1 : Operation 174 [1/1] (0.00ns)   --->   "%br_ln33 = br void %arrayidx1215.exit" [conv.cpp:33]   --->   Operation 174 'br' 'br_ln33' <Predicate = (!icmp_ln28 & select_ln28 == 5)> <Delay = 0.00>
ST_1 : Operation 175 [1/1] (0.00ns)   --->   "%local_output_4_addr = getelementptr i32 %local_output_4, i64 0, i64 %zext_ln28" [conv.cpp:28]   --->   Operation 175 'getelementptr' 'local_output_4_addr' <Predicate = (!icmp_ln28 & select_ln28 == 4)> <Delay = 0.00>
ST_1 : Operation 176 [1/1] (3.25ns)   --->   "%store_ln33 = store i32 %bias_read, i6 %local_output_4_addr" [conv.cpp:33]   --->   Operation 176 'store' 'store_ln33' <Predicate = (!icmp_ln28 & select_ln28 == 4)> <Delay = 3.25> <CoreInst = "RAM">   --->   Core 82 'RAM' <Latency = 1> <II = 1> <Delay = 3.25> <Storage> <Opcode : 'load' 'store'> <Ports = 2> <Width = 32> <Depth = 55> <RAM>
ST_1 : Operation 177 [1/1] (0.00ns)   --->   "%br_ln33 = br void %arrayidx1215.exit" [conv.cpp:33]   --->   Operation 177 'br' 'br_ln33' <Predicate = (!icmp_ln28 & select_ln28 == 4)> <Delay = 0.00>
ST_1 : Operation 178 [1/1] (0.00ns)   --->   "%local_output_3_addr = getelementptr i32 %local_output_3, i64 0, i64 %zext_ln28" [conv.cpp:28]   --->   Operation 178 'getelementptr' 'local_output_3_addr' <Predicate = (!icmp_ln28 & select_ln28 == 3)> <Delay = 0.00>
ST_1 : Operation 179 [1/1] (3.25ns)   --->   "%store_ln33 = store i32 %bias_read, i6 %local_output_3_addr" [conv.cpp:33]   --->   Operation 179 'store' 'store_ln33' <Predicate = (!icmp_ln28 & select_ln28 == 3)> <Delay = 3.25> <CoreInst = "RAM">   --->   Core 82 'RAM' <Latency = 1> <II = 1> <Delay = 3.25> <Storage> <Opcode : 'load' 'store'> <Ports = 2> <Width = 32> <Depth = 55> <RAM>
ST_1 : Operation 180 [1/1] (0.00ns)   --->   "%br_ln33 = br void %arrayidx1215.exit" [conv.cpp:33]   --->   Operation 180 'br' 'br_ln33' <Predicate = (!icmp_ln28 & select_ln28 == 3)> <Delay = 0.00>
ST_1 : Operation 181 [1/1] (0.00ns)   --->   "%local_output_2_addr = getelementptr i32 %local_output_2, i64 0, i64 %zext_ln28" [conv.cpp:28]   --->   Operation 181 'getelementptr' 'local_output_2_addr' <Predicate = (!icmp_ln28 & select_ln28 == 2)> <Delay = 0.00>
ST_1 : Operation 182 [1/1] (3.25ns)   --->   "%store_ln33 = store i32 %bias_read, i6 %local_output_2_addr" [conv.cpp:33]   --->   Operation 182 'store' 'store_ln33' <Predicate = (!icmp_ln28 & select_ln28 == 2)> <Delay = 3.25> <CoreInst = "RAM">   --->   Core 82 'RAM' <Latency = 1> <II = 1> <Delay = 3.25> <Storage> <Opcode : 'load' 'store'> <Ports = 2> <Width = 32> <Depth = 55> <RAM>
ST_1 : Operation 183 [1/1] (0.00ns)   --->   "%br_ln33 = br void %arrayidx1215.exit" [conv.cpp:33]   --->   Operation 183 'br' 'br_ln33' <Predicate = (!icmp_ln28 & select_ln28 == 2)> <Delay = 0.00>
ST_1 : Operation 184 [1/1] (0.00ns)   --->   "%local_output_1_addr = getelementptr i32 %local_output_1, i64 0, i64 %zext_ln28" [conv.cpp:28]   --->   Operation 184 'getelementptr' 'local_output_1_addr' <Predicate = (!icmp_ln28 & select_ln28 == 1)> <Delay = 0.00>
ST_1 : Operation 185 [1/1] (3.25ns)   --->   "%store_ln33 = store i32 %bias_read, i6 %local_output_1_addr" [conv.cpp:33]   --->   Operation 185 'store' 'store_ln33' <Predicate = (!icmp_ln28 & select_ln28 == 1)> <Delay = 3.25> <CoreInst = "RAM">   --->   Core 82 'RAM' <Latency = 1> <II = 1> <Delay = 3.25> <Storage> <Opcode : 'load' 'store'> <Ports = 2> <Width = 32> <Depth = 55> <RAM>
ST_1 : Operation 186 [1/1] (0.00ns)   --->   "%br_ln33 = br void %arrayidx1215.exit" [conv.cpp:33]   --->   Operation 186 'br' 'br_ln33' <Predicate = (!icmp_ln28 & select_ln28 == 1)> <Delay = 0.00>
ST_1 : Operation 187 [1/1] (0.00ns)   --->   "%local_output_addr = getelementptr i32 %local_output, i64 0, i64 %zext_ln28" [conv.cpp:28]   --->   Operation 187 'getelementptr' 'local_output_addr' <Predicate = (!icmp_ln28 & select_ln28 == 0)> <Delay = 0.00>
ST_1 : Operation 188 [1/1] (3.25ns)   --->   "%store_ln33 = store i32 %bias_read, i6 %local_output_addr" [conv.cpp:33]   --->   Operation 188 'store' 'store_ln33' <Predicate = (!icmp_ln28 & select_ln28 == 0)> <Delay = 3.25> <CoreInst = "RAM">   --->   Core 82 'RAM' <Latency = 1> <II = 1> <Delay = 3.25> <Storage> <Opcode : 'load' 'store'> <Ports = 2> <Width = 32> <Depth = 55> <RAM>
ST_1 : Operation 189 [1/1] (0.00ns)   --->   "%br_ln33 = br void %arrayidx1215.exit" [conv.cpp:33]   --->   Operation 189 'br' 'br_ln33' <Predicate = (!icmp_ln28 & select_ln28 == 0)> <Delay = 0.00>
ST_1 : Operation 190 [1/1] (0.00ns)   --->   "%local_output_54_addr = getelementptr i32 %local_output_54, i64 0, i64 %zext_ln28" [conv.cpp:28]   --->   Operation 190 'getelementptr' 'local_output_54_addr' <Predicate = (!icmp_ln28 & select_ln28 == 63) | (!icmp_ln28 & select_ln28 == 62) | (!icmp_ln28 & select_ln28 == 61) | (!icmp_ln28 & select_ln28 == 60) | (!icmp_ln28 & select_ln28 == 59) | (!icmp_ln28 & select_ln28 == 58) | (!icmp_ln28 & select_ln28 == 57) | (!icmp_ln28 & select_ln28 == 56) | (!icmp_ln28 & select_ln28 == 55) | (!icmp_ln28 & select_ln28 == 54)> <Delay = 0.00>
ST_1 : Operation 191 [1/1] (3.25ns)   --->   "%store_ln33 = store i32 %bias_read, i6 %local_output_54_addr" [conv.cpp:33]   --->   Operation 191 'store' 'store_ln33' <Predicate = (!icmp_ln28 & select_ln28 == 63) | (!icmp_ln28 & select_ln28 == 62) | (!icmp_ln28 & select_ln28 == 61) | (!icmp_ln28 & select_ln28 == 60) | (!icmp_ln28 & select_ln28 == 59) | (!icmp_ln28 & select_ln28 == 58) | (!icmp_ln28 & select_ln28 == 57) | (!icmp_ln28 & select_ln28 == 56) | (!icmp_ln28 & select_ln28 == 55) | (!icmp_ln28 & select_ln28 == 54)> <Delay = 3.25> <CoreInst = "RAM">   --->   Core 82 'RAM' <Latency = 1> <II = 1> <Delay = 3.25> <Storage> <Opcode : 'load' 'store'> <Ports = 2> <Width = 32> <Depth = 55> <RAM>
ST_1 : Operation 192 [1/1] (0.00ns)   --->   "%br_ln33 = br void %arrayidx1215.exit" [conv.cpp:33]   --->   Operation 192 'br' 'br_ln33' <Predicate = (!icmp_ln28 & select_ln28 == 63) | (!icmp_ln28 & select_ln28 == 62) | (!icmp_ln28 & select_ln28 == 61) | (!icmp_ln28 & select_ln28 == 60) | (!icmp_ln28 & select_ln28 == 59) | (!icmp_ln28 & select_ln28 == 58) | (!icmp_ln28 & select_ln28 == 57) | (!icmp_ln28 & select_ln28 == 56) | (!icmp_ln28 & select_ln28 == 55) | (!icmp_ln28 & select_ln28 == 54)> <Delay = 0.00>
ST_1 : Operation 193 [1/1] (1.82ns)   --->   "%add_ln30 = add i6 %select_ln28, i6 1" [conv.cpp:30]   --->   Operation 193 'add' 'add_ln30' <Predicate = (!icmp_ln28)> <Delay = 1.82> <CoreInst = "Adder">   --->   Core 1 'Adder' <Latency = 0> <II = 1> <Delay = 1.82> <FuncUnit> <Opcode : 'add' 'sub'> <InPorts = 2> <OutPorts = 1>
ST_1 : Operation 194 [1/1] (1.58ns)   --->   "%store_ln30 = store i12 %add_ln28, i12 %indvar_flatten" [conv.cpp:30]   --->   Operation 194 'store' 'store_ln30' <Predicate = (!icmp_ln28)> <Delay = 1.58>
ST_1 : Operation 195 [1/1] (1.58ns)   --->   "%store_ln30 = store i6 %select_ln28_1, i6 %out_r" [conv.cpp:30]   --->   Operation 195 'store' 'store_ln30' <Predicate = (!icmp_ln28)> <Delay = 1.58>
ST_1 : Operation 196 [1/1] (1.58ns)   --->   "%store_ln30 = store i6 %add_ln30, i6 %out_c" [conv.cpp:30]   --->   Operation 196 'store' 'store_ln30' <Predicate = (!icmp_ln28)> <Delay = 1.58>
ST_1 : Operation 197 [1/1] (0.00ns)   --->   "%br_ln30 = br void %for.inc" [conv.cpp:30]   --->   Operation 197 'br' 'br_ln30' <Predicate = (!icmp_ln28)> <Delay = 0.00>
ST_1 : Operation 198 [1/1] (0.00ns)   --->   "%ret_ln0 = ret"   --->   Operation 198 'ret' 'ret_ln0' <Predicate = (icmp_ln28)> <Delay = 0.00>


============================================================
+ Verbose Summary: Timing violations
============================================================
Target clock period: 10ns, clock uncertainty: 2.7ns.

 <State 1>: 6.85ns
The critical path consists of the following:
	'alloca' operation ('out_r') [58]  (0 ns)
	'load' operation ('out_r_load', conv.cpp:28) on local variable 'out_r' [72]  (0 ns)
	'add' operation ('add_ln28_1', conv.cpp:28) [77]  (1.83 ns)
	'select' operation ('select_ln28_1', conv.cpp:28) [78]  (1.19 ns)
	'getelementptr' operation ('local_output_4_addr', conv.cpp:28) [280]  (0 ns)
	'store' operation ('store_ln33', conv.cpp:33) of variable 'bias_read' on array 'local_output_4' [281]  (3.25 ns)
	blocking operation 0.58 ns on control path)


============================================================
+ Verbose Summary: Binding
============================================================
N/A
* FSMD analyzer results:
  - Output states:
 - Input state : 
  - Chain level:
	State 1


============================================================
+ Verbose Summary: Datapath Resource usage 
============================================================
N/A
