

================================================================
== Vitis HLS Report for 'conv_Pipeline_VITIS_LOOP_50_7_VITIS_LOOP_52_8'
================================================================
* Date:           Wed Oct  7 20:05:47 2026

* Version:        2022.2 (Build 3670227 on Oct 13 2022)
* Project:        vitis.prj
* Solution:       solution1 (Vivado IP Flow Target)
* Product family: zynq
* Target device:  xc7z020-clg400-1


================================================================
== Performance Estimates
================================================================
+ Timing: 
    * Summary: 
    +--------+----------+----------+------------+
    |  Clock |  Target  | Estimated| Uncertainty|
    +--------+----------+----------+------------+
    |ap_clk  |  10.00 ns|  7.300 ns|     2.70 ns|
    +--------+----------+----------+------------+

+ Latency: 
    * Summary: 
    +---------+---------+----------+----------+-----+-----+---------+
    |  Latency (cycles) |  Latency (absolute) |  Interval | Pipeline|
    |   min   |   max   |    min   |    max   | min | max |   Type  |
    +---------+---------+----------+----------+-----+-----+---------+
    |      124|      124|  1.240 us|  1.240 us|  124|  124|       no|
    +---------+---------+----------+----------+-----+-----+---------+

    + Detail: 
        * Instance: 
        N/A

        * Loop: 
        +-----------------------------------+---------+---------+----------+-----------+-----------+------+----------+
        |                                   |  Latency (cycles) | Iteration|  Initiation Interval  | Trip |          |
        |             Loop Name             |   min   |   max   |  Latency |  achieved |   target  | Count| Pipelined|
        +-----------------------------------+---------+---------+----------+-----------+-----------+------+----------+
        |- VITIS_LOOP_50_7_VITIS_LOOP_52_8  |      122|      122|         3|          1|          1|   121|       yes|
        +-----------------------------------+---------+---------+----------+-----------+-----------+------+----------+

============================================================
+ Verbose Summary: Synthesis Manager
============================================================
InlineROM: 1
ExposeGlobal: 0
============================================================
+ Verbose Summary: CDFG Model
============================================================
IsTopModel: 0
ResetActiveHigh: 1
IsCombinational: 0
IsDatapathOnly: 0
HasWiredReturn: 1
HasMFsm: 2
HasVarLatency: 1
IsPipeline: 0
IsRtlPipelined: 0
IsInstanceOverlapped: 0
IsDontTouch: 0
HasImplIP: 0
IsGatedGlobalClock: 0

+ Individual pipeline summary: 
  * Pipeline-0: initiation interval (II) = 1, depth = 3


============================================================
+ Verbose Summary: Schedule
============================================================
* Number of FSM states : 3
* Pipeline : 1
  Pipeline-0 : II = 1, D = 3, States = { 1 2 3 }
* Dataflow Pipeline: 0

* FSM state transitions: 
1 --> 2 
2 --> 3 
3 --> 

* FSM state operations: 

State 1 <SV = 0> <Delay = 3.45>
ST_1 : Operation 6 [1/1] (0.00ns)   --->   "%kc = alloca i32 1"   --->   Operation 6 'alloca' 'kc' <Predicate = true> <Delay = 0.00>
ST_1 : Operation 7 [1/1] (0.00ns)   --->   "%kr = alloca i32 1"   --->   Operation 7 'alloca' 'kr' <Predicate = true> <Delay = 0.00>
ST_1 : Operation 8 [1/1] (0.00ns)   --->   "%indvar_flatten306 = alloca i32 1"   --->   Operation 8 'alloca' 'indvar_flatten306' <Predicate = true> <Delay = 0.00>
ST_1 : Operation 9 [1/1] (0.00ns)   --->   "%sext_ln37_1_read = read i62 @_ssdm_op_Read.ap_auto.i62, i62 %sext_ln37_1"   --->   Operation 9 'read' 'sext_ln37_1_read' <Predicate = true> <Delay = 0.00>
ST_1 : Operation 10 [1/1] (0.00ns)   --->   "%sext_ln37_1_cast = sext i62 %sext_ln37_1_read"   --->   Operation 10 'sext' 'sext_ln37_1_cast' <Predicate = true> <Delay = 0.00>
ST_1 : Operation 11 [1/1] (0.00ns)   --->   "%specinterface_ln0 = specinterface void @_ssdm_op_SpecInterface, i32 %mem2, void @empty_2, i32 0, i32 0, void @empty_3, i32 64, i32 0, void @empty_6, void @empty_5, void @empty_3, i32 16, i32 16, i32 16, i32 16, void @empty_3, void @empty_3, i32 4294967295, i32 0"   --->   Operation 11 'specinterface' 'specinterface_ln0' <Predicate = true> <Delay = 0.00>
ST_1 : Operation 12 [1/1] (1.58ns)   --->   "%store_ln0 = store i7 0, i7 %indvar_flatten306"   --->   Operation 12 'store' 'store_ln0' <Predicate = true> <Delay = 1.58>
ST_1 : Operation 13 [1/1] (1.58ns)   --->   "%store_ln0 = store i4 0, i4 %kr"   --->   Operation 13 'store' 'store_ln0' <Predicate = true> <Delay = 1.58>
ST_1 : Operation 14 [1/1] (1.58ns)   --->   "%store_ln0 = store i4 0, i4 %kc"   --->   Operation 14 'store' 'store_ln0' <Predicate = true> <Delay = 1.58>
ST_1 : Operation 15 [1/1] (0.00ns)   --->   "%br_ln0 = br void %for.inc64"   --->   Operation 15 'br' 'br_ln0' <Predicate = true> <Delay = 0.00>
ST_1 : Operation 16 [1/1] (0.00ns)   --->   "%indvar_flatten306_load = load i7 %indvar_flatten306" [conv.cpp:50]   --->   Operation 16 'load' 'indvar_flatten306_load' <Predicate = true> <Delay = 0.00>
ST_1 : Operation 17 [1/1] (1.48ns)   --->   "%icmp_ln50 = icmp_eq  i7 %indvar_flatten306_load, i7 121" [conv.cpp:50]   --->   Operation 17 'icmp' 'icmp_ln50' <Predicate = true> <Delay = 1.48> <CoreInst = "Cmp">   --->   Core 9 'Cmp' <Latency = 0> <II = 1> <Delay = 1.48> <FuncUnit> <Opcode : 'icmp'> <InPorts = 2> <OutPorts = 1>
ST_1 : Operation 18 [1/1] (1.87ns)   --->   "%add_ln50 = add i7 %indvar_flatten306_load, i7 1" [conv.cpp:50]   --->   Operation 18 'add' 'add_ln50' <Predicate = true> <Delay = 1.87> <CoreInst = "Adder">   --->   Core 1 'Adder' <Latency = 0> <II = 1> <Delay = 1.87> <FuncUnit> <Opcode : 'add' 'sub'> <InPorts = 2> <OutPorts = 1>
ST_1 : Operation 19 [1/1] (0.00ns)   --->   "%br_ln50 = br i1 %icmp_ln50, void %for.inc67, void %VITIS_LOOP_61_10.preheader.exitStub" [conv.cpp:50]   --->   Operation 19 'br' 'br_ln50' <Predicate = true> <Delay = 0.00>
ST_1 : Operation 20 [1/1] (1.58ns)   --->   "%store_ln52 = store i7 %add_ln50, i7 %indvar_flatten306" [conv.cpp:52]   --->   Operation 20 'store' 'store_ln52' <Predicate = (!icmp_ln50)> <Delay = 1.58>

State 2 <SV = 1> <Delay = 7.30>
ST_2 : Operation 21 [1/1] (0.00ns)   --->   "%specbitsmap_ln0 = specbitsmap void @_ssdm_op_SpecBitsMap, i32 %mem2"   --->   Operation 21 'specbitsmap' 'specbitsmap_ln0' <Predicate = true> <Delay = 0.00>
ST_2 : Operation 22 [1/1] (0.00ns)   --->   "%mem2_addr = getelementptr i32 %mem2, i64 %sext_ln37_1_cast" [conv.cpp:37]   --->   Operation 22 'getelementptr' 'mem2_addr' <Predicate = true> <Delay = 0.00>
ST_2 : Operation 23 [1/1] (7.30ns)   --->   "%mem2_addr_read = read i32 @_ssdm_op_Read.m_axi.p1i32, i32 %mem2_addr" [conv.cpp:55]   --->   Operation 23 'read' 'mem2_addr_read' <Predicate = (!icmp_ln50)> <Delay = 7.30> <CoreInst = "m_axi">   --->   Core 113 'm_axi' <Latency = 0> <II = 1> <Delay = 1.00> <Adapter> <Opcode : 'read' 'write' 'readreq' 'writereq' 'writeresp'>
ST_2 : Operation 74 [1/1] (0.00ns)   --->   "%ret_ln0 = ret"   --->   Operation 74 'ret' 'ret_ln0' <Predicate = (icmp_ln50)> <Delay = 0.00>

State 3 <SV = 2> <Delay = 5.64>
ST_3 : Operation 24 [1/1] (0.00ns)   --->   "%kc_load = load i4 %kc" [conv.cpp:52]   --->   Operation 24 'load' 'kc_load' <Predicate = true> <Delay = 0.00>
ST_3 : Operation 25 [1/1] (0.00ns)   --->   "%kr_load = load i4 %kr" [conv.cpp:50]   --->   Operation 25 'load' 'kr_load' <Predicate = true> <Delay = 0.00>
ST_3 : Operation 26 [1/1] (0.00ns)   --->   "%specloopname_ln0 = specloopname void @_ssdm_op_SpecLoopName, void @VITIS_LOOP_50_7_VITIS_LOOP_52_8_str"   --->   Operation 26 'specloopname' 'specloopname_ln0' <Predicate = true> <Delay = 0.00>
ST_3 : Operation 27 [1/1] (0.00ns)   --->   "%empty = speclooptripcount i32 @_ssdm_op_SpecLoopTripCount, i64 121, i64 121, i64 121"   --->   Operation 27 'speclooptripcount' 'empty' <Predicate = true> <Delay = 0.00>
ST_3 : Operation 28 [1/1] (1.30ns)   --->   "%icmp_ln52 = icmp_eq  i4 %kc_load, i4 11" [conv.cpp:52]   --->   Operation 28 'icmp' 'icmp_ln52' <Predicate = true> <Delay = 1.30> <CoreInst = "Cmp">   --->   Core 9 'Cmp' <Latency = 0> <II = 1> <Delay = 1.30> <FuncUnit> <Opcode : 'icmp'> <InPorts = 2> <OutPorts = 1>
ST_3 : Operation 29 [1/1] (1.02ns)   --->   "%select_ln50 = select i1 %icmp_ln52, i4 0, i4 %kc_load" [conv.cpp:50]   --->   Operation 29 'select' 'select_ln50' <Predicate = true> <Delay = 1.02> <CoreInst = "Sel">   --->   Core 73 'Sel' <Latency = 0> <II = 1> <Delay = 1.02> <FuncUnit> <Opcode : 'select'> <InPorts = 3> <OutPorts = 1>
ST_3 : Operation 30 [1/1] (1.73ns)   --->   "%add_ln50_1 = add i4 %kr_load, i4 1" [conv.cpp:50]   --->   Operation 30 'add' 'add_ln50_1' <Predicate = true> <Delay = 1.73> <CoreInst = "Adder">   --->   Core 1 'Adder' <Latency = 0> <II = 1> <Delay = 1.73> <FuncUnit> <Opcode : 'add' 'sub'> <InPorts = 2> <OutPorts = 1>
ST_3 : Operation 31 [1/1] (1.02ns)   --->   "%select_ln50_1 = select i1 %icmp_ln52, i4 %add_ln50_1, i4 %kr_load" [conv.cpp:50]   --->   Operation 31 'select' 'select_ln50_1' <Predicate = true> <Delay = 1.02> <CoreInst = "Sel">   --->   Core 73 'Sel' <Latency = 0> <II = 1> <Delay = 1.02> <FuncUnit> <Opcode : 'select'> <InPorts = 3> <OutPorts = 1>
ST_3 : Operation 32 [1/1] (0.00ns)   --->   "%zext_ln50 = zext i4 %select_ln50_1" [conv.cpp:50]   --->   Operation 32 'zext' 'zext_ln50' <Predicate = true> <Delay = 0.00>
ST_3 : Operation 33 [1/1] (0.00ns)   --->   "%specpipeline_ln54 = specpipeline void @_ssdm_op_SpecPipeline, i32 1, i32 0, i32 0, i32 0, void @empty_3" [conv.cpp:54]   --->   Operation 33 'specpipeline' 'specpipeline_ln54' <Predicate = true> <Delay = 0.00>
ST_3 : Operation 34 [1/1] (0.00ns)   --->   "%specloopname_ln52 = specloopname void @_ssdm_op_SpecLoopName, void @empty_13" [conv.cpp:52]   --->   Operation 34 'specloopname' 'specloopname_ln52' <Predicate = true> <Delay = 0.00>
ST_3 : Operation 35 [1/1] (0.00ns)   --->   "%bitcast_ln55 = bitcast i32 %mem2_addr_read" [conv.cpp:55]   --->   Operation 35 'bitcast' 'bitcast_ln55' <Predicate = true> <Delay = 0.00>
ST_3 : Operation 36 [1/1] (0.95ns)   --->   "%switch_ln55 = switch i4 %select_ln50, void %arrayidx6311.case.10, i4 0, void %arrayidx6311.case.0, i4 1, void %arrayidx6311.case.1, i4 2, void %arrayidx6311.case.2, i4 3, void %arrayidx6311.case.3, i4 4, void %arrayidx6311.case.4, i4 5, void %arrayidx6311.case.5, i4 6, void %arrayidx6311.case.6, i4 7, void %arrayidx6311.case.7, i4 8, void %arrayidx6311.case.8, i4 9, void %arrayidx6311.case.9" [conv.cpp:55]   --->   Operation 36 'switch' 'switch_ln55' <Predicate = true> <Delay = 0.95>
ST_3 : Operation 37 [1/1] (0.00ns)   --->   "%local_weights_9_addr = getelementptr i32 %local_weights_9, i64 0, i64 %zext_ln50" [conv.cpp:50]   --->   Operation 37 'getelementptr' 'local_weights_9_addr' <Predicate = (select_ln50 == 9)> <Delay = 0.00>
ST_3 : Operation 38 [1/1] (2.32ns)   --->   "%store_ln55 = store i32 %bitcast_ln55, i4 %local_weights_9_addr" [conv.cpp:55]   --->   Operation 38 'store' 'store_ln55' <Predicate = (select_ln50 == 9)> <Delay = 2.32> <CoreInst = "RAM">   --->   Core 82 'RAM' <Latency = 1> <II = 1> <Delay = 2.32> <Storage> <Opcode : 'load' 'store'> <Ports = 2> <Width = 32> <Depth = 11> <RAM>
ST_3 : Operation 39 [1/1] (0.00ns)   --->   "%br_ln55 = br void %arrayidx6311.exit" [conv.cpp:55]   --->   Operation 39 'br' 'br_ln55' <Predicate = (select_ln50 == 9)> <Delay = 0.00>
ST_3 : Operation 40 [1/1] (0.00ns)   --->   "%local_weights_8_addr = getelementptr i32 %local_weights_8, i64 0, i64 %zext_ln50" [conv.cpp:50]   --->   Operation 40 'getelementptr' 'local_weights_8_addr' <Predicate = (select_ln50 == 8)> <Delay = 0.00>
ST_3 : Operation 41 [1/1] (2.32ns)   --->   "%store_ln55 = store i32 %bitcast_ln55, i4 %local_weights_8_addr" [conv.cpp:55]   --->   Operation 41 'store' 'store_ln55' <Predicate = (select_ln50 == 8)> <Delay = 2.32> <CoreInst = "RAM">   --->   Core 82 'RAM' <Latency = 1> <II = 1> <Delay = 2.32> <Storage> <Opcode : 'load' 'store'> <Ports = 2> <Width = 32> <Depth = 11> <RAM>
ST_3 : Operation 42 [1/1] (0.00ns)   --->   "%br_ln55 = br void %arrayidx6311.exit" [conv.cpp:55]   --->   Operation 42 'br' 'br_ln55' <Predicate = (select_ln50 == 8)> <Delay = 0.00>
ST_3 : Operation 43 [1/1] (0.00ns)   --->   "%local_weights_7_addr = getelementptr i32 %local_weights_7, i64 0, i64 %zext_ln50" [conv.cpp:50]   --->   Operation 43 'getelementptr' 'local_weights_7_addr' <Predicate = (select_ln50 == 7)> <Delay = 0.00>
ST_3 : Operation 44 [1/1] (2.32ns)   --->   "%store_ln55 = store i32 %bitcast_ln55, i4 %local_weights_7_addr" [conv.cpp:55]   --->   Operation 44 'store' 'store_ln55' <Predicate = (select_ln50 == 7)> <Delay = 2.32> <CoreInst = "RAM">   --->   Core 82 'RAM' <Latency = 1> <II = 1> <Delay = 2.32> <Storage> <Opcode : 'load' 'store'> <Ports = 2> <Width = 32> <Depth = 11> <RAM>
ST_3 : Operation 45 [1/1] (0.00ns)   --->   "%br_ln55 = br void %arrayidx6311.exit" [conv.cpp:55]   --->   Operation 45 'br' 'br_ln55' <Predicate = (select_ln50 == 7)> <Delay = 0.00>
ST_3 : Operation 46 [1/1] (0.00ns)   --->   "%local_weights_6_addr = getelementptr i32 %local_weights_6, i64 0, i64 %zext_ln50" [conv.cpp:50]   --->   Operation 46 'getelementptr' 'local_weights_6_addr' <Predicate = (select_ln50 == 6)> <Delay = 0.00>
ST_3 : Operation 47 [1/1] (2.32ns)   --->   "%store_ln55 = store i32 %bitcast_ln55, i4 %local_weights_6_addr" [conv.cpp:55]   --->   Operation 47 'store' 'store_ln55' <Predicate = (select_ln50 == 6)> <Delay = 2.32> <CoreInst = "RAM">   --->   Core 82 'RAM' <Latency = 1> <II = 1> <Delay = 2.32> <Storage> <Opcode : 'load' 'store'> <Ports = 2> <Width = 32> <Depth = 11> <RAM>
ST_3 : Operation 48 [1/1] (0.00ns)   --->   "%br_ln55 = br void %arrayidx6311.exit" [conv.cpp:55]   --->   Operation 48 'br' 'br_ln55' <Predicate = (select_ln50 == 6)> <Delay = 0.00>
ST_3 : Operation 49 [1/1] (0.00ns)   --->   "%local_weights_5_addr = getelementptr i32 %local_weights_5, i64 0, i64 %zext_ln50" [conv.cpp:50]   --->   Operation 49 'getelementptr' 'local_weights_5_addr' <Predicate = (select_ln50 == 5)> <Delay = 0.00>
ST_3 : Operation 50 [1/1] (2.32ns)   --->   "%store_ln55 = store i32 %bitcast_ln55, i4 %local_weights_5_addr" [conv.cpp:55]   --->   Operation 50 'store' 'store_ln55' <Predicate = (select_ln50 == 5)> <Delay = 2.32> <CoreInst = "RAM">   --->   Core 82 'RAM' <Latency = 1> <II = 1> <Delay = 2.32> <Storage> <Opcode : 'load' 'store'> <Ports = 2> <Width = 32> <Depth = 11> <RAM>
ST_3 : Operation 51 [1/1] (0.00ns)   --->   "%br_ln55 = br void %arrayidx6311.exit" [conv.cpp:55]   --->   Operation 51 'br' 'br_ln55' <Predicate = (select_ln50 == 5)> <Delay = 0.00>
ST_3 : Operation 52 [1/1] (0.00ns)   --->   "%local_weights_4_addr = getelementptr i32 %local_weights_4, i64 0, i64 %zext_ln50" [conv.cpp:50]   --->   Operation 52 'getelementptr' 'local_weights_4_addr' <Predicate = (select_ln50 == 4)> <Delay = 0.00>
ST_3 : Operation 53 [1/1] (2.32ns)   --->   "%store_ln55 = store i32 %bitcast_ln55, i4 %local_weights_4_addr" [conv.cpp:55]   --->   Operation 53 'store' 'store_ln55' <Predicate = (select_ln50 == 4)> <Delay = 2.32> <CoreInst = "RAM">   --->   Core 82 'RAM' <Latency = 1> <II = 1> <Delay = 2.32> <Storage> <Opcode : 'load' 'store'> <Ports = 2> <Width = 32> <Depth = 11> <RAM>
ST_3 : Operation 54 [1/1] (0.00ns)   --->   "%br_ln55 = br void %arrayidx6311.exit" [conv.cpp:55]   --->   Operation 54 'br' 'br_ln55' <Predicate = (select_ln50 == 4)> <Delay = 0.00>
ST_3 : Operation 55 [1/1] (0.00ns)   --->   "%local_weights_3_addr = getelementptr i32 %local_weights_3, i64 0, i64 %zext_ln50" [conv.cpp:50]   --->   Operation 55 'getelementptr' 'local_weights_3_addr' <Predicate = (select_ln50 == 3)> <Delay = 0.00>
ST_3 : Operation 56 [1/1] (2.32ns)   --->   "%store_ln55 = store i32 %bitcast_ln55, i4 %local_weights_3_addr" [conv.cpp:55]   --->   Operation 56 'store' 'store_ln55' <Predicate = (select_ln50 == 3)> <Delay = 2.32> <CoreInst = "RAM">   --->   Core 82 'RAM' <Latency = 1> <II = 1> <Delay = 2.32> <Storage> <Opcode : 'load' 'store'> <Ports = 2> <Width = 32> <Depth = 11> <RAM>
ST_3 : Operation 57 [1/1] (0.00ns)   --->   "%br_ln55 = br void %arrayidx6311.exit" [conv.cpp:55]   --->   Operation 57 'br' 'br_ln55' <Predicate = (select_ln50 == 3)> <Delay = 0.00>
ST_3 : Operation 58 [1/1] (0.00ns)   --->   "%local_weights_2_addr = getelementptr i32 %local_weights_2, i64 0, i64 %zext_ln50" [conv.cpp:50]   --->   Operation 58 'getelementptr' 'local_weights_2_addr' <Predicate = (select_ln50 == 2)> <Delay = 0.00>
ST_3 : Operation 59 [1/1] (2.32ns)   --->   "%store_ln55 = store i32 %bitcast_ln55, i4 %local_weights_2_addr" [conv.cpp:55]   --->   Operation 59 'store' 'store_ln55' <Predicate = (select_ln50 == 2)> <Delay = 2.32> <CoreInst = "RAM">   --->   Core 82 'RAM' <Latency = 1> <II = 1> <Delay = 2.32> <Storage> <Opcode : 'load' 'store'> <Ports = 2> <Width = 32> <Depth = 11> <RAM>
ST_3 : Operation 60 [1/1] (0.00ns)   --->   "%br_ln55 = br void %arrayidx6311.exit" [conv.cpp:55]   --->   Operation 60 'br' 'br_ln55' <Predicate = (select_ln50 == 2)> <Delay = 0.00>
ST_3 : Operation 61 [1/1] (0.00ns)   --->   "%local_weights_1_addr = getelementptr i32 %local_weights_1, i64 0, i64 %zext_ln50" [conv.cpp:50]   --->   Operation 61 'getelementptr' 'local_weights_1_addr' <Predicate = (select_ln50 == 1)> <Delay = 0.00>
ST_3 : Operation 62 [1/1] (2.32ns)   --->   "%store_ln55 = store i32 %bitcast_ln55, i4 %local_weights_1_addr" [conv.cpp:55]   --->   Operation 62 'store' 'store_ln55' <Predicate = (select_ln50 == 1)> <Delay = 2.32> <CoreInst = "RAM">   --->   Core 82 'RAM' <Latency = 1> <II = 1> <Delay = 2.32> <Storage> <Opcode : 'load' 'store'> <Ports = 2> <Width = 32> <Depth = 11> <RAM>
ST_3 : Operation 63 [1/1] (0.00ns)   --->   "%br_ln55 = br void %arrayidx6311.exit" [conv.cpp:55]   --->   Operation 63 'br' 'br_ln55' <Predicate = (select_ln50 == 1)> <Delay = 0.00>
ST_3 : Operation 64 [1/1] (0.00ns)   --->   "%local_weights_addr = getelementptr i32 %local_weights, i64 0, i64 %zext_ln50" [conv.cpp:50]   --->   Operation 64 'getelementptr' 'local_weights_addr' <Predicate = (select_ln50 == 0)> <Delay = 0.00>
ST_3 : Operation 65 [1/1] (2.32ns)   --->   "%store_ln55 = store i32 %bitcast_ln55, i4 %local_weights_addr" [conv.cpp:55]   --->   Operation 65 'store' 'store_ln55' <Predicate = (select_ln50 == 0)> <Delay = 2.32> <CoreInst = "RAM">   --->   Core 82 'RAM' <Latency = 1> <II = 1> <Delay = 2.32> <Storage> <Opcode : 'load' 'store'> <Ports = 2> <Width = 32> <Depth = 11> <RAM>
ST_3 : Operation 66 [1/1] (0.00ns)   --->   "%br_ln55 = br void %arrayidx6311.exit" [conv.cpp:55]   --->   Operation 66 'br' 'br_ln55' <Predicate = (select_ln50 == 0)> <Delay = 0.00>
ST_3 : Operation 67 [1/1] (0.00ns)   --->   "%local_weights_10_addr = getelementptr i32 %local_weights_10, i64 0, i64 %zext_ln50" [conv.cpp:50]   --->   Operation 67 'getelementptr' 'local_weights_10_addr' <Predicate = (select_ln50 == 15) | (select_ln50 == 14) | (select_ln50 == 13) | (select_ln50 == 12) | (select_ln50 == 11) | (select_ln50 == 10)> <Delay = 0.00>
ST_3 : Operation 68 [1/1] (2.32ns)   --->   "%store_ln55 = store i32 %bitcast_ln55, i4 %local_weights_10_addr" [conv.cpp:55]   --->   Operation 68 'store' 'store_ln55' <Predicate = (select_ln50 == 15) | (select_ln50 == 14) | (select_ln50 == 13) | (select_ln50 == 12) | (select_ln50 == 11) | (select_ln50 == 10)> <Delay = 2.32> <CoreInst = "RAM">   --->   Core 82 'RAM' <Latency = 1> <II = 1> <Delay = 2.32> <Storage> <Opcode : 'load' 'store'> <Ports = 2> <Width = 32> <Depth = 11> <RAM>
ST_3 : Operation 69 [1/1] (0.00ns)   --->   "%br_ln55 = br void %arrayidx6311.exit" [conv.cpp:55]   --->   Operation 69 'br' 'br_ln55' <Predicate = (select_ln50 == 15) | (select_ln50 == 14) | (select_ln50 == 13) | (select_ln50 == 12) | (select_ln50 == 11) | (select_ln50 == 10)> <Delay = 0.00>
ST_3 : Operation 70 [1/1] (1.73ns)   --->   "%add_ln52 = add i4 %select_ln50, i4 1" [conv.cpp:52]   --->   Operation 70 'add' 'add_ln52' <Predicate = true> <Delay = 1.73> <CoreInst = "Adder">   --->   Core 1 'Adder' <Latency = 0> <II = 1> <Delay = 1.73> <FuncUnit> <Opcode : 'add' 'sub'> <InPorts = 2> <OutPorts = 1>
ST_3 : Operation 71 [1/1] (1.58ns)   --->   "%store_ln52 = store i4 %select_ln50_1, i4 %kr" [conv.cpp:52]   --->   Operation 71 'store' 'store_ln52' <Predicate = true> <Delay = 1.58>
ST_3 : Operation 72 [1/1] (1.58ns)   --->   "%store_ln52 = store i4 %add_ln52, i4 %kc" [conv.cpp:52]   --->   Operation 72 'store' 'store_ln52' <Predicate = true> <Delay = 1.58>
ST_3 : Operation 73 [1/1] (0.00ns)   --->   "%br_ln52 = br void %for.inc64" [conv.cpp:52]   --->   Operation 73 'br' 'br_ln52' <Predicate = true> <Delay = 0.00>


============================================================
+ Verbose Summary: Timing violations
============================================================
Target clock period: 10ns, clock uncertainty: 2.7ns.

 <State 1>: 3.46ns
The critical path consists of the following:
	'alloca' operation ('indvar_flatten306') [16]  (0 ns)
	'load' operation ('indvar_flatten306_load', conv.cpp:50) on local variable 'indvar_flatten306' [25]  (0 ns)
	'add' operation ('add_ln50', conv.cpp:50) [29]  (1.87 ns)
	'store' operation ('store_ln52', conv.cpp:52) of variable 'add_ln50', conv.cpp:50 on local variable 'indvar_flatten306' [92]  (1.59 ns)

 <State 2>: 7.3ns
The critical path consists of the following:
	'getelementptr' operation ('mem2_addr', conv.cpp:37) [27]  (0 ns)
	bus read operation ('mem2_addr_read', conv.cpp:55) on port 'mem2' (conv.cpp:55) [43]  (7.3 ns)

 <State 3>: 5.65ns
The critical path consists of the following:
	'load' operation ('kc_load', conv.cpp:52) on local variable 'kc' [32]  (0 ns)
	'icmp' operation ('icmp_ln52', conv.cpp:52) [36]  (1.3 ns)
	'select' operation ('select_ln50', conv.cpp:50) [37]  (1.02 ns)
	'add' operation ('add_ln52', conv.cpp:52) [91]  (1.74 ns)
	'store' operation ('store_ln52', conv.cpp:52) of variable 'add_ln52', conv.cpp:52 on local variable 'kc' [94]  (1.59 ns)


============================================================
+ Verbose Summary: Binding
============================================================
N/A
* FSMD analyzer results:
  - Output states:
 - Input state : 
  - Chain level:
	State 1
	State 2
	State 3


============================================================
+ Verbose Summary: Datapath Resource usage 
============================================================
N/A
