

================================================================
== Vitis HLS Report for 'conv_Pipeline_VITIS_LOOP_18_1_VITIS_LOOP_19_2_VITIS_LOOP_20_3'
================================================================
* Date:           Wed Oct  7 15:22:18 2026

* Version:        2022.2 (Build 3670227 on Oct 13 2022)
* Project:        vitis.prj
* Solution:       solution1 (Vivado IP Flow Target)
* Product family: zynq
* Target device:  xc7z020-clg400-1


================================================================
== Performance Estimates
================================================================
+ Timing: 
    * Summary: 
    +--------+----------+----------+------------+
    |  Clock |  Target  | Estimated| Uncertainty|
    +--------+----------+----------+------------+
    |ap_clk  |  10.00 ns|  7.005 ns|     2.70 ns|
    +--------+----------+----------+------------+

+ Latency: 
    * Summary: 
    +---------+---------+----------+----------+--------+--------+---------+
    |  Latency (cycles) |  Latency (absolute) |     Interval    | Pipeline|
    |   min   |   max   |    min   |    max   |   min  |   max  |   Type  |
    +---------+---------+----------+----------+--------+--------+---------+
    |   193605|   193605|  1.936 ms|  1.936 ms|  193605|  193605|       no|
    +---------+---------+----------+----------+--------+--------+---------+

    + Detail: 
        * Instance: 
        N/A

        * Loop: 
        +---------------------------------------------------+---------+---------+----------+-----------+-----------+--------+----------+
        |                                                   |  Latency (cycles) | Iteration|  Initiation Interval  |  Trip  |          |
        |                     Loop Name                     |   min   |   max   |  Latency |  achieved |   target  |  Count | Pipelined|
        +---------------------------------------------------+---------+---------+----------+-----------+-----------+--------+----------+
        |- VITIS_LOOP_18_1_VITIS_LOOP_19_2_VITIS_LOOP_20_3  |   193603|   193603|         5|          1|          1|  193600|       yes|
        +---------------------------------------------------+---------+---------+----------+-----------+-----------+--------+----------+

============================================================
+ Verbose Summary: Synthesis Manager
============================================================
InlineROM: 1
ExposeGlobal: 0
============================================================
+ Verbose Summary: CDFG Model
============================================================
IsTopModel: 0
ResetActiveHigh: 1
IsCombinational: 0
IsDatapathOnly: 0
HasWiredReturn: 1
HasMFsm: 2
HasVarLatency: 1
IsPipeline: 0
IsRtlPipelined: 0
IsInstanceOverlapped: 0
IsDontTouch: 0
HasImplIP: 0
IsGatedGlobalClock: 0

+ Individual pipeline summary: 
  * Pipeline-0: initiation interval (II) = 1, depth = 6


============================================================
+ Verbose Summary: Schedule
============================================================
* Number of FSM states : 6
* Pipeline : 1
  Pipeline-0 : II = 1, D = 6, States = { 1 2 3 4 5 6 }
* Dataflow Pipeline: 0

* FSM state transitions: 
1 --> 2 
2 --> 3 
3 --> 4 
4 --> 5 
5 --> 6 
6 --> 

* FSM state operations: 

State 1 <SV = 0> <Delay = 1.58>
ST_1 : Operation 8 [1/1] (0.00ns)   --->   "%z = alloca i32 1"   --->   Operation 8 'alloca' 'z' <Predicate = true> <Delay = 0.00>
ST_1 : Operation 9 [1/1] (0.00ns)   --->   "%y = alloca i32 1"   --->   Operation 9 'alloca' 'y' <Predicate = true> <Delay = 0.00>
ST_1 : Operation 10 [1/1] (0.00ns)   --->   "%indvar_flatten = alloca i32 1"   --->   Operation 10 'alloca' 'indvar_flatten' <Predicate = true> <Delay = 0.00>
ST_1 : Operation 11 [1/1] (0.00ns)   --->   "%x = alloca i32 1"   --->   Operation 11 'alloca' 'x' <Predicate = true> <Delay = 0.00>
ST_1 : Operation 12 [1/1] (0.00ns)   --->   "%indvar_flatten14 = alloca i32 1"   --->   Operation 12 'alloca' 'indvar_flatten14' <Predicate = true> <Delay = 0.00>
ST_1 : Operation 13 [1/1] (0.00ns)   --->   "%specinterface_ln0 = specinterface void @_ssdm_op_SpecInterface, i32 %output_fm, void @empty_4, i32 0, i32 0, void @empty, i32 4294967295, i32 0, void @empty, void @empty, void @empty, i32 0, i32 0, i32 0, i32 0, void @empty, void @empty, i32 4294967295, i32 0"   --->   Operation 13 'specinterface' 'specinterface_ln0' <Predicate = true> <Delay = 0.00>
ST_1 : Operation 14 [1/1] (0.00ns)   --->   "%specinterface_ln0 = specinterface void @_ssdm_op_SpecInterface, i32 %biases, void @empty_4, i32 0, i32 0, void @empty, i32 4294967295, i32 0, void @empty, void @empty, void @empty, i32 0, i32 0, i32 0, i32 0, void @empty, void @empty, i32 4294967295, i32 0"   --->   Operation 14 'specinterface' 'specinterface_ln0' <Predicate = true> <Delay = 0.00>
ST_1 : Operation 15 [1/1] (1.58ns)   --->   "%store_ln0 = store i18 0, i18 %indvar_flatten14"   --->   Operation 15 'store' 'store_ln0' <Predicate = true> <Delay = 1.58>
ST_1 : Operation 16 [1/1] (1.58ns)   --->   "%store_ln0 = store i7 0, i7 %x"   --->   Operation 16 'store' 'store_ln0' <Predicate = true> <Delay = 1.58>
ST_1 : Operation 17 [1/1] (1.58ns)   --->   "%store_ln0 = store i12 0, i12 %indvar_flatten"   --->   Operation 17 'store' 'store_ln0' <Predicate = true> <Delay = 1.58>
ST_1 : Operation 18 [1/1] (1.58ns)   --->   "%store_ln0 = store i6 0, i6 %y"   --->   Operation 18 'store' 'store_ln0' <Predicate = true> <Delay = 1.58>
ST_1 : Operation 19 [1/1] (1.58ns)   --->   "%store_ln0 = store i6 0, i6 %z"   --->   Operation 19 'store' 'store_ln0' <Predicate = true> <Delay = 1.58>
ST_1 : Operation 20 [1/1] (0.00ns)   --->   "%br_ln0 = br void %for.inc"   --->   Operation 20 'br' 'br_ln0' <Predicate = true> <Delay = 0.00>

State 2 <SV = 1> <Delay = 4.57>
ST_2 : Operation 21 [1/1] (0.00ns)   --->   "%indvar_flatten14_load = load i18 %indvar_flatten14" [conv.cpp:18]   --->   Operation 21 'load' 'indvar_flatten14_load' <Predicate = true> <Delay = 0.00>
ST_2 : Operation 22 [1/1] (0.00ns)   --->   "%specpipeline_ln0 = specpipeline void @_ssdm_op_SpecPipeline, i32 4294967295, i32 0, i32 1, i32 0, void @p_str"   --->   Operation 22 'specpipeline' 'specpipeline_ln0' <Predicate = true> <Delay = 0.00>
ST_2 : Operation 23 [1/1] (2.43ns)   --->   "%icmp_ln18 = icmp_eq  i18 %indvar_flatten14_load, i18 193600" [conv.cpp:18]   --->   Operation 23 'icmp' 'icmp_ln18' <Predicate = true> <Delay = 2.43> <CoreInst = "Cmp">   --->   Core 9 'Cmp' <Latency = 0> <II = 1> <Delay = 2.43> <FuncUnit> <Opcode : 'icmp'> <InPorts = 2> <OutPorts = 1>
ST_2 : Operation 24 [1/1] (2.13ns)   --->   "%add_ln18_1 = add i18 %indvar_flatten14_load, i18 1" [conv.cpp:18]   --->   Operation 24 'add' 'add_ln18_1' <Predicate = true> <Delay = 2.13> <CoreInst = "Adder">   --->   Core 1 'Adder' <Latency = 0> <II = 1> <Delay = 2.13> <FuncUnit> <Opcode : 'add' 'sub'> <InPorts = 2> <OutPorts = 1>
ST_2 : Operation 25 [1/1] (0.00ns)   --->   "%br_ln18 = br i1 %icmp_ln18, void %for.inc16, void %for.body38.preheader.exitStub" [conv.cpp:18]   --->   Operation 25 'br' 'br_ln18' <Predicate = true> <Delay = 0.00>
ST_2 : Operation 26 [1/1] (0.00ns)   --->   "%indvar_flatten_load = load i12 %indvar_flatten" [conv.cpp:19]   --->   Operation 26 'load' 'indvar_flatten_load' <Predicate = (!icmp_ln18)> <Delay = 0.00>
ST_2 : Operation 27 [1/1] (0.00ns)   --->   "%x_load = load i7 %x" [conv.cpp:18]   --->   Operation 27 'load' 'x_load' <Predicate = (!icmp_ln18)> <Delay = 0.00>
ST_2 : Operation 28 [1/1] (1.87ns)   --->   "%add_ln18 = add i7 %x_load, i7 1" [conv.cpp:18]   --->   Operation 28 'add' 'add_ln18' <Predicate = (!icmp_ln18)> <Delay = 1.87> <CoreInst = "Adder">   --->   Core 1 'Adder' <Latency = 0> <II = 1> <Delay = 1.87> <FuncUnit> <Opcode : 'add' 'sub'> <InPorts = 2> <OutPorts = 1>
ST_2 : Operation 29 [1/1] (1.99ns)   --->   "%icmp_ln19 = icmp_eq  i12 %indvar_flatten_load, i12 3025" [conv.cpp:19]   --->   Operation 29 'icmp' 'icmp_ln19' <Predicate = (!icmp_ln18)> <Delay = 1.99> <CoreInst = "Cmp">   --->   Core 9 'Cmp' <Latency = 0> <II = 1> <Delay = 1.99> <FuncUnit> <Opcode : 'icmp'> <InPorts = 2> <OutPorts = 1>
ST_2 : Operation 30 [1/1] (0.99ns)   --->   "%select_ln18_1 = select i1 %icmp_ln19, i7 %add_ln18, i7 %x_load" [conv.cpp:18]   --->   Operation 30 'select' 'select_ln18_1' <Predicate = (!icmp_ln18)> <Delay = 0.99> <CoreInst = "Sel">   --->   Core 73 'Sel' <Latency = 0> <II = 1> <Delay = 0.99> <FuncUnit> <Opcode : 'select'> <InPorts = 3> <OutPorts = 1>
ST_2 : Operation 31 [1/1] (1.54ns)   --->   "%add_ln19_1 = add i12 %indvar_flatten_load, i12 1" [conv.cpp:19]   --->   Operation 31 'add' 'add_ln19_1' <Predicate = (!icmp_ln18)> <Delay = 1.54> <CoreInst = "Adder">   --->   Core 1 'Adder' <Latency = 0> <II = 1> <Delay = 1.54> <FuncUnit> <Opcode : 'add' 'sub'> <InPorts = 2> <OutPorts = 1>
ST_2 : Operation 32 [1/1] (0.69ns)   --->   "%select_ln19_2 = select i1 %icmp_ln19, i12 1, i12 %add_ln19_1" [conv.cpp:19]   --->   Operation 32 'select' 'select_ln19_2' <Predicate = (!icmp_ln18)> <Delay = 0.69> <CoreInst = "Sel">   --->   Core 73 'Sel' <Latency = 0> <II = 1> <Delay = 0.69> <FuncUnit> <Opcode : 'select'> <InPorts = 3> <OutPorts = 1>
ST_2 : Operation 33 [1/1] (1.58ns)   --->   "%store_ln20 = store i18 %add_ln18_1, i18 %indvar_flatten14" [conv.cpp:20]   --->   Operation 33 'store' 'store_ln20' <Predicate = (!icmp_ln18)> <Delay = 1.58>
ST_2 : Operation 34 [1/1] (1.58ns)   --->   "%store_ln20 = store i7 %select_ln18_1, i7 %x" [conv.cpp:20]   --->   Operation 34 'store' 'store_ln20' <Predicate = (!icmp_ln18)> <Delay = 1.58>
ST_2 : Operation 35 [1/1] (1.58ns)   --->   "%store_ln20 = store i12 %select_ln19_2, i12 %indvar_flatten" [conv.cpp:20]   --->   Operation 35 'store' 'store_ln20' <Predicate = (!icmp_ln18)> <Delay = 1.58>

State 3 <SV = 2> <Delay = 7.00>
ST_3 : Operation 36 [1/1] (0.00ns)   --->   "%z_load = load i6 %z" [conv.cpp:20]   --->   Operation 36 'load' 'z_load' <Predicate = true> <Delay = 0.00>
ST_3 : Operation 37 [1/1] (0.00ns)   --->   "%y_load = load i6 %y" [conv.cpp:18]   --->   Operation 37 'load' 'y_load' <Predicate = (!icmp_ln19)> <Delay = 0.00>
ST_3 : Operation 38 [1/1] (1.18ns)   --->   "%select_ln18 = select i1 %icmp_ln19, i6 0, i6 %y_load" [conv.cpp:18]   --->   Operation 38 'select' 'select_ln18' <Predicate = true> <Delay = 1.18> <CoreInst = "Sel">   --->   Core 73 'Sel' <Latency = 0> <II = 1> <Delay = 1.18> <FuncUnit> <Opcode : 'select'> <InPorts = 3> <OutPorts = 1>
ST_3 : Operation 39 [1/1] (0.00ns)   --->   "%zext_ln21 = zext i7 %select_ln18_1" [conv.cpp:21]   --->   Operation 39 'zext' 'zext_ln21' <Predicate = true> <Delay = 0.00>
ST_3 : Operation 40 [1/1] (3.74ns)   --->   "%mul_ln21 = mul i13 %zext_ln21, i13 55" [conv.cpp:21]   --->   Operation 40 'mul' 'mul_ln21' <Predicate = true> <Delay = 3.74> <CoreInst = "Multiplier">   --->   Core 3 'Multiplier' <Latency = 0> <II = 1> <Delay = 3.74> <FuncUnit> <Opcode : 'mul'> <InPorts = 2> <OutPorts = 1>
ST_3 : Operation 41 [1/1] (0.00ns) (grouped into LUT with out node and_ln18)   --->   "%xor_ln18 = xor i1 %icmp_ln19, i1 1" [conv.cpp:18]   --->   Operation 41 'xor' 'xor_ln18' <Predicate = true> <Delay = 0.00> <CoreInst = "LogicGate">   --->   Core 74 'LogicGate' <Latency = 0> <II = 1> <Delay = 0.97> <FuncUnit> <Opcode : 'and' 'or' 'xor'> <InPorts = 2> <OutPorts = 1>
ST_3 : Operation 42 [1/1] (1.42ns)   --->   "%icmp_ln20 = icmp_eq  i6 %z_load, i6 55" [conv.cpp:20]   --->   Operation 42 'icmp' 'icmp_ln20' <Predicate = true> <Delay = 1.42> <CoreInst = "Cmp">   --->   Core 9 'Cmp' <Latency = 0> <II = 1> <Delay = 1.42> <FuncUnit> <Opcode : 'icmp'> <InPorts = 2> <OutPorts = 1>
ST_3 : Operation 43 [1/1] (0.97ns) (out node of the LUT)   --->   "%and_ln18 = and i1 %icmp_ln20, i1 %xor_ln18" [conv.cpp:18]   --->   Operation 43 'and' 'and_ln18' <Predicate = true> <Delay = 0.97> <CoreInst = "LogicGate">   --->   Core 74 'LogicGate' <Latency = 0> <II = 1> <Delay = 0.97> <FuncUnit> <Opcode : 'and' 'or' 'xor'> <InPorts = 2> <OutPorts = 1>
ST_3 : Operation 44 [1/1] (1.82ns)   --->   "%add_ln19 = add i6 %select_ln18, i6 1" [conv.cpp:19]   --->   Operation 44 'add' 'add_ln19' <Predicate = true> <Delay = 1.82> <CoreInst = "Adder">   --->   Core 1 'Adder' <Latency = 0> <II = 1> <Delay = 1.82> <FuncUnit> <Opcode : 'add' 'sub'> <InPorts = 2> <OutPorts = 1>
ST_3 : Operation 45 [1/1] (0.00ns) (grouped into LUT with out node select_ln19)   --->   "%or_ln19 = or i1 %and_ln18, i1 %icmp_ln19" [conv.cpp:19]   --->   Operation 45 'or' 'or_ln19' <Predicate = true> <Delay = 0.00> <CoreInst = "LogicGate">   --->   Core 74 'LogicGate' <Latency = 0> <II = 1> <Delay = 0.97> <FuncUnit> <Opcode : 'and' 'or' 'xor'> <InPorts = 2> <OutPorts = 1>
ST_3 : Operation 46 [1/1] (1.18ns) (out node of the LUT)   --->   "%select_ln19 = select i1 %or_ln19, i6 0, i6 %z_load" [conv.cpp:19]   --->   Operation 46 'select' 'select_ln19' <Predicate = true> <Delay = 1.18> <CoreInst = "Sel">   --->   Core 73 'Sel' <Latency = 0> <II = 1> <Delay = 1.18> <FuncUnit> <Opcode : 'select'> <InPorts = 3> <OutPorts = 1>
ST_3 : Operation 47 [1/1] (1.18ns)   --->   "%select_ln19_1 = select i1 %and_ln18, i6 %add_ln19, i6 %select_ln18" [conv.cpp:19]   --->   Operation 47 'select' 'select_ln19_1' <Predicate = true> <Delay = 1.18> <CoreInst = "Sel">   --->   Core 73 'Sel' <Latency = 0> <II = 1> <Delay = 1.18> <FuncUnit> <Opcode : 'select'> <InPorts = 3> <OutPorts = 1>
ST_3 : Operation 48 [1/1] (0.00ns)   --->   "%zext_ln21_1 = zext i6 %select_ln19_1" [conv.cpp:21]   --->   Operation 48 'zext' 'zext_ln21_1' <Predicate = true> <Delay = 0.00>
ST_3 : Operation 49 [1/1] (1.65ns) (grouped into DSP with root node add_ln21_1)   --->   "%add_ln21 = add i13 %mul_ln21, i13 %zext_ln21_1" [conv.cpp:21]   --->   Operation 49 'add' 'add_ln21' <Predicate = true> <Delay = 1.65> <CoreInst = "DSP48">   --->   Core 119 'DSP48' <Latency = 3> <II = 1> <Delay = 2.15> <IPBlock> <Opcode : 'mul' 'add' 'sub' 'select'> <InPorts = 0> <OutPorts = 1> <Sync> <CReg>
ST_3 : Operation 50 [1/1] (0.00ns) (grouped into DSP with root node add_ln21_1)   --->   "%add_ln21_cast = zext i13 %add_ln21" [conv.cpp:21]   --->   Operation 50 'zext' 'add_ln21_cast' <Predicate = true> <Delay = 0.00>
ST_3 : Operation 51 [3/3] (1.05ns) (grouped into DSP with root node add_ln21_1)   --->   "%mul_ln21_1 = mul i18 %add_ln21_cast, i18 55" [conv.cpp:21]   --->   Operation 51 'mul' 'mul_ln21_1' <Predicate = true> <Delay = 1.05> <CoreInst = "DSP48">   --->   Core 119 'DSP48' <Latency = 3> <II = 1> <Delay = 2.15> <IPBlock> <Opcode : 'mul' 'add' 'sub' 'select'> <InPorts = 0> <OutPorts = 1> <Sync> <CReg>
ST_3 : Operation 52 [1/1] (1.82ns)   --->   "%add_ln20 = add i6 %select_ln19, i6 1" [conv.cpp:20]   --->   Operation 52 'add' 'add_ln20' <Predicate = true> <Delay = 1.82> <CoreInst = "Adder">   --->   Core 1 'Adder' <Latency = 0> <II = 1> <Delay = 1.82> <FuncUnit> <Opcode : 'add' 'sub'> <InPorts = 2> <OutPorts = 1>
ST_3 : Operation 53 [1/1] (1.58ns)   --->   "%store_ln20 = store i6 %select_ln19_1, i6 %y" [conv.cpp:20]   --->   Operation 53 'store' 'store_ln20' <Predicate = true> <Delay = 1.58>
ST_3 : Operation 54 [1/1] (1.58ns)   --->   "%store_ln20 = store i6 %add_ln20, i6 %z" [conv.cpp:20]   --->   Operation 54 'store' 'store_ln20' <Predicate = true> <Delay = 1.58>

State 4 <SV = 3> <Delay = 1.05>
ST_4 : Operation 55 [2/3] (1.05ns) (grouped into DSP with root node add_ln21_1)   --->   "%mul_ln21_1 = mul i18 %add_ln21_cast, i18 55" [conv.cpp:21]   --->   Operation 55 'mul' 'mul_ln21_1' <Predicate = true> <Delay = 1.05> <CoreInst = "DSP48">   --->   Core 119 'DSP48' <Latency = 3> <II = 1> <Delay = 2.15> <IPBlock> <Opcode : 'mul' 'add' 'sub' 'select'> <InPorts = 0> <OutPorts = 1> <Sync> <CReg>

State 5 <SV = 4> <Delay = 3.25>
ST_5 : Operation 56 [1/1] (0.00ns)   --->   "%zext_ln18 = zext i7 %select_ln18_1" [conv.cpp:18]   --->   Operation 56 'zext' 'zext_ln18' <Predicate = true> <Delay = 0.00>
ST_5 : Operation 57 [1/1] (0.00ns)   --->   "%biases_addr = getelementptr i32 %biases, i64 0, i64 %zext_ln18" [conv.cpp:18]   --->   Operation 57 'getelementptr' 'biases_addr' <Predicate = true> <Delay = 0.00>
ST_5 : Operation 58 [2/2] (3.25ns)   --->   "%biases_load = load i6 %biases_addr" [conv.cpp:18]   --->   Operation 58 'load' 'biases_load' <Predicate = true> <Delay = 3.25> <CoreInst = "RAM">   --->   Core 82 'RAM' <Latency = 1> <II = 1> <Delay = 3.25> <Storage> <Opcode : 'load' 'store'> <Ports = 2> <Width = 32> <Depth = 64> <RAM>
ST_5 : Operation 59 [1/3] (0.00ns) (grouped into DSP with root node add_ln21_1)   --->   "%mul_ln21_1 = mul i18 %add_ln21_cast, i18 55" [conv.cpp:21]   --->   Operation 59 'mul' 'mul_ln21_1' <Predicate = true> <Delay = 0.00> <CoreInst = "DSP48">   --->   Core 119 'DSP48' <Latency = 3> <II = 1> <Delay = 2.15> <IPBlock> <Opcode : 'mul' 'add' 'sub' 'select'> <InPorts = 0> <OutPorts = 1> <Sync> <CReg>
ST_5 : Operation 60 [1/1] (0.00ns)   --->   "%zext_ln21_2 = zext i6 %select_ln19" [conv.cpp:21]   --->   Operation 60 'zext' 'zext_ln21_2' <Predicate = true> <Delay = 0.00>
ST_5 : Operation 61 [2/2] (2.10ns) (root node of the DSP)   --->   "%add_ln21_1 = add i18 %mul_ln21_1, i18 %zext_ln21_2" [conv.cpp:21]   --->   Operation 61 'add' 'add_ln21_1' <Predicate = true> <Delay = 2.10> <CoreInst = "DSP48">   --->   Core 119 'DSP48' <Latency = 3> <II = 1> <Delay = 2.15> <IPBlock> <Opcode : 'mul' 'add' 'sub' 'select'> <InPorts = 0> <OutPorts = 1> <Sync> <CReg>
ST_5 : Operation 74 [1/1] (0.00ns)   --->   "%ret_ln0 = ret"   --->   Operation 74 'ret' 'ret_ln0' <Predicate = (icmp_ln18)> <Delay = 0.00>

State 6 <SV = 5> <Delay = 6.50>
ST_6 : Operation 62 [1/1] (0.00ns)   --->   "%specloopname_ln0 = specloopname void @_ssdm_op_SpecLoopName, void @VITIS_LOOP_18_1_VITIS_LOOP_19_2_VITIS_LOOP_20_3_str"   --->   Operation 62 'specloopname' 'specloopname_ln0' <Predicate = true> <Delay = 0.00>
ST_6 : Operation 63 [1/1] (0.00ns)   --->   "%empty = speclooptripcount i32 @_ssdm_op_SpecLoopTripCount, i64 193600, i64 193600, i64 193600"   --->   Operation 63 'speclooptripcount' 'empty' <Predicate = true> <Delay = 0.00>
ST_6 : Operation 64 [1/2] (3.25ns)   --->   "%biases_load = load i6 %biases_addr" [conv.cpp:18]   --->   Operation 64 'load' 'biases_load' <Predicate = true> <Delay = 3.25> <CoreInst = "RAM">   --->   Core 82 'RAM' <Latency = 1> <II = 1> <Delay = 3.25> <Storage> <Opcode : 'load' 'store'> <Ports = 2> <Width = 32> <Depth = 64> <RAM>
ST_6 : Operation 65 [1/1] (0.00ns)   --->   "%specpipeline_ln0 = specpipeline void @_ssdm_op_SpecPipeline, i32 4294967295, i32 0, i32 1, i32 0, void @p_str"   --->   Operation 65 'specpipeline' 'specpipeline_ln0' <Predicate = true> <Delay = 0.00>
ST_6 : Operation 66 [1/1] (0.00ns)   --->   "%specloopname_ln0 = specloopname void @_ssdm_op_SpecLoopName, void @VITIS_LOOP_19_2_VITIS_LOOP_20_3_str"   --->   Operation 66 'specloopname' 'specloopname_ln0' <Predicate = true> <Delay = 0.00>
ST_6 : Operation 67 [1/1] (0.00ns)   --->   "%specpipeline_ln0 = specpipeline void @_ssdm_op_SpecPipeline, i32 4294967295, i32 0, i32 1, i32 0, void @p_str"   --->   Operation 67 'specpipeline' 'specpipeline_ln0' <Predicate = true> <Delay = 0.00>
ST_6 : Operation 68 [1/2] (2.10ns) (root node of the DSP)   --->   "%add_ln21_1 = add i18 %mul_ln21_1, i18 %zext_ln21_2" [conv.cpp:21]   --->   Operation 68 'add' 'add_ln21_1' <Predicate = true> <Delay = 2.10> <CoreInst = "DSP48">   --->   Core 119 'DSP48' <Latency = 3> <II = 1> <Delay = 2.15> <IPBlock> <Opcode : 'mul' 'add' 'sub' 'select'> <InPorts = 0> <OutPorts = 1> <Sync> <CReg>
ST_6 : Operation 69 [1/1] (0.00ns)   --->   "%zext_ln21_3 = zext i18 %add_ln21_1" [conv.cpp:21]   --->   Operation 69 'zext' 'zext_ln21_3' <Predicate = true> <Delay = 0.00>
ST_6 : Operation 70 [1/1] (0.00ns)   --->   "%output_fm_addr = getelementptr i32 %output_fm, i64 0, i64 %zext_ln21_3" [conv.cpp:21]   --->   Operation 70 'getelementptr' 'output_fm_addr' <Predicate = true> <Delay = 0.00>
ST_6 : Operation 71 [1/1] (0.00ns)   --->   "%specloopname_ln17 = specloopname void @_ssdm_op_SpecLoopName, void @empty_3" [conv.cpp:17]   --->   Operation 71 'specloopname' 'specloopname_ln17' <Predicate = true> <Delay = 0.00>
ST_6 : Operation 72 [1/1] (3.25ns)   --->   "%store_ln21 = store i32 %biases_load, i18 %output_fm_addr" [conv.cpp:21]   --->   Operation 72 'store' 'store_ln21' <Predicate = true> <Delay = 3.25> <CoreInst = "RAM">   --->   Core 82 'RAM' <Latency = 1> <II = 1> <Delay = 3.25> <Storage> <Opcode : 'load' 'store'> <Ports = 2> <Width = 32> <Depth = 193600> <RAM>
ST_6 : Operation 73 [1/1] (0.00ns)   --->   "%br_ln20 = br void %for.inc" [conv.cpp:20]   --->   Operation 73 'br' 'br_ln20' <Predicate = true> <Delay = 0.00>


============================================================
+ Verbose Summary: Binding
============================================================
STG Binding: 
---------------- STG Properties BEGIN ----------------
- Is combinational: 0
- Is one-state seq: 0
- Is datapath-only: 0
- Is pipelined: 0
- Is top level: 0
Port [ Return ] is wired: 1; IO mode=ap_ctrl_hs:ce=0
Port [ biases]:  wired=1; compound=1; hidden=0; nouse=0; global=0; static=0; extern=0; dir=0; type=1; pingpong=0; private_global=0; MemPort=[13]; IO mode=ap_memory:ce=0
Port [ output_fm]:  wired=1; compound=1; hidden=0; nouse=0; global=0; static=0; extern=0; dir=1; type=1; pingpong=0; private_global=0; MemPort=[03]; IO mode=ap_memory:ce=0
---------------- STG Properties END ------------------

---------------- Datapath Model BEGIN ----------------

<LifeTime>
<method=bitvector/>
z                     (alloca           ) [ 0111000]
y                     (alloca           ) [ 0111000]
indvar_flatten        (alloca           ) [ 0110000]
x                     (alloca           ) [ 0110000]
indvar_flatten14      (alloca           ) [ 0110000]
specinterface_ln0     (specinterface    ) [ 0000000]
specinterface_ln0     (specinterface    ) [ 0000000]
store_ln0             (store            ) [ 0000000]
store_ln0             (store            ) [ 0000000]
store_ln0             (store            ) [ 0000000]
store_ln0             (store            ) [ 0000000]
store_ln0             (store            ) [ 0000000]
br_ln0                (br               ) [ 0000000]
indvar_flatten14_load (load             ) [ 0000000]
specpipeline_ln0      (specpipeline     ) [ 0000000]
icmp_ln18             (icmp             ) [ 0111110]
add_ln18_1            (add              ) [ 0000000]
br_ln18               (br               ) [ 0000000]
indvar_flatten_load   (load             ) [ 0000000]
x_load                (load             ) [ 0000000]
add_ln18              (add              ) [ 0000000]
icmp_ln19             (icmp             ) [ 0101000]
select_ln18_1         (select           ) [ 0101110]
add_ln19_1            (add              ) [ 0000000]
select_ln19_2         (select           ) [ 0000000]
store_ln20            (store            ) [ 0000000]
store_ln20            (store            ) [ 0000000]
store_ln20            (store            ) [ 0000000]
z_load                (load             ) [ 0000000]
y_load                (load             ) [ 0000000]
select_ln18           (select           ) [ 0000000]
zext_ln21             (zext             ) [ 0000000]
mul_ln21              (mul              ) [ 0000000]
xor_ln18              (xor              ) [ 0000000]
icmp_ln20             (icmp             ) [ 0000000]
and_ln18              (and              ) [ 0000000]
add_ln19              (add              ) [ 0000000]
or_ln19               (or               ) [ 0000000]
select_ln19           (select           ) [ 0100110]
select_ln19_1         (select           ) [ 0000000]
zext_ln21_1           (zext             ) [ 0000000]
add_ln21              (add              ) [ 0000000]
add_ln21_cast         (zext             ) [ 0100110]
add_ln20              (add              ) [ 0000000]
store_ln20            (store            ) [ 0000000]
store_ln20            (store            ) [ 0000000]
zext_ln18             (zext             ) [ 0000000]
biases_addr           (getelementptr    ) [ 0100001]
mul_ln21_1            (mul              ) [ 0100001]
zext_ln21_2           (zext             ) [ 0100001]
specloopname_ln0      (specloopname     ) [ 0000000]
empty                 (speclooptripcount) [ 0000000]
biases_load           (load             ) [ 0000000]
specpipeline_ln0      (specpipeline     ) [ 0000000]
specloopname_ln0      (specloopname     ) [ 0000000]
specpipeline_ln0      (specpipeline     ) [ 0000000]
add_ln21_1            (add              ) [ 0000000]
zext_ln21_3           (zext             ) [ 0000000]
output_fm_addr        (getelementptr    ) [ 0000000]
specloopname_ln17     (specloopname     ) [ 0000000]
store_ln21            (store            ) [ 0000000]
br_ln20               (br               ) [ 0000000]
ret_ln0               (ret              ) [ 0000000]
</LifeTime>

<model>

<comp_list>
<comp id="0" class="1000" name="biases">
<pin_list>
<pin id="1" dir="1" index="0" bw="1" slack="0"/>
</pin_list>
<bind>
<StgValue><ssdm name="biases"/><MemPortTyVec>1 3 </MemPortTyVec>
</StgValue>
</bind>
</comp>

<comp id="2" class="1000" name="output_fm">
<pin_list>
<pin id="3" dir="1" index="0" bw="1" slack="0"/>
</pin_list>
<bind>
<StgValue><ssdm name="output_fm"/><MemPortTyVec>0 3 </MemPortTyVec>
</StgValue>
</bind>
</comp>

<comp id="4" class="1001" name="const_4">
<pin_list>
<pin id="5" dir="1" index="0" bw="1" slack="0"/>
</pin_list>
<bind>
<StgValue><ssdm name=""/></StgValue>
</bind>
</comp>

<comp id="6" class="1001" name="const_6">
<pin_list>
<pin id="7" dir="1" index="0" bw="1" slack="2147483647"/>
</pin_list>
<bind>
<StgValue><ssdm name="_ssdm_op_SpecInterface"/></StgValue>
</bind>
</comp>

<comp id="8" class="1001" name="const_8">
<pin_list>
<pin id="9" dir="1" index="0" bw="1" slack="2147483647"/>
</pin_list>
<bind>
<StgValue><ssdm name="empty_4"/></StgValue>
</bind>
</comp>

<comp id="10" class="1001" name="const_10">
<pin_list>
<pin id="11" dir="1" index="0" bw="1" slack="2147483647"/>
</pin_list>
<bind>
<StgValue><ssdm name=""/></StgValue>
</bind>
</comp>

<comp id="12" class="1001" name="const_12">
<pin_list>
<pin id="13" dir="1" index="0" bw="1" slack="2147483647"/>
</pin_list>
<bind>
<StgValue><ssdm name="empty"/></StgValue>
</bind>
</comp>

<comp id="14" class="1001" name="const_14">
<pin_list>
<pin id="15" dir="1" index="0" bw="1" slack="2147483647"/>
</pin_list>
<bind>
<StgValue><ssdm name=""/></StgValue>
</bind>
</comp>

<comp id="16" class="1001" name="const_16">
<pin_list>
<pin id="17" dir="1" index="0" bw="1" slack="0"/>
</pin_list>
<bind>
<StgValue><ssdm name=""/></StgValue>
</bind>
</comp>

<comp id="18" class="1001" name="const_18">
<pin_list>
<pin id="19" dir="1" index="0" bw="1" slack="0"/>
</pin_list>
<bind>
<StgValue><ssdm name=""/></StgValue>
</bind>
</comp>

<comp id="20" class="1001" name="const_20">
<pin_list>
<pin id="21" dir="1" index="0" bw="1" slack="0"/>
</pin_list>
<bind>
<StgValue><ssdm name=""/></StgValue>
</bind>
</comp>

<comp id="22" class="1001" name="const_22">
<pin_list>
<pin id="23" dir="1" index="0" bw="1" slack="0"/>
</pin_list>
<bind>
<StgValue><ssdm name=""/></StgValue>
</bind>
</comp>

<comp id="24" class="1001" name="const_24">
<pin_list>
<pin id="25" dir="1" index="0" bw="1" slack="2147483647"/>
</pin_list>
<bind>
<StgValue><ssdm name="_ssdm_op_SpecPipeline"/></StgValue>
</bind>
</comp>

<comp id="26" class="1001" name="const_26">
<pin_list>
<pin id="27" dir="1" index="0" bw="1" slack="2147483647"/>
</pin_list>
<bind>
<StgValue><ssdm name="p_str"/></StgValue>
</bind>
</comp>

<comp id="28" class="1001" name="const_28">
<pin_list>
<pin id="29" dir="1" index="0" bw="1" slack="0"/>
</pin_list>
<bind>
<StgValue><ssdm name=""/></StgValue>
</bind>
</comp>

<comp id="30" class="1001" name="const_30">
<pin_list>
<pin id="31" dir="1" index="0" bw="1" slack="0"/>
</pin_list>
<bind>
<StgValue><ssdm name=""/></StgValue>
</bind>
</comp>

<comp id="32" class="1001" name="const_32">
<pin_list>
<pin id="33" dir="1" index="0" bw="1" slack="0"/>
</pin_list>
<bind>
<StgValue><ssdm name=""/></StgValue>
</bind>
</comp>

<comp id="34" class="1001" name="const_34">
<pin_list>
<pin id="35" dir="1" index="0" bw="1" slack="0"/>
</pin_list>
<bind>
<StgValue><ssdm name=""/></StgValue>
</bind>
</comp>

<comp id="36" class="1001" name="const_36">
<pin_list>
<pin id="37" dir="1" index="0" bw="1" slack="0"/>
</pin_list>
<bind>
<StgValue><ssdm name=""/></StgValue>
</bind>
</comp>

<comp id="38" class="1001" name="const_38">
<pin_list>
<pin id="39" dir="1" index="0" bw="1" slack="0"/>
</pin_list>
<bind>
<StgValue><ssdm name=""/></StgValue>
</bind>
</comp>

<comp id="40" class="1001" name="const_40">
<pin_list>
<pin id="41" dir="1" index="0" bw="1" slack="0"/>
</pin_list>
<bind>
<StgValue><ssdm name=""/></StgValue>
</bind>
</comp>

<comp id="42" class="1001" name="const_42">
<pin_list>
<pin id="43" dir="1" index="0" bw="1" slack="0"/>
</pin_list>
<bind>
<StgValue><ssdm name=""/></StgValue>
</bind>
</comp>

<comp id="44" class="1001" name="const_44">
<pin_list>
<pin id="45" dir="1" index="0" bw="1" slack="0"/>
</pin_list>
<bind>
<StgValue><ssdm name=""/></StgValue>
</bind>
</comp>

<comp id="46" class="1001" name="const_46">
<pin_list>
<pin id="47" dir="1" index="0" bw="1" slack="0"/>
</pin_list>
<bind>
<StgValue><ssdm name=""/></StgValue>
</bind>
</comp>

<comp id="48" class="1001" name="const_48">
<pin_list>
<pin id="49" dir="1" index="0" bw="1" slack="0"/>
</pin_list>
<bind>
<StgValue><ssdm name=""/></StgValue>
</bind>
</comp>

<comp id="50" class="1001" name="const_50">
<pin_list>
<pin id="51" dir="1" index="0" bw="1" slack="2147483647"/>
</pin_list>
<bind>
<StgValue><ssdm name="_ssdm_op_SpecLoopName"/></StgValue>
</bind>
</comp>

<comp id="52" class="1001" name="const_52">
<pin_list>
<pin id="53" dir="1" index="0" bw="1" slack="2147483647"/>
</pin_list>
<bind>
<StgValue><ssdm name="VITIS_LOOP_18_1_VITIS_LOOP_19_2_VITIS_LOOP_20_3_str"/></StgValue>
</bind>
</comp>

<comp id="54" class="1001" name="const_54">
<pin_list>
<pin id="55" dir="1" index="0" bw="1" slack="2147483647"/>
</pin_list>
<bind>
<StgValue><ssdm name="_ssdm_op_SpecLoopTripCount"/></StgValue>
</bind>
</comp>

<comp id="56" class="1001" name="const_56">
<pin_list>
<pin id="57" dir="1" index="0" bw="1" slack="2147483647"/>
</pin_list>
<bind>
<StgValue><ssdm name=""/></StgValue>
</bind>
</comp>

<comp id="58" class="1001" name="const_58">
<pin_list>
<pin id="59" dir="1" index="0" bw="1" slack="2147483647"/>
</pin_list>
<bind>
<StgValue><ssdm name="VITIS_LOOP_19_2_VITIS_LOOP_20_3_str"/></StgValue>
</bind>
</comp>

<comp id="60" class="1001" name="const_60">
<pin_list>
<pin id="61" dir="1" index="0" bw="1" slack="2147483647"/>
</pin_list>
<bind>
<StgValue><ssdm name="empty_3"/></StgValue>
</bind>
</comp>

<comp id="62" class="1004" name="z_fu_62">
<pin_list>
<pin id="63" dir="0" index="0" bw="1" slack="0"/>
<pin id="64" dir="1" index="1" bw="6" slack="0"/>
</pin_list>
<bind>
<opcode="alloca(26) " fcode="alloca"/>
<opset="z/1 "/>
</bind>
</comp>

<comp id="66" class="1004" name="y_fu_66">
<pin_list>
<pin id="67" dir="0" index="0" bw="1" slack="0"/>
<pin id="68" dir="1" index="1" bw="6" slack="0"/>
</pin_list>
<bind>
<opcode="alloca(26) " fcode="alloca"/>
<opset="y/1 "/>
</bind>
</comp>

<comp id="70" class="1004" name="indvar_flatten_fu_70">
<pin_list>
<pin id="71" dir="0" index="0" bw="1" slack="0"/>
<pin id="72" dir="1" index="1" bw="12" slack="0"/>
</pin_list>
<bind>
<opcode="alloca(26) " fcode="alloca"/>
<opset="indvar_flatten/1 "/>
</bind>
</comp>

<comp id="74" class="1004" name="x_fu_74">
<pin_list>
<pin id="75" dir="0" index="0" bw="1" slack="0"/>
<pin id="76" dir="1" index="1" bw="7" slack="0"/>
</pin_list>
<bind>
<opcode="alloca(26) " fcode="alloca"/>
<opset="x/1 "/>
</bind>
</comp>

<comp id="78" class="1004" name="indvar_flatten14_fu_78">
<pin_list>
<pin id="79" dir="0" index="0" bw="1" slack="0"/>
<pin id="80" dir="1" index="1" bw="18" slack="0"/>
</pin_list>
<bind>
<opcode="alloca(26) " fcode="alloca"/>
<opset="indvar_flatten14/1 "/>
</bind>
</comp>

<comp id="82" class="1004" name="biases_addr_gep_fu_82">
<pin_list>
<pin id="83" dir="0" index="0" bw="32" slack="0"/>
<pin id="84" dir="0" index="1" bw="1" slack="0"/>
<pin id="85" dir="0" index="2" bw="7" slack="0"/>
<pin id="86" dir="1" index="3" bw="6" slack="0"/>
</pin_list>
<bind>
<opcode="getelementptr(29) " fcode="getelementptr"/>
<opset="biases_addr/5 "/>
</bind>
</comp>

<comp id="89" class="1004" name="grp_access_fu_89">
<pin_list>
<pin id="90" dir="0" index="0" bw="6" slack="0"/>
<pin id="91" dir="0" index="1" bw="32" slack="2147483647"/>
<pin id="92" dir="0" index="2" bw="0" slack="2147483647"/>
<pin id="93" dir="1" index="3" bw="32" slack="0"/>
</pin_list>
<bind>
<opcode="load(27) " fcode="load"/>
<opset="biases_load/5 "/>
</bind>
</comp>

<comp id="95" class="1004" name="output_fm_addr_gep_fu_95">
<pin_list>
<pin id="96" dir="0" index="0" bw="32" slack="0"/>
<pin id="97" dir="0" index="1" bw="1" slack="0"/>
<pin id="98" dir="0" index="2" bw="18" slack="0"/>
<pin id="99" dir="1" index="3" bw="18" slack="0"/>
</pin_list>
<bind>
<opcode="getelementptr(29) " fcode="getelementptr"/>
<opset="output_fm_addr/6 "/>
</bind>
</comp>

<comp id="102" class="1004" name="store_ln21_access_fu_102">
<pin_list>
<pin id="103" dir="0" index="0" bw="18" slack="0"/>
<pin id="104" dir="0" index="1" bw="32" slack="0"/>
<pin id="105" dir="0" index="2" bw="0" slack="2147483647"/>
<pin id="106" dir="1" index="3" bw="32" slack="2147483647"/>
</pin_list>
<bind>
<opcode="store(28) " fcode="store"/>
<opset="store_ln21/6 "/>
</bind>
</comp>

<comp id="109" class="1004" name="store_ln0_store_fu_109">
<pin_list>
<pin id="110" dir="0" index="0" bw="1" slack="0"/>
<pin id="111" dir="0" index="1" bw="18" slack="0"/>
<pin id="112" dir="1" index="2" bw="0" slack="2147483647"/>
</pin_list>
<bind>
<opcode="store(28) " fcode="store"/>
<opset="store_ln0/1 "/>
</bind>
</comp>

<comp id="114" class="1004" name="store_ln0_store_fu_114">
<pin_list>
<pin id="115" dir="0" index="0" bw="1" slack="0"/>
<pin id="116" dir="0" index="1" bw="7" slack="0"/>
<pin id="117" dir="1" index="2" bw="0" slack="2147483647"/>
</pin_list>
<bind>
<opcode="store(28) " fcode="store"/>
<opset="store_ln0/1 "/>
</bind>
</comp>

<comp id="119" class="1004" name="store_ln0_store_fu_119">
<pin_list>
<pin id="120" dir="0" index="0" bw="1" slack="0"/>
<pin id="121" dir="0" index="1" bw="12" slack="0"/>
<pin id="122" dir="1" index="2" bw="0" slack="2147483647"/>
</pin_list>
<bind>
<opcode="store(28) " fcode="store"/>
<opset="store_ln0/1 "/>
</bind>
</comp>

<comp id="124" class="1004" name="store_ln0_store_fu_124">
<pin_list>
<pin id="125" dir="0" index="0" bw="1" slack="0"/>
<pin id="126" dir="0" index="1" bw="6" slack="0"/>
<pin id="127" dir="1" index="2" bw="0" slack="2147483647"/>
</pin_list>
<bind>
<opcode="store(28) " fcode="store"/>
<opset="store_ln0/1 "/>
</bind>
</comp>

<comp id="129" class="1004" name="store_ln0_store_fu_129">
<pin_list>
<pin id="130" dir="0" index="0" bw="1" slack="0"/>
<pin id="131" dir="0" index="1" bw="6" slack="0"/>
<pin id="132" dir="1" index="2" bw="0" slack="2147483647"/>
</pin_list>
<bind>
<opcode="store(28) " fcode="store"/>
<opset="store_ln0/1 "/>
</bind>
</comp>

<comp id="134" class="1004" name="indvar_flatten14_load_load_fu_134">
<pin_list>
<pin id="135" dir="0" index="0" bw="18" slack="1"/>
<pin id="136" dir="1" index="1" bw="18" slack="0"/>
</pin_list>
<bind>
<opcode="load(27) " fcode="load"/>
<opset="indvar_flatten14_load/2 "/>
</bind>
</comp>

<comp id="137" class="1004" name="icmp_ln18_fu_137">
<pin_list>
<pin id="138" dir="0" index="0" bw="18" slack="0"/>
<pin id="139" dir="0" index="1" bw="18" slack="0"/>
<pin id="140" dir="1" index="2" bw="1" slack="3"/>
</pin_list>
<bind>
<opcode="icmp(45) " fcode="icmp"/>
<opset="icmp_ln18/2 "/>
</bind>
</comp>

<comp id="143" class="1004" name="add_ln18_1_fu_143">
<pin_list>
<pin id="144" dir="0" index="0" bw="18" slack="0"/>
<pin id="145" dir="0" index="1" bw="1" slack="0"/>
<pin id="146" dir="1" index="2" bw="18" slack="0"/>
</pin_list>
<bind>
<opcode="add(8) " fcode="add"/>
<opset="add_ln18_1/2 "/>
</bind>
</comp>

<comp id="149" class="1004" name="indvar_flatten_load_load_fu_149">
<pin_list>
<pin id="150" dir="0" index="0" bw="12" slack="1"/>
<pin id="151" dir="1" index="1" bw="12" slack="0"/>
</pin_list>
<bind>
<opcode="load(27) " fcode="load"/>
<opset="indvar_flatten_load/2 "/>
</bind>
</comp>

<comp id="152" class="1004" name="x_load_load_fu_152">
<pin_list>
<pin id="153" dir="0" index="0" bw="7" slack="1"/>
<pin id="154" dir="1" index="1" bw="7" slack="0"/>
</pin_list>
<bind>
<opcode="load(27) " fcode="load"/>
<opset="x_load/2 "/>
</bind>
</comp>

<comp id="155" class="1004" name="add_ln18_fu_155">
<pin_list>
<pin id="156" dir="0" index="0" bw="7" slack="0"/>
<pin id="157" dir="0" index="1" bw="1" slack="0"/>
<pin id="158" dir="1" index="2" bw="7" slack="0"/>
</pin_list>
<bind>
<opcode="add(8) " fcode="add"/>
<opset="add_ln18/2 "/>
</bind>
</comp>

<comp id="161" class="1004" name="icmp_ln19_fu_161">
<pin_list>
<pin id="162" dir="0" index="0" bw="12" slack="0"/>
<pin id="163" dir="0" index="1" bw="12" slack="0"/>
<pin id="164" dir="1" index="2" bw="1" slack="0"/>
</pin_list>
<bind>
<opcode="icmp(45) " fcode="icmp"/>
<opset="icmp_ln19/2 "/>
</bind>
</comp>

<comp id="167" class="1004" name="select_ln18_1_fu_167">
<pin_list>
<pin id="168" dir="0" index="0" bw="1" slack="0"/>
<pin id="169" dir="0" index="1" bw="7" slack="0"/>
<pin id="170" dir="0" index="2" bw="7" slack="0"/>
<pin id="171" dir="1" index="3" bw="7" slack="0"/>
</pin_list>
<bind>
<opcode="select(49) " fcode="select"/>
<opset="select_ln18_1/2 "/>
</bind>
</comp>

<comp id="175" class="1004" name="add_ln19_1_fu_175">
<pin_list>
<pin id="176" dir="0" index="0" bw="12" slack="0"/>
<pin id="177" dir="0" index="1" bw="1" slack="0"/>
<pin id="178" dir="1" index="2" bw="12" slack="0"/>
</pin_list>
<bind>
<opcode="add(8) " fcode="add"/>
<opset="add_ln19_1/2 "/>
</bind>
</comp>

<comp id="181" class="1004" name="select_ln19_2_fu_181">
<pin_list>
<pin id="182" dir="0" index="0" bw="1" slack="0"/>
<pin id="183" dir="0" index="1" bw="1" slack="0"/>
<pin id="184" dir="0" index="2" bw="12" slack="0"/>
<pin id="185" dir="1" index="3" bw="12" slack="0"/>
</pin_list>
<bind>
<opcode="select(49) " fcode="select"/>
<opset="select_ln19_2/2 "/>
</bind>
</comp>

<comp id="189" class="1004" name="store_ln20_store_fu_189">
<pin_list>
<pin id="190" dir="0" index="0" bw="18" slack="0"/>
<pin id="191" dir="0" index="1" bw="18" slack="1"/>
<pin id="192" dir="1" index="2" bw="0" slack="2147483647"/>
</pin_list>
<bind>
<opcode="store(28) " fcode="store"/>
<opset="store_ln20/2 "/>
</bind>
</comp>

<comp id="194" class="1004" name="store_ln20_store_fu_194">
<pin_list>
<pin id="195" dir="0" index="0" bw="7" slack="0"/>
<pin id="196" dir="0" index="1" bw="7" slack="1"/>
<pin id="197" dir="1" index="2" bw="0" slack="2147483647"/>
</pin_list>
<bind>
<opcode="store(28) " fcode="store"/>
<opset="store_ln20/2 "/>
</bind>
</comp>

<comp id="199" class="1004" name="store_ln20_store_fu_199">
<pin_list>
<pin id="200" dir="0" index="0" bw="12" slack="0"/>
<pin id="201" dir="0" index="1" bw="12" slack="1"/>
<pin id="202" dir="1" index="2" bw="0" slack="2147483647"/>
</pin_list>
<bind>
<opcode="store(28) " fcode="store"/>
<opset="store_ln20/2 "/>
</bind>
</comp>

<comp id="204" class="1004" name="z_load_load_fu_204">
<pin_list>
<pin id="205" dir="0" index="0" bw="6" slack="2"/>
<pin id="206" dir="1" index="1" bw="6" slack="0"/>
</pin_list>
<bind>
<opcode="load(27) " fcode="load"/>
<opset="z_load/3 "/>
</bind>
</comp>

<comp id="207" class="1004" name="y_load_load_fu_207">
<pin_list>
<pin id="208" dir="0" index="0" bw="6" slack="2"/>
<pin id="209" dir="1" index="1" bw="6" slack="0"/>
</pin_list>
<bind>
<opcode="load(27) " fcode="load"/>
<opset="y_load/3 "/>
</bind>
</comp>

<comp id="210" class="1004" name="select_ln18_fu_210">
<pin_list>
<pin id="211" dir="0" index="0" bw="1" slack="1"/>
<pin id="212" dir="0" index="1" bw="1" slack="0"/>
<pin id="213" dir="0" index="2" bw="6" slack="0"/>
<pin id="214" dir="1" index="3" bw="6" slack="0"/>
</pin_list>
<bind>
<opcode="select(49) " fcode="select"/>
<opset="select_ln18/3 "/>
</bind>
</comp>

<comp id="217" class="1004" name="zext_ln21_fu_217">
<pin_list>
<pin id="218" dir="0" index="0" bw="7" slack="1"/>
<pin id="219" dir="1" index="1" bw="13" slack="0"/>
</pin_list>
<bind>
<opcode="zext(34) " fcode="zext"/>
<opset="zext_ln21/3 "/>
</bind>
</comp>

<comp id="220" class="1004" name="mul_ln21_fu_220">
<pin_list>
<pin id="221" dir="0" index="0" bw="7" slack="0"/>
<pin id="222" dir="0" index="1" bw="7" slack="0"/>
<pin id="223" dir="1" index="2" bw="13" slack="0"/>
</pin_list>
<bind>
<opcode="mul(12) " fcode="mul"/>
<opset="mul_ln21/3 "/>
</bind>
</comp>

<comp id="226" class="1004" name="xor_ln18_fu_226">
<pin_list>
<pin id="227" dir="0" index="0" bw="1" slack="1"/>
<pin id="228" dir="0" index="1" bw="1" slack="0"/>
<pin id="229" dir="1" index="2" bw="1" slack="0"/>
</pin_list>
<bind>
<opcode="xor(25) " fcode="xor"/>
<opset="xor_ln18/3 "/>
</bind>
</comp>

<comp id="231" class="1004" name="icmp_ln20_fu_231">
<pin_list>
<pin id="232" dir="0" index="0" bw="6" slack="0"/>
<pin id="233" dir="0" index="1" bw="5" slack="0"/>
<pin id="234" dir="1" index="2" bw="1" slack="0"/>
</pin_list>
<bind>
<opcode="icmp(45) " fcode="icmp"/>
<opset="icmp_ln20/3 "/>
</bind>
</comp>

<comp id="237" class="1004" name="and_ln18_fu_237">
<pin_list>
<pin id="238" dir="0" index="0" bw="1" slack="0"/>
<pin id="239" dir="0" index="1" bw="1" slack="0"/>
<pin id="240" dir="1" index="2" bw="1" slack="0"/>
</pin_list>
<bind>
<opcode="and(23) " fcode="and"/>
<opset="and_ln18/3 "/>
</bind>
</comp>

<comp id="243" class="1004" name="add_ln19_fu_243">
<pin_list>
<pin id="244" dir="0" index="0" bw="6" slack="0"/>
<pin id="245" dir="0" index="1" bw="1" slack="0"/>
<pin id="246" dir="1" index="2" bw="6" slack="0"/>
</pin_list>
<bind>
<opcode="add(8) " fcode="add"/>
<opset="add_ln19/3 "/>
</bind>
</comp>

<comp id="249" class="1004" name="or_ln19_fu_249">
<pin_list>
<pin id="250" dir="0" index="0" bw="1" slack="0"/>
<pin id="251" dir="0" index="1" bw="1" slack="1"/>
<pin id="252" dir="1" index="2" bw="1" slack="0"/>
</pin_list>
<bind>
<opcode="or(24) " fcode="or"/>
<opset="or_ln19/3 "/>
</bind>
</comp>

<comp id="254" class="1004" name="select_ln19_fu_254">
<pin_list>
<pin id="255" dir="0" index="0" bw="1" slack="0"/>
<pin id="256" dir="0" index="1" bw="1" slack="0"/>
<pin id="257" dir="0" index="2" bw="6" slack="0"/>
<pin id="258" dir="1" index="3" bw="6" slack="0"/>
</pin_list>
<bind>
<opcode="select(49) " fcode="select"/>
<opset="select_ln19/3 "/>
</bind>
</comp>

<comp id="262" class="1004" name="select_ln19_1_fu_262">
<pin_list>
<pin id="263" dir="0" index="0" bw="1" slack="0"/>
<pin id="264" dir="0" index="1" bw="6" slack="0"/>
<pin id="265" dir="0" index="2" bw="6" slack="0"/>
<pin id="266" dir="1" index="3" bw="6" slack="0"/>
</pin_list>
<bind>
<opcode="select(49) " fcode="select"/>
<opset="select_ln19_1/3 "/>
</bind>
</comp>

<comp id="270" class="1004" name="zext_ln21_1_fu_270">
<pin_list>
<pin id="271" dir="0" index="0" bw="6" slack="0"/>
<pin id="272" dir="1" index="1" bw="13" slack="0"/>
</pin_list>
<bind>
<opcode="zext(34) " fcode="zext"/>
<opset="zext_ln21_1/3 "/>
</bind>
</comp>

<comp id="274" class="1004" name="add_ln20_fu_274">
<pin_list>
<pin id="275" dir="0" index="0" bw="6" slack="0"/>
<pin id="276" dir="0" index="1" bw="1" slack="0"/>
<pin id="277" dir="1" index="2" bw="6" slack="0"/>
</pin_list>
<bind>
<opcode="add(8) " fcode="add"/>
<opset="add_ln20/3 "/>
</bind>
</comp>

<comp id="280" class="1004" name="store_ln20_store_fu_280">
<pin_list>
<pin id="281" dir="0" index="0" bw="6" slack="0"/>
<pin id="282" dir="0" index="1" bw="6" slack="2"/>
<pin id="283" dir="1" index="2" bw="0" slack="2147483647"/>
</pin_list>
<bind>
<opcode="store(28) " fcode="store"/>
<opset="store_ln20/3 "/>
</bind>
</comp>

<comp id="285" class="1004" name="store_ln20_store_fu_285">
<pin_list>
<pin id="286" dir="0" index="0" bw="6" slack="0"/>
<pin id="287" dir="0" index="1" bw="6" slack="2"/>
<pin id="288" dir="1" index="2" bw="0" slack="2147483647"/>
</pin_list>
<bind>
<opcode="store(28) " fcode="store"/>
<opset="store_ln20/3 "/>
</bind>
</comp>

<comp id="290" class="1004" name="zext_ln18_fu_290">
<pin_list>
<pin id="291" dir="0" index="0" bw="7" slack="3"/>
<pin id="292" dir="1" index="1" bw="64" slack="0"/>
</pin_list>
<bind>
<opcode="zext(34) " fcode="zext"/>
<opset="zext_ln18/5 "/>
</bind>
</comp>

<comp id="294" class="1004" name="zext_ln21_2_fu_294">
<pin_list>
<pin id="295" dir="0" index="0" bw="6" slack="2"/>
<pin id="296" dir="1" index="1" bw="18" slack="0"/>
</pin_list>
<bind>
<opcode="zext(34) " fcode="zext"/>
<opset="zext_ln21_2/5 "/>
</bind>
</comp>

<comp id="297" class="1004" name="zext_ln21_3_fu_297">
<pin_list>
<pin id="298" dir="0" index="0" bw="18" slack="0"/>
<pin id="299" dir="1" index="1" bw="64" slack="0"/>
</pin_list>
<bind>
<opcode="zext(34) " fcode="zext"/>
<opset="zext_ln21_3/6 "/>
</bind>
</comp>

<comp id="301" class="1007" name="grp_fu_301">
<pin_list>
<pin id="302" dir="0" index="0" bw="13" slack="0"/>
<pin id="303" dir="0" index="1" bw="6" slack="0"/>
<pin id="304" dir="0" index="2" bw="6" slack="0"/>
<pin id="305" dir="0" index="3" bw="6" slack="0"/>
<pin id="306" dir="1" index="4" bw="18" slack="0"/>
</pin_list>
<bind>
<opcode="addmuladd(1175) " fcode="addmuladd"/>
<opset="add_ln21/3 add_ln21_cast/3 mul_ln21_1/3 add_ln21_1/5 "/>
</bind>
</comp>

<comp id="312" class="1005" name="z_reg_312">
<pin_list>
<pin id="313" dir="0" index="0" bw="6" slack="0"/>
<pin id="314" dir="1" index="1" bw="6" slack="0"/>
</pin_list>
<bind>
<opset="z "/>
</bind>
</comp>

<comp id="319" class="1005" name="y_reg_319">
<pin_list>
<pin id="320" dir="0" index="0" bw="6" slack="0"/>
<pin id="321" dir="1" index="1" bw="6" slack="0"/>
</pin_list>
<bind>
<opset="y "/>
</bind>
</comp>

<comp id="326" class="1005" name="indvar_flatten_reg_326">
<pin_list>
<pin id="327" dir="0" index="0" bw="12" slack="0"/>
<pin id="328" dir="1" index="1" bw="12" slack="0"/>
</pin_list>
<bind>
<opset="indvar_flatten "/>
</bind>
</comp>

<comp id="333" class="1005" name="x_reg_333">
<pin_list>
<pin id="334" dir="0" index="0" bw="7" slack="0"/>
<pin id="335" dir="1" index="1" bw="7" slack="0"/>
</pin_list>
<bind>
<opset="x "/>
</bind>
</comp>

<comp id="340" class="1005" name="indvar_flatten14_reg_340">
<pin_list>
<pin id="341" dir="0" index="0" bw="18" slack="0"/>
<pin id="342" dir="1" index="1" bw="18" slack="0"/>
</pin_list>
<bind>
<opset="indvar_flatten14 "/>
</bind>
</comp>

<comp id="347" class="1005" name="icmp_ln18_reg_347">
<pin_list>
<pin id="348" dir="0" index="0" bw="1" slack="3"/>
<pin id="349" dir="1" index="1" bw="1" slack="2147483647"/>
</pin_list>
<bind>
<opset="icmp_ln18 "/>
</bind>
</comp>

<comp id="351" class="1005" name="icmp_ln19_reg_351">
<pin_list>
<pin id="352" dir="0" index="0" bw="1" slack="1"/>
<pin id="353" dir="1" index="1" bw="1" slack="1"/>
</pin_list>
<bind>
<opset="icmp_ln19 "/>
</bind>
</comp>

<comp id="358" class="1005" name="select_ln18_1_reg_358">
<pin_list>
<pin id="359" dir="0" index="0" bw="7" slack="1"/>
<pin id="360" dir="1" index="1" bw="7" slack="1"/>
</pin_list>
<bind>
<opset="select_ln18_1 "/>
</bind>
</comp>

<comp id="364" class="1005" name="select_ln19_reg_364">
<pin_list>
<pin id="365" dir="0" index="0" bw="6" slack="2"/>
<pin id="366" dir="1" index="1" bw="6" slack="2"/>
</pin_list>
<bind>
<opset="select_ln19 "/>
</bind>
</comp>

<comp id="369" class="1005" name="biases_addr_reg_369">
<pin_list>
<pin id="370" dir="0" index="0" bw="6" slack="1"/>
<pin id="371" dir="1" index="1" bw="6" slack="1"/>
</pin_list>
<bind>
<opset="biases_addr "/>
</bind>
</comp>

<comp id="374" class="1005" name="zext_ln21_2_reg_374">
<pin_list>
<pin id="375" dir="0" index="0" bw="18" slack="1"/>
<pin id="376" dir="1" index="1" bw="18" slack="1"/>
</pin_list>
<bind>
<opset="zext_ln21_2 "/>
</bind>
</comp>

</comp_list>

<net_list>
<net id="65"><net_src comp="4" pin="0"/><net_sink comp="62" pin=0"/></net>

<net id="69"><net_src comp="4" pin="0"/><net_sink comp="66" pin=0"/></net>

<net id="73"><net_src comp="4" pin="0"/><net_sink comp="70" pin=0"/></net>

<net id="77"><net_src comp="4" pin="0"/><net_sink comp="74" pin=0"/></net>

<net id="81"><net_src comp="4" pin="0"/><net_sink comp="78" pin=0"/></net>

<net id="87"><net_src comp="0" pin="0"/><net_sink comp="82" pin=0"/></net>

<net id="88"><net_src comp="48" pin="0"/><net_sink comp="82" pin=1"/></net>

<net id="94"><net_src comp="82" pin="3"/><net_sink comp="89" pin=0"/></net>

<net id="100"><net_src comp="2" pin="0"/><net_sink comp="95" pin=0"/></net>

<net id="101"><net_src comp="48" pin="0"/><net_sink comp="95" pin=1"/></net>

<net id="107"><net_src comp="89" pin="3"/><net_sink comp="102" pin=1"/></net>

<net id="108"><net_src comp="95" pin="3"/><net_sink comp="102" pin=0"/></net>

<net id="113"><net_src comp="16" pin="0"/><net_sink comp="109" pin=0"/></net>

<net id="118"><net_src comp="18" pin="0"/><net_sink comp="114" pin=0"/></net>

<net id="123"><net_src comp="20" pin="0"/><net_sink comp="119" pin=0"/></net>

<net id="128"><net_src comp="22" pin="0"/><net_sink comp="124" pin=0"/></net>

<net id="133"><net_src comp="22" pin="0"/><net_sink comp="129" pin=0"/></net>

<net id="141"><net_src comp="134" pin="1"/><net_sink comp="137" pin=0"/></net>

<net id="142"><net_src comp="28" pin="0"/><net_sink comp="137" pin=1"/></net>

<net id="147"><net_src comp="134" pin="1"/><net_sink comp="143" pin=0"/></net>

<net id="148"><net_src comp="30" pin="0"/><net_sink comp="143" pin=1"/></net>

<net id="159"><net_src comp="152" pin="1"/><net_sink comp="155" pin=0"/></net>

<net id="160"><net_src comp="32" pin="0"/><net_sink comp="155" pin=1"/></net>

<net id="165"><net_src comp="149" pin="1"/><net_sink comp="161" pin=0"/></net>

<net id="166"><net_src comp="34" pin="0"/><net_sink comp="161" pin=1"/></net>

<net id="172"><net_src comp="161" pin="2"/><net_sink comp="167" pin=0"/></net>

<net id="173"><net_src comp="155" pin="2"/><net_sink comp="167" pin=1"/></net>

<net id="174"><net_src comp="152" pin="1"/><net_sink comp="167" pin=2"/></net>

<net id="179"><net_src comp="149" pin="1"/><net_sink comp="175" pin=0"/></net>

<net id="180"><net_src comp="36" pin="0"/><net_sink comp="175" pin=1"/></net>

<net id="186"><net_src comp="161" pin="2"/><net_sink comp="181" pin=0"/></net>

<net id="187"><net_src comp="36" pin="0"/><net_sink comp="181" pin=1"/></net>

<net id="188"><net_src comp="175" pin="2"/><net_sink comp="181" pin=2"/></net>

<net id="193"><net_src comp="143" pin="2"/><net_sink comp="189" pin=0"/></net>

<net id="198"><net_src comp="167" pin="3"/><net_sink comp="194" pin=0"/></net>

<net id="203"><net_src comp="181" pin="3"/><net_sink comp="199" pin=0"/></net>

<net id="215"><net_src comp="22" pin="0"/><net_sink comp="210" pin=1"/></net>

<net id="216"><net_src comp="207" pin="1"/><net_sink comp="210" pin=2"/></net>

<net id="224"><net_src comp="217" pin="1"/><net_sink comp="220" pin=0"/></net>

<net id="225"><net_src comp="38" pin="0"/><net_sink comp="220" pin=1"/></net>

<net id="230"><net_src comp="40" pin="0"/><net_sink comp="226" pin=1"/></net>

<net id="235"><net_src comp="204" pin="1"/><net_sink comp="231" pin=0"/></net>

<net id="236"><net_src comp="42" pin="0"/><net_sink comp="231" pin=1"/></net>

<net id="241"><net_src comp="231" pin="2"/><net_sink comp="237" pin=0"/></net>

<net id="242"><net_src comp="226" pin="2"/><net_sink comp="237" pin=1"/></net>

<net id="247"><net_src comp="210" pin="3"/><net_sink comp="243" pin=0"/></net>

<net id="248"><net_src comp="44" pin="0"/><net_sink comp="243" pin=1"/></net>

<net id="253"><net_src comp="237" pin="2"/><net_sink comp="249" pin=0"/></net>

<net id="259"><net_src comp="249" pin="2"/><net_sink comp="254" pin=0"/></net>

<net id="260"><net_src comp="22" pin="0"/><net_sink comp="254" pin=1"/></net>

<net id="261"><net_src comp="204" pin="1"/><net_sink comp="254" pin=2"/></net>

<net id="267"><net_src comp="237" pin="2"/><net_sink comp="262" pin=0"/></net>

<net id="268"><net_src comp="243" pin="2"/><net_sink comp="262" pin=1"/></net>

<net id="269"><net_src comp="210" pin="3"/><net_sink comp="262" pin=2"/></net>

<net id="273"><net_src comp="262" pin="3"/><net_sink comp="270" pin=0"/></net>

<net id="278"><net_src comp="254" pin="3"/><net_sink comp="274" pin=0"/></net>

<net id="279"><net_src comp="44" pin="0"/><net_sink comp="274" pin=1"/></net>

<net id="284"><net_src comp="262" pin="3"/><net_sink comp="280" pin=0"/></net>

<net id="289"><net_src comp="274" pin="2"/><net_sink comp="285" pin=0"/></net>

<net id="293"><net_src comp="290" pin="1"/><net_sink comp="82" pin=2"/></net>

<net id="300"><net_src comp="297" pin="1"/><net_sink comp="95" pin=2"/></net>

<net id="307"><net_src comp="220" pin="2"/><net_sink comp="301" pin=0"/></net>

<net id="308"><net_src comp="270" pin="1"/><net_sink comp="301" pin=1"/></net>

<net id="309"><net_src comp="46" pin="0"/><net_sink comp="301" pin=2"/></net>

<net id="310"><net_src comp="294" pin="1"/><net_sink comp="301" pin=3"/></net>

<net id="311"><net_src comp="301" pin="4"/><net_sink comp="297" pin=0"/></net>

<net id="315"><net_src comp="62" pin="1"/><net_sink comp="312" pin=0"/></net>

<net id="316"><net_src comp="312" pin="1"/><net_sink comp="129" pin=1"/></net>

<net id="317"><net_src comp="312" pin="1"/><net_sink comp="204" pin=0"/></net>

<net id="318"><net_src comp="312" pin="1"/><net_sink comp="285" pin=1"/></net>

<net id="322"><net_src comp="66" pin="1"/><net_sink comp="319" pin=0"/></net>

<net id="323"><net_src comp="319" pin="1"/><net_sink comp="124" pin=1"/></net>

<net id="324"><net_src comp="319" pin="1"/><net_sink comp="207" pin=0"/></net>

<net id="325"><net_src comp="319" pin="1"/><net_sink comp="280" pin=1"/></net>

<net id="329"><net_src comp="70" pin="1"/><net_sink comp="326" pin=0"/></net>

<net id="330"><net_src comp="326" pin="1"/><net_sink comp="119" pin=1"/></net>

<net id="331"><net_src comp="326" pin="1"/><net_sink comp="149" pin=0"/></net>

<net id="332"><net_src comp="326" pin="1"/><net_sink comp="199" pin=1"/></net>

<net id="336"><net_src comp="74" pin="1"/><net_sink comp="333" pin=0"/></net>

<net id="337"><net_src comp="333" pin="1"/><net_sink comp="114" pin=1"/></net>

<net id="338"><net_src comp="333" pin="1"/><net_sink comp="152" pin=0"/></net>

<net id="339"><net_src comp="333" pin="1"/><net_sink comp="194" pin=1"/></net>

<net id="343"><net_src comp="78" pin="1"/><net_sink comp="340" pin=0"/></net>

<net id="344"><net_src comp="340" pin="1"/><net_sink comp="109" pin=1"/></net>

<net id="345"><net_src comp="340" pin="1"/><net_sink comp="134" pin=0"/></net>

<net id="346"><net_src comp="340" pin="1"/><net_sink comp="189" pin=1"/></net>

<net id="350"><net_src comp="137" pin="2"/><net_sink comp="347" pin=0"/></net>

<net id="354"><net_src comp="161" pin="2"/><net_sink comp="351" pin=0"/></net>

<net id="355"><net_src comp="351" pin="1"/><net_sink comp="210" pin=0"/></net>

<net id="356"><net_src comp="351" pin="1"/><net_sink comp="226" pin=0"/></net>

<net id="357"><net_src comp="351" pin="1"/><net_sink comp="249" pin=1"/></net>

<net id="361"><net_src comp="167" pin="3"/><net_sink comp="358" pin=0"/></net>

<net id="362"><net_src comp="358" pin="1"/><net_sink comp="217" pin=0"/></net>

<net id="363"><net_src comp="358" pin="1"/><net_sink comp="290" pin=0"/></net>

<net id="367"><net_src comp="254" pin="3"/><net_sink comp="364" pin=0"/></net>

<net id="368"><net_src comp="364" pin="1"/><net_sink comp="294" pin=0"/></net>

<net id="372"><net_src comp="82" pin="3"/><net_sink comp="369" pin=0"/></net>

<net id="373"><net_src comp="369" pin="1"/><net_sink comp="89" pin=0"/></net>

<net id="377"><net_src comp="294" pin="1"/><net_sink comp="374" pin=0"/></net>

<net id="378"><net_src comp="374" pin="1"/><net_sink comp="301" pin=1"/></net>

</net_list>

</model> 
---------------- Datapath Model END ------------------

* FSMD analyzer results:
  - Output states:
	Port: output_fm | {6 }
 - Input state : 
	Port: conv_Pipeline_VITIS_LOOP_18_1_VITIS_LOOP_19_2_VITIS_LOOP_20_3 : biases | {5 6 }
  - Chain level:
	State 1
		store_ln0 : 1
		store_ln0 : 1
		store_ln0 : 1
		store_ln0 : 1
		store_ln0 : 1
	State 2
		icmp_ln18 : 1
		add_ln18_1 : 1
		br_ln18 : 2
		add_ln18 : 1
		icmp_ln19 : 1
		select_ln18_1 : 2
		add_ln19_1 : 1
		select_ln19_2 : 2
		store_ln20 : 2
		store_ln20 : 3
		store_ln20 : 3
	State 3
		select_ln18 : 1
		mul_ln21 : 1
		icmp_ln20 : 1
		and_ln18 : 2
		add_ln19 : 2
		or_ln19 : 2
		select_ln19 : 2
		select_ln19_1 : 3
		zext_ln21_1 : 4
		add_ln21 : 5
		add_ln21_cast : 6
		mul_ln21_1 : 7
		add_ln20 : 3
		store_ln20 : 4
		store_ln20 : 4
	State 4
	State 5
		biases_addr : 1
		biases_load : 2
		add_ln21_1 : 1
	State 6
		zext_ln21_3 : 1
		output_fm_addr : 2
		store_ln21 : 3


============================================================
+ Verbose Summary: Datapath Resource usage 
============================================================

* Functional unit list:
|----------|----------------------|---------|---------|---------|
| Operation|    Functional Unit   |   DSP   |    FF   |   LUT   |
|----------|----------------------|---------|---------|---------|
|          |   add_ln18_1_fu_143  |    0    |    0    |    25   |
|          |    add_ln18_fu_155   |    0    |    0    |    14   |
|    add   |   add_ln19_1_fu_175  |    0    |    0    |    12   |
|          |    add_ln19_fu_243   |    0    |    0    |    14   |
|          |    add_ln20_fu_274   |    0    |    0    |    14   |
|----------|----------------------|---------|---------|---------|
|          | select_ln18_1_fu_167 |    0    |    0    |    7    |
|          | select_ln19_2_fu_181 |    0    |    0    |    12   |
|  select  |  select_ln18_fu_210  |    0    |    0    |    6    |
|          |  select_ln19_fu_254  |    0    |    0    |    6    |
|          | select_ln19_1_fu_262 |    0    |    0    |    6    |
|----------|----------------------|---------|---------|---------|
|          |   icmp_ln18_fu_137   |    0    |    0    |    13   |
|   icmp   |   icmp_ln19_fu_161   |    0    |    0    |    12   |
|          |   icmp_ln20_fu_231   |    0    |    0    |    10   |
|----------|----------------------|---------|---------|---------|
|    mul   |    mul_ln21_fu_220   |    0    |    0    |    33   |
|----------|----------------------|---------|---------|---------|
|    xor   |    xor_ln18_fu_226   |    0    |    0    |    2    |
|----------|----------------------|---------|---------|---------|
|    and   |    and_ln18_fu_237   |    0    |    0    |    2    |
|----------|----------------------|---------|---------|---------|
|    or    |    or_ln19_fu_249    |    0    |    0    |    2    |
|----------|----------------------|---------|---------|---------|
| addmuladd|      grp_fu_301      |    1    |    0    |    0    |
|----------|----------------------|---------|---------|---------|
|          |   zext_ln21_fu_217   |    0    |    0    |    0    |
|          |  zext_ln21_1_fu_270  |    0    |    0    |    0    |
|   zext   |   zext_ln18_fu_290   |    0    |    0    |    0    |
|          |  zext_ln21_2_fu_294  |    0    |    0    |    0    |
|          |  zext_ln21_3_fu_297  |    0    |    0    |    0    |
|----------|----------------------|---------|---------|---------|
|   Total  |                      |    1    |    0    |   190   |
|----------|----------------------|---------|---------|---------|

Memories:
N/A

* Register list:
+------------------------+--------+
|                        |   FF   |
+------------------------+--------+
|   biases_addr_reg_369  |    6   |
|    icmp_ln18_reg_347   |    1   |
|    icmp_ln19_reg_351   |    1   |
|indvar_flatten14_reg_340|   18   |
| indvar_flatten_reg_326 |   12   |
|  select_ln18_1_reg_358 |    7   |
|   select_ln19_reg_364  |    6   |
|        x_reg_333       |    7   |
|        y_reg_319       |    6   |
|        z_reg_312       |    6   |
|   zext_ln21_2_reg_374  |   18   |
+------------------------+--------+
|          Total         |   88   |
+------------------------+--------+

* Multiplexer (MUX) list: 
|------------------|------|------|------|--------||---------||---------|
|       Comp       |  Pin | Size |  BW  | S x BW ||  Delay  ||   LUT   |
|------------------|------|------|------|--------||---------||---------|
| grp_access_fu_89 |  p0  |   2  |   6  |   12   ||    9    |
|    grp_fu_301    |  p1  |   2  |   6  |   12   ||    9    |
|------------------|------|------|------|--------||---------||---------|
|       Total      |      |      |      |   24   ||  3.176  ||    18   |
|------------------|------|------|------|--------||---------||---------|



* Summary:
+-----------+--------+--------+--------+--------+
|           |   DSP  |  Delay |   FF   |   LUT  |
+-----------+--------+--------+--------+--------+
|  Function |    1   |    -   |    0   |   190  |
|   Memory  |    -   |    -   |    -   |    -   |
|Multiplexer|    -   |    3   |    -   |   18   |
|  Register |    -   |    -   |   88   |    -   |
+-----------+--------+--------+--------+--------+
|   Total   |    1   |    3   |   88   |   208  |
+-----------+--------+--------+--------+--------+
