

================================================================
== Vitis HLS Report for 'conv_Pipeline_VITIS_LOOP_51_10_VITIS_LOOP_52_11_VITIS_LOOP_53_12'
================================================================
* Date:           Wed Oct  7 15:53:11 2026

* Version:        2022.2 (Build 3670227 on Oct 13 2022)
* Project:        vitis.prj
* Solution:       solution1 (Vivado IP Flow Target)
* Product family: zynq
* Target device:  xc7z020-clg400-1


================================================================
== Performance Estimates
================================================================
+ Timing: 
    * Summary: 
    +--------+----------+----------+------------+
    |  Clock |  Target  | Estimated| Uncertainty|
    +--------+----------+----------+------------+
    |ap_clk  |  10.00 ns|  7.215 ns|     2.70 ns|
    +--------+----------+----------+------------+

+ Latency: 
    * Summary: 
    +---------+---------+----------+----------+--------+--------+---------+
    |  Latency (cycles) |  Latency (absolute) |     Interval    | Pipeline|
    |   min   |   max   |    min   |    max   |   min  |   max  |   Type  |
    +---------+---------+----------+----------+--------+--------+---------+
    |   193613|   193613|  1.936 ms|  1.936 ms|  193613|  193613|       no|
    +---------+---------+----------+----------+--------+--------+---------+

    + Detail: 
        * Instance: 
        N/A

        * Loop: 
        +------------------------------------------------------+---------+---------+----------+-----------+-----------+-------+----------+
        |                                                      |  Latency (cycles) | Iteration|  Initiation Interval  |  Trip |          |
        |                       Loop Name                      |   min   |   max   |  Latency |  achieved |   target  | Count | Pipelined|
        +------------------------------------------------------+---------+---------+----------+-----------+-----------+-------+----------+
        |- VITIS_LOOP_51_10_VITIS_LOOP_52_11_VITIS_LOOP_53_12  |   193611|   193611|        17|          5|          1|  38720|       yes|
        +------------------------------------------------------+---------+---------+----------+-----------+-----------+-------+----------+

============================================================
+ Verbose Summary: Synthesis Manager
============================================================
InlineROM: 1
ExposeGlobal: 0
============================================================
+ Verbose Summary: CDFG Model
============================================================
IsTopModel: 0
ResetActiveHigh: 1
IsCombinational: 0
IsDatapathOnly: 0
HasWiredReturn: 1
HasMFsm: 2
HasVarLatency: 1
IsPipeline: 0
IsRtlPipelined: 0
IsInstanceOverlapped: 0
IsDontTouch: 0
HasImplIP: 0
IsGatedGlobalClock: 0

+ Individual pipeline summary: 
  * Pipeline-0: initiation interval (II) = 5, depth = 18


============================================================
+ Verbose Summary: Schedule
============================================================
* Number of FSM states : 18
* Pipeline : 1
  Pipeline-0 : II = 5, D = 18, States = { 1 2 3 4 5 6 7 8 9 10 11 12 13 15 17 14 16 18 }
* Dataflow Pipeline: 0

* FSM state transitions: 
1 --> 2 
2 --> 3 
3 --> 4 
4 --> 5 
5 --> 6 
6 --> 7 
7 --> 8 
8 --> 9 
9 --> 10 
10 --> 11 
11 --> 12 
12 --> 13 
13 --> 15 
14 --> 16 
15 --> 17 
16 --> 18 
17 --> 14 
18 --> 

* FSM state operations: 

State 1 <SV = 0> <Delay = 1.58>
ST_1 : Operation 20 [1/1] (0.00ns)   --->   "%z = alloca i32 1"   --->   Operation 20 'alloca' 'z' <Predicate = true> <Delay = 0.00>
ST_1 : Operation 21 [1/1] (0.00ns)   --->   "%y = alloca i32 1"   --->   Operation 21 'alloca' 'y' <Predicate = true> <Delay = 0.00>
ST_1 : Operation 22 [1/1] (0.00ns)   --->   "%indvar_flatten190 = alloca i32 1"   --->   Operation 22 'alloca' 'indvar_flatten190' <Predicate = true> <Delay = 0.00>
ST_1 : Operation 23 [1/1] (0.00ns)   --->   "%x = alloca i32 1"   --->   Operation 23 'alloca' 'x' <Predicate = true> <Delay = 0.00>
ST_1 : Operation 24 [1/1] (0.00ns)   --->   "%indvar_flatten204 = alloca i32 1"   --->   Operation 24 'alloca' 'indvar_flatten204' <Predicate = true> <Delay = 0.00>
ST_1 : Operation 25 [1/1] (0.00ns)   --->   "%specinterface_ln0 = specinterface void @_ssdm_op_SpecInterface, i32 %output_fm, void @empty_5, i32 0, i32 0, void @empty, i32 4294967295, i32 0, void @empty, void @empty, void @empty, i32 0, i32 0, i32 0, i32 0, void @empty, void @empty, i32 4294967295, i32 0"   --->   Operation 25 'specinterface' 'specinterface_ln0' <Predicate = true> <Delay = 0.00>
ST_1 : Operation 26 [1/1] (1.58ns)   --->   "%store_ln0 = store i16 0, i16 %indvar_flatten204"   --->   Operation 26 'store' 'store_ln0' <Predicate = true> <Delay = 1.58>
ST_1 : Operation 27 [1/1] (1.58ns)   --->   "%store_ln0 = store i7 0, i7 %x"   --->   Operation 27 'store' 'store_ln0' <Predicate = true> <Delay = 1.58>
ST_1 : Operation 28 [1/1] (1.58ns)   --->   "%store_ln0 = store i10 0, i10 %indvar_flatten190"   --->   Operation 28 'store' 'store_ln0' <Predicate = true> <Delay = 1.58>
ST_1 : Operation 29 [1/1] (1.58ns)   --->   "%store_ln0 = store i6 0, i6 %y"   --->   Operation 29 'store' 'store_ln0' <Predicate = true> <Delay = 1.58>
ST_1 : Operation 30 [1/1] (1.58ns)   --->   "%store_ln0 = store i6 0, i6 %z"   --->   Operation 30 'store' 'store_ln0' <Predicate = true> <Delay = 1.58>
ST_1 : Operation 31 [1/1] (0.00ns)   --->   "%br_ln0 = br void %for.body95"   --->   Operation 31 'br' 'br_ln0' <Predicate = true> <Delay = 0.00>

State 2 <SV = 1> <Delay = 4.45>
ST_2 : Operation 32 [1/1] (0.00ns)   --->   "%indvar_flatten190_load = load i10 %indvar_flatten190" [conv.cpp:52]   --->   Operation 32 'load' 'indvar_flatten190_load' <Predicate = true> <Delay = 0.00>
ST_2 : Operation 33 [1/1] (0.00ns)   --->   "%indvar_flatten204_load = load i16 %indvar_flatten204" [conv.cpp:51]   --->   Operation 33 'load' 'indvar_flatten204_load' <Predicate = true> <Delay = 0.00>
ST_2 : Operation 34 [1/1] (0.00ns)   --->   "%specpipeline_ln0 = specpipeline void @_ssdm_op_SpecPipeline, i32 4294967295, i32 0, i32 1, i32 0, void @p_str"   --->   Operation 34 'specpipeline' 'specpipeline_ln0' <Predicate = true> <Delay = 0.00>
ST_2 : Operation 35 [1/1] (2.42ns)   --->   "%icmp_ln51 = icmp_eq  i16 %indvar_flatten204_load, i16 38720" [conv.cpp:51]   --->   Operation 35 'icmp' 'icmp_ln51' <Predicate = true> <Delay = 2.42> <CoreInst = "Cmp">   --->   Core 9 'Cmp' <Latency = 0> <II = 1> <Delay = 2.42> <FuncUnit> <Opcode : 'icmp'> <InPorts = 2> <OutPorts = 1>
ST_2 : Operation 36 [1/1] (2.07ns)   --->   "%add_ln51_1 = add i16 %indvar_flatten204_load, i16 1" [conv.cpp:51]   --->   Operation 36 'add' 'add_ln51_1' <Predicate = true> <Delay = 2.07> <CoreInst = "Adder">   --->   Core 1 'Adder' <Latency = 0> <II = 1> <Delay = 2.07> <FuncUnit> <Opcode : 'add' 'sub'> <InPorts = 2> <OutPorts = 1>
ST_2 : Operation 37 [1/1] (0.00ns)   --->   "%br_ln51 = br i1 %icmp_ln51, void %for.inc117, void %for.end119.exitStub" [conv.cpp:51]   --->   Operation 37 'br' 'br_ln51' <Predicate = true> <Delay = 0.00>
ST_2 : Operation 38 [1/1] (0.00ns)   --->   "%x_load = load i7 %x" [conv.cpp:51]   --->   Operation 38 'load' 'x_load' <Predicate = (!icmp_ln51)> <Delay = 0.00>
ST_2 : Operation 39 [1/1] (1.87ns)   --->   "%add_ln51 = add i7 %x_load, i7 1" [conv.cpp:51]   --->   Operation 39 'add' 'add_ln51' <Predicate = (!icmp_ln51)> <Delay = 1.87> <CoreInst = "Adder">   --->   Core 1 'Adder' <Latency = 0> <II = 1> <Delay = 1.87> <FuncUnit> <Opcode : 'add' 'sub'> <InPorts = 2> <OutPorts = 1>
ST_2 : Operation 40 [1/1] (1.77ns)   --->   "%icmp_ln52 = icmp_eq  i10 %indvar_flatten190_load, i10 605" [conv.cpp:52]   --->   Operation 40 'icmp' 'icmp_ln52' <Predicate = (!icmp_ln51)> <Delay = 1.77> <CoreInst = "Cmp">   --->   Core 9 'Cmp' <Latency = 0> <II = 1> <Delay = 1.77> <FuncUnit> <Opcode : 'icmp'> <InPorts = 2> <OutPorts = 1>
ST_2 : Operation 41 [1/1] (0.99ns)   --->   "%select_ln51_2 = select i1 %icmp_ln52, i7 %add_ln51, i7 %x_load" [conv.cpp:51]   --->   Operation 41 'select' 'select_ln51_2' <Predicate = (!icmp_ln51)> <Delay = 0.99> <CoreInst = "Sel">   --->   Core 73 'Sel' <Latency = 0> <II = 1> <Delay = 0.99> <FuncUnit> <Opcode : 'select'> <InPorts = 3> <OutPorts = 1>
ST_2 : Operation 42 [1/1] (0.00ns)   --->   "%zext_ln55 = zext i7 %select_ln51_2" [conv.cpp:55]   --->   Operation 42 'zext' 'zext_ln55' <Predicate = (!icmp_ln51)> <Delay = 0.00>
ST_2 : Operation 43 [3/3] (1.05ns) (grouped into DSP with root node add_ln55)   --->   "%mul_ln55 = mul i13 %zext_ln55, i13 55" [conv.cpp:55]   --->   Operation 43 'mul' 'mul_ln55' <Predicate = (!icmp_ln51)> <Delay = 1.05> <CoreInst = "DSP48">   --->   Core 119 'DSP48' <Latency = 3> <II = 1> <Delay = 2.15> <IPBlock> <Opcode : 'mul' 'add' 'sub' 'select'> <InPorts = 0> <OutPorts = 1> <Sync> <CReg>
ST_2 : Operation 44 [1/1] (1.58ns)   --->   "%store_ln53 = store i16 %add_ln51_1, i16 %indvar_flatten204" [conv.cpp:53]   --->   Operation 44 'store' 'store_ln53' <Predicate = (!icmp_ln51)> <Delay = 1.58>
ST_2 : Operation 45 [1/1] (1.58ns)   --->   "%store_ln53 = store i7 %select_ln51_2, i7 %x" [conv.cpp:53]   --->   Operation 45 'store' 'store_ln53' <Predicate = (!icmp_ln51)> <Delay = 1.58>

State 3 <SV = 2> <Delay = 1.05>
ST_3 : Operation 46 [2/3] (1.05ns) (grouped into DSP with root node add_ln55)   --->   "%mul_ln55 = mul i13 %zext_ln55, i13 55" [conv.cpp:55]   --->   Operation 46 'mul' 'mul_ln55' <Predicate = (!icmp_ln51)> <Delay = 1.05> <CoreInst = "DSP48">   --->   Core 119 'DSP48' <Latency = 3> <II = 1> <Delay = 2.15> <IPBlock> <Opcode : 'mul' 'add' 'sub' 'select'> <InPorts = 0> <OutPorts = 1> <Sync> <CReg>

State 4 <SV = 3> <Delay = 6.30>
ST_4 : Operation 47 [1/1] (0.00ns)   --->   "%z_load = load i6 %z" [conv.cpp:53]   --->   Operation 47 'load' 'z_load' <Predicate = (!icmp_ln51)> <Delay = 0.00>
ST_4 : Operation 48 [1/1] (0.00ns)   --->   "%y_load = load i6 %y" [conv.cpp:51]   --->   Operation 48 'load' 'y_load' <Predicate = (!icmp_ln51 & !icmp_ln52)> <Delay = 0.00>
ST_4 : Operation 49 [1/1] (1.18ns)   --->   "%select_ln51 = select i1 %icmp_ln52, i6 0, i6 %y_load" [conv.cpp:51]   --->   Operation 49 'select' 'select_ln51' <Predicate = (!icmp_ln51)> <Delay = 1.18> <CoreInst = "Sel">   --->   Core 73 'Sel' <Latency = 0> <II = 1> <Delay = 1.18> <FuncUnit> <Opcode : 'select'> <InPorts = 3> <OutPorts = 1>
ST_4 : Operation 50 [1/3] (0.00ns) (grouped into DSP with root node add_ln55)   --->   "%mul_ln55 = mul i13 %zext_ln55, i13 55" [conv.cpp:55]   --->   Operation 50 'mul' 'mul_ln55' <Predicate = (!icmp_ln51)> <Delay = 0.00> <CoreInst = "DSP48">   --->   Core 119 'DSP48' <Latency = 3> <II = 1> <Delay = 2.15> <IPBlock> <Opcode : 'mul' 'add' 'sub' 'select'> <InPorts = 0> <OutPorts = 1> <Sync> <CReg>
ST_4 : Operation 51 [1/1] (1.42ns)   --->   "%icmp_ln53 = icmp_ult  i6 %z_load, i6 55" [conv.cpp:53]   --->   Operation 51 'icmp' 'icmp_ln53' <Predicate = (!icmp_ln51)> <Delay = 1.42> <CoreInst = "Cmp">   --->   Core 9 'Cmp' <Latency = 0> <II = 1> <Delay = 1.42> <FuncUnit> <Opcode : 'icmp'> <InPorts = 2> <OutPorts = 1>
ST_4 : Operation 52 [1/1] (0.97ns)   --->   "%or_ln51 = or i1 %icmp_ln52, i1 %icmp_ln53" [conv.cpp:51]   --->   Operation 52 'or' 'or_ln51' <Predicate = (!icmp_ln51)> <Delay = 0.97> <CoreInst = "LogicGate">   --->   Core 74 'LogicGate' <Latency = 0> <II = 1> <Delay = 0.97> <FuncUnit> <Opcode : 'and' 'or' 'xor'> <InPorts = 2> <OutPorts = 1>
ST_4 : Operation 53 [1/1] (1.82ns)   --->   "%add_ln52 = add i6 %select_ln51, i6 1" [conv.cpp:52]   --->   Operation 53 'add' 'add_ln52' <Predicate = (!icmp_ln51)> <Delay = 1.82> <CoreInst = "Adder">   --->   Core 1 'Adder' <Latency = 0> <II = 1> <Delay = 1.82> <FuncUnit> <Opcode : 'add' 'sub'> <InPorts = 2> <OutPorts = 1>
ST_4 : Operation 54 [1/1] (1.18ns)   --->   "%select_ln52_1 = select i1 %or_ln51, i6 %select_ln51, i6 %add_ln52" [conv.cpp:52]   --->   Operation 54 'select' 'select_ln52_1' <Predicate = (!icmp_ln51)> <Delay = 1.18> <CoreInst = "Sel">   --->   Core 73 'Sel' <Latency = 0> <II = 1> <Delay = 1.18> <FuncUnit> <Opcode : 'select'> <InPorts = 3> <OutPorts = 1>
ST_4 : Operation 55 [1/1] (0.00ns)   --->   "%zext_ln55_1 = zext i6 %select_ln52_1" [conv.cpp:55]   --->   Operation 55 'zext' 'zext_ln55_1' <Predicate = (!icmp_ln51)> <Delay = 0.00>
ST_4 : Operation 56 [2/2] (2.10ns) (root node of the DSP)   --->   "%add_ln55 = add i13 %mul_ln55, i13 %zext_ln55_1" [conv.cpp:55]   --->   Operation 56 'add' 'add_ln55' <Predicate = (!icmp_ln51)> <Delay = 2.10> <CoreInst = "DSP48">   --->   Core 119 'DSP48' <Latency = 3> <II = 1> <Delay = 2.15> <IPBlock> <Opcode : 'mul' 'add' 'sub' 'select'> <InPorts = 0> <OutPorts = 1> <Sync> <CReg>
ST_4 : Operation 57 [1/1] (1.58ns)   --->   "%store_ln53 = store i6 %select_ln52_1, i6 %y" [conv.cpp:53]   --->   Operation 57 'store' 'store_ln53' <Predicate = (!icmp_ln51)> <Delay = 1.58>

State 5 <SV = 4> <Delay = 4.25>
ST_5 : Operation 58 [1/2] (2.10ns) (root node of the DSP)   --->   "%add_ln55 = add i13 %mul_ln55, i13 %zext_ln55_1" [conv.cpp:55]   --->   Operation 58 'add' 'add_ln55' <Predicate = (!icmp_ln51)> <Delay = 2.10> <CoreInst = "DSP48">   --->   Core 119 'DSP48' <Latency = 3> <II = 1> <Delay = 2.15> <IPBlock> <Opcode : 'mul' 'add' 'sub' 'select'> <InPorts = 0> <OutPorts = 1> <Sync> <CReg>
ST_5 : Operation 59 [1/1] (0.00ns)   --->   "%add_ln55_cast = zext i13 %add_ln55" [conv.cpp:55]   --->   Operation 59 'zext' 'add_ln55_cast' <Predicate = (!icmp_ln51)> <Delay = 0.00>
ST_5 : Operation 60 [4/4] (2.15ns) (root node of the DSP)   --->   "%mul_ln55_1 = mul i18 %add_ln55_cast, i18 55" [conv.cpp:55]   --->   Operation 60 'mul' 'mul_ln55_1' <Predicate = (!icmp_ln51)> <Delay = 2.15> <CoreInst = "DSP48">   --->   Core 119 'DSP48' <Latency = 3> <II = 1> <Delay = 2.15> <IPBlock> <Opcode : 'mul' 'add' 'sub' 'select'> <InPorts = 0> <OutPorts = 1> <Sync> <CReg>

State 6 <SV = 5> <Delay = 4.00>
ST_6 : Operation 61 [3/4] (2.15ns) (root node of the DSP)   --->   "%mul_ln55_1 = mul i18 %add_ln55_cast, i18 55" [conv.cpp:55]   --->   Operation 61 'mul' 'mul_ln55_1' <Predicate = (!icmp_ln51)> <Delay = 2.15> <CoreInst = "DSP48">   --->   Core 119 'DSP48' <Latency = 3> <II = 1> <Delay = 2.15> <IPBlock> <Opcode : 'mul' 'add' 'sub' 'select'> <InPorts = 0> <OutPorts = 1> <Sync> <CReg>
ST_6 : Operation 62 [1/1] (1.73ns)   --->   "%add_ln52_1 = add i10 %indvar_flatten190_load, i10 1" [conv.cpp:52]   --->   Operation 62 'add' 'add_ln52_1' <Predicate = (!icmp_ln51 & !icmp_ln52)> <Delay = 1.73> <CoreInst = "Adder">   --->   Core 1 'Adder' <Latency = 0> <II = 1> <Delay = 1.73> <FuncUnit> <Opcode : 'add' 'sub'> <InPorts = 2> <OutPorts = 1>
ST_6 : Operation 63 [1/1] (0.68ns)   --->   "%select_ln52_2 = select i1 %icmp_ln52, i10 1, i10 %add_ln52_1" [conv.cpp:52]   --->   Operation 63 'select' 'select_ln52_2' <Predicate = (!icmp_ln51)> <Delay = 0.68> <CoreInst = "Sel">   --->   Core 73 'Sel' <Latency = 0> <II = 1> <Delay = 0.68> <FuncUnit> <Opcode : 'select'> <InPorts = 3> <OutPorts = 1>
ST_6 : Operation 64 [1/1] (1.58ns)   --->   "%store_ln53 = store i10 %select_ln52_2, i10 %indvar_flatten190" [conv.cpp:53]   --->   Operation 64 'store' 'store_ln53' <Predicate = (!icmp_ln51)> <Delay = 1.58>

State 7 <SV = 6> <Delay = 2.15>
ST_7 : Operation 65 [2/4] (2.15ns) (root node of the DSP)   --->   "%mul_ln55_1 = mul i18 %add_ln55_cast, i18 55" [conv.cpp:55]   --->   Operation 65 'mul' 'mul_ln55_1' <Predicate = true> <Delay = 2.15> <CoreInst = "DSP48">   --->   Core 119 'DSP48' <Latency = 3> <II = 1> <Delay = 2.15> <IPBlock> <Opcode : 'mul' 'add' 'sub' 'select'> <InPorts = 0> <OutPorts = 1> <Sync> <CReg>

State 8 <SV = 7> <Delay = 4.60>
ST_8 : Operation 66 [1/1] (0.00ns) (grouped into LUT with out node select_ln52)   --->   "%select_ln51_1 = select i1 %icmp_ln52, i6 0, i6 %z_load" [conv.cpp:51]   --->   Operation 66 'select' 'select_ln51_1' <Predicate = (or_ln51)> <Delay = 0.00> <CoreInst = "Sel">   --->   Core 73 'Sel' <Latency = 0> <II = 1> <Delay = 1.18> <FuncUnit> <Opcode : 'select'> <InPorts = 3> <OutPorts = 1>
ST_8 : Operation 67 [1/1] (1.18ns) (out node of the LUT)   --->   "%select_ln52 = select i1 %or_ln51, i6 %select_ln51_1, i6 0" [conv.cpp:52]   --->   Operation 67 'select' 'select_ln52' <Predicate = true> <Delay = 1.18> <CoreInst = "Sel">   --->   Core 73 'Sel' <Latency = 0> <II = 1> <Delay = 1.18> <FuncUnit> <Opcode : 'select'> <InPorts = 3> <OutPorts = 1>
ST_8 : Operation 68 [1/4] (0.00ns) (root node of the DSP)   --->   "%mul_ln55_1 = mul i18 %add_ln55_cast, i18 55" [conv.cpp:55]   --->   Operation 68 'mul' 'mul_ln55_1' <Predicate = true> <Delay = 0.00> <CoreInst = "DSP48">   --->   Core 119 'DSP48' <Latency = 3> <II = 1> <Delay = 2.15> <IPBlock> <Opcode : 'mul' 'add' 'sub' 'select'> <InPorts = 0> <OutPorts = 1> <Sync> <CReg>
ST_8 : Operation 69 [1/1] (1.82ns)   --->   "%add_ln53_4 = add i6 %select_ln52, i6 5" [conv.cpp:53]   --->   Operation 69 'add' 'add_ln53_4' <Predicate = true> <Delay = 1.82> <CoreInst = "Adder">   --->   Core 1 'Adder' <Latency = 0> <II = 1> <Delay = 1.82> <FuncUnit> <Opcode : 'add' 'sub'> <InPorts = 2> <OutPorts = 1>
ST_8 : Operation 70 [1/1] (1.58ns)   --->   "%store_ln53 = store i6 %add_ln53_4, i6 %z" [conv.cpp:53]   --->   Operation 70 'store' 'store_ln53' <Predicate = true> <Delay = 1.58>
ST_8 : Operation 71 [1/1] (0.00ns)   --->   "%br_ln53 = br void %for.body95" [conv.cpp:53]   --->   Operation 71 'br' 'br_ln53' <Predicate = true> <Delay = 0.00>

State 9 <SV = 8> <Delay = 7.21>
ST_9 : Operation 72 [1/1] (0.00ns)   --->   "%zext_ln55_2 = zext i6 %select_ln52" [conv.cpp:55]   --->   Operation 72 'zext' 'zext_ln55_2' <Predicate = true> <Delay = 0.00>
ST_9 : Operation 73 [1/1] (2.13ns)   --->   "%add_ln55_1 = add i18 %mul_ln55_1, i18 %zext_ln55_2" [conv.cpp:55]   --->   Operation 73 'add' 'add_ln55_1' <Predicate = true> <Delay = 2.13> <CoreInst = "Adder">   --->   Core 1 'Adder' <Latency = 0> <II = 1> <Delay = 2.13> <FuncUnit> <Opcode : 'add' 'sub'> <InPorts = 2> <OutPorts = 1>
ST_9 : Operation 74 [1/1] (0.00ns)   --->   "%zext_ln55_3 = zext i18 %add_ln55_1" [conv.cpp:55]   --->   Operation 74 'zext' 'zext_ln55_3' <Predicate = true> <Delay = 0.00>
ST_9 : Operation 75 [1/1] (0.00ns)   --->   "%output_fm_addr = getelementptr i32 %output_fm, i64 0, i64 %zext_ln55_3" [conv.cpp:55]   --->   Operation 75 'getelementptr' 'output_fm_addr' <Predicate = true> <Delay = 0.00>
ST_9 : Operation 76 [2/2] (3.25ns)   --->   "%output_fm_load = load i18 %output_fm_addr" [conv.cpp:55]   --->   Operation 76 'load' 'output_fm_load' <Predicate = true> <Delay = 3.25> <CoreInst = "RAM">   --->   Core 82 'RAM' <Latency = 1> <II = 1> <Delay = 3.25> <Storage> <Opcode : 'load' 'store'> <Ports = 2> <Width = 32> <Depth = 193600> <RAM>
ST_9 : Operation 77 [1/1] (1.82ns)   --->   "%add_ln53 = add i6 %select_ln52, i6 1" [conv.cpp:53]   --->   Operation 77 'add' 'add_ln53' <Predicate = true> <Delay = 1.82> <CoreInst = "Adder">   --->   Core 1 'Adder' <Latency = 0> <II = 1> <Delay = 1.82> <FuncUnit> <Opcode : 'add' 'sub'> <InPorts = 2> <OutPorts = 1>
ST_9 : Operation 78 [1/1] (0.00ns)   --->   "%zext_ln55_4 = zext i6 %add_ln53" [conv.cpp:55]   --->   Operation 78 'zext' 'zext_ln55_4' <Predicate = true> <Delay = 0.00>
ST_9 : Operation 79 [1/1] (2.13ns)   --->   "%add_ln55_2 = add i18 %mul_ln55_1, i18 %zext_ln55_4" [conv.cpp:55]   --->   Operation 79 'add' 'add_ln55_2' <Predicate = true> <Delay = 2.13> <CoreInst = "Adder">   --->   Core 1 'Adder' <Latency = 0> <II = 1> <Delay = 2.13> <FuncUnit> <Opcode : 'add' 'sub'> <InPorts = 2> <OutPorts = 1>
ST_9 : Operation 80 [1/1] (0.00ns)   --->   "%zext_ln55_5 = zext i18 %add_ln55_2" [conv.cpp:55]   --->   Operation 80 'zext' 'zext_ln55_5' <Predicate = true> <Delay = 0.00>
ST_9 : Operation 81 [1/1] (0.00ns)   --->   "%output_fm_addr_1 = getelementptr i32 %output_fm, i64 0, i64 %zext_ln55_5" [conv.cpp:55]   --->   Operation 81 'getelementptr' 'output_fm_addr_1' <Predicate = true> <Delay = 0.00>
ST_9 : Operation 82 [2/2] (3.25ns)   --->   "%output_fm_load_1 = load i18 %output_fm_addr_1" [conv.cpp:55]   --->   Operation 82 'load' 'output_fm_load_1' <Predicate = true> <Delay = 3.25> <CoreInst = "RAM">   --->   Core 82 'RAM' <Latency = 1> <II = 1> <Delay = 3.25> <Storage> <Opcode : 'load' 'store'> <Ports = 2> <Width = 32> <Depth = 193600> <RAM>
ST_9 : Operation 83 [1/1] (1.82ns)   --->   "%add_ln53_1 = add i6 %select_ln52, i6 2" [conv.cpp:53]   --->   Operation 83 'add' 'add_ln53_1' <Predicate = true> <Delay = 1.82> <CoreInst = "Adder">   --->   Core 1 'Adder' <Latency = 0> <II = 1> <Delay = 1.82> <FuncUnit> <Opcode : 'add' 'sub'> <InPorts = 2> <OutPorts = 1>
ST_9 : Operation 84 [1/1] (1.82ns)   --->   "%add_ln53_2 = add i6 %select_ln52, i6 3" [conv.cpp:53]   --->   Operation 84 'add' 'add_ln53_2' <Predicate = true> <Delay = 1.82> <CoreInst = "Adder">   --->   Core 1 'Adder' <Latency = 0> <II = 1> <Delay = 1.82> <FuncUnit> <Opcode : 'add' 'sub'> <InPorts = 2> <OutPorts = 1>
ST_9 : Operation 85 [1/1] (1.82ns)   --->   "%add_ln53_3 = add i6 %select_ln52, i6 4" [conv.cpp:53]   --->   Operation 85 'add' 'add_ln53_3' <Predicate = true> <Delay = 1.82> <CoreInst = "Adder">   --->   Core 1 'Adder' <Latency = 0> <II = 1> <Delay = 1.82> <FuncUnit> <Opcode : 'add' 'sub'> <InPorts = 2> <OutPorts = 1>

State 10 <SV = 9> <Delay = 5.70>
ST_10 : Operation 86 [1/2] (3.25ns)   --->   "%output_fm_load = load i18 %output_fm_addr" [conv.cpp:55]   --->   Operation 86 'load' 'output_fm_load' <Predicate = true> <Delay = 3.25> <CoreInst = "RAM">   --->   Core 82 'RAM' <Latency = 1> <II = 1> <Delay = 3.25> <Storage> <Opcode : 'load' 'store'> <Ports = 2> <Width = 32> <Depth = 193600> <RAM>
ST_10 : Operation 87 [1/1] (0.00ns)   --->   "%tmp_s = partselect i8 @_ssdm_op_PartSelect.i8.i32.i32.i32, i32 %output_fm_load, i32 23, i32 30" [conv.cpp:55]   --->   Operation 87 'partselect' 'tmp_s' <Predicate = true> <Delay = 0.00>
ST_10 : Operation 88 [1/1] (0.00ns)   --->   "%trunc_ln55 = trunc i32 %output_fm_load" [conv.cpp:55]   --->   Operation 88 'trunc' 'trunc_ln55' <Predicate = true> <Delay = 0.00>
ST_10 : Operation 89 [1/1] (1.55ns)   --->   "%icmp_ln55 = icmp_ne  i8 %tmp_s, i8 255" [conv.cpp:55]   --->   Operation 89 'icmp' 'icmp_ln55' <Predicate = true> <Delay = 1.55> <CoreInst = "Cmp">   --->   Core 9 'Cmp' <Latency = 0> <II = 1> <Delay = 1.55> <FuncUnit> <Opcode : 'icmp'> <InPorts = 2> <OutPorts = 1>
ST_10 : Operation 90 [1/1] (2.44ns)   --->   "%icmp_ln55_1 = icmp_eq  i23 %trunc_ln55, i23 0" [conv.cpp:55]   --->   Operation 90 'icmp' 'icmp_ln55_1' <Predicate = true> <Delay = 2.44> <CoreInst = "Cmp">   --->   Core 9 'Cmp' <Latency = 0> <II = 1> <Delay = 2.44> <FuncUnit> <Opcode : 'icmp'> <InPorts = 2> <OutPorts = 1>
ST_10 : Operation 91 [1/2] (3.25ns)   --->   "%output_fm_load_1 = load i18 %output_fm_addr_1" [conv.cpp:55]   --->   Operation 91 'load' 'output_fm_load_1' <Predicate = true> <Delay = 3.25> <CoreInst = "RAM">   --->   Core 82 'RAM' <Latency = 1> <II = 1> <Delay = 3.25> <Storage> <Opcode : 'load' 'store'> <Ports = 2> <Width = 32> <Depth = 193600> <RAM>
ST_10 : Operation 92 [1/1] (0.00ns)   --->   "%tmp_2 = partselect i8 @_ssdm_op_PartSelect.i8.i32.i32.i32, i32 %output_fm_load_1, i32 23, i32 30" [conv.cpp:55]   --->   Operation 92 'partselect' 'tmp_2' <Predicate = true> <Delay = 0.00>
ST_10 : Operation 93 [1/1] (0.00ns)   --->   "%trunc_ln55_1 = trunc i32 %output_fm_load_1" [conv.cpp:55]   --->   Operation 93 'trunc' 'trunc_ln55_1' <Predicate = true> <Delay = 0.00>
ST_10 : Operation 94 [1/1] (1.55ns)   --->   "%icmp_ln55_2 = icmp_ne  i8 %tmp_2, i8 255" [conv.cpp:55]   --->   Operation 94 'icmp' 'icmp_ln55_2' <Predicate = true> <Delay = 1.55> <CoreInst = "Cmp">   --->   Core 9 'Cmp' <Latency = 0> <II = 1> <Delay = 1.55> <FuncUnit> <Opcode : 'icmp'> <InPorts = 2> <OutPorts = 1>
ST_10 : Operation 95 [1/1] (2.44ns)   --->   "%icmp_ln55_3 = icmp_eq  i23 %trunc_ln55_1, i23 0" [conv.cpp:55]   --->   Operation 95 'icmp' 'icmp_ln55_3' <Predicate = true> <Delay = 2.44> <CoreInst = "Cmp">   --->   Core 9 'Cmp' <Latency = 0> <II = 1> <Delay = 2.44> <FuncUnit> <Opcode : 'icmp'> <InPorts = 2> <OutPorts = 1>
ST_10 : Operation 96 [1/1] (0.00ns)   --->   "%zext_ln55_6 = zext i6 %add_ln53_1" [conv.cpp:55]   --->   Operation 96 'zext' 'zext_ln55_6' <Predicate = true> <Delay = 0.00>
ST_10 : Operation 97 [1/1] (2.13ns)   --->   "%add_ln55_3 = add i18 %mul_ln55_1, i18 %zext_ln55_6" [conv.cpp:55]   --->   Operation 97 'add' 'add_ln55_3' <Predicate = true> <Delay = 2.13> <CoreInst = "Adder">   --->   Core 1 'Adder' <Latency = 0> <II = 1> <Delay = 2.13> <FuncUnit> <Opcode : 'add' 'sub'> <InPorts = 2> <OutPorts = 1>
ST_10 : Operation 98 [1/1] (0.00ns)   --->   "%zext_ln55_7 = zext i18 %add_ln55_3" [conv.cpp:55]   --->   Operation 98 'zext' 'zext_ln55_7' <Predicate = true> <Delay = 0.00>
ST_10 : Operation 99 [1/1] (0.00ns)   --->   "%output_fm_addr_2 = getelementptr i32 %output_fm, i64 0, i64 %zext_ln55_7" [conv.cpp:55]   --->   Operation 99 'getelementptr' 'output_fm_addr_2' <Predicate = true> <Delay = 0.00>
ST_10 : Operation 100 [2/2] (3.25ns)   --->   "%output_fm_load_2 = load i18 %output_fm_addr_2" [conv.cpp:55]   --->   Operation 100 'load' 'output_fm_load_2' <Predicate = true> <Delay = 3.25> <CoreInst = "RAM">   --->   Core 82 'RAM' <Latency = 1> <II = 1> <Delay = 3.25> <Storage> <Opcode : 'load' 'store'> <Ports = 2> <Width = 32> <Depth = 193600> <RAM>
ST_10 : Operation 101 [1/1] (0.00ns)   --->   "%zext_ln55_8 = zext i6 %add_ln53_2" [conv.cpp:55]   --->   Operation 101 'zext' 'zext_ln55_8' <Predicate = true> <Delay = 0.00>
ST_10 : Operation 102 [1/1] (2.13ns)   --->   "%add_ln55_4 = add i18 %mul_ln55_1, i18 %zext_ln55_8" [conv.cpp:55]   --->   Operation 102 'add' 'add_ln55_4' <Predicate = true> <Delay = 2.13> <CoreInst = "Adder">   --->   Core 1 'Adder' <Latency = 0> <II = 1> <Delay = 2.13> <FuncUnit> <Opcode : 'add' 'sub'> <InPorts = 2> <OutPorts = 1>
ST_10 : Operation 103 [1/1] (0.00ns)   --->   "%zext_ln55_9 = zext i18 %add_ln55_4" [conv.cpp:55]   --->   Operation 103 'zext' 'zext_ln55_9' <Predicate = true> <Delay = 0.00>
ST_10 : Operation 104 [1/1] (0.00ns)   --->   "%output_fm_addr_3 = getelementptr i32 %output_fm, i64 0, i64 %zext_ln55_9" [conv.cpp:55]   --->   Operation 104 'getelementptr' 'output_fm_addr_3' <Predicate = true> <Delay = 0.00>
ST_10 : Operation 105 [2/2] (3.25ns)   --->   "%output_fm_load_3 = load i18 %output_fm_addr_3" [conv.cpp:55]   --->   Operation 105 'load' 'output_fm_load_3' <Predicate = true> <Delay = 3.25> <CoreInst = "RAM">   --->   Core 82 'RAM' <Latency = 1> <II = 1> <Delay = 3.25> <Storage> <Opcode : 'load' 'store'> <Ports = 2> <Width = 32> <Depth = 193600> <RAM>
ST_10 : Operation 106 [1/1] (0.00ns)   --->   "%zext_ln55_10 = zext i6 %add_ln53_3" [conv.cpp:55]   --->   Operation 106 'zext' 'zext_ln55_10' <Predicate = true> <Delay = 0.00>
ST_10 : Operation 107 [1/1] (2.13ns)   --->   "%add_ln55_5 = add i18 %mul_ln55_1, i18 %zext_ln55_10" [conv.cpp:55]   --->   Operation 107 'add' 'add_ln55_5' <Predicate = true> <Delay = 2.13> <CoreInst = "Adder">   --->   Core 1 'Adder' <Latency = 0> <II = 1> <Delay = 2.13> <FuncUnit> <Opcode : 'add' 'sub'> <InPorts = 2> <OutPorts = 1>

State 11 <SV = 10> <Delay = 5.70>
ST_11 : Operation 108 [1/1] (0.00ns)   --->   "%bitcast_ln55 = bitcast i32 %output_fm_load" [conv.cpp:55]   --->   Operation 108 'bitcast' 'bitcast_ln55' <Predicate = true> <Delay = 0.00>
ST_11 : Operation 109 [2/2] (5.43ns)   --->   "%tmp_1 = fcmp_olt  i32 %bitcast_ln55, i32 0" [conv.cpp:55]   --->   Operation 109 'fcmp' 'tmp_1' <Predicate = true> <Delay = 5.43> <CoreInst = "FCompare">   --->   Core 19 'FCompare' <Latency = 1> <II = 1> <Delay = 5.43> <FuncUnit> <Opcode : 'fcmp'> <InPorts = 2> <OutPorts = 1>
ST_11 : Operation 110 [1/2] (3.25ns)   --->   "%output_fm_load_2 = load i18 %output_fm_addr_2" [conv.cpp:55]   --->   Operation 110 'load' 'output_fm_load_2' <Predicate = true> <Delay = 3.25> <CoreInst = "RAM">   --->   Core 82 'RAM' <Latency = 1> <II = 1> <Delay = 3.25> <Storage> <Opcode : 'load' 'store'> <Ports = 2> <Width = 32> <Depth = 193600> <RAM>
ST_11 : Operation 111 [1/1] (0.00ns)   --->   "%tmp_4 = partselect i8 @_ssdm_op_PartSelect.i8.i32.i32.i32, i32 %output_fm_load_2, i32 23, i32 30" [conv.cpp:55]   --->   Operation 111 'partselect' 'tmp_4' <Predicate = true> <Delay = 0.00>
ST_11 : Operation 112 [1/1] (0.00ns)   --->   "%trunc_ln55_2 = trunc i32 %output_fm_load_2" [conv.cpp:55]   --->   Operation 112 'trunc' 'trunc_ln55_2' <Predicate = true> <Delay = 0.00>
ST_11 : Operation 113 [1/1] (1.55ns)   --->   "%icmp_ln55_4 = icmp_ne  i8 %tmp_4, i8 255" [conv.cpp:55]   --->   Operation 113 'icmp' 'icmp_ln55_4' <Predicate = true> <Delay = 1.55> <CoreInst = "Cmp">   --->   Core 9 'Cmp' <Latency = 0> <II = 1> <Delay = 1.55> <FuncUnit> <Opcode : 'icmp'> <InPorts = 2> <OutPorts = 1>
ST_11 : Operation 114 [1/1] (2.44ns)   --->   "%icmp_ln55_5 = icmp_eq  i23 %trunc_ln55_2, i23 0" [conv.cpp:55]   --->   Operation 114 'icmp' 'icmp_ln55_5' <Predicate = true> <Delay = 2.44> <CoreInst = "Cmp">   --->   Core 9 'Cmp' <Latency = 0> <II = 1> <Delay = 2.44> <FuncUnit> <Opcode : 'icmp'> <InPorts = 2> <OutPorts = 1>
ST_11 : Operation 115 [1/2] (3.25ns)   --->   "%output_fm_load_3 = load i18 %output_fm_addr_3" [conv.cpp:55]   --->   Operation 115 'load' 'output_fm_load_3' <Predicate = true> <Delay = 3.25> <CoreInst = "RAM">   --->   Core 82 'RAM' <Latency = 1> <II = 1> <Delay = 3.25> <Storage> <Opcode : 'load' 'store'> <Ports = 2> <Width = 32> <Depth = 193600> <RAM>
ST_11 : Operation 116 [1/1] (0.00ns)   --->   "%tmp_6 = partselect i8 @_ssdm_op_PartSelect.i8.i32.i32.i32, i32 %output_fm_load_3, i32 23, i32 30" [conv.cpp:55]   --->   Operation 116 'partselect' 'tmp_6' <Predicate = true> <Delay = 0.00>
ST_11 : Operation 117 [1/1] (0.00ns)   --->   "%trunc_ln55_3 = trunc i32 %output_fm_load_3" [conv.cpp:55]   --->   Operation 117 'trunc' 'trunc_ln55_3' <Predicate = true> <Delay = 0.00>
ST_11 : Operation 118 [1/1] (1.55ns)   --->   "%icmp_ln55_6 = icmp_ne  i8 %tmp_6, i8 255" [conv.cpp:55]   --->   Operation 118 'icmp' 'icmp_ln55_6' <Predicate = true> <Delay = 1.55> <CoreInst = "Cmp">   --->   Core 9 'Cmp' <Latency = 0> <II = 1> <Delay = 1.55> <FuncUnit> <Opcode : 'icmp'> <InPorts = 2> <OutPorts = 1>
ST_11 : Operation 119 [1/1] (2.44ns)   --->   "%icmp_ln55_7 = icmp_eq  i23 %trunc_ln55_3, i23 0" [conv.cpp:55]   --->   Operation 119 'icmp' 'icmp_ln55_7' <Predicate = true> <Delay = 2.44> <CoreInst = "Cmp">   --->   Core 9 'Cmp' <Latency = 0> <II = 1> <Delay = 2.44> <FuncUnit> <Opcode : 'icmp'> <InPorts = 2> <OutPorts = 1>
ST_11 : Operation 120 [1/1] (0.00ns)   --->   "%zext_ln55_11 = zext i18 %add_ln55_5" [conv.cpp:55]   --->   Operation 120 'zext' 'zext_ln55_11' <Predicate = true> <Delay = 0.00>
ST_11 : Operation 121 [1/1] (0.00ns)   --->   "%output_fm_addr_4 = getelementptr i32 %output_fm, i64 0, i64 %zext_ln55_11" [conv.cpp:55]   --->   Operation 121 'getelementptr' 'output_fm_addr_4' <Predicate = true> <Delay = 0.00>
ST_11 : Operation 122 [2/2] (3.25ns)   --->   "%output_fm_load_4 = load i18 %output_fm_addr_4" [conv.cpp:55]   --->   Operation 122 'load' 'output_fm_load_4' <Predicate = true> <Delay = 3.25> <CoreInst = "RAM">   --->   Core 82 'RAM' <Latency = 1> <II = 1> <Delay = 3.25> <Storage> <Opcode : 'load' 'store'> <Ports = 2> <Width = 32> <Depth = 193600> <RAM>

State 12 <SV = 11> <Delay = 6.40>
ST_12 : Operation 123 [1/1] (0.00ns)   --->   "%specloopname_ln0 = specloopname void @_ssdm_op_SpecLoopName, void @VITIS_LOOP_51_10_VITIS_LOOP_52_11_VITIS_LOOP_53_12_str"   --->   Operation 123 'specloopname' 'specloopname_ln0' <Predicate = true> <Delay = 0.00>
ST_12 : Operation 124 [1/1] (0.00ns)   --->   "%empty = speclooptripcount i32 @_ssdm_op_SpecLoopTripCount, i64 38720, i64 38720, i64 38720"   --->   Operation 124 'speclooptripcount' 'empty' <Predicate = true> <Delay = 0.00>
ST_12 : Operation 125 [1/1] (0.00ns)   --->   "%specpipeline_ln0 = specpipeline void @_ssdm_op_SpecPipeline, i32 4294967295, i32 0, i32 1, i32 0, void @p_str"   --->   Operation 125 'specpipeline' 'specpipeline_ln0' <Predicate = true> <Delay = 0.00>
ST_12 : Operation 126 [1/1] (0.00ns)   --->   "%specloopname_ln0 = specloopname void @_ssdm_op_SpecLoopName, void @VITIS_LOOP_52_11_VITIS_LOOP_53_12_str"   --->   Operation 126 'specloopname' 'specloopname_ln0' <Predicate = true> <Delay = 0.00>
ST_12 : Operation 127 [1/1] (0.00ns)   --->   "%specpipeline_ln0 = specpipeline void @_ssdm_op_SpecPipeline, i32 4294967295, i32 0, i32 1, i32 0, void @p_str"   --->   Operation 127 'specpipeline' 'specpipeline_ln0' <Predicate = true> <Delay = 0.00>
ST_12 : Operation 128 [1/1] (0.00ns)   --->   "%specloopname_ln17 = specloopname void @_ssdm_op_SpecLoopName, void @empty_1" [conv.cpp:17]   --->   Operation 128 'specloopname' 'specloopname_ln17' <Predicate = true> <Delay = 0.00>
ST_12 : Operation 129 [1/1] (0.00ns) (grouped into LUT with out node and_ln55)   --->   "%or_ln55 = or i1 %icmp_ln55_1, i1 %icmp_ln55" [conv.cpp:55]   --->   Operation 129 'or' 'or_ln55' <Predicate = true> <Delay = 0.00> <CoreInst = "LogicGate">   --->   Core 74 'LogicGate' <Latency = 0> <II = 1> <Delay = 0.97> <FuncUnit> <Opcode : 'and' 'or' 'xor'> <InPorts = 2> <OutPorts = 1>
ST_12 : Operation 130 [1/2] (5.43ns)   --->   "%tmp_1 = fcmp_olt  i32 %bitcast_ln55, i32 0" [conv.cpp:55]   --->   Operation 130 'fcmp' 'tmp_1' <Predicate = true> <Delay = 5.43> <CoreInst = "FCompare">   --->   Core 19 'FCompare' <Latency = 1> <II = 1> <Delay = 5.43> <FuncUnit> <Opcode : 'fcmp'> <InPorts = 2> <OutPorts = 1>
ST_12 : Operation 131 [1/1] (0.97ns) (out node of the LUT)   --->   "%and_ln55 = and i1 %or_ln55, i1 %tmp_1" [conv.cpp:55]   --->   Operation 131 'and' 'and_ln55' <Predicate = true> <Delay = 0.97> <CoreInst = "LogicGate">   --->   Core 74 'LogicGate' <Latency = 0> <II = 1> <Delay = 0.97> <FuncUnit> <Opcode : 'and' 'or' 'xor'> <InPorts = 2> <OutPorts = 1>
ST_12 : Operation 132 [1/1] (0.00ns)   --->   "%br_ln55 = br i1 %and_ln55, void %for.inc111, void %if.then103" [conv.cpp:55]   --->   Operation 132 'br' 'br_ln55' <Predicate = true> <Delay = 0.00>
ST_12 : Operation 133 [1/1] (0.00ns)   --->   "%bitcast_ln55_1 = bitcast i32 %output_fm_load_1" [conv.cpp:55]   --->   Operation 133 'bitcast' 'bitcast_ln55_1' <Predicate = true> <Delay = 0.00>
ST_12 : Operation 134 [2/2] (5.43ns)   --->   "%tmp_3 = fcmp_olt  i32 %bitcast_ln55_1, i32 0" [conv.cpp:55]   --->   Operation 134 'fcmp' 'tmp_3' <Predicate = true> <Delay = 5.43> <CoreInst = "FCompare">   --->   Core 19 'FCompare' <Latency = 1> <II = 1> <Delay = 5.43> <FuncUnit> <Opcode : 'fcmp'> <InPorts = 2> <OutPorts = 1>
ST_12 : Operation 135 [1/2] (3.25ns)   --->   "%output_fm_load_4 = load i18 %output_fm_addr_4" [conv.cpp:55]   --->   Operation 135 'load' 'output_fm_load_4' <Predicate = true> <Delay = 3.25> <CoreInst = "RAM">   --->   Core 82 'RAM' <Latency = 1> <II = 1> <Delay = 3.25> <Storage> <Opcode : 'load' 'store'> <Ports = 2> <Width = 32> <Depth = 193600> <RAM>
ST_12 : Operation 136 [1/1] (0.00ns)   --->   "%tmp_8 = partselect i8 @_ssdm_op_PartSelect.i8.i32.i32.i32, i32 %output_fm_load_4, i32 23, i32 30" [conv.cpp:55]   --->   Operation 136 'partselect' 'tmp_8' <Predicate = true> <Delay = 0.00>
ST_12 : Operation 137 [1/1] (0.00ns)   --->   "%trunc_ln55_4 = trunc i32 %output_fm_load_4" [conv.cpp:55]   --->   Operation 137 'trunc' 'trunc_ln55_4' <Predicate = true> <Delay = 0.00>
ST_12 : Operation 138 [1/1] (1.55ns)   --->   "%icmp_ln55_8 = icmp_ne  i8 %tmp_8, i8 255" [conv.cpp:55]   --->   Operation 138 'icmp' 'icmp_ln55_8' <Predicate = true> <Delay = 1.55> <CoreInst = "Cmp">   --->   Core 9 'Cmp' <Latency = 0> <II = 1> <Delay = 1.55> <FuncUnit> <Opcode : 'icmp'> <InPorts = 2> <OutPorts = 1>
ST_12 : Operation 139 [1/1] (2.44ns)   --->   "%icmp_ln55_9 = icmp_eq  i23 %trunc_ln55_4, i23 0" [conv.cpp:55]   --->   Operation 139 'icmp' 'icmp_ln55_9' <Predicate = true> <Delay = 2.44> <CoreInst = "Cmp">   --->   Core 9 'Cmp' <Latency = 0> <II = 1> <Delay = 2.44> <FuncUnit> <Opcode : 'icmp'> <InPorts = 2> <OutPorts = 1>

State 13 <SV = 12> <Delay = 6.40>
ST_13 : Operation 140 [1/1] (3.25ns)   --->   "%store_ln55 = store i32 0, i18 %output_fm_addr" [conv.cpp:55]   --->   Operation 140 'store' 'store_ln55' <Predicate = (and_ln55)> <Delay = 3.25> <CoreInst = "RAM">   --->   Core 82 'RAM' <Latency = 1> <II = 1> <Delay = 3.25> <Storage> <Opcode : 'load' 'store'> <Ports = 2> <Width = 32> <Depth = 193600> <RAM>
ST_13 : Operation 141 [1/1] (0.00ns)   --->   "%br_ln55 = br void %for.inc111" [conv.cpp:55]   --->   Operation 141 'br' 'br_ln55' <Predicate = (and_ln55)> <Delay = 0.00>
ST_13 : Operation 142 [1/1] (0.00ns) (grouped into LUT with out node and_ln55_1)   --->   "%or_ln55_1 = or i1 %icmp_ln55_3, i1 %icmp_ln55_2" [conv.cpp:55]   --->   Operation 142 'or' 'or_ln55_1' <Predicate = true> <Delay = 0.00> <CoreInst = "LogicGate">   --->   Core 74 'LogicGate' <Latency = 0> <II = 1> <Delay = 0.97> <FuncUnit> <Opcode : 'and' 'or' 'xor'> <InPorts = 2> <OutPorts = 1>
ST_13 : Operation 143 [1/2] (5.43ns)   --->   "%tmp_3 = fcmp_olt  i32 %bitcast_ln55_1, i32 0" [conv.cpp:55]   --->   Operation 143 'fcmp' 'tmp_3' <Predicate = true> <Delay = 5.43> <CoreInst = "FCompare">   --->   Core 19 'FCompare' <Latency = 1> <II = 1> <Delay = 5.43> <FuncUnit> <Opcode : 'fcmp'> <InPorts = 2> <OutPorts = 1>
ST_13 : Operation 144 [1/1] (0.97ns) (out node of the LUT)   --->   "%and_ln55_1 = and i1 %or_ln55_1, i1 %tmp_3" [conv.cpp:55]   --->   Operation 144 'and' 'and_ln55_1' <Predicate = true> <Delay = 0.97> <CoreInst = "LogicGate">   --->   Core 74 'LogicGate' <Latency = 0> <II = 1> <Delay = 0.97> <FuncUnit> <Opcode : 'and' 'or' 'xor'> <InPorts = 2> <OutPorts = 1>
ST_13 : Operation 145 [1/1] (0.00ns)   --->   "%br_ln55 = br i1 %and_ln55_1, void %for.inc111.1, void %if.then103.1" [conv.cpp:55]   --->   Operation 145 'br' 'br_ln55' <Predicate = true> <Delay = 0.00>
ST_13 : Operation 146 [1/1] (0.00ns)   --->   "%bitcast_ln55_2 = bitcast i32 %output_fm_load_2" [conv.cpp:55]   --->   Operation 146 'bitcast' 'bitcast_ln55_2' <Predicate = true> <Delay = 0.00>
ST_13 : Operation 147 [2/2] (5.43ns)   --->   "%tmp_5 = fcmp_olt  i32 %bitcast_ln55_2, i32 0" [conv.cpp:55]   --->   Operation 147 'fcmp' 'tmp_5' <Predicate = true> <Delay = 5.43> <CoreInst = "FCompare">   --->   Core 19 'FCompare' <Latency = 1> <II = 1> <Delay = 5.43> <FuncUnit> <Opcode : 'fcmp'> <InPorts = 2> <OutPorts = 1>
ST_13 : Operation 172 [1/1] (0.00ns)   --->   "%ret_ln0 = ret"   --->   Operation 172 'ret' 'ret_ln0' <Predicate = (icmp_ln51)> <Delay = 0.00>

State 14 <SV = 15> <Delay = 6.40>
ST_14 : Operation 148 [1/1] (3.25ns)   --->   "%store_ln55 = store i32 0, i18 %output_fm_addr_1" [conv.cpp:55]   --->   Operation 148 'store' 'store_ln55' <Predicate = (and_ln55_1)> <Delay = 3.25> <CoreInst = "RAM">   --->   Core 82 'RAM' <Latency = 1> <II = 1> <Delay = 3.25> <Storage> <Opcode : 'load' 'store'> <Ports = 2> <Width = 32> <Depth = 193600> <RAM>
ST_14 : Operation 149 [1/1] (0.00ns)   --->   "%br_ln55 = br void %for.inc111.1" [conv.cpp:55]   --->   Operation 149 'br' 'br_ln55' <Predicate = (and_ln55_1)> <Delay = 0.00>
ST_14 : Operation 150 [1/1] (0.00ns) (grouped into LUT with out node and_ln55_4)   --->   "%or_ln55_4 = or i1 %icmp_ln55_9, i1 %icmp_ln55_8" [conv.cpp:55]   --->   Operation 150 'or' 'or_ln55_4' <Predicate = true> <Delay = 0.00> <CoreInst = "LogicGate">   --->   Core 74 'LogicGate' <Latency = 0> <II = 1> <Delay = 0.97> <FuncUnit> <Opcode : 'and' 'or' 'xor'> <InPorts = 2> <OutPorts = 1>
ST_14 : Operation 151 [1/2] (5.43ns)   --->   "%tmp_9 = fcmp_olt  i32 %bitcast_ln55_4, i32 0" [conv.cpp:55]   --->   Operation 151 'fcmp' 'tmp_9' <Predicate = true> <Delay = 5.43> <CoreInst = "FCompare">   --->   Core 19 'FCompare' <Latency = 1> <II = 1> <Delay = 5.43> <FuncUnit> <Opcode : 'fcmp'> <InPorts = 2> <OutPorts = 1>
ST_14 : Operation 152 [1/1] (0.97ns) (out node of the LUT)   --->   "%and_ln55_4 = and i1 %or_ln55_4, i1 %tmp_9" [conv.cpp:55]   --->   Operation 152 'and' 'and_ln55_4' <Predicate = true> <Delay = 0.97> <CoreInst = "LogicGate">   --->   Core 74 'LogicGate' <Latency = 0> <II = 1> <Delay = 0.97> <FuncUnit> <Opcode : 'and' 'or' 'xor'> <InPorts = 2> <OutPorts = 1>
ST_14 : Operation 153 [1/1] (0.00ns)   --->   "%br_ln55 = br i1 %and_ln55_4, void %for.inc111.4, void %if.then103.4" [conv.cpp:55]   --->   Operation 153 'br' 'br_ln55' <Predicate = true> <Delay = 0.00>

State 15 <SV = 13> <Delay = 6.40>
ST_15 : Operation 154 [1/1] (0.00ns) (grouped into LUT with out node and_ln55_2)   --->   "%or_ln55_2 = or i1 %icmp_ln55_5, i1 %icmp_ln55_4" [conv.cpp:55]   --->   Operation 154 'or' 'or_ln55_2' <Predicate = true> <Delay = 0.00> <CoreInst = "LogicGate">   --->   Core 74 'LogicGate' <Latency = 0> <II = 1> <Delay = 0.97> <FuncUnit> <Opcode : 'and' 'or' 'xor'> <InPorts = 2> <OutPorts = 1>
ST_15 : Operation 155 [1/2] (5.43ns)   --->   "%tmp_5 = fcmp_olt  i32 %bitcast_ln55_2, i32 0" [conv.cpp:55]   --->   Operation 155 'fcmp' 'tmp_5' <Predicate = true> <Delay = 5.43> <CoreInst = "FCompare">   --->   Core 19 'FCompare' <Latency = 1> <II = 1> <Delay = 5.43> <FuncUnit> <Opcode : 'fcmp'> <InPorts = 2> <OutPorts = 1>
ST_15 : Operation 156 [1/1] (0.97ns) (out node of the LUT)   --->   "%and_ln55_2 = and i1 %or_ln55_2, i1 %tmp_5" [conv.cpp:55]   --->   Operation 156 'and' 'and_ln55_2' <Predicate = true> <Delay = 0.97> <CoreInst = "LogicGate">   --->   Core 74 'LogicGate' <Latency = 0> <II = 1> <Delay = 0.97> <FuncUnit> <Opcode : 'and' 'or' 'xor'> <InPorts = 2> <OutPorts = 1>
ST_15 : Operation 157 [1/1] (0.00ns)   --->   "%br_ln55 = br i1 %and_ln55_2, void %for.inc111.2, void %if.then103.2" [conv.cpp:55]   --->   Operation 157 'br' 'br_ln55' <Predicate = true> <Delay = 0.00>
ST_15 : Operation 158 [1/1] (0.00ns)   --->   "%bitcast_ln55_3 = bitcast i32 %output_fm_load_3" [conv.cpp:55]   --->   Operation 158 'bitcast' 'bitcast_ln55_3' <Predicate = true> <Delay = 0.00>
ST_15 : Operation 159 [2/2] (5.43ns)   --->   "%tmp_7 = fcmp_olt  i32 %bitcast_ln55_3, i32 0" [conv.cpp:55]   --->   Operation 159 'fcmp' 'tmp_7' <Predicate = true> <Delay = 5.43> <CoreInst = "FCompare">   --->   Core 19 'FCompare' <Latency = 1> <II = 1> <Delay = 5.43> <FuncUnit> <Opcode : 'fcmp'> <InPorts = 2> <OutPorts = 1>

State 16 <SV = 16> <Delay = 3.25>
ST_16 : Operation 160 [1/1] (3.25ns)   --->   "%store_ln55 = store i32 0, i18 %output_fm_addr_2" [conv.cpp:55]   --->   Operation 160 'store' 'store_ln55' <Predicate = (and_ln55_2)> <Delay = 3.25> <CoreInst = "RAM">   --->   Core 82 'RAM' <Latency = 1> <II = 1> <Delay = 3.25> <Storage> <Opcode : 'load' 'store'> <Ports = 2> <Width = 32> <Depth = 193600> <RAM>
ST_16 : Operation 161 [1/1] (0.00ns)   --->   "%br_ln55 = br void %for.inc111.2" [conv.cpp:55]   --->   Operation 161 'br' 'br_ln55' <Predicate = (and_ln55_2)> <Delay = 0.00>
ST_16 : Operation 162 [1/1] (3.25ns)   --->   "%store_ln55 = store i32 0, i18 %output_fm_addr_3" [conv.cpp:55]   --->   Operation 162 'store' 'store_ln55' <Predicate = (and_ln55_3)> <Delay = 3.25> <CoreInst = "RAM">   --->   Core 82 'RAM' <Latency = 1> <II = 1> <Delay = 3.25> <Storage> <Opcode : 'load' 'store'> <Ports = 2> <Width = 32> <Depth = 193600> <RAM>
ST_16 : Operation 163 [1/1] (0.00ns)   --->   "%br_ln55 = br void %for.inc111.3" [conv.cpp:55]   --->   Operation 163 'br' 'br_ln55' <Predicate = (and_ln55_3)> <Delay = 0.00>

State 17 <SV = 14> <Delay = 6.40>
ST_17 : Operation 164 [1/1] (0.00ns) (grouped into LUT with out node and_ln55_3)   --->   "%or_ln55_3 = or i1 %icmp_ln55_7, i1 %icmp_ln55_6" [conv.cpp:55]   --->   Operation 164 'or' 'or_ln55_3' <Predicate = true> <Delay = 0.00> <CoreInst = "LogicGate">   --->   Core 74 'LogicGate' <Latency = 0> <II = 1> <Delay = 0.97> <FuncUnit> <Opcode : 'and' 'or' 'xor'> <InPorts = 2> <OutPorts = 1>
ST_17 : Operation 165 [1/2] (5.43ns)   --->   "%tmp_7 = fcmp_olt  i32 %bitcast_ln55_3, i32 0" [conv.cpp:55]   --->   Operation 165 'fcmp' 'tmp_7' <Predicate = true> <Delay = 5.43> <CoreInst = "FCompare">   --->   Core 19 'FCompare' <Latency = 1> <II = 1> <Delay = 5.43> <FuncUnit> <Opcode : 'fcmp'> <InPorts = 2> <OutPorts = 1>
ST_17 : Operation 166 [1/1] (0.97ns) (out node of the LUT)   --->   "%and_ln55_3 = and i1 %or_ln55_3, i1 %tmp_7" [conv.cpp:55]   --->   Operation 166 'and' 'and_ln55_3' <Predicate = true> <Delay = 0.97> <CoreInst = "LogicGate">   --->   Core 74 'LogicGate' <Latency = 0> <II = 1> <Delay = 0.97> <FuncUnit> <Opcode : 'and' 'or' 'xor'> <InPorts = 2> <OutPorts = 1>
ST_17 : Operation 167 [1/1] (0.00ns)   --->   "%br_ln55 = br i1 %and_ln55_3, void %for.inc111.3, void %if.then103.3" [conv.cpp:55]   --->   Operation 167 'br' 'br_ln55' <Predicate = true> <Delay = 0.00>
ST_17 : Operation 168 [1/1] (0.00ns)   --->   "%bitcast_ln55_4 = bitcast i32 %output_fm_load_4" [conv.cpp:55]   --->   Operation 168 'bitcast' 'bitcast_ln55_4' <Predicate = true> <Delay = 0.00>
ST_17 : Operation 169 [2/2] (5.43ns)   --->   "%tmp_9 = fcmp_olt  i32 %bitcast_ln55_4, i32 0" [conv.cpp:55]   --->   Operation 169 'fcmp' 'tmp_9' <Predicate = true> <Delay = 5.43> <CoreInst = "FCompare">   --->   Core 19 'FCompare' <Latency = 1> <II = 1> <Delay = 5.43> <FuncUnit> <Opcode : 'fcmp'> <InPorts = 2> <OutPorts = 1>

State 18 <SV = 17> <Delay = 3.25>
ST_18 : Operation 170 [1/1] (3.25ns)   --->   "%store_ln55 = store i32 0, i18 %output_fm_addr_4" [conv.cpp:55]   --->   Operation 170 'store' 'store_ln55' <Predicate = (and_ln55_4)> <Delay = 3.25> <CoreInst = "RAM">   --->   Core 82 'RAM' <Latency = 1> <II = 1> <Delay = 3.25> <Storage> <Opcode : 'load' 'store'> <Ports = 2> <Width = 32> <Depth = 193600> <RAM>
ST_18 : Operation 171 [1/1] (0.00ns)   --->   "%br_ln55 = br void %for.inc111.4" [conv.cpp:55]   --->   Operation 171 'br' 'br_ln55' <Predicate = (and_ln55_4)> <Delay = 0.00>


============================================================
+ Verbose Summary: Timing violations
============================================================
Target clock period: 10ns, clock uncertainty: 2.7ns.

 <State 1>: 1.59ns
The critical path consists of the following:
	'alloca' operation ('indvar_flatten204') [6]  (0 ns)
	'store' operation ('store_ln0') of constant 0 on local variable 'indvar_flatten204' [8]  (1.59 ns)

 <State 2>: 4.45ns
The critical path consists of the following:
	'load' operation ('x_load', conv.cpp:51) on local variable 'x' [24]  (0 ns)
	'add' operation ('add_ln51', conv.cpp:51) [25]  (1.87 ns)
	'select' operation ('select_ln51_2', conv.cpp:51) [31]  (0.993 ns)
	'store' operation ('store_ln53', conv.cpp:53) of variable 'select_ln51_2', conv.cpp:51 on local variable 'x' [145]  (1.59 ns)

 <State 3>: 1.05ns
The critical path consists of the following:
	'mul' operation of DSP[42] ('mul_ln55', conv.cpp:55) [33]  (1.05 ns)

 <State 4>: 6.3ns
The critical path consists of the following:
	'load' operation ('y_load', conv.cpp:51) on local variable 'y' [23]  (0 ns)
	'select' operation ('select_ln51', conv.cpp:51) [29]  (1.19 ns)
	'add' operation ('add_ln52', conv.cpp:52) [37]  (1.83 ns)
	'select' operation ('select_ln52_1', conv.cpp:52) [40]  (1.19 ns)
	'add' operation of DSP[42] ('add_ln55', conv.cpp:55) [42]  (2.1 ns)

 <State 5>: 4.25ns
The critical path consists of the following:
	'add' operation of DSP[42] ('add_ln55', conv.cpp:55) [42]  (2.1 ns)
	'mul' operation of DSP[44] ('mul_ln55_1', conv.cpp:55) [44]  (2.15 ns)

 <State 6>: 4.01ns
The critical path consists of the following:
	'add' operation ('add_ln52_1', conv.cpp:52) [142]  (1.73 ns)
	'select' operation ('select_ln52_2', conv.cpp:52) [143]  (0.687 ns)
	'store' operation ('store_ln53', conv.cpp:53) of variable 'select_ln52_2', conv.cpp:52 on local variable 'indvar_flatten190' [146]  (1.59 ns)

 <State 7>: 2.15ns
The critical path consists of the following:
	'mul' operation of DSP[44] ('mul_ln55_1', conv.cpp:55) [44]  (2.15 ns)

 <State 8>: 4.6ns
The critical path consists of the following:
	'select' operation ('select_ln51_1', conv.cpp:51) [30]  (0 ns)
	'select' operation ('select_ln52', conv.cpp:52) [39]  (1.19 ns)
	'add' operation ('add_ln53_4', conv.cpp:53) [141]  (1.83 ns)
	'store' operation ('store_ln53', conv.cpp:53) of variable 'add_ln53_4', conv.cpp:53 on local variable 'z' [148]  (1.59 ns)

 <State 9>: 7.22ns
The critical path consists of the following:
	'add' operation ('add_ln53', conv.cpp:53) [65]  (1.83 ns)
	'add' operation ('add_ln55_2', conv.cpp:55) [67]  (2.14 ns)
	'getelementptr' operation ('output_fm_addr_1', conv.cpp:55) [69]  (0 ns)
	'load' operation ('output_fm_load_1', conv.cpp:55) on array 'output_fm' [70]  (3.25 ns)

 <State 10>: 5.7ns
The critical path consists of the following:
	'load' operation ('output_fm_load_1', conv.cpp:55) on array 'output_fm' [70]  (3.25 ns)
	'icmp' operation ('icmp_ln55_3', conv.cpp:55) [75]  (2.45 ns)

 <State 11>: 5.7ns
The critical path consists of the following:
	'load' operation ('output_fm_load_2', conv.cpp:55) on array 'output_fm' [89]  (3.25 ns)
	'icmp' operation ('icmp_ln55_5', conv.cpp:55) [94]  (2.45 ns)

 <State 12>: 6.41ns
The critical path consists of the following:
	'fcmp' operation ('tmp_1', conv.cpp:55) [58]  (5.43 ns)
	'and' operation ('and_ln55', conv.cpp:55) [59]  (0.978 ns)

 <State 13>: 6.41ns
The critical path consists of the following:
	'fcmp' operation ('tmp_3', conv.cpp:55) [77]  (5.43 ns)
	'and' operation ('and_ln55_1', conv.cpp:55) [78]  (0.978 ns)

 <State 14>: 6.41ns
The critical path consists of the following:
	'fcmp' operation ('tmp_9', conv.cpp:55) [134]  (5.43 ns)
	'and' operation ('and_ln55_4', conv.cpp:55) [135]  (0.978 ns)

 <State 15>: 6.41ns
The critical path consists of the following:
	'fcmp' operation ('tmp_5', conv.cpp:55) [96]  (5.43 ns)
	'and' operation ('and_ln55_2', conv.cpp:55) [97]  (0.978 ns)

 <State 16>: 3.25ns
The critical path consists of the following:
	'store' operation ('store_ln55', conv.cpp:55) of constant 0 on array 'output_fm' [100]  (3.25 ns)

 <State 17>: 6.41ns
The critical path consists of the following:
	'fcmp' operation ('tmp_7', conv.cpp:55) [115]  (5.43 ns)
	'and' operation ('and_ln55_3', conv.cpp:55) [116]  (0.978 ns)

 <State 18>: 3.25ns
The critical path consists of the following:
	'store' operation ('store_ln55', conv.cpp:55) of constant 0 on array 'output_fm' [138]  (3.25 ns)


============================================================
+ Verbose Summary: Binding
============================================================
N/A
* FSMD analyzer results:
  - Output states:
 - Input state : 
  - Chain level:
	State 1
	State 2
	State 3
	State 4
	State 5
	State 6
	State 7
	State 8
	State 9
	State 10
	State 11
	State 12
	State 13
	State 14
	State 15
	State 16
	State 17
	State 18


============================================================
+ Verbose Summary: Datapath Resource usage 
============================================================
N/A
