

================================================================
== Vitis HLS Report for 'conv'
================================================================
* Date:           Wed Oct  7 15:53:12 2026

* Version:        2022.2 (Build 3670227 on Oct 13 2022)
* Project:        vitis.prj
* Solution:       solution1 (Vivado IP Flow Target)
* Product family: zynq
* Target device:  xc7z020-clg400-1


================================================================
== Performance Estimates
================================================================
+ Timing: 
    * Summary: 
    +--------+----------+----------+------------+
    |  Clock |  Target  | Estimated| Uncertainty|
    +--------+----------+----------+------------+
    |ap_clk  |  10.00 ns|  7.256 ns|     2.70 ns|
    +--------+----------+----------+------------+

+ Latency: 
    * Summary: 
    +-----------+-----------+-----------+-----------+-----------+-----------+---------+
    |    Latency (cycles)   |   Latency (absolute)  |        Interval       | Pipeline|
    |    min    |    max    |    min    |    max    |    min    |    max    |   Type  |
    +-----------+-----------+-----------+-----------+-----------+-----------+---------+
    |  573791704|  573791704|  5.738 sec|  5.738 sec|  573791705|  573791705|       no|
    +-----------+-----------+-----------+-----------+-----------+-----------+---------+

    + Detail: 
        * Instance: 
        N/A

        * Loop: 
        +---------------------------------------------------+-----------+-----------+----------+-----------+-----------+--------+----------+
        |                                                   |    Latency (cycles)   | Iteration|  Initiation Interval  |  Trip  |          |
        |                     Loop Name                     |    min    |    max    |  Latency |  achieved |   target  |  Count | Pipelined|
        +---------------------------------------------------+-----------+-----------+----------+-----------+-----------+--------+----------+
        |- VITIS_LOOP_28_4_VITIS_LOOP_30_6_VITIS_LOOP_32_7  |  573481920|  573481920|      4937|          -|          -|  116160|        no|
        +---------------------------------------------------+-----------+-----------+----------+-----------+-----------+--------+----------+

============================================================
+ Verbose Summary: Synthesis Manager
============================================================
InlineROM: 1
ExposeGlobal: 0
============================================================
+ Verbose Summary: CDFG Model
============================================================
IsTopModel: 1
ResetActiveHigh: 1
IsCombinational: 0
IsDatapathOnly: 0
HasWiredReturn: 1
HasMFsm: 0
HasVarLatency: 1
IsPipeline: 0
IsRtlPipelined: 0
IsInstanceOverlapped: 0
IsDontTouch: 0
HasImplIP: 0
IsGatedGlobalClock: 0


============================================================
+ Verbose Summary: Schedule
============================================================
* Number of FSM states : 19
* Pipeline : 0
* Dataflow Pipeline: 0

* FSM state transitions: 
1 --> 2 
2 --> 3 
3 --> 4 19 
4 --> 5 
5 --> 6 
6 --> 7 
7 --> 8 
8 --> 9 
9 --> 10 
10 --> 11 
11 --> 12 
12 --> 13 
13 --> 14 
14 --> 15 
15 --> 16 
16 --> 17 
17 --> 18 
18 --> 3 
19 --> 

* FSM state operations: 

State 1 <SV = 0> <Delay = 1.58>
ST_1 : Operation 20 [1/1] (0.00ns)   --->   "%a = alloca i32 1"   --->   Operation 20 'alloca' 'a' <Predicate = true> <Delay = 0.00>
ST_1 : Operation 21 [1/1] (0.00ns)   --->   "%i = alloca i32 1"   --->   Operation 21 'alloca' 'i' <Predicate = true> <Delay = 0.00>
ST_1 : Operation 22 [1/1] (0.00ns)   --->   "%indvar_flatten129 = alloca i32 1"   --->   Operation 22 'alloca' 'indvar_flatten129' <Predicate = true> <Delay = 0.00>
ST_1 : Operation 23 [1/1] (0.00ns)   --->   "%m = alloca i32 1"   --->   Operation 23 'alloca' 'm' <Predicate = true> <Delay = 0.00>
ST_1 : Operation 24 [1/1] (0.00ns)   --->   "%indvar_flatten151 = alloca i32 1"   --->   Operation 24 'alloca' 'indvar_flatten151' <Predicate = true> <Delay = 0.00>
ST_1 : Operation 25 [1/1] (0.00ns)   --->   "%f = alloca i32 1"   --->   Operation 25 'alloca' 'f' <Predicate = true> <Delay = 0.00>
ST_1 : Operation 26 [1/1] (0.00ns)   --->   "%indvar_flatten183 = alloca i32 1"   --->   Operation 26 'alloca' 'indvar_flatten183' <Predicate = true> <Delay = 0.00>
ST_1 : Operation 27 [2/2] (0.00ns)   --->   "%call_ln0 = call void @conv_Pipeline_VITIS_LOOP_18_1_VITIS_LOOP_19_2_VITIS_LOOP_20_3, i32 %biases, i32 %output_fm"   --->   Operation 27 'call' 'call_ln0' <Predicate = true> <Delay = 0.00> <CoreType = "Generic">   --->   Core 0 '' <Latency = 0> <II = 1> <Delay = 1.00> <Generic> <Opcode : >
ST_1 : Operation 28 [1/1] (1.58ns)   --->   "%store_ln27 = store i17 0, i17 %indvar_flatten183" [conv.cpp:27]   --->   Operation 28 'store' 'store_ln27' <Predicate = true> <Delay = 1.58>
ST_1 : Operation 29 [1/1] (1.58ns)   --->   "%store_ln27 = store i7 0, i7 %f" [conv.cpp:27]   --->   Operation 29 'store' 'store_ln27' <Predicate = true> <Delay = 1.58>
ST_1 : Operation 30 [1/1] (1.58ns)   --->   "%store_ln27 = store i12 0, i12 %indvar_flatten151" [conv.cpp:27]   --->   Operation 30 'store' 'store_ln27' <Predicate = true> <Delay = 1.58>
ST_1 : Operation 31 [1/1] (1.58ns)   --->   "%store_ln27 = store i2 0, i2 %m" [conv.cpp:27]   --->   Operation 31 'store' 'store_ln27' <Predicate = true> <Delay = 1.58>
ST_1 : Operation 32 [1/1] (1.58ns)   --->   "%store_ln27 = store i10 0, i10 %indvar_flatten129" [conv.cpp:27]   --->   Operation 32 'store' 'store_ln27' <Predicate = true> <Delay = 1.58>
ST_1 : Operation 33 [1/1] (1.58ns)   --->   "%store_ln27 = store i8 4, i8 %i" [conv.cpp:27]   --->   Operation 33 'store' 'store_ln27' <Predicate = true> <Delay = 1.58>
ST_1 : Operation 34 [1/1] (1.58ns)   --->   "%store_ln27 = store i8 4, i8 %a" [conv.cpp:27]   --->   Operation 34 'store' 'store_ln27' <Predicate = true> <Delay = 1.58>

State 2 <SV = 1> <Delay = 0.00>
ST_2 : Operation 35 [1/1] (0.00ns)   --->   "%spectopmodule_ln4 = spectopmodule void @_ssdm_op_SpecTopModule, void @empty_0" [conv.cpp:4]   --->   Operation 35 'spectopmodule' 'spectopmodule_ln4' <Predicate = true> <Delay = 0.00>
ST_2 : Operation 36 [1/1] (0.00ns)   --->   "%specinterface_ln0 = specinterface void @_ssdm_op_SpecInterface, i32 %input_fm_0, void @empty_5, i32 0, i32 0, void @empty, i32 4294967295, i32 0, void @empty, void @empty, void @empty, i32 0, i32 0, i32 0, i32 0, void @empty, void @empty, i32 4294967295, i32 0"   --->   Operation 36 'specinterface' 'specinterface_ln0' <Predicate = true> <Delay = 0.00>
ST_2 : Operation 37 [1/1] (0.00ns)   --->   "%specbitsmap_ln0 = specbitsmap void @_ssdm_op_SpecBitsMap, i32 %input_fm_0"   --->   Operation 37 'specbitsmap' 'specbitsmap_ln0' <Predicate = true> <Delay = 0.00>
ST_2 : Operation 38 [1/1] (0.00ns)   --->   "%specinterface_ln0 = specinterface void @_ssdm_op_SpecInterface, i32 %input_fm_1, void @empty_5, i32 0, i32 0, void @empty, i32 4294967295, i32 0, void @empty, void @empty, void @empty, i32 0, i32 0, i32 0, i32 0, void @empty, void @empty, i32 4294967295, i32 0"   --->   Operation 38 'specinterface' 'specinterface_ln0' <Predicate = true> <Delay = 0.00>
ST_2 : Operation 39 [1/1] (0.00ns)   --->   "%specbitsmap_ln0 = specbitsmap void @_ssdm_op_SpecBitsMap, i32 %input_fm_1"   --->   Operation 39 'specbitsmap' 'specbitsmap_ln0' <Predicate = true> <Delay = 0.00>
ST_2 : Operation 40 [1/1] (0.00ns)   --->   "%specinterface_ln0 = specinterface void @_ssdm_op_SpecInterface, i32 %input_fm_2, void @empty_5, i32 0, i32 0, void @empty, i32 4294967295, i32 0, void @empty, void @empty, void @empty, i32 0, i32 0, i32 0, i32 0, void @empty, void @empty, i32 4294967295, i32 0"   --->   Operation 40 'specinterface' 'specinterface_ln0' <Predicate = true> <Delay = 0.00>
ST_2 : Operation 41 [1/1] (0.00ns)   --->   "%specbitsmap_ln0 = specbitsmap void @_ssdm_op_SpecBitsMap, i32 %input_fm_2"   --->   Operation 41 'specbitsmap' 'specbitsmap_ln0' <Predicate = true> <Delay = 0.00>
ST_2 : Operation 42 [1/1] (0.00ns)   --->   "%specinterface_ln0 = specinterface void @_ssdm_op_SpecInterface, i32 %input_fm_3, void @empty_5, i32 0, i32 0, void @empty, i32 4294967295, i32 0, void @empty, void @empty, void @empty, i32 0, i32 0, i32 0, i32 0, void @empty, void @empty, i32 4294967295, i32 0"   --->   Operation 42 'specinterface' 'specinterface_ln0' <Predicate = true> <Delay = 0.00>
ST_2 : Operation 43 [1/1] (0.00ns)   --->   "%specbitsmap_ln0 = specbitsmap void @_ssdm_op_SpecBitsMap, i32 %input_fm_3"   --->   Operation 43 'specbitsmap' 'specbitsmap_ln0' <Predicate = true> <Delay = 0.00>
ST_2 : Operation 44 [1/1] (0.00ns)   --->   "%specinterface_ln0 = specinterface void @_ssdm_op_SpecInterface, i32 %input_fm_4, void @empty_5, i32 0, i32 0, void @empty, i32 4294967295, i32 0, void @empty, void @empty, void @empty, i32 0, i32 0, i32 0, i32 0, void @empty, void @empty, i32 4294967295, i32 0"   --->   Operation 44 'specinterface' 'specinterface_ln0' <Predicate = true> <Delay = 0.00>
ST_2 : Operation 45 [1/1] (0.00ns)   --->   "%specbitsmap_ln0 = specbitsmap void @_ssdm_op_SpecBitsMap, i32 %input_fm_4"   --->   Operation 45 'specbitsmap' 'specbitsmap_ln0' <Predicate = true> <Delay = 0.00>
ST_2 : Operation 46 [1/1] (0.00ns)   --->   "%specinterface_ln0 = specinterface void @_ssdm_op_SpecInterface, i32 %input_fm_5, void @empty_5, i32 0, i32 0, void @empty, i32 4294967295, i32 0, void @empty, void @empty, void @empty, i32 0, i32 0, i32 0, i32 0, void @empty, void @empty, i32 4294967295, i32 0"   --->   Operation 46 'specinterface' 'specinterface_ln0' <Predicate = true> <Delay = 0.00>
ST_2 : Operation 47 [1/1] (0.00ns)   --->   "%specbitsmap_ln0 = specbitsmap void @_ssdm_op_SpecBitsMap, i32 %input_fm_5"   --->   Operation 47 'specbitsmap' 'specbitsmap_ln0' <Predicate = true> <Delay = 0.00>
ST_2 : Operation 48 [1/1] (0.00ns)   --->   "%specinterface_ln0 = specinterface void @_ssdm_op_SpecInterface, i32 %input_fm_6, void @empty_5, i32 0, i32 0, void @empty, i32 4294967295, i32 0, void @empty, void @empty, void @empty, i32 0, i32 0, i32 0, i32 0, void @empty, void @empty, i32 4294967295, i32 0"   --->   Operation 48 'specinterface' 'specinterface_ln0' <Predicate = true> <Delay = 0.00>
ST_2 : Operation 49 [1/1] (0.00ns)   --->   "%specbitsmap_ln0 = specbitsmap void @_ssdm_op_SpecBitsMap, i32 %input_fm_6"   --->   Operation 49 'specbitsmap' 'specbitsmap_ln0' <Predicate = true> <Delay = 0.00>
ST_2 : Operation 50 [1/1] (0.00ns)   --->   "%specinterface_ln0 = specinterface void @_ssdm_op_SpecInterface, i32 %input_fm_7, void @empty_5, i32 0, i32 0, void @empty, i32 4294967295, i32 0, void @empty, void @empty, void @empty, i32 0, i32 0, i32 0, i32 0, void @empty, void @empty, i32 4294967295, i32 0"   --->   Operation 50 'specinterface' 'specinterface_ln0' <Predicate = true> <Delay = 0.00>
ST_2 : Operation 51 [1/1] (0.00ns)   --->   "%specbitsmap_ln0 = specbitsmap void @_ssdm_op_SpecBitsMap, i32 %input_fm_7"   --->   Operation 51 'specbitsmap' 'specbitsmap_ln0' <Predicate = true> <Delay = 0.00>
ST_2 : Operation 52 [1/1] (0.00ns)   --->   "%specinterface_ln0 = specinterface void @_ssdm_op_SpecInterface, i32 %input_fm_8, void @empty_5, i32 0, i32 0, void @empty, i32 4294967295, i32 0, void @empty, void @empty, void @empty, i32 0, i32 0, i32 0, i32 0, void @empty, void @empty, i32 4294967295, i32 0"   --->   Operation 52 'specinterface' 'specinterface_ln0' <Predicate = true> <Delay = 0.00>
ST_2 : Operation 53 [1/1] (0.00ns)   --->   "%specbitsmap_ln0 = specbitsmap void @_ssdm_op_SpecBitsMap, i32 %input_fm_8"   --->   Operation 53 'specbitsmap' 'specbitsmap_ln0' <Predicate = true> <Delay = 0.00>
ST_2 : Operation 54 [1/1] (0.00ns)   --->   "%specinterface_ln0 = specinterface void @_ssdm_op_SpecInterface, i32 %input_fm_9, void @empty_5, i32 0, i32 0, void @empty, i32 4294967295, i32 0, void @empty, void @empty, void @empty, i32 0, i32 0, i32 0, i32 0, void @empty, void @empty, i32 4294967295, i32 0"   --->   Operation 54 'specinterface' 'specinterface_ln0' <Predicate = true> <Delay = 0.00>
ST_2 : Operation 55 [1/1] (0.00ns)   --->   "%specbitsmap_ln0 = specbitsmap void @_ssdm_op_SpecBitsMap, i32 %input_fm_9"   --->   Operation 55 'specbitsmap' 'specbitsmap_ln0' <Predicate = true> <Delay = 0.00>
ST_2 : Operation 56 [1/1] (0.00ns)   --->   "%specinterface_ln0 = specinterface void @_ssdm_op_SpecInterface, i32 %input_fm_10, void @empty_5, i32 0, i32 0, void @empty, i32 4294967295, i32 0, void @empty, void @empty, void @empty, i32 0, i32 0, i32 0, i32 0, void @empty, void @empty, i32 4294967295, i32 0"   --->   Operation 56 'specinterface' 'specinterface_ln0' <Predicate = true> <Delay = 0.00>
ST_2 : Operation 57 [1/1] (0.00ns)   --->   "%specbitsmap_ln0 = specbitsmap void @_ssdm_op_SpecBitsMap, i32 %input_fm_10"   --->   Operation 57 'specbitsmap' 'specbitsmap_ln0' <Predicate = true> <Delay = 0.00>
ST_2 : Operation 58 [1/1] (0.00ns)   --->   "%specinterface_ln0 = specinterface void @_ssdm_op_SpecInterface, i32 %weights_0, void @empty_5, i32 0, i32 0, void @empty, i32 4294967295, i32 0, void @empty, void @empty, void @empty, i32 0, i32 0, i32 0, i32 0, void @empty, void @empty, i32 4294967295, i32 0"   --->   Operation 58 'specinterface' 'specinterface_ln0' <Predicate = true> <Delay = 0.00>
ST_2 : Operation 59 [1/1] (0.00ns)   --->   "%specbitsmap_ln0 = specbitsmap void @_ssdm_op_SpecBitsMap, i32 %weights_0"   --->   Operation 59 'specbitsmap' 'specbitsmap_ln0' <Predicate = true> <Delay = 0.00>
ST_2 : Operation 60 [1/1] (0.00ns)   --->   "%specinterface_ln0 = specinterface void @_ssdm_op_SpecInterface, i32 %weights_1, void @empty_5, i32 0, i32 0, void @empty, i32 4294967295, i32 0, void @empty, void @empty, void @empty, i32 0, i32 0, i32 0, i32 0, void @empty, void @empty, i32 4294967295, i32 0"   --->   Operation 60 'specinterface' 'specinterface_ln0' <Predicate = true> <Delay = 0.00>
ST_2 : Operation 61 [1/1] (0.00ns)   --->   "%specbitsmap_ln0 = specbitsmap void @_ssdm_op_SpecBitsMap, i32 %weights_1"   --->   Operation 61 'specbitsmap' 'specbitsmap_ln0' <Predicate = true> <Delay = 0.00>
ST_2 : Operation 62 [1/1] (0.00ns)   --->   "%specinterface_ln0 = specinterface void @_ssdm_op_SpecInterface, i32 %weights_2, void @empty_5, i32 0, i32 0, void @empty, i32 4294967295, i32 0, void @empty, void @empty, void @empty, i32 0, i32 0, i32 0, i32 0, void @empty, void @empty, i32 4294967295, i32 0"   --->   Operation 62 'specinterface' 'specinterface_ln0' <Predicate = true> <Delay = 0.00>
ST_2 : Operation 63 [1/1] (0.00ns)   --->   "%specbitsmap_ln0 = specbitsmap void @_ssdm_op_SpecBitsMap, i32 %weights_2"   --->   Operation 63 'specbitsmap' 'specbitsmap_ln0' <Predicate = true> <Delay = 0.00>
ST_2 : Operation 64 [1/1] (0.00ns)   --->   "%specinterface_ln0 = specinterface void @_ssdm_op_SpecInterface, i32 %weights_3, void @empty_5, i32 0, i32 0, void @empty, i32 4294967295, i32 0, void @empty, void @empty, void @empty, i32 0, i32 0, i32 0, i32 0, void @empty, void @empty, i32 4294967295, i32 0"   --->   Operation 64 'specinterface' 'specinterface_ln0' <Predicate = true> <Delay = 0.00>
ST_2 : Operation 65 [1/1] (0.00ns)   --->   "%specbitsmap_ln0 = specbitsmap void @_ssdm_op_SpecBitsMap, i32 %weights_3"   --->   Operation 65 'specbitsmap' 'specbitsmap_ln0' <Predicate = true> <Delay = 0.00>
ST_2 : Operation 66 [1/1] (0.00ns)   --->   "%specinterface_ln0 = specinterface void @_ssdm_op_SpecInterface, i32 %weights_4, void @empty_5, i32 0, i32 0, void @empty, i32 4294967295, i32 0, void @empty, void @empty, void @empty, i32 0, i32 0, i32 0, i32 0, void @empty, void @empty, i32 4294967295, i32 0"   --->   Operation 66 'specinterface' 'specinterface_ln0' <Predicate = true> <Delay = 0.00>
ST_2 : Operation 67 [1/1] (0.00ns)   --->   "%specbitsmap_ln0 = specbitsmap void @_ssdm_op_SpecBitsMap, i32 %weights_4"   --->   Operation 67 'specbitsmap' 'specbitsmap_ln0' <Predicate = true> <Delay = 0.00>
ST_2 : Operation 68 [1/1] (0.00ns)   --->   "%specinterface_ln0 = specinterface void @_ssdm_op_SpecInterface, i32 %weights_5, void @empty_5, i32 0, i32 0, void @empty, i32 4294967295, i32 0, void @empty, void @empty, void @empty, i32 0, i32 0, i32 0, i32 0, void @empty, void @empty, i32 4294967295, i32 0"   --->   Operation 68 'specinterface' 'specinterface_ln0' <Predicate = true> <Delay = 0.00>
ST_2 : Operation 69 [1/1] (0.00ns)   --->   "%specbitsmap_ln0 = specbitsmap void @_ssdm_op_SpecBitsMap, i32 %weights_5"   --->   Operation 69 'specbitsmap' 'specbitsmap_ln0' <Predicate = true> <Delay = 0.00>
ST_2 : Operation 70 [1/1] (0.00ns)   --->   "%specinterface_ln0 = specinterface void @_ssdm_op_SpecInterface, i32 %weights_6, void @empty_5, i32 0, i32 0, void @empty, i32 4294967295, i32 0, void @empty, void @empty, void @empty, i32 0, i32 0, i32 0, i32 0, void @empty, void @empty, i32 4294967295, i32 0"   --->   Operation 70 'specinterface' 'specinterface_ln0' <Predicate = true> <Delay = 0.00>
ST_2 : Operation 71 [1/1] (0.00ns)   --->   "%specbitsmap_ln0 = specbitsmap void @_ssdm_op_SpecBitsMap, i32 %weights_6"   --->   Operation 71 'specbitsmap' 'specbitsmap_ln0' <Predicate = true> <Delay = 0.00>
ST_2 : Operation 72 [1/1] (0.00ns)   --->   "%specinterface_ln0 = specinterface void @_ssdm_op_SpecInterface, i32 %weights_7, void @empty_5, i32 0, i32 0, void @empty, i32 4294967295, i32 0, void @empty, void @empty, void @empty, i32 0, i32 0, i32 0, i32 0, void @empty, void @empty, i32 4294967295, i32 0"   --->   Operation 72 'specinterface' 'specinterface_ln0' <Predicate = true> <Delay = 0.00>
ST_2 : Operation 73 [1/1] (0.00ns)   --->   "%specbitsmap_ln0 = specbitsmap void @_ssdm_op_SpecBitsMap, i32 %weights_7"   --->   Operation 73 'specbitsmap' 'specbitsmap_ln0' <Predicate = true> <Delay = 0.00>
ST_2 : Operation 74 [1/1] (0.00ns)   --->   "%specinterface_ln0 = specinterface void @_ssdm_op_SpecInterface, i32 %weights_8, void @empty_5, i32 0, i32 0, void @empty, i32 4294967295, i32 0, void @empty, void @empty, void @empty, i32 0, i32 0, i32 0, i32 0, void @empty, void @empty, i32 4294967295, i32 0"   --->   Operation 74 'specinterface' 'specinterface_ln0' <Predicate = true> <Delay = 0.00>
ST_2 : Operation 75 [1/1] (0.00ns)   --->   "%specbitsmap_ln0 = specbitsmap void @_ssdm_op_SpecBitsMap, i32 %weights_8"   --->   Operation 75 'specbitsmap' 'specbitsmap_ln0' <Predicate = true> <Delay = 0.00>
ST_2 : Operation 76 [1/1] (0.00ns)   --->   "%specinterface_ln0 = specinterface void @_ssdm_op_SpecInterface, i32 %weights_9, void @empty_5, i32 0, i32 0, void @empty, i32 4294967295, i32 0, void @empty, void @empty, void @empty, i32 0, i32 0, i32 0, i32 0, void @empty, void @empty, i32 4294967295, i32 0"   --->   Operation 76 'specinterface' 'specinterface_ln0' <Predicate = true> <Delay = 0.00>
ST_2 : Operation 77 [1/1] (0.00ns)   --->   "%specbitsmap_ln0 = specbitsmap void @_ssdm_op_SpecBitsMap, i32 %weights_9"   --->   Operation 77 'specbitsmap' 'specbitsmap_ln0' <Predicate = true> <Delay = 0.00>
ST_2 : Operation 78 [1/1] (0.00ns)   --->   "%specinterface_ln0 = specinterface void @_ssdm_op_SpecInterface, i32 %weights_10, void @empty_5, i32 0, i32 0, void @empty, i32 4294967295, i32 0, void @empty, void @empty, void @empty, i32 0, i32 0, i32 0, i32 0, void @empty, void @empty, i32 4294967295, i32 0"   --->   Operation 78 'specinterface' 'specinterface_ln0' <Predicate = true> <Delay = 0.00>
ST_2 : Operation 79 [1/1] (0.00ns)   --->   "%specbitsmap_ln0 = specbitsmap void @_ssdm_op_SpecBitsMap, i32 %weights_10"   --->   Operation 79 'specbitsmap' 'specbitsmap_ln0' <Predicate = true> <Delay = 0.00>
ST_2 : Operation 80 [1/1] (0.00ns)   --->   "%specinterface_ln0 = specinterface void @_ssdm_op_SpecInterface, i32 %biases, void @empty_5, i32 0, i32 0, void @empty, i32 4294967295, i32 0, void @empty, void @empty, void @empty, i32 0, i32 0, i32 0, i32 0, void @empty, void @empty, i32 4294967295, i32 0"   --->   Operation 80 'specinterface' 'specinterface_ln0' <Predicate = true> <Delay = 0.00>
ST_2 : Operation 81 [1/1] (0.00ns)   --->   "%specbitsmap_ln0 = specbitsmap void @_ssdm_op_SpecBitsMap, i32 %biases"   --->   Operation 81 'specbitsmap' 'specbitsmap_ln0' <Predicate = true> <Delay = 0.00>
ST_2 : Operation 82 [1/1] (0.00ns)   --->   "%specinterface_ln0 = specinterface void @_ssdm_op_SpecInterface, i32 %output_fm, void @empty_5, i32 0, i32 0, void @empty, i32 4294967295, i32 0, void @empty, void @empty, void @empty, i32 0, i32 0, i32 0, i32 0, void @empty, void @empty, i32 4294967295, i32 0"   --->   Operation 82 'specinterface' 'specinterface_ln0' <Predicate = true> <Delay = 0.00>
ST_2 : Operation 83 [1/1] (0.00ns)   --->   "%specbitsmap_ln0 = specbitsmap void @_ssdm_op_SpecBitsMap, i32 %output_fm"   --->   Operation 83 'specbitsmap' 'specbitsmap_ln0' <Predicate = true> <Delay = 0.00>
ST_2 : Operation 84 [1/2] (0.00ns)   --->   "%call_ln0 = call void @conv_Pipeline_VITIS_LOOP_18_1_VITIS_LOOP_19_2_VITIS_LOOP_20_3, i32 %biases, i32 %output_fm"   --->   Operation 84 'call' 'call_ln0' <Predicate = true> <Delay = 0.00> <CoreType = "Generic">   --->   Core 0 '' <Latency = 0> <II = 1> <Delay = 1.00> <Generic> <Opcode : >
ST_2 : Operation 85 [1/1] (0.00ns)   --->   "%br_ln27 = br void %VITIS_LOOP_36_8" [conv.cpp:27]   --->   Operation 85 'br' 'br_ln27' <Predicate = true> <Delay = 0.00>

State 3 <SV = 2> <Delay = 4.57>
ST_3 : Operation 86 [1/1] (0.00ns)   --->   "%i_1 = load i8 %i" [conv.cpp:31]   --->   Operation 86 'load' 'i_1' <Predicate = true> <Delay = 0.00>
ST_3 : Operation 87 [1/1] (0.00ns)   --->   "%indvar_flatten183_load = load i17 %indvar_flatten183" [conv.cpp:28]   --->   Operation 87 'load' 'indvar_flatten183_load' <Predicate = true> <Delay = 0.00>
ST_3 : Operation 88 [1/1] (0.00ns)   --->   "%zext_ln30 = zext i8 %i_1" [conv.cpp:30]   --->   Operation 88 'zext' 'zext_ln30' <Predicate = true> <Delay = 0.00>
ST_3 : Operation 89 [1/1] (1.91ns)   --->   "%add_ln31 = add i8 %i_1, i8 252" [conv.cpp:31]   --->   Operation 89 'add' 'add_ln31' <Predicate = true> <Delay = 1.91> <CoreInst = "Adder">   --->   Core 1 'Adder' <Latency = 0> <II = 1> <Delay = 1.91> <FuncUnit> <Opcode : 'add' 'sub'> <InPorts = 2> <OutPorts = 1>
ST_3 : Operation 90 [1/1] (0.00ns)   --->   "%tmp_s = partselect i6 @_ssdm_op_PartSelect.i6.i8.i32.i32, i8 %add_ln31, i32 2, i32 7" [conv.cpp:31]   --->   Operation 90 'partselect' 'tmp_s' <Predicate = true> <Delay = 0.00>
ST_3 : Operation 91 [1/1] (1.91ns)   --->   "%empty = add i9 %zext_ln30, i9 507" [conv.cpp:30]   --->   Operation 91 'add' 'empty' <Predicate = true> <Delay = 1.91> <CoreInst = "Adder">   --->   Core 1 'Adder' <Latency = 0> <II = 1> <Delay = 1.91> <FuncUnit> <Opcode : 'add' 'sub'> <InPorts = 2> <OutPorts = 1>
ST_3 : Operation 92 [1/1] (2.43ns)   --->   "%icmp_ln28 = icmp_eq  i17 %indvar_flatten183_load, i17 116160" [conv.cpp:28]   --->   Operation 92 'icmp' 'icmp_ln28' <Predicate = true> <Delay = 2.43> <CoreInst = "Cmp">   --->   Core 9 'Cmp' <Latency = 0> <II = 1> <Delay = 2.43> <FuncUnit> <Opcode : 'icmp'> <InPorts = 2> <OutPorts = 1>
ST_3 : Operation 93 [1/1] (2.10ns)   --->   "%add_ln28_1 = add i17 %indvar_flatten183_load, i17 1" [conv.cpp:28]   --->   Operation 93 'add' 'add_ln28_1' <Predicate = true> <Delay = 2.10> <CoreInst = "Adder">   --->   Core 1 'Adder' <Latency = 0> <II = 1> <Delay = 2.10> <FuncUnit> <Opcode : 'add' 'sub'> <InPorts = 2> <OutPorts = 1>
ST_3 : Operation 94 [1/1] (0.00ns)   --->   "%br_ln28 = br i1 %icmp_ln28, void %for.inc84, void %for.body95.preheader" [conv.cpp:28]   --->   Operation 94 'br' 'br_ln28' <Predicate = true> <Delay = 0.00>
ST_3 : Operation 95 [1/1] (0.00ns)   --->   "%indvar_flatten151_load = load i12 %indvar_flatten151" [conv.cpp:29]   --->   Operation 95 'load' 'indvar_flatten151_load' <Predicate = (!icmp_ln28)> <Delay = 0.00>
ST_3 : Operation 96 [1/1] (0.00ns)   --->   "%f_load = load i7 %f" [conv.cpp:28]   --->   Operation 96 'load' 'f_load' <Predicate = (!icmp_ln28)> <Delay = 0.00>
ST_3 : Operation 97 [1/1] (1.87ns)   --->   "%add_ln28 = add i7 %f_load, i7 1" [conv.cpp:28]   --->   Operation 97 'add' 'add_ln28' <Predicate = (!icmp_ln28)> <Delay = 1.87> <CoreInst = "Adder">   --->   Core 1 'Adder' <Latency = 0> <II = 1> <Delay = 1.87> <FuncUnit> <Opcode : 'add' 'sub'> <InPorts = 2> <OutPorts = 1>
ST_3 : Operation 98 [1/1] (1.99ns)   --->   "%icmp_ln29 = icmp_eq  i12 %indvar_flatten151_load, i12 1815" [conv.cpp:29]   --->   Operation 98 'icmp' 'icmp_ln29' <Predicate = (!icmp_ln28)> <Delay = 1.99> <CoreInst = "Cmp">   --->   Core 9 'Cmp' <Latency = 0> <II = 1> <Delay = 1.99> <FuncUnit> <Opcode : 'icmp'> <InPorts = 2> <OutPorts = 1>
ST_3 : Operation 99 [1/1] (0.99ns)   --->   "%select_ln28_1 = select i1 %icmp_ln29, i7 %add_ln28, i7 %f_load" [conv.cpp:28]   --->   Operation 99 'select' 'select_ln28_1' <Predicate = (!icmp_ln28)> <Delay = 0.99> <CoreInst = "Sel">   --->   Core 73 'Sel' <Latency = 0> <II = 1> <Delay = 0.99> <FuncUnit> <Opcode : 'select'> <InPorts = 3> <OutPorts = 1>
ST_3 : Operation 100 [1/1] (0.00ns)   --->   "%zext_ln42 = zext i7 %select_ln28_1" [conv.cpp:42]   --->   Operation 100 'zext' 'zext_ln42' <Predicate = (!icmp_ln28)> <Delay = 0.00>
ST_3 : Operation 101 [3/3] (1.05ns) (grouped into DSP with root node add_ln42_1)   --->   "%mul_ln42 = mul i13 %zext_ln42, i13 55" [conv.cpp:42]   --->   Operation 101 'mul' 'mul_ln42' <Predicate = (!icmp_ln28)> <Delay = 1.05> <CoreInst = "DSP48">   --->   Core 119 'DSP48' <Latency = 3> <II = 1> <Delay = 2.15> <IPBlock> <Opcode : 'mul' 'add' 'sub' 'select'> <InPorts = 0> <OutPorts = 1> <Sync> <CReg>
ST_3 : Operation 102 [1/1] (1.54ns)   --->   "%add_ln29_1 = add i12 %indvar_flatten151_load, i12 1" [conv.cpp:29]   --->   Operation 102 'add' 'add_ln29_1' <Predicate = (!icmp_ln28)> <Delay = 1.54> <CoreInst = "Adder">   --->   Core 1 'Adder' <Latency = 0> <II = 1> <Delay = 1.54> <FuncUnit> <Opcode : 'add' 'sub'> <InPorts = 2> <OutPorts = 1>
ST_3 : Operation 103 [1/1] (0.69ns)   --->   "%select_ln29_5 = select i1 %icmp_ln29, i12 1, i12 %add_ln29_1" [conv.cpp:29]   --->   Operation 103 'select' 'select_ln29_5' <Predicate = (!icmp_ln28)> <Delay = 0.69> <CoreInst = "Sel">   --->   Core 73 'Sel' <Latency = 0> <II = 1> <Delay = 0.69> <FuncUnit> <Opcode : 'select'> <InPorts = 3> <OutPorts = 1>
ST_3 : Operation 104 [1/1] (1.58ns)   --->   "%store_ln32 = store i17 %add_ln28_1, i17 %indvar_flatten183" [conv.cpp:32]   --->   Operation 104 'store' 'store_ln32' <Predicate = (!icmp_ln28)> <Delay = 1.58>
ST_3 : Operation 105 [1/1] (1.58ns)   --->   "%store_ln32 = store i7 %select_ln28_1, i7 %f" [conv.cpp:32]   --->   Operation 105 'store' 'store_ln32' <Predicate = (!icmp_ln28)> <Delay = 1.58>
ST_3 : Operation 106 [1/1] (1.58ns)   --->   "%store_ln32 = store i12 %select_ln29_5, i12 %indvar_flatten151" [conv.cpp:32]   --->   Operation 106 'store' 'store_ln32' <Predicate = (!icmp_ln28)> <Delay = 1.58>
ST_3 : Operation 107 [2/2] (0.00ns)   --->   "%call_ln0 = call void @conv_Pipeline_VITIS_LOOP_51_10_VITIS_LOOP_52_11_VITIS_LOOP_53_12, i32 %output_fm"   --->   Operation 107 'call' 'call_ln0' <Predicate = (icmp_ln28)> <Delay = 0.00> <CoreType = "Generic">   --->   Core 0 '' <Latency = 0> <II = 1> <Delay = 1.00> <Generic> <Opcode : >

State 4 <SV = 3> <Delay = 6.00>
ST_4 : Operation 108 [1/1] (0.00ns)   --->   "%indvar_flatten129_load = load i10 %indvar_flatten129" [conv.cpp:30]   --->   Operation 108 'load' 'indvar_flatten129_load' <Predicate = true> <Delay = 0.00>
ST_4 : Operation 109 [2/3] (1.05ns) (grouped into DSP with root node add_ln42_1)   --->   "%mul_ln42 = mul i13 %zext_ln42, i13 55" [conv.cpp:42]   --->   Operation 109 'mul' 'mul_ln42' <Predicate = true> <Delay = 1.05> <CoreInst = "DSP48">   --->   Core 119 'DSP48' <Latency = 3> <II = 1> <Delay = 2.15> <IPBlock> <Opcode : 'mul' 'add' 'sub' 'select'> <InPorts = 0> <OutPorts = 1> <Sync> <CReg>
ST_4 : Operation 110 [1/1] (0.00ns) (grouped into LUT with out node and_ln28)   --->   "%xor_ln28 = xor i1 %icmp_ln29, i1 1" [conv.cpp:28]   --->   Operation 110 'xor' 'xor_ln28' <Predicate = true> <Delay = 0.00> <CoreInst = "LogicGate">   --->   Core 74 'LogicGate' <Latency = 0> <II = 1> <Delay = 0.97> <FuncUnit> <Opcode : 'and' 'or' 'xor'> <InPorts = 2> <OutPorts = 1>
ST_4 : Operation 111 [1/1] (1.77ns)   --->   "%icmp_ln30 = icmp_eq  i10 %indvar_flatten129_load, i10 605" [conv.cpp:30]   --->   Operation 111 'icmp' 'icmp_ln30' <Predicate = true> <Delay = 1.77> <CoreInst = "Cmp">   --->   Core 9 'Cmp' <Latency = 0> <II = 1> <Delay = 1.77> <FuncUnit> <Opcode : 'icmp'> <InPorts = 2> <OutPorts = 1>
ST_4 : Operation 112 [1/1] (0.97ns) (out node of the LUT)   --->   "%and_ln28 = and i1 %icmp_ln30, i1 %xor_ln28" [conv.cpp:28]   --->   Operation 112 'and' 'and_ln28' <Predicate = true> <Delay = 0.97> <CoreInst = "LogicGate">   --->   Core 74 'LogicGate' <Latency = 0> <II = 1> <Delay = 0.97> <FuncUnit> <Opcode : 'and' 'or' 'xor'> <InPorts = 2> <OutPorts = 1>
ST_4 : Operation 113 [1/1] (0.97ns)   --->   "%or_ln29 = or i1 %and_ln28, i1 %icmp_ln29" [conv.cpp:29]   --->   Operation 113 'or' 'or_ln29' <Predicate = true> <Delay = 0.97> <CoreInst = "LogicGate">   --->   Core 74 'LogicGate' <Latency = 0> <II = 1> <Delay = 0.97> <FuncUnit> <Opcode : 'and' 'or' 'xor'> <InPorts = 2> <OutPorts = 1>
ST_4 : Operation 114 [1/1] (1.73ns)   --->   "%add_ln30_1 = add i10 %indvar_flatten129_load, i10 1" [conv.cpp:30]   --->   Operation 114 'add' 'add_ln30_1' <Predicate = true> <Delay = 1.73> <CoreInst = "Adder">   --->   Core 1 'Adder' <Latency = 0> <II = 1> <Delay = 1.73> <FuncUnit> <Opcode : 'add' 'sub'> <InPorts = 2> <OutPorts = 1>
ST_4 : Operation 115 [1/1] (0.68ns)   --->   "%select_ln30_4 = select i1 %or_ln29, i10 1, i10 %add_ln30_1" [conv.cpp:30]   --->   Operation 115 'select' 'select_ln30_4' <Predicate = true> <Delay = 0.68> <CoreInst = "Sel">   --->   Core 73 'Sel' <Latency = 0> <II = 1> <Delay = 0.68> <FuncUnit> <Opcode : 'select'> <InPorts = 3> <OutPorts = 1>
ST_4 : Operation 116 [1/1] (1.58ns)   --->   "%store_ln32 = store i10 %select_ln30_4, i10 %indvar_flatten129" [conv.cpp:32]   --->   Operation 116 'store' 'store_ln32' <Predicate = true> <Delay = 1.58>

State 5 <SV = 4> <Delay = 6.04>
ST_5 : Operation 117 [1/1] (0.00ns)   --->   "%a_load = load i8 %a" [conv.cpp:32]   --->   Operation 117 'load' 'a_load' <Predicate = true> <Delay = 0.00>
ST_5 : Operation 118 [1/3] (0.00ns) (grouped into DSP with root node add_ln42_1)   --->   "%mul_ln42 = mul i13 %zext_ln42, i13 55" [conv.cpp:42]   --->   Operation 118 'mul' 'mul_ln42' <Predicate = true> <Delay = 0.00> <CoreInst = "DSP48">   --->   Core 119 'DSP48' <Latency = 3> <II = 1> <Delay = 2.15> <IPBlock> <Opcode : 'mul' 'add' 'sub' 'select'> <InPorts = 0> <OutPorts = 1> <Sync> <CReg>
ST_5 : Operation 119 [1/1] (1.55ns)   --->   "%icmp_ln32 = icmp_ult  i8 %a_load, i8 221" [conv.cpp:32]   --->   Operation 119 'icmp' 'icmp_ln32' <Predicate = true> <Delay = 1.55> <CoreInst = "Cmp">   --->   Core 9 'Cmp' <Latency = 0> <II = 1> <Delay = 1.55> <FuncUnit> <Opcode : 'icmp'> <InPorts = 2> <OutPorts = 1>
ST_5 : Operation 120 [1/1] (0.00ns) (grouped into LUT with out node or_ln29_1)   --->   "%or_ln28 = or i1 %icmp_ln29, i1 %icmp_ln32" [conv.cpp:28]   --->   Operation 120 'or' 'or_ln28' <Predicate = true> <Delay = 0.00> <CoreInst = "LogicGate">   --->   Core 74 'LogicGate' <Latency = 0> <II = 1> <Delay = 0.97> <FuncUnit> <Opcode : 'and' 'or' 'xor'> <InPorts = 2> <OutPorts = 1>
ST_5 : Operation 121 [1/1] (1.24ns)   --->   "%select_ln29 = select i1 %or_ln29, i8 4, i8 %i_1" [conv.cpp:29]   --->   Operation 121 'select' 'select_ln29' <Predicate = true> <Delay = 1.24> <CoreInst = "Sel">   --->   Core 73 'Sel' <Latency = 0> <II = 1> <Delay = 1.24> <FuncUnit> <Opcode : 'select'> <InPorts = 3> <OutPorts = 1>
ST_5 : Operation 122 [1/1] (0.00ns) (grouped into LUT with out node select_ln30_1)   --->   "%select_ln29_3 = select i1 %or_ln29, i6 0, i6 %tmp_s" [conv.cpp:29]   --->   Operation 122 'select' 'select_ln29_3' <Predicate = true> <Delay = 0.00> <CoreInst = "Sel">   --->   Core 73 'Sel' <Latency = 0> <II = 1> <Delay = 1.18> <FuncUnit> <Opcode : 'select'> <InPorts = 3> <OutPorts = 1>
ST_5 : Operation 123 [1/1] (0.00ns) (grouped into LUT with out node select_ln30_2)   --->   "%select_ln29_4 = select i1 %or_ln29, i9 511, i9 %empty" [conv.cpp:29]   --->   Operation 123 'select' 'select_ln29_4' <Predicate = true> <Delay = 0.00> <CoreInst = "Sel">   --->   Core 73 'Sel' <Latency = 0> <II = 1> <Delay = 0.96> <FuncUnit> <Opcode : 'select'> <InPorts = 3> <OutPorts = 1>
ST_5 : Operation 124 [1/1] (0.97ns) (out node of the LUT)   --->   "%or_ln29_1 = or i1 %and_ln28, i1 %or_ln28" [conv.cpp:29]   --->   Operation 124 'or' 'or_ln29_1' <Predicate = true> <Delay = 0.97> <CoreInst = "LogicGate">   --->   Core 74 'LogicGate' <Latency = 0> <II = 1> <Delay = 0.97> <FuncUnit> <Opcode : 'and' 'or' 'xor'> <InPorts = 2> <OutPorts = 1>
ST_5 : Operation 125 [1/1] (1.91ns)   --->   "%add_ln30 = add i8 %select_ln29, i8 4" [conv.cpp:30]   --->   Operation 125 'add' 'add_ln30' <Predicate = true> <Delay = 1.91> <CoreInst = "Adder">   --->   Core 1 'Adder' <Latency = 0> <II = 1> <Delay = 1.91> <FuncUnit> <Opcode : 'add' 'sub'> <InPorts = 2> <OutPorts = 1>
ST_5 : Operation 126 [1/1] (0.00ns)   --->   "%zext_ln30_1 = zext i8 %add_ln30" [conv.cpp:30]   --->   Operation 126 'zext' 'zext_ln30_1' <Predicate = true> <Delay = 0.00>
ST_5 : Operation 127 [1/1] (0.00ns) (grouped into LUT with out node select_ln30_1)   --->   "%p_mid = partselect i6 @_ssdm_op_PartSelect.i6.i8.i32.i32, i8 %select_ln29, i32 2, i32 7" [conv.cpp:29]   --->   Operation 127 'partselect' 'p_mid' <Predicate = true> <Delay = 0.00>
ST_5 : Operation 128 [1/1] (1.18ns) (out node of the LUT)   --->   "%select_ln30_1 = select i1 %or_ln29_1, i6 %select_ln29_3, i6 %p_mid" [conv.cpp:30]   --->   Operation 128 'select' 'select_ln30_1' <Predicate = true> <Delay = 1.18> <CoreInst = "Sel">   --->   Core 73 'Sel' <Latency = 0> <II = 1> <Delay = 1.18> <FuncUnit> <Opcode : 'select'> <InPorts = 3> <OutPorts = 1>
ST_5 : Operation 129 [1/1] (0.00ns)   --->   "%zext_ln42_20 = zext i6 %select_ln30_1" [conv.cpp:42]   --->   Operation 129 'zext' 'zext_ln42_20' <Predicate = true> <Delay = 0.00>
ST_5 : Operation 130 [2/2] (2.10ns) (root node of the DSP)   --->   "%add_ln42_1 = add i13 %mul_ln42, i13 %zext_ln42_20" [conv.cpp:42]   --->   Operation 130 'add' 'add_ln42_1' <Predicate = true> <Delay = 2.10> <CoreInst = "DSP48">   --->   Core 119 'DSP48' <Latency = 3> <II = 1> <Delay = 2.15> <IPBlock> <Opcode : 'mul' 'add' 'sub' 'select'> <InPorts = 0> <OutPorts = 1> <Sync> <CReg>
ST_5 : Operation 131 [1/1] (1.91ns)   --->   "%p_mid1127 = add i9 %zext_ln30_1, i9 507" [conv.cpp:30]   --->   Operation 131 'add' 'p_mid1127' <Predicate = true> <Delay = 1.91> <CoreInst = "Adder">   --->   Core 1 'Adder' <Latency = 0> <II = 1> <Delay = 1.91> <FuncUnit> <Opcode : 'add' 'sub'> <InPorts = 2> <OutPorts = 1>
ST_5 : Operation 132 [1/1] (0.96ns) (out node of the LUT)   --->   "%select_ln30_2 = select i1 %or_ln29_1, i9 %select_ln29_4, i9 %p_mid1127" [conv.cpp:30]   --->   Operation 132 'select' 'select_ln30_2' <Predicate = true> <Delay = 0.96> <CoreInst = "Sel">   --->   Core 73 'Sel' <Latency = 0> <II = 1> <Delay = 0.96> <FuncUnit> <Opcode : 'select'> <InPorts = 3> <OutPorts = 1>
ST_5 : Operation 133 [1/1] (1.24ns)   --->   "%select_ln30_3 = select i1 %or_ln29_1, i8 %select_ln29, i8 %add_ln30" [conv.cpp:30]   --->   Operation 133 'select' 'select_ln30_3' <Predicate = true> <Delay = 1.24> <CoreInst = "Sel">   --->   Core 73 'Sel' <Latency = 0> <II = 1> <Delay = 1.24> <FuncUnit> <Opcode : 'select'> <InPorts = 3> <OutPorts = 1>
ST_5 : Operation 134 [1/1] (1.58ns)   --->   "%store_ln32 = store i8 %select_ln30_3, i8 %i" [conv.cpp:32]   --->   Operation 134 'store' 'store_ln32' <Predicate = true> <Delay = 1.58>

State 6 <SV = 5> <Delay = 4.25>
ST_6 : Operation 135 [1/2] (2.10ns) (root node of the DSP)   --->   "%add_ln42_1 = add i13 %mul_ln42, i13 %zext_ln42_20" [conv.cpp:42]   --->   Operation 135 'add' 'add_ln42_1' <Predicate = true> <Delay = 2.10> <CoreInst = "DSP48">   --->   Core 119 'DSP48' <Latency = 3> <II = 1> <Delay = 2.15> <IPBlock> <Opcode : 'mul' 'add' 'sub' 'select'> <InPorts = 0> <OutPorts = 1> <Sync> <CReg>
ST_6 : Operation 136 [1/1] (0.00ns)   --->   "%add_ln42_1_cast = zext i13 %add_ln42_1" [conv.cpp:42]   --->   Operation 136 'zext' 'add_ln42_1_cast' <Predicate = true> <Delay = 0.00>
ST_6 : Operation 137 [4/4] (2.15ns) (root node of the DSP)   --->   "%mul_ln42_3 = mul i18 %add_ln42_1_cast, i18 55" [conv.cpp:42]   --->   Operation 137 'mul' 'mul_ln42_3' <Predicate = true> <Delay = 2.15> <CoreInst = "DSP48">   --->   Core 119 'DSP48' <Latency = 3> <II = 1> <Delay = 2.15> <IPBlock> <Opcode : 'mul' 'add' 'sub' 'select'> <InPorts = 0> <OutPorts = 1> <Sync> <CReg>

State 7 <SV = 6> <Delay = 5.28>
ST_7 : Operation 138 [1/1] (0.00ns)   --->   "%m_load = load i2 %m" [conv.cpp:28]   --->   Operation 138 'load' 'm_load' <Predicate = (!icmp_ln29)> <Delay = 0.00>
ST_7 : Operation 139 [1/1] (0.99ns)   --->   "%select_ln28 = select i1 %icmp_ln29, i2 0, i2 %m_load" [conv.cpp:28]   --->   Operation 139 'select' 'select_ln28' <Predicate = true> <Delay = 0.99> <CoreInst = "Sel">   --->   Core 73 'Sel' <Latency = 0> <II = 1> <Delay = 0.99> <FuncUnit> <Opcode : 'select'> <InPorts = 3> <OutPorts = 1>
ST_7 : Operation 140 [1/1] (0.00ns)   --->   "%zext_ln42_16 = zext i7 %select_ln28_1" [conv.cpp:42]   --->   Operation 140 'zext' 'zext_ln42_16' <Predicate = true> <Delay = 0.00>
ST_7 : Operation 141 [1/1] (0.00ns)   --->   "%tmp_10 = bitconcatenate i9 @_ssdm_op_BitConcatenate.i9.i7.i2, i7 %select_ln28_1, i2 0" [conv.cpp:42]   --->   Operation 141 'bitconcatenate' 'tmp_10' <Predicate = true> <Delay = 0.00>
ST_7 : Operation 142 [1/1] (0.00ns)   --->   "%zext_ln42_17 = zext i9 %tmp_10" [conv.cpp:42]   --->   Operation 142 'zext' 'zext_ln42_17' <Predicate = true> <Delay = 0.00>
ST_7 : Operation 143 [1/1] (1.82ns)   --->   "%sub_ln42 = sub i10 %zext_ln42_17, i10 %zext_ln42_16" [conv.cpp:42]   --->   Operation 143 'sub' 'sub_ln42' <Predicate = true> <Delay = 1.82> <CoreInst = "Adder">   --->   Core 1 'Adder' <Latency = 0> <II = 1> <Delay = 1.82> <FuncUnit> <Opcode : 'add' 'sub'> <InPorts = 2> <OutPorts = 1>
ST_7 : Operation 144 [1/1] (0.00ns)   --->   "%sext_ln42 = sext i10 %sub_ln42" [conv.cpp:42]   --->   Operation 144 'sext' 'sext_ln42' <Predicate = true> <Delay = 0.00>
ST_7 : Operation 145 [1/1] (1.56ns)   --->   "%add_ln29 = add i2 %select_ln28, i2 1" [conv.cpp:29]   --->   Operation 145 'add' 'add_ln29' <Predicate = (and_ln28)> <Delay = 1.56> <CoreInst = "Adder">   --->   Core 1 'Adder' <Latency = 0> <II = 1> <Delay = 1.56> <FuncUnit> <Opcode : 'add' 'sub'> <InPorts = 2> <OutPorts = 1>
ST_7 : Operation 146 [1/1] (0.99ns)   --->   "%select_ln29_2 = select i1 %and_ln28, i2 %add_ln29, i2 %select_ln28" [conv.cpp:29]   --->   Operation 146 'select' 'select_ln29_2' <Predicate = true> <Delay = 0.99> <CoreInst = "Sel">   --->   Core 73 'Sel' <Latency = 0> <II = 1> <Delay = 0.99> <FuncUnit> <Opcode : 'select'> <InPorts = 3> <OutPorts = 1>
ST_7 : Operation 147 [1/1] (0.00ns)   --->   "%zext_ln42_18 = zext i2 %select_ln29_2" [conv.cpp:42]   --->   Operation 147 'zext' 'zext_ln42_18' <Predicate = true> <Delay = 0.00>
ST_7 : Operation 148 [1/1] (1.73ns)   --->   "%add_ln42 = add i11 %sext_ln42, i11 %zext_ln42_18" [conv.cpp:42]   --->   Operation 148 'add' 'add_ln42' <Predicate = true> <Delay = 1.73> <CoreInst = "Adder">   --->   Core 1 'Adder' <Latency = 0> <II = 1> <Delay = 1.73> <FuncUnit> <Opcode : 'add' 'sub'> <InPorts = 2> <OutPorts = 1>
ST_7 : Operation 149 [3/4] (2.15ns) (root node of the DSP)   --->   "%mul_ln42_3 = mul i18 %add_ln42_1_cast, i18 55" [conv.cpp:42]   --->   Operation 149 'mul' 'mul_ln42_3' <Predicate = true> <Delay = 2.15> <CoreInst = "DSP48">   --->   Core 119 'DSP48' <Latency = 3> <II = 1> <Delay = 2.15> <IPBlock> <Opcode : 'mul' 'add' 'sub' 'select'> <InPorts = 0> <OutPorts = 1> <Sync> <CReg>
ST_7 : Operation 150 [1/1] (1.58ns)   --->   "%store_ln32 = store i2 %select_ln29_2, i2 %m" [conv.cpp:32]   --->   Operation 150 'store' 'store_ln32' <Predicate = true> <Delay = 1.58>

State 8 <SV = 7> <Delay = 5.63>
ST_8 : Operation 151 [1/1] (0.00ns)   --->   "%zext_ln42_19 = zext i2 %select_ln29_2" [conv.cpp:42]   --->   Operation 151 'zext' 'zext_ln42_19' <Predicate = true> <Delay = 0.00>
ST_8 : Operation 152 [1/1] (4.35ns)   --->   "%mul_ln42_1 = mul i10 %zext_ln42_19, i10 226" [conv.cpp:42]   --->   Operation 152 'mul' 'mul_ln42_1' <Predicate = true> <Delay = 4.35> <CoreInst = "Multiplier">   --->   Core 3 'Multiplier' <Latency = 0> <II = 1> <Delay = 4.35> <FuncUnit> <Opcode : 'mul'> <InPorts = 2> <OutPorts = 1>
ST_8 : Operation 153 [1/1] (0.00ns)   --->   "%sext_ln29 = sext i11 %add_ln42" [conv.cpp:29]   --->   Operation 153 'sext' 'sext_ln29' <Predicate = true> <Delay = 0.00>
ST_8 : Operation 154 [1/1] (5.63ns)   --->   "%mul_ln29 = mul i12 %sext_ln29, i12 11" [conv.cpp:29]   --->   Operation 154 'mul' 'mul_ln29' <Predicate = true> <Delay = 5.63> <CoreInst = "Multiplier">   --->   Core 3 'Multiplier' <Latency = 0> <II = 1> <Delay = 5.63> <FuncUnit> <Opcode : 'mul'> <InPorts = 2> <OutPorts = 1>
ST_8 : Operation 155 [2/4] (2.15ns) (root node of the DSP)   --->   "%mul_ln42_3 = mul i18 %add_ln42_1_cast, i18 55" [conv.cpp:42]   --->   Operation 155 'mul' 'mul_ln42_3' <Predicate = true> <Delay = 2.15> <CoreInst = "DSP48">   --->   Core 119 'DSP48' <Latency = 3> <II = 1> <Delay = 2.15> <IPBlock> <Opcode : 'mul' 'add' 'sub' 'select'> <InPorts = 0> <OutPorts = 1> <Sync> <CReg>

State 9 <SV = 8> <Delay = 7.21>
ST_9 : Operation 156 [1/1] (0.00ns) (grouped into LUT with out node select_ln30)   --->   "%select_ln29_1 = select i1 %or_ln29, i8 4, i8 %a_load" [conv.cpp:29]   --->   Operation 156 'select' 'select_ln29_1' <Predicate = (or_ln29_1)> <Delay = 0.00> <CoreInst = "Sel">   --->   Core 73 'Sel' <Latency = 0> <II = 1> <Delay = 1.24> <FuncUnit> <Opcode : 'select'> <InPorts = 3> <OutPorts = 1>
ST_9 : Operation 157 [1/1] (1.24ns) (out node of the LUT)   --->   "%select_ln30 = select i1 %or_ln29_1, i8 %select_ln29_1, i8 4" [conv.cpp:30]   --->   Operation 157 'select' 'select_ln30' <Predicate = true> <Delay = 1.24> <CoreInst = "Sel">   --->   Core 73 'Sel' <Latency = 0> <II = 1> <Delay = 1.24> <FuncUnit> <Opcode : 'select'> <InPorts = 3> <OutPorts = 1>
ST_9 : Operation 158 [1/4] (0.00ns) (root node of the DSP)   --->   "%mul_ln42_3 = mul i18 %add_ln42_1_cast, i18 55" [conv.cpp:42]   --->   Operation 158 'mul' 'mul_ln42_3' <Predicate = true> <Delay = 0.00> <CoreInst = "DSP48">   --->   Core 119 'DSP48' <Latency = 3> <II = 1> <Delay = 2.15> <IPBlock> <Opcode : 'mul' 'add' 'sub' 'select'> <InPorts = 0> <OutPorts = 1> <Sync> <CReg>
ST_9 : Operation 159 [1/1] (1.91ns)   --->   "%add_ln35 = add i8 %select_ln30, i8 252" [conv.cpp:35]   --->   Operation 159 'add' 'add_ln35' <Predicate = true> <Delay = 1.91> <CoreInst = "Adder">   --->   Core 1 'Adder' <Latency = 0> <II = 1> <Delay = 1.91> <FuncUnit> <Opcode : 'add' 'sub'> <InPorts = 2> <OutPorts = 1>
ST_9 : Operation 160 [1/1] (0.00ns)   --->   "%tmp_11 = partselect i6 @_ssdm_op_PartSelect.i6.i8.i32.i32, i8 %add_ln35, i32 2, i32 7" [conv.cpp:35]   --->   Operation 160 'partselect' 'tmp_11' <Predicate = true> <Delay = 0.00>
ST_9 : Operation 161 [1/1] (0.00ns)   --->   "%zext_ln42_21 = zext i6 %tmp_11" [conv.cpp:42]   --->   Operation 161 'zext' 'zext_ln42_21' <Predicate = true> <Delay = 0.00>
ST_9 : Operation 162 [1/1] (2.13ns)   --->   "%add_ln42_2 = add i18 %mul_ln42_3, i18 %zext_ln42_21" [conv.cpp:42]   --->   Operation 162 'add' 'add_ln42_2' <Predicate = true> <Delay = 2.13> <CoreInst = "Adder">   --->   Core 1 'Adder' <Latency = 0> <II = 1> <Delay = 2.13> <FuncUnit> <Opcode : 'add' 'sub'> <InPorts = 2> <OutPorts = 1>
ST_9 : Operation 163 [2/2] (1.91ns)   --->   "%call_ln42 = call void @conv_Pipeline_VITIS_LOOP_36_8_VITIS_LOOP_37_9, i32 %output_fm, i18 %add_ln42_2, i9 %select_ln30_2, i10 %mul_ln42_1, i12 %mul_ln29, i32 %weights_0, i32 %weights_1, i32 %weights_2, i32 %weights_3, i32 %weights_4, i32 %weights_5, i32 %weights_6, i32 %weights_7, i32 %weights_8, i32 %weights_9, i32 %weights_10, i8 %select_ln30, i32 %input_fm_0, i32 %input_fm_1, i32 %input_fm_2, i32 %input_fm_3, i32 %input_fm_4, i32 %input_fm_5, i32 %input_fm_6, i32 %input_fm_7, i32 %input_fm_8, i32 %input_fm_9, i32 %input_fm_10" [conv.cpp:42]   --->   Operation 163 'call' 'call_ln42' <Predicate = true> <Delay = 1.91> <CoreType = "Generic">   --->   Core 0 '' <Latency = 0> <II = 1> <Delay = 1.00> <Generic> <Opcode : >
ST_9 : Operation 164 [1/1] (0.00ns)   --->   "%tmp_12 = partselect i6 @_ssdm_op_PartSelect.i6.i8.i32.i32, i8 %select_ln30, i32 2, i32 7" [conv.cpp:30]   --->   Operation 164 'partselect' 'tmp_12' <Predicate = true> <Delay = 0.00>
ST_9 : Operation 165 [1/1] (1.91ns)   --->   "%add_ln32 = add i8 %select_ln30, i8 20" [conv.cpp:32]   --->   Operation 165 'add' 'add_ln32' <Predicate = true> <Delay = 1.91> <CoreInst = "Adder">   --->   Core 1 'Adder' <Latency = 0> <II = 1> <Delay = 1.91> <FuncUnit> <Opcode : 'add' 'sub'> <InPorts = 2> <OutPorts = 1>
ST_9 : Operation 166 [1/1] (1.58ns)   --->   "%store_ln32 = store i8 %add_ln32, i8 %a" [conv.cpp:32]   --->   Operation 166 'store' 'store_ln32' <Predicate = true> <Delay = 1.58>

State 10 <SV = 9> <Delay = 0.00>
ST_10 : Operation 167 [1/2] (0.00ns)   --->   "%call_ln42 = call void @conv_Pipeline_VITIS_LOOP_36_8_VITIS_LOOP_37_9, i32 %output_fm, i18 %add_ln42_2, i9 %select_ln30_2, i10 %mul_ln42_1, i12 %mul_ln29, i32 %weights_0, i32 %weights_1, i32 %weights_2, i32 %weights_3, i32 %weights_4, i32 %weights_5, i32 %weights_6, i32 %weights_7, i32 %weights_8, i32 %weights_9, i32 %weights_10, i8 %select_ln30, i32 %input_fm_0, i32 %input_fm_1, i32 %input_fm_2, i32 %input_fm_3, i32 %input_fm_4, i32 %input_fm_5, i32 %input_fm_6, i32 %input_fm_7, i32 %input_fm_8, i32 %input_fm_9, i32 %input_fm_10" [conv.cpp:42]   --->   Operation 167 'call' 'call_ln42' <Predicate = true> <Delay = 0.00> <CoreType = "Generic">   --->   Core 0 '' <Latency = 0> <II = 1> <Delay = 1.00> <Generic> <Opcode : >

State 11 <SV = 10> <Delay = 2.13>
ST_11 : Operation 168 [1/1] (0.00ns)   --->   "%zext_ln42_22 = zext i6 %tmp_12" [conv.cpp:42]   --->   Operation 168 'zext' 'zext_ln42_22' <Predicate = true> <Delay = 0.00>
ST_11 : Operation 169 [1/1] (2.13ns)   --->   "%add_ln42_4 = add i18 %mul_ln42_3, i18 %zext_ln42_22" [conv.cpp:42]   --->   Operation 169 'add' 'add_ln42_4' <Predicate = true> <Delay = 2.13> <CoreInst = "Adder">   --->   Core 1 'Adder' <Latency = 0> <II = 1> <Delay = 2.13> <FuncUnit> <Opcode : 'add' 'sub'> <InPorts = 2> <OutPorts = 1>
ST_11 : Operation 170 [2/2] (0.00ns)   --->   "%call_ln42 = call void @conv_Pipeline_VITIS_LOOP_36_8_VITIS_LOOP_37_91, i32 %output_fm, i18 %add_ln42_4, i9 %select_ln30_2, i10 %mul_ln42_1, i12 %mul_ln29, i32 %weights_0, i32 %weights_1, i32 %weights_2, i32 %weights_3, i32 %weights_4, i32 %weights_5, i32 %weights_6, i32 %weights_7, i32 %weights_8, i32 %weights_9, i32 %weights_10, i8 %select_ln30, i32 %input_fm_0, i32 %input_fm_1, i32 %input_fm_2, i32 %input_fm_3, i32 %input_fm_4, i32 %input_fm_5, i32 %input_fm_6, i32 %input_fm_7, i32 %input_fm_8, i32 %input_fm_9, i32 %input_fm_10" [conv.cpp:42]   --->   Operation 170 'call' 'call_ln42' <Predicate = true> <Delay = 0.00> <CoreType = "Generic">   --->   Core 0 '' <Latency = 0> <II = 1> <Delay = 1.00> <Generic> <Opcode : >

State 12 <SV = 11> <Delay = 1.82>
ST_12 : Operation 171 [1/2] (0.00ns)   --->   "%call_ln42 = call void @conv_Pipeline_VITIS_LOOP_36_8_VITIS_LOOP_37_91, i32 %output_fm, i18 %add_ln42_4, i9 %select_ln30_2, i10 %mul_ln42_1, i12 %mul_ln29, i32 %weights_0, i32 %weights_1, i32 %weights_2, i32 %weights_3, i32 %weights_4, i32 %weights_5, i32 %weights_6, i32 %weights_7, i32 %weights_8, i32 %weights_9, i32 %weights_10, i8 %select_ln30, i32 %input_fm_0, i32 %input_fm_1, i32 %input_fm_2, i32 %input_fm_3, i32 %input_fm_4, i32 %input_fm_5, i32 %input_fm_6, i32 %input_fm_7, i32 %input_fm_8, i32 %input_fm_9, i32 %input_fm_10" [conv.cpp:42]   --->   Operation 171 'call' 'call_ln42' <Predicate = true> <Delay = 0.00> <CoreType = "Generic">   --->   Core 0 '' <Latency = 0> <II = 1> <Delay = 1.00> <Generic> <Opcode : >
ST_12 : Operation 172 [1/1] (1.82ns)   --->   "%empty_25 = add i6 %tmp_12, i6 1" [conv.cpp:30]   --->   Operation 172 'add' 'empty_25' <Predicate = true> <Delay = 1.82> <CoreInst = "Adder">   --->   Core 1 'Adder' <Latency = 0> <II = 1> <Delay = 1.82> <FuncUnit> <Opcode : 'add' 'sub'> <InPorts = 2> <OutPorts = 1>

State 13 <SV = 12> <Delay = 6.20>
ST_13 : Operation 173 [1/1] (0.00ns)   --->   "%zext_ln42_23 = zext i6 %empty_25" [conv.cpp:42]   --->   Operation 173 'zext' 'zext_ln42_23' <Predicate = true> <Delay = 0.00>
ST_13 : Operation 174 [1/1] (2.13ns)   --->   "%add_ln42_7 = add i18 %mul_ln42_3, i18 %zext_ln42_23" [conv.cpp:42]   --->   Operation 174 'add' 'add_ln42_7' <Predicate = true> <Delay = 2.13> <CoreInst = "Adder">   --->   Core 1 'Adder' <Latency = 0> <II = 1> <Delay = 2.13> <FuncUnit> <Opcode : 'add' 'sub'> <InPorts = 2> <OutPorts = 1>
ST_13 : Operation 175 [1/1] (0.00ns)   --->   "%empty_26 = or i8 %select_ln30, i8 3" [conv.cpp:30]   --->   Operation 175 'or' 'empty_26' <Predicate = true> <Delay = 0.00>
ST_13 : Operation 176 [2/2] (4.06ns)   --->   "%call_ln42 = call void @conv_Pipeline_VITIS_LOOP_36_8_VITIS_LOOP_37_92, i32 %output_fm, i18 %add_ln42_7, i9 %select_ln30_2, i10 %mul_ln42_1, i12 %mul_ln29, i32 %weights_0, i32 %weights_1, i32 %weights_2, i32 %weights_3, i32 %weights_4, i32 %weights_5, i32 %weights_6, i32 %weights_7, i32 %weights_8, i32 %weights_9, i32 %weights_10, i8 %empty_26, i32 %input_fm_0, i32 %input_fm_1, i32 %input_fm_2, i32 %input_fm_3, i32 %input_fm_4, i32 %input_fm_5, i32 %input_fm_6, i32 %input_fm_7, i32 %input_fm_8, i32 %input_fm_9, i32 %input_fm_10" [conv.cpp:42]   --->   Operation 176 'call' 'call_ln42' <Predicate = true> <Delay = 4.06> <CoreType = "Generic">   --->   Core 0 '' <Latency = 0> <II = 1> <Delay = 1.00> <Generic> <Opcode : >

State 14 <SV = 13> <Delay = 0.00>
ST_14 : Operation 177 [1/2] (0.00ns)   --->   "%call_ln42 = call void @conv_Pipeline_VITIS_LOOP_36_8_VITIS_LOOP_37_92, i32 %output_fm, i18 %add_ln42_7, i9 %select_ln30_2, i10 %mul_ln42_1, i12 %mul_ln29, i32 %weights_0, i32 %weights_1, i32 %weights_2, i32 %weights_3, i32 %weights_4, i32 %weights_5, i32 %weights_6, i32 %weights_7, i32 %weights_8, i32 %weights_9, i32 %weights_10, i8 %empty_26, i32 %input_fm_0, i32 %input_fm_1, i32 %input_fm_2, i32 %input_fm_3, i32 %input_fm_4, i32 %input_fm_5, i32 %input_fm_6, i32 %input_fm_7, i32 %input_fm_8, i32 %input_fm_9, i32 %input_fm_10" [conv.cpp:42]   --->   Operation 177 'call' 'call_ln42' <Predicate = true> <Delay = 0.00> <CoreType = "Generic">   --->   Core 0 '' <Latency = 0> <II = 1> <Delay = 1.00> <Generic> <Opcode : >

State 15 <SV = 14> <Delay = 3.96>
ST_15 : Operation 178 [1/1] (1.82ns)   --->   "%empty_27 = add i6 %tmp_12, i6 2" [conv.cpp:30]   --->   Operation 178 'add' 'empty_27' <Predicate = true> <Delay = 1.82> <CoreInst = "Adder">   --->   Core 1 'Adder' <Latency = 0> <II = 1> <Delay = 1.82> <FuncUnit> <Opcode : 'add' 'sub'> <InPorts = 2> <OutPorts = 1>
ST_15 : Operation 179 [1/1] (0.00ns)   --->   "%zext_ln42_24 = zext i6 %empty_27" [conv.cpp:42]   --->   Operation 179 'zext' 'zext_ln42_24' <Predicate = true> <Delay = 0.00>
ST_15 : Operation 180 [1/1] (2.13ns)   --->   "%add_ln42_8 = add i18 %mul_ln42_3, i18 %zext_ln42_24" [conv.cpp:42]   --->   Operation 180 'add' 'add_ln42_8' <Predicate = true> <Delay = 2.13> <CoreInst = "Adder">   --->   Core 1 'Adder' <Latency = 0> <II = 1> <Delay = 2.13> <FuncUnit> <Opcode : 'add' 'sub'> <InPorts = 2> <OutPorts = 1>
ST_15 : Operation 181 [2/2] (0.00ns)   --->   "%call_ln42 = call void @conv_Pipeline_VITIS_LOOP_36_8_VITIS_LOOP_37_93, i32 %output_fm, i18 %add_ln42_8, i9 %select_ln30_2, i10 %mul_ln42_1, i12 %mul_ln29, i32 %weights_0, i32 %weights_1, i32 %weights_2, i32 %weights_3, i32 %weights_4, i32 %weights_5, i32 %weights_6, i32 %weights_7, i32 %weights_8, i32 %weights_9, i32 %weights_10, i8 %select_ln30, i32 %input_fm_0, i32 %input_fm_1, i32 %input_fm_2, i32 %input_fm_3, i32 %input_fm_4, i32 %input_fm_5, i32 %input_fm_6, i32 %input_fm_7, i32 %input_fm_8, i32 %input_fm_9, i32 %input_fm_10" [conv.cpp:42]   --->   Operation 181 'call' 'call_ln42' <Predicate = true> <Delay = 0.00> <CoreType = "Generic">   --->   Core 0 '' <Latency = 0> <II = 1> <Delay = 1.00> <Generic> <Opcode : >
ST_15 : Operation 182 [1/1] (1.82ns)   --->   "%empty_28 = add i6 %tmp_12, i6 3" [conv.cpp:30]   --->   Operation 182 'add' 'empty_28' <Predicate = true> <Delay = 1.82> <CoreInst = "Adder">   --->   Core 1 'Adder' <Latency = 0> <II = 1> <Delay = 1.82> <FuncUnit> <Opcode : 'add' 'sub'> <InPorts = 2> <OutPorts = 1>
ST_15 : Operation 183 [1/1] (0.00ns)   --->   "%zext_ln42_25 = zext i6 %empty_28" [conv.cpp:42]   --->   Operation 183 'zext' 'zext_ln42_25' <Predicate = true> <Delay = 0.00>
ST_15 : Operation 184 [1/1] (2.13ns)   --->   "%add_ln42_9 = add i18 %mul_ln42_3, i18 %zext_ln42_25" [conv.cpp:42]   --->   Operation 184 'add' 'add_ln42_9' <Predicate = true> <Delay = 2.13> <CoreInst = "Adder">   --->   Core 1 'Adder' <Latency = 0> <II = 1> <Delay = 2.13> <FuncUnit> <Opcode : 'add' 'sub'> <InPorts = 2> <OutPorts = 1>

State 16 <SV = 15> <Delay = 0.00>
ST_16 : Operation 185 [1/2] (0.00ns)   --->   "%call_ln42 = call void @conv_Pipeline_VITIS_LOOP_36_8_VITIS_LOOP_37_93, i32 %output_fm, i18 %add_ln42_8, i9 %select_ln30_2, i10 %mul_ln42_1, i12 %mul_ln29, i32 %weights_0, i32 %weights_1, i32 %weights_2, i32 %weights_3, i32 %weights_4, i32 %weights_5, i32 %weights_6, i32 %weights_7, i32 %weights_8, i32 %weights_9, i32 %weights_10, i8 %select_ln30, i32 %input_fm_0, i32 %input_fm_1, i32 %input_fm_2, i32 %input_fm_3, i32 %input_fm_4, i32 %input_fm_5, i32 %input_fm_6, i32 %input_fm_7, i32 %input_fm_8, i32 %input_fm_9, i32 %input_fm_10" [conv.cpp:42]   --->   Operation 185 'call' 'call_ln42' <Predicate = true> <Delay = 0.00> <CoreType = "Generic">   --->   Core 0 '' <Latency = 0> <II = 1> <Delay = 1.00> <Generic> <Opcode : >

State 17 <SV = 16> <Delay = 0.00>
ST_17 : Operation 186 [2/2] (0.00ns)   --->   "%call_ln42 = call void @conv_Pipeline_VITIS_LOOP_36_8_VITIS_LOOP_37_94, i32 %output_fm, i18 %add_ln42_9, i9 %select_ln30_2, i10 %mul_ln42_1, i12 %mul_ln29, i32 %weights_0, i32 %weights_1, i32 %weights_2, i32 %weights_3, i32 %weights_4, i32 %weights_5, i32 %weights_6, i32 %weights_7, i32 %weights_8, i32 %weights_9, i32 %weights_10, i8 %select_ln30, i32 %input_fm_0, i32 %input_fm_1, i32 %input_fm_2, i32 %input_fm_3, i32 %input_fm_4, i32 %input_fm_5, i32 %input_fm_6, i32 %input_fm_7, i32 %input_fm_8, i32 %input_fm_9, i32 %input_fm_10" [conv.cpp:42]   --->   Operation 186 'call' 'call_ln42' <Predicate = true> <Delay = 0.00> <CoreType = "Generic">   --->   Core 0 '' <Latency = 0> <II = 1> <Delay = 1.00> <Generic> <Opcode : >

State 18 <SV = 17> <Delay = 0.00>
ST_18 : Operation 187 [1/1] (0.00ns)   --->   "%specloopname_ln0 = specloopname void @_ssdm_op_SpecLoopName, void @VITIS_LOOP_28_4_VITIS_LOOP_30_6_VITIS_LOOP_32_7_str"   --->   Operation 187 'specloopname' 'specloopname_ln0' <Predicate = true> <Delay = 0.00>
ST_18 : Operation 188 [1/1] (0.00ns)   --->   "%empty_24 = speclooptripcount i32 @_ssdm_op_SpecLoopTripCount, i64 116160, i64 116160, i64 116160"   --->   Operation 188 'speclooptripcount' 'empty_24' <Predicate = true> <Delay = 0.00>
ST_18 : Operation 189 [1/1] (0.00ns)   --->   "%specloopname_ln0 = specloopname void @_ssdm_op_SpecLoopName, void @VITIS_LOOP_29_5_VITIS_LOOP_30_6_VITIS_LOOP_32_7_str"   --->   Operation 189 'specloopname' 'specloopname_ln0' <Predicate = true> <Delay = 0.00>
ST_18 : Operation 190 [1/1] (0.00ns)   --->   "%specloopname_ln0 = specloopname void @_ssdm_op_SpecLoopName, void @VITIS_LOOP_30_6_VITIS_LOOP_32_7_str"   --->   Operation 190 'specloopname' 'specloopname_ln0' <Predicate = true> <Delay = 0.00>
ST_18 : Operation 191 [1/1] (0.00ns)   --->   "%specloopname_ln27 = specloopname void @_ssdm_op_SpecLoopName, void @empty_3" [conv.cpp:27]   --->   Operation 191 'specloopname' 'specloopname_ln27' <Predicate = true> <Delay = 0.00>
ST_18 : Operation 192 [1/2] (0.00ns)   --->   "%call_ln42 = call void @conv_Pipeline_VITIS_LOOP_36_8_VITIS_LOOP_37_94, i32 %output_fm, i18 %add_ln42_9, i9 %select_ln30_2, i10 %mul_ln42_1, i12 %mul_ln29, i32 %weights_0, i32 %weights_1, i32 %weights_2, i32 %weights_3, i32 %weights_4, i32 %weights_5, i32 %weights_6, i32 %weights_7, i32 %weights_8, i32 %weights_9, i32 %weights_10, i8 %select_ln30, i32 %input_fm_0, i32 %input_fm_1, i32 %input_fm_2, i32 %input_fm_3, i32 %input_fm_4, i32 %input_fm_5, i32 %input_fm_6, i32 %input_fm_7, i32 %input_fm_8, i32 %input_fm_9, i32 %input_fm_10" [conv.cpp:42]   --->   Operation 192 'call' 'call_ln42' <Predicate = true> <Delay = 0.00> <CoreType = "Generic">   --->   Core 0 '' <Latency = 0> <II = 1> <Delay = 1.00> <Generic> <Opcode : >
ST_18 : Operation 193 [1/1] (0.00ns)   --->   "%br_ln32 = br void %VITIS_LOOP_36_8" [conv.cpp:32]   --->   Operation 193 'br' 'br_ln32' <Predicate = true> <Delay = 0.00>

State 19 <SV = 3> <Delay = 0.00>
ST_19 : Operation 194 [1/2] (0.00ns)   --->   "%call_ln0 = call void @conv_Pipeline_VITIS_LOOP_51_10_VITIS_LOOP_52_11_VITIS_LOOP_53_12, i32 %output_fm"   --->   Operation 194 'call' 'call_ln0' <Predicate = true> <Delay = 0.00> <CoreType = "Generic">   --->   Core 0 '' <Latency = 0> <II = 1> <Delay = 1.00> <Generic> <Opcode : >
ST_19 : Operation 195 [1/1] (0.00ns)   --->   "%ret_ln59 = ret" [conv.cpp:59]   --->   Operation 195 'ret' 'ret_ln59' <Predicate = true> <Delay = 0.00>


============================================================
+ Verbose Summary: Timing violations
============================================================
Target clock period: 10ns, clock uncertainty: 2.7ns.

 <State 1>: 1.59ns
The critical path consists of the following:
	'alloca' operation ('indvar_flatten183') [31]  (0 ns)
	'store' operation ('store_ln27', conv.cpp:27) of constant 0 on local variable 'indvar_flatten183' [82]  (1.59 ns)

 <State 2>: 0ns
The critical path consists of the following:

 <State 3>: 4.57ns
The critical path consists of the following:
	'load' operation ('indvar_flatten151_load', conv.cpp:29) on local variable 'indvar_flatten151' [104]  (0 ns)
	'icmp' operation ('icmp_ln29', conv.cpp:29) [109]  (1.99 ns)
	'select' operation ('select_ln28_1', conv.cpp:28) [111]  (0.993 ns)
	'store' operation ('store_ln32', conv.cpp:32) of variable 'select_ln28_1', conv.cpp:28 on local variable 'f' [181]  (1.59 ns)

 <State 4>: 6ns
The critical path consists of the following:
	'load' operation ('indvar_flatten129_load', conv.cpp:30) on local variable 'indvar_flatten129' [102]  (0 ns)
	'icmp' operation ('icmp_ln30', conv.cpp:30) [122]  (1.77 ns)
	'and' operation ('and_ln28', conv.cpp:28) [123]  (0.978 ns)
	'or' operation ('or_ln29', conv.cpp:29) [126]  (0.978 ns)
	'select' operation ('select_ln30_4', conv.cpp:30) [177]  (0.687 ns)
	'store' operation ('store_ln32', conv.cpp:32) of variable 'select_ln30_4', conv.cpp:30 on local variable 'indvar_flatten129' [184]  (1.59 ns)

 <State 5>: 6.05ns
The critical path consists of the following:
	'select' operation ('select_ln29', conv.cpp:29) [127]  (1.25 ns)
	'add' operation ('add_ln30', conv.cpp:30) [139]  (1.92 ns)
	'add' operation ('p_mid1127', conv.cpp:30) [149]  (1.92 ns)
	'select' operation ('select_ln30_2', conv.cpp:30) [150]  (0.968 ns)

 <State 6>: 4.25ns
The critical path consists of the following:
	'add' operation of DSP[146] ('add_ln42_1', conv.cpp:42) [146]  (2.1 ns)
	'mul' operation of DSP[148] ('mul_ln42_3', conv.cpp:42) [148]  (2.15 ns)

 <State 7>: 5.28ns
The critical path consists of the following:
	'load' operation ('m_load', conv.cpp:28) on local variable 'm' [103]  (0 ns)
	'select' operation ('select_ln28', conv.cpp:28) [110]  (0.993 ns)
	'add' operation ('add_ln29', conv.cpp:29) [124]  (1.56 ns)
	'select' operation ('select_ln29_2', conv.cpp:29) [129]  (0.993 ns)
	'add' operation ('add_ln42', conv.cpp:42) [133]  (1.73 ns)

 <State 8>: 5.63ns
The critical path consists of the following:
	'mul' operation ('mul_ln29', conv.cpp:29) [135]  (5.63 ns)

 <State 9>: 7.21ns
The critical path consists of the following:
	'select' operation ('select_ln29_1', conv.cpp:29) [128]  (0 ns)
	'select' operation ('select_ln30', conv.cpp:30) [141]  (1.25 ns)
	'add' operation ('add_ln35', conv.cpp:35) [153]  (1.92 ns)
	'add' operation ('add_ln42_2', conv.cpp:42) [156]  (2.14 ns)
	'call' operation ('call_ln42', conv.cpp:42) to 'conv_Pipeline_VITIS_LOOP_36_8_VITIS_LOOP_37_9' [157]  (1.92 ns)

 <State 10>: 0ns
The critical path consists of the following:

 <State 11>: 2.14ns
The critical path consists of the following:
	'add' operation ('add_ln42_4', conv.cpp:42) [160]  (2.14 ns)

 <State 12>: 1.83ns
The critical path consists of the following:
	'add' operation ('empty_25', conv.cpp:30) [162]  (1.83 ns)

 <State 13>: 6.2ns
The critical path consists of the following:
	'add' operation ('add_ln42_7', conv.cpp:42) [164]  (2.14 ns)
	'call' operation ('call_ln42', conv.cpp:42) to 'conv_Pipeline_VITIS_LOOP_36_8_VITIS_LOOP_37_92' [166]  (4.06 ns)

 <State 14>: 0ns
The critical path consists of the following:

 <State 15>: 3.96ns
The critical path consists of the following:
	'add' operation ('empty_27', conv.cpp:30) [167]  (1.83 ns)
	'add' operation ('add_ln42_8', conv.cpp:42) [169]  (2.14 ns)

 <State 16>: 0ns
The critical path consists of the following:

 <State 17>: 0ns
The critical path consists of the following:

 <State 18>: 0ns
The critical path consists of the following:

 <State 19>: 0ns
The critical path consists of the following:


============================================================
+ Verbose Summary: Binding
============================================================
N/A
* FSMD analyzer results:
  - Output states:
 - Input state : 
  - Chain level:
	State 1
	State 2
	State 3
	State 4
	State 5
	State 6
	State 7
	State 8
	State 9
	State 10
	State 11
	State 12
	State 13
	State 14
	State 15
	State 16
	State 17
	State 18
	State 19


============================================================
+ Verbose Summary: Datapath Resource usage 
============================================================
N/A
