

================================================================
== Vitis HLS Report for 'conv_Pipeline_VITIS_LOOP_36_8_VITIS_LOOP_37_92'
================================================================
* Date:           Wed Oct  7 15:53:09 2026

* Version:        2022.2 (Build 3670227 on Oct 13 2022)
* Project:        vitis.prj
* Solution:       solution1 (Vivado IP Flow Target)
* Product family: zynq
* Target device:  xc7z020-clg400-1


================================================================
== Performance Estimates
================================================================
+ Timing: 
    * Summary: 
    +--------+----------+----------+------------+
    |  Clock |  Target  | Estimated| Uncertainty|
    +--------+----------+----------+------------+
    |ap_clk  |  10.00 ns|  7.256 ns|     2.70 ns|
    +--------+----------+----------+------------+

+ Latency: 
    * Summary: 
    +---------+---------+----------+----------+-----+-----+---------+
    |  Latency (cycles) |  Latency (absolute) |  Interval | Pipeline|
    |   min   |   max   |    min   |    max   | min | max |   Type  |
    +---------+---------+----------+----------+-----+-----+---------+
    |      985|      985|  9.850 us|  9.850 us|  985|  985|       no|
    +---------+---------+----------+----------+-----+-----+---------+

    + Detail: 
        * Instance: 
        N/A

        * Loop: 
        +-----------------------------------+---------+---------+----------+-----------+-----------+------+----------+
        |                                   |  Latency (cycles) | Iteration|  Initiation Interval  | Trip |          |
        |             Loop Name             |   min   |   max   |  Latency |  achieved |   target  | Count| Pipelined|
        +-----------------------------------+---------+---------+----------+-----------+-----------+------+----------+
        |- VITIS_LOOP_36_8_VITIS_LOOP_37_9  |      983|      983|        24|          8|          1|   121|       yes|
        +-----------------------------------+---------+---------+----------+-----------+-----------+------+----------+

============================================================
+ Verbose Summary: Synthesis Manager
============================================================
InlineROM: 1
ExposeGlobal: 0
============================================================
+ Verbose Summary: CDFG Model
============================================================
IsTopModel: 0
ResetActiveHigh: 1
IsCombinational: 0
IsDatapathOnly: 0
HasWiredReturn: 1
HasMFsm: 2
HasVarLatency: 1
IsPipeline: 0
IsRtlPipelined: 0
IsInstanceOverlapped: 0
IsDontTouch: 0
HasImplIP: 0
IsGatedGlobalClock: 0

+ Individual pipeline summary: 
  * Pipeline-0: initiation interval (II) = 8, depth = 24


============================================================
+ Verbose Summary: Schedule
============================================================
* Number of FSM states : 24
* Pipeline : 1
  Pipeline-0 : II = 8, D = 24, States = { 1 2 3 4 5 6 7 8 9 10 11 12 13 14 15 16 17 18 19 20 21 22 23 24 }
* Dataflow Pipeline: 0

* FSM state transitions: 
1 --> 2 
2 --> 3 
3 --> 4 
4 --> 5 
5 --> 6 
6 --> 7 
7 --> 8 
8 --> 9 
9 --> 10 
10 --> 11 
11 --> 12 
12 --> 13 
13 --> 14 
14 --> 15 
15 --> 16 
16 --> 17 
17 --> 18 
18 --> 19 
19 --> 20 
20 --> 21 
21 --> 22 
22 --> 23 
23 --> 24 
24 --> 

* FSM state operations: 

State 1 <SV = 0> <Delay = 6.39>
ST_1 : Operation 27 [1/1] (0.00ns)   --->   "%k = alloca i32 1"   --->   Operation 27 'alloca' 'k' <Predicate = true> <Delay = 0.00>
ST_1 : Operation 28 [1/1] (0.00ns)   --->   "%j_2 = alloca i32 1"   --->   Operation 28 'alloca' 'j_2' <Predicate = true> <Delay = 0.00>
ST_1 : Operation 29 [1/1] (0.00ns)   --->   "%indvar_flatten74 = alloca i32 1"   --->   Operation 29 'alloca' 'indvar_flatten74' <Predicate = true> <Delay = 0.00>
ST_1 : Operation 30 [1/1] (0.00ns)   --->   "%zext_ln42_2_read = read i8 @_ssdm_op_Read.ap_auto.i8, i8 %zext_ln42_2"   --->   Operation 30 'read' 'zext_ln42_2_read' <Predicate = true> <Delay = 0.00>
ST_1 : Operation 31 [1/1] (0.00ns)   --->   "%mul_ln42_2_read = read i12 @_ssdm_op_Read.ap_auto.i12, i12 %mul_ln42_2"   --->   Operation 31 'read' 'mul_ln42_2_read' <Predicate = true> <Delay = 0.00>
ST_1 : Operation 32 [1/1] (0.00ns)   --->   "%mul_ln42_1_read = read i10 @_ssdm_op_Read.ap_auto.i10, i10 %mul_ln42_1"   --->   Operation 32 'read' 'mul_ln42_1_read' <Predicate = true> <Delay = 0.00>
ST_1 : Operation 33 [1/1] (0.00ns)   --->   "%select_ln30_2_read = read i9 @_ssdm_op_Read.ap_auto.i9, i9 %select_ln30_2"   --->   Operation 33 'read' 'select_ln30_2_read' <Predicate = true> <Delay = 0.00>
ST_1 : Operation 34 [1/1] (0.00ns)   --->   "%add_ln42_9_read = read i18 @_ssdm_op_Read.ap_auto.i18, i18 %add_ln42_9"   --->   Operation 34 'read' 'add_ln42_9_read' <Predicate = true> <Delay = 0.00>
ST_1 : Operation 35 [1/1] (0.00ns)   --->   "%zext_ln42_2_cast = zext i8 %zext_ln42_2_read"   --->   Operation 35 'zext' 'zext_ln42_2_cast' <Predicate = true> <Delay = 0.00>
ST_1 : Operation 36 [1/1] (0.00ns)   --->   "%add_ln42_9_cast = zext i18 %add_ln42_9_read"   --->   Operation 36 'zext' 'add_ln42_9_cast' <Predicate = true> <Delay = 0.00>
ST_1 : Operation 37 [1/1] (0.00ns)   --->   "%mul_ln42_1_cast = zext i10 %mul_ln42_1_read"   --->   Operation 37 'zext' 'mul_ln42_1_cast' <Predicate = true> <Delay = 0.00>
ST_1 : Operation 38 [1/1] (0.00ns)   --->   "%specinterface_ln0 = specinterface void @_ssdm_op_SpecInterface, i32 %output_fm, void @empty_5, i32 0, i32 0, void @empty, i32 4294967295, i32 0, void @empty, void @empty, void @empty, i32 0, i32 0, i32 0, i32 0, void @empty, void @empty, i32 4294967295, i32 0"   --->   Operation 38 'specinterface' 'specinterface_ln0' <Predicate = true> <Delay = 0.00>
ST_1 : Operation 39 [1/1] (0.00ns)   --->   "%specinterface_ln0 = specinterface void @_ssdm_op_SpecInterface, i32 %weights_10, void @empty_5, i32 0, i32 0, void @empty, i32 4294967295, i32 0, void @empty, void @empty, void @empty, i32 0, i32 0, i32 0, i32 0, void @empty, void @empty, i32 4294967295, i32 0"   --->   Operation 39 'specinterface' 'specinterface_ln0' <Predicate = true> <Delay = 0.00>
ST_1 : Operation 40 [1/1] (0.00ns)   --->   "%specinterface_ln0 = specinterface void @_ssdm_op_SpecInterface, i32 %weights_9, void @empty_5, i32 0, i32 0, void @empty, i32 4294967295, i32 0, void @empty, void @empty, void @empty, i32 0, i32 0, i32 0, i32 0, void @empty, void @empty, i32 4294967295, i32 0"   --->   Operation 40 'specinterface' 'specinterface_ln0' <Predicate = true> <Delay = 0.00>
ST_1 : Operation 41 [1/1] (0.00ns)   --->   "%specinterface_ln0 = specinterface void @_ssdm_op_SpecInterface, i32 %weights_8, void @empty_5, i32 0, i32 0, void @empty, i32 4294967295, i32 0, void @empty, void @empty, void @empty, i32 0, i32 0, i32 0, i32 0, void @empty, void @empty, i32 4294967295, i32 0"   --->   Operation 41 'specinterface' 'specinterface_ln0' <Predicate = true> <Delay = 0.00>
ST_1 : Operation 42 [1/1] (0.00ns)   --->   "%specinterface_ln0 = specinterface void @_ssdm_op_SpecInterface, i32 %weights_7, void @empty_5, i32 0, i32 0, void @empty, i32 4294967295, i32 0, void @empty, void @empty, void @empty, i32 0, i32 0, i32 0, i32 0, void @empty, void @empty, i32 4294967295, i32 0"   --->   Operation 42 'specinterface' 'specinterface_ln0' <Predicate = true> <Delay = 0.00>
ST_1 : Operation 43 [1/1] (0.00ns)   --->   "%specinterface_ln0 = specinterface void @_ssdm_op_SpecInterface, i32 %weights_6, void @empty_5, i32 0, i32 0, void @empty, i32 4294967295, i32 0, void @empty, void @empty, void @empty, i32 0, i32 0, i32 0, i32 0, void @empty, void @empty, i32 4294967295, i32 0"   --->   Operation 43 'specinterface' 'specinterface_ln0' <Predicate = true> <Delay = 0.00>
ST_1 : Operation 44 [1/1] (0.00ns)   --->   "%specinterface_ln0 = specinterface void @_ssdm_op_SpecInterface, i32 %weights_5, void @empty_5, i32 0, i32 0, void @empty, i32 4294967295, i32 0, void @empty, void @empty, void @empty, i32 0, i32 0, i32 0, i32 0, void @empty, void @empty, i32 4294967295, i32 0"   --->   Operation 44 'specinterface' 'specinterface_ln0' <Predicate = true> <Delay = 0.00>
ST_1 : Operation 45 [1/1] (0.00ns)   --->   "%specinterface_ln0 = specinterface void @_ssdm_op_SpecInterface, i32 %weights_4, void @empty_5, i32 0, i32 0, void @empty, i32 4294967295, i32 0, void @empty, void @empty, void @empty, i32 0, i32 0, i32 0, i32 0, void @empty, void @empty, i32 4294967295, i32 0"   --->   Operation 45 'specinterface' 'specinterface_ln0' <Predicate = true> <Delay = 0.00>
ST_1 : Operation 46 [1/1] (0.00ns)   --->   "%specinterface_ln0 = specinterface void @_ssdm_op_SpecInterface, i32 %weights_3, void @empty_5, i32 0, i32 0, void @empty, i32 4294967295, i32 0, void @empty, void @empty, void @empty, i32 0, i32 0, i32 0, i32 0, void @empty, void @empty, i32 4294967295, i32 0"   --->   Operation 46 'specinterface' 'specinterface_ln0' <Predicate = true> <Delay = 0.00>
ST_1 : Operation 47 [1/1] (0.00ns)   --->   "%specinterface_ln0 = specinterface void @_ssdm_op_SpecInterface, i32 %weights_2, void @empty_5, i32 0, i32 0, void @empty, i32 4294967295, i32 0, void @empty, void @empty, void @empty, i32 0, i32 0, i32 0, i32 0, void @empty, void @empty, i32 4294967295, i32 0"   --->   Operation 47 'specinterface' 'specinterface_ln0' <Predicate = true> <Delay = 0.00>
ST_1 : Operation 48 [1/1] (0.00ns)   --->   "%specinterface_ln0 = specinterface void @_ssdm_op_SpecInterface, i32 %weights_1, void @empty_5, i32 0, i32 0, void @empty, i32 4294967295, i32 0, void @empty, void @empty, void @empty, i32 0, i32 0, i32 0, i32 0, void @empty, void @empty, i32 4294967295, i32 0"   --->   Operation 48 'specinterface' 'specinterface_ln0' <Predicate = true> <Delay = 0.00>
ST_1 : Operation 49 [1/1] (0.00ns)   --->   "%specinterface_ln0 = specinterface void @_ssdm_op_SpecInterface, i32 %weights_0, void @empty_5, i32 0, i32 0, void @empty, i32 4294967295, i32 0, void @empty, void @empty, void @empty, i32 0, i32 0, i32 0, i32 0, void @empty, void @empty, i32 4294967295, i32 0"   --->   Operation 49 'specinterface' 'specinterface_ln0' <Predicate = true> <Delay = 0.00>
ST_1 : Operation 50 [1/1] (0.00ns)   --->   "%specinterface_ln0 = specinterface void @_ssdm_op_SpecInterface, i32 %input_fm_10, void @empty_5, i32 0, i32 0, void @empty, i32 4294967295, i32 0, void @empty, void @empty, void @empty, i32 0, i32 0, i32 0, i32 0, void @empty, void @empty, i32 4294967295, i32 0"   --->   Operation 50 'specinterface' 'specinterface_ln0' <Predicate = true> <Delay = 0.00>
ST_1 : Operation 51 [1/1] (0.00ns)   --->   "%specinterface_ln0 = specinterface void @_ssdm_op_SpecInterface, i32 %input_fm_9, void @empty_5, i32 0, i32 0, void @empty, i32 4294967295, i32 0, void @empty, void @empty, void @empty, i32 0, i32 0, i32 0, i32 0, void @empty, void @empty, i32 4294967295, i32 0"   --->   Operation 51 'specinterface' 'specinterface_ln0' <Predicate = true> <Delay = 0.00>
ST_1 : Operation 52 [1/1] (0.00ns)   --->   "%specinterface_ln0 = specinterface void @_ssdm_op_SpecInterface, i32 %input_fm_8, void @empty_5, i32 0, i32 0, void @empty, i32 4294967295, i32 0, void @empty, void @empty, void @empty, i32 0, i32 0, i32 0, i32 0, void @empty, void @empty, i32 4294967295, i32 0"   --->   Operation 52 'specinterface' 'specinterface_ln0' <Predicate = true> <Delay = 0.00>
ST_1 : Operation 53 [1/1] (0.00ns)   --->   "%specinterface_ln0 = specinterface void @_ssdm_op_SpecInterface, i32 %input_fm_7, void @empty_5, i32 0, i32 0, void @empty, i32 4294967295, i32 0, void @empty, void @empty, void @empty, i32 0, i32 0, i32 0, i32 0, void @empty, void @empty, i32 4294967295, i32 0"   --->   Operation 53 'specinterface' 'specinterface_ln0' <Predicate = true> <Delay = 0.00>
ST_1 : Operation 54 [1/1] (0.00ns)   --->   "%specinterface_ln0 = specinterface void @_ssdm_op_SpecInterface, i32 %input_fm_6, void @empty_5, i32 0, i32 0, void @empty, i32 4294967295, i32 0, void @empty, void @empty, void @empty, i32 0, i32 0, i32 0, i32 0, void @empty, void @empty, i32 4294967295, i32 0"   --->   Operation 54 'specinterface' 'specinterface_ln0' <Predicate = true> <Delay = 0.00>
ST_1 : Operation 55 [1/1] (0.00ns)   --->   "%specinterface_ln0 = specinterface void @_ssdm_op_SpecInterface, i32 %input_fm_5, void @empty_5, i32 0, i32 0, void @empty, i32 4294967295, i32 0, void @empty, void @empty, void @empty, i32 0, i32 0, i32 0, i32 0, void @empty, void @empty, i32 4294967295, i32 0"   --->   Operation 55 'specinterface' 'specinterface_ln0' <Predicate = true> <Delay = 0.00>
ST_1 : Operation 56 [1/1] (0.00ns)   --->   "%specinterface_ln0 = specinterface void @_ssdm_op_SpecInterface, i32 %input_fm_4, void @empty_5, i32 0, i32 0, void @empty, i32 4294967295, i32 0, void @empty, void @empty, void @empty, i32 0, i32 0, i32 0, i32 0, void @empty, void @empty, i32 4294967295, i32 0"   --->   Operation 56 'specinterface' 'specinterface_ln0' <Predicate = true> <Delay = 0.00>
ST_1 : Operation 57 [1/1] (0.00ns)   --->   "%specinterface_ln0 = specinterface void @_ssdm_op_SpecInterface, i32 %input_fm_3, void @empty_5, i32 0, i32 0, void @empty, i32 4294967295, i32 0, void @empty, void @empty, void @empty, i32 0, i32 0, i32 0, i32 0, void @empty, void @empty, i32 4294967295, i32 0"   --->   Operation 57 'specinterface' 'specinterface_ln0' <Predicate = true> <Delay = 0.00>
ST_1 : Operation 58 [1/1] (0.00ns)   --->   "%specinterface_ln0 = specinterface void @_ssdm_op_SpecInterface, i32 %input_fm_2, void @empty_5, i32 0, i32 0, void @empty, i32 4294967295, i32 0, void @empty, void @empty, void @empty, i32 0, i32 0, i32 0, i32 0, void @empty, void @empty, i32 4294967295, i32 0"   --->   Operation 58 'specinterface' 'specinterface_ln0' <Predicate = true> <Delay = 0.00>
ST_1 : Operation 59 [1/1] (0.00ns)   --->   "%specinterface_ln0 = specinterface void @_ssdm_op_SpecInterface, i32 %input_fm_1, void @empty_5, i32 0, i32 0, void @empty, i32 4294967295, i32 0, void @empty, void @empty, void @empty, i32 0, i32 0, i32 0, i32 0, void @empty, void @empty, i32 4294967295, i32 0"   --->   Operation 59 'specinterface' 'specinterface_ln0' <Predicate = true> <Delay = 0.00>
ST_1 : Operation 60 [1/1] (0.00ns)   --->   "%specinterface_ln0 = specinterface void @_ssdm_op_SpecInterface, i32 %input_fm_0, void @empty_5, i32 0, i32 0, void @empty, i32 4294967295, i32 0, void @empty, void @empty, void @empty, i32 0, i32 0, i32 0, i32 0, void @empty, void @empty, i32 4294967295, i32 0"   --->   Operation 60 'specinterface' 'specinterface_ln0' <Predicate = true> <Delay = 0.00>
ST_1 : Operation 61 [1/1] (1.58ns)   --->   "%store_ln0 = store i7 0, i7 %indvar_flatten74"   --->   Operation 61 'store' 'store_ln0' <Predicate = true> <Delay = 1.58>
ST_1 : Operation 62 [1/1] (1.58ns)   --->   "%store_ln0 = store i4 0, i4 %j_2"   --->   Operation 62 'store' 'store_ln0' <Predicate = true> <Delay = 1.58>
ST_1 : Operation 63 [1/1] (1.58ns)   --->   "%store_ln0 = store i4 0, i4 %k"   --->   Operation 63 'store' 'store_ln0' <Predicate = true> <Delay = 1.58>
ST_1 : Operation 64 [1/1] (0.00ns)   --->   "%br_ln0 = br void %for.body38.2"   --->   Operation 64 'br' 'br_ln0' <Predicate = true> <Delay = 0.00>
ST_1 : Operation 65 [1/1] (0.00ns)   --->   "%j = load i4 %j_2" [conv.cpp:36]   --->   Operation 65 'load' 'j' <Predicate = true> <Delay = 0.00>
ST_1 : Operation 66 [1/1] (0.00ns)   --->   "%indvar_flatten74_load = load i7 %indvar_flatten74" [conv.cpp:36]   --->   Operation 66 'load' 'indvar_flatten74_load' <Predicate = true> <Delay = 0.00>
ST_1 : Operation 67 [1/1] (0.00ns)   --->   "%output_fm_addr = getelementptr i32 %output_fm, i64 0, i64 %add_ln42_9_cast" [conv.cpp:42]   --->   Operation 67 'getelementptr' 'output_fm_addr' <Predicate = true> <Delay = 0.00>
ST_1 : Operation 68 [1/1] (0.00ns)   --->   "%zext_ln36 = zext i4 %j" [conv.cpp:36]   --->   Operation 68 'zext' 'zext_ln36' <Predicate = true> <Delay = 0.00>
ST_1 : Operation 69 [1/1] (1.82ns)   --->   "%empty = add i9 %zext_ln36, i9 %select_ln30_2_read" [conv.cpp:36]   --->   Operation 69 'add' 'empty' <Predicate = true> <Delay = 1.82> <CoreInst = "Adder">   --->   Core 1 'Adder' <Latency = 0> <II = 1> <Delay = 1.82> <FuncUnit> <Opcode : 'add' 'sub'> <InPorts = 2> <OutPorts = 1>
ST_1 : Operation 70 [1/1] (0.00ns)   --->   "%tmp = bitselect i1 @_ssdm_op_BitSelect.i1.i9.i32, i9 %empty, i32 8" [conv.cpp:36]   --->   Operation 70 'bitselect' 'tmp' <Predicate = true> <Delay = 0.00>
ST_1 : Operation 71 [1/1] (0.00ns)   --->   "%specpipeline_ln0 = specpipeline void @_ssdm_op_SpecPipeline, i32 4294967295, i32 0, i32 1, i32 0, void @p_str"   --->   Operation 71 'specpipeline' 'specpipeline_ln0' <Predicate = true> <Delay = 0.00>
ST_1 : Operation 72 [1/1] (1.48ns)   --->   "%icmp_ln36 = icmp_eq  i7 %indvar_flatten74_load, i7 121" [conv.cpp:36]   --->   Operation 72 'icmp' 'icmp_ln36' <Predicate = true> <Delay = 1.48> <CoreInst = "Cmp">   --->   Core 9 'Cmp' <Latency = 0> <II = 1> <Delay = 1.48> <FuncUnit> <Opcode : 'icmp'> <InPorts = 2> <OutPorts = 1>
ST_1 : Operation 73 [1/1] (1.87ns)   --->   "%add_ln36 = add i7 %indvar_flatten74_load, i7 1" [conv.cpp:36]   --->   Operation 73 'add' 'add_ln36' <Predicate = true> <Delay = 1.87> <CoreInst = "Adder">   --->   Core 1 'Adder' <Latency = 0> <II = 1> <Delay = 1.87> <FuncUnit> <Opcode : 'add' 'sub'> <InPorts = 2> <OutPorts = 1>
ST_1 : Operation 74 [1/1] (0.00ns)   --->   "%br_ln36 = br i1 %icmp_ln36, void %for.inc72.2, void %for.inc75.2.exitStub" [conv.cpp:36]   --->   Operation 74 'br' 'br_ln36' <Predicate = true> <Delay = 0.00>
ST_1 : Operation 75 [1/1] (0.00ns)   --->   "%k_load = load i4 %k" [conv.cpp:37]   --->   Operation 75 'load' 'k_load' <Predicate = (!icmp_ln36)> <Delay = 0.00>
ST_1 : Operation 76 [1/1] (1.73ns)   --->   "%add_ln36_2 = add i4 %j, i4 1" [conv.cpp:36]   --->   Operation 76 'add' 'add_ln36_2' <Predicate = (!icmp_ln36)> <Delay = 1.73> <CoreInst = "Adder">   --->   Core 1 'Adder' <Latency = 0> <II = 1> <Delay = 1.73> <FuncUnit> <Opcode : 'add' 'sub'> <InPorts = 2> <OutPorts = 1>
ST_1 : Operation 77 [1/1] (1.30ns)   --->   "%icmp_ln37 = icmp_eq  i4 %k_load, i4 11" [conv.cpp:37]   --->   Operation 77 'icmp' 'icmp_ln37' <Predicate = (!icmp_ln36)> <Delay = 1.30> <CoreInst = "Cmp">   --->   Core 9 'Cmp' <Latency = 0> <II = 1> <Delay = 1.30> <FuncUnit> <Opcode : 'icmp'> <InPorts = 2> <OutPorts = 1>
ST_1 : Operation 78 [1/1] (1.02ns)   --->   "%select_ln36 = select i1 %icmp_ln37, i4 0, i4 %k_load" [conv.cpp:36]   --->   Operation 78 'select' 'select_ln36' <Predicate = (!icmp_ln36)> <Delay = 1.02> <CoreInst = "Sel">   --->   Core 73 'Sel' <Latency = 0> <II = 1> <Delay = 1.02> <FuncUnit> <Opcode : 'select'> <InPorts = 3> <OutPorts = 1>
ST_1 : Operation 79 [1/1] (0.00ns)   --->   "%zext_ln36_5 = zext i4 %add_ln36_2" [conv.cpp:36]   --->   Operation 79 'zext' 'zext_ln36_5' <Predicate = (!icmp_ln36)> <Delay = 0.00>
ST_1 : Operation 80 [1/1] (1.82ns)   --->   "%p_mid172 = add i9 %zext_ln36_5, i9 %select_ln30_2_read" [conv.cpp:36]   --->   Operation 80 'add' 'p_mid172' <Predicate = (!icmp_ln36)> <Delay = 1.82> <CoreInst = "Adder">   --->   Core 1 'Adder' <Latency = 0> <II = 1> <Delay = 1.82> <FuncUnit> <Opcode : 'add' 'sub'> <InPorts = 2> <OutPorts = 1>
ST_1 : Operation 81 [1/1] (0.00ns) (grouped into LUT with out node add_ln42)   --->   "%select_ln36_7 = select i1 %icmp_ln37, i9 %p_mid172, i9 %empty" [conv.cpp:36]   --->   Operation 81 'select' 'select_ln36_7' <Predicate = (!icmp_ln36)> <Delay = 0.00> <CoreInst = "Sel">   --->   Core 73 'Sel' <Latency = 0> <II = 1> <Delay = 0.96> <FuncUnit> <Opcode : 'select'> <InPorts = 3> <OutPorts = 1>
ST_1 : Operation 82 [1/1] (0.00ns) (grouped into LUT with out node add_ln42)   --->   "%sext_ln42 = sext i9 %select_ln36_7" [conv.cpp:42]   --->   Operation 82 'sext' 'sext_ln42' <Predicate = (!icmp_ln36)> <Delay = 0.00>
ST_1 : Operation 83 [1/1] (1.73ns) (out node of the LUT)   --->   "%add_ln42 = add i11 %mul_ln42_1_cast, i11 %sext_ln42" [conv.cpp:42]   --->   Operation 83 'add' 'add_ln42' <Predicate = (!icmp_ln36)> <Delay = 1.73> <CoreInst = "Adder">   --->   Core 1 'Adder' <Latency = 0> <II = 1> <Delay = 1.73> <FuncUnit> <Opcode : 'add' 'sub'> <InPorts = 2> <OutPorts = 1>
ST_1 : Operation 84 [1/1] (0.00ns)   --->   "%tmp_6 = bitselect i1 @_ssdm_op_BitSelect.i1.i9.i32, i9 %p_mid172, i32 8" [conv.cpp:36]   --->   Operation 84 'bitselect' 'tmp_6' <Predicate = (!icmp_ln36)> <Delay = 0.00>
ST_1 : Operation 85 [1/1] (0.99ns)   --->   "%select_ln36_8 = select i1 %icmp_ln37, i1 %tmp_6, i1 %tmp" [conv.cpp:36]   --->   Operation 85 'select' 'select_ln36_8' <Predicate = (!icmp_ln36)> <Delay = 0.99> <CoreInst = "Sel">   --->   Core 73 'Sel' <Latency = 0> <II = 1> <Delay = 0.99> <FuncUnit> <Opcode : 'select'> <InPorts = 3> <OutPorts = 1>
ST_1 : Operation 86 [1/1] (0.00ns)   --->   "%k_2_cast = zext i4 %select_ln36" [conv.cpp:36]   --->   Operation 86 'zext' 'k_2_cast' <Predicate = (!icmp_ln36)> <Delay = 0.00>
ST_1 : Operation 87 [1/1] (1.91ns)   --->   "%add_ln40_2 = add i9 %k_2_cast, i9 %zext_ln42_2_cast" [conv.cpp:40]   --->   Operation 87 'add' 'add_ln40_2' <Predicate = (!icmp_ln36)> <Delay = 1.91> <CoreInst = "Adder">   --->   Core 1 'Adder' <Latency = 0> <II = 1> <Delay = 1.91> <FuncUnit> <Opcode : 'add' 'sub'> <InPorts = 2> <OutPorts = 1>
ST_1 : Operation 88 [1/1] (0.00ns)   --->   "%br_ln41 = br i1 %select_ln36_8, void %if.then.2, void %for.inc69.2" [conv.cpp:41]   --->   Operation 88 'br' 'br_ln41' <Predicate = (!icmp_ln36)> <Delay = 0.00>
ST_1 : Operation 89 [1/1] (0.00ns)   --->   "%zext_ln42_7 = zext i9 %add_ln40_2" [conv.cpp:42]   --->   Operation 89 'zext' 'zext_ln42_7' <Predicate = (!icmp_ln36 & !select_ln36_8)> <Delay = 0.00>
ST_1 : Operation 90 [4/4] (2.15ns) (root node of the DSP)   --->   "%mul_ln42 = mul i19 %zext_ln42_7, i19 745" [conv.cpp:42]   --->   Operation 90 'mul' 'mul_ln42' <Predicate = (!icmp_ln36 & !select_ln36_8)> <Delay = 2.15> <CoreInst = "DSP48">   --->   Core 119 'DSP48' <Latency = 3> <II = 1> <Delay = 2.15> <IPBlock> <Opcode : 'mul' 'add' 'sub' 'select'> <InPorts = 0> <OutPorts = 1> <Sync> <CReg>

State 2 <SV = 1> <Delay = 3.74>
ST_2 : Operation 91 [1/1] (0.00ns)   --->   "%add_ln42_16_cast = sext i11 %add_ln42" [conv.cpp:42]   --->   Operation 91 'sext' 'add_ln42_16_cast' <Predicate = (!icmp_ln36)> <Delay = 0.00>
ST_2 : Operation 92 [4/4] (2.15ns) (root node of the DSP)   --->   "%mul_ln42_8 = mul i14 %add_ln42_16_cast, i14 21" [conv.cpp:42]   --->   Operation 92 'mul' 'mul_ln42_8' <Predicate = (!icmp_ln36)> <Delay = 2.15> <CoreInst = "DSP48">   --->   Core 119 'DSP48' <Latency = 3> <II = 1> <Delay = 2.15> <IPBlock> <Opcode : 'mul' 'add' 'sub' 'select'> <InPorts = 0> <OutPorts = 1> <Sync> <CReg>
ST_2 : Operation 93 [13/13] (3.74ns)   --->   "%urem_ln42 = urem i9 %add_ln40_2, i9 11" [conv.cpp:42]   --->   Operation 93 'urem' 'urem_ln42' <Predicate = (!icmp_ln36 & !select_ln36_8)> <Delay = 3.74> <CoreInst = "Divider">   --->   Core 6 'Divider' <Latency = 12> <II = 1> <Delay = 3.74> <FuncUnit> <Opcode : 'sdiv' 'srem' 'udiv' 'urem'> <InPorts = 2> <OutPorts = 1>
ST_2 : Operation 94 [3/4] (2.15ns) (root node of the DSP)   --->   "%mul_ln42 = mul i19 %zext_ln42_7, i19 745" [conv.cpp:42]   --->   Operation 94 'mul' 'mul_ln42' <Predicate = (!icmp_ln36 & !select_ln36_8)> <Delay = 2.15> <CoreInst = "DSP48">   --->   Core 119 'DSP48' <Latency = 3> <II = 1> <Delay = 2.15> <IPBlock> <Opcode : 'mul' 'add' 'sub' 'select'> <InPorts = 0> <OutPorts = 1> <Sync> <CReg>

State 3 <SV = 2> <Delay = 3.74>
ST_3 : Operation 95 [3/4] (2.15ns) (root node of the DSP)   --->   "%mul_ln42_8 = mul i14 %add_ln42_16_cast, i14 21" [conv.cpp:42]   --->   Operation 95 'mul' 'mul_ln42_8' <Predicate = (!icmp_ln36)> <Delay = 2.15> <CoreInst = "DSP48">   --->   Core 119 'DSP48' <Latency = 3> <II = 1> <Delay = 2.15> <IPBlock> <Opcode : 'mul' 'add' 'sub' 'select'> <InPorts = 0> <OutPorts = 1> <Sync> <CReg>
ST_3 : Operation 96 [12/13] (3.74ns)   --->   "%urem_ln42 = urem i9 %add_ln40_2, i9 11" [conv.cpp:42]   --->   Operation 96 'urem' 'urem_ln42' <Predicate = (!icmp_ln36 & !select_ln36_8)> <Delay = 3.74> <CoreInst = "Divider">   --->   Core 6 'Divider' <Latency = 12> <II = 1> <Delay = 3.74> <FuncUnit> <Opcode : 'sdiv' 'srem' 'udiv' 'urem'> <InPorts = 2> <OutPorts = 1>
ST_3 : Operation 97 [2/4] (2.15ns) (root node of the DSP)   --->   "%mul_ln42 = mul i19 %zext_ln42_7, i19 745" [conv.cpp:42]   --->   Operation 97 'mul' 'mul_ln42' <Predicate = (!icmp_ln36 & !select_ln36_8)> <Delay = 2.15> <CoreInst = "DSP48">   --->   Core 119 'DSP48' <Latency = 3> <II = 1> <Delay = 2.15> <IPBlock> <Opcode : 'mul' 'add' 'sub' 'select'> <InPorts = 0> <OutPorts = 1> <Sync> <CReg>

State 4 <SV = 3> <Delay = 3.74>
ST_4 : Operation 98 [2/4] (2.15ns) (root node of the DSP)   --->   "%mul_ln42_8 = mul i14 %add_ln42_16_cast, i14 21" [conv.cpp:42]   --->   Operation 98 'mul' 'mul_ln42_8' <Predicate = (!icmp_ln36)> <Delay = 2.15> <CoreInst = "DSP48">   --->   Core 119 'DSP48' <Latency = 3> <II = 1> <Delay = 2.15> <IPBlock> <Opcode : 'mul' 'add' 'sub' 'select'> <InPorts = 0> <OutPorts = 1> <Sync> <CReg>
ST_4 : Operation 99 [11/13] (3.74ns)   --->   "%urem_ln42 = urem i9 %add_ln40_2, i9 11" [conv.cpp:42]   --->   Operation 99 'urem' 'urem_ln42' <Predicate = (!icmp_ln36 & !select_ln36_8)> <Delay = 3.74> <CoreInst = "Divider">   --->   Core 6 'Divider' <Latency = 12> <II = 1> <Delay = 3.74> <FuncUnit> <Opcode : 'sdiv' 'srem' 'udiv' 'urem'> <InPorts = 2> <OutPorts = 1>
ST_4 : Operation 100 [1/4] (0.00ns) (root node of the DSP)   --->   "%mul_ln42 = mul i19 %zext_ln42_7, i19 745" [conv.cpp:42]   --->   Operation 100 'mul' 'mul_ln42' <Predicate = (!icmp_ln36 & !select_ln36_8)> <Delay = 0.00> <CoreInst = "DSP48">   --->   Core 119 'DSP48' <Latency = 3> <II = 1> <Delay = 2.15> <IPBlock> <Opcode : 'mul' 'add' 'sub' 'select'> <InPorts = 0> <OutPorts = 1> <Sync> <CReg>
ST_4 : Operation 101 [1/1] (0.00ns)   --->   "%tmp_7 = partselect i6 @_ssdm_op_PartSelect.i6.i19.i32.i32, i19 %mul_ln42, i32 13, i32 18" [conv.cpp:42]   --->   Operation 101 'partselect' 'tmp_7' <Predicate = (!icmp_ln36 & !select_ln36_8)> <Delay = 0.00>

State 5 <SV = 4> <Delay = 3.74>
ST_5 : Operation 102 [1/4] (0.00ns) (root node of the DSP)   --->   "%mul_ln42_8 = mul i14 %add_ln42_16_cast, i14 21" [conv.cpp:42]   --->   Operation 102 'mul' 'mul_ln42_8' <Predicate = (!icmp_ln36)> <Delay = 0.00> <CoreInst = "DSP48">   --->   Core 119 'DSP48' <Latency = 3> <II = 1> <Delay = 2.15> <IPBlock> <Opcode : 'mul' 'add' 'sub' 'select'> <InPorts = 0> <OutPorts = 1> <Sync> <CReg>
ST_5 : Operation 103 [10/13] (3.74ns)   --->   "%urem_ln42 = urem i9 %add_ln40_2, i9 11" [conv.cpp:42]   --->   Operation 103 'urem' 'urem_ln42' <Predicate = (!icmp_ln36 & !select_ln36_8)> <Delay = 3.74> <CoreInst = "Divider">   --->   Core 6 'Divider' <Latency = 12> <II = 1> <Delay = 3.74> <FuncUnit> <Opcode : 'sdiv' 'srem' 'udiv' 'urem'> <InPorts = 2> <OutPorts = 1>
ST_5 : Operation 104 [1/1] (0.00ns)   --->   "%zext_ln42_8 = zext i6 %tmp_7" [conv.cpp:42]   --->   Operation 104 'zext' 'zext_ln42_8' <Predicate = (!icmp_ln36 & !select_ln36_8)> <Delay = 0.00>
ST_5 : Operation 105 [1/1] (1.81ns)   --->   "%add_ln42_3 = add i14 %mul_ln42_8, i14 %zext_ln42_8" [conv.cpp:42]   --->   Operation 105 'add' 'add_ln42_3' <Predicate = (!icmp_ln36 & !select_ln36_8)> <Delay = 1.81> <CoreInst = "Adder">   --->   Core 1 'Adder' <Latency = 0> <II = 1> <Delay = 1.81> <FuncUnit> <Opcode : 'add' 'sub'> <InPorts = 2> <OutPorts = 1>

State 6 <SV = 5> <Delay = 3.74>
ST_6 : Operation 106 [9/13] (3.74ns)   --->   "%urem_ln42 = urem i9 %add_ln40_2, i9 11" [conv.cpp:42]   --->   Operation 106 'urem' 'urem_ln42' <Predicate = (!icmp_ln36 & !select_ln36_8)> <Delay = 3.74> <CoreInst = "Divider">   --->   Core 6 'Divider' <Latency = 12> <II = 1> <Delay = 3.74> <FuncUnit> <Opcode : 'sdiv' 'srem' 'udiv' 'urem'> <InPorts = 2> <OutPorts = 1>
ST_6 : Operation 107 [1/1] (0.00ns)   --->   "%zext_ln42_9 = zext i14 %add_ln42_3" [conv.cpp:42]   --->   Operation 107 'zext' 'zext_ln42_9' <Predicate = (!icmp_ln36 & !select_ln36_8)> <Delay = 0.00>
ST_6 : Operation 108 [1/1] (0.00ns)   --->   "%input_fm_0_addr = getelementptr i32 %input_fm_0, i64 0, i64 %zext_ln42_9" [conv.cpp:42]   --->   Operation 108 'getelementptr' 'input_fm_0_addr' <Predicate = (!icmp_ln36 & !select_ln36_8)> <Delay = 0.00>
ST_6 : Operation 109 [1/1] (0.00ns)   --->   "%input_fm_1_addr = getelementptr i32 %input_fm_1, i64 0, i64 %zext_ln42_9" [conv.cpp:42]   --->   Operation 109 'getelementptr' 'input_fm_1_addr' <Predicate = (!icmp_ln36 & !select_ln36_8)> <Delay = 0.00>
ST_6 : Operation 110 [1/1] (0.00ns)   --->   "%input_fm_2_addr = getelementptr i32 %input_fm_2, i64 0, i64 %zext_ln42_9" [conv.cpp:42]   --->   Operation 110 'getelementptr' 'input_fm_2_addr' <Predicate = (!icmp_ln36 & !select_ln36_8)> <Delay = 0.00>
ST_6 : Operation 111 [1/1] (0.00ns)   --->   "%input_fm_3_addr = getelementptr i32 %input_fm_3, i64 0, i64 %zext_ln42_9" [conv.cpp:42]   --->   Operation 111 'getelementptr' 'input_fm_3_addr' <Predicate = (!icmp_ln36 & !select_ln36_8)> <Delay = 0.00>
ST_6 : Operation 112 [1/1] (0.00ns)   --->   "%input_fm_4_addr = getelementptr i32 %input_fm_4, i64 0, i64 %zext_ln42_9" [conv.cpp:42]   --->   Operation 112 'getelementptr' 'input_fm_4_addr' <Predicate = (!icmp_ln36 & !select_ln36_8)> <Delay = 0.00>
ST_6 : Operation 113 [1/1] (0.00ns)   --->   "%input_fm_5_addr = getelementptr i32 %input_fm_5, i64 0, i64 %zext_ln42_9" [conv.cpp:42]   --->   Operation 113 'getelementptr' 'input_fm_5_addr' <Predicate = (!icmp_ln36 & !select_ln36_8)> <Delay = 0.00>
ST_6 : Operation 114 [1/1] (0.00ns)   --->   "%input_fm_6_addr = getelementptr i32 %input_fm_6, i64 0, i64 %zext_ln42_9" [conv.cpp:42]   --->   Operation 114 'getelementptr' 'input_fm_6_addr' <Predicate = (!icmp_ln36 & !select_ln36_8)> <Delay = 0.00>
ST_6 : Operation 115 [1/1] (0.00ns)   --->   "%input_fm_7_addr = getelementptr i32 %input_fm_7, i64 0, i64 %zext_ln42_9" [conv.cpp:42]   --->   Operation 115 'getelementptr' 'input_fm_7_addr' <Predicate = (!icmp_ln36 & !select_ln36_8)> <Delay = 0.00>
ST_6 : Operation 116 [1/1] (0.00ns)   --->   "%input_fm_8_addr = getelementptr i32 %input_fm_8, i64 0, i64 %zext_ln42_9" [conv.cpp:42]   --->   Operation 116 'getelementptr' 'input_fm_8_addr' <Predicate = (!icmp_ln36 & !select_ln36_8)> <Delay = 0.00>
ST_6 : Operation 117 [1/1] (0.00ns)   --->   "%input_fm_9_addr = getelementptr i32 %input_fm_9, i64 0, i64 %zext_ln42_9" [conv.cpp:42]   --->   Operation 117 'getelementptr' 'input_fm_9_addr' <Predicate = (!icmp_ln36 & !select_ln36_8)> <Delay = 0.00>
ST_6 : Operation 118 [1/1] (0.00ns)   --->   "%input_fm_10_addr = getelementptr i32 %input_fm_10, i64 0, i64 %zext_ln42_9" [conv.cpp:42]   --->   Operation 118 'getelementptr' 'input_fm_10_addr' <Predicate = (!icmp_ln36 & !select_ln36_8)> <Delay = 0.00>
ST_6 : Operation 119 [2/2] (3.25ns)   --->   "%input_fm_0_load = load i14 %input_fm_0_addr" [conv.cpp:42]   --->   Operation 119 'load' 'input_fm_0_load' <Predicate = (!icmp_ln36 & !select_ln36_8)> <Delay = 3.25> <CoreInst = "RAM">   --->   Core 82 'RAM' <Latency = 1> <II = 1> <Delay = 3.25> <Storage> <Opcode : 'load' 'store'> <Ports = 2> <Width = 32> <Depth = 14238> <RAM>
ST_6 : Operation 120 [2/2] (3.25ns)   --->   "%input_fm_1_load = load i14 %input_fm_1_addr" [conv.cpp:42]   --->   Operation 120 'load' 'input_fm_1_load' <Predicate = (!icmp_ln36 & !select_ln36_8)> <Delay = 3.25> <CoreInst = "RAM">   --->   Core 82 'RAM' <Latency = 1> <II = 1> <Delay = 3.25> <Storage> <Opcode : 'load' 'store'> <Ports = 2> <Width = 32> <Depth = 14238> <RAM>
ST_6 : Operation 121 [2/2] (3.25ns)   --->   "%input_fm_2_load = load i14 %input_fm_2_addr" [conv.cpp:42]   --->   Operation 121 'load' 'input_fm_2_load' <Predicate = (!icmp_ln36 & !select_ln36_8)> <Delay = 3.25> <CoreInst = "RAM">   --->   Core 82 'RAM' <Latency = 1> <II = 1> <Delay = 3.25> <Storage> <Opcode : 'load' 'store'> <Ports = 2> <Width = 32> <Depth = 14238> <RAM>
ST_6 : Operation 122 [2/2] (3.25ns)   --->   "%input_fm_3_load = load i14 %input_fm_3_addr" [conv.cpp:42]   --->   Operation 122 'load' 'input_fm_3_load' <Predicate = (!icmp_ln36 & !select_ln36_8)> <Delay = 3.25> <CoreInst = "RAM">   --->   Core 82 'RAM' <Latency = 1> <II = 1> <Delay = 3.25> <Storage> <Opcode : 'load' 'store'> <Ports = 2> <Width = 32> <Depth = 14238> <RAM>
ST_6 : Operation 123 [2/2] (3.25ns)   --->   "%input_fm_4_load = load i14 %input_fm_4_addr" [conv.cpp:42]   --->   Operation 123 'load' 'input_fm_4_load' <Predicate = (!icmp_ln36 & !select_ln36_8)> <Delay = 3.25> <CoreInst = "RAM">   --->   Core 82 'RAM' <Latency = 1> <II = 1> <Delay = 3.25> <Storage> <Opcode : 'load' 'store'> <Ports = 2> <Width = 32> <Depth = 14238> <RAM>
ST_6 : Operation 124 [2/2] (3.25ns)   --->   "%input_fm_5_load = load i14 %input_fm_5_addr" [conv.cpp:42]   --->   Operation 124 'load' 'input_fm_5_load' <Predicate = (!icmp_ln36 & !select_ln36_8)> <Delay = 3.25> <CoreInst = "RAM">   --->   Core 82 'RAM' <Latency = 1> <II = 1> <Delay = 3.25> <Storage> <Opcode : 'load' 'store'> <Ports = 2> <Width = 32> <Depth = 14238> <RAM>
ST_6 : Operation 125 [2/2] (3.25ns)   --->   "%input_fm_6_load = load i14 %input_fm_6_addr" [conv.cpp:42]   --->   Operation 125 'load' 'input_fm_6_load' <Predicate = (!icmp_ln36 & !select_ln36_8)> <Delay = 3.25> <CoreInst = "RAM">   --->   Core 82 'RAM' <Latency = 1> <II = 1> <Delay = 3.25> <Storage> <Opcode : 'load' 'store'> <Ports = 2> <Width = 32> <Depth = 14238> <RAM>
ST_6 : Operation 126 [2/2] (3.25ns)   --->   "%input_fm_7_load = load i14 %input_fm_7_addr" [conv.cpp:42]   --->   Operation 126 'load' 'input_fm_7_load' <Predicate = (!icmp_ln36 & !select_ln36_8)> <Delay = 3.25> <CoreInst = "RAM">   --->   Core 82 'RAM' <Latency = 1> <II = 1> <Delay = 3.25> <Storage> <Opcode : 'load' 'store'> <Ports = 2> <Width = 32> <Depth = 14238> <RAM>
ST_6 : Operation 127 [2/2] (3.25ns)   --->   "%input_fm_8_load = load i14 %input_fm_8_addr" [conv.cpp:42]   --->   Operation 127 'load' 'input_fm_8_load' <Predicate = (!icmp_ln36 & !select_ln36_8)> <Delay = 3.25> <CoreInst = "RAM">   --->   Core 82 'RAM' <Latency = 1> <II = 1> <Delay = 3.25> <Storage> <Opcode : 'load' 'store'> <Ports = 2> <Width = 32> <Depth = 14238> <RAM>
ST_6 : Operation 128 [2/2] (3.25ns)   --->   "%input_fm_9_load = load i14 %input_fm_9_addr" [conv.cpp:42]   --->   Operation 128 'load' 'input_fm_9_load' <Predicate = (!icmp_ln36 & !select_ln36_8)> <Delay = 3.25> <CoreInst = "RAM">   --->   Core 82 'RAM' <Latency = 1> <II = 1> <Delay = 3.25> <Storage> <Opcode : 'load' 'store'> <Ports = 2> <Width = 32> <Depth = 14238> <RAM>
ST_6 : Operation 129 [2/2] (3.25ns)   --->   "%input_fm_10_load = load i14 %input_fm_10_addr" [conv.cpp:42]   --->   Operation 129 'load' 'input_fm_10_load' <Predicate = (!icmp_ln36 & !select_ln36_8)> <Delay = 3.25> <CoreInst = "RAM">   --->   Core 82 'RAM' <Latency = 1> <II = 1> <Delay = 3.25> <Storage> <Opcode : 'load' 'store'> <Ports = 2> <Width = 32> <Depth = 14238> <RAM>

State 7 <SV = 6> <Delay = 3.74>
ST_7 : Operation 130 [8/13] (3.74ns)   --->   "%urem_ln42 = urem i9 %add_ln40_2, i9 11" [conv.cpp:42]   --->   Operation 130 'urem' 'urem_ln42' <Predicate = (!icmp_ln36 & !select_ln36_8)> <Delay = 3.74> <CoreInst = "Divider">   --->   Core 6 'Divider' <Latency = 12> <II = 1> <Delay = 3.74> <FuncUnit> <Opcode : 'sdiv' 'srem' 'udiv' 'urem'> <InPorts = 2> <OutPorts = 1>
ST_7 : Operation 131 [1/2] (3.25ns)   --->   "%input_fm_0_load = load i14 %input_fm_0_addr" [conv.cpp:42]   --->   Operation 131 'load' 'input_fm_0_load' <Predicate = (!icmp_ln36 & !select_ln36_8)> <Delay = 3.25> <CoreInst = "RAM">   --->   Core 82 'RAM' <Latency = 1> <II = 1> <Delay = 3.25> <Storage> <Opcode : 'load' 'store'> <Ports = 2> <Width = 32> <Depth = 14238> <RAM>
ST_7 : Operation 132 [1/2] (3.25ns)   --->   "%input_fm_1_load = load i14 %input_fm_1_addr" [conv.cpp:42]   --->   Operation 132 'load' 'input_fm_1_load' <Predicate = (!icmp_ln36 & !select_ln36_8)> <Delay = 3.25> <CoreInst = "RAM">   --->   Core 82 'RAM' <Latency = 1> <II = 1> <Delay = 3.25> <Storage> <Opcode : 'load' 'store'> <Ports = 2> <Width = 32> <Depth = 14238> <RAM>
ST_7 : Operation 133 [1/2] (3.25ns)   --->   "%input_fm_2_load = load i14 %input_fm_2_addr" [conv.cpp:42]   --->   Operation 133 'load' 'input_fm_2_load' <Predicate = (!icmp_ln36 & !select_ln36_8)> <Delay = 3.25> <CoreInst = "RAM">   --->   Core 82 'RAM' <Latency = 1> <II = 1> <Delay = 3.25> <Storage> <Opcode : 'load' 'store'> <Ports = 2> <Width = 32> <Depth = 14238> <RAM>
ST_7 : Operation 134 [1/2] (3.25ns)   --->   "%input_fm_3_load = load i14 %input_fm_3_addr" [conv.cpp:42]   --->   Operation 134 'load' 'input_fm_3_load' <Predicate = (!icmp_ln36 & !select_ln36_8)> <Delay = 3.25> <CoreInst = "RAM">   --->   Core 82 'RAM' <Latency = 1> <II = 1> <Delay = 3.25> <Storage> <Opcode : 'load' 'store'> <Ports = 2> <Width = 32> <Depth = 14238> <RAM>
ST_7 : Operation 135 [1/2] (3.25ns)   --->   "%input_fm_4_load = load i14 %input_fm_4_addr" [conv.cpp:42]   --->   Operation 135 'load' 'input_fm_4_load' <Predicate = (!icmp_ln36 & !select_ln36_8)> <Delay = 3.25> <CoreInst = "RAM">   --->   Core 82 'RAM' <Latency = 1> <II = 1> <Delay = 3.25> <Storage> <Opcode : 'load' 'store'> <Ports = 2> <Width = 32> <Depth = 14238> <RAM>
ST_7 : Operation 136 [1/2] (3.25ns)   --->   "%input_fm_5_load = load i14 %input_fm_5_addr" [conv.cpp:42]   --->   Operation 136 'load' 'input_fm_5_load' <Predicate = (!icmp_ln36 & !select_ln36_8)> <Delay = 3.25> <CoreInst = "RAM">   --->   Core 82 'RAM' <Latency = 1> <II = 1> <Delay = 3.25> <Storage> <Opcode : 'load' 'store'> <Ports = 2> <Width = 32> <Depth = 14238> <RAM>
ST_7 : Operation 137 [1/2] (3.25ns)   --->   "%input_fm_6_load = load i14 %input_fm_6_addr" [conv.cpp:42]   --->   Operation 137 'load' 'input_fm_6_load' <Predicate = (!icmp_ln36 & !select_ln36_8)> <Delay = 3.25> <CoreInst = "RAM">   --->   Core 82 'RAM' <Latency = 1> <II = 1> <Delay = 3.25> <Storage> <Opcode : 'load' 'store'> <Ports = 2> <Width = 32> <Depth = 14238> <RAM>
ST_7 : Operation 138 [1/2] (3.25ns)   --->   "%input_fm_7_load = load i14 %input_fm_7_addr" [conv.cpp:42]   --->   Operation 138 'load' 'input_fm_7_load' <Predicate = (!icmp_ln36 & !select_ln36_8)> <Delay = 3.25> <CoreInst = "RAM">   --->   Core 82 'RAM' <Latency = 1> <II = 1> <Delay = 3.25> <Storage> <Opcode : 'load' 'store'> <Ports = 2> <Width = 32> <Depth = 14238> <RAM>
ST_7 : Operation 139 [1/2] (3.25ns)   --->   "%input_fm_8_load = load i14 %input_fm_8_addr" [conv.cpp:42]   --->   Operation 139 'load' 'input_fm_8_load' <Predicate = (!icmp_ln36 & !select_ln36_8)> <Delay = 3.25> <CoreInst = "RAM">   --->   Core 82 'RAM' <Latency = 1> <II = 1> <Delay = 3.25> <Storage> <Opcode : 'load' 'store'> <Ports = 2> <Width = 32> <Depth = 14238> <RAM>
ST_7 : Operation 140 [1/2] (3.25ns)   --->   "%input_fm_9_load = load i14 %input_fm_9_addr" [conv.cpp:42]   --->   Operation 140 'load' 'input_fm_9_load' <Predicate = (!icmp_ln36 & !select_ln36_8)> <Delay = 3.25> <CoreInst = "RAM">   --->   Core 82 'RAM' <Latency = 1> <II = 1> <Delay = 3.25> <Storage> <Opcode : 'load' 'store'> <Ports = 2> <Width = 32> <Depth = 14238> <RAM>
ST_7 : Operation 141 [1/2] (3.25ns)   --->   "%input_fm_10_load = load i14 %input_fm_10_addr" [conv.cpp:42]   --->   Operation 141 'load' 'input_fm_10_load' <Predicate = (!icmp_ln36 & !select_ln36_8)> <Delay = 3.25> <CoreInst = "RAM">   --->   Core 82 'RAM' <Latency = 1> <II = 1> <Delay = 3.25> <Storage> <Opcode : 'load' 'store'> <Ports = 2> <Width = 32> <Depth = 14238> <RAM>

State 8 <SV = 7> <Delay = 3.74>
ST_8 : Operation 142 [1/1] (1.02ns)   --->   "%select_ln36_9 = select i1 %icmp_ln37, i4 %add_ln36_2, i4 %j" [conv.cpp:36]   --->   Operation 142 'select' 'select_ln36_9' <Predicate = (!icmp_ln36)> <Delay = 1.02> <CoreInst = "Sel">   --->   Core 73 'Sel' <Latency = 0> <II = 1> <Delay = 1.02> <FuncUnit> <Opcode : 'select'> <InPorts = 3> <OutPorts = 1>
ST_8 : Operation 143 [7/13] (3.74ns)   --->   "%urem_ln42 = urem i9 %add_ln40_2, i9 11" [conv.cpp:42]   --->   Operation 143 'urem' 'urem_ln42' <Predicate = (!icmp_ln36 & !select_ln36_8)> <Delay = 3.74> <CoreInst = "Divider">   --->   Core 6 'Divider' <Latency = 12> <II = 1> <Delay = 3.74> <FuncUnit> <Opcode : 'sdiv' 'srem' 'udiv' 'urem'> <InPorts = 2> <OutPorts = 1>
ST_8 : Operation 144 [1/1] (1.73ns)   --->   "%add_ln37 = add i4 %select_ln36, i4 1" [conv.cpp:37]   --->   Operation 144 'add' 'add_ln37' <Predicate = (!icmp_ln36)> <Delay = 1.73> <CoreInst = "Adder">   --->   Core 1 'Adder' <Latency = 0> <II = 1> <Delay = 1.73> <FuncUnit> <Opcode : 'add' 'sub'> <InPorts = 2> <OutPorts = 1>
ST_8 : Operation 145 [1/1] (1.58ns)   --->   "%store_ln37 = store i7 %add_ln36, i7 %indvar_flatten74" [conv.cpp:37]   --->   Operation 145 'store' 'store_ln37' <Predicate = (!icmp_ln36)> <Delay = 1.58>
ST_8 : Operation 146 [1/1] (1.58ns)   --->   "%store_ln37 = store i4 %select_ln36_9, i4 %j_2" [conv.cpp:37]   --->   Operation 146 'store' 'store_ln37' <Predicate = (!icmp_ln36)> <Delay = 1.58>
ST_8 : Operation 147 [1/1] (1.58ns)   --->   "%store_ln37 = store i4 %add_ln37, i4 %k" [conv.cpp:37]   --->   Operation 147 'store' 'store_ln37' <Predicate = (!icmp_ln36)> <Delay = 1.58>
ST_8 : Operation 148 [1/1] (0.00ns)   --->   "%br_ln37 = br void %for.body38.2" [conv.cpp:37]   --->   Operation 148 'br' 'br_ln37' <Predicate = (!icmp_ln36)> <Delay = 0.00>

State 9 <SV = 8> <Delay = 3.74>
ST_9 : Operation 149 [6/13] (3.74ns)   --->   "%urem_ln42 = urem i9 %add_ln40_2, i9 11" [conv.cpp:42]   --->   Operation 149 'urem' 'urem_ln42' <Predicate = (!select_ln36_8)> <Delay = 3.74> <CoreInst = "Divider">   --->   Core 6 'Divider' <Latency = 12> <II = 1> <Delay = 3.74> <FuncUnit> <Opcode : 'sdiv' 'srem' 'udiv' 'urem'> <InPorts = 2> <OutPorts = 1>

State 10 <SV = 9> <Delay = 4.80>
ST_10 : Operation 150 [1/1] (0.00ns)   --->   "%zext_ln36_6 = zext i4 %select_ln36_9" [conv.cpp:36]   --->   Operation 150 'zext' 'zext_ln36_6' <Predicate = true> <Delay = 0.00>
ST_10 : Operation 151 [1/1] (1.54ns)   --->   "%add_ln36_5 = add i12 %mul_ln42_2_read, i12 %zext_ln36_6" [conv.cpp:36]   --->   Operation 151 'add' 'add_ln36_5' <Predicate = true> <Delay = 1.54> <CoreInst = "Adder">   --->   Core 1 'Adder' <Latency = 0> <II = 1> <Delay = 1.54> <FuncUnit> <Opcode : 'add' 'sub'> <InPorts = 2> <OutPorts = 1>
ST_10 : Operation 152 [1/1] (0.00ns)   --->   "%zext_ln42 = zext i12 %add_ln36_5" [conv.cpp:42]   --->   Operation 152 'zext' 'zext_ln42' <Predicate = true> <Delay = 0.00>
ST_10 : Operation 153 [1/1] (0.00ns)   --->   "%weights_0_addr = getelementptr i32 %weights_0, i64 0, i64 %zext_ln42" [conv.cpp:42]   --->   Operation 153 'getelementptr' 'weights_0_addr' <Predicate = true> <Delay = 0.00>
ST_10 : Operation 154 [2/2] (3.25ns)   --->   "%weights_0_load = load i12 %weights_0_addr" [conv.cpp:36]   --->   Operation 154 'load' 'weights_0_load' <Predicate = true> <Delay = 3.25> <CoreInst = "RAM">   --->   Core 82 'RAM' <Latency = 1> <II = 1> <Delay = 3.25> <Storage> <Opcode : 'load' 'store'> <Ports = 2> <Width = 32> <Depth = 2112> <RAM>
ST_10 : Operation 155 [1/1] (0.00ns)   --->   "%weights_1_addr = getelementptr i32 %weights_1, i64 0, i64 %zext_ln42" [conv.cpp:42]   --->   Operation 155 'getelementptr' 'weights_1_addr' <Predicate = true> <Delay = 0.00>
ST_10 : Operation 156 [2/2] (3.25ns)   --->   "%weights_1_load = load i12 %weights_1_addr" [conv.cpp:36]   --->   Operation 156 'load' 'weights_1_load' <Predicate = true> <Delay = 3.25> <CoreInst = "RAM">   --->   Core 82 'RAM' <Latency = 1> <II = 1> <Delay = 3.25> <Storage> <Opcode : 'load' 'store'> <Ports = 2> <Width = 32> <Depth = 2112> <RAM>
ST_10 : Operation 157 [1/1] (0.00ns)   --->   "%weights_2_addr = getelementptr i32 %weights_2, i64 0, i64 %zext_ln42" [conv.cpp:42]   --->   Operation 157 'getelementptr' 'weights_2_addr' <Predicate = true> <Delay = 0.00>
ST_10 : Operation 158 [2/2] (3.25ns)   --->   "%weights_2_load = load i12 %weights_2_addr" [conv.cpp:36]   --->   Operation 158 'load' 'weights_2_load' <Predicate = true> <Delay = 3.25> <CoreInst = "RAM">   --->   Core 82 'RAM' <Latency = 1> <II = 1> <Delay = 3.25> <Storage> <Opcode : 'load' 'store'> <Ports = 2> <Width = 32> <Depth = 2112> <RAM>
ST_10 : Operation 159 [1/1] (0.00ns)   --->   "%weights_3_addr = getelementptr i32 %weights_3, i64 0, i64 %zext_ln42" [conv.cpp:42]   --->   Operation 159 'getelementptr' 'weights_3_addr' <Predicate = true> <Delay = 0.00>
ST_10 : Operation 160 [2/2] (3.25ns)   --->   "%weights_3_load = load i12 %weights_3_addr" [conv.cpp:36]   --->   Operation 160 'load' 'weights_3_load' <Predicate = true> <Delay = 3.25> <CoreInst = "RAM">   --->   Core 82 'RAM' <Latency = 1> <II = 1> <Delay = 3.25> <Storage> <Opcode : 'load' 'store'> <Ports = 2> <Width = 32> <Depth = 2112> <RAM>
ST_10 : Operation 161 [1/1] (0.00ns)   --->   "%weights_4_addr = getelementptr i32 %weights_4, i64 0, i64 %zext_ln42" [conv.cpp:42]   --->   Operation 161 'getelementptr' 'weights_4_addr' <Predicate = true> <Delay = 0.00>
ST_10 : Operation 162 [2/2] (3.25ns)   --->   "%weights_4_load = load i12 %weights_4_addr" [conv.cpp:36]   --->   Operation 162 'load' 'weights_4_load' <Predicate = true> <Delay = 3.25> <CoreInst = "RAM">   --->   Core 82 'RAM' <Latency = 1> <II = 1> <Delay = 3.25> <Storage> <Opcode : 'load' 'store'> <Ports = 2> <Width = 32> <Depth = 2112> <RAM>
ST_10 : Operation 163 [1/1] (0.00ns)   --->   "%weights_5_addr = getelementptr i32 %weights_5, i64 0, i64 %zext_ln42" [conv.cpp:42]   --->   Operation 163 'getelementptr' 'weights_5_addr' <Predicate = true> <Delay = 0.00>
ST_10 : Operation 164 [2/2] (3.25ns)   --->   "%weights_5_load = load i12 %weights_5_addr" [conv.cpp:36]   --->   Operation 164 'load' 'weights_5_load' <Predicate = true> <Delay = 3.25> <CoreInst = "RAM">   --->   Core 82 'RAM' <Latency = 1> <II = 1> <Delay = 3.25> <Storage> <Opcode : 'load' 'store'> <Ports = 2> <Width = 32> <Depth = 2112> <RAM>
ST_10 : Operation 165 [1/1] (0.00ns)   --->   "%weights_6_addr = getelementptr i32 %weights_6, i64 0, i64 %zext_ln42" [conv.cpp:42]   --->   Operation 165 'getelementptr' 'weights_6_addr' <Predicate = true> <Delay = 0.00>
ST_10 : Operation 166 [2/2] (3.25ns)   --->   "%weights_6_load = load i12 %weights_6_addr" [conv.cpp:36]   --->   Operation 166 'load' 'weights_6_load' <Predicate = true> <Delay = 3.25> <CoreInst = "RAM">   --->   Core 82 'RAM' <Latency = 1> <II = 1> <Delay = 3.25> <Storage> <Opcode : 'load' 'store'> <Ports = 2> <Width = 32> <Depth = 2112> <RAM>
ST_10 : Operation 167 [1/1] (0.00ns)   --->   "%weights_7_addr = getelementptr i32 %weights_7, i64 0, i64 %zext_ln42" [conv.cpp:42]   --->   Operation 167 'getelementptr' 'weights_7_addr' <Predicate = true> <Delay = 0.00>
ST_10 : Operation 168 [2/2] (3.25ns)   --->   "%weights_7_load = load i12 %weights_7_addr" [conv.cpp:36]   --->   Operation 168 'load' 'weights_7_load' <Predicate = true> <Delay = 3.25> <CoreInst = "RAM">   --->   Core 82 'RAM' <Latency = 1> <II = 1> <Delay = 3.25> <Storage> <Opcode : 'load' 'store'> <Ports = 2> <Width = 32> <Depth = 2112> <RAM>
ST_10 : Operation 169 [1/1] (0.00ns)   --->   "%weights_8_addr = getelementptr i32 %weights_8, i64 0, i64 %zext_ln42" [conv.cpp:42]   --->   Operation 169 'getelementptr' 'weights_8_addr' <Predicate = true> <Delay = 0.00>
ST_10 : Operation 170 [2/2] (3.25ns)   --->   "%weights_8_load = load i12 %weights_8_addr" [conv.cpp:36]   --->   Operation 170 'load' 'weights_8_load' <Predicate = true> <Delay = 3.25> <CoreInst = "RAM">   --->   Core 82 'RAM' <Latency = 1> <II = 1> <Delay = 3.25> <Storage> <Opcode : 'load' 'store'> <Ports = 2> <Width = 32> <Depth = 2112> <RAM>
ST_10 : Operation 171 [1/1] (0.00ns)   --->   "%weights_9_addr = getelementptr i32 %weights_9, i64 0, i64 %zext_ln42" [conv.cpp:42]   --->   Operation 171 'getelementptr' 'weights_9_addr' <Predicate = true> <Delay = 0.00>
ST_10 : Operation 172 [2/2] (3.25ns)   --->   "%weights_9_load = load i12 %weights_9_addr" [conv.cpp:36]   --->   Operation 172 'load' 'weights_9_load' <Predicate = true> <Delay = 3.25> <CoreInst = "RAM">   --->   Core 82 'RAM' <Latency = 1> <II = 1> <Delay = 3.25> <Storage> <Opcode : 'load' 'store'> <Ports = 2> <Width = 32> <Depth = 2112> <RAM>
ST_10 : Operation 173 [1/1] (0.00ns)   --->   "%weights_10_addr = getelementptr i32 %weights_10, i64 0, i64 %zext_ln42" [conv.cpp:42]   --->   Operation 173 'getelementptr' 'weights_10_addr' <Predicate = true> <Delay = 0.00>
ST_10 : Operation 174 [2/2] (3.25ns)   --->   "%weights_10_load = load i12 %weights_10_addr" [conv.cpp:36]   --->   Operation 174 'load' 'weights_10_load' <Predicate = true> <Delay = 3.25> <CoreInst = "RAM">   --->   Core 82 'RAM' <Latency = 1> <II = 1> <Delay = 3.25> <Storage> <Opcode : 'load' 'store'> <Ports = 2> <Width = 32> <Depth = 2112> <RAM>
ST_10 : Operation 175 [5/13] (3.74ns)   --->   "%urem_ln42 = urem i9 %add_ln40_2, i9 11" [conv.cpp:42]   --->   Operation 175 'urem' 'urem_ln42' <Predicate = (!select_ln36_8)> <Delay = 3.74> <CoreInst = "Divider">   --->   Core 6 'Divider' <Latency = 12> <II = 1> <Delay = 3.74> <FuncUnit> <Opcode : 'sdiv' 'srem' 'udiv' 'urem'> <InPorts = 2> <OutPorts = 1>

State 11 <SV = 10> <Delay = 5.91>
ST_11 : Operation 176 [1/1] (0.00ns)   --->   "%specloopname_ln0 = specloopname void @_ssdm_op_SpecLoopName, void @VITIS_LOOP_36_8_VITIS_LOOP_37_9_str"   --->   Operation 176 'specloopname' 'specloopname_ln0' <Predicate = true> <Delay = 0.00>
ST_11 : Operation 177 [1/1] (0.00ns)   --->   "%empty_21 = speclooptripcount i32 @_ssdm_op_SpecLoopTripCount, i64 121, i64 121, i64 121"   --->   Operation 177 'speclooptripcount' 'empty_21' <Predicate = true> <Delay = 0.00>
ST_11 : Operation 178 [1/2] (3.25ns)   --->   "%weights_0_load = load i12 %weights_0_addr" [conv.cpp:36]   --->   Operation 178 'load' 'weights_0_load' <Predicate = true> <Delay = 3.25> <CoreInst = "RAM">   --->   Core 82 'RAM' <Latency = 1> <II = 1> <Delay = 3.25> <Storage> <Opcode : 'load' 'store'> <Ports = 2> <Width = 32> <Depth = 2112> <RAM>
ST_11 : Operation 179 [1/1] (0.00ns)   --->   "%bitcast_ln36 = bitcast i32 %weights_0_load" [conv.cpp:36]   --->   Operation 179 'bitcast' 'bitcast_ln36' <Predicate = true> <Delay = 0.00>
ST_11 : Operation 180 [1/2] (3.25ns)   --->   "%weights_1_load = load i12 %weights_1_addr" [conv.cpp:36]   --->   Operation 180 'load' 'weights_1_load' <Predicate = true> <Delay = 3.25> <CoreInst = "RAM">   --->   Core 82 'RAM' <Latency = 1> <II = 1> <Delay = 3.25> <Storage> <Opcode : 'load' 'store'> <Ports = 2> <Width = 32> <Depth = 2112> <RAM>
ST_11 : Operation 181 [1/1] (0.00ns)   --->   "%bitcast_ln36_21 = bitcast i32 %weights_1_load" [conv.cpp:36]   --->   Operation 181 'bitcast' 'bitcast_ln36_21' <Predicate = true> <Delay = 0.00>
ST_11 : Operation 182 [1/2] (3.25ns)   --->   "%weights_2_load = load i12 %weights_2_addr" [conv.cpp:36]   --->   Operation 182 'load' 'weights_2_load' <Predicate = true> <Delay = 3.25> <CoreInst = "RAM">   --->   Core 82 'RAM' <Latency = 1> <II = 1> <Delay = 3.25> <Storage> <Opcode : 'load' 'store'> <Ports = 2> <Width = 32> <Depth = 2112> <RAM>
ST_11 : Operation 183 [1/1] (0.00ns)   --->   "%bitcast_ln36_22 = bitcast i32 %weights_2_load" [conv.cpp:36]   --->   Operation 183 'bitcast' 'bitcast_ln36_22' <Predicate = true> <Delay = 0.00>
ST_11 : Operation 184 [1/2] (3.25ns)   --->   "%weights_3_load = load i12 %weights_3_addr" [conv.cpp:36]   --->   Operation 184 'load' 'weights_3_load' <Predicate = true> <Delay = 3.25> <CoreInst = "RAM">   --->   Core 82 'RAM' <Latency = 1> <II = 1> <Delay = 3.25> <Storage> <Opcode : 'load' 'store'> <Ports = 2> <Width = 32> <Depth = 2112> <RAM>
ST_11 : Operation 185 [1/1] (0.00ns)   --->   "%bitcast_ln36_23 = bitcast i32 %weights_3_load" [conv.cpp:36]   --->   Operation 185 'bitcast' 'bitcast_ln36_23' <Predicate = true> <Delay = 0.00>
ST_11 : Operation 186 [1/2] (3.25ns)   --->   "%weights_4_load = load i12 %weights_4_addr" [conv.cpp:36]   --->   Operation 186 'load' 'weights_4_load' <Predicate = true> <Delay = 3.25> <CoreInst = "RAM">   --->   Core 82 'RAM' <Latency = 1> <II = 1> <Delay = 3.25> <Storage> <Opcode : 'load' 'store'> <Ports = 2> <Width = 32> <Depth = 2112> <RAM>
ST_11 : Operation 187 [1/1] (0.00ns)   --->   "%bitcast_ln36_24 = bitcast i32 %weights_4_load" [conv.cpp:36]   --->   Operation 187 'bitcast' 'bitcast_ln36_24' <Predicate = true> <Delay = 0.00>
ST_11 : Operation 188 [1/2] (3.25ns)   --->   "%weights_5_load = load i12 %weights_5_addr" [conv.cpp:36]   --->   Operation 188 'load' 'weights_5_load' <Predicate = true> <Delay = 3.25> <CoreInst = "RAM">   --->   Core 82 'RAM' <Latency = 1> <II = 1> <Delay = 3.25> <Storage> <Opcode : 'load' 'store'> <Ports = 2> <Width = 32> <Depth = 2112> <RAM>
ST_11 : Operation 189 [1/1] (0.00ns)   --->   "%bitcast_ln36_25 = bitcast i32 %weights_5_load" [conv.cpp:36]   --->   Operation 189 'bitcast' 'bitcast_ln36_25' <Predicate = true> <Delay = 0.00>
ST_11 : Operation 190 [1/2] (3.25ns)   --->   "%weights_6_load = load i12 %weights_6_addr" [conv.cpp:36]   --->   Operation 190 'load' 'weights_6_load' <Predicate = true> <Delay = 3.25> <CoreInst = "RAM">   --->   Core 82 'RAM' <Latency = 1> <II = 1> <Delay = 3.25> <Storage> <Opcode : 'load' 'store'> <Ports = 2> <Width = 32> <Depth = 2112> <RAM>
ST_11 : Operation 191 [1/1] (0.00ns)   --->   "%bitcast_ln36_26 = bitcast i32 %weights_6_load" [conv.cpp:36]   --->   Operation 191 'bitcast' 'bitcast_ln36_26' <Predicate = true> <Delay = 0.00>
ST_11 : Operation 192 [1/2] (3.25ns)   --->   "%weights_7_load = load i12 %weights_7_addr" [conv.cpp:36]   --->   Operation 192 'load' 'weights_7_load' <Predicate = true> <Delay = 3.25> <CoreInst = "RAM">   --->   Core 82 'RAM' <Latency = 1> <II = 1> <Delay = 3.25> <Storage> <Opcode : 'load' 'store'> <Ports = 2> <Width = 32> <Depth = 2112> <RAM>
ST_11 : Operation 193 [1/1] (0.00ns)   --->   "%bitcast_ln36_27 = bitcast i32 %weights_7_load" [conv.cpp:36]   --->   Operation 193 'bitcast' 'bitcast_ln36_27' <Predicate = true> <Delay = 0.00>
ST_11 : Operation 194 [1/2] (3.25ns)   --->   "%weights_8_load = load i12 %weights_8_addr" [conv.cpp:36]   --->   Operation 194 'load' 'weights_8_load' <Predicate = true> <Delay = 3.25> <CoreInst = "RAM">   --->   Core 82 'RAM' <Latency = 1> <II = 1> <Delay = 3.25> <Storage> <Opcode : 'load' 'store'> <Ports = 2> <Width = 32> <Depth = 2112> <RAM>
ST_11 : Operation 195 [1/1] (0.00ns)   --->   "%bitcast_ln36_28 = bitcast i32 %weights_8_load" [conv.cpp:36]   --->   Operation 195 'bitcast' 'bitcast_ln36_28' <Predicate = true> <Delay = 0.00>
ST_11 : Operation 196 [1/2] (3.25ns)   --->   "%weights_9_load = load i12 %weights_9_addr" [conv.cpp:36]   --->   Operation 196 'load' 'weights_9_load' <Predicate = true> <Delay = 3.25> <CoreInst = "RAM">   --->   Core 82 'RAM' <Latency = 1> <II = 1> <Delay = 3.25> <Storage> <Opcode : 'load' 'store'> <Ports = 2> <Width = 32> <Depth = 2112> <RAM>
ST_11 : Operation 197 [1/1] (0.00ns)   --->   "%bitcast_ln36_29 = bitcast i32 %weights_9_load" [conv.cpp:36]   --->   Operation 197 'bitcast' 'bitcast_ln36_29' <Predicate = true> <Delay = 0.00>
ST_11 : Operation 198 [1/2] (3.25ns)   --->   "%weights_10_load = load i12 %weights_10_addr" [conv.cpp:36]   --->   Operation 198 'load' 'weights_10_load' <Predicate = true> <Delay = 3.25> <CoreInst = "RAM">   --->   Core 82 'RAM' <Latency = 1> <II = 1> <Delay = 3.25> <Storage> <Opcode : 'load' 'store'> <Ports = 2> <Width = 32> <Depth = 2112> <RAM>
ST_11 : Operation 199 [1/1] (0.00ns)   --->   "%bitcast_ln36_30 = bitcast i32 %weights_10_load" [conv.cpp:36]   --->   Operation 199 'bitcast' 'bitcast_ln36_30' <Predicate = true> <Delay = 0.00>
ST_11 : Operation 200 [1/1] (0.00ns)   --->   "%specpipeline_ln0 = specpipeline void @_ssdm_op_SpecPipeline, i32 4294967295, i32 0, i32 1, i32 0, void @p_str"   --->   Operation 200 'specpipeline' 'specpipeline_ln0' <Predicate = true> <Delay = 0.00>
ST_11 : Operation 201 [1/1] (0.00ns)   --->   "%specloopname_ln27 = specloopname void @_ssdm_op_SpecLoopName, void @empty_2" [conv.cpp:27]   --->   Operation 201 'specloopname' 'specloopname_ln27' <Predicate = true> <Delay = 0.00>
ST_11 : Operation 202 [1/1] (2.66ns)   --->   "%tmp_4 = mux i32 @_ssdm_op_Mux.ap_auto.11f32.i4, i32 %bitcast_ln36, i32 %bitcast_ln36_21, i32 %bitcast_ln36_22, i32 %bitcast_ln36_23, i32 %bitcast_ln36_24, i32 %bitcast_ln36_25, i32 %bitcast_ln36_26, i32 %bitcast_ln36_27, i32 %bitcast_ln36_28, i32 %bitcast_ln36_29, i32 %bitcast_ln36_30, i4 %select_ln36" [conv.cpp:42]   --->   Operation 202 'mux' 'tmp_4' <Predicate = (!select_ln36_8)> <Delay = 2.66> <CoreInst = "Multiplexer">   --->   Core 76 'Multiplexer' <Latency = 0> <II = 1> <Delay = 2.66> <FuncUnit> <Opcode : 'mux'> <InPorts = 2> <OutPorts = 1>
ST_11 : Operation 203 [4/13] (3.74ns)   --->   "%urem_ln42 = urem i9 %add_ln40_2, i9 11" [conv.cpp:42]   --->   Operation 203 'urem' 'urem_ln42' <Predicate = (!select_ln36_8)> <Delay = 3.74> <CoreInst = "Divider">   --->   Core 6 'Divider' <Latency = 12> <II = 1> <Delay = 3.74> <FuncUnit> <Opcode : 'sdiv' 'srem' 'udiv' 'urem'> <InPorts = 2> <OutPorts = 1>

State 12 <SV = 11> <Delay = 3.74>
ST_12 : Operation 204 [3/13] (3.74ns)   --->   "%urem_ln42 = urem i9 %add_ln40_2, i9 11" [conv.cpp:42]   --->   Operation 204 'urem' 'urem_ln42' <Predicate = (!select_ln36_8)> <Delay = 3.74> <CoreInst = "Divider">   --->   Core 6 'Divider' <Latency = 12> <II = 1> <Delay = 3.74> <FuncUnit> <Opcode : 'sdiv' 'srem' 'udiv' 'urem'> <InPorts = 2> <OutPorts = 1>

State 13 <SV = 12> <Delay = 3.74>
ST_13 : Operation 205 [2/13] (3.74ns)   --->   "%urem_ln42 = urem i9 %add_ln40_2, i9 11" [conv.cpp:42]   --->   Operation 205 'urem' 'urem_ln42' <Predicate = (!select_ln36_8)> <Delay = 3.74> <CoreInst = "Divider">   --->   Core 6 'Divider' <Latency = 12> <II = 1> <Delay = 3.74> <FuncUnit> <Opcode : 'sdiv' 'srem' 'udiv' 'urem'> <InPorts = 2> <OutPorts = 1>

State 14 <SV = 13> <Delay = 6.40>
ST_14 : Operation 206 [1/13] (3.74ns)   --->   "%urem_ln42 = urem i9 %add_ln40_2, i9 11" [conv.cpp:42]   --->   Operation 206 'urem' 'urem_ln42' <Predicate = (!select_ln36_8)> <Delay = 3.74> <CoreInst = "Divider">   --->   Core 6 'Divider' <Latency = 12> <II = 1> <Delay = 3.74> <FuncUnit> <Opcode : 'sdiv' 'srem' 'udiv' 'urem'> <InPorts = 2> <OutPorts = 1>
ST_14 : Operation 207 [1/1] (0.00ns)   --->   "%trunc_ln42 = trunc i4 %urem_ln42" [conv.cpp:42]   --->   Operation 207 'trunc' 'trunc_ln42' <Predicate = (!select_ln36_8)> <Delay = 0.00>
ST_14 : Operation 208 [1/1] (0.00ns)   --->   "%bitcast_ln42 = bitcast i32 %input_fm_0_load" [conv.cpp:42]   --->   Operation 208 'bitcast' 'bitcast_ln42' <Predicate = (!select_ln36_8)> <Delay = 0.00>
ST_14 : Operation 209 [1/1] (0.00ns)   --->   "%bitcast_ln42_25 = bitcast i32 %input_fm_1_load" [conv.cpp:42]   --->   Operation 209 'bitcast' 'bitcast_ln42_25' <Predicate = (!select_ln36_8)> <Delay = 0.00>
ST_14 : Operation 210 [1/1] (0.00ns)   --->   "%bitcast_ln42_26 = bitcast i32 %input_fm_2_load" [conv.cpp:42]   --->   Operation 210 'bitcast' 'bitcast_ln42_26' <Predicate = (!select_ln36_8)> <Delay = 0.00>
ST_14 : Operation 211 [1/1] (0.00ns)   --->   "%bitcast_ln42_27 = bitcast i32 %input_fm_3_load" [conv.cpp:42]   --->   Operation 211 'bitcast' 'bitcast_ln42_27' <Predicate = (!select_ln36_8)> <Delay = 0.00>
ST_14 : Operation 212 [1/1] (0.00ns)   --->   "%bitcast_ln42_28 = bitcast i32 %input_fm_4_load" [conv.cpp:42]   --->   Operation 212 'bitcast' 'bitcast_ln42_28' <Predicate = (!select_ln36_8)> <Delay = 0.00>
ST_14 : Operation 213 [1/1] (0.00ns)   --->   "%bitcast_ln42_29 = bitcast i32 %input_fm_5_load" [conv.cpp:42]   --->   Operation 213 'bitcast' 'bitcast_ln42_29' <Predicate = (!select_ln36_8)> <Delay = 0.00>
ST_14 : Operation 214 [1/1] (0.00ns)   --->   "%bitcast_ln42_30 = bitcast i32 %input_fm_6_load" [conv.cpp:42]   --->   Operation 214 'bitcast' 'bitcast_ln42_30' <Predicate = (!select_ln36_8)> <Delay = 0.00>
ST_14 : Operation 215 [1/1] (0.00ns)   --->   "%bitcast_ln42_31 = bitcast i32 %input_fm_7_load" [conv.cpp:42]   --->   Operation 215 'bitcast' 'bitcast_ln42_31' <Predicate = (!select_ln36_8)> <Delay = 0.00>
ST_14 : Operation 216 [1/1] (0.00ns)   --->   "%bitcast_ln42_32 = bitcast i32 %input_fm_8_load" [conv.cpp:42]   --->   Operation 216 'bitcast' 'bitcast_ln42_32' <Predicate = (!select_ln36_8)> <Delay = 0.00>
ST_14 : Operation 217 [1/1] (0.00ns)   --->   "%bitcast_ln42_33 = bitcast i32 %input_fm_9_load" [conv.cpp:42]   --->   Operation 217 'bitcast' 'bitcast_ln42_33' <Predicate = (!select_ln36_8)> <Delay = 0.00>
ST_14 : Operation 218 [1/1] (0.00ns)   --->   "%bitcast_ln42_34 = bitcast i32 %input_fm_10_load" [conv.cpp:42]   --->   Operation 218 'bitcast' 'bitcast_ln42_34' <Predicate = (!select_ln36_8)> <Delay = 0.00>
ST_14 : Operation 219 [1/1] (2.66ns)   --->   "%tmp_5 = mux i32 @_ssdm_op_Mux.ap_auto.11f32.i4, i32 %bitcast_ln42, i32 %bitcast_ln42_25, i32 %bitcast_ln42_26, i32 %bitcast_ln42_27, i32 %bitcast_ln42_28, i32 %bitcast_ln42_29, i32 %bitcast_ln42_30, i32 %bitcast_ln42_31, i32 %bitcast_ln42_32, i32 %bitcast_ln42_33, i32 %bitcast_ln42_34, i4 %trunc_ln42" [conv.cpp:42]   --->   Operation 219 'mux' 'tmp_5' <Predicate = (!select_ln36_8)> <Delay = 2.66> <CoreInst = "Multiplexer">   --->   Core 76 'Multiplexer' <Latency = 0> <II = 1> <Delay = 2.66> <FuncUnit> <Opcode : 'mux'> <InPorts = 2> <OutPorts = 1>

State 15 <SV = 14> <Delay = 5.70>
ST_15 : Operation 220 [4/4] (5.70ns)   --->   "%mul_2 = fmul i32 %tmp_4, i32 %tmp_5" [conv.cpp:42]   --->   Operation 220 'fmul' 'mul_2' <Predicate = (!select_ln36_8)> <Delay = 5.70> <CoreInst = "FMul_maxdsp">   --->   Core 30 'FMul_maxdsp' <Latency = 3> <II = 1> <Delay = 5.70> <FuncUnit> <Opcode : 'fmul'> <InPorts = 2> <OutPorts = 1>

State 16 <SV = 15> <Delay = 5.70>
ST_16 : Operation 221 [3/4] (5.70ns)   --->   "%mul_2 = fmul i32 %tmp_4, i32 %tmp_5" [conv.cpp:42]   --->   Operation 221 'fmul' 'mul_2' <Predicate = (!select_ln36_8)> <Delay = 5.70> <CoreInst = "FMul_maxdsp">   --->   Core 30 'FMul_maxdsp' <Latency = 3> <II = 1> <Delay = 5.70> <FuncUnit> <Opcode : 'fmul'> <InPorts = 2> <OutPorts = 1>
ST_16 : Operation 235 [1/1] (0.00ns)   --->   "%ret_ln0 = ret"   --->   Operation 235 'ret' 'ret_ln0' <Predicate = (icmp_ln36)> <Delay = 0.00>

State 17 <SV = 16> <Delay = 5.70>
ST_17 : Operation 222 [2/4] (5.70ns)   --->   "%mul_2 = fmul i32 %tmp_4, i32 %tmp_5" [conv.cpp:42]   --->   Operation 222 'fmul' 'mul_2' <Predicate = (!select_ln36_8)> <Delay = 5.70> <CoreInst = "FMul_maxdsp">   --->   Core 30 'FMul_maxdsp' <Latency = 3> <II = 1> <Delay = 5.70> <FuncUnit> <Opcode : 'fmul'> <InPorts = 2> <OutPorts = 1>
ST_17 : Operation 223 [2/2] (3.25ns)   --->   "%output_fm_load = load i18 %output_fm_addr" [conv.cpp:42]   --->   Operation 223 'load' 'output_fm_load' <Predicate = (!select_ln36_8)> <Delay = 3.25> <CoreInst = "RAM">   --->   Core 82 'RAM' <Latency = 1> <II = 1> <Delay = 3.25> <Storage> <Opcode : 'load' 'store'> <Ports = 2> <Width = 32> <Depth = 193600> <RAM>

State 18 <SV = 17> <Delay = 5.70>
ST_18 : Operation 224 [1/4] (5.70ns)   --->   "%mul_2 = fmul i32 %tmp_4, i32 %tmp_5" [conv.cpp:42]   --->   Operation 224 'fmul' 'mul_2' <Predicate = (!select_ln36_8)> <Delay = 5.70> <CoreInst = "FMul_maxdsp">   --->   Core 30 'FMul_maxdsp' <Latency = 3> <II = 1> <Delay = 5.70> <FuncUnit> <Opcode : 'fmul'> <InPorts = 2> <OutPorts = 1>
ST_18 : Operation 225 [1/2] (3.25ns)   --->   "%output_fm_load = load i18 %output_fm_addr" [conv.cpp:42]   --->   Operation 225 'load' 'output_fm_load' <Predicate = (!select_ln36_8)> <Delay = 3.25> <CoreInst = "RAM">   --->   Core 82 'RAM' <Latency = 1> <II = 1> <Delay = 3.25> <Storage> <Opcode : 'load' 'store'> <Ports = 2> <Width = 32> <Depth = 193600> <RAM>

State 19 <SV = 18> <Delay = 7.25>
ST_19 : Operation 226 [1/1] (0.00ns)   --->   "%bitcast_ln42_35 = bitcast i32 %output_fm_load" [conv.cpp:42]   --->   Operation 226 'bitcast' 'bitcast_ln42_35' <Predicate = (!select_ln36_8)> <Delay = 0.00>
ST_19 : Operation 227 [5/5] (7.25ns)   --->   "%add68_2 = fadd i32 %bitcast_ln42_35, i32 %mul_2" [conv.cpp:42]   --->   Operation 227 'fadd' 'add68_2' <Predicate = (!select_ln36_8)> <Delay = 7.25> <CoreInst = "FAddSub_fulldsp">   --->   Core 18 'FAddSub_fulldsp' <Latency = 4> <II = 1> <Delay = 7.25> <FuncUnit> <Opcode : 'fadd' 'fsub'> <InPorts = 2> <OutPorts = 1>

State 20 <SV = 19> <Delay = 7.25>
ST_20 : Operation 228 [4/5] (7.25ns)   --->   "%add68_2 = fadd i32 %bitcast_ln42_35, i32 %mul_2" [conv.cpp:42]   --->   Operation 228 'fadd' 'add68_2' <Predicate = (!select_ln36_8)> <Delay = 7.25> <CoreInst = "FAddSub_fulldsp">   --->   Core 18 'FAddSub_fulldsp' <Latency = 4> <II = 1> <Delay = 7.25> <FuncUnit> <Opcode : 'fadd' 'fsub'> <InPorts = 2> <OutPorts = 1>

State 21 <SV = 20> <Delay = 7.25>
ST_21 : Operation 229 [3/5] (7.25ns)   --->   "%add68_2 = fadd i32 %bitcast_ln42_35, i32 %mul_2" [conv.cpp:42]   --->   Operation 229 'fadd' 'add68_2' <Predicate = (!select_ln36_8)> <Delay = 7.25> <CoreInst = "FAddSub_fulldsp">   --->   Core 18 'FAddSub_fulldsp' <Latency = 4> <II = 1> <Delay = 7.25> <FuncUnit> <Opcode : 'fadd' 'fsub'> <InPorts = 2> <OutPorts = 1>

State 22 <SV = 21> <Delay = 7.25>
ST_22 : Operation 230 [2/5] (7.25ns)   --->   "%add68_2 = fadd i32 %bitcast_ln42_35, i32 %mul_2" [conv.cpp:42]   --->   Operation 230 'fadd' 'add68_2' <Predicate = (!select_ln36_8)> <Delay = 7.25> <CoreInst = "FAddSub_fulldsp">   --->   Core 18 'FAddSub_fulldsp' <Latency = 4> <II = 1> <Delay = 7.25> <FuncUnit> <Opcode : 'fadd' 'fsub'> <InPorts = 2> <OutPorts = 1>

State 23 <SV = 22> <Delay = 7.25>
ST_23 : Operation 231 [1/5] (7.25ns)   --->   "%add68_2 = fadd i32 %bitcast_ln42_35, i32 %mul_2" [conv.cpp:42]   --->   Operation 231 'fadd' 'add68_2' <Predicate = (!select_ln36_8)> <Delay = 7.25> <CoreInst = "FAddSub_fulldsp">   --->   Core 18 'FAddSub_fulldsp' <Latency = 4> <II = 1> <Delay = 7.25> <FuncUnit> <Opcode : 'fadd' 'fsub'> <InPorts = 2> <OutPorts = 1>

State 24 <SV = 23> <Delay = 3.25>
ST_24 : Operation 232 [1/1] (0.00ns)   --->   "%bitcast_ln42_36 = bitcast i32 %add68_2" [conv.cpp:42]   --->   Operation 232 'bitcast' 'bitcast_ln42_36' <Predicate = (!select_ln36_8)> <Delay = 0.00>
ST_24 : Operation 233 [1/1] (3.25ns)   --->   "%store_ln42 = store i32 %bitcast_ln42_36, i18 %output_fm_addr" [conv.cpp:42]   --->   Operation 233 'store' 'store_ln42' <Predicate = (!select_ln36_8)> <Delay = 3.25> <CoreInst = "RAM">   --->   Core 82 'RAM' <Latency = 1> <II = 1> <Delay = 3.25> <Storage> <Opcode : 'load' 'store'> <Ports = 2> <Width = 32> <Depth = 193600> <RAM>
ST_24 : Operation 234 [1/1] (0.00ns)   --->   "%br_ln43 = br void %for.inc69.2" [conv.cpp:43]   --->   Operation 234 'br' 'br_ln43' <Predicate = (!select_ln36_8)> <Delay = 0.00>


============================================================
+ Verbose Summary: Timing violations
============================================================
Target clock period: 10ns, clock uncertainty: 2.7ns.

 <State 1>: 6.39ns
The critical path consists of the following:
	'alloca' operation ('k') [29]  (0 ns)
	'load' operation ('k_load', conv.cpp:37) on local variable 'k' [79]  (0 ns)
	'icmp' operation ('icmp_ln37', conv.cpp:37) [83]  (1.3 ns)
	'select' operation ('select_ln36', conv.cpp:36) [84]  (1.02 ns)
	'add' operation ('add_ln40_2', conv.cpp:40) [134]  (1.92 ns)
	'mul' operation of DSP[140] ('mul_ln42', conv.cpp:42) [140]  (2.15 ns)

 <State 2>: 3.74ns
The critical path consists of the following:
	'urem' operation ('urem_ln42', conv.cpp:42) [138]  (3.74 ns)

 <State 3>: 3.74ns
The critical path consists of the following:
	'urem' operation ('urem_ln42', conv.cpp:42) [138]  (3.74 ns)

 <State 4>: 3.74ns
The critical path consists of the following:
	'urem' operation ('urem_ln42', conv.cpp:42) [138]  (3.74 ns)

 <State 5>: 3.74ns
The critical path consists of the following:
	'urem' operation ('urem_ln42', conv.cpp:42) [138]  (3.74 ns)

 <State 6>: 3.74ns
The critical path consists of the following:
	'urem' operation ('urem_ln42', conv.cpp:42) [138]  (3.74 ns)

 <State 7>: 3.74ns
The critical path consists of the following:
	'urem' operation ('urem_ln42', conv.cpp:42) [138]  (3.74 ns)

 <State 8>: 3.74ns
The critical path consists of the following:
	'urem' operation ('urem_ln42', conv.cpp:42) [138]  (3.74 ns)

 <State 9>: 3.74ns
The critical path consists of the following:
	'urem' operation ('urem_ln42', conv.cpp:42) [138]  (3.74 ns)

 <State 10>: 4.8ns
The critical path consists of the following:
	'add' operation ('add_ln36_5', conv.cpp:36) [96]  (1.55 ns)
	'getelementptr' operation ('weights_0_addr', conv.cpp:42) [98]  (0 ns)
	'load' operation ('weights_0_load', conv.cpp:36) on array 'weights_0' [99]  (3.25 ns)

 <State 11>: 5.92ns
The critical path consists of the following:
	'load' operation ('weights_0_load', conv.cpp:36) on array 'weights_0' [99]  (3.25 ns)
	'mux' operation ('tmp_4', conv.cpp:42) [137]  (2.66 ns)

 <State 12>: 3.74ns
The critical path consists of the following:
	'urem' operation ('urem_ln42', conv.cpp:42) [138]  (3.74 ns)

 <State 13>: 3.74ns
The critical path consists of the following:
	'urem' operation ('urem_ln42', conv.cpp:42) [138]  (3.74 ns)

 <State 14>: 6.4ns
The critical path consists of the following:
	'urem' operation ('urem_ln42', conv.cpp:42) [138]  (3.74 ns)
	'mux' operation ('tmp_5', conv.cpp:42) [179]  (2.66 ns)

 <State 15>: 5.7ns
The critical path consists of the following:
	'fmul' operation ('mul_2', conv.cpp:42) [180]  (5.7 ns)

 <State 16>: 5.7ns
The critical path consists of the following:
	'fmul' operation ('mul_2', conv.cpp:42) [180]  (5.7 ns)

 <State 17>: 5.7ns
The critical path consists of the following:
	'fmul' operation ('mul_2', conv.cpp:42) [180]  (5.7 ns)

 <State 18>: 5.7ns
The critical path consists of the following:
	'fmul' operation ('mul_2', conv.cpp:42) [180]  (5.7 ns)

 <State 19>: 7.26ns
The critical path consists of the following:
	'fadd' operation ('add68_2', conv.cpp:42) [183]  (7.26 ns)

 <State 20>: 7.26ns
The critical path consists of the following:
	'fadd' operation ('add68_2', conv.cpp:42) [183]  (7.26 ns)

 <State 21>: 7.26ns
The critical path consists of the following:
	'fadd' operation ('add68_2', conv.cpp:42) [183]  (7.26 ns)

 <State 22>: 7.26ns
The critical path consists of the following:
	'fadd' operation ('add68_2', conv.cpp:42) [183]  (7.26 ns)

 <State 23>: 7.26ns
The critical path consists of the following:
	'fadd' operation ('add68_2', conv.cpp:42) [183]  (7.26 ns)

 <State 24>: 3.25ns
The critical path consists of the following:
	'store' operation ('store_ln42', conv.cpp:42) of variable 'bitcast_ln42_36', conv.cpp:42 on array 'output_fm' [185]  (3.25 ns)


============================================================
+ Verbose Summary: Binding
============================================================
N/A
* FSMD analyzer results:
  - Output states:
 - Input state : 
  - Chain level:
	State 1
	State 2
	State 3
	State 4
	State 5
	State 6
	State 7
	State 8
	State 9
	State 10
	State 11
	State 12
	State 13
	State 14
	State 15
	State 16
	State 17
	State 18
	State 19
	State 20
	State 21
	State 22
	State 23
	State 24


============================================================
+ Verbose Summary: Datapath Resource usage 
============================================================
N/A
