

================================================================
== Vitis HLS Report for 'conv_Pipeline_VITIS_LOOP_50_7_VITIS_LOOP_52_8'
================================================================
* Date:           Wed Oct  7 20:05:47 2026

* Version:        2022.2 (Build 3670227 on Oct 13 2022)
* Project:        vitis.prj
* Solution:       solution1 (Vivado IP Flow Target)
* Product family: zynq
* Target device:  xc7z020-clg400-1


================================================================
== Performance Estimates
================================================================
+ Timing: 
    * Summary: 
    +--------+----------+----------+------------+
    |  Clock |  Target  | Estimated| Uncertainty|
    +--------+----------+----------+------------+
    |ap_clk  |  10.00 ns|  7.300 ns|     2.70 ns|
    +--------+----------+----------+------------+

+ Latency: 
    * Summary: 
    +---------+---------+----------+----------+-----+-----+---------+
    |  Latency (cycles) |  Latency (absolute) |  Interval | Pipeline|
    |   min   |   max   |    min   |    max   | min | max |   Type  |
    +---------+---------+----------+----------+-----+-----+---------+
    |      124|      124|  1.240 us|  1.240 us|  124|  124|       no|
    +---------+---------+----------+----------+-----+-----+---------+

    + Detail: 
        * Instance: 
        N/A

        * Loop: 
        +-----------------------------------+---------+---------+----------+-----------+-----------+------+----------+
        |                                   |  Latency (cycles) | Iteration|  Initiation Interval  | Trip |          |
        |             Loop Name             |   min   |   max   |  Latency |  achieved |   target  | Count| Pipelined|
        +-----------------------------------+---------+---------+----------+-----------+-----------+------+----------+
        |- VITIS_LOOP_50_7_VITIS_LOOP_52_8  |      122|      122|         3|          1|          1|   121|       yes|
        +-----------------------------------+---------+---------+----------+-----------+-----------+------+----------+

============================================================
+ Verbose Summary: Synthesis Manager
============================================================
InlineROM: 1
ExposeGlobal: 0
============================================================
+ Verbose Summary: CDFG Model
============================================================
IsTopModel: 0
ResetActiveHigh: 1
IsCombinational: 0
IsDatapathOnly: 0
HasWiredReturn: 1
HasMFsm: 2
HasVarLatency: 1
IsPipeline: 0
IsRtlPipelined: 0
IsInstanceOverlapped: 0
IsDontTouch: 0
HasImplIP: 0
IsGatedGlobalClock: 0

+ Individual pipeline summary: 
  * Pipeline-0: initiation interval (II) = 1, depth = 3


============================================================
+ Verbose Summary: Schedule
============================================================
* Number of FSM states : 3
* Pipeline : 1
  Pipeline-0 : II = 1, D = 3, States = { 1 2 3 }
* Dataflow Pipeline: 0

* FSM state transitions: 
1 --> 2 
2 --> 3 
3 --> 

* FSM state operations: 

State 1 <SV = 0> <Delay = 3.45>
ST_1 : Operation 6 [1/1] (0.00ns)   --->   "%kc = alloca i32 1"   --->   Operation 6 'alloca' 'kc' <Predicate = true> <Delay = 0.00>
ST_1 : Operation 7 [1/1] (0.00ns)   --->   "%kr = alloca i32 1"   --->   Operation 7 'alloca' 'kr' <Predicate = true> <Delay = 0.00>
ST_1 : Operation 8 [1/1] (0.00ns)   --->   "%indvar_flatten306 = alloca i32 1"   --->   Operation 8 'alloca' 'indvar_flatten306' <Predicate = true> <Delay = 0.00>
ST_1 : Operation 9 [1/1] (0.00ns)   --->   "%sext_ln37_1_read = read i62 @_ssdm_op_Read.ap_auto.i62, i62 %sext_ln37_1"   --->   Operation 9 'read' 'sext_ln37_1_read' <Predicate = true> <Delay = 0.00>
ST_1 : Operation 10 [1/1] (0.00ns)   --->   "%sext_ln37_1_cast = sext i62 %sext_ln37_1_read"   --->   Operation 10 'sext' 'sext_ln37_1_cast' <Predicate = true> <Delay = 0.00>
ST_1 : Operation 11 [1/1] (0.00ns)   --->   "%specinterface_ln0 = specinterface void @_ssdm_op_SpecInterface, i32 %mem2, void @empty_2, i32 0, i32 0, void @empty_3, i32 64, i32 0, void @empty_6, void @empty_5, void @empty_3, i32 16, i32 16, i32 16, i32 16, void @empty_3, void @empty_3, i32 4294967295, i32 0"   --->   Operation 11 'specinterface' 'specinterface_ln0' <Predicate = true> <Delay = 0.00>
ST_1 : Operation 12 [1/1] (1.58ns)   --->   "%store_ln0 = store i7 0, i7 %indvar_flatten306"   --->   Operation 12 'store' 'store_ln0' <Predicate = true> <Delay = 1.58>
ST_1 : Operation 13 [1/1] (1.58ns)   --->   "%store_ln0 = store i4 0, i4 %kr"   --->   Operation 13 'store' 'store_ln0' <Predicate = true> <Delay = 1.58>
ST_1 : Operation 14 [1/1] (1.58ns)   --->   "%store_ln0 = store i4 0, i4 %kc"   --->   Operation 14 'store' 'store_ln0' <Predicate = true> <Delay = 1.58>
ST_1 : Operation 15 [1/1] (0.00ns)   --->   "%br_ln0 = br void %for.inc64"   --->   Operation 15 'br' 'br_ln0' <Predicate = true> <Delay = 0.00>
ST_1 : Operation 16 [1/1] (0.00ns)   --->   "%indvar_flatten306_load = load i7 %indvar_flatten306" [conv.cpp:50]   --->   Operation 16 'load' 'indvar_flatten306_load' <Predicate = true> <Delay = 0.00>
ST_1 : Operation 17 [1/1] (1.48ns)   --->   "%icmp_ln50 = icmp_eq  i7 %indvar_flatten306_load, i7 121" [conv.cpp:50]   --->   Operation 17 'icmp' 'icmp_ln50' <Predicate = true> <Delay = 1.48> <CoreInst = "Cmp">   --->   Core 9 'Cmp' <Latency = 0> <II = 1> <Delay = 1.48> <FuncUnit> <Opcode : 'icmp'> <InPorts = 2> <OutPorts = 1>
ST_1 : Operation 18 [1/1] (1.87ns)   --->   "%add_ln50 = add i7 %indvar_flatten306_load, i7 1" [conv.cpp:50]   --->   Operation 18 'add' 'add_ln50' <Predicate = true> <Delay = 1.87> <CoreInst = "Adder">   --->   Core 1 'Adder' <Latency = 0> <II = 1> <Delay = 1.87> <FuncUnit> <Opcode : 'add' 'sub'> <InPorts = 2> <OutPorts = 1>
ST_1 : Operation 19 [1/1] (0.00ns)   --->   "%br_ln50 = br i1 %icmp_ln50, void %for.inc67, void %VITIS_LOOP_61_10.preheader.exitStub" [conv.cpp:50]   --->   Operation 19 'br' 'br_ln50' <Predicate = true> <Delay = 0.00>
ST_1 : Operation 20 [1/1] (1.58ns)   --->   "%store_ln52 = store i7 %add_ln50, i7 %indvar_flatten306" [conv.cpp:52]   --->   Operation 20 'store' 'store_ln52' <Predicate = (!icmp_ln50)> <Delay = 1.58>

State 2 <SV = 1> <Delay = 7.30>
ST_2 : Operation 21 [1/1] (0.00ns)   --->   "%specbitsmap_ln0 = specbitsmap void @_ssdm_op_SpecBitsMap, i32 %mem2"   --->   Operation 21 'specbitsmap' 'specbitsmap_ln0' <Predicate = true> <Delay = 0.00>
ST_2 : Operation 22 [1/1] (0.00ns)   --->   "%mem2_addr = getelementptr i32 %mem2, i64 %sext_ln37_1_cast" [conv.cpp:37]   --->   Operation 22 'getelementptr' 'mem2_addr' <Predicate = true> <Delay = 0.00>
ST_2 : Operation 23 [1/1] (7.30ns)   --->   "%mem2_addr_read = read i32 @_ssdm_op_Read.m_axi.p1i32, i32 %mem2_addr" [conv.cpp:55]   --->   Operation 23 'read' 'mem2_addr_read' <Predicate = (!icmp_ln50)> <Delay = 7.30> <CoreInst = "m_axi">   --->   Core 113 'm_axi' <Latency = 0> <II = 1> <Delay = 1.00> <Adapter> <Opcode : 'read' 'write' 'readreq' 'writereq' 'writeresp'>
ST_2 : Operation 74 [1/1] (0.00ns)   --->   "%ret_ln0 = ret"   --->   Operation 74 'ret' 'ret_ln0' <Predicate = (icmp_ln50)> <Delay = 0.00>

State 3 <SV = 2> <Delay = 5.64>
ST_3 : Operation 24 [1/1] (0.00ns)   --->   "%kc_load = load i4 %kc" [conv.cpp:52]   --->   Operation 24 'load' 'kc_load' <Predicate = true> <Delay = 0.00>
ST_3 : Operation 25 [1/1] (0.00ns)   --->   "%kr_load = load i4 %kr" [conv.cpp:50]   --->   Operation 25 'load' 'kr_load' <Predicate = true> <Delay = 0.00>
ST_3 : Operation 26 [1/1] (0.00ns)   --->   "%specloopname_ln0 = specloopname void @_ssdm_op_SpecLoopName, void @VITIS_LOOP_50_7_VITIS_LOOP_52_8_str"   --->   Operation 26 'specloopname' 'specloopname_ln0' <Predicate = true> <Delay = 0.00>
ST_3 : Operation 27 [1/1] (0.00ns)   --->   "%empty = speclooptripcount i32 @_ssdm_op_SpecLoopTripCount, i64 121, i64 121, i64 121"   --->   Operation 27 'speclooptripcount' 'empty' <Predicate = true> <Delay = 0.00>
ST_3 : Operation 28 [1/1] (1.30ns)   --->   "%icmp_ln52 = icmp_eq  i4 %kc_load, i4 11" [conv.cpp:52]   --->   Operation 28 'icmp' 'icmp_ln52' <Predicate = true> <Delay = 1.30> <CoreInst = "Cmp">   --->   Core 9 'Cmp' <Latency = 0> <II = 1> <Delay = 1.30> <FuncUnit> <Opcode : 'icmp'> <InPorts = 2> <OutPorts = 1>
ST_3 : Operation 29 [1/1] (1.02ns)   --->   "%select_ln50 = select i1 %icmp_ln52, i4 0, i4 %kc_load" [conv.cpp:50]   --->   Operation 29 'select' 'select_ln50' <Predicate = true> <Delay = 1.02> <CoreInst = "Sel">   --->   Core 73 'Sel' <Latency = 0> <II = 1> <Delay = 1.02> <FuncUnit> <Opcode : 'select'> <InPorts = 3> <OutPorts = 1>
ST_3 : Operation 30 [1/1] (1.73ns)   --->   "%add_ln50_1 = add i4 %kr_load, i4 1" [conv.cpp:50]   --->   Operation 30 'add' 'add_ln50_1' <Predicate = true> <Delay = 1.73> <CoreInst = "Adder">   --->   Core 1 'Adder' <Latency = 0> <II = 1> <Delay = 1.73> <FuncUnit> <Opcode : 'add' 'sub'> <InPorts = 2> <OutPorts = 1>
ST_3 : Operation 31 [1/1] (1.02ns)   --->   "%select_ln50_1 = select i1 %icmp_ln52, i4 %add_ln50_1, i4 %kr_load" [conv.cpp:50]   --->   Operation 31 'select' 'select_ln50_1' <Predicate = true> <Delay = 1.02> <CoreInst = "Sel">   --->   Core 73 'Sel' <Latency = 0> <II = 1> <Delay = 1.02> <FuncUnit> <Opcode : 'select'> <InPorts = 3> <OutPorts = 1>
ST_3 : Operation 32 [1/1] (0.00ns)   --->   "%zext_ln50 = zext i4 %select_ln50_1" [conv.cpp:50]   --->   Operation 32 'zext' 'zext_ln50' <Predicate = true> <Delay = 0.00>
ST_3 : Operation 33 [1/1] (0.00ns)   --->   "%specpipeline_ln54 = specpipeline void @_ssdm_op_SpecPipeline, i32 1, i32 0, i32 0, i32 0, void @empty_3" [conv.cpp:54]   --->   Operation 33 'specpipeline' 'specpipeline_ln54' <Predicate = true> <Delay = 0.00>
ST_3 : Operation 34 [1/1] (0.00ns)   --->   "%specloopname_ln52 = specloopname void @_ssdm_op_SpecLoopName, void @empty_13" [conv.cpp:52]   --->   Operation 34 'specloopname' 'specloopname_ln52' <Predicate = true> <Delay = 0.00>
ST_3 : Operation 35 [1/1] (0.00ns)   --->   "%bitcast_ln55 = bitcast i32 %mem2_addr_read" [conv.cpp:55]   --->   Operation 35 'bitcast' 'bitcast_ln55' <Predicate = true> <Delay = 0.00>
ST_3 : Operation 36 [1/1] (0.95ns)   --->   "%switch_ln55 = switch i4 %select_ln50, void %arrayidx6311.case.10, i4 0, void %arrayidx6311.case.0, i4 1, void %arrayidx6311.case.1, i4 2, void %arrayidx6311.case.2, i4 3, void %arrayidx6311.case.3, i4 4, void %arrayidx6311.case.4, i4 5, void %arrayidx6311.case.5, i4 6, void %arrayidx6311.case.6, i4 7, void %arrayidx6311.case.7, i4 8, void %arrayidx6311.case.8, i4 9, void %arrayidx6311.case.9" [conv.cpp:55]   --->   Operation 36 'switch' 'switch_ln55' <Predicate = true> <Delay = 0.95>
ST_3 : Operation 37 [1/1] (0.00ns)   --->   "%local_weights_9_addr = getelementptr i32 %local_weights_9, i64 0, i64 %zext_ln50" [conv.cpp:50]   --->   Operation 37 'getelementptr' 'local_weights_9_addr' <Predicate = (select_ln50 == 9)> <Delay = 0.00>
ST_3 : Operation 38 [1/1] (2.32ns)   --->   "%store_ln55 = store i32 %bitcast_ln55, i4 %local_weights_9_addr" [conv.cpp:55]   --->   Operation 38 'store' 'store_ln55' <Predicate = (select_ln50 == 9)> <Delay = 2.32> <CoreInst = "RAM">   --->   Core 82 'RAM' <Latency = 1> <II = 1> <Delay = 2.32> <Storage> <Opcode : 'load' 'store'> <Ports = 2> <Width = 32> <Depth = 11> <RAM>
ST_3 : Operation 39 [1/1] (0.00ns)   --->   "%br_ln55 = br void %arrayidx6311.exit" [conv.cpp:55]   --->   Operation 39 'br' 'br_ln55' <Predicate = (select_ln50 == 9)> <Delay = 0.00>
ST_3 : Operation 40 [1/1] (0.00ns)   --->   "%local_weights_8_addr = getelementptr i32 %local_weights_8, i64 0, i64 %zext_ln50" [conv.cpp:50]   --->   Operation 40 'getelementptr' 'local_weights_8_addr' <Predicate = (select_ln50 == 8)> <Delay = 0.00>
ST_3 : Operation 41 [1/1] (2.32ns)   --->   "%store_ln55 = store i32 %bitcast_ln55, i4 %local_weights_8_addr" [conv.cpp:55]   --->   Operation 41 'store' 'store_ln55' <Predicate = (select_ln50 == 8)> <Delay = 2.32> <CoreInst = "RAM">   --->   Core 82 'RAM' <Latency = 1> <II = 1> <Delay = 2.32> <Storage> <Opcode : 'load' 'store'> <Ports = 2> <Width = 32> <Depth = 11> <RAM>
ST_3 : Operation 42 [1/1] (0.00ns)   --->   "%br_ln55 = br void %arrayidx6311.exit" [conv.cpp:55]   --->   Operation 42 'br' 'br_ln55' <Predicate = (select_ln50 == 8)> <Delay = 0.00>
ST_3 : Operation 43 [1/1] (0.00ns)   --->   "%local_weights_7_addr = getelementptr i32 %local_weights_7, i64 0, i64 %zext_ln50" [conv.cpp:50]   --->   Operation 43 'getelementptr' 'local_weights_7_addr' <Predicate = (select_ln50 == 7)> <Delay = 0.00>
ST_3 : Operation 44 [1/1] (2.32ns)   --->   "%store_ln55 = store i32 %bitcast_ln55, i4 %local_weights_7_addr" [conv.cpp:55]   --->   Operation 44 'store' 'store_ln55' <Predicate = (select_ln50 == 7)> <Delay = 2.32> <CoreInst = "RAM">   --->   Core 82 'RAM' <Latency = 1> <II = 1> <Delay = 2.32> <Storage> <Opcode : 'load' 'store'> <Ports = 2> <Width = 32> <Depth = 11> <RAM>
ST_3 : Operation 45 [1/1] (0.00ns)   --->   "%br_ln55 = br void %arrayidx6311.exit" [conv.cpp:55]   --->   Operation 45 'br' 'br_ln55' <Predicate = (select_ln50 == 7)> <Delay = 0.00>
ST_3 : Operation 46 [1/1] (0.00ns)   --->   "%local_weights_6_addr = getelementptr i32 %local_weights_6, i64 0, i64 %zext_ln50" [conv.cpp:50]   --->   Operation 46 'getelementptr' 'local_weights_6_addr' <Predicate = (select_ln50 == 6)> <Delay = 0.00>
ST_3 : Operation 47 [1/1] (2.32ns)   --->   "%store_ln55 = store i32 %bitcast_ln55, i4 %local_weights_6_addr" [conv.cpp:55]   --->   Operation 47 'store' 'store_ln55' <Predicate = (select_ln50 == 6)> <Delay = 2.32> <CoreInst = "RAM">   --->   Core 82 'RAM' <Latency = 1> <II = 1> <Delay = 2.32> <Storage> <Opcode : 'load' 'store'> <Ports = 2> <Width = 32> <Depth = 11> <RAM>
ST_3 : Operation 48 [1/1] (0.00ns)   --->   "%br_ln55 = br void %arrayidx6311.exit" [conv.cpp:55]   --->   Operation 48 'br' 'br_ln55' <Predicate = (select_ln50 == 6)> <Delay = 0.00>
ST_3 : Operation 49 [1/1] (0.00ns)   --->   "%local_weights_5_addr = getelementptr i32 %local_weights_5, i64 0, i64 %zext_ln50" [conv.cpp:50]   --->   Operation 49 'getelementptr' 'local_weights_5_addr' <Predicate = (select_ln50 == 5)> <Delay = 0.00>
ST_3 : Operation 50 [1/1] (2.32ns)   --->   "%store_ln55 = store i32 %bitcast_ln55, i4 %local_weights_5_addr" [conv.cpp:55]   --->   Operation 50 'store' 'store_ln55' <Predicate = (select_ln50 == 5)> <Delay = 2.32> <CoreInst = "RAM">   --->   Core 82 'RAM' <Latency = 1> <II = 1> <Delay = 2.32> <Storage> <Opcode : 'load' 'store'> <Ports = 2> <Width = 32> <Depth = 11> <RAM>
ST_3 : Operation 51 [1/1] (0.00ns)   --->   "%br_ln55 = br void %arrayidx6311.exit" [conv.cpp:55]   --->   Operation 51 'br' 'br_ln55' <Predicate = (select_ln50 == 5)> <Delay = 0.00>
ST_3 : Operation 52 [1/1] (0.00ns)   --->   "%local_weights_4_addr = getelementptr i32 %local_weights_4, i64 0, i64 %zext_ln50" [conv.cpp:50]   --->   Operation 52 'getelementptr' 'local_weights_4_addr' <Predicate = (select_ln50 == 4)> <Delay = 0.00>
ST_3 : Operation 53 [1/1] (2.32ns)   --->   "%store_ln55 = store i32 %bitcast_ln55, i4 %local_weights_4_addr" [conv.cpp:55]   --->   Operation 53 'store' 'store_ln55' <Predicate = (select_ln50 == 4)> <Delay = 2.32> <CoreInst = "RAM">   --->   Core 82 'RAM' <Latency = 1> <II = 1> <Delay = 2.32> <Storage> <Opcode : 'load' 'store'> <Ports = 2> <Width = 32> <Depth = 11> <RAM>
ST_3 : Operation 54 [1/1] (0.00ns)   --->   "%br_ln55 = br void %arrayidx6311.exit" [conv.cpp:55]   --->   Operation 54 'br' 'br_ln55' <Predicate = (select_ln50 == 4)> <Delay = 0.00>
ST_3 : Operation 55 [1/1] (0.00ns)   --->   "%local_weights_3_addr = getelementptr i32 %local_weights_3, i64 0, i64 %zext_ln50" [conv.cpp:50]   --->   Operation 55 'getelementptr' 'local_weights_3_addr' <Predicate = (select_ln50 == 3)> <Delay = 0.00>
ST_3 : Operation 56 [1/1] (2.32ns)   --->   "%store_ln55 = store i32 %bitcast_ln55, i4 %local_weights_3_addr" [conv.cpp:55]   --->   Operation 56 'store' 'store_ln55' <Predicate = (select_ln50 == 3)> <Delay = 2.32> <CoreInst = "RAM">   --->   Core 82 'RAM' <Latency = 1> <II = 1> <Delay = 2.32> <Storage> <Opcode : 'load' 'store'> <Ports = 2> <Width = 32> <Depth = 11> <RAM>
ST_3 : Operation 57 [1/1] (0.00ns)   --->   "%br_ln55 = br void %arrayidx6311.exit" [conv.cpp:55]   --->   Operation 57 'br' 'br_ln55' <Predicate = (select_ln50 == 3)> <Delay = 0.00>
ST_3 : Operation 58 [1/1] (0.00ns)   --->   "%local_weights_2_addr = getelementptr i32 %local_weights_2, i64 0, i64 %zext_ln50" [conv.cpp:50]   --->   Operation 58 'getelementptr' 'local_weights_2_addr' <Predicate = (select_ln50 == 2)> <Delay = 0.00>
ST_3 : Operation 59 [1/1] (2.32ns)   --->   "%store_ln55 = store i32 %bitcast_ln55, i4 %local_weights_2_addr" [conv.cpp:55]   --->   Operation 59 'store' 'store_ln55' <Predicate = (select_ln50 == 2)> <Delay = 2.32> <CoreInst = "RAM">   --->   Core 82 'RAM' <Latency = 1> <II = 1> <Delay = 2.32> <Storage> <Opcode : 'load' 'store'> <Ports = 2> <Width = 32> <Depth = 11> <RAM>
ST_3 : Operation 60 [1/1] (0.00ns)   --->   "%br_ln55 = br void %arrayidx6311.exit" [conv.cpp:55]   --->   Operation 60 'br' 'br_ln55' <Predicate = (select_ln50 == 2)> <Delay = 0.00>
ST_3 : Operation 61 [1/1] (0.00ns)   --->   "%local_weights_1_addr = getelementptr i32 %local_weights_1, i64 0, i64 %zext_ln50" [conv.cpp:50]   --->   Operation 61 'getelementptr' 'local_weights_1_addr' <Predicate = (select_ln50 == 1)> <Delay = 0.00>
ST_3 : Operation 62 [1/1] (2.32ns)   --->   "%store_ln55 = store i32 %bitcast_ln55, i4 %local_weights_1_addr" [conv.cpp:55]   --->   Operation 62 'store' 'store_ln55' <Predicate = (select_ln50 == 1)> <Delay = 2.32> <CoreInst = "RAM">   --->   Core 82 'RAM' <Latency = 1> <II = 1> <Delay = 2.32> <Storage> <Opcode : 'load' 'store'> <Ports = 2> <Width = 32> <Depth = 11> <RAM>
ST_3 : Operation 63 [1/1] (0.00ns)   --->   "%br_ln55 = br void %arrayidx6311.exit" [conv.cpp:55]   --->   Operation 63 'br' 'br_ln55' <Predicate = (select_ln50 == 1)> <Delay = 0.00>
ST_3 : Operation 64 [1/1] (0.00ns)   --->   "%local_weights_addr = getelementptr i32 %local_weights, i64 0, i64 %zext_ln50" [conv.cpp:50]   --->   Operation 64 'getelementptr' 'local_weights_addr' <Predicate = (select_ln50 == 0)> <Delay = 0.00>
ST_3 : Operation 65 [1/1] (2.32ns)   --->   "%store_ln55 = store i32 %bitcast_ln55, i4 %local_weights_addr" [conv.cpp:55]   --->   Operation 65 'store' 'store_ln55' <Predicate = (select_ln50 == 0)> <Delay = 2.32> <CoreInst = "RAM">   --->   Core 82 'RAM' <Latency = 1> <II = 1> <Delay = 2.32> <Storage> <Opcode : 'load' 'store'> <Ports = 2> <Width = 32> <Depth = 11> <RAM>
ST_3 : Operation 66 [1/1] (0.00ns)   --->   "%br_ln55 = br void %arrayidx6311.exit" [conv.cpp:55]   --->   Operation 66 'br' 'br_ln55' <Predicate = (select_ln50 == 0)> <Delay = 0.00>
ST_3 : Operation 67 [1/1] (0.00ns)   --->   "%local_weights_10_addr = getelementptr i32 %local_weights_10, i64 0, i64 %zext_ln50" [conv.cpp:50]   --->   Operation 67 'getelementptr' 'local_weights_10_addr' <Predicate = (select_ln50 == 15) | (select_ln50 == 14) | (select_ln50 == 13) | (select_ln50 == 12) | (select_ln50 == 11) | (select_ln50 == 10)> <Delay = 0.00>
ST_3 : Operation 68 [1/1] (2.32ns)   --->   "%store_ln55 = store i32 %bitcast_ln55, i4 %local_weights_10_addr" [conv.cpp:55]   --->   Operation 68 'store' 'store_ln55' <Predicate = (select_ln50 == 15) | (select_ln50 == 14) | (select_ln50 == 13) | (select_ln50 == 12) | (select_ln50 == 11) | (select_ln50 == 10)> <Delay = 2.32> <CoreInst = "RAM">   --->   Core 82 'RAM' <Latency = 1> <II = 1> <Delay = 2.32> <Storage> <Opcode : 'load' 'store'> <Ports = 2> <Width = 32> <Depth = 11> <RAM>
ST_3 : Operation 69 [1/1] (0.00ns)   --->   "%br_ln55 = br void %arrayidx6311.exit" [conv.cpp:55]   --->   Operation 69 'br' 'br_ln55' <Predicate = (select_ln50 == 15) | (select_ln50 == 14) | (select_ln50 == 13) | (select_ln50 == 12) | (select_ln50 == 11) | (select_ln50 == 10)> <Delay = 0.00>
ST_3 : Operation 70 [1/1] (1.73ns)   --->   "%add_ln52 = add i4 %select_ln50, i4 1" [conv.cpp:52]   --->   Operation 70 'add' 'add_ln52' <Predicate = true> <Delay = 1.73> <CoreInst = "Adder">   --->   Core 1 'Adder' <Latency = 0> <II = 1> <Delay = 1.73> <FuncUnit> <Opcode : 'add' 'sub'> <InPorts = 2> <OutPorts = 1>
ST_3 : Operation 71 [1/1] (1.58ns)   --->   "%store_ln52 = store i4 %select_ln50_1, i4 %kr" [conv.cpp:52]   --->   Operation 71 'store' 'store_ln52' <Predicate = true> <Delay = 1.58>
ST_3 : Operation 72 [1/1] (1.58ns)   --->   "%store_ln52 = store i4 %add_ln52, i4 %kc" [conv.cpp:52]   --->   Operation 72 'store' 'store_ln52' <Predicate = true> <Delay = 1.58>
ST_3 : Operation 73 [1/1] (0.00ns)   --->   "%br_ln52 = br void %for.inc64" [conv.cpp:52]   --->   Operation 73 'br' 'br_ln52' <Predicate = true> <Delay = 0.00>


============================================================
+ Verbose Summary: Binding
============================================================
STG Binding: 
---------------- STG Properties BEGIN ----------------
- Is combinational: 0
- Is one-state seq: 0
- Is datapath-only: 0
- Is pipelined: 0
- Is top level: 0
Port [ Return ] is wired: 1; IO mode=ap_ctrl_hs:ce=0
Port [ mem2]:  wired=1; compound=1; hidden=0; nouse=0; global=0; static=0; extern=0; dir=0; type=4; pingpong=0; private_global=0; IO mode=m_axi:ce=0
Port [ sext_ln37_1]:  wired=1; compound=0; hidden=0; nouse=0; global=0; static=0; extern=0; dir=0; type=0; pingpong=0; private_global=0; IO mode=ap_none:ce=0
Port [ local_weights]:  wired=1; compound=1; hidden=0; nouse=0; global=0; static=0; extern=0; dir=1; type=1; pingpong=0; private_global=0; MemPort=[03]; IO mode=ap_memory:ce=0
Port [ local_weights_10]:  wired=1; compound=1; hidden=0; nouse=0; global=0; static=0; extern=0; dir=1; type=1; pingpong=0; private_global=0; MemPort=[03]; IO mode=ap_memory:ce=0
Port [ local_weights_9]:  wired=1; compound=1; hidden=0; nouse=0; global=0; static=0; extern=0; dir=1; type=1; pingpong=0; private_global=0; MemPort=[03]; IO mode=ap_memory:ce=0
Port [ local_weights_8]:  wired=1; compound=1; hidden=0; nouse=0; global=0; static=0; extern=0; dir=1; type=1; pingpong=0; private_global=0; MemPort=[03]; IO mode=ap_memory:ce=0
Port [ local_weights_7]:  wired=1; compound=1; hidden=0; nouse=0; global=0; static=0; extern=0; dir=1; type=1; pingpong=0; private_global=0; MemPort=[03]; IO mode=ap_memory:ce=0
Port [ local_weights_6]:  wired=1; compound=1; hidden=0; nouse=0; global=0; static=0; extern=0; dir=1; type=1; pingpong=0; private_global=0; MemPort=[03]; IO mode=ap_memory:ce=0
Port [ local_weights_5]:  wired=1; compound=1; hidden=0; nouse=0; global=0; static=0; extern=0; dir=1; type=1; pingpong=0; private_global=0; MemPort=[03]; IO mode=ap_memory:ce=0
Port [ local_weights_4]:  wired=1; compound=1; hidden=0; nouse=0; global=0; static=0; extern=0; dir=1; type=1; pingpong=0; private_global=0; MemPort=[03]; IO mode=ap_memory:ce=0
Port [ local_weights_3]:  wired=1; compound=1; hidden=0; nouse=0; global=0; static=0; extern=0; dir=1; type=1; pingpong=0; private_global=0; MemPort=[03]; IO mode=ap_memory:ce=0
Port [ local_weights_2]:  wired=1; compound=1; hidden=0; nouse=0; global=0; static=0; extern=0; dir=1; type=1; pingpong=0; private_global=0; MemPort=[03]; IO mode=ap_memory:ce=0
Port [ local_weights_1]:  wired=1; compound=1; hidden=0; nouse=0; global=0; static=0; extern=0; dir=1; type=1; pingpong=0; private_global=0; MemPort=[03]; IO mode=ap_memory:ce=0
---------------- STG Properties END ------------------

---------------- Datapath Model BEGIN ----------------

<LifeTime>
<method=bitvector/>
kc                     (alloca           ) [ 0111]
kr                     (alloca           ) [ 0111]
indvar_flatten306      (alloca           ) [ 0100]
sext_ln37_1_read       (read             ) [ 0000]
sext_ln37_1_cast       (sext             ) [ 0110]
specinterface_ln0      (specinterface    ) [ 0000]
store_ln0              (store            ) [ 0000]
store_ln0              (store            ) [ 0000]
store_ln0              (store            ) [ 0000]
br_ln0                 (br               ) [ 0000]
indvar_flatten306_load (load             ) [ 0000]
icmp_ln50              (icmp             ) [ 0110]
add_ln50               (add              ) [ 0000]
br_ln50                (br               ) [ 0000]
store_ln52             (store            ) [ 0000]
specbitsmap_ln0        (specbitsmap      ) [ 0000]
mem2_addr              (getelementptr    ) [ 0000]
mem2_addr_read         (read             ) [ 0101]
kc_load                (load             ) [ 0000]
kr_load                (load             ) [ 0000]
specloopname_ln0       (specloopname     ) [ 0000]
empty                  (speclooptripcount) [ 0000]
icmp_ln52              (icmp             ) [ 0000]
select_ln50            (select           ) [ 0101]
add_ln50_1             (add              ) [ 0000]
select_ln50_1          (select           ) [ 0000]
zext_ln50              (zext             ) [ 0000]
specpipeline_ln54      (specpipeline     ) [ 0000]
specloopname_ln52      (specloopname     ) [ 0000]
bitcast_ln55           (bitcast          ) [ 0000]
switch_ln55            (switch           ) [ 0000]
local_weights_9_addr   (getelementptr    ) [ 0000]
store_ln55             (store            ) [ 0000]
br_ln55                (br               ) [ 0000]
local_weights_8_addr   (getelementptr    ) [ 0000]
store_ln55             (store            ) [ 0000]
br_ln55                (br               ) [ 0000]
local_weights_7_addr   (getelementptr    ) [ 0000]
store_ln55             (store            ) [ 0000]
br_ln55                (br               ) [ 0000]
local_weights_6_addr   (getelementptr    ) [ 0000]
store_ln55             (store            ) [ 0000]
br_ln55                (br               ) [ 0000]
local_weights_5_addr   (getelementptr    ) [ 0000]
store_ln55             (store            ) [ 0000]
br_ln55                (br               ) [ 0000]
local_weights_4_addr   (getelementptr    ) [ 0000]
store_ln55             (store            ) [ 0000]
br_ln55                (br               ) [ 0000]
local_weights_3_addr   (getelementptr    ) [ 0000]
store_ln55             (store            ) [ 0000]
br_ln55                (br               ) [ 0000]
local_weights_2_addr   (getelementptr    ) [ 0000]
store_ln55             (store            ) [ 0000]
br_ln55                (br               ) [ 0000]
local_weights_1_addr   (getelementptr    ) [ 0000]
store_ln55             (store            ) [ 0000]
br_ln55                (br               ) [ 0000]
local_weights_addr     (getelementptr    ) [ 0000]
store_ln55             (store            ) [ 0000]
br_ln55                (br               ) [ 0000]
local_weights_10_addr  (getelementptr    ) [ 0000]
store_ln55             (store            ) [ 0000]
br_ln55                (br               ) [ 0000]
add_ln52               (add              ) [ 0000]
store_ln52             (store            ) [ 0000]
store_ln52             (store            ) [ 0000]
br_ln52                (br               ) [ 0000]
ret_ln0                (ret              ) [ 0000]
</LifeTime>

<model>

<comp_list>
<comp id="0" class="1000" name="mem2">
<pin_list>
<pin id="1" dir="1" index="0" bw="1" slack="0"/>
</pin_list>
<bind>
<StgValue><ssdm name="mem2"/></StgValue>
</bind>
</comp>

<comp id="2" class="1000" name="sext_ln37_1">
<pin_list>
<pin id="3" dir="1" index="0" bw="1" slack="0"/>
</pin_list>
<bind>
<StgValue><ssdm name="sext_ln37_1"/></StgValue>
</bind>
</comp>

<comp id="4" class="1000" name="local_weights">
<pin_list>
<pin id="5" dir="1" index="0" bw="1" slack="0"/>
</pin_list>
<bind>
<StgValue><ssdm name="local_weights"/><MemPortTyVec>0 3 </MemPortTyVec>
</StgValue>
</bind>
</comp>

<comp id="6" class="1000" name="local_weights_10">
<pin_list>
<pin id="7" dir="1" index="0" bw="1" slack="0"/>
</pin_list>
<bind>
<StgValue><ssdm name="local_weights_10"/><MemPortTyVec>0 3 </MemPortTyVec>
</StgValue>
</bind>
</comp>

<comp id="8" class="1000" name="local_weights_9">
<pin_list>
<pin id="9" dir="1" index="0" bw="1" slack="0"/>
</pin_list>
<bind>
<StgValue><ssdm name="local_weights_9"/><MemPortTyVec>0 3 </MemPortTyVec>
</StgValue>
</bind>
</comp>

<comp id="10" class="1000" name="local_weights_8">
<pin_list>
<pin id="11" dir="1" index="0" bw="1" slack="0"/>
</pin_list>
<bind>
<StgValue><ssdm name="local_weights_8"/><MemPortTyVec>0 3 </MemPortTyVec>
</StgValue>
</bind>
</comp>

<comp id="12" class="1000" name="local_weights_7">
<pin_list>
<pin id="13" dir="1" index="0" bw="1" slack="0"/>
</pin_list>
<bind>
<StgValue><ssdm name="local_weights_7"/><MemPortTyVec>0 3 </MemPortTyVec>
</StgValue>
</bind>
</comp>

<comp id="14" class="1000" name="local_weights_6">
<pin_list>
<pin id="15" dir="1" index="0" bw="1" slack="0"/>
</pin_list>
<bind>
<StgValue><ssdm name="local_weights_6"/><MemPortTyVec>0 3 </MemPortTyVec>
</StgValue>
</bind>
</comp>

<comp id="16" class="1000" name="local_weights_5">
<pin_list>
<pin id="17" dir="1" index="0" bw="1" slack="0"/>
</pin_list>
<bind>
<StgValue><ssdm name="local_weights_5"/><MemPortTyVec>0 3 </MemPortTyVec>
</StgValue>
</bind>
</comp>

<comp id="18" class="1000" name="local_weights_4">
<pin_list>
<pin id="19" dir="1" index="0" bw="1" slack="0"/>
</pin_list>
<bind>
<StgValue><ssdm name="local_weights_4"/><MemPortTyVec>0 3 </MemPortTyVec>
</StgValue>
</bind>
</comp>

<comp id="20" class="1000" name="local_weights_3">
<pin_list>
<pin id="21" dir="1" index="0" bw="1" slack="0"/>
</pin_list>
<bind>
<StgValue><ssdm name="local_weights_3"/><MemPortTyVec>0 3 </MemPortTyVec>
</StgValue>
</bind>
</comp>

<comp id="22" class="1000" name="local_weights_2">
<pin_list>
<pin id="23" dir="1" index="0" bw="1" slack="0"/>
</pin_list>
<bind>
<StgValue><ssdm name="local_weights_2"/><MemPortTyVec>0 3 </MemPortTyVec>
</StgValue>
</bind>
</comp>

<comp id="24" class="1000" name="local_weights_1">
<pin_list>
<pin id="25" dir="1" index="0" bw="1" slack="0"/>
</pin_list>
<bind>
<StgValue><ssdm name="local_weights_1"/><MemPortTyVec>0 3 </MemPortTyVec>
</StgValue>
</bind>
</comp>

<comp id="26" class="1001" name="const_26">
<pin_list>
<pin id="27" dir="1" index="0" bw="1" slack="0"/>
</pin_list>
<bind>
<StgValue><ssdm name=""/></StgValue>
</bind>
</comp>

<comp id="28" class="1001" name="const_28">
<pin_list>
<pin id="29" dir="1" index="0" bw="1" slack="0"/>
</pin_list>
<bind>
<StgValue><ssdm name="_ssdm_op_Read.ap_auto.i62"/></StgValue>
</bind>
</comp>

<comp id="30" class="1001" name="const_30">
<pin_list>
<pin id="31" dir="1" index="0" bw="1" slack="2147483647"/>
</pin_list>
<bind>
<StgValue><ssdm name="_ssdm_op_SpecInterface"/></StgValue>
</bind>
</comp>

<comp id="32" class="1001" name="const_32">
<pin_list>
<pin id="33" dir="1" index="0" bw="1" slack="2147483647"/>
</pin_list>
<bind>
<StgValue><ssdm name="empty_2"/></StgValue>
</bind>
</comp>

<comp id="34" class="1001" name="const_34">
<pin_list>
<pin id="35" dir="1" index="0" bw="1" slack="2147483647"/>
</pin_list>
<bind>
<StgValue><ssdm name=""/></StgValue>
</bind>
</comp>

<comp id="36" class="1001" name="const_36">
<pin_list>
<pin id="37" dir="1" index="0" bw="1" slack="2147483647"/>
</pin_list>
<bind>
<StgValue><ssdm name="empty_3"/></StgValue>
</bind>
</comp>

<comp id="38" class="1001" name="const_38">
<pin_list>
<pin id="39" dir="1" index="0" bw="1" slack="2147483647"/>
</pin_list>
<bind>
<StgValue><ssdm name=""/></StgValue>
</bind>
</comp>

<comp id="40" class="1001" name="const_40">
<pin_list>
<pin id="41" dir="1" index="0" bw="1" slack="2147483647"/>
</pin_list>
<bind>
<StgValue><ssdm name="empty_6"/></StgValue>
</bind>
</comp>

<comp id="42" class="1001" name="const_42">
<pin_list>
<pin id="43" dir="1" index="0" bw="1" slack="2147483647"/>
</pin_list>
<bind>
<StgValue><ssdm name="empty_5"/></StgValue>
</bind>
</comp>

<comp id="44" class="1001" name="const_44">
<pin_list>
<pin id="45" dir="1" index="0" bw="1" slack="2147483647"/>
</pin_list>
<bind>
<StgValue><ssdm name=""/></StgValue>
</bind>
</comp>

<comp id="46" class="1001" name="const_46">
<pin_list>
<pin id="47" dir="1" index="0" bw="1" slack="2147483647"/>
</pin_list>
<bind>
<StgValue><ssdm name=""/></StgValue>
</bind>
</comp>

<comp id="48" class="1001" name="const_48">
<pin_list>
<pin id="49" dir="1" index="0" bw="1" slack="0"/>
</pin_list>
<bind>
<StgValue><ssdm name=""/></StgValue>
</bind>
</comp>

<comp id="50" class="1001" name="const_50">
<pin_list>
<pin id="51" dir="1" index="0" bw="1" slack="0"/>
</pin_list>
<bind>
<StgValue><ssdm name=""/></StgValue>
</bind>
</comp>

<comp id="52" class="1001" name="const_52">
<pin_list>
<pin id="53" dir="1" index="0" bw="1" slack="0"/>
</pin_list>
<bind>
<StgValue><ssdm name=""/></StgValue>
</bind>
</comp>

<comp id="54" class="1001" name="const_54">
<pin_list>
<pin id="55" dir="1" index="0" bw="1" slack="0"/>
</pin_list>
<bind>
<StgValue><ssdm name=""/></StgValue>
</bind>
</comp>

<comp id="56" class="1001" name="const_56">
<pin_list>
<pin id="57" dir="1" index="0" bw="1" slack="2147483647"/>
</pin_list>
<bind>
<StgValue><ssdm name="_ssdm_op_SpecBitsMap"/></StgValue>
</bind>
</comp>

<comp id="58" class="1001" name="const_58">
<pin_list>
<pin id="59" dir="1" index="0" bw="1" slack="0"/>
</pin_list>
<bind>
<StgValue><ssdm name="_ssdm_op_Read.m_axi.p1i32"/></StgValue>
</bind>
</comp>

<comp id="60" class="1001" name="const_60">
<pin_list>
<pin id="61" dir="1" index="0" bw="1" slack="2147483647"/>
</pin_list>
<bind>
<StgValue><ssdm name="_ssdm_op_SpecLoopName"/></StgValue>
</bind>
</comp>

<comp id="62" class="1001" name="const_62">
<pin_list>
<pin id="63" dir="1" index="0" bw="1" slack="2147483647"/>
</pin_list>
<bind>
<StgValue><ssdm name="VITIS_LOOP_50_7_VITIS_LOOP_52_8_str"/></StgValue>
</bind>
</comp>

<comp id="64" class="1001" name="const_64">
<pin_list>
<pin id="65" dir="1" index="0" bw="1" slack="2147483647"/>
</pin_list>
<bind>
<StgValue><ssdm name="_ssdm_op_SpecLoopTripCount"/></StgValue>
</bind>
</comp>

<comp id="66" class="1001" name="const_66">
<pin_list>
<pin id="67" dir="1" index="0" bw="1" slack="2147483647"/>
</pin_list>
<bind>
<StgValue><ssdm name=""/></StgValue>
</bind>
</comp>

<comp id="68" class="1001" name="const_68">
<pin_list>
<pin id="69" dir="1" index="0" bw="1" slack="0"/>
</pin_list>
<bind>
<StgValue><ssdm name=""/></StgValue>
</bind>
</comp>

<comp id="70" class="1001" name="const_70">
<pin_list>
<pin id="71" dir="1" index="0" bw="1" slack="0"/>
</pin_list>
<bind>
<StgValue><ssdm name=""/></StgValue>
</bind>
</comp>

<comp id="72" class="1001" name="const_72">
<pin_list>
<pin id="73" dir="1" index="0" bw="1" slack="2147483647"/>
</pin_list>
<bind>
<StgValue><ssdm name="_ssdm_op_SpecPipeline"/></StgValue>
</bind>
</comp>

<comp id="74" class="1001" name="const_74">
<pin_list>
<pin id="75" dir="1" index="0" bw="1" slack="2147483647"/>
</pin_list>
<bind>
<StgValue><ssdm name="empty_13"/></StgValue>
</bind>
</comp>

<comp id="76" class="1001" name="const_76">
<pin_list>
<pin id="77" dir="1" index="0" bw="1" slack="2147483647"/>
</pin_list>
<bind>
<StgValue><ssdm name=""/></StgValue>
</bind>
</comp>

<comp id="78" class="1001" name="const_78">
<pin_list>
<pin id="79" dir="1" index="0" bw="1" slack="2147483647"/>
</pin_list>
<bind>
<StgValue><ssdm name=""/></StgValue>
</bind>
</comp>

<comp id="80" class="1001" name="const_80">
<pin_list>
<pin id="81" dir="1" index="0" bw="1" slack="2147483647"/>
</pin_list>
<bind>
<StgValue><ssdm name=""/></StgValue>
</bind>
</comp>

<comp id="82" class="1001" name="const_82">
<pin_list>
<pin id="83" dir="1" index="0" bw="1" slack="2147483647"/>
</pin_list>
<bind>
<StgValue><ssdm name=""/></StgValue>
</bind>
</comp>

<comp id="84" class="1001" name="const_84">
<pin_list>
<pin id="85" dir="1" index="0" bw="1" slack="2147483647"/>
</pin_list>
<bind>
<StgValue><ssdm name=""/></StgValue>
</bind>
</comp>

<comp id="86" class="1001" name="const_86">
<pin_list>
<pin id="87" dir="1" index="0" bw="1" slack="2147483647"/>
</pin_list>
<bind>
<StgValue><ssdm name=""/></StgValue>
</bind>
</comp>

<comp id="88" class="1001" name="const_88">
<pin_list>
<pin id="89" dir="1" index="0" bw="1" slack="2147483647"/>
</pin_list>
<bind>
<StgValue><ssdm name=""/></StgValue>
</bind>
</comp>

<comp id="90" class="1001" name="const_90">
<pin_list>
<pin id="91" dir="1" index="0" bw="1" slack="2147483647"/>
</pin_list>
<bind>
<StgValue><ssdm name=""/></StgValue>
</bind>
</comp>

<comp id="92" class="1001" name="const_92">
<pin_list>
<pin id="93" dir="1" index="0" bw="1" slack="0"/>
</pin_list>
<bind>
<StgValue><ssdm name=""/></StgValue>
</bind>
</comp>

<comp id="94" class="1004" name="kc_fu_94">
<pin_list>
<pin id="95" dir="0" index="0" bw="1" slack="0"/>
<pin id="96" dir="1" index="1" bw="4" slack="0"/>
</pin_list>
<bind>
<opcode="alloca(26) " fcode="alloca"/>
<opset="kc/1 "/>
</bind>
</comp>

<comp id="98" class="1004" name="kr_fu_98">
<pin_list>
<pin id="99" dir="0" index="0" bw="1" slack="0"/>
<pin id="100" dir="1" index="1" bw="4" slack="0"/>
</pin_list>
<bind>
<opcode="alloca(26) " fcode="alloca"/>
<opset="kr/1 "/>
</bind>
</comp>

<comp id="102" class="1004" name="indvar_flatten306_fu_102">
<pin_list>
<pin id="103" dir="0" index="0" bw="1" slack="0"/>
<pin id="104" dir="1" index="1" bw="7" slack="0"/>
</pin_list>
<bind>
<opcode="alloca(26) " fcode="alloca"/>
<opset="indvar_flatten306/1 "/>
</bind>
</comp>

<comp id="106" class="1004" name="sext_ln37_1_read_read_fu_106">
<pin_list>
<pin id="107" dir="0" index="0" bw="62" slack="0"/>
<pin id="108" dir="0" index="1" bw="62" slack="0"/>
<pin id="109" dir="1" index="2" bw="62" slack="0"/>
</pin_list>
<bind>
<opcode="read(1150) " fcode="read"/>
<opset="sext_ln37_1_read/1 "/>
</bind>
</comp>

<comp id="112" class="1004" name="mem2_addr_read_read_fu_112">
<pin_list>
<pin id="113" dir="0" index="0" bw="32" slack="0"/>
<pin id="114" dir="0" index="1" bw="32" slack="0"/>
<pin id="115" dir="1" index="2" bw="32" slack="1"/>
</pin_list>
<bind>
<opcode="read(1150) " fcode="read"/>
<opset="mem2_addr_read/2 "/>
</bind>
</comp>

<comp id="117" class="1004" name="local_weights_9_addr_gep_fu_117">
<pin_list>
<pin id="118" dir="0" index="0" bw="32" slack="0"/>
<pin id="119" dir="0" index="1" bw="1" slack="0"/>
<pin id="120" dir="0" index="2" bw="4" slack="0"/>
<pin id="121" dir="1" index="3" bw="4" slack="0"/>
</pin_list>
<bind>
<opcode="getelementptr(29) " fcode="getelementptr"/>
<opset="local_weights_9_addr/3 "/>
</bind>
</comp>

<comp id="124" class="1004" name="store_ln55_access_fu_124">
<pin_list>
<pin id="125" dir="0" index="0" bw="4" slack="0"/>
<pin id="126" dir="0" index="1" bw="32" slack="0"/>
<pin id="127" dir="0" index="2" bw="0" slack="2147483647"/>
<pin id="128" dir="1" index="3" bw="32" slack="2147483647"/>
</pin_list>
<bind>
<opcode="store(28) " fcode="store"/>
<opset="store_ln55/3 "/>
</bind>
</comp>

<comp id="130" class="1004" name="local_weights_8_addr_gep_fu_130">
<pin_list>
<pin id="131" dir="0" index="0" bw="32" slack="0"/>
<pin id="132" dir="0" index="1" bw="1" slack="0"/>
<pin id="133" dir="0" index="2" bw="4" slack="0"/>
<pin id="134" dir="1" index="3" bw="4" slack="0"/>
</pin_list>
<bind>
<opcode="getelementptr(29) " fcode="getelementptr"/>
<opset="local_weights_8_addr/3 "/>
</bind>
</comp>

<comp id="137" class="1004" name="store_ln55_access_fu_137">
<pin_list>
<pin id="138" dir="0" index="0" bw="4" slack="0"/>
<pin id="139" dir="0" index="1" bw="32" slack="0"/>
<pin id="140" dir="0" index="2" bw="0" slack="2147483647"/>
<pin id="141" dir="1" index="3" bw="32" slack="2147483647"/>
</pin_list>
<bind>
<opcode="store(28) " fcode="store"/>
<opset="store_ln55/3 "/>
</bind>
</comp>

<comp id="143" class="1004" name="local_weights_7_addr_gep_fu_143">
<pin_list>
<pin id="144" dir="0" index="0" bw="32" slack="0"/>
<pin id="145" dir="0" index="1" bw="1" slack="0"/>
<pin id="146" dir="0" index="2" bw="4" slack="0"/>
<pin id="147" dir="1" index="3" bw="4" slack="0"/>
</pin_list>
<bind>
<opcode="getelementptr(29) " fcode="getelementptr"/>
<opset="local_weights_7_addr/3 "/>
</bind>
</comp>

<comp id="150" class="1004" name="store_ln55_access_fu_150">
<pin_list>
<pin id="151" dir="0" index="0" bw="4" slack="0"/>
<pin id="152" dir="0" index="1" bw="32" slack="0"/>
<pin id="153" dir="0" index="2" bw="0" slack="2147483647"/>
<pin id="154" dir="1" index="3" bw="32" slack="2147483647"/>
</pin_list>
<bind>
<opcode="store(28) " fcode="store"/>
<opset="store_ln55/3 "/>
</bind>
</comp>

<comp id="156" class="1004" name="local_weights_6_addr_gep_fu_156">
<pin_list>
<pin id="157" dir="0" index="0" bw="32" slack="0"/>
<pin id="158" dir="0" index="1" bw="1" slack="0"/>
<pin id="159" dir="0" index="2" bw="4" slack="0"/>
<pin id="160" dir="1" index="3" bw="4" slack="0"/>
</pin_list>
<bind>
<opcode="getelementptr(29) " fcode="getelementptr"/>
<opset="local_weights_6_addr/3 "/>
</bind>
</comp>

<comp id="163" class="1004" name="store_ln55_access_fu_163">
<pin_list>
<pin id="164" dir="0" index="0" bw="4" slack="0"/>
<pin id="165" dir="0" index="1" bw="32" slack="0"/>
<pin id="166" dir="0" index="2" bw="0" slack="2147483647"/>
<pin id="167" dir="1" index="3" bw="32" slack="2147483647"/>
</pin_list>
<bind>
<opcode="store(28) " fcode="store"/>
<opset="store_ln55/3 "/>
</bind>
</comp>

<comp id="169" class="1004" name="local_weights_5_addr_gep_fu_169">
<pin_list>
<pin id="170" dir="0" index="0" bw="32" slack="0"/>
<pin id="171" dir="0" index="1" bw="1" slack="0"/>
<pin id="172" dir="0" index="2" bw="4" slack="0"/>
<pin id="173" dir="1" index="3" bw="4" slack="0"/>
</pin_list>
<bind>
<opcode="getelementptr(29) " fcode="getelementptr"/>
<opset="local_weights_5_addr/3 "/>
</bind>
</comp>

<comp id="176" class="1004" name="store_ln55_access_fu_176">
<pin_list>
<pin id="177" dir="0" index="0" bw="4" slack="0"/>
<pin id="178" dir="0" index="1" bw="32" slack="0"/>
<pin id="179" dir="0" index="2" bw="0" slack="2147483647"/>
<pin id="180" dir="1" index="3" bw="32" slack="2147483647"/>
</pin_list>
<bind>
<opcode="store(28) " fcode="store"/>
<opset="store_ln55/3 "/>
</bind>
</comp>

<comp id="182" class="1004" name="local_weights_4_addr_gep_fu_182">
<pin_list>
<pin id="183" dir="0" index="0" bw="32" slack="0"/>
<pin id="184" dir="0" index="1" bw="1" slack="0"/>
<pin id="185" dir="0" index="2" bw="4" slack="0"/>
<pin id="186" dir="1" index="3" bw="4" slack="0"/>
</pin_list>
<bind>
<opcode="getelementptr(29) " fcode="getelementptr"/>
<opset="local_weights_4_addr/3 "/>
</bind>
</comp>

<comp id="189" class="1004" name="store_ln55_access_fu_189">
<pin_list>
<pin id="190" dir="0" index="0" bw="4" slack="0"/>
<pin id="191" dir="0" index="1" bw="32" slack="0"/>
<pin id="192" dir="0" index="2" bw="0" slack="2147483647"/>
<pin id="193" dir="1" index="3" bw="32" slack="2147483647"/>
</pin_list>
<bind>
<opcode="store(28) " fcode="store"/>
<opset="store_ln55/3 "/>
</bind>
</comp>

<comp id="195" class="1004" name="local_weights_3_addr_gep_fu_195">
<pin_list>
<pin id="196" dir="0" index="0" bw="32" slack="0"/>
<pin id="197" dir="0" index="1" bw="1" slack="0"/>
<pin id="198" dir="0" index="2" bw="4" slack="0"/>
<pin id="199" dir="1" index="3" bw="4" slack="0"/>
</pin_list>
<bind>
<opcode="getelementptr(29) " fcode="getelementptr"/>
<opset="local_weights_3_addr/3 "/>
</bind>
</comp>

<comp id="202" class="1004" name="store_ln55_access_fu_202">
<pin_list>
<pin id="203" dir="0" index="0" bw="4" slack="0"/>
<pin id="204" dir="0" index="1" bw="32" slack="0"/>
<pin id="205" dir="0" index="2" bw="0" slack="2147483647"/>
<pin id="206" dir="1" index="3" bw="32" slack="2147483647"/>
</pin_list>
<bind>
<opcode="store(28) " fcode="store"/>
<opset="store_ln55/3 "/>
</bind>
</comp>

<comp id="208" class="1004" name="local_weights_2_addr_gep_fu_208">
<pin_list>
<pin id="209" dir="0" index="0" bw="32" slack="0"/>
<pin id="210" dir="0" index="1" bw="1" slack="0"/>
<pin id="211" dir="0" index="2" bw="4" slack="0"/>
<pin id="212" dir="1" index="3" bw="4" slack="0"/>
</pin_list>
<bind>
<opcode="getelementptr(29) " fcode="getelementptr"/>
<opset="local_weights_2_addr/3 "/>
</bind>
</comp>

<comp id="215" class="1004" name="store_ln55_access_fu_215">
<pin_list>
<pin id="216" dir="0" index="0" bw="4" slack="0"/>
<pin id="217" dir="0" index="1" bw="32" slack="0"/>
<pin id="218" dir="0" index="2" bw="0" slack="2147483647"/>
<pin id="219" dir="1" index="3" bw="32" slack="2147483647"/>
</pin_list>
<bind>
<opcode="store(28) " fcode="store"/>
<opset="store_ln55/3 "/>
</bind>
</comp>

<comp id="221" class="1004" name="local_weights_1_addr_gep_fu_221">
<pin_list>
<pin id="222" dir="0" index="0" bw="32" slack="0"/>
<pin id="223" dir="0" index="1" bw="1" slack="0"/>
<pin id="224" dir="0" index="2" bw="4" slack="0"/>
<pin id="225" dir="1" index="3" bw="4" slack="0"/>
</pin_list>
<bind>
<opcode="getelementptr(29) " fcode="getelementptr"/>
<opset="local_weights_1_addr/3 "/>
</bind>
</comp>

<comp id="228" class="1004" name="store_ln55_access_fu_228">
<pin_list>
<pin id="229" dir="0" index="0" bw="4" slack="0"/>
<pin id="230" dir="0" index="1" bw="32" slack="0"/>
<pin id="231" dir="0" index="2" bw="0" slack="2147483647"/>
<pin id="232" dir="1" index="3" bw="32" slack="2147483647"/>
</pin_list>
<bind>
<opcode="store(28) " fcode="store"/>
<opset="store_ln55/3 "/>
</bind>
</comp>

<comp id="234" class="1004" name="local_weights_addr_gep_fu_234">
<pin_list>
<pin id="235" dir="0" index="0" bw="32" slack="0"/>
<pin id="236" dir="0" index="1" bw="1" slack="0"/>
<pin id="237" dir="0" index="2" bw="4" slack="0"/>
<pin id="238" dir="1" index="3" bw="4" slack="0"/>
</pin_list>
<bind>
<opcode="getelementptr(29) " fcode="getelementptr"/>
<opset="local_weights_addr/3 "/>
</bind>
</comp>

<comp id="241" class="1004" name="store_ln55_access_fu_241">
<pin_list>
<pin id="242" dir="0" index="0" bw="4" slack="0"/>
<pin id="243" dir="0" index="1" bw="32" slack="0"/>
<pin id="244" dir="0" index="2" bw="0" slack="2147483647"/>
<pin id="245" dir="1" index="3" bw="32" slack="2147483647"/>
</pin_list>
<bind>
<opcode="store(28) " fcode="store"/>
<opset="store_ln55/3 "/>
</bind>
</comp>

<comp id="247" class="1004" name="local_weights_10_addr_gep_fu_247">
<pin_list>
<pin id="248" dir="0" index="0" bw="32" slack="0"/>
<pin id="249" dir="0" index="1" bw="1" slack="0"/>
<pin id="250" dir="0" index="2" bw="4" slack="0"/>
<pin id="251" dir="1" index="3" bw="4" slack="0"/>
</pin_list>
<bind>
<opcode="getelementptr(29) " fcode="getelementptr"/>
<opset="local_weights_10_addr/3 "/>
</bind>
</comp>

<comp id="254" class="1004" name="store_ln55_access_fu_254">
<pin_list>
<pin id="255" dir="0" index="0" bw="4" slack="0"/>
<pin id="256" dir="0" index="1" bw="32" slack="0"/>
<pin id="257" dir="0" index="2" bw="0" slack="2147483647"/>
<pin id="258" dir="1" index="3" bw="32" slack="2147483647"/>
</pin_list>
<bind>
<opcode="store(28) " fcode="store"/>
<opset="store_ln55/3 "/>
</bind>
</comp>

<comp id="260" class="1004" name="sext_ln37_1_cast_fu_260">
<pin_list>
<pin id="261" dir="0" index="0" bw="62" slack="0"/>
<pin id="262" dir="1" index="1" bw="64" slack="1"/>
</pin_list>
<bind>
<opcode="sext(35) " fcode="sext"/>
<opset="sext_ln37_1_cast/1 "/>
</bind>
</comp>

<comp id="264" class="1004" name="store_ln0_store_fu_264">
<pin_list>
<pin id="265" dir="0" index="0" bw="1" slack="0"/>
<pin id="266" dir="0" index="1" bw="7" slack="0"/>
<pin id="267" dir="1" index="2" bw="0" slack="2147483647"/>
</pin_list>
<bind>
<opcode="store(28) " fcode="store"/>
<opset="store_ln0/1 "/>
</bind>
</comp>

<comp id="269" class="1004" name="store_ln0_store_fu_269">
<pin_list>
<pin id="270" dir="0" index="0" bw="1" slack="0"/>
<pin id="271" dir="0" index="1" bw="4" slack="0"/>
<pin id="272" dir="1" index="2" bw="0" slack="2147483647"/>
</pin_list>
<bind>
<opcode="store(28) " fcode="store"/>
<opset="store_ln0/1 "/>
</bind>
</comp>

<comp id="274" class="1004" name="store_ln0_store_fu_274">
<pin_list>
<pin id="275" dir="0" index="0" bw="1" slack="0"/>
<pin id="276" dir="0" index="1" bw="4" slack="0"/>
<pin id="277" dir="1" index="2" bw="0" slack="2147483647"/>
</pin_list>
<bind>
<opcode="store(28) " fcode="store"/>
<opset="store_ln0/1 "/>
</bind>
</comp>

<comp id="279" class="1004" name="indvar_flatten306_load_load_fu_279">
<pin_list>
<pin id="280" dir="0" index="0" bw="7" slack="0"/>
<pin id="281" dir="1" index="1" bw="7" slack="0"/>
</pin_list>
<bind>
<opcode="load(27) " fcode="load"/>
<opset="indvar_flatten306_load/1 "/>
</bind>
</comp>

<comp id="282" class="1004" name="icmp_ln50_fu_282">
<pin_list>
<pin id="283" dir="0" index="0" bw="7" slack="0"/>
<pin id="284" dir="0" index="1" bw="4" slack="0"/>
<pin id="285" dir="1" index="2" bw="1" slack="1"/>
</pin_list>
<bind>
<opcode="icmp(45) " fcode="icmp"/>
<opset="icmp_ln50/1 "/>
</bind>
</comp>

<comp id="288" class="1004" name="add_ln50_fu_288">
<pin_list>
<pin id="289" dir="0" index="0" bw="7" slack="0"/>
<pin id="290" dir="0" index="1" bw="1" slack="0"/>
<pin id="291" dir="1" index="2" bw="7" slack="0"/>
</pin_list>
<bind>
<opcode="add(8) " fcode="add"/>
<opset="add_ln50/1 "/>
</bind>
</comp>

<comp id="294" class="1004" name="store_ln52_store_fu_294">
<pin_list>
<pin id="295" dir="0" index="0" bw="7" slack="0"/>
<pin id="296" dir="0" index="1" bw="7" slack="0"/>
<pin id="297" dir="1" index="2" bw="0" slack="2147483647"/>
</pin_list>
<bind>
<opcode="store(28) " fcode="store"/>
<opset="store_ln52/1 "/>
</bind>
</comp>

<comp id="299" class="1004" name="mem2_addr_fu_299">
<pin_list>
<pin id="300" dir="0" index="0" bw="32" slack="0"/>
<pin id="301" dir="0" index="1" bw="62" slack="1"/>
<pin id="302" dir="1" index="2" bw="32" slack="0"/>
</pin_list>
<bind>
<opcode="getelementptr(29) " fcode="getelementptr"/>
<opset="mem2_addr/2 "/>
</bind>
</comp>

<comp id="305" class="1004" name="kc_load_load_fu_305">
<pin_list>
<pin id="306" dir="0" index="0" bw="4" slack="2"/>
<pin id="307" dir="1" index="1" bw="4" slack="0"/>
</pin_list>
<bind>
<opcode="load(27) " fcode="load"/>
<opset="kc_load/3 "/>
</bind>
</comp>

<comp id="308" class="1004" name="kr_load_load_fu_308">
<pin_list>
<pin id="309" dir="0" index="0" bw="4" slack="2"/>
<pin id="310" dir="1" index="1" bw="4" slack="0"/>
</pin_list>
<bind>
<opcode="load(27) " fcode="load"/>
<opset="kr_load/3 "/>
</bind>
</comp>

<comp id="311" class="1004" name="icmp_ln52_fu_311">
<pin_list>
<pin id="312" dir="0" index="0" bw="4" slack="0"/>
<pin id="313" dir="0" index="1" bw="4" slack="0"/>
<pin id="314" dir="1" index="2" bw="1" slack="0"/>
</pin_list>
<bind>
<opcode="icmp(45) " fcode="icmp"/>
<opset="icmp_ln52/3 "/>
</bind>
</comp>

<comp id="317" class="1004" name="select_ln50_fu_317">
<pin_list>
<pin id="318" dir="0" index="0" bw="1" slack="0"/>
<pin id="319" dir="0" index="1" bw="1" slack="0"/>
<pin id="320" dir="0" index="2" bw="4" slack="0"/>
<pin id="321" dir="1" index="3" bw="4" slack="0"/>
</pin_list>
<bind>
<opcode="select(49) " fcode="select"/>
<opset="select_ln50/3 "/>
</bind>
</comp>

<comp id="325" class="1004" name="add_ln50_1_fu_325">
<pin_list>
<pin id="326" dir="0" index="0" bw="4" slack="0"/>
<pin id="327" dir="0" index="1" bw="1" slack="0"/>
<pin id="328" dir="1" index="2" bw="4" slack="0"/>
</pin_list>
<bind>
<opcode="add(8) " fcode="add"/>
<opset="add_ln50_1/3 "/>
</bind>
</comp>

<comp id="331" class="1004" name="select_ln50_1_fu_331">
<pin_list>
<pin id="332" dir="0" index="0" bw="1" slack="0"/>
<pin id="333" dir="0" index="1" bw="4" slack="0"/>
<pin id="334" dir="0" index="2" bw="4" slack="0"/>
<pin id="335" dir="1" index="3" bw="4" slack="0"/>
</pin_list>
<bind>
<opcode="select(49) " fcode="select"/>
<opset="select_ln50_1/3 "/>
</bind>
</comp>

<comp id="339" class="1004" name="zext_ln50_fu_339">
<pin_list>
<pin id="340" dir="0" index="0" bw="4" slack="0"/>
<pin id="341" dir="1" index="1" bw="64" slack="0"/>
</pin_list>
<bind>
<opcode="zext(34) " fcode="zext"/>
<opset="zext_ln50/3 "/>
</bind>
</comp>

<comp id="354" class="1004" name="bitcast_ln55_fu_354">
<pin_list>
<pin id="355" dir="0" index="0" bw="32" slack="1"/>
<pin id="356" dir="1" index="1" bw="32" slack="0"/>
</pin_list>
<bind>
<opcode="bitcast(44) " fcode="bitcast"/>
<opset="bitcast_ln55/3 "/>
</bind>
</comp>

<comp id="368" class="1004" name="add_ln52_fu_368">
<pin_list>
<pin id="369" dir="0" index="0" bw="4" slack="0"/>
<pin id="370" dir="0" index="1" bw="1" slack="0"/>
<pin id="371" dir="1" index="2" bw="4" slack="0"/>
</pin_list>
<bind>
<opcode="add(8) " fcode="add"/>
<opset="add_ln52/3 "/>
</bind>
</comp>

<comp id="374" class="1004" name="store_ln52_store_fu_374">
<pin_list>
<pin id="375" dir="0" index="0" bw="4" slack="0"/>
<pin id="376" dir="0" index="1" bw="4" slack="2"/>
<pin id="377" dir="1" index="2" bw="0" slack="2147483647"/>
</pin_list>
<bind>
<opcode="store(28) " fcode="store"/>
<opset="store_ln52/3 "/>
</bind>
</comp>

<comp id="379" class="1004" name="store_ln52_store_fu_379">
<pin_list>
<pin id="380" dir="0" index="0" bw="4" slack="0"/>
<pin id="381" dir="0" index="1" bw="4" slack="2"/>
<pin id="382" dir="1" index="2" bw="0" slack="2147483647"/>
</pin_list>
<bind>
<opcode="store(28) " fcode="store"/>
<opset="store_ln52/3 "/>
</bind>
</comp>

<comp id="384" class="1005" name="kc_reg_384">
<pin_list>
<pin id="385" dir="0" index="0" bw="4" slack="0"/>
<pin id="386" dir="1" index="1" bw="4" slack="0"/>
</pin_list>
<bind>
<opset="kc "/>
</bind>
</comp>

<comp id="391" class="1005" name="kr_reg_391">
<pin_list>
<pin id="392" dir="0" index="0" bw="4" slack="0"/>
<pin id="393" dir="1" index="1" bw="4" slack="0"/>
</pin_list>
<bind>
<opset="kr "/>
</bind>
</comp>

<comp id="398" class="1005" name="indvar_flatten306_reg_398">
<pin_list>
<pin id="399" dir="0" index="0" bw="7" slack="0"/>
<pin id="400" dir="1" index="1" bw="7" slack="0"/>
</pin_list>
<bind>
<opset="indvar_flatten306 "/>
</bind>
</comp>

<comp id="405" class="1005" name="sext_ln37_1_cast_reg_405">
<pin_list>
<pin id="406" dir="0" index="0" bw="64" slack="1"/>
<pin id="407" dir="1" index="1" bw="64" slack="1"/>
</pin_list>
<bind>
<opset="sext_ln37_1_cast "/>
</bind>
</comp>

<comp id="410" class="1005" name="icmp_ln50_reg_410">
<pin_list>
<pin id="411" dir="0" index="0" bw="1" slack="1"/>
<pin id="412" dir="1" index="1" bw="1" slack="2147483647"/>
</pin_list>
<bind>
<opset="icmp_ln50 "/>
</bind>
</comp>

<comp id="414" class="1005" name="mem2_addr_read_reg_414">
<pin_list>
<pin id="415" dir="0" index="0" bw="32" slack="1"/>
<pin id="416" dir="1" index="1" bw="32" slack="1"/>
</pin_list>
<bind>
<opset="mem2_addr_read "/>
</bind>
</comp>

</comp_list>

<net_list>
<net id="97"><net_src comp="26" pin="0"/><net_sink comp="94" pin=0"/></net>

<net id="101"><net_src comp="26" pin="0"/><net_sink comp="98" pin=0"/></net>

<net id="105"><net_src comp="26" pin="0"/><net_sink comp="102" pin=0"/></net>

<net id="110"><net_src comp="28" pin="0"/><net_sink comp="106" pin=0"/></net>

<net id="111"><net_src comp="2" pin="0"/><net_sink comp="106" pin=1"/></net>

<net id="116"><net_src comp="58" pin="0"/><net_sink comp="112" pin=0"/></net>

<net id="122"><net_src comp="8" pin="0"/><net_sink comp="117" pin=0"/></net>

<net id="123"><net_src comp="92" pin="0"/><net_sink comp="117" pin=1"/></net>

<net id="129"><net_src comp="117" pin="3"/><net_sink comp="124" pin=0"/></net>

<net id="135"><net_src comp="10" pin="0"/><net_sink comp="130" pin=0"/></net>

<net id="136"><net_src comp="92" pin="0"/><net_sink comp="130" pin=1"/></net>

<net id="142"><net_src comp="130" pin="3"/><net_sink comp="137" pin=0"/></net>

<net id="148"><net_src comp="12" pin="0"/><net_sink comp="143" pin=0"/></net>

<net id="149"><net_src comp="92" pin="0"/><net_sink comp="143" pin=1"/></net>

<net id="155"><net_src comp="143" pin="3"/><net_sink comp="150" pin=0"/></net>

<net id="161"><net_src comp="14" pin="0"/><net_sink comp="156" pin=0"/></net>

<net id="162"><net_src comp="92" pin="0"/><net_sink comp="156" pin=1"/></net>

<net id="168"><net_src comp="156" pin="3"/><net_sink comp="163" pin=0"/></net>

<net id="174"><net_src comp="16" pin="0"/><net_sink comp="169" pin=0"/></net>

<net id="175"><net_src comp="92" pin="0"/><net_sink comp="169" pin=1"/></net>

<net id="181"><net_src comp="169" pin="3"/><net_sink comp="176" pin=0"/></net>

<net id="187"><net_src comp="18" pin="0"/><net_sink comp="182" pin=0"/></net>

<net id="188"><net_src comp="92" pin="0"/><net_sink comp="182" pin=1"/></net>

<net id="194"><net_src comp="182" pin="3"/><net_sink comp="189" pin=0"/></net>

<net id="200"><net_src comp="20" pin="0"/><net_sink comp="195" pin=0"/></net>

<net id="201"><net_src comp="92" pin="0"/><net_sink comp="195" pin=1"/></net>

<net id="207"><net_src comp="195" pin="3"/><net_sink comp="202" pin=0"/></net>

<net id="213"><net_src comp="22" pin="0"/><net_sink comp="208" pin=0"/></net>

<net id="214"><net_src comp="92" pin="0"/><net_sink comp="208" pin=1"/></net>

<net id="220"><net_src comp="208" pin="3"/><net_sink comp="215" pin=0"/></net>

<net id="226"><net_src comp="24" pin="0"/><net_sink comp="221" pin=0"/></net>

<net id="227"><net_src comp="92" pin="0"/><net_sink comp="221" pin=1"/></net>

<net id="233"><net_src comp="221" pin="3"/><net_sink comp="228" pin=0"/></net>

<net id="239"><net_src comp="4" pin="0"/><net_sink comp="234" pin=0"/></net>

<net id="240"><net_src comp="92" pin="0"/><net_sink comp="234" pin=1"/></net>

<net id="246"><net_src comp="234" pin="3"/><net_sink comp="241" pin=0"/></net>

<net id="252"><net_src comp="6" pin="0"/><net_sink comp="247" pin=0"/></net>

<net id="253"><net_src comp="92" pin="0"/><net_sink comp="247" pin=1"/></net>

<net id="259"><net_src comp="247" pin="3"/><net_sink comp="254" pin=0"/></net>

<net id="263"><net_src comp="106" pin="2"/><net_sink comp="260" pin=0"/></net>

<net id="268"><net_src comp="48" pin="0"/><net_sink comp="264" pin=0"/></net>

<net id="273"><net_src comp="50" pin="0"/><net_sink comp="269" pin=0"/></net>

<net id="278"><net_src comp="50" pin="0"/><net_sink comp="274" pin=0"/></net>

<net id="286"><net_src comp="279" pin="1"/><net_sink comp="282" pin=0"/></net>

<net id="287"><net_src comp="52" pin="0"/><net_sink comp="282" pin=1"/></net>

<net id="292"><net_src comp="279" pin="1"/><net_sink comp="288" pin=0"/></net>

<net id="293"><net_src comp="54" pin="0"/><net_sink comp="288" pin=1"/></net>

<net id="298"><net_src comp="288" pin="2"/><net_sink comp="294" pin=0"/></net>

<net id="303"><net_src comp="0" pin="0"/><net_sink comp="299" pin=0"/></net>

<net id="304"><net_src comp="299" pin="2"/><net_sink comp="112" pin=1"/></net>

<net id="315"><net_src comp="305" pin="1"/><net_sink comp="311" pin=0"/></net>

<net id="316"><net_src comp="68" pin="0"/><net_sink comp="311" pin=1"/></net>

<net id="322"><net_src comp="311" pin="2"/><net_sink comp="317" pin=0"/></net>

<net id="323"><net_src comp="50" pin="0"/><net_sink comp="317" pin=1"/></net>

<net id="324"><net_src comp="305" pin="1"/><net_sink comp="317" pin=2"/></net>

<net id="329"><net_src comp="308" pin="1"/><net_sink comp="325" pin=0"/></net>

<net id="330"><net_src comp="70" pin="0"/><net_sink comp="325" pin=1"/></net>

<net id="336"><net_src comp="311" pin="2"/><net_sink comp="331" pin=0"/></net>

<net id="337"><net_src comp="325" pin="2"/><net_sink comp="331" pin=1"/></net>

<net id="338"><net_src comp="308" pin="1"/><net_sink comp="331" pin=2"/></net>

<net id="342"><net_src comp="331" pin="3"/><net_sink comp="339" pin=0"/></net>

<net id="343"><net_src comp="339" pin="1"/><net_sink comp="117" pin=2"/></net>

<net id="344"><net_src comp="339" pin="1"/><net_sink comp="130" pin=2"/></net>

<net id="345"><net_src comp="339" pin="1"/><net_sink comp="143" pin=2"/></net>

<net id="346"><net_src comp="339" pin="1"/><net_sink comp="156" pin=2"/></net>

<net id="347"><net_src comp="339" pin="1"/><net_sink comp="169" pin=2"/></net>

<net id="348"><net_src comp="339" pin="1"/><net_sink comp="182" pin=2"/></net>

<net id="349"><net_src comp="339" pin="1"/><net_sink comp="195" pin=2"/></net>

<net id="350"><net_src comp="339" pin="1"/><net_sink comp="208" pin=2"/></net>

<net id="351"><net_src comp="339" pin="1"/><net_sink comp="221" pin=2"/></net>

<net id="352"><net_src comp="339" pin="1"/><net_sink comp="234" pin=2"/></net>

<net id="353"><net_src comp="339" pin="1"/><net_sink comp="247" pin=2"/></net>

<net id="357"><net_src comp="354" pin="1"/><net_sink comp="124" pin=1"/></net>

<net id="358"><net_src comp="354" pin="1"/><net_sink comp="137" pin=1"/></net>

<net id="359"><net_src comp="354" pin="1"/><net_sink comp="150" pin=1"/></net>

<net id="360"><net_src comp="354" pin="1"/><net_sink comp="163" pin=1"/></net>

<net id="361"><net_src comp="354" pin="1"/><net_sink comp="176" pin=1"/></net>

<net id="362"><net_src comp="354" pin="1"/><net_sink comp="189" pin=1"/></net>

<net id="363"><net_src comp="354" pin="1"/><net_sink comp="202" pin=1"/></net>

<net id="364"><net_src comp="354" pin="1"/><net_sink comp="215" pin=1"/></net>

<net id="365"><net_src comp="354" pin="1"/><net_sink comp="228" pin=1"/></net>

<net id="366"><net_src comp="354" pin="1"/><net_sink comp="241" pin=1"/></net>

<net id="367"><net_src comp="354" pin="1"/><net_sink comp="254" pin=1"/></net>

<net id="372"><net_src comp="317" pin="3"/><net_sink comp="368" pin=0"/></net>

<net id="373"><net_src comp="70" pin="0"/><net_sink comp="368" pin=1"/></net>

<net id="378"><net_src comp="331" pin="3"/><net_sink comp="374" pin=0"/></net>

<net id="383"><net_src comp="368" pin="2"/><net_sink comp="379" pin=0"/></net>

<net id="387"><net_src comp="94" pin="1"/><net_sink comp="384" pin=0"/></net>

<net id="388"><net_src comp="384" pin="1"/><net_sink comp="274" pin=1"/></net>

<net id="389"><net_src comp="384" pin="1"/><net_sink comp="305" pin=0"/></net>

<net id="390"><net_src comp="384" pin="1"/><net_sink comp="379" pin=1"/></net>

<net id="394"><net_src comp="98" pin="1"/><net_sink comp="391" pin=0"/></net>

<net id="395"><net_src comp="391" pin="1"/><net_sink comp="269" pin=1"/></net>

<net id="396"><net_src comp="391" pin="1"/><net_sink comp="308" pin=0"/></net>

<net id="397"><net_src comp="391" pin="1"/><net_sink comp="374" pin=1"/></net>

<net id="401"><net_src comp="102" pin="1"/><net_sink comp="398" pin=0"/></net>

<net id="402"><net_src comp="398" pin="1"/><net_sink comp="264" pin=1"/></net>

<net id="403"><net_src comp="398" pin="1"/><net_sink comp="279" pin=0"/></net>

<net id="404"><net_src comp="398" pin="1"/><net_sink comp="294" pin=1"/></net>

<net id="408"><net_src comp="260" pin="1"/><net_sink comp="405" pin=0"/></net>

<net id="409"><net_src comp="405" pin="1"/><net_sink comp="299" pin=1"/></net>

<net id="413"><net_src comp="282" pin="2"/><net_sink comp="410" pin=0"/></net>

<net id="417"><net_src comp="112" pin="2"/><net_sink comp="414" pin=0"/></net>

<net id="418"><net_src comp="414" pin="1"/><net_sink comp="354" pin=0"/></net>

</net_list>

</model> 
---------------- Datapath Model END ------------------

* FSMD analyzer results:
  - Output states:
	Port: local_weights | {3 }
	Port: local_weights_10 | {3 }
	Port: local_weights_9 | {3 }
	Port: local_weights_8 | {3 }
	Port: local_weights_7 | {3 }
	Port: local_weights_6 | {3 }
	Port: local_weights_5 | {3 }
	Port: local_weights_4 | {3 }
	Port: local_weights_3 | {3 }
	Port: local_weights_2 | {3 }
	Port: local_weights_1 | {3 }
 - Input state : 
	Port: conv_Pipeline_VITIS_LOOP_50_7_VITIS_LOOP_52_8 : mem2 | {2 }
	Port: conv_Pipeline_VITIS_LOOP_50_7_VITIS_LOOP_52_8 : sext_ln37_1 | {1 }
  - Chain level:
	State 1
		store_ln0 : 1
		store_ln0 : 1
		store_ln0 : 1
		indvar_flatten306_load : 1
		icmp_ln50 : 2
		add_ln50 : 2
		br_ln50 : 3
		store_ln52 : 3
	State 2
		mem2_addr_read : 1
	State 3
		icmp_ln52 : 1
		select_ln50 : 2
		add_ln50_1 : 1
		select_ln50_1 : 2
		zext_ln50 : 3
		switch_ln55 : 3
		local_weights_9_addr : 4
		store_ln55 : 5
		local_weights_8_addr : 4
		store_ln55 : 5
		local_weights_7_addr : 4
		store_ln55 : 5
		local_weights_6_addr : 4
		store_ln55 : 5
		local_weights_5_addr : 4
		store_ln55 : 5
		local_weights_4_addr : 4
		store_ln55 : 5
		local_weights_3_addr : 4
		store_ln55 : 5
		local_weights_2_addr : 4
		store_ln55 : 5
		local_weights_1_addr : 4
		store_ln55 : 5
		local_weights_addr : 4
		store_ln55 : 5
		local_weights_10_addr : 4
		store_ln55 : 5
		add_ln52 : 3
		store_ln52 : 3
		store_ln52 : 4


============================================================
+ Verbose Summary: Datapath Resource usage 
============================================================

* Functional unit list:
|----------|------------------------------|---------|---------|
| Operation|        Functional Unit       |    FF   |   LUT   |
|----------|------------------------------|---------|---------|
|          |        add_ln50_fu_288       |    0    |    14   |
|    add   |       add_ln50_1_fu_325      |    0    |    13   |
|          |        add_ln52_fu_368       |    0    |    13   |
|----------|------------------------------|---------|---------|
|   icmp   |       icmp_ln50_fu_282       |    0    |    10   |
|          |       icmp_ln52_fu_311       |    0    |    9    |
|----------|------------------------------|---------|---------|
|  select  |      select_ln50_fu_317      |    0    |    4    |
|          |     select_ln50_1_fu_331     |    0    |    4    |
|----------|------------------------------|---------|---------|
|   read   | sext_ln37_1_read_read_fu_106 |    0    |    0    |
|          |  mem2_addr_read_read_fu_112  |    0    |    0    |
|----------|------------------------------|---------|---------|
|   sext   |    sext_ln37_1_cast_fu_260   |    0    |    0    |
|----------|------------------------------|---------|---------|
|   zext   |       zext_ln50_fu_339       |    0    |    0    |
|----------|------------------------------|---------|---------|
|   Total  |                              |    0    |    67   |
|----------|------------------------------|---------|---------|

Memories:
N/A

* Register list:
+-------------------------+--------+
|                         |   FF   |
+-------------------------+--------+
|    icmp_ln50_reg_410    |    1   |
|indvar_flatten306_reg_398|    7   |
|        kc_reg_384       |    4   |
|        kr_reg_391       |    4   |
|  mem2_addr_read_reg_414 |   32   |
| sext_ln37_1_cast_reg_405|   64   |
+-------------------------+--------+
|          Total          |   112  |
+-------------------------+--------+

* Multiplexer (MUX) list: 
|--------|------|------|------|--------|
|  Comp  |  Pin | Size |  BW  | S x BW |
|--------|------|------|------|--------|
|  Total |      |      |      |    0   |
|--------|------|------|------|--------|



* Summary:
+-----------+--------+--------+
|           |   FF   |   LUT  |
+-----------+--------+--------+
|  Function |    0   |   67   |
|   Memory  |    -   |    -   |
|Multiplexer|    -   |    -   |
|  Register |   112  |    -   |
+-----------+--------+--------+
|   Total   |   112  |   67   |
+-----------+--------+--------+
