

================================================================
== Vitis HLS Report for 'conv_Pipeline_VITIS_LOOP_31_1_VITIS_LOOP_32_2_VITIS_LOOP_33_3'
================================================================
* Date:           Wed Oct  7 01:14:36 2026

* Version:        2022.2 (Build 3670227 on Oct 13 2022)
* Project:        vitis.prj
* Solution:       solution1 (Vivado IP Flow Target)
* Product family: zynq
* Target device:  xc7z020-clg400-1


================================================================
== Performance Estimates
================================================================
+ Timing: 
    * Summary: 
    +--------+----------+----------+------------+
    |  Clock |  Target  | Estimated| Uncertainty|
    +--------+----------+----------+------------+
    |ap_clk  |  10.00 ns|  7.005 ns|     2.70 ns|
    +--------+----------+----------+------------+

+ Latency: 
    * Summary: 
    +---------+---------+----------+----------+--------+--------+---------+
    |  Latency (cycles) |  Latency (absolute) |     Interval    | Pipeline|
    |   min   |   max   |    min   |    max   |   min  |   max  |   Type  |
    +---------+---------+----------+----------+--------+--------+---------+
    |   193605|   193605|  1.936 ms|  1.936 ms|  193605|  193605|       no|
    +---------+---------+----------+----------+--------+--------+---------+

    + Detail: 
        * Instance: 
        N/A

        * Loop: 
        +---------------------------------------------------+---------+---------+----------+-----------+-----------+--------+----------+
        |                                                   |  Latency (cycles) | Iteration|  Initiation Interval  |  Trip  |          |
        |                     Loop Name                     |   min   |   max   |  Latency |  achieved |   target  |  Count | Pipelined|
        +---------------------------------------------------+---------+---------+----------+-----------+-----------+--------+----------+
        |- VITIS_LOOP_31_1_VITIS_LOOP_32_2_VITIS_LOOP_33_3  |   193603|   193603|         5|          1|          1|  193600|       yes|
        +---------------------------------------------------+---------+---------+----------+-----------+-----------+--------+----------+

============================================================
+ Verbose Summary: Synthesis Manager
============================================================
InlineROM: 1
ExposeGlobal: 0
============================================================
+ Verbose Summary: CDFG Model
============================================================
IsTopModel: 0
ResetActiveHigh: 1
IsCombinational: 0
IsDatapathOnly: 0
HasWiredReturn: 1
HasMFsm: 2
HasVarLatency: 1
IsPipeline: 0
IsRtlPipelined: 0
IsInstanceOverlapped: 0
IsDontTouch: 0
HasImplIP: 0
IsGatedGlobalClock: 0

+ Individual pipeline summary: 
  * Pipeline-0: initiation interval (II) = 1, depth = 6


============================================================
+ Verbose Summary: Schedule
============================================================
* Number of FSM states : 6
* Pipeline : 1
  Pipeline-0 : II = 1, D = 6, States = { 1 2 3 4 5 6 }
* Dataflow Pipeline: 0

* FSM state transitions: 
1 --> 2 
2 --> 3 
3 --> 4 
4 --> 5 
5 --> 6 
6 --> 

* FSM state operations: 

State 1 <SV = 0> <Delay = 1.58>
ST_1 : Operation 8 [1/1] (0.00ns)   --->   "%z = alloca i32 1"   --->   Operation 8 'alloca' 'z' <Predicate = true> <Delay = 0.00>
ST_1 : Operation 9 [1/1] (0.00ns)   --->   "%y = alloca i32 1"   --->   Operation 9 'alloca' 'y' <Predicate = true> <Delay = 0.00>
ST_1 : Operation 10 [1/1] (0.00ns)   --->   "%indvar_flatten = alloca i32 1"   --->   Operation 10 'alloca' 'indvar_flatten' <Predicate = true> <Delay = 0.00>
ST_1 : Operation 11 [1/1] (0.00ns)   --->   "%x = alloca i32 1"   --->   Operation 11 'alloca' 'x' <Predicate = true> <Delay = 0.00>
ST_1 : Operation 12 [1/1] (0.00ns)   --->   "%indvar_flatten14 = alloca i32 1"   --->   Operation 12 'alloca' 'indvar_flatten14' <Predicate = true> <Delay = 0.00>
ST_1 : Operation 13 [1/1] (0.00ns)   --->   "%specinterface_ln0 = specinterface void @_ssdm_op_SpecInterface, i32 %output_fm, void @empty_4, i32 0, i32 0, void @empty, i32 4294967295, i32 0, void @empty, void @empty, void @empty, i32 0, i32 0, i32 0, i32 0, void @empty, void @empty, i32 4294967295, i32 0"   --->   Operation 13 'specinterface' 'specinterface_ln0' <Predicate = true> <Delay = 0.00>
ST_1 : Operation 14 [1/1] (0.00ns)   --->   "%specinterface_ln0 = specinterface void @_ssdm_op_SpecInterface, i32 %biases, void @empty_4, i32 0, i32 0, void @empty, i32 4294967295, i32 0, void @empty, void @empty, void @empty, i32 0, i32 0, i32 0, i32 0, void @empty, void @empty, i32 4294967295, i32 0"   --->   Operation 14 'specinterface' 'specinterface_ln0' <Predicate = true> <Delay = 0.00>
ST_1 : Operation 15 [1/1] (1.58ns)   --->   "%store_ln0 = store i18 0, i18 %indvar_flatten14"   --->   Operation 15 'store' 'store_ln0' <Predicate = true> <Delay = 1.58>
ST_1 : Operation 16 [1/1] (1.58ns)   --->   "%store_ln0 = store i7 0, i7 %x"   --->   Operation 16 'store' 'store_ln0' <Predicate = true> <Delay = 1.58>
ST_1 : Operation 17 [1/1] (1.58ns)   --->   "%store_ln0 = store i12 0, i12 %indvar_flatten"   --->   Operation 17 'store' 'store_ln0' <Predicate = true> <Delay = 1.58>
ST_1 : Operation 18 [1/1] (1.58ns)   --->   "%store_ln0 = store i6 0, i6 %y"   --->   Operation 18 'store' 'store_ln0' <Predicate = true> <Delay = 1.58>
ST_1 : Operation 19 [1/1] (1.58ns)   --->   "%store_ln0 = store i6 0, i6 %z"   --->   Operation 19 'store' 'store_ln0' <Predicate = true> <Delay = 1.58>
ST_1 : Operation 20 [1/1] (0.00ns)   --->   "%br_ln0 = br void %for.inc"   --->   Operation 20 'br' 'br_ln0' <Predicate = true> <Delay = 0.00>

State 2 <SV = 1> <Delay = 4.57>
ST_2 : Operation 21 [1/1] (0.00ns)   --->   "%indvar_flatten14_load = load i18 %indvar_flatten14" [conv.cpp:31]   --->   Operation 21 'load' 'indvar_flatten14_load' <Predicate = true> <Delay = 0.00>
ST_2 : Operation 22 [1/1] (0.00ns)   --->   "%specpipeline_ln0 = specpipeline void @_ssdm_op_SpecPipeline, i32 4294967295, i32 0, i32 1, i32 0, void @p_str"   --->   Operation 22 'specpipeline' 'specpipeline_ln0' <Predicate = true> <Delay = 0.00>
ST_2 : Operation 23 [1/1] (2.43ns)   --->   "%icmp_ln31 = icmp_eq  i18 %indvar_flatten14_load, i18 193600" [conv.cpp:31]   --->   Operation 23 'icmp' 'icmp_ln31' <Predicate = true> <Delay = 2.43> <CoreInst = "Cmp">   --->   Core 9 'Cmp' <Latency = 0> <II = 1> <Delay = 2.43> <FuncUnit> <Opcode : 'icmp'> <InPorts = 2> <OutPorts = 1>
ST_2 : Operation 24 [1/1] (2.13ns)   --->   "%add_ln31_1 = add i18 %indvar_flatten14_load, i18 1" [conv.cpp:31]   --->   Operation 24 'add' 'add_ln31_1' <Predicate = true> <Delay = 2.13> <CoreInst = "Adder">   --->   Core 1 'Adder' <Latency = 0> <II = 1> <Delay = 2.13> <FuncUnit> <Opcode : 'add' 'sub'> <InPorts = 2> <OutPorts = 1>
ST_2 : Operation 25 [1/1] (0.00ns)   --->   "%br_ln31 = br i1 %icmp_ln31, void %for.inc16, void %VITIS_LOOP_48_8.preheader.exitStub" [conv.cpp:31]   --->   Operation 25 'br' 'br_ln31' <Predicate = true> <Delay = 0.00>
ST_2 : Operation 26 [1/1] (0.00ns)   --->   "%indvar_flatten_load = load i12 %indvar_flatten" [conv.cpp:32]   --->   Operation 26 'load' 'indvar_flatten_load' <Predicate = (!icmp_ln31)> <Delay = 0.00>
ST_2 : Operation 27 [1/1] (0.00ns)   --->   "%x_load = load i7 %x" [conv.cpp:31]   --->   Operation 27 'load' 'x_load' <Predicate = (!icmp_ln31)> <Delay = 0.00>
ST_2 : Operation 28 [1/1] (1.87ns)   --->   "%add_ln31 = add i7 %x_load, i7 1" [conv.cpp:31]   --->   Operation 28 'add' 'add_ln31' <Predicate = (!icmp_ln31)> <Delay = 1.87> <CoreInst = "Adder">   --->   Core 1 'Adder' <Latency = 0> <II = 1> <Delay = 1.87> <FuncUnit> <Opcode : 'add' 'sub'> <InPorts = 2> <OutPorts = 1>
ST_2 : Operation 29 [1/1] (1.99ns)   --->   "%icmp_ln32 = icmp_eq  i12 %indvar_flatten_load, i12 3025" [conv.cpp:32]   --->   Operation 29 'icmp' 'icmp_ln32' <Predicate = (!icmp_ln31)> <Delay = 1.99> <CoreInst = "Cmp">   --->   Core 9 'Cmp' <Latency = 0> <II = 1> <Delay = 1.99> <FuncUnit> <Opcode : 'icmp'> <InPorts = 2> <OutPorts = 1>
ST_2 : Operation 30 [1/1] (0.99ns)   --->   "%select_ln31_1 = select i1 %icmp_ln32, i7 %add_ln31, i7 %x_load" [conv.cpp:31]   --->   Operation 30 'select' 'select_ln31_1' <Predicate = (!icmp_ln31)> <Delay = 0.99> <CoreInst = "Sel">   --->   Core 73 'Sel' <Latency = 0> <II = 1> <Delay = 0.99> <FuncUnit> <Opcode : 'select'> <InPorts = 3> <OutPorts = 1>
ST_2 : Operation 31 [1/1] (1.54ns)   --->   "%add_ln32_1 = add i12 %indvar_flatten_load, i12 1" [conv.cpp:32]   --->   Operation 31 'add' 'add_ln32_1' <Predicate = (!icmp_ln31)> <Delay = 1.54> <CoreInst = "Adder">   --->   Core 1 'Adder' <Latency = 0> <II = 1> <Delay = 1.54> <FuncUnit> <Opcode : 'add' 'sub'> <InPorts = 2> <OutPorts = 1>
ST_2 : Operation 32 [1/1] (0.69ns)   --->   "%select_ln32_2 = select i1 %icmp_ln32, i12 1, i12 %add_ln32_1" [conv.cpp:32]   --->   Operation 32 'select' 'select_ln32_2' <Predicate = (!icmp_ln31)> <Delay = 0.69> <CoreInst = "Sel">   --->   Core 73 'Sel' <Latency = 0> <II = 1> <Delay = 0.69> <FuncUnit> <Opcode : 'select'> <InPorts = 3> <OutPorts = 1>
ST_2 : Operation 33 [1/1] (1.58ns)   --->   "%store_ln33 = store i18 %add_ln31_1, i18 %indvar_flatten14" [conv.cpp:33]   --->   Operation 33 'store' 'store_ln33' <Predicate = (!icmp_ln31)> <Delay = 1.58>
ST_2 : Operation 34 [1/1] (1.58ns)   --->   "%store_ln33 = store i7 %select_ln31_1, i7 %x" [conv.cpp:33]   --->   Operation 34 'store' 'store_ln33' <Predicate = (!icmp_ln31)> <Delay = 1.58>
ST_2 : Operation 35 [1/1] (1.58ns)   --->   "%store_ln33 = store i12 %select_ln32_2, i12 %indvar_flatten" [conv.cpp:33]   --->   Operation 35 'store' 'store_ln33' <Predicate = (!icmp_ln31)> <Delay = 1.58>

State 3 <SV = 2> <Delay = 7.00>
ST_3 : Operation 36 [1/1] (0.00ns)   --->   "%z_load = load i6 %z" [conv.cpp:33]   --->   Operation 36 'load' 'z_load' <Predicate = true> <Delay = 0.00>
ST_3 : Operation 37 [1/1] (0.00ns)   --->   "%y_load = load i6 %y" [conv.cpp:31]   --->   Operation 37 'load' 'y_load' <Predicate = (!icmp_ln32)> <Delay = 0.00>
ST_3 : Operation 38 [1/1] (1.18ns)   --->   "%select_ln31 = select i1 %icmp_ln32, i6 0, i6 %y_load" [conv.cpp:31]   --->   Operation 38 'select' 'select_ln31' <Predicate = true> <Delay = 1.18> <CoreInst = "Sel">   --->   Core 73 'Sel' <Latency = 0> <II = 1> <Delay = 1.18> <FuncUnit> <Opcode : 'select'> <InPorts = 3> <OutPorts = 1>
ST_3 : Operation 39 [1/1] (0.00ns)   --->   "%zext_ln34 = zext i7 %select_ln31_1" [conv.cpp:34]   --->   Operation 39 'zext' 'zext_ln34' <Predicate = true> <Delay = 0.00>
ST_3 : Operation 40 [1/1] (3.74ns)   --->   "%mul_ln34 = mul i13 %zext_ln34, i13 55" [conv.cpp:34]   --->   Operation 40 'mul' 'mul_ln34' <Predicate = true> <Delay = 3.74> <CoreInst = "Multiplier">   --->   Core 3 'Multiplier' <Latency = 0> <II = 1> <Delay = 3.74> <FuncUnit> <Opcode : 'mul'> <InPorts = 2> <OutPorts = 1>
ST_3 : Operation 41 [1/1] (0.00ns) (grouped into LUT with out node and_ln31)   --->   "%xor_ln31 = xor i1 %icmp_ln32, i1 1" [conv.cpp:31]   --->   Operation 41 'xor' 'xor_ln31' <Predicate = true> <Delay = 0.00> <CoreInst = "LogicGate">   --->   Core 74 'LogicGate' <Latency = 0> <II = 1> <Delay = 0.97> <FuncUnit> <Opcode : 'and' 'or' 'xor'> <InPorts = 2> <OutPorts = 1>
ST_3 : Operation 42 [1/1] (1.42ns)   --->   "%icmp_ln33 = icmp_eq  i6 %z_load, i6 55" [conv.cpp:33]   --->   Operation 42 'icmp' 'icmp_ln33' <Predicate = true> <Delay = 1.42> <CoreInst = "Cmp">   --->   Core 9 'Cmp' <Latency = 0> <II = 1> <Delay = 1.42> <FuncUnit> <Opcode : 'icmp'> <InPorts = 2> <OutPorts = 1>
ST_3 : Operation 43 [1/1] (0.97ns) (out node of the LUT)   --->   "%and_ln31 = and i1 %icmp_ln33, i1 %xor_ln31" [conv.cpp:31]   --->   Operation 43 'and' 'and_ln31' <Predicate = true> <Delay = 0.97> <CoreInst = "LogicGate">   --->   Core 74 'LogicGate' <Latency = 0> <II = 1> <Delay = 0.97> <FuncUnit> <Opcode : 'and' 'or' 'xor'> <InPorts = 2> <OutPorts = 1>
ST_3 : Operation 44 [1/1] (1.82ns)   --->   "%add_ln32 = add i6 %select_ln31, i6 1" [conv.cpp:32]   --->   Operation 44 'add' 'add_ln32' <Predicate = true> <Delay = 1.82> <CoreInst = "Adder">   --->   Core 1 'Adder' <Latency = 0> <II = 1> <Delay = 1.82> <FuncUnit> <Opcode : 'add' 'sub'> <InPorts = 2> <OutPorts = 1>
ST_3 : Operation 45 [1/1] (0.00ns) (grouped into LUT with out node select_ln32)   --->   "%or_ln32 = or i1 %and_ln31, i1 %icmp_ln32" [conv.cpp:32]   --->   Operation 45 'or' 'or_ln32' <Predicate = true> <Delay = 0.00> <CoreInst = "LogicGate">   --->   Core 74 'LogicGate' <Latency = 0> <II = 1> <Delay = 0.97> <FuncUnit> <Opcode : 'and' 'or' 'xor'> <InPorts = 2> <OutPorts = 1>
ST_3 : Operation 46 [1/1] (1.18ns) (out node of the LUT)   --->   "%select_ln32 = select i1 %or_ln32, i6 0, i6 %z_load" [conv.cpp:32]   --->   Operation 46 'select' 'select_ln32' <Predicate = true> <Delay = 1.18> <CoreInst = "Sel">   --->   Core 73 'Sel' <Latency = 0> <II = 1> <Delay = 1.18> <FuncUnit> <Opcode : 'select'> <InPorts = 3> <OutPorts = 1>
ST_3 : Operation 47 [1/1] (1.18ns)   --->   "%select_ln32_1 = select i1 %and_ln31, i6 %add_ln32, i6 %select_ln31" [conv.cpp:32]   --->   Operation 47 'select' 'select_ln32_1' <Predicate = true> <Delay = 1.18> <CoreInst = "Sel">   --->   Core 73 'Sel' <Latency = 0> <II = 1> <Delay = 1.18> <FuncUnit> <Opcode : 'select'> <InPorts = 3> <OutPorts = 1>
ST_3 : Operation 48 [1/1] (0.00ns)   --->   "%zext_ln34_1 = zext i6 %select_ln32_1" [conv.cpp:34]   --->   Operation 48 'zext' 'zext_ln34_1' <Predicate = true> <Delay = 0.00>
ST_3 : Operation 49 [1/1] (1.65ns) (grouped into DSP with root node add_ln34_1)   --->   "%add_ln34 = add i13 %mul_ln34, i13 %zext_ln34_1" [conv.cpp:34]   --->   Operation 49 'add' 'add_ln34' <Predicate = true> <Delay = 1.65> <CoreInst = "DSP48">   --->   Core 119 'DSP48' <Latency = 3> <II = 1> <Delay = 2.15> <IPBlock> <Opcode : 'mul' 'add' 'sub' 'select'> <InPorts = 0> <OutPorts = 1> <Sync> <CReg>
ST_3 : Operation 50 [1/1] (0.00ns) (grouped into DSP with root node add_ln34_1)   --->   "%add_ln34_cast = zext i13 %add_ln34" [conv.cpp:34]   --->   Operation 50 'zext' 'add_ln34_cast' <Predicate = true> <Delay = 0.00>
ST_3 : Operation 51 [3/3] (1.05ns) (grouped into DSP with root node add_ln34_1)   --->   "%mul_ln34_1 = mul i18 %add_ln34_cast, i18 55" [conv.cpp:34]   --->   Operation 51 'mul' 'mul_ln34_1' <Predicate = true> <Delay = 1.05> <CoreInst = "DSP48">   --->   Core 119 'DSP48' <Latency = 3> <II = 1> <Delay = 2.15> <IPBlock> <Opcode : 'mul' 'add' 'sub' 'select'> <InPorts = 0> <OutPorts = 1> <Sync> <CReg>
ST_3 : Operation 52 [1/1] (1.82ns)   --->   "%add_ln33 = add i6 %select_ln32, i6 1" [conv.cpp:33]   --->   Operation 52 'add' 'add_ln33' <Predicate = true> <Delay = 1.82> <CoreInst = "Adder">   --->   Core 1 'Adder' <Latency = 0> <II = 1> <Delay = 1.82> <FuncUnit> <Opcode : 'add' 'sub'> <InPorts = 2> <OutPorts = 1>
ST_3 : Operation 53 [1/1] (1.58ns)   --->   "%store_ln33 = store i6 %select_ln32_1, i6 %y" [conv.cpp:33]   --->   Operation 53 'store' 'store_ln33' <Predicate = true> <Delay = 1.58>
ST_3 : Operation 54 [1/1] (1.58ns)   --->   "%store_ln33 = store i6 %add_ln33, i6 %z" [conv.cpp:33]   --->   Operation 54 'store' 'store_ln33' <Predicate = true> <Delay = 1.58>

State 4 <SV = 3> <Delay = 1.05>
ST_4 : Operation 55 [2/3] (1.05ns) (grouped into DSP with root node add_ln34_1)   --->   "%mul_ln34_1 = mul i18 %add_ln34_cast, i18 55" [conv.cpp:34]   --->   Operation 55 'mul' 'mul_ln34_1' <Predicate = true> <Delay = 1.05> <CoreInst = "DSP48">   --->   Core 119 'DSP48' <Latency = 3> <II = 1> <Delay = 2.15> <IPBlock> <Opcode : 'mul' 'add' 'sub' 'select'> <InPorts = 0> <OutPorts = 1> <Sync> <CReg>

State 5 <SV = 4> <Delay = 3.25>
ST_5 : Operation 56 [1/1] (0.00ns)   --->   "%zext_ln31 = zext i7 %select_ln31_1" [conv.cpp:31]   --->   Operation 56 'zext' 'zext_ln31' <Predicate = true> <Delay = 0.00>
ST_5 : Operation 57 [1/1] (0.00ns)   --->   "%biases_addr = getelementptr i32 %biases, i64 0, i64 %zext_ln31" [conv.cpp:31]   --->   Operation 57 'getelementptr' 'biases_addr' <Predicate = true> <Delay = 0.00>
ST_5 : Operation 58 [2/2] (3.25ns)   --->   "%biases_load = load i6 %biases_addr" [conv.cpp:31]   --->   Operation 58 'load' 'biases_load' <Predicate = true> <Delay = 3.25> <CoreInst = "RAM">   --->   Core 82 'RAM' <Latency = 1> <II = 1> <Delay = 3.25> <Storage> <Opcode : 'load' 'store'> <Ports = 2> <Width = 32> <Depth = 64> <RAM>
ST_5 : Operation 59 [1/3] (0.00ns) (grouped into DSP with root node add_ln34_1)   --->   "%mul_ln34_1 = mul i18 %add_ln34_cast, i18 55" [conv.cpp:34]   --->   Operation 59 'mul' 'mul_ln34_1' <Predicate = true> <Delay = 0.00> <CoreInst = "DSP48">   --->   Core 119 'DSP48' <Latency = 3> <II = 1> <Delay = 2.15> <IPBlock> <Opcode : 'mul' 'add' 'sub' 'select'> <InPorts = 0> <OutPorts = 1> <Sync> <CReg>
ST_5 : Operation 60 [1/1] (0.00ns)   --->   "%zext_ln34_2 = zext i6 %select_ln32" [conv.cpp:34]   --->   Operation 60 'zext' 'zext_ln34_2' <Predicate = true> <Delay = 0.00>
ST_5 : Operation 61 [2/2] (2.10ns) (root node of the DSP)   --->   "%add_ln34_1 = add i18 %mul_ln34_1, i18 %zext_ln34_2" [conv.cpp:34]   --->   Operation 61 'add' 'add_ln34_1' <Predicate = true> <Delay = 2.10> <CoreInst = "DSP48">   --->   Core 119 'DSP48' <Latency = 3> <II = 1> <Delay = 2.15> <IPBlock> <Opcode : 'mul' 'add' 'sub' 'select'> <InPorts = 0> <OutPorts = 1> <Sync> <CReg>
ST_5 : Operation 74 [1/1] (0.00ns)   --->   "%ret_ln0 = ret"   --->   Operation 74 'ret' 'ret_ln0' <Predicate = (icmp_ln31)> <Delay = 0.00>

State 6 <SV = 5> <Delay = 6.50>
ST_6 : Operation 62 [1/1] (0.00ns)   --->   "%specloopname_ln0 = specloopname void @_ssdm_op_SpecLoopName, void @VITIS_LOOP_31_1_VITIS_LOOP_32_2_VITIS_LOOP_33_3_str"   --->   Operation 62 'specloopname' 'specloopname_ln0' <Predicate = true> <Delay = 0.00>
ST_6 : Operation 63 [1/1] (0.00ns)   --->   "%empty = speclooptripcount i32 @_ssdm_op_SpecLoopTripCount, i64 193600, i64 193600, i64 193600"   --->   Operation 63 'speclooptripcount' 'empty' <Predicate = true> <Delay = 0.00>
ST_6 : Operation 64 [1/2] (3.25ns)   --->   "%biases_load = load i6 %biases_addr" [conv.cpp:31]   --->   Operation 64 'load' 'biases_load' <Predicate = true> <Delay = 3.25> <CoreInst = "RAM">   --->   Core 82 'RAM' <Latency = 1> <II = 1> <Delay = 3.25> <Storage> <Opcode : 'load' 'store'> <Ports = 2> <Width = 32> <Depth = 64> <RAM>
ST_6 : Operation 65 [1/1] (0.00ns)   --->   "%specpipeline_ln0 = specpipeline void @_ssdm_op_SpecPipeline, i32 4294967295, i32 0, i32 1, i32 0, void @p_str"   --->   Operation 65 'specpipeline' 'specpipeline_ln0' <Predicate = true> <Delay = 0.00>
ST_6 : Operation 66 [1/1] (0.00ns)   --->   "%specloopname_ln0 = specloopname void @_ssdm_op_SpecLoopName, void @VITIS_LOOP_32_2_VITIS_LOOP_33_3_str"   --->   Operation 66 'specloopname' 'specloopname_ln0' <Predicate = true> <Delay = 0.00>
ST_6 : Operation 67 [1/1] (0.00ns)   --->   "%specpipeline_ln0 = specpipeline void @_ssdm_op_SpecPipeline, i32 4294967295, i32 0, i32 1, i32 0, void @p_str"   --->   Operation 67 'specpipeline' 'specpipeline_ln0' <Predicate = true> <Delay = 0.00>
ST_6 : Operation 68 [1/2] (2.10ns) (root node of the DSP)   --->   "%add_ln34_1 = add i18 %mul_ln34_1, i18 %zext_ln34_2" [conv.cpp:34]   --->   Operation 68 'add' 'add_ln34_1' <Predicate = true> <Delay = 2.10> <CoreInst = "DSP48">   --->   Core 119 'DSP48' <Latency = 3> <II = 1> <Delay = 2.15> <IPBlock> <Opcode : 'mul' 'add' 'sub' 'select'> <InPorts = 0> <OutPorts = 1> <Sync> <CReg>
ST_6 : Operation 69 [1/1] (0.00ns)   --->   "%zext_ln34_3 = zext i18 %add_ln34_1" [conv.cpp:34]   --->   Operation 69 'zext' 'zext_ln34_3' <Predicate = true> <Delay = 0.00>
ST_6 : Operation 70 [1/1] (0.00ns)   --->   "%output_fm_addr = getelementptr i32 %output_fm, i64 0, i64 %zext_ln34_3" [conv.cpp:34]   --->   Operation 70 'getelementptr' 'output_fm_addr' <Predicate = true> <Delay = 0.00>
ST_6 : Operation 71 [1/1] (0.00ns)   --->   "%specloopname_ln30 = specloopname void @_ssdm_op_SpecLoopName, void @empty_3" [conv.cpp:30]   --->   Operation 71 'specloopname' 'specloopname_ln30' <Predicate = true> <Delay = 0.00>
ST_6 : Operation 72 [1/1] (3.25ns)   --->   "%store_ln34 = store i32 %biases_load, i18 %output_fm_addr" [conv.cpp:34]   --->   Operation 72 'store' 'store_ln34' <Predicate = true> <Delay = 3.25> <CoreInst = "RAM">   --->   Core 82 'RAM' <Latency = 1> <II = 1> <Delay = 3.25> <Storage> <Opcode : 'load' 'store'> <Ports = 2> <Width = 32> <Depth = 193600> <RAM>
ST_6 : Operation 73 [1/1] (0.00ns)   --->   "%br_ln33 = br void %for.inc" [conv.cpp:33]   --->   Operation 73 'br' 'br_ln33' <Predicate = true> <Delay = 0.00>


============================================================
+ Verbose Summary: Timing violations
============================================================
Target clock period: 10ns, clock uncertainty: 2.7ns.

 <State 1>: 1.59ns
The critical path consists of the following:
	'alloca' operation ('indvar_flatten14') [7]  (0 ns)
	'store' operation ('store_ln0') of constant 0 on local variable 'indvar_flatten14' [10]  (1.59 ns)

 <State 2>: 4.57ns
The critical path consists of the following:
	'load' operation ('indvar_flatten_load', conv.cpp:32) on local variable 'indvar_flatten' [25]  (0 ns)
	'icmp' operation ('icmp_ln32', conv.cpp:32) [30]  (1.99 ns)
	'select' operation ('select_ln31_1', conv.cpp:31) [32]  (0.993 ns)
	'store' operation ('store_ln33', conv.cpp:33) of variable 'select_ln31_1', conv.cpp:31 on local variable 'x' [62]  (1.59 ns)

 <State 3>: 7.01ns
The critical path consists of the following:
	'load' operation ('z_load', conv.cpp:33) on local variable 'z' [23]  (0 ns)
	'icmp' operation ('icmp_ln33', conv.cpp:33) [40]  (1.43 ns)
	'and' operation ('and_ln31', conv.cpp:31) [41]  (0.978 ns)
	'or' operation ('or_ln32', conv.cpp:32) [44]  (0 ns)
	'select' operation ('select_ln32', conv.cpp:32) [45]  (1.19 ns)
	'add' operation ('add_ln33', conv.cpp:33) [58]  (1.83 ns)
	'store' operation ('store_ln33', conv.cpp:33) of variable 'add_ln33', conv.cpp:33 on local variable 'z' [65]  (1.59 ns)

 <State 4>: 1.05ns
The critical path consists of the following:
	'mul' operation of DSP[53] ('mul_ln34_1', conv.cpp:34) [50]  (1.05 ns)

 <State 5>: 3.25ns
The critical path consists of the following:
	'getelementptr' operation ('biases_addr', conv.cpp:31) [36]  (0 ns)
	'load' operation ('biases_load', conv.cpp:31) on array 'biases' [37]  (3.25 ns)

 <State 6>: 6.51ns
The critical path consists of the following:
	'load' operation ('biases_load', conv.cpp:31) on array 'biases' [37]  (3.25 ns)
	'store' operation ('store_ln34', conv.cpp:34) of variable 'biases_load', conv.cpp:31 on array 'output_fm' [57]  (3.25 ns)


============================================================
+ Verbose Summary: Binding
============================================================
N/A
* FSMD analyzer results:
  - Output states:
 - Input state : 
  - Chain level:
	State 1
	State 2
	State 3
	State 4
	State 5
	State 6


============================================================
+ Verbose Summary: Datapath Resource usage 
============================================================
N/A
