

================================================================
== Vitis HLS Report for 'conv_Pipeline_VITIS_LOOP_61_10_VITIS_LOOP_62_11_VITIS_LOOP_63_12'
================================================================
* Date:           Wed Oct  7 01:14:41 2026

* Version:        2022.2 (Build 3670227 on Oct 13 2022)
* Project:        vitis.prj
* Solution:       solution1 (Vivado IP Flow Target)
* Product family: zynq
* Target device:  xc7z020-clg400-1


================================================================
== Performance Estimates
================================================================
+ Timing: 
    * Summary: 
    +--------+----------+----------+------------+
    |  Clock |  Target  | Estimated| Uncertainty|
    +--------+----------+----------+------------+
    |ap_clk  |  10.00 ns|  7.005 ns|     2.70 ns|
    +--------+----------+----------+------------+

+ Latency: 
    * Summary: 
    +---------+---------+----------+----------+--------+--------+---------+
    |  Latency (cycles) |  Latency (absolute) |     Interval    | Pipeline|
    |   min   |   max   |    min   |    max   |   min  |   max  |   Type  |
    +---------+---------+----------+----------+--------+--------+---------+
    |   193609|   193609|  1.936 ms|  1.936 ms|  193609|  193609|       no|
    +---------+---------+----------+----------+--------+--------+---------+

    + Detail: 
        * Instance: 
        N/A

        * Loop: 
        +------------------------------------------------------+---------+---------+----------+-----------+-----------+--------+----------+
        |                                                      |  Latency (cycles) | Iteration|  Initiation Interval  |  Trip  |          |
        |                       Loop Name                      |   min   |   max   |  Latency |  achieved |   target  |  Count | Pipelined|
        +------------------------------------------------------+---------+---------+----------+-----------+-----------+--------+----------+
        |- VITIS_LOOP_61_10_VITIS_LOOP_62_11_VITIS_LOOP_63_12  |   193607|   193607|         9|          1|          1|  193600|       yes|
        +------------------------------------------------------+---------+---------+----------+-----------+-----------+--------+----------+



================================================================
== Utilization Estimates
================================================================
* Summary: 
+-----------------+---------+-----+--------+-------+-----+
|       Name      | BRAM_18K| DSP |   FF   |  LUT  | URAM|
+-----------------+---------+-----+--------+-------+-----+
|DSP              |        -|    1|       -|      -|    -|
|Expression       |        -|    -|       0|    189|    -|
|FIFO             |        -|    -|       -|      -|    -|
|Instance         |        -|    0|       0|     33|    -|
|Memory           |        -|    -|       -|      -|    -|
|Multiplexer      |        -|    -|       -|     72|    -|
|Register         |        -|    -|     206|     32|    -|
+-----------------+---------+-----+--------+-------+-----+
|Total            |        0|    1|     206|    326|    0|
+-----------------+---------+-----+--------+-------+-----+
|Available        |      280|  220|  106400|  53200|    0|
+-----------------+---------+-----+--------+-------+-----+
|Utilization (%)  |        0|   ~0|      ~0|     ~0|    0|
+-----------------+---------+-----+--------+-------+-----+

+ Detail: 
    * Instance: 
    +---------------------------------+-----------------------------+---------+----+---+----+-----+
    |             Instance            |            Module           | BRAM_18K| DSP| FF| LUT| URAM|
    +---------------------------------+-----------------------------+---------+----+---+----+-----+
    |fcmp_32ns_32ns_1_2_no_dsp_1_U75  |fcmp_32ns_32ns_1_2_no_dsp_1  |        0|   0|  0|   0|    0|
    |mul_7ns_7ns_13_1_1_U76           |mul_7ns_7ns_13_1_1           |        0|   0|  0|  33|    0|
    +---------------------------------+-----------------------------+---------+----+---+----+-----+
    |Total                            |                             |        0|   0|  0|  33|    0|
    +---------------------------------+-----------------------------+---------+----+---+----+-----+

    * DSP: 
    +-------------------------------------------+---------------------------------------+---------------------+
    |                  Instance                 |                 Module                |      Expression     |
    +-------------------------------------------+---------------------------------------+---------------------+
    |ama_addmuladd_13ns_6ns_6ns_6ns_18_4_1_U77  |ama_addmuladd_13ns_6ns_6ns_6ns_18_4_1  |  (i0 + i1) * i2 + i3|
    +-------------------------------------------+---------------------------------------+---------------------+

    * Memory: 
    N/A

    * FIFO: 
    N/A

    * Expression: 
    +-------------------------+----------+----+---+----+------------+------------+
    |      Variable Name      | Operation| DSP| FF| LUT| Bitwidth P0| Bitwidth P1|
    +-------------------------+----------+----+---+----+------------+------------+
    |add_ln61_1_fu_152_p2     |         +|   0|  0|  25|          18|           1|
    |add_ln61_fu_161_p2       |         +|   0|  0|  14|           7|           1|
    |add_ln62_1_fu_181_p2     |         +|   0|  0|  12|          12|           1|
    |add_ln62_fu_249_p2       |         +|   0|  0|  14|           6|           1|
    |add_ln63_fu_280_p2       |         +|   0|  0|  14|           6|           1|
    |and_ln61_fu_243_p2       |       and|   0|  0|   2|           1|           1|
    |and_ln64_fu_337_p2       |       and|   0|  0|   2|           1|           1|
    |icmp_ln61_fu_146_p2      |      icmp|   0|  0|  13|          18|          18|
    |icmp_ln62_fu_167_p2      |      icmp|   0|  0|  12|          12|          12|
    |icmp_ln63_fu_237_p2      |      icmp|   0|  0|  10|           6|           5|
    |icmp_ln64_1_fu_323_p2    |      icmp|   0|  0|  15|          23|           1|
    |icmp_ln64_fu_317_p2      |      icmp|   0|  0|  11|           8|           2|
    |or_ln62_fu_255_p2        |        or|   0|  0|   2|           1|           1|
    |or_ln64_fu_333_p2        |        or|   0|  0|   2|           1|           1|
    |select_ln61_1_fu_173_p3  |    select|   0|  0|   7|           1|           7|
    |select_ln61_fu_216_p3    |    select|   0|  0|   6|           1|           1|
    |select_ln62_1_fu_268_p3  |    select|   0|  0|   6|           1|           6|
    |select_ln62_2_fu_187_p3  |    select|   0|  0|  12|           1|           1|
    |select_ln62_fu_260_p3    |    select|   0|  0|   6|           1|           1|
    |ap_enable_pp0            |       xor|   0|  0|   2|           1|           2|
    |xor_ln61_fu_232_p2       |       xor|   0|  0|   2|           1|           2|
    +-------------------------+----------+----+---+----+------------+------------+
    |Total                    |          |   0|  0| 189|         127|          67|
    +-------------------------+----------+----+---+----+------------+------------+

    * Multiplexer: 
    +-------------------------+----+-----------+-----+-----------+
    |           Name          | LUT| Input Size| Bits| Total Bits|
    +-------------------------+----+-----------+-----+-----------+
    |ap_done_int              |   9|          2|    1|          2|
    |ap_enable_reg_pp0_iter1  |   9|          2|    1|          2|
    |ap_enable_reg_pp0_iter2  |   9|          2|    1|          2|
    |indvar_flatten74_fu_80   |   9|          2|   12|         24|
    |indvar_flatten88_fu_88   |   9|          2|   18|         36|
    |x_fu_84                  |   9|          2|    7|         14|
    |y_fu_76                  |   9|          2|    6|         12|
    |z_fu_72                  |   9|          2|    6|         12|
    +-------------------------+----+-----------+-----+-----------+
    |Total                    |  72|         16|   52|        104|
    +-------------------------+----+-----------+-----+-----------+

    * Register: 
    +-----------------------------------+----+----+-----+-----------+
    |                Name               | FF | LUT| Bits| Const Bits|
    +-----------------------------------+----+----+-----+-----------+
    |and_ln64_reg_441                   |   1|   0|    1|          0|
    |ap_CS_fsm                          |   1|   0|    1|          0|
    |ap_done_reg                        |   1|   0|    1|          0|
    |ap_enable_reg_pp0_iter1            |   1|   0|    1|          0|
    |ap_enable_reg_pp0_iter2            |   1|   0|    1|          0|
    |ap_enable_reg_pp0_iter3            |   1|   0|    1|          0|
    |ap_enable_reg_pp0_iter4            |   1|   0|    1|          0|
    |ap_enable_reg_pp0_iter5            |   1|   0|    1|          0|
    |ap_enable_reg_pp0_iter6            |   1|   0|    1|          0|
    |ap_enable_reg_pp0_iter7            |   1|   0|    1|          0|
    |ap_enable_reg_pp0_iter8            |   1|   0|    1|          0|
    |ap_enable_reg_pp0_iter9            |   1|   0|    1|          0|
    |ap_loop_exit_ready_pp0_iter2_reg   |   1|   0|    1|          0|
    |ap_loop_exit_ready_pp0_iter3_reg   |   1|   0|    1|          0|
    |ap_loop_exit_ready_pp0_iter4_reg   |   1|   0|    1|          0|
    |ap_loop_exit_ready_pp0_iter5_reg   |   1|   0|    1|          0|
    |ap_loop_exit_ready_pp0_iter6_reg   |   1|   0|    1|          0|
    |ap_loop_exit_ready_pp0_iter7_reg   |   1|   0|    1|          0|
    |ap_loop_exit_ready_pp0_iter8_reg   |   1|   0|    1|          0|
    |icmp_ln62_reg_393                  |   1|   0|    1|          0|
    |icmp_ln64_1_reg_431                |   1|   0|    1|          0|
    |icmp_ln64_1_reg_431_pp0_iter7_reg  |   1|   0|    1|          0|
    |icmp_ln64_reg_426                  |   1|   0|    1|          0|
    |icmp_ln64_reg_426_pp0_iter7_reg    |   1|   0|    1|          0|
    |indvar_flatten74_fu_80             |  12|   0|   12|          0|
    |indvar_flatten88_fu_88             |  18|   0|   18|          0|
    |output_fm_addr_reg_415             |  18|   0|   18|          0|
    |output_fm_load_reg_421             |  32|   0|   32|          0|
    |select_ln61_1_reg_400              |   7|   0|    7|          0|
    |select_ln62_reg_405                |   6|   0|    6|          0|
    |select_ln62_reg_405_pp0_iter3_reg  |   6|   0|    6|          0|
    |x_fu_84                            |   7|   0|    7|          0|
    |y_fu_76                            |   6|   0|    6|          0|
    |z_fu_72                            |   6|   0|    6|          0|
    |output_fm_addr_reg_415             |  64|  32|   18|          0|
    +-----------------------------------+----+----+-----+-----------+
    |Total                              | 206|  32|  160|          0|
    +-----------------------------------+----+----+-----+-----------+



================================================================
== Interface
================================================================
* Summary: 
+--------------------+-----+-----+------------+------------------------------------------------------------------+--------------+
|      RTL Ports     | Dir | Bits|  Protocol  |                           Source Object                          |    C Type    |
+--------------------+-----+-----+------------+------------------------------------------------------------------+--------------+
|ap_clk              |   in|    1|  ap_ctrl_hs|  conv_Pipeline_VITIS_LOOP_61_10_VITIS_LOOP_62_11_VITIS_LOOP_63_12|  return value|
|ap_rst              |   in|    1|  ap_ctrl_hs|  conv_Pipeline_VITIS_LOOP_61_10_VITIS_LOOP_62_11_VITIS_LOOP_63_12|  return value|
|ap_start            |   in|    1|  ap_ctrl_hs|  conv_Pipeline_VITIS_LOOP_61_10_VITIS_LOOP_62_11_VITIS_LOOP_63_12|  return value|
|ap_done             |  out|    1|  ap_ctrl_hs|  conv_Pipeline_VITIS_LOOP_61_10_VITIS_LOOP_62_11_VITIS_LOOP_63_12|  return value|
|ap_idle             |  out|    1|  ap_ctrl_hs|  conv_Pipeline_VITIS_LOOP_61_10_VITIS_LOOP_62_11_VITIS_LOOP_63_12|  return value|
|ap_ready            |  out|    1|  ap_ctrl_hs|  conv_Pipeline_VITIS_LOOP_61_10_VITIS_LOOP_62_11_VITIS_LOOP_63_12|  return value|
|output_fm_address0  |  out|   18|   ap_memory|                                                         output_fm|         array|
|output_fm_ce0       |  out|    1|   ap_memory|                                                         output_fm|         array|
|output_fm_we0       |  out|    1|   ap_memory|                                                         output_fm|         array|
|output_fm_d0        |  out|   32|   ap_memory|                                                         output_fm|         array|
|output_fm_address1  |  out|   18|   ap_memory|                                                         output_fm|         array|
|output_fm_ce1       |  out|    1|   ap_memory|                                                         output_fm|         array|
|output_fm_q1        |   in|   32|   ap_memory|                                                         output_fm|         array|
+--------------------+-----+-----+------------+------------------------------------------------------------------+--------------+

============================================================
+ Verbose Summary: Synthesis Manager
============================================================
InlineROM: 1
ExposeGlobal: 0
============================================================
+ Verbose Summary: CDFG Model
============================================================
IsTopModel: 0
ResetActiveHigh: 1
IsCombinational: 2
IsDatapathOnly: 2
HasWiredReturn: 1
HasMFsm: 2
HasVarLatency: 1
IsPipeline: 0
IsRtlPipelined: 0
IsInstanceOverlapped: 0
IsDontTouch: 0
HasImplIP: 0
IsGatedGlobalClock: 0

+ Individual pipeline summary: 
  * Pipeline-0: initiation interval (II) = 1, depth = 10


============================================================
+ Verbose Summary: Schedule
============================================================
* Number of FSM states : 10
* Pipeline : 1
  Pipeline-0 : II = 1, D = 10, States = { 1 2 3 4 5 6 7 8 9 10 }
* Dataflow Pipeline: 0

* FSM state transitions: 
1 --> 2 
2 --> 3 
3 --> 4 
4 --> 5 
5 --> 6 
6 --> 7 
7 --> 8 
8 --> 9 
9 --> 10 
10 --> 

* FSM state operations: 

State 1 <SV = 0> <Delay = 1.58>
ST_1 : Operation 12 [1/1] (0.00ns)   --->   "%z = alloca i32 1"   --->   Operation 12 'alloca' 'z' <Predicate = true> <Delay = 0.00>
ST_1 : Operation 13 [1/1] (0.00ns)   --->   "%y = alloca i32 1"   --->   Operation 13 'alloca' 'y' <Predicate = true> <Delay = 0.00>
ST_1 : Operation 14 [1/1] (0.00ns)   --->   "%indvar_flatten74 = alloca i32 1"   --->   Operation 14 'alloca' 'indvar_flatten74' <Predicate = true> <Delay = 0.00>
ST_1 : Operation 15 [1/1] (0.00ns)   --->   "%x = alloca i32 1"   --->   Operation 15 'alloca' 'x' <Predicate = true> <Delay = 0.00>
ST_1 : Operation 16 [1/1] (0.00ns)   --->   "%indvar_flatten88 = alloca i32 1"   --->   Operation 16 'alloca' 'indvar_flatten88' <Predicate = true> <Delay = 0.00>
ST_1 : Operation 17 [1/1] (0.00ns)   --->   "%specinterface_ln0 = specinterface void @_ssdm_op_SpecInterface, i32 %output_fm, void @empty_4, i32 0, i32 0, void @empty, i32 4294967295, i32 0, void @empty, void @empty, void @empty, i32 0, i32 0, i32 0, i32 0, void @empty, void @empty, i32 4294967295, i32 0"   --->   Operation 17 'specinterface' 'specinterface_ln0' <Predicate = true> <Delay = 0.00>
ST_1 : Operation 18 [1/1] (1.58ns)   --->   "%store_ln0 = store i18 0, i18 %indvar_flatten88"   --->   Operation 18 'store' 'store_ln0' <Predicate = true> <Delay = 1.58>
ST_1 : Operation 19 [1/1] (1.58ns)   --->   "%store_ln0 = store i7 0, i7 %x"   --->   Operation 19 'store' 'store_ln0' <Predicate = true> <Delay = 1.58>
ST_1 : Operation 20 [1/1] (1.58ns)   --->   "%store_ln0 = store i12 0, i12 %indvar_flatten74"   --->   Operation 20 'store' 'store_ln0' <Predicate = true> <Delay = 1.58>
ST_1 : Operation 21 [1/1] (1.58ns)   --->   "%store_ln0 = store i6 0, i6 %y"   --->   Operation 21 'store' 'store_ln0' <Predicate = true> <Delay = 1.58>
ST_1 : Operation 22 [1/1] (1.58ns)   --->   "%store_ln0 = store i6 0, i6 %z"   --->   Operation 22 'store' 'store_ln0' <Predicate = true> <Delay = 1.58>
ST_1 : Operation 23 [1/1] (0.00ns)   --->   "%br_ln0 = br void %for.body89"   --->   Operation 23 'br' 'br_ln0' <Predicate = true> <Delay = 0.00>

State 2 <SV = 1> <Delay = 4.57>
ST_2 : Operation 24 [1/1] (0.00ns)   --->   "%indvar_flatten74_load = load i12 %indvar_flatten74" [conv.cpp:62]   --->   Operation 24 'load' 'indvar_flatten74_load' <Predicate = true> <Delay = 0.00>
ST_2 : Operation 25 [1/1] (0.00ns)   --->   "%indvar_flatten88_load = load i18 %indvar_flatten88" [conv.cpp:61]   --->   Operation 25 'load' 'indvar_flatten88_load' <Predicate = true> <Delay = 0.00>
ST_2 : Operation 26 [1/1] (0.00ns)   --->   "%specpipeline_ln0 = specpipeline void @_ssdm_op_SpecPipeline, i32 4294967295, i32 0, i32 1, i32 0, void @p_str"   --->   Operation 26 'specpipeline' 'specpipeline_ln0' <Predicate = true> <Delay = 0.00>
ST_2 : Operation 27 [1/1] (2.43ns)   --->   "%icmp_ln61 = icmp_eq  i18 %indvar_flatten88_load, i18 193600" [conv.cpp:61]   --->   Operation 27 'icmp' 'icmp_ln61' <Predicate = true> <Delay = 2.43> <CoreInst = "Cmp">   --->   Core 9 'Cmp' <Latency = 0> <II = 1> <Delay = 2.43> <FuncUnit> <Opcode : 'icmp'> <InPorts = 2> <OutPorts = 1>
ST_2 : Operation 28 [1/1] (2.13ns)   --->   "%add_ln61_1 = add i18 %indvar_flatten88_load, i18 1" [conv.cpp:61]   --->   Operation 28 'add' 'add_ln61_1' <Predicate = true> <Delay = 2.13> <CoreInst = "Adder">   --->   Core 1 'Adder' <Latency = 0> <II = 1> <Delay = 2.13> <FuncUnit> <Opcode : 'add' 'sub'> <InPorts = 2> <OutPorts = 1>
ST_2 : Operation 29 [1/1] (0.00ns)   --->   "%br_ln61 = br i1 %icmp_ln61, void %for.inc109, void %for.end111.exitStub" [conv.cpp:61]   --->   Operation 29 'br' 'br_ln61' <Predicate = true> <Delay = 0.00>
ST_2 : Operation 30 [1/1] (0.00ns)   --->   "%x_load = load i7 %x" [conv.cpp:61]   --->   Operation 30 'load' 'x_load' <Predicate = (!icmp_ln61)> <Delay = 0.00>
ST_2 : Operation 31 [1/1] (1.87ns)   --->   "%add_ln61 = add i7 %x_load, i7 1" [conv.cpp:61]   --->   Operation 31 'add' 'add_ln61' <Predicate = (!icmp_ln61)> <Delay = 1.87> <CoreInst = "Adder">   --->   Core 1 'Adder' <Latency = 0> <II = 1> <Delay = 1.87> <FuncUnit> <Opcode : 'add' 'sub'> <InPorts = 2> <OutPorts = 1>
ST_2 : Operation 32 [1/1] (1.99ns)   --->   "%icmp_ln62 = icmp_eq  i12 %indvar_flatten74_load, i12 3025" [conv.cpp:62]   --->   Operation 32 'icmp' 'icmp_ln62' <Predicate = (!icmp_ln61)> <Delay = 1.99> <CoreInst = "Cmp">   --->   Core 9 'Cmp' <Latency = 0> <II = 1> <Delay = 1.99> <FuncUnit> <Opcode : 'icmp'> <InPorts = 2> <OutPorts = 1>
ST_2 : Operation 33 [1/1] (0.99ns)   --->   "%select_ln61_1 = select i1 %icmp_ln62, i7 %add_ln61, i7 %x_load" [conv.cpp:61]   --->   Operation 33 'select' 'select_ln61_1' <Predicate = (!icmp_ln61)> <Delay = 0.99> <CoreInst = "Sel">   --->   Core 73 'Sel' <Latency = 0> <II = 1> <Delay = 0.99> <FuncUnit> <Opcode : 'select'> <InPorts = 3> <OutPorts = 1>
ST_2 : Operation 34 [1/1] (1.54ns)   --->   "%add_ln62_1 = add i12 %indvar_flatten74_load, i12 1" [conv.cpp:62]   --->   Operation 34 'add' 'add_ln62_1' <Predicate = (!icmp_ln61)> <Delay = 1.54> <CoreInst = "Adder">   --->   Core 1 'Adder' <Latency = 0> <II = 1> <Delay = 1.54> <FuncUnit> <Opcode : 'add' 'sub'> <InPorts = 2> <OutPorts = 1>
ST_2 : Operation 35 [1/1] (0.69ns)   --->   "%select_ln62_2 = select i1 %icmp_ln62, i12 1, i12 %add_ln62_1" [conv.cpp:62]   --->   Operation 35 'select' 'select_ln62_2' <Predicate = (!icmp_ln61)> <Delay = 0.69> <CoreInst = "Sel">   --->   Core 73 'Sel' <Latency = 0> <II = 1> <Delay = 0.69> <FuncUnit> <Opcode : 'select'> <InPorts = 3> <OutPorts = 1>
ST_2 : Operation 36 [1/1] (1.58ns)   --->   "%store_ln63 = store i18 %add_ln61_1, i18 %indvar_flatten88" [conv.cpp:63]   --->   Operation 36 'store' 'store_ln63' <Predicate = (!icmp_ln61)> <Delay = 1.58>
ST_2 : Operation 37 [1/1] (1.58ns)   --->   "%store_ln63 = store i7 %select_ln61_1, i7 %x" [conv.cpp:63]   --->   Operation 37 'store' 'store_ln63' <Predicate = (!icmp_ln61)> <Delay = 1.58>
ST_2 : Operation 38 [1/1] (1.58ns)   --->   "%store_ln63 = store i12 %select_ln62_2, i12 %indvar_flatten74" [conv.cpp:63]   --->   Operation 38 'store' 'store_ln63' <Predicate = (!icmp_ln61)> <Delay = 1.58>

State 3 <SV = 2> <Delay = 7.00>
ST_3 : Operation 39 [1/1] (0.00ns)   --->   "%z_load = load i6 %z" [conv.cpp:63]   --->   Operation 39 'load' 'z_load' <Predicate = true> <Delay = 0.00>
ST_3 : Operation 40 [1/1] (0.00ns)   --->   "%y_load = load i6 %y" [conv.cpp:61]   --->   Operation 40 'load' 'y_load' <Predicate = (!icmp_ln62)> <Delay = 0.00>
ST_3 : Operation 41 [1/1] (1.18ns)   --->   "%select_ln61 = select i1 %icmp_ln62, i6 0, i6 %y_load" [conv.cpp:61]   --->   Operation 41 'select' 'select_ln61' <Predicate = true> <Delay = 1.18> <CoreInst = "Sel">   --->   Core 73 'Sel' <Latency = 0> <II = 1> <Delay = 1.18> <FuncUnit> <Opcode : 'select'> <InPorts = 3> <OutPorts = 1>
ST_3 : Operation 42 [1/1] (0.00ns)   --->   "%zext_ln64 = zext i7 %select_ln61_1" [conv.cpp:64]   --->   Operation 42 'zext' 'zext_ln64' <Predicate = true> <Delay = 0.00>
ST_3 : Operation 43 [1/1] (3.74ns)   --->   "%mul_ln64 = mul i13 %zext_ln64, i13 55" [conv.cpp:64]   --->   Operation 43 'mul' 'mul_ln64' <Predicate = true> <Delay = 3.74> <CoreInst = "Multiplier">   --->   Core 3 'Multiplier' <Latency = 0> <II = 1> <Delay = 3.74> <FuncUnit> <Opcode : 'mul'> <InPorts = 2> <OutPorts = 1>
ST_3 : Operation 44 [1/1] (0.00ns) (grouped into LUT with out node and_ln61)   --->   "%xor_ln61 = xor i1 %icmp_ln62, i1 1" [conv.cpp:61]   --->   Operation 44 'xor' 'xor_ln61' <Predicate = true> <Delay = 0.00> <CoreInst = "LogicGate">   --->   Core 74 'LogicGate' <Latency = 0> <II = 1> <Delay = 0.97> <FuncUnit> <Opcode : 'and' 'or' 'xor'> <InPorts = 2> <OutPorts = 1>
ST_3 : Operation 45 [1/1] (1.42ns)   --->   "%icmp_ln63 = icmp_eq  i6 %z_load, i6 55" [conv.cpp:63]   --->   Operation 45 'icmp' 'icmp_ln63' <Predicate = true> <Delay = 1.42> <CoreInst = "Cmp">   --->   Core 9 'Cmp' <Latency = 0> <II = 1> <Delay = 1.42> <FuncUnit> <Opcode : 'icmp'> <InPorts = 2> <OutPorts = 1>
ST_3 : Operation 46 [1/1] (0.97ns) (out node of the LUT)   --->   "%and_ln61 = and i1 %icmp_ln63, i1 %xor_ln61" [conv.cpp:61]   --->   Operation 46 'and' 'and_ln61' <Predicate = true> <Delay = 0.97> <CoreInst = "LogicGate">   --->   Core 74 'LogicGate' <Latency = 0> <II = 1> <Delay = 0.97> <FuncUnit> <Opcode : 'and' 'or' 'xor'> <InPorts = 2> <OutPorts = 1>
ST_3 : Operation 47 [1/1] (1.82ns)   --->   "%add_ln62 = add i6 %select_ln61, i6 1" [conv.cpp:62]   --->   Operation 47 'add' 'add_ln62' <Predicate = true> <Delay = 1.82> <CoreInst = "Adder">   --->   Core 1 'Adder' <Latency = 0> <II = 1> <Delay = 1.82> <FuncUnit> <Opcode : 'add' 'sub'> <InPorts = 2> <OutPorts = 1>
ST_3 : Operation 48 [1/1] (0.00ns) (grouped into LUT with out node select_ln62)   --->   "%or_ln62 = or i1 %and_ln61, i1 %icmp_ln62" [conv.cpp:62]   --->   Operation 48 'or' 'or_ln62' <Predicate = true> <Delay = 0.00> <CoreInst = "LogicGate">   --->   Core 74 'LogicGate' <Latency = 0> <II = 1> <Delay = 0.97> <FuncUnit> <Opcode : 'and' 'or' 'xor'> <InPorts = 2> <OutPorts = 1>
ST_3 : Operation 49 [1/1] (1.18ns) (out node of the LUT)   --->   "%select_ln62 = select i1 %or_ln62, i6 0, i6 %z_load" [conv.cpp:62]   --->   Operation 49 'select' 'select_ln62' <Predicate = true> <Delay = 1.18> <CoreInst = "Sel">   --->   Core 73 'Sel' <Latency = 0> <II = 1> <Delay = 1.18> <FuncUnit> <Opcode : 'select'> <InPorts = 3> <OutPorts = 1>
ST_3 : Operation 50 [1/1] (1.18ns)   --->   "%select_ln62_1 = select i1 %and_ln61, i6 %add_ln62, i6 %select_ln61" [conv.cpp:62]   --->   Operation 50 'select' 'select_ln62_1' <Predicate = true> <Delay = 1.18> <CoreInst = "Sel">   --->   Core 73 'Sel' <Latency = 0> <II = 1> <Delay = 1.18> <FuncUnit> <Opcode : 'select'> <InPorts = 3> <OutPorts = 1>
ST_3 : Operation 51 [1/1] (0.00ns)   --->   "%zext_ln64_1 = zext i6 %select_ln62_1" [conv.cpp:64]   --->   Operation 51 'zext' 'zext_ln64_1' <Predicate = true> <Delay = 0.00>
ST_3 : Operation 52 [1/1] (1.65ns) (grouped into DSP with root node add_ln64_1)   --->   "%add_ln64 = add i13 %mul_ln64, i13 %zext_ln64_1" [conv.cpp:64]   --->   Operation 52 'add' 'add_ln64' <Predicate = true> <Delay = 1.65> <CoreInst = "DSP48">   --->   Core 119 'DSP48' <Latency = 3> <II = 1> <Delay = 2.15> <IPBlock> <Opcode : 'mul' 'add' 'sub' 'select'> <InPorts = 0> <OutPorts = 1> <Sync> <CReg>
ST_3 : Operation 53 [1/1] (0.00ns) (grouped into DSP with root node add_ln64_1)   --->   "%add_ln64_cast = zext i13 %add_ln64" [conv.cpp:64]   --->   Operation 53 'zext' 'add_ln64_cast' <Predicate = true> <Delay = 0.00>
ST_3 : Operation 54 [3/3] (1.05ns) (grouped into DSP with root node add_ln64_1)   --->   "%mul_ln64_1 = mul i18 %add_ln64_cast, i18 55" [conv.cpp:64]   --->   Operation 54 'mul' 'mul_ln64_1' <Predicate = true> <Delay = 1.05> <CoreInst = "DSP48">   --->   Core 119 'DSP48' <Latency = 3> <II = 1> <Delay = 2.15> <IPBlock> <Opcode : 'mul' 'add' 'sub' 'select'> <InPorts = 0> <OutPorts = 1> <Sync> <CReg>
ST_3 : Operation 55 [1/1] (1.82ns)   --->   "%add_ln63 = add i6 %select_ln62, i6 1" [conv.cpp:63]   --->   Operation 55 'add' 'add_ln63' <Predicate = true> <Delay = 1.82> <CoreInst = "Adder">   --->   Core 1 'Adder' <Latency = 0> <II = 1> <Delay = 1.82> <FuncUnit> <Opcode : 'add' 'sub'> <InPorts = 2> <OutPorts = 1>
ST_3 : Operation 56 [1/1] (1.58ns)   --->   "%store_ln63 = store i6 %select_ln62_1, i6 %y" [conv.cpp:63]   --->   Operation 56 'store' 'store_ln63' <Predicate = true> <Delay = 1.58>
ST_3 : Operation 57 [1/1] (1.58ns)   --->   "%store_ln63 = store i6 %add_ln63, i6 %z" [conv.cpp:63]   --->   Operation 57 'store' 'store_ln63' <Predicate = true> <Delay = 1.58>
ST_3 : Operation 58 [1/1] (0.00ns)   --->   "%br_ln63 = br void %for.body89" [conv.cpp:63]   --->   Operation 58 'br' 'br_ln63' <Predicate = true> <Delay = 0.00>

State 4 <SV = 3> <Delay = 1.05>
ST_4 : Operation 59 [2/3] (1.05ns) (grouped into DSP with root node add_ln64_1)   --->   "%mul_ln64_1 = mul i18 %add_ln64_cast, i18 55" [conv.cpp:64]   --->   Operation 59 'mul' 'mul_ln64_1' <Predicate = true> <Delay = 1.05> <CoreInst = "DSP48">   --->   Core 119 'DSP48' <Latency = 3> <II = 1> <Delay = 2.15> <IPBlock> <Opcode : 'mul' 'add' 'sub' 'select'> <InPorts = 0> <OutPorts = 1> <Sync> <CReg>

State 5 <SV = 4> <Delay = 2.10>
ST_5 : Operation 60 [1/3] (0.00ns) (grouped into DSP with root node add_ln64_1)   --->   "%mul_ln64_1 = mul i18 %add_ln64_cast, i18 55" [conv.cpp:64]   --->   Operation 60 'mul' 'mul_ln64_1' <Predicate = true> <Delay = 0.00> <CoreInst = "DSP48">   --->   Core 119 'DSP48' <Latency = 3> <II = 1> <Delay = 2.15> <IPBlock> <Opcode : 'mul' 'add' 'sub' 'select'> <InPorts = 0> <OutPorts = 1> <Sync> <CReg>
ST_5 : Operation 61 [1/1] (0.00ns)   --->   "%zext_ln64_2 = zext i6 %select_ln62" [conv.cpp:64]   --->   Operation 61 'zext' 'zext_ln64_2' <Predicate = true> <Delay = 0.00>
ST_5 : Operation 62 [2/2] (2.10ns) (root node of the DSP)   --->   "%add_ln64_1 = add i18 %mul_ln64_1, i18 %zext_ln64_2" [conv.cpp:64]   --->   Operation 62 'add' 'add_ln64_1' <Predicate = true> <Delay = 2.10> <CoreInst = "DSP48">   --->   Core 119 'DSP48' <Latency = 3> <II = 1> <Delay = 2.15> <IPBlock> <Opcode : 'mul' 'add' 'sub' 'select'> <InPorts = 0> <OutPorts = 1> <Sync> <CReg>

State 6 <SV = 5> <Delay = 5.35>
ST_6 : Operation 63 [1/2] (2.10ns) (root node of the DSP)   --->   "%add_ln64_1 = add i18 %mul_ln64_1, i18 %zext_ln64_2" [conv.cpp:64]   --->   Operation 63 'add' 'add_ln64_1' <Predicate = true> <Delay = 2.10> <CoreInst = "DSP48">   --->   Core 119 'DSP48' <Latency = 3> <II = 1> <Delay = 2.15> <IPBlock> <Opcode : 'mul' 'add' 'sub' 'select'> <InPorts = 0> <OutPorts = 1> <Sync> <CReg>
ST_6 : Operation 64 [1/1] (0.00ns)   --->   "%zext_ln64_3 = zext i18 %add_ln64_1" [conv.cpp:64]   --->   Operation 64 'zext' 'zext_ln64_3' <Predicate = true> <Delay = 0.00>
ST_6 : Operation 65 [1/1] (0.00ns)   --->   "%output_fm_addr = getelementptr i32 %output_fm, i64 0, i64 %zext_ln64_3" [conv.cpp:64]   --->   Operation 65 'getelementptr' 'output_fm_addr' <Predicate = true> <Delay = 0.00>
ST_6 : Operation 66 [2/2] (3.25ns)   --->   "%output_fm_load = load i18 %output_fm_addr" [conv.cpp:64]   --->   Operation 66 'load' 'output_fm_load' <Predicate = true> <Delay = 3.25> <CoreInst = "RAM">   --->   Core 82 'RAM' <Latency = 1> <II = 1> <Delay = 3.25> <Storage> <Opcode : 'load' 'store'> <Ports = 2> <Width = 32> <Depth = 193600> <RAM>

State 7 <SV = 6> <Delay = 5.70>
ST_7 : Operation 67 [1/2] (3.25ns)   --->   "%output_fm_load = load i18 %output_fm_addr" [conv.cpp:64]   --->   Operation 67 'load' 'output_fm_load' <Predicate = true> <Delay = 3.25> <CoreInst = "RAM">   --->   Core 82 'RAM' <Latency = 1> <II = 1> <Delay = 3.25> <Storage> <Opcode : 'load' 'store'> <Ports = 2> <Width = 32> <Depth = 193600> <RAM>
ST_7 : Operation 68 [1/1] (0.00ns)   --->   "%tmp = partselect i8 @_ssdm_op_PartSelect.i8.i32.i32.i32, i32 %output_fm_load, i32 23, i32 30" [conv.cpp:64]   --->   Operation 68 'partselect' 'tmp' <Predicate = true> <Delay = 0.00>
ST_7 : Operation 69 [1/1] (0.00ns)   --->   "%trunc_ln64 = trunc i32 %output_fm_load" [conv.cpp:64]   --->   Operation 69 'trunc' 'trunc_ln64' <Predicate = true> <Delay = 0.00>
ST_7 : Operation 70 [1/1] (1.55ns)   --->   "%icmp_ln64 = icmp_ne  i8 %tmp, i8 255" [conv.cpp:64]   --->   Operation 70 'icmp' 'icmp_ln64' <Predicate = true> <Delay = 1.55> <CoreInst = "Cmp">   --->   Core 9 'Cmp' <Latency = 0> <II = 1> <Delay = 1.55> <FuncUnit> <Opcode : 'icmp'> <InPorts = 2> <OutPorts = 1>
ST_7 : Operation 71 [1/1] (2.44ns)   --->   "%icmp_ln64_1 = icmp_eq  i23 %trunc_ln64, i23 0" [conv.cpp:64]   --->   Operation 71 'icmp' 'icmp_ln64_1' <Predicate = true> <Delay = 2.44> <CoreInst = "Cmp">   --->   Core 9 'Cmp' <Latency = 0> <II = 1> <Delay = 2.44> <FuncUnit> <Opcode : 'icmp'> <InPorts = 2> <OutPorts = 1>

State 8 <SV = 7> <Delay = 5.43>
ST_8 : Operation 72 [1/1] (0.00ns)   --->   "%bitcast_ln64 = bitcast i32 %output_fm_load" [conv.cpp:64]   --->   Operation 72 'bitcast' 'bitcast_ln64' <Predicate = true> <Delay = 0.00>
ST_8 : Operation 73 [2/2] (5.43ns)   --->   "%tmp_2 = fcmp_olt  i32 %bitcast_ln64, i32 0" [conv.cpp:64]   --->   Operation 73 'fcmp' 'tmp_2' <Predicate = true> <Delay = 5.43> <CoreInst = "FCompare">   --->   Core 19 'FCompare' <Latency = 1> <II = 1> <Delay = 5.43> <FuncUnit> <Opcode : 'fcmp'> <InPorts = 2> <OutPorts = 1>

State 9 <SV = 8> <Delay = 6.40>
ST_9 : Operation 74 [1/1] (0.00ns)   --->   "%specloopname_ln0 = specloopname void @_ssdm_op_SpecLoopName, void @VITIS_LOOP_61_10_VITIS_LOOP_62_11_VITIS_LOOP_63_12_str"   --->   Operation 74 'specloopname' 'specloopname_ln0' <Predicate = true> <Delay = 0.00>
ST_9 : Operation 75 [1/1] (0.00ns)   --->   "%empty = speclooptripcount i32 @_ssdm_op_SpecLoopTripCount, i64 193600, i64 193600, i64 193600"   --->   Operation 75 'speclooptripcount' 'empty' <Predicate = true> <Delay = 0.00>
ST_9 : Operation 76 [1/1] (0.00ns)   --->   "%specpipeline_ln0 = specpipeline void @_ssdm_op_SpecPipeline, i32 4294967295, i32 0, i32 1, i32 0, void @p_str"   --->   Operation 76 'specpipeline' 'specpipeline_ln0' <Predicate = true> <Delay = 0.00>
ST_9 : Operation 77 [1/1] (0.00ns)   --->   "%specloopname_ln0 = specloopname void @_ssdm_op_SpecLoopName, void @VITIS_LOOP_62_11_VITIS_LOOP_63_12_str"   --->   Operation 77 'specloopname' 'specloopname_ln0' <Predicate = true> <Delay = 0.00>
ST_9 : Operation 78 [1/1] (0.00ns)   --->   "%specpipeline_ln0 = specpipeline void @_ssdm_op_SpecPipeline, i32 4294967295, i32 0, i32 1, i32 0, void @p_str"   --->   Operation 78 'specpipeline' 'specpipeline_ln0' <Predicate = true> <Delay = 0.00>
ST_9 : Operation 79 [1/1] (0.00ns)   --->   "%specloopname_ln30 = specloopname void @_ssdm_op_SpecLoopName, void @empty_1" [conv.cpp:30]   --->   Operation 79 'specloopname' 'specloopname_ln30' <Predicate = true> <Delay = 0.00>
ST_9 : Operation 80 [1/1] (0.00ns) (grouped into LUT with out node and_ln64)   --->   "%or_ln64 = or i1 %icmp_ln64_1, i1 %icmp_ln64" [conv.cpp:64]   --->   Operation 80 'or' 'or_ln64' <Predicate = true> <Delay = 0.00> <CoreInst = "LogicGate">   --->   Core 74 'LogicGate' <Latency = 0> <II = 1> <Delay = 0.97> <FuncUnit> <Opcode : 'and' 'or' 'xor'> <InPorts = 2> <OutPorts = 1>
ST_9 : Operation 81 [1/2] (5.43ns)   --->   "%tmp_2 = fcmp_olt  i32 %bitcast_ln64, i32 0" [conv.cpp:64]   --->   Operation 81 'fcmp' 'tmp_2' <Predicate = true> <Delay = 5.43> <CoreInst = "FCompare">   --->   Core 19 'FCompare' <Latency = 1> <II = 1> <Delay = 5.43> <FuncUnit> <Opcode : 'fcmp'> <InPorts = 2> <OutPorts = 1>
ST_9 : Operation 82 [1/1] (0.97ns) (out node of the LUT)   --->   "%and_ln64 = and i1 %or_ln64, i1 %tmp_2" [conv.cpp:64]   --->   Operation 82 'and' 'and_ln64' <Predicate = true> <Delay = 0.97> <CoreInst = "LogicGate">   --->   Core 74 'LogicGate' <Latency = 0> <II = 1> <Delay = 0.97> <FuncUnit> <Opcode : 'and' 'or' 'xor'> <InPorts = 2> <OutPorts = 1>
ST_9 : Operation 83 [1/1] (0.00ns)   --->   "%br_ln64 = br i1 %and_ln64, void %for.inc103, void %if.then" [conv.cpp:64]   --->   Operation 83 'br' 'br_ln64' <Predicate = true> <Delay = 0.00>
ST_9 : Operation 86 [1/1] (0.00ns)   --->   "%ret_ln0 = ret"   --->   Operation 86 'ret' 'ret_ln0' <Predicate = (icmp_ln61)> <Delay = 0.00>

State 10 <SV = 9> <Delay = 3.25>
ST_10 : Operation 84 [1/1] (3.25ns)   --->   "%store_ln64 = store i32 0, i18 %output_fm_addr" [conv.cpp:64]   --->   Operation 84 'store' 'store_ln64' <Predicate = (and_ln64)> <Delay = 3.25> <CoreInst = "RAM">   --->   Core 82 'RAM' <Latency = 1> <II = 1> <Delay = 3.25> <Storage> <Opcode : 'load' 'store'> <Ports = 2> <Width = 32> <Depth = 193600> <RAM>
ST_10 : Operation 85 [1/1] (0.00ns)   --->   "%br_ln64 = br void %for.inc103" [conv.cpp:64]   --->   Operation 85 'br' 'br_ln64' <Predicate = (and_ln64)> <Delay = 0.00>


============================================================
+ Verbose Summary: Binding
============================================================
STG Binding: 
---------------- STG Properties BEGIN ----------------
- Is combinational: 0
- Is one-state seq: 0
- Is datapath-only: 0
- Is pipelined: 0
- Is top level: 0
Port [ Return ] is wired: 1; IO mode=ap_ctrl_hs:ce=0
Port [ output_fm]:  wired=1; compound=1; hidden=0; nouse=0; global=0; static=0; extern=0; dir=2; type=1; pingpong=0; private_global=0; MemPort=[01]; IO mode=ap_memory:ce=0
---------------- STG Properties END ------------------

---------------- Datapath Model BEGIN ----------------

<LifeTime>
<method=bitvector/>
z                     (alloca           ) [ 01110000000]
y                     (alloca           ) [ 01110000000]
indvar_flatten74      (alloca           ) [ 01100000000]
x                     (alloca           ) [ 01100000000]
indvar_flatten88      (alloca           ) [ 01100000000]
specinterface_ln0     (specinterface    ) [ 00000000000]
store_ln0             (store            ) [ 00000000000]
store_ln0             (store            ) [ 00000000000]
store_ln0             (store            ) [ 00000000000]
store_ln0             (store            ) [ 00000000000]
store_ln0             (store            ) [ 00000000000]
br_ln0                (br               ) [ 00000000000]
indvar_flatten74_load (load             ) [ 00000000000]
indvar_flatten88_load (load             ) [ 00000000000]
specpipeline_ln0      (specpipeline     ) [ 00000000000]
icmp_ln61             (icmp             ) [ 01111111110]
add_ln61_1            (add              ) [ 00000000000]
br_ln61               (br               ) [ 00000000000]
x_load                (load             ) [ 00000000000]
add_ln61              (add              ) [ 00000000000]
icmp_ln62             (icmp             ) [ 01010000000]
select_ln61_1         (select           ) [ 01010000000]
add_ln62_1            (add              ) [ 00000000000]
select_ln62_2         (select           ) [ 00000000000]
store_ln63            (store            ) [ 00000000000]
store_ln63            (store            ) [ 00000000000]
store_ln63            (store            ) [ 00000000000]
z_load                (load             ) [ 00000000000]
y_load                (load             ) [ 00000000000]
select_ln61           (select           ) [ 00000000000]
zext_ln64             (zext             ) [ 00000000000]
mul_ln64              (mul              ) [ 00000000000]
xor_ln61              (xor              ) [ 00000000000]
icmp_ln63             (icmp             ) [ 00000000000]
and_ln61              (and              ) [ 00000000000]
add_ln62              (add              ) [ 00000000000]
or_ln62               (or               ) [ 00000000000]
select_ln62           (select           ) [ 01001100000]
select_ln62_1         (select           ) [ 00000000000]
zext_ln64_1           (zext             ) [ 00000000000]
add_ln64              (add              ) [ 00000000000]
add_ln64_cast         (zext             ) [ 01001100000]
add_ln63              (add              ) [ 00000000000]
store_ln63            (store            ) [ 00000000000]
store_ln63            (store            ) [ 00000000000]
br_ln63               (br               ) [ 00000000000]
mul_ln64_1            (mul              ) [ 01000010000]
zext_ln64_2           (zext             ) [ 01000010000]
add_ln64_1            (add              ) [ 00000000000]
zext_ln64_3           (zext             ) [ 00000000000]
output_fm_addr        (getelementptr    ) [ 01000001111]
output_fm_load        (load             ) [ 01000000100]
tmp                   (partselect       ) [ 00000000000]
trunc_ln64            (trunc            ) [ 00000000000]
icmp_ln64             (icmp             ) [ 01000000110]
icmp_ln64_1           (icmp             ) [ 01000000110]
bitcast_ln64          (bitcast          ) [ 01000000010]
specloopname_ln0      (specloopname     ) [ 00000000000]
empty                 (speclooptripcount) [ 00000000000]
specpipeline_ln0      (specpipeline     ) [ 00000000000]
specloopname_ln0      (specloopname     ) [ 00000000000]
specpipeline_ln0      (specpipeline     ) [ 00000000000]
specloopname_ln30     (specloopname     ) [ 00000000000]
or_ln64               (or               ) [ 00000000000]
tmp_2                 (fcmp             ) [ 00000000000]
and_ln64              (and              ) [ 01000000001]
br_ln64               (br               ) [ 00000000000]
store_ln64            (store            ) [ 00000000000]
br_ln64               (br               ) [ 00000000000]
ret_ln0               (ret              ) [ 00000000000]
</LifeTime>

<model>

<comp_list>
<comp id="0" class="1000" name="output_fm">
<pin_list>
<pin id="1" dir="1" index="0" bw="1" slack="0"/>
</pin_list>
<bind>
<StgValue><ssdm name="output_fm"/><MemPortTyVec>0 1 </MemPortTyVec>
</StgValue>
</bind>
</comp>

<comp id="2" class="1001" name="const_2">
<pin_list>
<pin id="3" dir="1" index="0" bw="1" slack="0"/>
</pin_list>
<bind>
<StgValue><ssdm name=""/></StgValue>
</bind>
</comp>

<comp id="4" class="1001" name="const_4">
<pin_list>
<pin id="5" dir="1" index="0" bw="1" slack="2147483647"/>
</pin_list>
<bind>
<StgValue><ssdm name="_ssdm_op_SpecInterface"/></StgValue>
</bind>
</comp>

<comp id="6" class="1001" name="const_6">
<pin_list>
<pin id="7" dir="1" index="0" bw="1" slack="2147483647"/>
</pin_list>
<bind>
<StgValue><ssdm name="empty_4"/></StgValue>
</bind>
</comp>

<comp id="8" class="1001" name="const_8">
<pin_list>
<pin id="9" dir="1" index="0" bw="1" slack="0"/>
</pin_list>
<bind>
<StgValue><ssdm name=""/></StgValue>
</bind>
</comp>

<comp id="10" class="1001" name="const_10">
<pin_list>
<pin id="11" dir="1" index="0" bw="1" slack="2147483647"/>
</pin_list>
<bind>
<StgValue><ssdm name="empty"/></StgValue>
</bind>
</comp>

<comp id="12" class="1001" name="const_12">
<pin_list>
<pin id="13" dir="1" index="0" bw="1" slack="2147483647"/>
</pin_list>
<bind>
<StgValue><ssdm name=""/></StgValue>
</bind>
</comp>

<comp id="14" class="1001" name="const_14">
<pin_list>
<pin id="15" dir="1" index="0" bw="1" slack="0"/>
</pin_list>
<bind>
<StgValue><ssdm name=""/></StgValue>
</bind>
</comp>

<comp id="16" class="1001" name="const_16">
<pin_list>
<pin id="17" dir="1" index="0" bw="1" slack="0"/>
</pin_list>
<bind>
<StgValue><ssdm name=""/></StgValue>
</bind>
</comp>

<comp id="18" class="1001" name="const_18">
<pin_list>
<pin id="19" dir="1" index="0" bw="1" slack="0"/>
</pin_list>
<bind>
<StgValue><ssdm name=""/></StgValue>
</bind>
</comp>

<comp id="20" class="1001" name="const_20">
<pin_list>
<pin id="21" dir="1" index="0" bw="1" slack="0"/>
</pin_list>
<bind>
<StgValue><ssdm name=""/></StgValue>
</bind>
</comp>

<comp id="22" class="1001" name="const_22">
<pin_list>
<pin id="23" dir="1" index="0" bw="1" slack="2147483647"/>
</pin_list>
<bind>
<StgValue><ssdm name="_ssdm_op_SpecPipeline"/></StgValue>
</bind>
</comp>

<comp id="24" class="1001" name="const_24">
<pin_list>
<pin id="25" dir="1" index="0" bw="1" slack="2147483647"/>
</pin_list>
<bind>
<StgValue><ssdm name="p_str"/></StgValue>
</bind>
</comp>

<comp id="26" class="1001" name="const_26">
<pin_list>
<pin id="27" dir="1" index="0" bw="1" slack="0"/>
</pin_list>
<bind>
<StgValue><ssdm name=""/></StgValue>
</bind>
</comp>

<comp id="28" class="1001" name="const_28">
<pin_list>
<pin id="29" dir="1" index="0" bw="1" slack="0"/>
</pin_list>
<bind>
<StgValue><ssdm name=""/></StgValue>
</bind>
</comp>

<comp id="30" class="1001" name="const_30">
<pin_list>
<pin id="31" dir="1" index="0" bw="1" slack="0"/>
</pin_list>
<bind>
<StgValue><ssdm name=""/></StgValue>
</bind>
</comp>

<comp id="32" class="1001" name="const_32">
<pin_list>
<pin id="33" dir="1" index="0" bw="1" slack="0"/>
</pin_list>
<bind>
<StgValue><ssdm name=""/></StgValue>
</bind>
</comp>

<comp id="34" class="1001" name="const_34">
<pin_list>
<pin id="35" dir="1" index="0" bw="1" slack="0"/>
</pin_list>
<bind>
<StgValue><ssdm name=""/></StgValue>
</bind>
</comp>

<comp id="36" class="1001" name="const_36">
<pin_list>
<pin id="37" dir="1" index="0" bw="1" slack="0"/>
</pin_list>
<bind>
<StgValue><ssdm name=""/></StgValue>
</bind>
</comp>

<comp id="38" class="1001" name="const_38">
<pin_list>
<pin id="39" dir="1" index="0" bw="1" slack="0"/>
</pin_list>
<bind>
<StgValue><ssdm name=""/></StgValue>
</bind>
</comp>

<comp id="40" class="1001" name="const_40">
<pin_list>
<pin id="41" dir="1" index="0" bw="1" slack="0"/>
</pin_list>
<bind>
<StgValue><ssdm name=""/></StgValue>
</bind>
</comp>

<comp id="42" class="1001" name="const_42">
<pin_list>
<pin id="43" dir="1" index="0" bw="1" slack="0"/>
</pin_list>
<bind>
<StgValue><ssdm name=""/></StgValue>
</bind>
</comp>

<comp id="44" class="1001" name="const_44">
<pin_list>
<pin id="45" dir="1" index="0" bw="1" slack="0"/>
</pin_list>
<bind>
<StgValue><ssdm name=""/></StgValue>
</bind>
</comp>

<comp id="46" class="1001" name="const_46">
<pin_list>
<pin id="47" dir="1" index="0" bw="1" slack="0"/>
</pin_list>
<bind>
<StgValue><ssdm name=""/></StgValue>
</bind>
</comp>

<comp id="48" class="1001" name="const_48">
<pin_list>
<pin id="49" dir="1" index="0" bw="1" slack="0"/>
</pin_list>
<bind>
<StgValue><ssdm name="_ssdm_op_PartSelect.i8.i32.i32.i32"/></StgValue>
</bind>
</comp>

<comp id="50" class="1001" name="const_50">
<pin_list>
<pin id="51" dir="1" index="0" bw="1" slack="0"/>
</pin_list>
<bind>
<StgValue><ssdm name=""/></StgValue>
</bind>
</comp>

<comp id="52" class="1001" name="const_52">
<pin_list>
<pin id="53" dir="1" index="0" bw="1" slack="0"/>
</pin_list>
<bind>
<StgValue><ssdm name=""/></StgValue>
</bind>
</comp>

<comp id="54" class="1001" name="const_54">
<pin_list>
<pin id="55" dir="1" index="0" bw="1" slack="0"/>
</pin_list>
<bind>
<StgValue><ssdm name=""/></StgValue>
</bind>
</comp>

<comp id="56" class="1001" name="const_56">
<pin_list>
<pin id="57" dir="1" index="0" bw="1" slack="0"/>
</pin_list>
<bind>
<StgValue><ssdm name=""/></StgValue>
</bind>
</comp>

<comp id="58" class="1001" name="const_58">
<pin_list>
<pin id="59" dir="1" index="0" bw="1" slack="0"/>
</pin_list>
<bind>
<StgValue><ssdm name=""/></StgValue>
</bind>
</comp>

<comp id="60" class="1001" name="const_60">
<pin_list>
<pin id="61" dir="1" index="0" bw="1" slack="2147483647"/>
</pin_list>
<bind>
<StgValue><ssdm name="_ssdm_op_SpecLoopName"/></StgValue>
</bind>
</comp>

<comp id="62" class="1001" name="const_62">
<pin_list>
<pin id="63" dir="1" index="0" bw="1" slack="2147483647"/>
</pin_list>
<bind>
<StgValue><ssdm name="VITIS_LOOP_61_10_VITIS_LOOP_62_11_VITIS_LOOP_63_12_str"/></StgValue>
</bind>
</comp>

<comp id="64" class="1001" name="const_64">
<pin_list>
<pin id="65" dir="1" index="0" bw="1" slack="2147483647"/>
</pin_list>
<bind>
<StgValue><ssdm name="_ssdm_op_SpecLoopTripCount"/></StgValue>
</bind>
</comp>

<comp id="66" class="1001" name="const_66">
<pin_list>
<pin id="67" dir="1" index="0" bw="1" slack="2147483647"/>
</pin_list>
<bind>
<StgValue><ssdm name=""/></StgValue>
</bind>
</comp>

<comp id="68" class="1001" name="const_68">
<pin_list>
<pin id="69" dir="1" index="0" bw="1" slack="2147483647"/>
</pin_list>
<bind>
<StgValue><ssdm name="VITIS_LOOP_62_11_VITIS_LOOP_63_12_str"/></StgValue>
</bind>
</comp>

<comp id="70" class="1001" name="const_70">
<pin_list>
<pin id="71" dir="1" index="0" bw="1" slack="2147483647"/>
</pin_list>
<bind>
<StgValue><ssdm name="empty_1"/></StgValue>
</bind>
</comp>

<comp id="72" class="1004" name="z_fu_72">
<pin_list>
<pin id="73" dir="0" index="0" bw="1" slack="0"/>
<pin id="74" dir="1" index="1" bw="6" slack="0"/>
</pin_list>
<bind>
<opcode="alloca(26) " fcode="alloca"/>
<opset="z/1 "/>
</bind>
</comp>

<comp id="76" class="1004" name="y_fu_76">
<pin_list>
<pin id="77" dir="0" index="0" bw="1" slack="0"/>
<pin id="78" dir="1" index="1" bw="6" slack="0"/>
</pin_list>
<bind>
<opcode="alloca(26) " fcode="alloca"/>
<opset="y/1 "/>
</bind>
</comp>

<comp id="80" class="1004" name="indvar_flatten74_fu_80">
<pin_list>
<pin id="81" dir="0" index="0" bw="1" slack="0"/>
<pin id="82" dir="1" index="1" bw="12" slack="0"/>
</pin_list>
<bind>
<opcode="alloca(26) " fcode="alloca"/>
<opset="indvar_flatten74/1 "/>
</bind>
</comp>

<comp id="84" class="1004" name="x_fu_84">
<pin_list>
<pin id="85" dir="0" index="0" bw="1" slack="0"/>
<pin id="86" dir="1" index="1" bw="7" slack="0"/>
</pin_list>
<bind>
<opcode="alloca(26) " fcode="alloca"/>
<opset="x/1 "/>
</bind>
</comp>

<comp id="88" class="1004" name="indvar_flatten88_fu_88">
<pin_list>
<pin id="89" dir="0" index="0" bw="1" slack="0"/>
<pin id="90" dir="1" index="1" bw="18" slack="0"/>
</pin_list>
<bind>
<opcode="alloca(26) " fcode="alloca"/>
<opset="indvar_flatten88/1 "/>
</bind>
</comp>

<comp id="92" class="1004" name="output_fm_addr_gep_fu_92">
<pin_list>
<pin id="93" dir="0" index="0" bw="32" slack="0"/>
<pin id="94" dir="0" index="1" bw="1" slack="0"/>
<pin id="95" dir="0" index="2" bw="18" slack="0"/>
<pin id="96" dir="1" index="3" bw="18" slack="0"/>
</pin_list>
<bind>
<opcode="getelementptr(29) " fcode="getelementptr"/>
<opset="output_fm_addr/6 "/>
</bind>
</comp>

<comp id="99" class="1004" name="grp_access_fu_99">
<pin_list>
<pin id="100" dir="0" index="0" bw="18" slack="4"/>
<pin id="101" dir="0" index="1" bw="32" slack="0"/>
<pin id="102" dir="0" index="2" bw="0" slack="0"/>
<pin id="104" dir="0" index="4" bw="18" slack="2147483647"/>
<pin id="105" dir="0" index="5" bw="32" slack="2147483647"/>
<pin id="106" dir="0" index="6" bw="0" slack="2147483647"/>
<pin id="103" dir="1" index="3" bw="32" slack="2147483647"/>
<pin id="107" dir="1" index="7" bw="32" slack="0"/>
</pin_list>
<bind>
<opcode="load(27) store(28) " fcode="store"/>
<opset="output_fm_load/6 store_ln64/10 "/>
</bind>
</comp>

<comp id="110" class="1004" name="grp_fu_110">
<pin_list>
<pin id="111" dir="0" index="0" bw="32" slack="0"/>
<pin id="112" dir="0" index="1" bw="32" slack="0"/>
<pin id="113" dir="1" index="2" bw="1" slack="0"/>
</pin_list>
<bind>
<opcode="fcmp(46) " fcode="fcmp"/>
<opset="tmp_2/8 "/>
</bind>
</comp>

<comp id="115" class="1004" name="store_ln0_store_fu_115">
<pin_list>
<pin id="116" dir="0" index="0" bw="1" slack="0"/>
<pin id="117" dir="0" index="1" bw="18" slack="0"/>
<pin id="118" dir="1" index="2" bw="0" slack="2147483647"/>
</pin_list>
<bind>
<opcode="store(28) " fcode="store"/>
<opset="store_ln0/1 "/>
</bind>
</comp>

<comp id="120" class="1004" name="store_ln0_store_fu_120">
<pin_list>
<pin id="121" dir="0" index="0" bw="1" slack="0"/>
<pin id="122" dir="0" index="1" bw="7" slack="0"/>
<pin id="123" dir="1" index="2" bw="0" slack="2147483647"/>
</pin_list>
<bind>
<opcode="store(28) " fcode="store"/>
<opset="store_ln0/1 "/>
</bind>
</comp>

<comp id="125" class="1004" name="store_ln0_store_fu_125">
<pin_list>
<pin id="126" dir="0" index="0" bw="1" slack="0"/>
<pin id="127" dir="0" index="1" bw="12" slack="0"/>
<pin id="128" dir="1" index="2" bw="0" slack="2147483647"/>
</pin_list>
<bind>
<opcode="store(28) " fcode="store"/>
<opset="store_ln0/1 "/>
</bind>
</comp>

<comp id="130" class="1004" name="store_ln0_store_fu_130">
<pin_list>
<pin id="131" dir="0" index="0" bw="1" slack="0"/>
<pin id="132" dir="0" index="1" bw="6" slack="0"/>
<pin id="133" dir="1" index="2" bw="0" slack="2147483647"/>
</pin_list>
<bind>
<opcode="store(28) " fcode="store"/>
<opset="store_ln0/1 "/>
</bind>
</comp>

<comp id="135" class="1004" name="store_ln0_store_fu_135">
<pin_list>
<pin id="136" dir="0" index="0" bw="1" slack="0"/>
<pin id="137" dir="0" index="1" bw="6" slack="0"/>
<pin id="138" dir="1" index="2" bw="0" slack="2147483647"/>
</pin_list>
<bind>
<opcode="store(28) " fcode="store"/>
<opset="store_ln0/1 "/>
</bind>
</comp>

<comp id="140" class="1004" name="indvar_flatten74_load_load_fu_140">
<pin_list>
<pin id="141" dir="0" index="0" bw="12" slack="1"/>
<pin id="142" dir="1" index="1" bw="12" slack="0"/>
</pin_list>
<bind>
<opcode="load(27) " fcode="load"/>
<opset="indvar_flatten74_load/2 "/>
</bind>
</comp>

<comp id="143" class="1004" name="indvar_flatten88_load_load_fu_143">
<pin_list>
<pin id="144" dir="0" index="0" bw="18" slack="1"/>
<pin id="145" dir="1" index="1" bw="18" slack="0"/>
</pin_list>
<bind>
<opcode="load(27) " fcode="load"/>
<opset="indvar_flatten88_load/2 "/>
</bind>
</comp>

<comp id="146" class="1004" name="icmp_ln61_fu_146">
<pin_list>
<pin id="147" dir="0" index="0" bw="18" slack="0"/>
<pin id="148" dir="0" index="1" bw="18" slack="0"/>
<pin id="149" dir="1" index="2" bw="1" slack="7"/>
</pin_list>
<bind>
<opcode="icmp(45) " fcode="icmp"/>
<opset="icmp_ln61/2 "/>
</bind>
</comp>

<comp id="152" class="1004" name="add_ln61_1_fu_152">
<pin_list>
<pin id="153" dir="0" index="0" bw="18" slack="0"/>
<pin id="154" dir="0" index="1" bw="1" slack="0"/>
<pin id="155" dir="1" index="2" bw="18" slack="0"/>
</pin_list>
<bind>
<opcode="add(8) " fcode="add"/>
<opset="add_ln61_1/2 "/>
</bind>
</comp>

<comp id="158" class="1004" name="x_load_load_fu_158">
<pin_list>
<pin id="159" dir="0" index="0" bw="7" slack="1"/>
<pin id="160" dir="1" index="1" bw="7" slack="0"/>
</pin_list>
<bind>
<opcode="load(27) " fcode="load"/>
<opset="x_load/2 "/>
</bind>
</comp>

<comp id="161" class="1004" name="add_ln61_fu_161">
<pin_list>
<pin id="162" dir="0" index="0" bw="7" slack="0"/>
<pin id="163" dir="0" index="1" bw="1" slack="0"/>
<pin id="164" dir="1" index="2" bw="7" slack="0"/>
</pin_list>
<bind>
<opcode="add(8) " fcode="add"/>
<opset="add_ln61/2 "/>
</bind>
</comp>

<comp id="167" class="1004" name="icmp_ln62_fu_167">
<pin_list>
<pin id="168" dir="0" index="0" bw="12" slack="0"/>
<pin id="169" dir="0" index="1" bw="12" slack="0"/>
<pin id="170" dir="1" index="2" bw="1" slack="0"/>
</pin_list>
<bind>
<opcode="icmp(45) " fcode="icmp"/>
<opset="icmp_ln62/2 "/>
</bind>
</comp>

<comp id="173" class="1004" name="select_ln61_1_fu_173">
<pin_list>
<pin id="174" dir="0" index="0" bw="1" slack="0"/>
<pin id="175" dir="0" index="1" bw="7" slack="0"/>
<pin id="176" dir="0" index="2" bw="7" slack="0"/>
<pin id="177" dir="1" index="3" bw="7" slack="0"/>
</pin_list>
<bind>
<opcode="select(49) " fcode="select"/>
<opset="select_ln61_1/2 "/>
</bind>
</comp>

<comp id="181" class="1004" name="add_ln62_1_fu_181">
<pin_list>
<pin id="182" dir="0" index="0" bw="12" slack="0"/>
<pin id="183" dir="0" index="1" bw="1" slack="0"/>
<pin id="184" dir="1" index="2" bw="12" slack="0"/>
</pin_list>
<bind>
<opcode="add(8) " fcode="add"/>
<opset="add_ln62_1/2 "/>
</bind>
</comp>

<comp id="187" class="1004" name="select_ln62_2_fu_187">
<pin_list>
<pin id="188" dir="0" index="0" bw="1" slack="0"/>
<pin id="189" dir="0" index="1" bw="12" slack="0"/>
<pin id="190" dir="0" index="2" bw="12" slack="0"/>
<pin id="191" dir="1" index="3" bw="12" slack="0"/>
</pin_list>
<bind>
<opcode="select(49) " fcode="select"/>
<opset="select_ln62_2/2 "/>
</bind>
</comp>

<comp id="195" class="1004" name="store_ln63_store_fu_195">
<pin_list>
<pin id="196" dir="0" index="0" bw="18" slack="0"/>
<pin id="197" dir="0" index="1" bw="18" slack="1"/>
<pin id="198" dir="1" index="2" bw="0" slack="2147483647"/>
</pin_list>
<bind>
<opcode="store(28) " fcode="store"/>
<opset="store_ln63/2 "/>
</bind>
</comp>

<comp id="200" class="1004" name="store_ln63_store_fu_200">
<pin_list>
<pin id="201" dir="0" index="0" bw="7" slack="0"/>
<pin id="202" dir="0" index="1" bw="7" slack="1"/>
<pin id="203" dir="1" index="2" bw="0" slack="2147483647"/>
</pin_list>
<bind>
<opcode="store(28) " fcode="store"/>
<opset="store_ln63/2 "/>
</bind>
</comp>

<comp id="205" class="1004" name="store_ln63_store_fu_205">
<pin_list>
<pin id="206" dir="0" index="0" bw="12" slack="0"/>
<pin id="207" dir="0" index="1" bw="12" slack="1"/>
<pin id="208" dir="1" index="2" bw="0" slack="2147483647"/>
</pin_list>
<bind>
<opcode="store(28) " fcode="store"/>
<opset="store_ln63/2 "/>
</bind>
</comp>

<comp id="210" class="1004" name="z_load_load_fu_210">
<pin_list>
<pin id="211" dir="0" index="0" bw="6" slack="2"/>
<pin id="212" dir="1" index="1" bw="6" slack="0"/>
</pin_list>
<bind>
<opcode="load(27) " fcode="load"/>
<opset="z_load/3 "/>
</bind>
</comp>

<comp id="213" class="1004" name="y_load_load_fu_213">
<pin_list>
<pin id="214" dir="0" index="0" bw="6" slack="2"/>
<pin id="215" dir="1" index="1" bw="6" slack="0"/>
</pin_list>
<bind>
<opcode="load(27) " fcode="load"/>
<opset="y_load/3 "/>
</bind>
</comp>

<comp id="216" class="1004" name="select_ln61_fu_216">
<pin_list>
<pin id="217" dir="0" index="0" bw="1" slack="1"/>
<pin id="218" dir="0" index="1" bw="6" slack="0"/>
<pin id="219" dir="0" index="2" bw="6" slack="0"/>
<pin id="220" dir="1" index="3" bw="6" slack="0"/>
</pin_list>
<bind>
<opcode="select(49) " fcode="select"/>
<opset="select_ln61/3 "/>
</bind>
</comp>

<comp id="223" class="1004" name="zext_ln64_fu_223">
<pin_list>
<pin id="224" dir="0" index="0" bw="7" slack="1"/>
<pin id="225" dir="1" index="1" bw="13" slack="0"/>
</pin_list>
<bind>
<opcode="zext(34) " fcode="zext"/>
<opset="zext_ln64/3 "/>
</bind>
</comp>

<comp id="226" class="1004" name="mul_ln64_fu_226">
<pin_list>
<pin id="227" dir="0" index="0" bw="7" slack="0"/>
<pin id="228" dir="0" index="1" bw="7" slack="0"/>
<pin id="229" dir="1" index="2" bw="13" slack="0"/>
</pin_list>
<bind>
<opcode="mul(12) " fcode="mul"/>
<opset="mul_ln64/3 "/>
</bind>
</comp>

<comp id="232" class="1004" name="xor_ln61_fu_232">
<pin_list>
<pin id="233" dir="0" index="0" bw="1" slack="1"/>
<pin id="234" dir="0" index="1" bw="1" slack="0"/>
<pin id="235" dir="1" index="2" bw="1" slack="0"/>
</pin_list>
<bind>
<opcode="xor(25) " fcode="xor"/>
<opset="xor_ln61/3 "/>
</bind>
</comp>

<comp id="237" class="1004" name="icmp_ln63_fu_237">
<pin_list>
<pin id="238" dir="0" index="0" bw="6" slack="0"/>
<pin id="239" dir="0" index="1" bw="6" slack="0"/>
<pin id="240" dir="1" index="2" bw="1" slack="0"/>
</pin_list>
<bind>
<opcode="icmp(45) " fcode="icmp"/>
<opset="icmp_ln63/3 "/>
</bind>
</comp>

<comp id="243" class="1004" name="and_ln61_fu_243">
<pin_list>
<pin id="244" dir="0" index="0" bw="1" slack="0"/>
<pin id="245" dir="0" index="1" bw="1" slack="0"/>
<pin id="246" dir="1" index="2" bw="1" slack="0"/>
</pin_list>
<bind>
<opcode="and(23) " fcode="and"/>
<opset="and_ln61/3 "/>
</bind>
</comp>

<comp id="249" class="1004" name="add_ln62_fu_249">
<pin_list>
<pin id="250" dir="0" index="0" bw="6" slack="0"/>
<pin id="251" dir="0" index="1" bw="1" slack="0"/>
<pin id="252" dir="1" index="2" bw="6" slack="0"/>
</pin_list>
<bind>
<opcode="add(8) " fcode="add"/>
<opset="add_ln62/3 "/>
</bind>
</comp>

<comp id="255" class="1004" name="or_ln62_fu_255">
<pin_list>
<pin id="256" dir="0" index="0" bw="1" slack="0"/>
<pin id="257" dir="0" index="1" bw="1" slack="1"/>
<pin id="258" dir="1" index="2" bw="1" slack="0"/>
</pin_list>
<bind>
<opcode="or(24) " fcode="or"/>
<opset="or_ln62/3 "/>
</bind>
</comp>

<comp id="260" class="1004" name="select_ln62_fu_260">
<pin_list>
<pin id="261" dir="0" index="0" bw="1" slack="0"/>
<pin id="262" dir="0" index="1" bw="6" slack="0"/>
<pin id="263" dir="0" index="2" bw="6" slack="0"/>
<pin id="264" dir="1" index="3" bw="6" slack="0"/>
</pin_list>
<bind>
<opcode="select(49) " fcode="select"/>
<opset="select_ln62/3 "/>
</bind>
</comp>

<comp id="268" class="1004" name="select_ln62_1_fu_268">
<pin_list>
<pin id="269" dir="0" index="0" bw="1" slack="0"/>
<pin id="270" dir="0" index="1" bw="6" slack="0"/>
<pin id="271" dir="0" index="2" bw="6" slack="0"/>
<pin id="272" dir="1" index="3" bw="6" slack="0"/>
</pin_list>
<bind>
<opcode="select(49) " fcode="select"/>
<opset="select_ln62_1/3 "/>
</bind>
</comp>

<comp id="276" class="1004" name="zext_ln64_1_fu_276">
<pin_list>
<pin id="277" dir="0" index="0" bw="6" slack="0"/>
<pin id="278" dir="1" index="1" bw="13" slack="0"/>
</pin_list>
<bind>
<opcode="zext(34) " fcode="zext"/>
<opset="zext_ln64_1/3 "/>
</bind>
</comp>

<comp id="280" class="1004" name="add_ln63_fu_280">
<pin_list>
<pin id="281" dir="0" index="0" bw="6" slack="0"/>
<pin id="282" dir="0" index="1" bw="1" slack="0"/>
<pin id="283" dir="1" index="2" bw="6" slack="0"/>
</pin_list>
<bind>
<opcode="add(8) " fcode="add"/>
<opset="add_ln63/3 "/>
</bind>
</comp>

<comp id="286" class="1004" name="store_ln63_store_fu_286">
<pin_list>
<pin id="287" dir="0" index="0" bw="6" slack="0"/>
<pin id="288" dir="0" index="1" bw="6" slack="2"/>
<pin id="289" dir="1" index="2" bw="0" slack="2147483647"/>
</pin_list>
<bind>
<opcode="store(28) " fcode="store"/>
<opset="store_ln63/3 "/>
</bind>
</comp>

<comp id="291" class="1004" name="store_ln63_store_fu_291">
<pin_list>
<pin id="292" dir="0" index="0" bw="6" slack="0"/>
<pin id="293" dir="0" index="1" bw="6" slack="2"/>
<pin id="294" dir="1" index="2" bw="0" slack="2147483647"/>
</pin_list>
<bind>
<opcode="store(28) " fcode="store"/>
<opset="store_ln63/3 "/>
</bind>
</comp>

<comp id="296" class="1004" name="zext_ln64_2_fu_296">
<pin_list>
<pin id="297" dir="0" index="0" bw="6" slack="2"/>
<pin id="298" dir="1" index="1" bw="18" slack="0"/>
</pin_list>
<bind>
<opcode="zext(34) " fcode="zext"/>
<opset="zext_ln64_2/5 "/>
</bind>
</comp>

<comp id="299" class="1004" name="zext_ln64_3_fu_299">
<pin_list>
<pin id="300" dir="0" index="0" bw="18" slack="0"/>
<pin id="301" dir="1" index="1" bw="64" slack="0"/>
</pin_list>
<bind>
<opcode="zext(34) " fcode="zext"/>
<opset="zext_ln64_3/6 "/>
</bind>
</comp>

<comp id="303" class="1004" name="tmp_fu_303">
<pin_list>
<pin id="304" dir="0" index="0" bw="8" slack="0"/>
<pin id="305" dir="0" index="1" bw="32" slack="0"/>
<pin id="306" dir="0" index="2" bw="6" slack="0"/>
<pin id="307" dir="0" index="3" bw="6" slack="0"/>
<pin id="308" dir="1" index="4" bw="8" slack="0"/>
</pin_list>
<bind>
<opcode="partselect(1002) " fcode="partselect"/>
<opset="tmp/7 "/>
</bind>
</comp>

<comp id="313" class="1004" name="trunc_ln64_fu_313">
<pin_list>
<pin id="314" dir="0" index="0" bw="32" slack="0"/>
<pin id="315" dir="1" index="1" bw="23" slack="0"/>
</pin_list>
<bind>
<opcode="trunc(33) " fcode="trunc"/>
<opset="trunc_ln64/7 "/>
</bind>
</comp>

<comp id="317" class="1004" name="icmp_ln64_fu_317">
<pin_list>
<pin id="318" dir="0" index="0" bw="8" slack="0"/>
<pin id="319" dir="0" index="1" bw="8" slack="0"/>
<pin id="320" dir="1" index="2" bw="1" slack="2"/>
</pin_list>
<bind>
<opcode="icmp(45) " fcode="icmp"/>
<opset="icmp_ln64/7 "/>
</bind>
</comp>

<comp id="323" class="1004" name="icmp_ln64_1_fu_323">
<pin_list>
<pin id="324" dir="0" index="0" bw="23" slack="0"/>
<pin id="325" dir="0" index="1" bw="23" slack="0"/>
<pin id="326" dir="1" index="2" bw="1" slack="2"/>
</pin_list>
<bind>
<opcode="icmp(45) " fcode="icmp"/>
<opset="icmp_ln64_1/7 "/>
</bind>
</comp>

<comp id="329" class="1004" name="bitcast_ln64_fu_329">
<pin_list>
<pin id="330" dir="0" index="0" bw="32" slack="1"/>
<pin id="331" dir="1" index="1" bw="32" slack="0"/>
</pin_list>
<bind>
<opcode="bitcast(44) " fcode="bitcast"/>
<opset="bitcast_ln64/8 "/>
</bind>
</comp>

<comp id="333" class="1004" name="or_ln64_fu_333">
<pin_list>
<pin id="334" dir="0" index="0" bw="1" slack="2"/>
<pin id="335" dir="0" index="1" bw="1" slack="2"/>
<pin id="336" dir="1" index="2" bw="1" slack="0"/>
</pin_list>
<bind>
<opcode="or(24) " fcode="or"/>
<opset="or_ln64/9 "/>
</bind>
</comp>

<comp id="337" class="1004" name="and_ln64_fu_337">
<pin_list>
<pin id="338" dir="0" index="0" bw="1" slack="0"/>
<pin id="339" dir="0" index="1" bw="1" slack="0"/>
<pin id="340" dir="1" index="2" bw="1" slack="1"/>
</pin_list>
<bind>
<opcode="and(23) " fcode="and"/>
<opset="and_ln64/9 "/>
</bind>
</comp>

<comp id="343" class="1007" name="grp_fu_343">
<pin_list>
<pin id="344" dir="0" index="0" bw="13" slack="0"/>
<pin id="345" dir="0" index="1" bw="6" slack="0"/>
<pin id="346" dir="0" index="2" bw="6" slack="0"/>
<pin id="347" dir="0" index="3" bw="6" slack="0"/>
<pin id="348" dir="1" index="4" bw="18" slack="0"/>
</pin_list>
<bind>
<opcode="addmuladd(1175) " fcode="addmuladd"/>
<opset="add_ln64/3 add_ln64_cast/3 mul_ln64_1/3 add_ln64_1/5 "/>
</bind>
</comp>

<comp id="354" class="1005" name="z_reg_354">
<pin_list>
<pin id="355" dir="0" index="0" bw="6" slack="0"/>
<pin id="356" dir="1" index="1" bw="6" slack="0"/>
</pin_list>
<bind>
<opset="z "/>
</bind>
</comp>

<comp id="361" class="1005" name="y_reg_361">
<pin_list>
<pin id="362" dir="0" index="0" bw="6" slack="0"/>
<pin id="363" dir="1" index="1" bw="6" slack="0"/>
</pin_list>
<bind>
<opset="y "/>
</bind>
</comp>

<comp id="368" class="1005" name="indvar_flatten74_reg_368">
<pin_list>
<pin id="369" dir="0" index="0" bw="12" slack="0"/>
<pin id="370" dir="1" index="1" bw="12" slack="0"/>
</pin_list>
<bind>
<opset="indvar_flatten74 "/>
</bind>
</comp>

<comp id="375" class="1005" name="x_reg_375">
<pin_list>
<pin id="376" dir="0" index="0" bw="7" slack="0"/>
<pin id="377" dir="1" index="1" bw="7" slack="0"/>
</pin_list>
<bind>
<opset="x "/>
</bind>
</comp>

<comp id="382" class="1005" name="indvar_flatten88_reg_382">
<pin_list>
<pin id="383" dir="0" index="0" bw="18" slack="0"/>
<pin id="384" dir="1" index="1" bw="18" slack="0"/>
</pin_list>
<bind>
<opset="indvar_flatten88 "/>
</bind>
</comp>

<comp id="389" class="1005" name="icmp_ln61_reg_389">
<pin_list>
<pin id="390" dir="0" index="0" bw="1" slack="7"/>
<pin id="391" dir="1" index="1" bw="1" slack="2147483647"/>
</pin_list>
<bind>
<opset="icmp_ln61 "/>
</bind>
</comp>

<comp id="393" class="1005" name="icmp_ln62_reg_393">
<pin_list>
<pin id="394" dir="0" index="0" bw="1" slack="1"/>
<pin id="395" dir="1" index="1" bw="1" slack="1"/>
</pin_list>
<bind>
<opset="icmp_ln62 "/>
</bind>
</comp>

<comp id="400" class="1005" name="select_ln61_1_reg_400">
<pin_list>
<pin id="401" dir="0" index="0" bw="7" slack="1"/>
<pin id="402" dir="1" index="1" bw="7" slack="1"/>
</pin_list>
<bind>
<opset="select_ln61_1 "/>
</bind>
</comp>

<comp id="405" class="1005" name="select_ln62_reg_405">
<pin_list>
<pin id="406" dir="0" index="0" bw="6" slack="2"/>
<pin id="407" dir="1" index="1" bw="6" slack="2"/>
</pin_list>
<bind>
<opset="select_ln62 "/>
</bind>
</comp>

<comp id="410" class="1005" name="zext_ln64_2_reg_410">
<pin_list>
<pin id="411" dir="0" index="0" bw="18" slack="1"/>
<pin id="412" dir="1" index="1" bw="18" slack="1"/>
</pin_list>
<bind>
<opset="zext_ln64_2 "/>
</bind>
</comp>

<comp id="415" class="1005" name="output_fm_addr_reg_415">
<pin_list>
<pin id="416" dir="0" index="0" bw="18" slack="1"/>
<pin id="417" dir="1" index="1" bw="18" slack="1"/>
</pin_list>
<bind>
<opset="output_fm_addr "/>
</bind>
</comp>

<comp id="421" class="1005" name="output_fm_load_reg_421">
<pin_list>
<pin id="422" dir="0" index="0" bw="32" slack="1"/>
<pin id="423" dir="1" index="1" bw="32" slack="1"/>
</pin_list>
<bind>
<opset="output_fm_load "/>
</bind>
</comp>

<comp id="426" class="1005" name="icmp_ln64_reg_426">
<pin_list>
<pin id="427" dir="0" index="0" bw="1" slack="2"/>
<pin id="428" dir="1" index="1" bw="1" slack="2"/>
</pin_list>
<bind>
<opset="icmp_ln64 "/>
</bind>
</comp>

<comp id="431" class="1005" name="icmp_ln64_1_reg_431">
<pin_list>
<pin id="432" dir="0" index="0" bw="1" slack="2"/>
<pin id="433" dir="1" index="1" bw="1" slack="2"/>
</pin_list>
<bind>
<opset="icmp_ln64_1 "/>
</bind>
</comp>

<comp id="436" class="1005" name="bitcast_ln64_reg_436">
<pin_list>
<pin id="437" dir="0" index="0" bw="32" slack="1"/>
<pin id="438" dir="1" index="1" bw="32" slack="1"/>
</pin_list>
<bind>
<opset="bitcast_ln64 "/>
</bind>
</comp>

<comp id="441" class="1005" name="and_ln64_reg_441">
<pin_list>
<pin id="442" dir="0" index="0" bw="1" slack="1"/>
<pin id="443" dir="1" index="1" bw="1" slack="2147483647"/>
</pin_list>
<bind>
<opset="and_ln64 "/>
</bind>
</comp>

</comp_list>

<net_list>
<net id="75"><net_src comp="2" pin="0"/><net_sink comp="72" pin=0"/></net>

<net id="79"><net_src comp="2" pin="0"/><net_sink comp="76" pin=0"/></net>

<net id="83"><net_src comp="2" pin="0"/><net_sink comp="80" pin=0"/></net>

<net id="87"><net_src comp="2" pin="0"/><net_sink comp="84" pin=0"/></net>

<net id="91"><net_src comp="2" pin="0"/><net_sink comp="88" pin=0"/></net>

<net id="97"><net_src comp="0" pin="0"/><net_sink comp="92" pin=0"/></net>

<net id="98"><net_src comp="46" pin="0"/><net_sink comp="92" pin=1"/></net>

<net id="108"><net_src comp="92" pin="3"/><net_sink comp="99" pin=2"/></net>

<net id="109"><net_src comp="8" pin="0"/><net_sink comp="99" pin=1"/></net>

<net id="114"><net_src comp="58" pin="0"/><net_sink comp="110" pin=1"/></net>

<net id="119"><net_src comp="14" pin="0"/><net_sink comp="115" pin=0"/></net>

<net id="124"><net_src comp="16" pin="0"/><net_sink comp="120" pin=0"/></net>

<net id="129"><net_src comp="18" pin="0"/><net_sink comp="125" pin=0"/></net>

<net id="134"><net_src comp="20" pin="0"/><net_sink comp="130" pin=0"/></net>

<net id="139"><net_src comp="20" pin="0"/><net_sink comp="135" pin=0"/></net>

<net id="150"><net_src comp="143" pin="1"/><net_sink comp="146" pin=0"/></net>

<net id="151"><net_src comp="26" pin="0"/><net_sink comp="146" pin=1"/></net>

<net id="156"><net_src comp="143" pin="1"/><net_sink comp="152" pin=0"/></net>

<net id="157"><net_src comp="28" pin="0"/><net_sink comp="152" pin=1"/></net>

<net id="165"><net_src comp="158" pin="1"/><net_sink comp="161" pin=0"/></net>

<net id="166"><net_src comp="30" pin="0"/><net_sink comp="161" pin=1"/></net>

<net id="171"><net_src comp="140" pin="1"/><net_sink comp="167" pin=0"/></net>

<net id="172"><net_src comp="32" pin="0"/><net_sink comp="167" pin=1"/></net>

<net id="178"><net_src comp="167" pin="2"/><net_sink comp="173" pin=0"/></net>

<net id="179"><net_src comp="161" pin="2"/><net_sink comp="173" pin=1"/></net>

<net id="180"><net_src comp="158" pin="1"/><net_sink comp="173" pin=2"/></net>

<net id="185"><net_src comp="140" pin="1"/><net_sink comp="181" pin=0"/></net>

<net id="186"><net_src comp="34" pin="0"/><net_sink comp="181" pin=1"/></net>

<net id="192"><net_src comp="167" pin="2"/><net_sink comp="187" pin=0"/></net>

<net id="193"><net_src comp="34" pin="0"/><net_sink comp="187" pin=1"/></net>

<net id="194"><net_src comp="181" pin="2"/><net_sink comp="187" pin=2"/></net>

<net id="199"><net_src comp="152" pin="2"/><net_sink comp="195" pin=0"/></net>

<net id="204"><net_src comp="173" pin="3"/><net_sink comp="200" pin=0"/></net>

<net id="209"><net_src comp="187" pin="3"/><net_sink comp="205" pin=0"/></net>

<net id="221"><net_src comp="20" pin="0"/><net_sink comp="216" pin=1"/></net>

<net id="222"><net_src comp="213" pin="1"/><net_sink comp="216" pin=2"/></net>

<net id="230"><net_src comp="223" pin="1"/><net_sink comp="226" pin=0"/></net>

<net id="231"><net_src comp="36" pin="0"/><net_sink comp="226" pin=1"/></net>

<net id="236"><net_src comp="38" pin="0"/><net_sink comp="232" pin=1"/></net>

<net id="241"><net_src comp="210" pin="1"/><net_sink comp="237" pin=0"/></net>

<net id="242"><net_src comp="40" pin="0"/><net_sink comp="237" pin=1"/></net>

<net id="247"><net_src comp="237" pin="2"/><net_sink comp="243" pin=0"/></net>

<net id="248"><net_src comp="232" pin="2"/><net_sink comp="243" pin=1"/></net>

<net id="253"><net_src comp="216" pin="3"/><net_sink comp="249" pin=0"/></net>

<net id="254"><net_src comp="42" pin="0"/><net_sink comp="249" pin=1"/></net>

<net id="259"><net_src comp="243" pin="2"/><net_sink comp="255" pin=0"/></net>

<net id="265"><net_src comp="255" pin="2"/><net_sink comp="260" pin=0"/></net>

<net id="266"><net_src comp="20" pin="0"/><net_sink comp="260" pin=1"/></net>

<net id="267"><net_src comp="210" pin="1"/><net_sink comp="260" pin=2"/></net>

<net id="273"><net_src comp="243" pin="2"/><net_sink comp="268" pin=0"/></net>

<net id="274"><net_src comp="249" pin="2"/><net_sink comp="268" pin=1"/></net>

<net id="275"><net_src comp="216" pin="3"/><net_sink comp="268" pin=2"/></net>

<net id="279"><net_src comp="268" pin="3"/><net_sink comp="276" pin=0"/></net>

<net id="284"><net_src comp="260" pin="3"/><net_sink comp="280" pin=0"/></net>

<net id="285"><net_src comp="42" pin="0"/><net_sink comp="280" pin=1"/></net>

<net id="290"><net_src comp="268" pin="3"/><net_sink comp="286" pin=0"/></net>

<net id="295"><net_src comp="280" pin="2"/><net_sink comp="291" pin=0"/></net>

<net id="302"><net_src comp="299" pin="1"/><net_sink comp="92" pin=2"/></net>

<net id="309"><net_src comp="48" pin="0"/><net_sink comp="303" pin=0"/></net>

<net id="310"><net_src comp="99" pin="7"/><net_sink comp="303" pin=1"/></net>

<net id="311"><net_src comp="50" pin="0"/><net_sink comp="303" pin=2"/></net>

<net id="312"><net_src comp="52" pin="0"/><net_sink comp="303" pin=3"/></net>

<net id="316"><net_src comp="99" pin="7"/><net_sink comp="313" pin=0"/></net>

<net id="321"><net_src comp="303" pin="4"/><net_sink comp="317" pin=0"/></net>

<net id="322"><net_src comp="54" pin="0"/><net_sink comp="317" pin=1"/></net>

<net id="327"><net_src comp="313" pin="1"/><net_sink comp="323" pin=0"/></net>

<net id="328"><net_src comp="56" pin="0"/><net_sink comp="323" pin=1"/></net>

<net id="332"><net_src comp="329" pin="1"/><net_sink comp="110" pin=0"/></net>

<net id="341"><net_src comp="333" pin="2"/><net_sink comp="337" pin=0"/></net>

<net id="342"><net_src comp="110" pin="2"/><net_sink comp="337" pin=1"/></net>

<net id="349"><net_src comp="226" pin="2"/><net_sink comp="343" pin=0"/></net>

<net id="350"><net_src comp="276" pin="1"/><net_sink comp="343" pin=1"/></net>

<net id="351"><net_src comp="44" pin="0"/><net_sink comp="343" pin=2"/></net>

<net id="352"><net_src comp="296" pin="1"/><net_sink comp="343" pin=3"/></net>

<net id="353"><net_src comp="343" pin="4"/><net_sink comp="299" pin=0"/></net>

<net id="357"><net_src comp="72" pin="1"/><net_sink comp="354" pin=0"/></net>

<net id="358"><net_src comp="354" pin="1"/><net_sink comp="135" pin=1"/></net>

<net id="359"><net_src comp="354" pin="1"/><net_sink comp="210" pin=0"/></net>

<net id="360"><net_src comp="354" pin="1"/><net_sink comp="291" pin=1"/></net>

<net id="364"><net_src comp="76" pin="1"/><net_sink comp="361" pin=0"/></net>

<net id="365"><net_src comp="361" pin="1"/><net_sink comp="130" pin=1"/></net>

<net id="366"><net_src comp="361" pin="1"/><net_sink comp="213" pin=0"/></net>

<net id="367"><net_src comp="361" pin="1"/><net_sink comp="286" pin=1"/></net>

<net id="371"><net_src comp="80" pin="1"/><net_sink comp="368" pin=0"/></net>

<net id="372"><net_src comp="368" pin="1"/><net_sink comp="125" pin=1"/></net>

<net id="373"><net_src comp="368" pin="1"/><net_sink comp="140" pin=0"/></net>

<net id="374"><net_src comp="368" pin="1"/><net_sink comp="205" pin=1"/></net>

<net id="378"><net_src comp="84" pin="1"/><net_sink comp="375" pin=0"/></net>

<net id="379"><net_src comp="375" pin="1"/><net_sink comp="120" pin=1"/></net>

<net id="380"><net_src comp="375" pin="1"/><net_sink comp="158" pin=0"/></net>

<net id="381"><net_src comp="375" pin="1"/><net_sink comp="200" pin=1"/></net>

<net id="385"><net_src comp="88" pin="1"/><net_sink comp="382" pin=0"/></net>

<net id="386"><net_src comp="382" pin="1"/><net_sink comp="115" pin=1"/></net>

<net id="387"><net_src comp="382" pin="1"/><net_sink comp="143" pin=0"/></net>

<net id="388"><net_src comp="382" pin="1"/><net_sink comp="195" pin=1"/></net>

<net id="392"><net_src comp="146" pin="2"/><net_sink comp="389" pin=0"/></net>

<net id="396"><net_src comp="167" pin="2"/><net_sink comp="393" pin=0"/></net>

<net id="397"><net_src comp="393" pin="1"/><net_sink comp="216" pin=0"/></net>

<net id="398"><net_src comp="393" pin="1"/><net_sink comp="232" pin=0"/></net>

<net id="399"><net_src comp="393" pin="1"/><net_sink comp="255" pin=1"/></net>

<net id="403"><net_src comp="173" pin="3"/><net_sink comp="400" pin=0"/></net>

<net id="404"><net_src comp="400" pin="1"/><net_sink comp="223" pin=0"/></net>

<net id="408"><net_src comp="260" pin="3"/><net_sink comp="405" pin=0"/></net>

<net id="409"><net_src comp="405" pin="1"/><net_sink comp="296" pin=0"/></net>

<net id="413"><net_src comp="296" pin="1"/><net_sink comp="410" pin=0"/></net>

<net id="414"><net_src comp="410" pin="1"/><net_sink comp="343" pin=1"/></net>

<net id="418"><net_src comp="92" pin="3"/><net_sink comp="415" pin=0"/></net>

<net id="419"><net_src comp="415" pin="1"/><net_sink comp="99" pin=2"/></net>

<net id="420"><net_src comp="415" pin="1"/><net_sink comp="99" pin=0"/></net>

<net id="424"><net_src comp="99" pin="7"/><net_sink comp="421" pin=0"/></net>

<net id="425"><net_src comp="421" pin="1"/><net_sink comp="329" pin=0"/></net>

<net id="429"><net_src comp="317" pin="2"/><net_sink comp="426" pin=0"/></net>

<net id="430"><net_src comp="426" pin="1"/><net_sink comp="333" pin=1"/></net>

<net id="434"><net_src comp="323" pin="2"/><net_sink comp="431" pin=0"/></net>

<net id="435"><net_src comp="431" pin="1"/><net_sink comp="333" pin=0"/></net>

<net id="439"><net_src comp="329" pin="1"/><net_sink comp="436" pin=0"/></net>

<net id="440"><net_src comp="436" pin="1"/><net_sink comp="110" pin=0"/></net>

<net id="444"><net_src comp="337" pin="2"/><net_sink comp="441" pin=0"/></net>

</net_list>

</model> 
---------------- Datapath Model END ------------------

* FSMD analyzer results:
  - Output states:
	Port: output_fm | {10 }
 - Input state : 
	Port: conv_Pipeline_VITIS_LOOP_61_10_VITIS_LOOP_62_11_VITIS_LOOP_63_12 : output_fm | {6 7 }
  - Chain level:
	State 1
		store_ln0 : 1
		store_ln0 : 1
		store_ln0 : 1
		store_ln0 : 1
		store_ln0 : 1
	State 2
		icmp_ln61 : 1
		add_ln61_1 : 1
		br_ln61 : 2
		add_ln61 : 1
		icmp_ln62 : 1
		select_ln61_1 : 2
		add_ln62_1 : 1
		select_ln62_2 : 2
		store_ln63 : 2
		store_ln63 : 3
		store_ln63 : 3
	State 3
		select_ln61 : 1
		mul_ln64 : 1
		icmp_ln63 : 1
		and_ln61 : 2
		add_ln62 : 2
		or_ln62 : 2
		select_ln62 : 2
		select_ln62_1 : 3
		zext_ln64_1 : 4
		add_ln64 : 5
		add_ln64_cast : 6
		mul_ln64_1 : 7
		add_ln63 : 3
		store_ln63 : 4
		store_ln63 : 4
	State 4
	State 5
		add_ln64_1 : 1
	State 6
		zext_ln64_3 : 1
		output_fm_addr : 2
		output_fm_load : 3
	State 7
		tmp : 1
		trunc_ln64 : 1
		icmp_ln64 : 2
		icmp_ln64_1 : 2
	State 8
		tmp_2 : 1
	State 9
		and_ln64 : 1
		br_ln64 : 1
	State 10


============================================================
+ Verbose Summary: Datapath Resource usage 
============================================================

* Functional unit list:
|----------|----------------------|---------|---------|---------|
| Operation|    Functional Unit   |   DSP   |    FF   |   LUT   |
|----------|----------------------|---------|---------|---------|
|          |   add_ln61_1_fu_152  |    0    |    0    |    25   |
|          |    add_ln61_fu_161   |    0    |    0    |    14   |
|    add   |   add_ln62_1_fu_181  |    0    |    0    |    12   |
|          |    add_ln62_fu_249   |    0    |    0    |    14   |
|          |    add_ln63_fu_280   |    0    |    0    |    14   |
|----------|----------------------|---------|---------|---------|
|          |   icmp_ln61_fu_146   |    0    |    0    |    13   |
|          |   icmp_ln62_fu_167   |    0    |    0    |    12   |
|   icmp   |   icmp_ln63_fu_237   |    0    |    0    |    10   |
|          |   icmp_ln64_fu_317   |    0    |    0    |    11   |
|          |  icmp_ln64_1_fu_323  |    0    |    0    |    15   |
|----------|----------------------|---------|---------|---------|
|          | select_ln61_1_fu_173 |    0    |    0    |    7    |
|          | select_ln62_2_fu_187 |    0    |    0    |    12   |
|  select  |  select_ln61_fu_216  |    0    |    0    |    6    |
|          |  select_ln62_fu_260  |    0    |    0    |    6    |
|          | select_ln62_1_fu_268 |    0    |    0    |    6    |
|----------|----------------------|---------|---------|---------|
|    mul   |    mul_ln64_fu_226   |    0    |    0    |    33   |
|----------|----------------------|---------|---------|---------|
|    and   |    and_ln61_fu_243   |    0    |    0    |    2    |
|          |    and_ln64_fu_337   |    0    |    0    |    2    |
|----------|----------------------|---------|---------|---------|
|    or    |    or_ln62_fu_255    |    0    |    0    |    2    |
|          |    or_ln64_fu_333    |    0    |    0    |    2    |
|----------|----------------------|---------|---------|---------|
|    xor   |    xor_ln61_fu_232   |    0    |    0    |    2    |
|----------|----------------------|---------|---------|---------|
| addmuladd|      grp_fu_343      |    1    |    0    |    0    |
|----------|----------------------|---------|---------|---------|
|   fcmp   |      grp_fu_110      |    0    |    0    |    0    |
|----------|----------------------|---------|---------|---------|
|          |   zext_ln64_fu_223   |    0    |    0    |    0    |
|   zext   |  zext_ln64_1_fu_276  |    0    |    0    |    0    |
|          |  zext_ln64_2_fu_296  |    0    |    0    |    0    |
|          |  zext_ln64_3_fu_299  |    0    |    0    |    0    |
|----------|----------------------|---------|---------|---------|
|partselect|      tmp_fu_303      |    0    |    0    |    0    |
|----------|----------------------|---------|---------|---------|
|   trunc  |   trunc_ln64_fu_313  |    0    |    0    |    0    |
|----------|----------------------|---------|---------|---------|
|   Total  |                      |    1    |    0    |   220   |
|----------|----------------------|---------|---------|---------|

Memories:
N/A

* Register list:
+------------------------+--------+
|                        |   FF   |
+------------------------+--------+
|    and_ln64_reg_441    |    1   |
|  bitcast_ln64_reg_436  |   32   |
|    icmp_ln61_reg_389   |    1   |
|    icmp_ln62_reg_393   |    1   |
|   icmp_ln64_1_reg_431  |    1   |
|    icmp_ln64_reg_426   |    1   |
|indvar_flatten74_reg_368|   12   |
|indvar_flatten88_reg_382|   18   |
| output_fm_addr_reg_415 |   18   |
| output_fm_load_reg_421 |   32   |
|  select_ln61_1_reg_400 |    7   |
|   select_ln62_reg_405  |    6   |
|        x_reg_375       |    7   |
|        y_reg_361       |    6   |
|        z_reg_354       |    6   |
|   zext_ln64_2_reg_410  |   18   |
+------------------------+--------+
|          Total         |   167  |
+------------------------+--------+

* Multiplexer (MUX) list: 
|------------------|------|------|------|--------||---------||---------|
|       Comp       |  Pin | Size |  BW  | S x BW ||  Delay  ||   LUT   |
|------------------|------|------|------|--------||---------||---------|
| grp_access_fu_99 |  p2  |   2  |   0  |    0   ||    9    |
|    grp_fu_110    |  p0  |   2  |  32  |   64   ||    9    |
|    grp_fu_343    |  p1  |   2  |   6  |   12   ||    9    |
|------------------|------|------|------|--------||---------||---------|
|       Total      |      |      |      |   76   ||  4.764  ||    27   |
|------------------|------|------|------|--------||---------||---------|



* Summary:
+-----------+--------+--------+--------+--------+
|           |   DSP  |  Delay |   FF   |   LUT  |
+-----------+--------+--------+--------+--------+
|  Function |    1   |    -   |    0   |   220  |
|   Memory  |    -   |    -   |    -   |    -   |
|Multiplexer|    -   |    4   |    -   |   27   |
|  Register |    -   |    -   |   167  |    -   |
+-----------+--------+--------+--------+--------+
|   Total   |    1   |    4   |   167  |   247  |
+-----------+--------+--------+--------+--------+
