

================================================================
== Vitis HLS Report for 'conv_Pipeline_VITIS_LOOP_17_4_VITIS_LOOP_19_5_VITIS_LOOP_21_6'
================================================================
* Date:           Wed Oct  7 17:29:04 2026

* Version:        2022.2 (Build 3670227 on Oct 13 2022)
* Project:        vitis.prj
* Solution:       solution1 (Vivado IP Flow Target)
* Product family: zynq
* Target device:  xc7z020-clg400-1


================================================================
== Performance Estimates
================================================================
+ Timing: 
    * Summary: 
    +--------+----------+----------+------------+
    |  Clock |  Target  | Estimated| Uncertainty|
    +--------+----------+----------+------------+
    |ap_clk  |  10.00 ns|  7.256 ns|     2.70 ns|
    +--------+----------+----------+------------+

+ Latency: 
    * Summary: 
    +---------+---------+-----------+-----------+------+------+---------+
    |  Latency (cycles) |   Latency (absolute)  |   Interval  | Pipeline|
    |   min   |   max   |    min    |    max    |  min |  max |   Type  |
    +---------+---------+-----------+-----------+------+------+---------+
    |     1829|     1829|  18.290 us|  18.290 us|  1829|  1829|       no|
    +---------+---------+-----------+-----------+------+------+---------+

    + Detail: 
        * Instance: 
        N/A

        * Loop: 
        +---------------------------------------------------+---------+---------+----------+-----------+-----------+------+----------+
        |                                                   |  Latency (cycles) | Iteration|  Initiation Interval  | Trip |          |
        |                     Loop Name                     |   min   |   max   |  Latency |  achieved |   target  | Count| Pipelined|
        +---------------------------------------------------+---------+---------+----------+-----------+-----------+------+----------+
        |- VITIS_LOOP_17_4_VITIS_LOOP_19_5_VITIS_LOOP_21_6  |     1827|     1827|        18|          5|          1|   363|       yes|
        +---------------------------------------------------+---------+---------+----------+-----------+-----------+------+----------+

============================================================
+ Verbose Summary: Synthesis Manager
============================================================
InlineROM: 1
ExposeGlobal: 0
============================================================
+ Verbose Summary: CDFG Model
============================================================
IsTopModel: 0
ResetActiveHigh: 1
IsCombinational: 0
IsDatapathOnly: 0
HasWiredReturn: 1
HasMFsm: 2
HasVarLatency: 1
IsPipeline: 0
IsRtlPipelined: 0
IsInstanceOverlapped: 0
IsDontTouch: 0
HasImplIP: 0
IsGatedGlobalClock: 0

+ Individual pipeline summary: 
  * Pipeline-0: initiation interval (II) = 5, depth = 18


============================================================
+ Verbose Summary: Schedule
============================================================
* Number of FSM states : 18
* Pipeline : 1
  Pipeline-0 : II = 5, D = 18, States = { 1 2 3 4 5 6 7 8 9 10 11 12 13 14 15 16 17 18 }
* Dataflow Pipeline: 0

* FSM state transitions: 
1 --> 2 
2 --> 3 
3 --> 4 
4 --> 5 
5 --> 6 
6 --> 7 
7 --> 8 
8 --> 9 
9 --> 10 
10 --> 11 
11 --> 12 
12 --> 13 
13 --> 14 
14 --> 15 
15 --> 16 
16 --> 17 
17 --> 18 
18 --> 

* FSM state operations: 

State 1 <SV = 0> <Delay = 5.33>
ST_1 : Operation 21 [1/1] (0.00ns)   --->   "%sum_1 = alloca i32 1"   --->   Operation 21 'alloca' 'sum_1' <Predicate = true> <Delay = 0.00>
ST_1 : Operation 22 [1/1] (0.00ns)   --->   "%kc = alloca i32 1"   --->   Operation 22 'alloca' 'kc' <Predicate = true> <Delay = 0.00>
ST_1 : Operation 23 [1/1] (0.00ns)   --->   "%kr = alloca i32 1"   --->   Operation 23 'alloca' 'kr' <Predicate = true> <Delay = 0.00>
ST_1 : Operation 24 [1/1] (0.00ns)   --->   "%indvar_flatten = alloca i32 1"   --->   Operation 24 'alloca' 'indvar_flatten' <Predicate = true> <Delay = 0.00>
ST_1 : Operation 25 [1/1] (0.00ns)   --->   "%m = alloca i32 1"   --->   Operation 25 'alloca' 'm' <Predicate = true> <Delay = 0.00>
ST_1 : Operation 26 [1/1] (0.00ns)   --->   "%indvar_flatten21 = alloca i32 1"   --->   Operation 26 'alloca' 'indvar_flatten21' <Predicate = true> <Delay = 0.00>
ST_1 : Operation 27 [1/1] (0.00ns)   --->   "%tmp_4_read = read i8 @_ssdm_op_Read.ap_auto.i8, i8 %tmp_4"   --->   Operation 27 'read' 'tmp_4_read' <Predicate = true> <Delay = 0.00>
ST_1 : Operation 28 [1/1] (0.00ns)   --->   "%sub_ln27_read = read i10 @_ssdm_op_Read.ap_auto.i10, i10 %sub_ln27"   --->   Operation 28 'read' 'sub_ln27_read' <Predicate = true> <Delay = 0.00>
ST_1 : Operation 29 [1/1] (0.00ns)   --->   "%select_ln11_2_read = read i8 @_ssdm_op_Read.ap_auto.i8, i8 %select_ln11_2"   --->   Operation 29 'read' 'select_ln11_2_read' <Predicate = true> <Delay = 0.00>
ST_1 : Operation 30 [1/1] (0.00ns)   --->   "%bitcast_ln9_read = read i32 @_ssdm_op_Read.ap_auto.float, i32 %bitcast_ln9"   --->   Operation 30 'read' 'bitcast_ln9_read' <Predicate = true> <Delay = 0.00>
ST_1 : Operation 31 [1/1] (0.00ns)   --->   "%sub_ln27_cast = sext i10 %sub_ln27_read"   --->   Operation 31 'sext' 'sub_ln27_cast' <Predicate = true> <Delay = 0.00>
ST_1 : Operation 32 [1/1] (0.00ns)   --->   "%specinterface_ln0 = specinterface void @_ssdm_op_SpecInterface, i32 %weights, void @empty, i32 0, i32 0, void @empty_0, i32 4294967295, i32 0, void @empty_0, void @empty_0, void @empty_0, i32 0, i32 0, i32 0, i32 0, void @empty_0, void @empty_0, i32 4294967295, i32 0"   --->   Operation 32 'specinterface' 'specinterface_ln0' <Predicate = true> <Delay = 0.00>
ST_1 : Operation 33 [1/1] (0.00ns)   --->   "%specinterface_ln0 = specinterface void @_ssdm_op_SpecInterface, i32 %input_fm, void @empty, i32 0, i32 0, void @empty_0, i32 4294967295, i32 0, void @empty_0, void @empty_0, void @empty_0, i32 0, i32 0, i32 0, i32 0, void @empty_0, void @empty_0, i32 4294967295, i32 0"   --->   Operation 33 'specinterface' 'specinterface_ln0' <Predicate = true> <Delay = 0.00>
ST_1 : Operation 34 [1/1] (1.58ns)   --->   "%store_ln0 = store i9 0, i9 %indvar_flatten21"   --->   Operation 34 'store' 'store_ln0' <Predicate = true> <Delay = 1.58>
ST_1 : Operation 35 [1/1] (1.58ns)   --->   "%store_ln0 = store i2 0, i2 %m"   --->   Operation 35 'store' 'store_ln0' <Predicate = true> <Delay = 1.58>
ST_1 : Operation 36 [1/1] (1.58ns)   --->   "%store_ln0 = store i8 0, i8 %indvar_flatten"   --->   Operation 36 'store' 'store_ln0' <Predicate = true> <Delay = 1.58>
ST_1 : Operation 37 [1/1] (1.58ns)   --->   "%store_ln0 = store i4 0, i4 %kr"   --->   Operation 37 'store' 'store_ln0' <Predicate = true> <Delay = 1.58>
ST_1 : Operation 38 [1/1] (1.58ns)   --->   "%store_ln0 = store i4 0, i4 %kc"   --->   Operation 38 'store' 'store_ln0' <Predicate = true> <Delay = 1.58>
ST_1 : Operation 39 [1/1] (1.58ns)   --->   "%store_ln0 = store i32 %bitcast_ln9_read, i32 %sum_1"   --->   Operation 39 'store' 'store_ln0' <Predicate = true> <Delay = 1.58>
ST_1 : Operation 40 [1/1] (0.00ns)   --->   "%br_ln0 = br void %for.inc"   --->   Operation 40 'br' 'br_ln0' <Predicate = true> <Delay = 0.00>
ST_1 : Operation 41 [1/1] (0.00ns)   --->   "%kr_1 = load i4 %kr" [conv.cpp:19]   --->   Operation 41 'load' 'kr_1' <Predicate = true> <Delay = 0.00>
ST_1 : Operation 42 [1/1] (0.00ns)   --->   "%indvar_flatten21_load = load i9 %indvar_flatten21" [conv.cpp:17]   --->   Operation 42 'load' 'indvar_flatten21_load' <Predicate = true> <Delay = 0.00>
ST_1 : Operation 43 [1/1] (1.66ns)   --->   "%icmp_ln17 = icmp_eq  i9 %indvar_flatten21_load, i9 363" [conv.cpp:17]   --->   Operation 43 'icmp' 'icmp_ln17' <Predicate = true> <Delay = 1.66> <CoreInst = "Cmp">   --->   Core 9 'Cmp' <Latency = 0> <II = 1> <Delay = 1.66> <FuncUnit> <Opcode : 'icmp'> <InPorts = 2> <OutPorts = 1>
ST_1 : Operation 44 [1/1] (1.82ns)   --->   "%add_ln17_1 = add i9 %indvar_flatten21_load, i9 1" [conv.cpp:17]   --->   Operation 44 'add' 'add_ln17_1' <Predicate = true> <Delay = 1.82> <CoreInst = "Adder">   --->   Core 1 'Adder' <Latency = 0> <II = 1> <Delay = 1.82> <FuncUnit> <Opcode : 'add' 'sub'> <InPorts = 2> <OutPorts = 1>
ST_1 : Operation 45 [1/1] (0.00ns)   --->   "%br_ln17 = br i1 %icmp_ln17, void %for.inc42, void %for.end44.exitStub" [conv.cpp:17]   --->   Operation 45 'br' 'br_ln17' <Predicate = true> <Delay = 0.00>
ST_1 : Operation 46 [1/1] (0.00ns)   --->   "%indvar_flatten_load = load i8 %indvar_flatten" [conv.cpp:19]   --->   Operation 46 'load' 'indvar_flatten_load' <Predicate = (!icmp_ln17)> <Delay = 0.00>
ST_1 : Operation 47 [1/1] (0.00ns)   --->   "%m_load = load i2 %m" [conv.cpp:17]   --->   Operation 47 'load' 'm_load' <Predicate = (!icmp_ln17)> <Delay = 0.00>
ST_1 : Operation 48 [1/1] (1.56ns)   --->   "%add_ln17 = add i2 %m_load, i2 1" [conv.cpp:17]   --->   Operation 48 'add' 'add_ln17' <Predicate = (!icmp_ln17)> <Delay = 1.56> <CoreInst = "Adder">   --->   Core 1 'Adder' <Latency = 0> <II = 1> <Delay = 1.56> <FuncUnit> <Opcode : 'add' 'sub'> <InPorts = 2> <OutPorts = 1>
ST_1 : Operation 49 [1/1] (1.55ns)   --->   "%icmp_ln19 = icmp_eq  i8 %indvar_flatten_load, i8 121" [conv.cpp:19]   --->   Operation 49 'icmp' 'icmp_ln19' <Predicate = (!icmp_ln17)> <Delay = 1.55> <CoreInst = "Cmp">   --->   Core 9 'Cmp' <Latency = 0> <II = 1> <Delay = 1.55> <FuncUnit> <Opcode : 'icmp'> <InPorts = 2> <OutPorts = 1>
ST_1 : Operation 50 [1/1] (1.02ns)   --->   "%select_ln17 = select i1 %icmp_ln19, i4 0, i4 %kr_1" [conv.cpp:17]   --->   Operation 50 'select' 'select_ln17' <Predicate = (!icmp_ln17)> <Delay = 1.02> <CoreInst = "Sel">   --->   Core 73 'Sel' <Latency = 0> <II = 1> <Delay = 1.02> <FuncUnit> <Opcode : 'select'> <InPorts = 3> <OutPorts = 1>
ST_1 : Operation 51 [1/1] (0.99ns)   --->   "%select_ln17_1 = select i1 %icmp_ln19, i2 %add_ln17, i2 %m_load" [conv.cpp:17]   --->   Operation 51 'select' 'select_ln17_1' <Predicate = (!icmp_ln17)> <Delay = 0.99> <CoreInst = "Sel">   --->   Core 73 'Sel' <Latency = 0> <II = 1> <Delay = 0.99> <FuncUnit> <Opcode : 'select'> <InPorts = 3> <OutPorts = 1>
ST_1 : Operation 52 [1/1] (0.00ns)   --->   "%zext_ln26 = zext i2 %select_ln17_1" [conv.cpp:26]   --->   Operation 52 'zext' 'zext_ln26' <Predicate = (!icmp_ln17)> <Delay = 0.00>
ST_1 : Operation 53 [1/1] (1.73ns)   --->   "%add_ln27 = add i11 %sub_ln27_cast, i11 %zext_ln26" [conv.cpp:27]   --->   Operation 53 'add' 'add_ln27' <Predicate = (!icmp_ln17)> <Delay = 1.73> <CoreInst = "Adder">   --->   Core 1 'Adder' <Latency = 0> <II = 1> <Delay = 1.73> <FuncUnit> <Opcode : 'add' 'sub'> <InPorts = 2> <OutPorts = 1>
ST_1 : Operation 54 [1/1] (0.00ns)   --->   "%sext_ln17 = sext i11 %add_ln27" [conv.cpp:17]   --->   Operation 54 'sext' 'sext_ln17' <Predicate = (!icmp_ln17)> <Delay = 0.00>
ST_1 : Operation 55 [3/3] (1.05ns) (grouped into DSP with root node add_ln27_1)   --->   "%mul_ln17 = mul i14 %sext_ln17, i14 11" [conv.cpp:17]   --->   Operation 55 'mul' 'mul_ln17' <Predicate = (!icmp_ln17)> <Delay = 1.05> <CoreInst = "DSP48">   --->   Core 119 'DSP48' <Latency = 3> <II = 1> <Delay = 2.15> <IPBlock> <Opcode : 'mul' 'add' 'sub' 'select'> <InPorts = 0> <OutPorts = 1> <Sync> <CReg>
ST_1 : Operation 56 [1/1] (1.73ns)   --->   "%add_ln19 = add i4 %select_ln17, i4 1" [conv.cpp:19]   --->   Operation 56 'add' 'add_ln19' <Predicate = (!icmp_ln17)> <Delay = 1.73> <CoreInst = "Adder">   --->   Core 1 'Adder' <Latency = 0> <II = 1> <Delay = 1.73> <FuncUnit> <Opcode : 'add' 'sub'> <InPorts = 2> <OutPorts = 1>
ST_1 : Operation 57 [1/1] (1.58ns)   --->   "%store_ln21 = store i9 %add_ln17_1, i9 %indvar_flatten21" [conv.cpp:21]   --->   Operation 57 'store' 'store_ln21' <Predicate = (!icmp_ln17)> <Delay = 1.58>
ST_1 : Operation 58 [1/1] (1.58ns)   --->   "%store_ln21 = store i2 %select_ln17_1, i2 %m" [conv.cpp:21]   --->   Operation 58 'store' 'store_ln21' <Predicate = (!icmp_ln17)> <Delay = 1.58>

State 2 <SV = 1> <Delay = 7.05>
ST_2 : Operation 59 [1/1] (0.00ns)   --->   "%zext_ln19 = zext i4 %kr_1" [conv.cpp:19]   --->   Operation 59 'zext' 'zext_ln19' <Predicate = (!icmp_ln19)> <Delay = 0.00>
ST_2 : Operation 60 [1/1] (1.91ns)   --->   "%empty = add i8 %zext_ln19, i8 %select_ln11_2_read" [conv.cpp:19]   --->   Operation 60 'add' 'empty' <Predicate = (!icmp_ln19)> <Delay = 1.91> <CoreInst = "Adder">   --->   Core 1 'Adder' <Latency = 0> <II = 1> <Delay = 1.91> <FuncUnit> <Opcode : 'add' 'sub'> <InPorts = 2> <OutPorts = 1>
ST_2 : Operation 61 [1/1] (0.00ns)   --->   "%specpipeline_ln0 = specpipeline void @_ssdm_op_SpecPipeline, i32 4294967295, i32 0, i32 1, i32 0, void @p_str"   --->   Operation 61 'specpipeline' 'specpipeline_ln0' <Predicate = true> <Delay = 0.00>
ST_2 : Operation 62 [1/1] (0.00ns)   --->   "%kc_load = load i4 %kc" [conv.cpp:21]   --->   Operation 62 'load' 'kc_load' <Predicate = (!icmp_ln17)> <Delay = 0.00>
ST_2 : Operation 63 [1/1] (0.00ns)   --->   "%zext_ln26_1 = zext i2 %select_ln17_1" [conv.cpp:26]   --->   Operation 63 'zext' 'zext_ln26_1' <Predicate = (!icmp_ln17)> <Delay = 0.00>
ST_2 : Operation 64 [1/1] (4.35ns)   --->   "%mul_ln26 = mul i10 %zext_ln26_1, i10 228" [conv.cpp:26]   --->   Operation 64 'mul' 'mul_ln26' <Predicate = (!icmp_ln17)> <Delay = 4.35> <CoreInst = "Multiplier">   --->   Core 3 'Multiplier' <Latency = 0> <II = 1> <Delay = 4.35> <FuncUnit> <Opcode : 'mul'> <InPorts = 2> <OutPorts = 1>
ST_2 : Operation 65 [2/3] (1.05ns) (grouped into DSP with root node add_ln27_1)   --->   "%mul_ln17 = mul i14 %sext_ln17, i14 11" [conv.cpp:17]   --->   Operation 65 'mul' 'mul_ln17' <Predicate = (!icmp_ln17)> <Delay = 1.05> <CoreInst = "DSP48">   --->   Core 119 'DSP48' <Latency = 3> <II = 1> <Delay = 2.15> <IPBlock> <Opcode : 'mul' 'add' 'sub' 'select'> <InPorts = 0> <OutPorts = 1> <Sync> <CReg>
ST_2 : Operation 66 [1/1] (0.00ns) (grouped into LUT with out node select_ln19_2)   --->   "%select_ln17_2 = select i1 %icmp_ln19, i8 %select_ln11_2_read, i8 %empty" [conv.cpp:17]   --->   Operation 66 'select' 'select_ln17_2' <Predicate = (!icmp_ln17)> <Delay = 0.00> <CoreInst = "Sel">   --->   Core 73 'Sel' <Latency = 0> <II = 1> <Delay = 1.24> <FuncUnit> <Opcode : 'select'> <InPorts = 3> <OutPorts = 1>
ST_2 : Operation 67 [1/1] (0.00ns) (grouped into LUT with out node and_ln17)   --->   "%xor_ln17 = xor i1 %icmp_ln19, i1 1" [conv.cpp:17]   --->   Operation 67 'xor' 'xor_ln17' <Predicate = (!icmp_ln17)> <Delay = 0.00> <CoreInst = "LogicGate">   --->   Core 74 'LogicGate' <Latency = 0> <II = 1> <Delay = 0.97> <FuncUnit> <Opcode : 'and' 'or' 'xor'> <InPorts = 2> <OutPorts = 1>
ST_2 : Operation 68 [1/1] (1.30ns)   --->   "%icmp_ln21 = icmp_eq  i4 %kc_load, i4 11" [conv.cpp:21]   --->   Operation 68 'icmp' 'icmp_ln21' <Predicate = (!icmp_ln17)> <Delay = 1.30> <CoreInst = "Cmp">   --->   Core 9 'Cmp' <Latency = 0> <II = 1> <Delay = 1.30> <FuncUnit> <Opcode : 'icmp'> <InPorts = 2> <OutPorts = 1>
ST_2 : Operation 69 [1/1] (0.97ns) (out node of the LUT)   --->   "%and_ln17 = and i1 %icmp_ln21, i1 %xor_ln17" [conv.cpp:17]   --->   Operation 69 'and' 'and_ln17' <Predicate = (!icmp_ln17)> <Delay = 0.97> <CoreInst = "LogicGate">   --->   Core 74 'LogicGate' <Latency = 0> <II = 1> <Delay = 0.97> <FuncUnit> <Opcode : 'and' 'or' 'xor'> <InPorts = 2> <OutPorts = 1>
ST_2 : Operation 70 [1/1] (0.00ns)   --->   "%zext_ln19_1 = zext i4 %add_ln19" [conv.cpp:19]   --->   Operation 70 'zext' 'zext_ln19_1' <Predicate = (!icmp_ln17)> <Delay = 0.00>
ST_2 : Operation 71 [1/1] (1.91ns)   --->   "%p_mid1 = add i8 %zext_ln19_1, i8 %select_ln11_2_read" [conv.cpp:19]   --->   Operation 71 'add' 'p_mid1' <Predicate = (!icmp_ln17)> <Delay = 1.91> <CoreInst = "Adder">   --->   Core 1 'Adder' <Latency = 0> <II = 1> <Delay = 1.91> <FuncUnit> <Opcode : 'add' 'sub'> <InPorts = 2> <OutPorts = 1>
ST_2 : Operation 72 [1/1] (1.24ns) (out node of the LUT)   --->   "%select_ln19_2 = select i1 %and_ln17, i8 %p_mid1, i8 %select_ln17_2" [conv.cpp:19]   --->   Operation 72 'select' 'select_ln19_2' <Predicate = (!icmp_ln17)> <Delay = 1.24> <CoreInst = "Sel">   --->   Core 73 'Sel' <Latency = 0> <II = 1> <Delay = 1.24> <FuncUnit> <Opcode : 'select'> <InPorts = 3> <OutPorts = 1>
ST_2 : Operation 73 [1/1] (0.00ns)   --->   "%zext_ln26_2 = zext i8 %select_ln19_2" [conv.cpp:26]   --->   Operation 73 'zext' 'zext_ln26_2' <Predicate = (!icmp_ln17)> <Delay = 0.00>
ST_2 : Operation 74 [1/1] (1.65ns) (grouped into DSP with root node add_ln26_1)   --->   "%add_ln26 = add i10 %mul_ln26, i10 %zext_ln26_2" [conv.cpp:26]   --->   Operation 74 'add' 'add_ln26' <Predicate = (!icmp_ln17)> <Delay = 1.65> <CoreInst = "DSP48">   --->   Core 119 'DSP48' <Latency = 3> <II = 1> <Delay = 2.15> <IPBlock> <Opcode : 'mul' 'add' 'sub' 'select'> <InPorts = 0> <OutPorts = 1> <Sync> <CReg>
ST_2 : Operation 75 [1/1] (0.00ns) (grouped into DSP with root node add_ln26_1)   --->   "%zext_ln26_3 = zext i10 %add_ln26" [conv.cpp:26]   --->   Operation 75 'zext' 'zext_ln26_3' <Predicate = (!icmp_ln17)> <Delay = 0.00>
ST_2 : Operation 76 [3/3] (1.05ns) (grouped into DSP with root node add_ln26_1)   --->   "%mul_ln26_1 = mul i18 %zext_ln26_3, i18 228" [conv.cpp:26]   --->   Operation 76 'mul' 'mul_ln26_1' <Predicate = (!icmp_ln17)> <Delay = 1.05> <CoreInst = "DSP48">   --->   Core 119 'DSP48' <Latency = 3> <II = 1> <Delay = 2.15> <IPBlock> <Opcode : 'mul' 'add' 'sub' 'select'> <InPorts = 0> <OutPorts = 1> <Sync> <CReg>

State 3 <SV = 2> <Delay = 3.12>
ST_3 : Operation 77 [1/3] (0.00ns) (grouped into DSP with root node add_ln27_1)   --->   "%mul_ln17 = mul i14 %sext_ln17, i14 11" [conv.cpp:17]   --->   Operation 77 'mul' 'mul_ln17' <Predicate = (!icmp_ln17)> <Delay = 0.00> <CoreInst = "DSP48">   --->   Core 119 'DSP48' <Latency = 3> <II = 1> <Delay = 2.15> <IPBlock> <Opcode : 'mul' 'add' 'sub' 'select'> <InPorts = 0> <OutPorts = 1> <Sync> <CReg>
ST_3 : Operation 78 [1/1] (1.02ns)   --->   "%select_ln19_1 = select i1 %and_ln17, i4 %add_ln19, i4 %select_ln17" [conv.cpp:19]   --->   Operation 78 'select' 'select_ln19_1' <Predicate = (!icmp_ln17)> <Delay = 1.02> <CoreInst = "Sel">   --->   Core 73 'Sel' <Latency = 0> <II = 1> <Delay = 1.02> <FuncUnit> <Opcode : 'select'> <InPorts = 3> <OutPorts = 1>
ST_3 : Operation 79 [1/1] (0.00ns)   --->   "%zext_ln27 = zext i4 %select_ln19_1" [conv.cpp:27]   --->   Operation 79 'zext' 'zext_ln27' <Predicate = (!icmp_ln17)> <Delay = 0.00>
ST_3 : Operation 80 [2/2] (2.10ns) (root node of the DSP)   --->   "%add_ln27_1 = add i14 %mul_ln17, i14 %zext_ln27" [conv.cpp:27]   --->   Operation 80 'add' 'add_ln27_1' <Predicate = (!icmp_ln17)> <Delay = 2.10> <CoreInst = "DSP48">   --->   Core 119 'DSP48' <Latency = 3> <II = 1> <Delay = 2.15> <IPBlock> <Opcode : 'mul' 'add' 'sub' 'select'> <InPorts = 0> <OutPorts = 1> <Sync> <CReg>
ST_3 : Operation 81 [2/3] (1.05ns) (grouped into DSP with root node add_ln26_1)   --->   "%mul_ln26_1 = mul i18 %zext_ln26_3, i18 228" [conv.cpp:26]   --->   Operation 81 'mul' 'mul_ln26_1' <Predicate = (!icmp_ln17)> <Delay = 1.05> <CoreInst = "DSP48">   --->   Core 119 'DSP48' <Latency = 3> <II = 1> <Delay = 2.15> <IPBlock> <Opcode : 'mul' 'add' 'sub' 'select'> <InPorts = 0> <OutPorts = 1> <Sync> <CReg>
ST_3 : Operation 82 [1/1] (1.58ns)   --->   "%store_ln21 = store i4 %select_ln19_1, i4 %kr" [conv.cpp:21]   --->   Operation 82 'store' 'store_ln21' <Predicate = (!icmp_ln17)> <Delay = 1.58>

State 4 <SV = 3> <Delay = 5.03>
ST_4 : Operation 83 [1/1] (0.00ns) (grouped into LUT with out node select_ln19)   --->   "%or_ln19 = or i1 %and_ln17, i1 %icmp_ln19" [conv.cpp:19]   --->   Operation 83 'or' 'or_ln19' <Predicate = (!icmp_ln17)> <Delay = 0.00> <CoreInst = "LogicGate">   --->   Core 74 'LogicGate' <Latency = 0> <II = 1> <Delay = 0.97> <FuncUnit> <Opcode : 'and' 'or' 'xor'> <InPorts = 2> <OutPorts = 1>
ST_4 : Operation 84 [1/1] (1.02ns) (out node of the LUT)   --->   "%select_ln19 = select i1 %or_ln19, i4 0, i4 %kc_load" [conv.cpp:19]   --->   Operation 84 'select' 'select_ln19' <Predicate = (!icmp_ln17)> <Delay = 1.02> <CoreInst = "Sel">   --->   Core 73 'Sel' <Latency = 0> <II = 1> <Delay = 1.02> <FuncUnit> <Opcode : 'select'> <InPorts = 3> <OutPorts = 1>
ST_4 : Operation 85 [1/2] (2.10ns) (root node of the DSP)   --->   "%add_ln27_1 = add i14 %mul_ln17, i14 %zext_ln27" [conv.cpp:27]   --->   Operation 85 'add' 'add_ln27_1' <Predicate = (!icmp_ln17)> <Delay = 2.10> <CoreInst = "DSP48">   --->   Core 119 'DSP48' <Latency = 3> <II = 1> <Delay = 2.15> <IPBlock> <Opcode : 'mul' 'add' 'sub' 'select'> <InPorts = 0> <OutPorts = 1> <Sync> <CReg>
ST_4 : Operation 86 [1/1] (0.00ns)   --->   "%sext_ln19 = sext i14 %add_ln27_1" [conv.cpp:19]   --->   Operation 86 'sext' 'sext_ln19' <Predicate = (!icmp_ln17)> <Delay = 0.00>
ST_4 : Operation 87 [3/3] (1.05ns) (grouped into DSP with root node add_ln27_2)   --->   "%mul_ln19 = mul i15 %sext_ln19, i15 11" [conv.cpp:19]   --->   Operation 87 'mul' 'mul_ln19' <Predicate = (!icmp_ln17)> <Delay = 1.05> <CoreInst = "DSP48">   --->   Core 119 'DSP48' <Latency = 3> <II = 1> <Delay = 2.15> <IPBlock> <Opcode : 'mul' 'add' 'sub' 'select'> <InPorts = 0> <OutPorts = 1> <Sync> <CReg>
ST_4 : Operation 88 [1/3] (0.00ns) (grouped into DSP with root node add_ln26_1)   --->   "%mul_ln26_1 = mul i18 %zext_ln26_3, i18 228" [conv.cpp:26]   --->   Operation 88 'mul' 'mul_ln26_1' <Predicate = (!icmp_ln17)> <Delay = 0.00> <CoreInst = "DSP48">   --->   Core 119 'DSP48' <Latency = 3> <II = 1> <Delay = 2.15> <IPBlock> <Opcode : 'mul' 'add' 'sub' 'select'> <InPorts = 0> <OutPorts = 1> <Sync> <CReg>
ST_4 : Operation 89 [1/1] (0.00ns)   --->   "%kc_cast = zext i4 %select_ln19" [conv.cpp:19]   --->   Operation 89 'zext' 'kc_cast' <Predicate = (!icmp_ln17)> <Delay = 0.00>
ST_4 : Operation 90 [1/1] (1.91ns)   --->   "%add_ln24 = add i8 %kc_cast, i8 %tmp_4_read" [conv.cpp:24]   --->   Operation 90 'add' 'add_ln24' <Predicate = (!icmp_ln17)> <Delay = 1.91> <CoreInst = "Adder">   --->   Core 1 'Adder' <Latency = 0> <II = 1> <Delay = 1.91> <FuncUnit> <Opcode : 'add' 'sub'> <InPorts = 2> <OutPorts = 1>
ST_4 : Operation 91 [1/1] (0.00ns)   --->   "%zext_ln26_4 = zext i8 %add_ln24" [conv.cpp:26]   --->   Operation 91 'zext' 'zext_ln26_4' <Predicate = (!icmp_ln17)> <Delay = 0.00>
ST_4 : Operation 92 [2/2] (2.10ns) (root node of the DSP)   --->   "%add_ln26_1 = add i18 %mul_ln26_1, i18 %zext_ln26_4" [conv.cpp:26]   --->   Operation 92 'add' 'add_ln26_1' <Predicate = (!icmp_ln17)> <Delay = 2.10> <CoreInst = "DSP48">   --->   Core 119 'DSP48' <Latency = 3> <II = 1> <Delay = 2.15> <IPBlock> <Opcode : 'mul' 'add' 'sub' 'select'> <InPorts = 0> <OutPorts = 1> <Sync> <CReg>

State 5 <SV = 4> <Delay = 5.35>
ST_5 : Operation 93 [2/3] (1.05ns) (grouped into DSP with root node add_ln27_2)   --->   "%mul_ln19 = mul i15 %sext_ln19, i15 11" [conv.cpp:19]   --->   Operation 93 'mul' 'mul_ln19' <Predicate = (!icmp_ln17)> <Delay = 1.05> <CoreInst = "DSP48">   --->   Core 119 'DSP48' <Latency = 3> <II = 1> <Delay = 2.15> <IPBlock> <Opcode : 'mul' 'add' 'sub' 'select'> <InPorts = 0> <OutPorts = 1> <Sync> <CReg>
ST_5 : Operation 94 [1/2] (2.10ns) (root node of the DSP)   --->   "%add_ln26_1 = add i18 %mul_ln26_1, i18 %zext_ln26_4" [conv.cpp:26]   --->   Operation 94 'add' 'add_ln26_1' <Predicate = (!icmp_ln17)> <Delay = 2.10> <CoreInst = "DSP48">   --->   Core 119 'DSP48' <Latency = 3> <II = 1> <Delay = 2.15> <IPBlock> <Opcode : 'mul' 'add' 'sub' 'select'> <InPorts = 0> <OutPorts = 1> <Sync> <CReg>
ST_5 : Operation 95 [1/1] (0.00ns)   --->   "%zext_ln26_5 = zext i18 %add_ln26_1" [conv.cpp:26]   --->   Operation 95 'zext' 'zext_ln26_5' <Predicate = (!icmp_ln17)> <Delay = 0.00>
ST_5 : Operation 96 [1/1] (0.00ns)   --->   "%input_fm_addr = getelementptr i32 %input_fm, i64 0, i64 %zext_ln26_5" [conv.cpp:26]   --->   Operation 96 'getelementptr' 'input_fm_addr' <Predicate = (!icmp_ln17)> <Delay = 0.00>
ST_5 : Operation 97 [2/2] (3.25ns)   --->   "%input_fm_load = load i18 %input_fm_addr" [conv.cpp:26]   --->   Operation 97 'load' 'input_fm_load' <Predicate = (!icmp_ln17)> <Delay = 3.25> <CoreInst = "RAM">   --->   Core 82 'RAM' <Latency = 1> <II = 1> <Delay = 3.25> <Storage> <Opcode : 'load' 'store'> <Ports = 2> <Width = 32> <Depth = 155952> <RAM>
ST_5 : Operation 98 [1/1] (1.91ns)   --->   "%add_ln19_1 = add i8 %indvar_flatten_load, i8 1" [conv.cpp:19]   --->   Operation 98 'add' 'add_ln19_1' <Predicate = (!icmp_ln17 & !icmp_ln19)> <Delay = 1.91> <CoreInst = "Adder">   --->   Core 1 'Adder' <Latency = 0> <II = 1> <Delay = 1.91> <FuncUnit> <Opcode : 'add' 'sub'> <InPorts = 2> <OutPorts = 1>
ST_5 : Operation 99 [1/1] (1.24ns)   --->   "%select_ln19_3 = select i1 %icmp_ln19, i8 1, i8 %add_ln19_1" [conv.cpp:19]   --->   Operation 99 'select' 'select_ln19_3' <Predicate = (!icmp_ln17)> <Delay = 1.24> <CoreInst = "Sel">   --->   Core 73 'Sel' <Latency = 0> <II = 1> <Delay = 1.24> <FuncUnit> <Opcode : 'select'> <InPorts = 3> <OutPorts = 1>
ST_5 : Operation 100 [1/1] (1.58ns)   --->   "%store_ln21 = store i8 %select_ln19_3, i8 %indvar_flatten" [conv.cpp:21]   --->   Operation 100 'store' 'store_ln21' <Predicate = (!icmp_ln17)> <Delay = 1.58>

State 6 <SV = 5> <Delay = 3.32>
ST_6 : Operation 101 [1/3] (0.00ns) (grouped into DSP with root node add_ln27_2)   --->   "%mul_ln19 = mul i15 %sext_ln19, i15 11" [conv.cpp:19]   --->   Operation 101 'mul' 'mul_ln19' <Predicate = true> <Delay = 0.00> <CoreInst = "DSP48">   --->   Core 119 'DSP48' <Latency = 3> <II = 1> <Delay = 2.15> <IPBlock> <Opcode : 'mul' 'add' 'sub' 'select'> <InPorts = 0> <OutPorts = 1> <Sync> <CReg>
ST_6 : Operation 102 [1/1] (0.00ns)   --->   "%zext_ln27_1 = zext i4 %select_ln19" [conv.cpp:27]   --->   Operation 102 'zext' 'zext_ln27_1' <Predicate = true> <Delay = 0.00>
ST_6 : Operation 103 [2/2] (2.10ns) (root node of the DSP)   --->   "%add_ln27_2 = add i15 %mul_ln19, i15 %zext_ln27_1" [conv.cpp:27]   --->   Operation 103 'add' 'add_ln27_2' <Predicate = true> <Delay = 2.10> <CoreInst = "DSP48">   --->   Core 119 'DSP48' <Latency = 3> <II = 1> <Delay = 2.15> <IPBlock> <Opcode : 'mul' 'add' 'sub' 'select'> <InPorts = 0> <OutPorts = 1> <Sync> <CReg>
ST_6 : Operation 104 [1/2] (3.25ns)   --->   "%input_fm_load = load i18 %input_fm_addr" [conv.cpp:26]   --->   Operation 104 'load' 'input_fm_load' <Predicate = true> <Delay = 3.25> <CoreInst = "RAM">   --->   Core 82 'RAM' <Latency = 1> <II = 1> <Delay = 3.25> <Storage> <Opcode : 'load' 'store'> <Ports = 2> <Width = 32> <Depth = 155952> <RAM>
ST_6 : Operation 105 [1/1] (1.73ns)   --->   "%add_ln21 = add i4 %select_ln19, i4 1" [conv.cpp:21]   --->   Operation 105 'add' 'add_ln21' <Predicate = true> <Delay = 1.73> <CoreInst = "Adder">   --->   Core 1 'Adder' <Latency = 0> <II = 1> <Delay = 1.73> <FuncUnit> <Opcode : 'add' 'sub'> <InPorts = 2> <OutPorts = 1>
ST_6 : Operation 106 [1/1] (1.58ns)   --->   "%store_ln21 = store i4 %add_ln21, i4 %kc" [conv.cpp:21]   --->   Operation 106 'store' 'store_ln21' <Predicate = true> <Delay = 1.58>

State 7 <SV = 6> <Delay = 5.35>
ST_7 : Operation 107 [1/2] (2.10ns) (root node of the DSP)   --->   "%add_ln27_2 = add i15 %mul_ln19, i15 %zext_ln27_1" [conv.cpp:27]   --->   Operation 107 'add' 'add_ln27_2' <Predicate = true> <Delay = 2.10> <CoreInst = "DSP48">   --->   Core 119 'DSP48' <Latency = 3> <II = 1> <Delay = 2.15> <IPBlock> <Opcode : 'mul' 'add' 'sub' 'select'> <InPorts = 0> <OutPorts = 1> <Sync> <CReg>
ST_7 : Operation 108 [1/1] (0.00ns)   --->   "%zext_ln27_2 = zext i15 %add_ln27_2" [conv.cpp:27]   --->   Operation 108 'zext' 'zext_ln27_2' <Predicate = true> <Delay = 0.00>
ST_7 : Operation 109 [1/1] (0.00ns)   --->   "%weights_addr = getelementptr i32 %weights, i64 0, i64 %zext_ln27_2" [conv.cpp:27]   --->   Operation 109 'getelementptr' 'weights_addr' <Predicate = true> <Delay = 0.00>
ST_7 : Operation 110 [2/2] (3.25ns)   --->   "%weights_load = load i15 %weights_addr" [conv.cpp:27]   --->   Operation 110 'load' 'weights_load' <Predicate = true> <Delay = 3.25> <CoreInst = "RAM">   --->   Core 82 'RAM' <Latency = 1> <II = 1> <Delay = 3.25> <Storage> <Opcode : 'load' 'store'> <Ports = 2> <Width = 32> <Depth = 23232> <RAM>

State 8 <SV = 7> <Delay = 3.25>
ST_8 : Operation 111 [1/2] (3.25ns)   --->   "%weights_load = load i15 %weights_addr" [conv.cpp:27]   --->   Operation 111 'load' 'weights_load' <Predicate = true> <Delay = 3.25> <CoreInst = "RAM">   --->   Core 82 'RAM' <Latency = 1> <II = 1> <Delay = 3.25> <Storage> <Opcode : 'load' 'store'> <Ports = 2> <Width = 32> <Depth = 23232> <RAM>

State 9 <SV = 8> <Delay = 5.70>
ST_9 : Operation 112 [1/1] (0.00ns)   --->   "%bitcast_ln26 = bitcast i32 %input_fm_load" [conv.cpp:26]   --->   Operation 112 'bitcast' 'bitcast_ln26' <Predicate = true> <Delay = 0.00>
ST_9 : Operation 113 [1/1] (0.00ns)   --->   "%bitcast_ln27 = bitcast i32 %weights_load" [conv.cpp:27]   --->   Operation 113 'bitcast' 'bitcast_ln27' <Predicate = true> <Delay = 0.00>
ST_9 : Operation 114 [4/4] (5.70ns)   --->   "%mul = fmul i32 %bitcast_ln26, i32 %bitcast_ln27" [conv.cpp:26]   --->   Operation 114 'fmul' 'mul' <Predicate = true> <Delay = 5.70> <CoreInst = "FMul_maxdsp">   --->   Core 30 'FMul_maxdsp' <Latency = 3> <II = 1> <Delay = 5.70> <FuncUnit> <Opcode : 'fmul'> <InPorts = 2> <OutPorts = 1>

State 10 <SV = 9> <Delay = 5.70>
ST_10 : Operation 115 [3/4] (5.70ns)   --->   "%mul = fmul i32 %bitcast_ln26, i32 %bitcast_ln27" [conv.cpp:26]   --->   Operation 115 'fmul' 'mul' <Predicate = true> <Delay = 5.70> <CoreInst = "FMul_maxdsp">   --->   Core 30 'FMul_maxdsp' <Latency = 3> <II = 1> <Delay = 5.70> <FuncUnit> <Opcode : 'fmul'> <InPorts = 2> <OutPorts = 1>

State 11 <SV = 10> <Delay = 5.70>
ST_11 : Operation 116 [2/4] (5.70ns)   --->   "%mul = fmul i32 %bitcast_ln26, i32 %bitcast_ln27" [conv.cpp:26]   --->   Operation 116 'fmul' 'mul' <Predicate = true> <Delay = 5.70> <CoreInst = "FMul_maxdsp">   --->   Core 30 'FMul_maxdsp' <Latency = 3> <II = 1> <Delay = 5.70> <FuncUnit> <Opcode : 'fmul'> <InPorts = 2> <OutPorts = 1>

State 12 <SV = 11> <Delay = 5.70>
ST_12 : Operation 117 [1/4] (5.70ns)   --->   "%mul = fmul i32 %bitcast_ln26, i32 %bitcast_ln27" [conv.cpp:26]   --->   Operation 117 'fmul' 'mul' <Predicate = true> <Delay = 5.70> <CoreInst = "FMul_maxdsp">   --->   Core 30 'FMul_maxdsp' <Latency = 3> <II = 1> <Delay = 5.70> <FuncUnit> <Opcode : 'fmul'> <InPorts = 2> <OutPorts = 1>

State 13 <SV = 12> <Delay = 7.25>
ST_13 : Operation 118 [1/1] (0.00ns)   --->   "%sum_1_load = load i32 %sum_1" [conv.cpp:26]   --->   Operation 118 'load' 'sum_1_load' <Predicate = true> <Delay = 0.00>
ST_13 : Operation 119 [5/5] (7.25ns)   --->   "%sum = fadd i32 %sum_1_load, i32 %mul" [conv.cpp:26]   --->   Operation 119 'fadd' 'sum' <Predicate = true> <Delay = 7.25> <CoreInst = "FAddSub_fulldsp">   --->   Core 18 'FAddSub_fulldsp' <Latency = 4> <II = 1> <Delay = 7.25> <FuncUnit> <Opcode : 'fadd' 'fsub'> <InPorts = 2> <OutPorts = 1>
ST_13 : Operation 132 [1/1] (0.00ns)   --->   "%sum_1_load_1 = load i32 %sum_1"   --->   Operation 132 'load' 'sum_1_load_1' <Predicate = (icmp_ln17)> <Delay = 0.00>
ST_13 : Operation 133 [1/1] (0.00ns)   --->   "%write_ln0 = write void @_ssdm_op_Write.ap_auto.floatP0A, i32 %sum_1_out, i32 %sum_1_load_1"   --->   Operation 133 'write' 'write_ln0' <Predicate = (icmp_ln17)> <Delay = 0.00>
ST_13 : Operation 134 [1/1] (0.00ns)   --->   "%ret_ln0 = ret"   --->   Operation 134 'ret' 'ret_ln0' <Predicate = (icmp_ln17)> <Delay = 0.00>

State 14 <SV = 13> <Delay = 7.25>
ST_14 : Operation 120 [4/5] (7.25ns)   --->   "%sum = fadd i32 %sum_1_load, i32 %mul" [conv.cpp:26]   --->   Operation 120 'fadd' 'sum' <Predicate = true> <Delay = 7.25> <CoreInst = "FAddSub_fulldsp">   --->   Core 18 'FAddSub_fulldsp' <Latency = 4> <II = 1> <Delay = 7.25> <FuncUnit> <Opcode : 'fadd' 'fsub'> <InPorts = 2> <OutPorts = 1>

State 15 <SV = 14> <Delay = 7.25>
ST_15 : Operation 121 [3/5] (7.25ns)   --->   "%sum = fadd i32 %sum_1_load, i32 %mul" [conv.cpp:26]   --->   Operation 121 'fadd' 'sum' <Predicate = true> <Delay = 7.25> <CoreInst = "FAddSub_fulldsp">   --->   Core 18 'FAddSub_fulldsp' <Latency = 4> <II = 1> <Delay = 7.25> <FuncUnit> <Opcode : 'fadd' 'fsub'> <InPorts = 2> <OutPorts = 1>

State 16 <SV = 15> <Delay = 7.25>
ST_16 : Operation 122 [2/5] (7.25ns)   --->   "%sum = fadd i32 %sum_1_load, i32 %mul" [conv.cpp:26]   --->   Operation 122 'fadd' 'sum' <Predicate = true> <Delay = 7.25> <CoreInst = "FAddSub_fulldsp">   --->   Core 18 'FAddSub_fulldsp' <Latency = 4> <II = 1> <Delay = 7.25> <FuncUnit> <Opcode : 'fadd' 'fsub'> <InPorts = 2> <OutPorts = 1>

State 17 <SV = 16> <Delay = 7.25>
ST_17 : Operation 123 [1/5] (7.25ns)   --->   "%sum = fadd i32 %sum_1_load, i32 %mul" [conv.cpp:26]   --->   Operation 123 'fadd' 'sum' <Predicate = true> <Delay = 7.25> <CoreInst = "FAddSub_fulldsp">   --->   Core 18 'FAddSub_fulldsp' <Latency = 4> <II = 1> <Delay = 7.25> <FuncUnit> <Opcode : 'fadd' 'fsub'> <InPorts = 2> <OutPorts = 1>

State 18 <SV = 17> <Delay = 1.58>
ST_18 : Operation 124 [1/1] (0.00ns)   --->   "%specloopname_ln0 = specloopname void @_ssdm_op_SpecLoopName, void @VITIS_LOOP_17_4_VITIS_LOOP_19_5_VITIS_LOOP_21_6_str"   --->   Operation 124 'specloopname' 'specloopname_ln0' <Predicate = true> <Delay = 0.00>
ST_18 : Operation 125 [1/1] (0.00ns)   --->   "%empty_9 = speclooptripcount i32 @_ssdm_op_SpecLoopTripCount, i64 363, i64 363, i64 363"   --->   Operation 125 'speclooptripcount' 'empty_9' <Predicate = true> <Delay = 0.00>
ST_18 : Operation 126 [1/1] (0.00ns)   --->   "%specpipeline_ln0 = specpipeline void @_ssdm_op_SpecPipeline, i32 4294967295, i32 0, i32 1, i32 0, void @p_str"   --->   Operation 126 'specpipeline' 'specpipeline_ln0' <Predicate = true> <Delay = 0.00>
ST_18 : Operation 127 [1/1] (0.00ns)   --->   "%specloopname_ln0 = specloopname void @_ssdm_op_SpecLoopName, void @VITIS_LOOP_19_5_VITIS_LOOP_21_6_str"   --->   Operation 127 'specloopname' 'specloopname_ln0' <Predicate = true> <Delay = 0.00>
ST_18 : Operation 128 [1/1] (0.00ns)   --->   "%specpipeline_ln0 = specpipeline void @_ssdm_op_SpecPipeline, i32 4294967295, i32 0, i32 1, i32 0, void @p_str"   --->   Operation 128 'specpipeline' 'specpipeline_ln0' <Predicate = true> <Delay = 0.00>
ST_18 : Operation 129 [1/1] (0.00ns)   --->   "%specloopname_ln15 = specloopname void @_ssdm_op_SpecLoopName, void @empty_2" [conv.cpp:15]   --->   Operation 129 'specloopname' 'specloopname_ln15' <Predicate = true> <Delay = 0.00>
ST_18 : Operation 130 [1/1] (1.58ns)   --->   "%store_ln21 = store i32 %sum, i32 %sum_1" [conv.cpp:21]   --->   Operation 130 'store' 'store_ln21' <Predicate = true> <Delay = 1.58>
ST_18 : Operation 131 [1/1] (0.00ns)   --->   "%br_ln21 = br void %for.inc" [conv.cpp:21]   --->   Operation 131 'br' 'br_ln21' <Predicate = true> <Delay = 0.00>


============================================================
+ Verbose Summary: Timing violations
============================================================
Target clock period: 10ns, clock uncertainty: 2.7ns.

 <State 1>: 5.34ns
The critical path consists of the following:
	'alloca' operation ('m') [12]  (0 ns)
	'load' operation ('m_load', conv.cpp:17) on local variable 'm' [41]  (0 ns)
	'add' operation ('add_ln17', conv.cpp:17) [42]  (1.56 ns)
	'select' operation ('select_ln17_1', conv.cpp:17) [47]  (0.993 ns)
	'add' operation ('add_ln27', conv.cpp:27) [51]  (1.73 ns)
	'mul' operation of DSP[65] ('mul_ln17', conv.cpp:17) [53]  (1.05 ns)

 <State 2>: 7.05ns
The critical path consists of the following:
	'mul' operation ('mul_ln26', conv.cpp:26) [50]  (4.35 ns)
	'add' operation of DSP[84] ('add_ln26', conv.cpp:26) [72]  (1.65 ns)
	'mul' operation of DSP[84] ('mul_ln26_1', conv.cpp:26) [74]  (1.05 ns)

 <State 3>: 3.12ns
The critical path consists of the following:
	'select' operation ('select_ln19_1', conv.cpp:19) [63]  (1.02 ns)
	'add' operation of DSP[65] ('add_ln27_1', conv.cpp:27) [65]  (2.1 ns)

 <State 4>: 5.04ns
The critical path consists of the following:
	'or' operation ('or_ln19', conv.cpp:19) [61]  (0 ns)
	'select' operation ('select_ln19', conv.cpp:19) [62]  (1.02 ns)
	'add' operation ('add_ln24', conv.cpp:24) [82]  (1.92 ns)
	'add' operation of DSP[84] ('add_ln26_1', conv.cpp:26) [84]  (2.1 ns)

 <State 5>: 5.35ns
The critical path consists of the following:
	'add' operation of DSP[84] ('add_ln26_1', conv.cpp:26) [84]  (2.1 ns)
	'getelementptr' operation ('input_fm_addr', conv.cpp:26) [86]  (0 ns)
	'load' operation ('input_fm_load', conv.cpp:26) on array 'input_fm' [87]  (3.25 ns)

 <State 6>: 3.32ns
The critical path consists of the following:
	'add' operation ('add_ln21', conv.cpp:21) [93]  (1.74 ns)
	'store' operation ('store_ln21', conv.cpp:21) of variable 'add_ln21', conv.cpp:21 on local variable 'kc' [100]  (1.59 ns)

 <State 7>: 5.35ns
The critical path consists of the following:
	'add' operation of DSP[77] ('add_ln27_2', conv.cpp:27) [77]  (2.1 ns)
	'getelementptr' operation ('weights_addr', conv.cpp:27) [79]  (0 ns)
	'load' operation ('weights_load', conv.cpp:27) on array 'weights' [89]  (3.25 ns)

 <State 8>: 3.25ns
The critical path consists of the following:
	'load' operation ('weights_load', conv.cpp:27) on array 'weights' [89]  (3.25 ns)

 <State 9>: 5.7ns
The critical path consists of the following:
	'fmul' operation ('mul', conv.cpp:26) [91]  (5.7 ns)

 <State 10>: 5.7ns
The critical path consists of the following:
	'fmul' operation ('mul', conv.cpp:26) [91]  (5.7 ns)

 <State 11>: 5.7ns
The critical path consists of the following:
	'fmul' operation ('mul', conv.cpp:26) [91]  (5.7 ns)

 <State 12>: 5.7ns
The critical path consists of the following:
	'fmul' operation ('mul', conv.cpp:26) [91]  (5.7 ns)

 <State 13>: 7.26ns
The critical path consists of the following:
	'load' operation ('sum_1_load', conv.cpp:26) on local variable 'sum' [38]  (0 ns)
	'fadd' operation ('sum', conv.cpp:26) [92]  (7.26 ns)

 <State 14>: 7.26ns
The critical path consists of the following:
	'fadd' operation ('sum', conv.cpp:26) [92]  (7.26 ns)

 <State 15>: 7.26ns
The critical path consists of the following:
	'fadd' operation ('sum', conv.cpp:26) [92]  (7.26 ns)

 <State 16>: 7.26ns
The critical path consists of the following:
	'fadd' operation ('sum', conv.cpp:26) [92]  (7.26 ns)

 <State 17>: 7.26ns
The critical path consists of the following:
	'fadd' operation ('sum', conv.cpp:26) [92]  (7.26 ns)

 <State 18>: 1.59ns
The critical path consists of the following:
	'store' operation ('store_ln21', conv.cpp:21) of variable 'sum', conv.cpp:26 on local variable 'sum' [101]  (1.59 ns)


============================================================
+ Verbose Summary: Binding
============================================================
N/A
* FSMD analyzer results:
  - Output states:
 - Input state : 
  - Chain level:
	State 1
	State 2
	State 3
	State 4
	State 5
	State 6
	State 7
	State 8
	State 9
	State 10
	State 11
	State 12
	State 13
	State 14
	State 15
	State 16
	State 17
	State 18


============================================================
+ Verbose Summary: Datapath Resource usage 
============================================================
N/A
