

================================================================
== Vitis HLS Report for 'conv_Pipeline_VITIS_LOOP_36_8_VITIS_LOOP_37_93'
================================================================
* Date:           Wed Oct  7 15:53:10 2026

* Version:        2022.2 (Build 3670227 on Oct 13 2022)
* Project:        vitis.prj
* Solution:       solution1 (Vivado IP Flow Target)
* Product family: zynq
* Target device:  xc7z020-clg400-1


================================================================
== Performance Estimates
================================================================
+ Timing: 
    * Summary: 
    +--------+----------+----------+------------+
    |  Clock |  Target  | Estimated| Uncertainty|
    +--------+----------+----------+------------+
    |ap_clk  |  10.00 ns|  7.256 ns|     2.70 ns|
    +--------+----------+----------+------------+

+ Latency: 
    * Summary: 
    +---------+---------+----------+----------+-----+-----+---------+
    |  Latency (cycles) |  Latency (absolute) |  Interval | Pipeline|
    |   min   |   max   |    min   |    max   | min | max |   Type  |
    +---------+---------+----------+----------+-----+-----+---------+
    |      984|      984|  9.840 us|  9.840 us|  984|  984|       no|
    +---------+---------+----------+----------+-----+-----+---------+

    + Detail: 
        * Instance: 
        N/A

        * Loop: 
        +-----------------------------------+---------+---------+----------+-----------+-----------+------+----------+
        |                                   |  Latency (cycles) | Iteration|  Initiation Interval  | Trip |          |
        |             Loop Name             |   min   |   max   |  Latency |  achieved |   target  | Count| Pipelined|
        +-----------------------------------+---------+---------+----------+-----------+-----------+------+----------+
        |- VITIS_LOOP_36_8_VITIS_LOOP_37_9  |      982|      982|        23|          8|          1|   121|       yes|
        +-----------------------------------+---------+---------+----------+-----------+-----------+------+----------+

============================================================
+ Verbose Summary: Synthesis Manager
============================================================
InlineROM: 1
ExposeGlobal: 0
============================================================
+ Verbose Summary: CDFG Model
============================================================
IsTopModel: 0
ResetActiveHigh: 1
IsCombinational: 0
IsDatapathOnly: 0
HasWiredReturn: 1
HasMFsm: 2
HasVarLatency: 1
IsPipeline: 0
IsRtlPipelined: 0
IsInstanceOverlapped: 0
IsDontTouch: 0
HasImplIP: 0
IsGatedGlobalClock: 0

+ Individual pipeline summary: 
  * Pipeline-0: initiation interval (II) = 8, depth = 23


============================================================
+ Verbose Summary: Schedule
============================================================
* Number of FSM states : 23
* Pipeline : 1
  Pipeline-0 : II = 8, D = 23, States = { 1 2 3 4 5 6 7 8 9 10 11 12 13 14 15 16 17 18 19 20 21 22 23 }
* Dataflow Pipeline: 0

* FSM state transitions: 
1 --> 2 
2 --> 3 
3 --> 4 
4 --> 5 
5 --> 6 
6 --> 7 
7 --> 8 
8 --> 9 
9 --> 10 
10 --> 11 
11 --> 12 
12 --> 13 
13 --> 14 
14 --> 15 
15 --> 16 
16 --> 17 
17 --> 18 
18 --> 19 
19 --> 20 
20 --> 21 
21 --> 22 
22 --> 23 
23 --> 

* FSM state operations: 

State 1 <SV = 0> <Delay = 4.06>
ST_1 : Operation 26 [1/1] (0.00ns)   --->   "%k = alloca i32 1"   --->   Operation 26 'alloca' 'k' <Predicate = true> <Delay = 0.00>
ST_1 : Operation 27 [1/1] (0.00ns)   --->   "%j = alloca i32 1"   --->   Operation 27 'alloca' 'j' <Predicate = true> <Delay = 0.00>
ST_1 : Operation 28 [1/1] (0.00ns)   --->   "%indvar_flatten95 = alloca i32 1"   --->   Operation 28 'alloca' 'indvar_flatten95' <Predicate = true> <Delay = 0.00>
ST_1 : Operation 29 [1/1] (0.00ns)   --->   "%select_ln30_read = read i8 @_ssdm_op_Read.ap_auto.i8, i8 %select_ln30"   --->   Operation 29 'read' 'select_ln30_read' <Predicate = true> <Delay = 0.00>
ST_1 : Operation 30 [1/1] (0.00ns)   --->   "%mul_ln42_2_read = read i12 @_ssdm_op_Read.ap_auto.i12, i12 %mul_ln42_2"   --->   Operation 30 'read' 'mul_ln42_2_read' <Predicate = true> <Delay = 0.00>
ST_1 : Operation 31 [1/1] (0.00ns)   --->   "%mul_ln42_1_read = read i10 @_ssdm_op_Read.ap_auto.i10, i10 %mul_ln42_1"   --->   Operation 31 'read' 'mul_ln42_1_read' <Predicate = true> <Delay = 0.00>
ST_1 : Operation 32 [1/1] (0.00ns)   --->   "%select_ln30_2_read = read i9 @_ssdm_op_Read.ap_auto.i9, i9 %select_ln30_2"   --->   Operation 32 'read' 'select_ln30_2_read' <Predicate = true> <Delay = 0.00>
ST_1 : Operation 33 [1/1] (0.00ns)   --->   "%add_ln42_14_read = read i18 @_ssdm_op_Read.ap_auto.i18, i18 %add_ln42_14"   --->   Operation 33 'read' 'add_ln42_14_read' <Predicate = true> <Delay = 0.00>
ST_1 : Operation 34 [1/1] (0.00ns)   --->   "%add_ln42_14_cast = zext i18 %add_ln42_14_read"   --->   Operation 34 'zext' 'add_ln42_14_cast' <Predicate = true> <Delay = 0.00>
ST_1 : Operation 35 [1/1] (0.00ns)   --->   "%mul_ln42_1_cast = zext i10 %mul_ln42_1_read"   --->   Operation 35 'zext' 'mul_ln42_1_cast' <Predicate = true> <Delay = 0.00>
ST_1 : Operation 36 [1/1] (0.00ns)   --->   "%specinterface_ln0 = specinterface void @_ssdm_op_SpecInterface, i32 %output_fm, void @empty_5, i32 0, i32 0, void @empty, i32 4294967295, i32 0, void @empty, void @empty, void @empty, i32 0, i32 0, i32 0, i32 0, void @empty, void @empty, i32 4294967295, i32 0"   --->   Operation 36 'specinterface' 'specinterface_ln0' <Predicate = true> <Delay = 0.00>
ST_1 : Operation 37 [1/1] (0.00ns)   --->   "%specinterface_ln0 = specinterface void @_ssdm_op_SpecInterface, i32 %weights_10, void @empty_5, i32 0, i32 0, void @empty, i32 4294967295, i32 0, void @empty, void @empty, void @empty, i32 0, i32 0, i32 0, i32 0, void @empty, void @empty, i32 4294967295, i32 0"   --->   Operation 37 'specinterface' 'specinterface_ln0' <Predicate = true> <Delay = 0.00>
ST_1 : Operation 38 [1/1] (0.00ns)   --->   "%specinterface_ln0 = specinterface void @_ssdm_op_SpecInterface, i32 %weights_9, void @empty_5, i32 0, i32 0, void @empty, i32 4294967295, i32 0, void @empty, void @empty, void @empty, i32 0, i32 0, i32 0, i32 0, void @empty, void @empty, i32 4294967295, i32 0"   --->   Operation 38 'specinterface' 'specinterface_ln0' <Predicate = true> <Delay = 0.00>
ST_1 : Operation 39 [1/1] (0.00ns)   --->   "%specinterface_ln0 = specinterface void @_ssdm_op_SpecInterface, i32 %weights_8, void @empty_5, i32 0, i32 0, void @empty, i32 4294967295, i32 0, void @empty, void @empty, void @empty, i32 0, i32 0, i32 0, i32 0, void @empty, void @empty, i32 4294967295, i32 0"   --->   Operation 39 'specinterface' 'specinterface_ln0' <Predicate = true> <Delay = 0.00>
ST_1 : Operation 40 [1/1] (0.00ns)   --->   "%specinterface_ln0 = specinterface void @_ssdm_op_SpecInterface, i32 %weights_7, void @empty_5, i32 0, i32 0, void @empty, i32 4294967295, i32 0, void @empty, void @empty, void @empty, i32 0, i32 0, i32 0, i32 0, void @empty, void @empty, i32 4294967295, i32 0"   --->   Operation 40 'specinterface' 'specinterface_ln0' <Predicate = true> <Delay = 0.00>
ST_1 : Operation 41 [1/1] (0.00ns)   --->   "%specinterface_ln0 = specinterface void @_ssdm_op_SpecInterface, i32 %weights_6, void @empty_5, i32 0, i32 0, void @empty, i32 4294967295, i32 0, void @empty, void @empty, void @empty, i32 0, i32 0, i32 0, i32 0, void @empty, void @empty, i32 4294967295, i32 0"   --->   Operation 41 'specinterface' 'specinterface_ln0' <Predicate = true> <Delay = 0.00>
ST_1 : Operation 42 [1/1] (0.00ns)   --->   "%specinterface_ln0 = specinterface void @_ssdm_op_SpecInterface, i32 %weights_5, void @empty_5, i32 0, i32 0, void @empty, i32 4294967295, i32 0, void @empty, void @empty, void @empty, i32 0, i32 0, i32 0, i32 0, void @empty, void @empty, i32 4294967295, i32 0"   --->   Operation 42 'specinterface' 'specinterface_ln0' <Predicate = true> <Delay = 0.00>
ST_1 : Operation 43 [1/1] (0.00ns)   --->   "%specinterface_ln0 = specinterface void @_ssdm_op_SpecInterface, i32 %weights_4, void @empty_5, i32 0, i32 0, void @empty, i32 4294967295, i32 0, void @empty, void @empty, void @empty, i32 0, i32 0, i32 0, i32 0, void @empty, void @empty, i32 4294967295, i32 0"   --->   Operation 43 'specinterface' 'specinterface_ln0' <Predicate = true> <Delay = 0.00>
ST_1 : Operation 44 [1/1] (0.00ns)   --->   "%specinterface_ln0 = specinterface void @_ssdm_op_SpecInterface, i32 %weights_3, void @empty_5, i32 0, i32 0, void @empty, i32 4294967295, i32 0, void @empty, void @empty, void @empty, i32 0, i32 0, i32 0, i32 0, void @empty, void @empty, i32 4294967295, i32 0"   --->   Operation 44 'specinterface' 'specinterface_ln0' <Predicate = true> <Delay = 0.00>
ST_1 : Operation 45 [1/1] (0.00ns)   --->   "%specinterface_ln0 = specinterface void @_ssdm_op_SpecInterface, i32 %weights_2, void @empty_5, i32 0, i32 0, void @empty, i32 4294967295, i32 0, void @empty, void @empty, void @empty, i32 0, i32 0, i32 0, i32 0, void @empty, void @empty, i32 4294967295, i32 0"   --->   Operation 45 'specinterface' 'specinterface_ln0' <Predicate = true> <Delay = 0.00>
ST_1 : Operation 46 [1/1] (0.00ns)   --->   "%specinterface_ln0 = specinterface void @_ssdm_op_SpecInterface, i32 %weights_1, void @empty_5, i32 0, i32 0, void @empty, i32 4294967295, i32 0, void @empty, void @empty, void @empty, i32 0, i32 0, i32 0, i32 0, void @empty, void @empty, i32 4294967295, i32 0"   --->   Operation 46 'specinterface' 'specinterface_ln0' <Predicate = true> <Delay = 0.00>
ST_1 : Operation 47 [1/1] (0.00ns)   --->   "%specinterface_ln0 = specinterface void @_ssdm_op_SpecInterface, i32 %weights_0, void @empty_5, i32 0, i32 0, void @empty, i32 4294967295, i32 0, void @empty, void @empty, void @empty, i32 0, i32 0, i32 0, i32 0, void @empty, void @empty, i32 4294967295, i32 0"   --->   Operation 47 'specinterface' 'specinterface_ln0' <Predicate = true> <Delay = 0.00>
ST_1 : Operation 48 [1/1] (0.00ns)   --->   "%specinterface_ln0 = specinterface void @_ssdm_op_SpecInterface, i32 %input_fm_10, void @empty_5, i32 0, i32 0, void @empty, i32 4294967295, i32 0, void @empty, void @empty, void @empty, i32 0, i32 0, i32 0, i32 0, void @empty, void @empty, i32 4294967295, i32 0"   --->   Operation 48 'specinterface' 'specinterface_ln0' <Predicate = true> <Delay = 0.00>
ST_1 : Operation 49 [1/1] (0.00ns)   --->   "%specinterface_ln0 = specinterface void @_ssdm_op_SpecInterface, i32 %input_fm_9, void @empty_5, i32 0, i32 0, void @empty, i32 4294967295, i32 0, void @empty, void @empty, void @empty, i32 0, i32 0, i32 0, i32 0, void @empty, void @empty, i32 4294967295, i32 0"   --->   Operation 49 'specinterface' 'specinterface_ln0' <Predicate = true> <Delay = 0.00>
ST_1 : Operation 50 [1/1] (0.00ns)   --->   "%specinterface_ln0 = specinterface void @_ssdm_op_SpecInterface, i32 %input_fm_8, void @empty_5, i32 0, i32 0, void @empty, i32 4294967295, i32 0, void @empty, void @empty, void @empty, i32 0, i32 0, i32 0, i32 0, void @empty, void @empty, i32 4294967295, i32 0"   --->   Operation 50 'specinterface' 'specinterface_ln0' <Predicate = true> <Delay = 0.00>
ST_1 : Operation 51 [1/1] (0.00ns)   --->   "%specinterface_ln0 = specinterface void @_ssdm_op_SpecInterface, i32 %input_fm_7, void @empty_5, i32 0, i32 0, void @empty, i32 4294967295, i32 0, void @empty, void @empty, void @empty, i32 0, i32 0, i32 0, i32 0, void @empty, void @empty, i32 4294967295, i32 0"   --->   Operation 51 'specinterface' 'specinterface_ln0' <Predicate = true> <Delay = 0.00>
ST_1 : Operation 52 [1/1] (0.00ns)   --->   "%specinterface_ln0 = specinterface void @_ssdm_op_SpecInterface, i32 %input_fm_6, void @empty_5, i32 0, i32 0, void @empty, i32 4294967295, i32 0, void @empty, void @empty, void @empty, i32 0, i32 0, i32 0, i32 0, void @empty, void @empty, i32 4294967295, i32 0"   --->   Operation 52 'specinterface' 'specinterface_ln0' <Predicate = true> <Delay = 0.00>
ST_1 : Operation 53 [1/1] (0.00ns)   --->   "%specinterface_ln0 = specinterface void @_ssdm_op_SpecInterface, i32 %input_fm_5, void @empty_5, i32 0, i32 0, void @empty, i32 4294967295, i32 0, void @empty, void @empty, void @empty, i32 0, i32 0, i32 0, i32 0, void @empty, void @empty, i32 4294967295, i32 0"   --->   Operation 53 'specinterface' 'specinterface_ln0' <Predicate = true> <Delay = 0.00>
ST_1 : Operation 54 [1/1] (0.00ns)   --->   "%specinterface_ln0 = specinterface void @_ssdm_op_SpecInterface, i32 %input_fm_4, void @empty_5, i32 0, i32 0, void @empty, i32 4294967295, i32 0, void @empty, void @empty, void @empty, i32 0, i32 0, i32 0, i32 0, void @empty, void @empty, i32 4294967295, i32 0"   --->   Operation 54 'specinterface' 'specinterface_ln0' <Predicate = true> <Delay = 0.00>
ST_1 : Operation 55 [1/1] (0.00ns)   --->   "%specinterface_ln0 = specinterface void @_ssdm_op_SpecInterface, i32 %input_fm_3, void @empty_5, i32 0, i32 0, void @empty, i32 4294967295, i32 0, void @empty, void @empty, void @empty, i32 0, i32 0, i32 0, i32 0, void @empty, void @empty, i32 4294967295, i32 0"   --->   Operation 55 'specinterface' 'specinterface_ln0' <Predicate = true> <Delay = 0.00>
ST_1 : Operation 56 [1/1] (0.00ns)   --->   "%specinterface_ln0 = specinterface void @_ssdm_op_SpecInterface, i32 %input_fm_2, void @empty_5, i32 0, i32 0, void @empty, i32 4294967295, i32 0, void @empty, void @empty, void @empty, i32 0, i32 0, i32 0, i32 0, void @empty, void @empty, i32 4294967295, i32 0"   --->   Operation 56 'specinterface' 'specinterface_ln0' <Predicate = true> <Delay = 0.00>
ST_1 : Operation 57 [1/1] (0.00ns)   --->   "%specinterface_ln0 = specinterface void @_ssdm_op_SpecInterface, i32 %input_fm_1, void @empty_5, i32 0, i32 0, void @empty, i32 4294967295, i32 0, void @empty, void @empty, void @empty, i32 0, i32 0, i32 0, i32 0, void @empty, void @empty, i32 4294967295, i32 0"   --->   Operation 57 'specinterface' 'specinterface_ln0' <Predicate = true> <Delay = 0.00>
ST_1 : Operation 58 [1/1] (0.00ns)   --->   "%specinterface_ln0 = specinterface void @_ssdm_op_SpecInterface, i32 %input_fm_0, void @empty_5, i32 0, i32 0, void @empty, i32 4294967295, i32 0, void @empty, void @empty, void @empty, i32 0, i32 0, i32 0, i32 0, void @empty, void @empty, i32 4294967295, i32 0"   --->   Operation 58 'specinterface' 'specinterface_ln0' <Predicate = true> <Delay = 0.00>
ST_1 : Operation 59 [1/1] (1.58ns)   --->   "%store_ln0 = store i7 0, i7 %indvar_flatten95"   --->   Operation 59 'store' 'store_ln0' <Predicate = true> <Delay = 1.58>
ST_1 : Operation 60 [1/1] (1.58ns)   --->   "%store_ln0 = store i4 0, i4 %j"   --->   Operation 60 'store' 'store_ln0' <Predicate = true> <Delay = 1.58>
ST_1 : Operation 61 [1/1] (1.58ns)   --->   "%store_ln0 = store i4 0, i4 %k"   --->   Operation 61 'store' 'store_ln0' <Predicate = true> <Delay = 1.58>
ST_1 : Operation 62 [1/1] (0.00ns)   --->   "%br_ln0 = br void %for.body38.3"   --->   Operation 62 'br' 'br_ln0' <Predicate = true> <Delay = 0.00>
ST_1 : Operation 63 [1/1] (0.00ns)   --->   "%j_2 = load i4 %j" [conv.cpp:36]   --->   Operation 63 'load' 'j_2' <Predicate = true> <Delay = 0.00>
ST_1 : Operation 64 [1/1] (0.00ns)   --->   "%indvar_flatten95_load = load i7 %indvar_flatten95" [conv.cpp:36]   --->   Operation 64 'load' 'indvar_flatten95_load' <Predicate = true> <Delay = 0.00>
ST_1 : Operation 65 [1/1] (0.00ns)   --->   "%output_fm_addr = getelementptr i32 %output_fm, i64 0, i64 %add_ln42_14_cast" [conv.cpp:42]   --->   Operation 65 'getelementptr' 'output_fm_addr' <Predicate = true> <Delay = 0.00>
ST_1 : Operation 66 [1/1] (1.48ns)   --->   "%icmp_ln36 = icmp_eq  i7 %indvar_flatten95_load, i7 121" [conv.cpp:36]   --->   Operation 66 'icmp' 'icmp_ln36' <Predicate = true> <Delay = 1.48> <CoreInst = "Cmp">   --->   Core 9 'Cmp' <Latency = 0> <II = 1> <Delay = 1.48> <FuncUnit> <Opcode : 'icmp'> <InPorts = 2> <OutPorts = 1>
ST_1 : Operation 67 [1/1] (0.00ns)   --->   "%br_ln36 = br i1 %icmp_ln36, void %for.inc72.3, void %for.inc75.3.exitStub" [conv.cpp:36]   --->   Operation 67 'br' 'br_ln36' <Predicate = true> <Delay = 0.00>
ST_1 : Operation 68 [1/1] (0.00ns)   --->   "%k_load = load i4 %k" [conv.cpp:37]   --->   Operation 68 'load' 'k_load' <Predicate = (!icmp_ln36)> <Delay = 0.00>
ST_1 : Operation 69 [1/1] (1.73ns)   --->   "%add_ln36_3 = add i4 %j_2, i4 1" [conv.cpp:36]   --->   Operation 69 'add' 'add_ln36_3' <Predicate = (!icmp_ln36)> <Delay = 1.73> <CoreInst = "Adder">   --->   Core 1 'Adder' <Latency = 0> <II = 1> <Delay = 1.73> <FuncUnit> <Opcode : 'add' 'sub'> <InPorts = 2> <OutPorts = 1>
ST_1 : Operation 70 [1/1] (1.30ns)   --->   "%icmp_ln37 = icmp_eq  i4 %k_load, i4 11" [conv.cpp:37]   --->   Operation 70 'icmp' 'icmp_ln37' <Predicate = (!icmp_ln36)> <Delay = 1.30> <CoreInst = "Cmp">   --->   Core 9 'Cmp' <Latency = 0> <II = 1> <Delay = 1.30> <FuncUnit> <Opcode : 'icmp'> <InPorts = 2> <OutPorts = 1>
ST_1 : Operation 71 [1/1] (1.02ns)   --->   "%select_ln36 = select i1 %icmp_ln37, i4 0, i4 %k_load" [conv.cpp:36]   --->   Operation 71 'select' 'select_ln36' <Predicate = (!icmp_ln36)> <Delay = 1.02> <CoreInst = "Sel">   --->   Core 73 'Sel' <Latency = 0> <II = 1> <Delay = 1.02> <FuncUnit> <Opcode : 'select'> <InPorts = 3> <OutPorts = 1>
ST_1 : Operation 72 [1/1] (0.00ns)   --->   "%k_3_cast = zext i4 %select_ln36" [conv.cpp:36]   --->   Operation 72 'zext' 'k_3_cast' <Predicate = (!icmp_ln36)> <Delay = 0.00>
ST_1 : Operation 73 [1/1] (1.73ns)   --->   "%add_ln40 = add i5 %k_3_cast, i5 7" [conv.cpp:40]   --->   Operation 73 'add' 'add_ln40' <Predicate = (!icmp_ln36)> <Delay = 1.73> <CoreInst = "Adder">   --->   Core 1 'Adder' <Latency = 0> <II = 1> <Delay = 1.73> <FuncUnit> <Opcode : 'add' 'sub'> <InPorts = 2> <OutPorts = 1>

State 2 <SV = 1> <Delay = 6.43>
ST_2 : Operation 74 [1/1] (0.00ns)   --->   "%zext_ln36 = zext i4 %j_2" [conv.cpp:36]   --->   Operation 74 'zext' 'zext_ln36' <Predicate = true> <Delay = 0.00>
ST_2 : Operation 75 [1/1] (1.82ns)   --->   "%empty = add i9 %zext_ln36, i9 %select_ln30_2_read" [conv.cpp:36]   --->   Operation 75 'add' 'empty' <Predicate = true> <Delay = 1.82> <CoreInst = "Adder">   --->   Core 1 'Adder' <Latency = 0> <II = 1> <Delay = 1.82> <FuncUnit> <Opcode : 'add' 'sub'> <InPorts = 2> <OutPorts = 1>
ST_2 : Operation 76 [1/1] (0.00ns)   --->   "%tmp = bitselect i1 @_ssdm_op_BitSelect.i1.i9.i32, i9 %empty, i32 8" [conv.cpp:36]   --->   Operation 76 'bitselect' 'tmp' <Predicate = (!icmp_ln37)> <Delay = 0.00>
ST_2 : Operation 77 [1/1] (0.00ns)   --->   "%specpipeline_ln0 = specpipeline void @_ssdm_op_SpecPipeline, i32 4294967295, i32 0, i32 1, i32 0, void @p_str"   --->   Operation 77 'specpipeline' 'specpipeline_ln0' <Predicate = true> <Delay = 0.00>
ST_2 : Operation 78 [1/1] (1.87ns)   --->   "%add_ln36 = add i7 %indvar_flatten95_load, i7 1" [conv.cpp:36]   --->   Operation 78 'add' 'add_ln36' <Predicate = true> <Delay = 1.87> <CoreInst = "Adder">   --->   Core 1 'Adder' <Latency = 0> <II = 1> <Delay = 1.87> <FuncUnit> <Opcode : 'add' 'sub'> <InPorts = 2> <OutPorts = 1>
ST_2 : Operation 79 [1/1] (0.00ns)   --->   "%zext_ln36_3 = zext i4 %add_ln36_3" [conv.cpp:36]   --->   Operation 79 'zext' 'zext_ln36_3' <Predicate = (!icmp_ln36)> <Delay = 0.00>
ST_2 : Operation 80 [1/1] (1.82ns)   --->   "%p_mid193 = add i9 %zext_ln36_3, i9 %select_ln30_2_read" [conv.cpp:36]   --->   Operation 80 'add' 'p_mid193' <Predicate = (!icmp_ln36)> <Delay = 1.82> <CoreInst = "Adder">   --->   Core 1 'Adder' <Latency = 0> <II = 1> <Delay = 1.82> <FuncUnit> <Opcode : 'add' 'sub'> <InPorts = 2> <OutPorts = 1>
ST_2 : Operation 81 [1/1] (0.00ns) (grouped into LUT with out node add_ln42)   --->   "%select_ln36_4 = select i1 %icmp_ln37, i9 %p_mid193, i9 %empty" [conv.cpp:36]   --->   Operation 81 'select' 'select_ln36_4' <Predicate = (!icmp_ln36)> <Delay = 0.00> <CoreInst = "Sel">   --->   Core 73 'Sel' <Latency = 0> <II = 1> <Delay = 0.96> <FuncUnit> <Opcode : 'select'> <InPorts = 3> <OutPorts = 1>
ST_2 : Operation 82 [1/1] (0.00ns) (grouped into LUT with out node add_ln42)   --->   "%sext_ln42 = sext i9 %select_ln36_4" [conv.cpp:42]   --->   Operation 82 'sext' 'sext_ln42' <Predicate = (!icmp_ln36)> <Delay = 0.00>
ST_2 : Operation 83 [1/1] (1.73ns) (out node of the LUT)   --->   "%add_ln42 = add i11 %mul_ln42_1_cast, i11 %sext_ln42" [conv.cpp:42]   --->   Operation 83 'add' 'add_ln42' <Predicate = (!icmp_ln36)> <Delay = 1.73> <CoreInst = "Adder">   --->   Core 1 'Adder' <Latency = 0> <II = 1> <Delay = 1.73> <FuncUnit> <Opcode : 'add' 'sub'> <InPorts = 2> <OutPorts = 1>
ST_2 : Operation 84 [1/1] (0.00ns)   --->   "%add_ln42_21_cast = sext i11 %add_ln42" [conv.cpp:42]   --->   Operation 84 'sext' 'add_ln42_21_cast' <Predicate = (!icmp_ln36)> <Delay = 0.00>
ST_2 : Operation 85 [4/4] (2.15ns) (root node of the DSP)   --->   "%mul_ln42_10 = mul i14 %add_ln42_21_cast, i14 21" [conv.cpp:42]   --->   Operation 85 'mul' 'mul_ln42_10' <Predicate = (!icmp_ln36)> <Delay = 2.15> <CoreInst = "DSP48">   --->   Core 119 'DSP48' <Latency = 3> <II = 1> <Delay = 2.15> <IPBlock> <Opcode : 'mul' 'add' 'sub' 'select'> <InPorts = 0> <OutPorts = 1> <Sync> <CReg>
ST_2 : Operation 86 [1/1] (0.00ns)   --->   "%tmp_3 = bitselect i1 @_ssdm_op_BitSelect.i1.i9.i32, i9 %p_mid193, i32 8" [conv.cpp:36]   --->   Operation 86 'bitselect' 'tmp_3' <Predicate = (!icmp_ln36 & icmp_ln37)> <Delay = 0.00>
ST_2 : Operation 87 [1/1] (0.99ns)   --->   "%select_ln36_5 = select i1 %icmp_ln37, i1 %tmp_3, i1 %tmp" [conv.cpp:36]   --->   Operation 87 'select' 'select_ln36_5' <Predicate = (!icmp_ln36)> <Delay = 0.99> <CoreInst = "Sel">   --->   Core 73 'Sel' <Latency = 0> <II = 1> <Delay = 0.99> <FuncUnit> <Opcode : 'select'> <InPorts = 3> <OutPorts = 1>
ST_2 : Operation 88 [1/1] (0.00ns)   --->   "%zext_ln40 = zext i5 %add_ln40" [conv.cpp:40]   --->   Operation 88 'zext' 'zext_ln40' <Predicate = (!icmp_ln36)> <Delay = 0.00>
ST_2 : Operation 89 [1/1] (1.91ns)   --->   "%add_ln40_2 = add i8 %zext_ln40, i8 %select_ln30_read" [conv.cpp:40]   --->   Operation 89 'add' 'add_ln40_2' <Predicate = (!icmp_ln36)> <Delay = 1.91> <CoreInst = "Adder">   --->   Core 1 'Adder' <Latency = 0> <II = 1> <Delay = 1.91> <FuncUnit> <Opcode : 'add' 'sub'> <InPorts = 2> <OutPorts = 1>
ST_2 : Operation 90 [1/1] (0.00ns)   --->   "%br_ln41 = br i1 %select_ln36_5, void %if.then.3, void %for.inc69.3" [conv.cpp:41]   --->   Operation 90 'br' 'br_ln41' <Predicate = (!icmp_ln36)> <Delay = 0.00>
ST_2 : Operation 91 [12/12] (4.38ns)   --->   "%urem_ln42 = urem i8 %add_ln40_2, i8 11" [conv.cpp:42]   --->   Operation 91 'urem' 'urem_ln42' <Predicate = (!icmp_ln36 & !select_ln36_5)> <Delay = 4.38> <CoreInst = "Divider">   --->   Core 6 'Divider' <Latency = 11> <II = 1> <Delay = 4.38> <FuncUnit> <Opcode : 'sdiv' 'srem' 'udiv' 'urem'> <InPorts = 2> <OutPorts = 1>
ST_2 : Operation 92 [1/1] (0.00ns)   --->   "%zext_ln42_4 = zext i8 %add_ln40_2" [conv.cpp:42]   --->   Operation 92 'zext' 'zext_ln42_4' <Predicate = (!icmp_ln36 & !select_ln36_5)> <Delay = 0.00>
ST_2 : Operation 93 [1/1] (4.52ns)   --->   "%mul_ln42 = mul i17 %zext_ln42_4, i17 373" [conv.cpp:42]   --->   Operation 93 'mul' 'mul_ln42' <Predicate = (!icmp_ln36 & !select_ln36_5)> <Delay = 4.52> <CoreInst = "Multiplier">   --->   Core 3 'Multiplier' <Latency = 0> <II = 1> <Delay = 4.52> <FuncUnit> <Opcode : 'mul'> <InPorts = 2> <OutPorts = 1>
ST_2 : Operation 94 [1/1] (0.00ns)   --->   "%tmp_4 = partselect i5 @_ssdm_op_PartSelect.i5.i17.i32.i32, i17 %mul_ln42, i32 12, i32 16" [conv.cpp:42]   --->   Operation 94 'partselect' 'tmp_4' <Predicate = (!icmp_ln36 & !select_ln36_5)> <Delay = 0.00>

State 3 <SV = 2> <Delay = 4.38>
ST_3 : Operation 95 [3/4] (2.15ns) (root node of the DSP)   --->   "%mul_ln42_10 = mul i14 %add_ln42_21_cast, i14 21" [conv.cpp:42]   --->   Operation 95 'mul' 'mul_ln42_10' <Predicate = (!icmp_ln36)> <Delay = 2.15> <CoreInst = "DSP48">   --->   Core 119 'DSP48' <Latency = 3> <II = 1> <Delay = 2.15> <IPBlock> <Opcode : 'mul' 'add' 'sub' 'select'> <InPorts = 0> <OutPorts = 1> <Sync> <CReg>
ST_3 : Operation 96 [11/12] (4.38ns)   --->   "%urem_ln42 = urem i8 %add_ln40_2, i8 11" [conv.cpp:42]   --->   Operation 96 'urem' 'urem_ln42' <Predicate = (!icmp_ln36 & !select_ln36_5)> <Delay = 4.38> <CoreInst = "Divider">   --->   Core 6 'Divider' <Latency = 11> <II = 1> <Delay = 4.38> <FuncUnit> <Opcode : 'sdiv' 'srem' 'udiv' 'urem'> <InPorts = 2> <OutPorts = 1>

State 4 <SV = 3> <Delay = 4.38>
ST_4 : Operation 97 [2/4] (2.15ns) (root node of the DSP)   --->   "%mul_ln42_10 = mul i14 %add_ln42_21_cast, i14 21" [conv.cpp:42]   --->   Operation 97 'mul' 'mul_ln42_10' <Predicate = (!icmp_ln36)> <Delay = 2.15> <CoreInst = "DSP48">   --->   Core 119 'DSP48' <Latency = 3> <II = 1> <Delay = 2.15> <IPBlock> <Opcode : 'mul' 'add' 'sub' 'select'> <InPorts = 0> <OutPorts = 1> <Sync> <CReg>
ST_4 : Operation 98 [10/12] (4.38ns)   --->   "%urem_ln42 = urem i8 %add_ln40_2, i8 11" [conv.cpp:42]   --->   Operation 98 'urem' 'urem_ln42' <Predicate = (!icmp_ln36 & !select_ln36_5)> <Delay = 4.38> <CoreInst = "Divider">   --->   Core 6 'Divider' <Latency = 11> <II = 1> <Delay = 4.38> <FuncUnit> <Opcode : 'sdiv' 'srem' 'udiv' 'urem'> <InPorts = 2> <OutPorts = 1>

State 5 <SV = 4> <Delay = 4.38>
ST_5 : Operation 99 [1/4] (0.00ns) (root node of the DSP)   --->   "%mul_ln42_10 = mul i14 %add_ln42_21_cast, i14 21" [conv.cpp:42]   --->   Operation 99 'mul' 'mul_ln42_10' <Predicate = (!icmp_ln36)> <Delay = 0.00> <CoreInst = "DSP48">   --->   Core 119 'DSP48' <Latency = 3> <II = 1> <Delay = 2.15> <IPBlock> <Opcode : 'mul' 'add' 'sub' 'select'> <InPorts = 0> <OutPorts = 1> <Sync> <CReg>
ST_5 : Operation 100 [9/12] (4.38ns)   --->   "%urem_ln42 = urem i8 %add_ln40_2, i8 11" [conv.cpp:42]   --->   Operation 100 'urem' 'urem_ln42' <Predicate = (!icmp_ln36 & !select_ln36_5)> <Delay = 4.38> <CoreInst = "Divider">   --->   Core 6 'Divider' <Latency = 11> <II = 1> <Delay = 4.38> <FuncUnit> <Opcode : 'sdiv' 'srem' 'udiv' 'urem'> <InPorts = 2> <OutPorts = 1>
ST_5 : Operation 101 [1/1] (0.00ns)   --->   "%zext_ln42_5 = zext i5 %tmp_4" [conv.cpp:42]   --->   Operation 101 'zext' 'zext_ln42_5' <Predicate = (!icmp_ln36 & !select_ln36_5)> <Delay = 0.00>
ST_5 : Operation 102 [1/1] (1.81ns)   --->   "%add_ln42_2 = add i14 %mul_ln42_10, i14 %zext_ln42_5" [conv.cpp:42]   --->   Operation 102 'add' 'add_ln42_2' <Predicate = (!icmp_ln36 & !select_ln36_5)> <Delay = 1.81> <CoreInst = "Adder">   --->   Core 1 'Adder' <Latency = 0> <II = 1> <Delay = 1.81> <FuncUnit> <Opcode : 'add' 'sub'> <InPorts = 2> <OutPorts = 1>

State 6 <SV = 5> <Delay = 4.38>
ST_6 : Operation 103 [8/12] (4.38ns)   --->   "%urem_ln42 = urem i8 %add_ln40_2, i8 11" [conv.cpp:42]   --->   Operation 103 'urem' 'urem_ln42' <Predicate = (!icmp_ln36 & !select_ln36_5)> <Delay = 4.38> <CoreInst = "Divider">   --->   Core 6 'Divider' <Latency = 11> <II = 1> <Delay = 4.38> <FuncUnit> <Opcode : 'sdiv' 'srem' 'udiv' 'urem'> <InPorts = 2> <OutPorts = 1>
ST_6 : Operation 104 [1/1] (0.00ns)   --->   "%zext_ln42_6 = zext i14 %add_ln42_2" [conv.cpp:42]   --->   Operation 104 'zext' 'zext_ln42_6' <Predicate = (!icmp_ln36 & !select_ln36_5)> <Delay = 0.00>
ST_6 : Operation 105 [1/1] (0.00ns)   --->   "%input_fm_0_addr = getelementptr i32 %input_fm_0, i64 0, i64 %zext_ln42_6" [conv.cpp:42]   --->   Operation 105 'getelementptr' 'input_fm_0_addr' <Predicate = (!icmp_ln36 & !select_ln36_5)> <Delay = 0.00>
ST_6 : Operation 106 [1/1] (0.00ns)   --->   "%input_fm_1_addr = getelementptr i32 %input_fm_1, i64 0, i64 %zext_ln42_6" [conv.cpp:42]   --->   Operation 106 'getelementptr' 'input_fm_1_addr' <Predicate = (!icmp_ln36 & !select_ln36_5)> <Delay = 0.00>
ST_6 : Operation 107 [1/1] (0.00ns)   --->   "%input_fm_2_addr = getelementptr i32 %input_fm_2, i64 0, i64 %zext_ln42_6" [conv.cpp:42]   --->   Operation 107 'getelementptr' 'input_fm_2_addr' <Predicate = (!icmp_ln36 & !select_ln36_5)> <Delay = 0.00>
ST_6 : Operation 108 [1/1] (0.00ns)   --->   "%input_fm_3_addr = getelementptr i32 %input_fm_3, i64 0, i64 %zext_ln42_6" [conv.cpp:42]   --->   Operation 108 'getelementptr' 'input_fm_3_addr' <Predicate = (!icmp_ln36 & !select_ln36_5)> <Delay = 0.00>
ST_6 : Operation 109 [1/1] (0.00ns)   --->   "%input_fm_4_addr = getelementptr i32 %input_fm_4, i64 0, i64 %zext_ln42_6" [conv.cpp:42]   --->   Operation 109 'getelementptr' 'input_fm_4_addr' <Predicate = (!icmp_ln36 & !select_ln36_5)> <Delay = 0.00>
ST_6 : Operation 110 [1/1] (0.00ns)   --->   "%input_fm_5_addr = getelementptr i32 %input_fm_5, i64 0, i64 %zext_ln42_6" [conv.cpp:42]   --->   Operation 110 'getelementptr' 'input_fm_5_addr' <Predicate = (!icmp_ln36 & !select_ln36_5)> <Delay = 0.00>
ST_6 : Operation 111 [1/1] (0.00ns)   --->   "%input_fm_6_addr = getelementptr i32 %input_fm_6, i64 0, i64 %zext_ln42_6" [conv.cpp:42]   --->   Operation 111 'getelementptr' 'input_fm_6_addr' <Predicate = (!icmp_ln36 & !select_ln36_5)> <Delay = 0.00>
ST_6 : Operation 112 [1/1] (0.00ns)   --->   "%input_fm_7_addr = getelementptr i32 %input_fm_7, i64 0, i64 %zext_ln42_6" [conv.cpp:42]   --->   Operation 112 'getelementptr' 'input_fm_7_addr' <Predicate = (!icmp_ln36 & !select_ln36_5)> <Delay = 0.00>
ST_6 : Operation 113 [1/1] (0.00ns)   --->   "%input_fm_8_addr = getelementptr i32 %input_fm_8, i64 0, i64 %zext_ln42_6" [conv.cpp:42]   --->   Operation 113 'getelementptr' 'input_fm_8_addr' <Predicate = (!icmp_ln36 & !select_ln36_5)> <Delay = 0.00>
ST_6 : Operation 114 [1/1] (0.00ns)   --->   "%input_fm_9_addr = getelementptr i32 %input_fm_9, i64 0, i64 %zext_ln42_6" [conv.cpp:42]   --->   Operation 114 'getelementptr' 'input_fm_9_addr' <Predicate = (!icmp_ln36 & !select_ln36_5)> <Delay = 0.00>
ST_6 : Operation 115 [1/1] (0.00ns)   --->   "%input_fm_10_addr = getelementptr i32 %input_fm_10, i64 0, i64 %zext_ln42_6" [conv.cpp:42]   --->   Operation 115 'getelementptr' 'input_fm_10_addr' <Predicate = (!icmp_ln36 & !select_ln36_5)> <Delay = 0.00>
ST_6 : Operation 116 [2/2] (3.25ns)   --->   "%input_fm_0_load = load i14 %input_fm_0_addr" [conv.cpp:42]   --->   Operation 116 'load' 'input_fm_0_load' <Predicate = (!icmp_ln36 & !select_ln36_5)> <Delay = 3.25> <CoreInst = "RAM">   --->   Core 82 'RAM' <Latency = 1> <II = 1> <Delay = 3.25> <Storage> <Opcode : 'load' 'store'> <Ports = 2> <Width = 32> <Depth = 14238> <RAM>
ST_6 : Operation 117 [2/2] (3.25ns)   --->   "%input_fm_1_load = load i14 %input_fm_1_addr" [conv.cpp:42]   --->   Operation 117 'load' 'input_fm_1_load' <Predicate = (!icmp_ln36 & !select_ln36_5)> <Delay = 3.25> <CoreInst = "RAM">   --->   Core 82 'RAM' <Latency = 1> <II = 1> <Delay = 3.25> <Storage> <Opcode : 'load' 'store'> <Ports = 2> <Width = 32> <Depth = 14238> <RAM>
ST_6 : Operation 118 [2/2] (3.25ns)   --->   "%input_fm_2_load = load i14 %input_fm_2_addr" [conv.cpp:42]   --->   Operation 118 'load' 'input_fm_2_load' <Predicate = (!icmp_ln36 & !select_ln36_5)> <Delay = 3.25> <CoreInst = "RAM">   --->   Core 82 'RAM' <Latency = 1> <II = 1> <Delay = 3.25> <Storage> <Opcode : 'load' 'store'> <Ports = 2> <Width = 32> <Depth = 14238> <RAM>
ST_6 : Operation 119 [2/2] (3.25ns)   --->   "%input_fm_3_load = load i14 %input_fm_3_addr" [conv.cpp:42]   --->   Operation 119 'load' 'input_fm_3_load' <Predicate = (!icmp_ln36 & !select_ln36_5)> <Delay = 3.25> <CoreInst = "RAM">   --->   Core 82 'RAM' <Latency = 1> <II = 1> <Delay = 3.25> <Storage> <Opcode : 'load' 'store'> <Ports = 2> <Width = 32> <Depth = 14238> <RAM>
ST_6 : Operation 120 [2/2] (3.25ns)   --->   "%input_fm_4_load = load i14 %input_fm_4_addr" [conv.cpp:42]   --->   Operation 120 'load' 'input_fm_4_load' <Predicate = (!icmp_ln36 & !select_ln36_5)> <Delay = 3.25> <CoreInst = "RAM">   --->   Core 82 'RAM' <Latency = 1> <II = 1> <Delay = 3.25> <Storage> <Opcode : 'load' 'store'> <Ports = 2> <Width = 32> <Depth = 14238> <RAM>
ST_6 : Operation 121 [2/2] (3.25ns)   --->   "%input_fm_5_load = load i14 %input_fm_5_addr" [conv.cpp:42]   --->   Operation 121 'load' 'input_fm_5_load' <Predicate = (!icmp_ln36 & !select_ln36_5)> <Delay = 3.25> <CoreInst = "RAM">   --->   Core 82 'RAM' <Latency = 1> <II = 1> <Delay = 3.25> <Storage> <Opcode : 'load' 'store'> <Ports = 2> <Width = 32> <Depth = 14238> <RAM>
ST_6 : Operation 122 [2/2] (3.25ns)   --->   "%input_fm_6_load = load i14 %input_fm_6_addr" [conv.cpp:42]   --->   Operation 122 'load' 'input_fm_6_load' <Predicate = (!icmp_ln36 & !select_ln36_5)> <Delay = 3.25> <CoreInst = "RAM">   --->   Core 82 'RAM' <Latency = 1> <II = 1> <Delay = 3.25> <Storage> <Opcode : 'load' 'store'> <Ports = 2> <Width = 32> <Depth = 14238> <RAM>
ST_6 : Operation 123 [2/2] (3.25ns)   --->   "%input_fm_7_load = load i14 %input_fm_7_addr" [conv.cpp:42]   --->   Operation 123 'load' 'input_fm_7_load' <Predicate = (!icmp_ln36 & !select_ln36_5)> <Delay = 3.25> <CoreInst = "RAM">   --->   Core 82 'RAM' <Latency = 1> <II = 1> <Delay = 3.25> <Storage> <Opcode : 'load' 'store'> <Ports = 2> <Width = 32> <Depth = 14238> <RAM>
ST_6 : Operation 124 [2/2] (3.25ns)   --->   "%input_fm_8_load = load i14 %input_fm_8_addr" [conv.cpp:42]   --->   Operation 124 'load' 'input_fm_8_load' <Predicate = (!icmp_ln36 & !select_ln36_5)> <Delay = 3.25> <CoreInst = "RAM">   --->   Core 82 'RAM' <Latency = 1> <II = 1> <Delay = 3.25> <Storage> <Opcode : 'load' 'store'> <Ports = 2> <Width = 32> <Depth = 14238> <RAM>
ST_6 : Operation 125 [2/2] (3.25ns)   --->   "%input_fm_9_load = load i14 %input_fm_9_addr" [conv.cpp:42]   --->   Operation 125 'load' 'input_fm_9_load' <Predicate = (!icmp_ln36 & !select_ln36_5)> <Delay = 3.25> <CoreInst = "RAM">   --->   Core 82 'RAM' <Latency = 1> <II = 1> <Delay = 3.25> <Storage> <Opcode : 'load' 'store'> <Ports = 2> <Width = 32> <Depth = 14238> <RAM>
ST_6 : Operation 126 [2/2] (3.25ns)   --->   "%input_fm_10_load = load i14 %input_fm_10_addr" [conv.cpp:42]   --->   Operation 126 'load' 'input_fm_10_load' <Predicate = (!icmp_ln36 & !select_ln36_5)> <Delay = 3.25> <CoreInst = "RAM">   --->   Core 82 'RAM' <Latency = 1> <II = 1> <Delay = 3.25> <Storage> <Opcode : 'load' 'store'> <Ports = 2> <Width = 32> <Depth = 14238> <RAM>

State 7 <SV = 6> <Delay = 4.38>
ST_7 : Operation 127 [7/12] (4.38ns)   --->   "%urem_ln42 = urem i8 %add_ln40_2, i8 11" [conv.cpp:42]   --->   Operation 127 'urem' 'urem_ln42' <Predicate = (!icmp_ln36 & !select_ln36_5)> <Delay = 4.38> <CoreInst = "Divider">   --->   Core 6 'Divider' <Latency = 11> <II = 1> <Delay = 4.38> <FuncUnit> <Opcode : 'sdiv' 'srem' 'udiv' 'urem'> <InPorts = 2> <OutPorts = 1>
ST_7 : Operation 128 [1/2] (3.25ns)   --->   "%input_fm_0_load = load i14 %input_fm_0_addr" [conv.cpp:42]   --->   Operation 128 'load' 'input_fm_0_load' <Predicate = (!icmp_ln36 & !select_ln36_5)> <Delay = 3.25> <CoreInst = "RAM">   --->   Core 82 'RAM' <Latency = 1> <II = 1> <Delay = 3.25> <Storage> <Opcode : 'load' 'store'> <Ports = 2> <Width = 32> <Depth = 14238> <RAM>
ST_7 : Operation 129 [1/2] (3.25ns)   --->   "%input_fm_1_load = load i14 %input_fm_1_addr" [conv.cpp:42]   --->   Operation 129 'load' 'input_fm_1_load' <Predicate = (!icmp_ln36 & !select_ln36_5)> <Delay = 3.25> <CoreInst = "RAM">   --->   Core 82 'RAM' <Latency = 1> <II = 1> <Delay = 3.25> <Storage> <Opcode : 'load' 'store'> <Ports = 2> <Width = 32> <Depth = 14238> <RAM>
ST_7 : Operation 130 [1/2] (3.25ns)   --->   "%input_fm_2_load = load i14 %input_fm_2_addr" [conv.cpp:42]   --->   Operation 130 'load' 'input_fm_2_load' <Predicate = (!icmp_ln36 & !select_ln36_5)> <Delay = 3.25> <CoreInst = "RAM">   --->   Core 82 'RAM' <Latency = 1> <II = 1> <Delay = 3.25> <Storage> <Opcode : 'load' 'store'> <Ports = 2> <Width = 32> <Depth = 14238> <RAM>
ST_7 : Operation 131 [1/2] (3.25ns)   --->   "%input_fm_3_load = load i14 %input_fm_3_addr" [conv.cpp:42]   --->   Operation 131 'load' 'input_fm_3_load' <Predicate = (!icmp_ln36 & !select_ln36_5)> <Delay = 3.25> <CoreInst = "RAM">   --->   Core 82 'RAM' <Latency = 1> <II = 1> <Delay = 3.25> <Storage> <Opcode : 'load' 'store'> <Ports = 2> <Width = 32> <Depth = 14238> <RAM>
ST_7 : Operation 132 [1/2] (3.25ns)   --->   "%input_fm_4_load = load i14 %input_fm_4_addr" [conv.cpp:42]   --->   Operation 132 'load' 'input_fm_4_load' <Predicate = (!icmp_ln36 & !select_ln36_5)> <Delay = 3.25> <CoreInst = "RAM">   --->   Core 82 'RAM' <Latency = 1> <II = 1> <Delay = 3.25> <Storage> <Opcode : 'load' 'store'> <Ports = 2> <Width = 32> <Depth = 14238> <RAM>
ST_7 : Operation 133 [1/2] (3.25ns)   --->   "%input_fm_5_load = load i14 %input_fm_5_addr" [conv.cpp:42]   --->   Operation 133 'load' 'input_fm_5_load' <Predicate = (!icmp_ln36 & !select_ln36_5)> <Delay = 3.25> <CoreInst = "RAM">   --->   Core 82 'RAM' <Latency = 1> <II = 1> <Delay = 3.25> <Storage> <Opcode : 'load' 'store'> <Ports = 2> <Width = 32> <Depth = 14238> <RAM>
ST_7 : Operation 134 [1/2] (3.25ns)   --->   "%input_fm_6_load = load i14 %input_fm_6_addr" [conv.cpp:42]   --->   Operation 134 'load' 'input_fm_6_load' <Predicate = (!icmp_ln36 & !select_ln36_5)> <Delay = 3.25> <CoreInst = "RAM">   --->   Core 82 'RAM' <Latency = 1> <II = 1> <Delay = 3.25> <Storage> <Opcode : 'load' 'store'> <Ports = 2> <Width = 32> <Depth = 14238> <RAM>
ST_7 : Operation 135 [1/2] (3.25ns)   --->   "%input_fm_7_load = load i14 %input_fm_7_addr" [conv.cpp:42]   --->   Operation 135 'load' 'input_fm_7_load' <Predicate = (!icmp_ln36 & !select_ln36_5)> <Delay = 3.25> <CoreInst = "RAM">   --->   Core 82 'RAM' <Latency = 1> <II = 1> <Delay = 3.25> <Storage> <Opcode : 'load' 'store'> <Ports = 2> <Width = 32> <Depth = 14238> <RAM>
ST_7 : Operation 136 [1/2] (3.25ns)   --->   "%input_fm_8_load = load i14 %input_fm_8_addr" [conv.cpp:42]   --->   Operation 136 'load' 'input_fm_8_load' <Predicate = (!icmp_ln36 & !select_ln36_5)> <Delay = 3.25> <CoreInst = "RAM">   --->   Core 82 'RAM' <Latency = 1> <II = 1> <Delay = 3.25> <Storage> <Opcode : 'load' 'store'> <Ports = 2> <Width = 32> <Depth = 14238> <RAM>
ST_7 : Operation 137 [1/2] (3.25ns)   --->   "%input_fm_9_load = load i14 %input_fm_9_addr" [conv.cpp:42]   --->   Operation 137 'load' 'input_fm_9_load' <Predicate = (!icmp_ln36 & !select_ln36_5)> <Delay = 3.25> <CoreInst = "RAM">   --->   Core 82 'RAM' <Latency = 1> <II = 1> <Delay = 3.25> <Storage> <Opcode : 'load' 'store'> <Ports = 2> <Width = 32> <Depth = 14238> <RAM>
ST_7 : Operation 138 [1/2] (3.25ns)   --->   "%input_fm_10_load = load i14 %input_fm_10_addr" [conv.cpp:42]   --->   Operation 138 'load' 'input_fm_10_load' <Predicate = (!icmp_ln36 & !select_ln36_5)> <Delay = 3.25> <CoreInst = "RAM">   --->   Core 82 'RAM' <Latency = 1> <II = 1> <Delay = 3.25> <Storage> <Opcode : 'load' 'store'> <Ports = 2> <Width = 32> <Depth = 14238> <RAM>

State 8 <SV = 7> <Delay = 4.38>
ST_8 : Operation 139 [1/1] (1.02ns)   --->   "%select_ln36_6 = select i1 %icmp_ln37, i4 %add_ln36_3, i4 %j_2" [conv.cpp:36]   --->   Operation 139 'select' 'select_ln36_6' <Predicate = (!icmp_ln36)> <Delay = 1.02> <CoreInst = "Sel">   --->   Core 73 'Sel' <Latency = 0> <II = 1> <Delay = 1.02> <FuncUnit> <Opcode : 'select'> <InPorts = 3> <OutPorts = 1>
ST_8 : Operation 140 [6/12] (4.38ns)   --->   "%urem_ln42 = urem i8 %add_ln40_2, i8 11" [conv.cpp:42]   --->   Operation 140 'urem' 'urem_ln42' <Predicate = (!icmp_ln36 & !select_ln36_5)> <Delay = 4.38> <CoreInst = "Divider">   --->   Core 6 'Divider' <Latency = 11> <II = 1> <Delay = 4.38> <FuncUnit> <Opcode : 'sdiv' 'srem' 'udiv' 'urem'> <InPorts = 2> <OutPorts = 1>
ST_8 : Operation 141 [1/1] (1.73ns)   --->   "%add_ln37 = add i4 %select_ln36, i4 1" [conv.cpp:37]   --->   Operation 141 'add' 'add_ln37' <Predicate = (!icmp_ln36)> <Delay = 1.73> <CoreInst = "Adder">   --->   Core 1 'Adder' <Latency = 0> <II = 1> <Delay = 1.73> <FuncUnit> <Opcode : 'add' 'sub'> <InPorts = 2> <OutPorts = 1>
ST_8 : Operation 142 [1/1] (1.58ns)   --->   "%store_ln37 = store i7 %add_ln36, i7 %indvar_flatten95" [conv.cpp:37]   --->   Operation 142 'store' 'store_ln37' <Predicate = (!icmp_ln36)> <Delay = 1.58>
ST_8 : Operation 143 [1/1] (1.58ns)   --->   "%store_ln37 = store i4 %select_ln36_6, i4 %j" [conv.cpp:37]   --->   Operation 143 'store' 'store_ln37' <Predicate = (!icmp_ln36)> <Delay = 1.58>
ST_8 : Operation 144 [1/1] (1.58ns)   --->   "%store_ln37 = store i4 %add_ln37, i4 %k" [conv.cpp:37]   --->   Operation 144 'store' 'store_ln37' <Predicate = (!icmp_ln36)> <Delay = 1.58>
ST_8 : Operation 145 [1/1] (0.00ns)   --->   "%br_ln37 = br void %for.body38.3" [conv.cpp:37]   --->   Operation 145 'br' 'br_ln37' <Predicate = (!icmp_ln36)> <Delay = 0.00>

State 9 <SV = 8> <Delay = 4.38>
ST_9 : Operation 146 [5/12] (4.38ns)   --->   "%urem_ln42 = urem i8 %add_ln40_2, i8 11" [conv.cpp:42]   --->   Operation 146 'urem' 'urem_ln42' <Predicate = (!select_ln36_5)> <Delay = 4.38> <CoreInst = "Divider">   --->   Core 6 'Divider' <Latency = 11> <II = 1> <Delay = 4.38> <FuncUnit> <Opcode : 'sdiv' 'srem' 'udiv' 'urem'> <InPorts = 2> <OutPorts = 1>

State 10 <SV = 9> <Delay = 4.80>
ST_10 : Operation 147 [1/1] (0.00ns)   --->   "%zext_ln36_4 = zext i4 %select_ln36_6" [conv.cpp:36]   --->   Operation 147 'zext' 'zext_ln36_4' <Predicate = true> <Delay = 0.00>
ST_10 : Operation 148 [1/1] (1.54ns)   --->   "%add_ln36_4 = add i12 %mul_ln42_2_read, i12 %zext_ln36_4" [conv.cpp:36]   --->   Operation 148 'add' 'add_ln36_4' <Predicate = true> <Delay = 1.54> <CoreInst = "Adder">   --->   Core 1 'Adder' <Latency = 0> <II = 1> <Delay = 1.54> <FuncUnit> <Opcode : 'add' 'sub'> <InPorts = 2> <OutPorts = 1>
ST_10 : Operation 149 [1/1] (0.00ns)   --->   "%zext_ln42 = zext i12 %add_ln36_4" [conv.cpp:42]   --->   Operation 149 'zext' 'zext_ln42' <Predicate = true> <Delay = 0.00>
ST_10 : Operation 150 [1/1] (0.00ns)   --->   "%weights_0_addr = getelementptr i32 %weights_0, i64 0, i64 %zext_ln42" [conv.cpp:42]   --->   Operation 150 'getelementptr' 'weights_0_addr' <Predicate = true> <Delay = 0.00>
ST_10 : Operation 151 [2/2] (3.25ns)   --->   "%weights_0_load = load i12 %weights_0_addr" [conv.cpp:36]   --->   Operation 151 'load' 'weights_0_load' <Predicate = true> <Delay = 3.25> <CoreInst = "RAM">   --->   Core 82 'RAM' <Latency = 1> <II = 1> <Delay = 3.25> <Storage> <Opcode : 'load' 'store'> <Ports = 2> <Width = 32> <Depth = 2112> <RAM>
ST_10 : Operation 152 [1/1] (0.00ns)   --->   "%weights_1_addr = getelementptr i32 %weights_1, i64 0, i64 %zext_ln42" [conv.cpp:42]   --->   Operation 152 'getelementptr' 'weights_1_addr' <Predicate = true> <Delay = 0.00>
ST_10 : Operation 153 [2/2] (3.25ns)   --->   "%weights_1_load = load i12 %weights_1_addr" [conv.cpp:36]   --->   Operation 153 'load' 'weights_1_load' <Predicate = true> <Delay = 3.25> <CoreInst = "RAM">   --->   Core 82 'RAM' <Latency = 1> <II = 1> <Delay = 3.25> <Storage> <Opcode : 'load' 'store'> <Ports = 2> <Width = 32> <Depth = 2112> <RAM>
ST_10 : Operation 154 [1/1] (0.00ns)   --->   "%weights_2_addr = getelementptr i32 %weights_2, i64 0, i64 %zext_ln42" [conv.cpp:42]   --->   Operation 154 'getelementptr' 'weights_2_addr' <Predicate = true> <Delay = 0.00>
ST_10 : Operation 155 [2/2] (3.25ns)   --->   "%weights_2_load = load i12 %weights_2_addr" [conv.cpp:36]   --->   Operation 155 'load' 'weights_2_load' <Predicate = true> <Delay = 3.25> <CoreInst = "RAM">   --->   Core 82 'RAM' <Latency = 1> <II = 1> <Delay = 3.25> <Storage> <Opcode : 'load' 'store'> <Ports = 2> <Width = 32> <Depth = 2112> <RAM>
ST_10 : Operation 156 [1/1] (0.00ns)   --->   "%weights_3_addr = getelementptr i32 %weights_3, i64 0, i64 %zext_ln42" [conv.cpp:42]   --->   Operation 156 'getelementptr' 'weights_3_addr' <Predicate = true> <Delay = 0.00>
ST_10 : Operation 157 [2/2] (3.25ns)   --->   "%weights_3_load = load i12 %weights_3_addr" [conv.cpp:36]   --->   Operation 157 'load' 'weights_3_load' <Predicate = true> <Delay = 3.25> <CoreInst = "RAM">   --->   Core 82 'RAM' <Latency = 1> <II = 1> <Delay = 3.25> <Storage> <Opcode : 'load' 'store'> <Ports = 2> <Width = 32> <Depth = 2112> <RAM>
ST_10 : Operation 158 [1/1] (0.00ns)   --->   "%weights_4_addr = getelementptr i32 %weights_4, i64 0, i64 %zext_ln42" [conv.cpp:42]   --->   Operation 158 'getelementptr' 'weights_4_addr' <Predicate = true> <Delay = 0.00>
ST_10 : Operation 159 [2/2] (3.25ns)   --->   "%weights_4_load = load i12 %weights_4_addr" [conv.cpp:36]   --->   Operation 159 'load' 'weights_4_load' <Predicate = true> <Delay = 3.25> <CoreInst = "RAM">   --->   Core 82 'RAM' <Latency = 1> <II = 1> <Delay = 3.25> <Storage> <Opcode : 'load' 'store'> <Ports = 2> <Width = 32> <Depth = 2112> <RAM>
ST_10 : Operation 160 [1/1] (0.00ns)   --->   "%weights_5_addr = getelementptr i32 %weights_5, i64 0, i64 %zext_ln42" [conv.cpp:42]   --->   Operation 160 'getelementptr' 'weights_5_addr' <Predicate = true> <Delay = 0.00>
ST_10 : Operation 161 [2/2] (3.25ns)   --->   "%weights_5_load = load i12 %weights_5_addr" [conv.cpp:36]   --->   Operation 161 'load' 'weights_5_load' <Predicate = true> <Delay = 3.25> <CoreInst = "RAM">   --->   Core 82 'RAM' <Latency = 1> <II = 1> <Delay = 3.25> <Storage> <Opcode : 'load' 'store'> <Ports = 2> <Width = 32> <Depth = 2112> <RAM>
ST_10 : Operation 162 [1/1] (0.00ns)   --->   "%weights_6_addr = getelementptr i32 %weights_6, i64 0, i64 %zext_ln42" [conv.cpp:42]   --->   Operation 162 'getelementptr' 'weights_6_addr' <Predicate = true> <Delay = 0.00>
ST_10 : Operation 163 [2/2] (3.25ns)   --->   "%weights_6_load = load i12 %weights_6_addr" [conv.cpp:36]   --->   Operation 163 'load' 'weights_6_load' <Predicate = true> <Delay = 3.25> <CoreInst = "RAM">   --->   Core 82 'RAM' <Latency = 1> <II = 1> <Delay = 3.25> <Storage> <Opcode : 'load' 'store'> <Ports = 2> <Width = 32> <Depth = 2112> <RAM>
ST_10 : Operation 164 [1/1] (0.00ns)   --->   "%weights_7_addr = getelementptr i32 %weights_7, i64 0, i64 %zext_ln42" [conv.cpp:42]   --->   Operation 164 'getelementptr' 'weights_7_addr' <Predicate = true> <Delay = 0.00>
ST_10 : Operation 165 [2/2] (3.25ns)   --->   "%weights_7_load = load i12 %weights_7_addr" [conv.cpp:36]   --->   Operation 165 'load' 'weights_7_load' <Predicate = true> <Delay = 3.25> <CoreInst = "RAM">   --->   Core 82 'RAM' <Latency = 1> <II = 1> <Delay = 3.25> <Storage> <Opcode : 'load' 'store'> <Ports = 2> <Width = 32> <Depth = 2112> <RAM>
ST_10 : Operation 166 [1/1] (0.00ns)   --->   "%weights_8_addr = getelementptr i32 %weights_8, i64 0, i64 %zext_ln42" [conv.cpp:42]   --->   Operation 166 'getelementptr' 'weights_8_addr' <Predicate = true> <Delay = 0.00>
ST_10 : Operation 167 [2/2] (3.25ns)   --->   "%weights_8_load = load i12 %weights_8_addr" [conv.cpp:36]   --->   Operation 167 'load' 'weights_8_load' <Predicate = true> <Delay = 3.25> <CoreInst = "RAM">   --->   Core 82 'RAM' <Latency = 1> <II = 1> <Delay = 3.25> <Storage> <Opcode : 'load' 'store'> <Ports = 2> <Width = 32> <Depth = 2112> <RAM>
ST_10 : Operation 168 [1/1] (0.00ns)   --->   "%weights_9_addr = getelementptr i32 %weights_9, i64 0, i64 %zext_ln42" [conv.cpp:42]   --->   Operation 168 'getelementptr' 'weights_9_addr' <Predicate = true> <Delay = 0.00>
ST_10 : Operation 169 [2/2] (3.25ns)   --->   "%weights_9_load = load i12 %weights_9_addr" [conv.cpp:36]   --->   Operation 169 'load' 'weights_9_load' <Predicate = true> <Delay = 3.25> <CoreInst = "RAM">   --->   Core 82 'RAM' <Latency = 1> <II = 1> <Delay = 3.25> <Storage> <Opcode : 'load' 'store'> <Ports = 2> <Width = 32> <Depth = 2112> <RAM>
ST_10 : Operation 170 [1/1] (0.00ns)   --->   "%weights_10_addr = getelementptr i32 %weights_10, i64 0, i64 %zext_ln42" [conv.cpp:42]   --->   Operation 170 'getelementptr' 'weights_10_addr' <Predicate = true> <Delay = 0.00>
ST_10 : Operation 171 [2/2] (3.25ns)   --->   "%weights_10_load = load i12 %weights_10_addr" [conv.cpp:36]   --->   Operation 171 'load' 'weights_10_load' <Predicate = true> <Delay = 3.25> <CoreInst = "RAM">   --->   Core 82 'RAM' <Latency = 1> <II = 1> <Delay = 3.25> <Storage> <Opcode : 'load' 'store'> <Ports = 2> <Width = 32> <Depth = 2112> <RAM>
ST_10 : Operation 172 [4/12] (4.38ns)   --->   "%urem_ln42 = urem i8 %add_ln40_2, i8 11" [conv.cpp:42]   --->   Operation 172 'urem' 'urem_ln42' <Predicate = (!select_ln36_5)> <Delay = 4.38> <CoreInst = "Divider">   --->   Core 6 'Divider' <Latency = 11> <II = 1> <Delay = 4.38> <FuncUnit> <Opcode : 'sdiv' 'srem' 'udiv' 'urem'> <InPorts = 2> <OutPorts = 1>

State 11 <SV = 10> <Delay = 5.91>
ST_11 : Operation 173 [1/1] (0.00ns)   --->   "%specloopname_ln0 = specloopname void @_ssdm_op_SpecLoopName, void @VITIS_LOOP_36_8_VITIS_LOOP_37_9_str"   --->   Operation 173 'specloopname' 'specloopname_ln0' <Predicate = true> <Delay = 0.00>
ST_11 : Operation 174 [1/1] (0.00ns)   --->   "%empty_20 = speclooptripcount i32 @_ssdm_op_SpecLoopTripCount, i64 121, i64 121, i64 121"   --->   Operation 174 'speclooptripcount' 'empty_20' <Predicate = true> <Delay = 0.00>
ST_11 : Operation 175 [1/2] (3.25ns)   --->   "%weights_0_load = load i12 %weights_0_addr" [conv.cpp:36]   --->   Operation 175 'load' 'weights_0_load' <Predicate = true> <Delay = 3.25> <CoreInst = "RAM">   --->   Core 82 'RAM' <Latency = 1> <II = 1> <Delay = 3.25> <Storage> <Opcode : 'load' 'store'> <Ports = 2> <Width = 32> <Depth = 2112> <RAM>
ST_11 : Operation 176 [1/1] (0.00ns)   --->   "%bitcast_ln36 = bitcast i32 %weights_0_load" [conv.cpp:36]   --->   Operation 176 'bitcast' 'bitcast_ln36' <Predicate = true> <Delay = 0.00>
ST_11 : Operation 177 [1/2] (3.25ns)   --->   "%weights_1_load = load i12 %weights_1_addr" [conv.cpp:36]   --->   Operation 177 'load' 'weights_1_load' <Predicate = true> <Delay = 3.25> <CoreInst = "RAM">   --->   Core 82 'RAM' <Latency = 1> <II = 1> <Delay = 3.25> <Storage> <Opcode : 'load' 'store'> <Ports = 2> <Width = 32> <Depth = 2112> <RAM>
ST_11 : Operation 178 [1/1] (0.00ns)   --->   "%bitcast_ln36_11 = bitcast i32 %weights_1_load" [conv.cpp:36]   --->   Operation 178 'bitcast' 'bitcast_ln36_11' <Predicate = true> <Delay = 0.00>
ST_11 : Operation 179 [1/2] (3.25ns)   --->   "%weights_2_load = load i12 %weights_2_addr" [conv.cpp:36]   --->   Operation 179 'load' 'weights_2_load' <Predicate = true> <Delay = 3.25> <CoreInst = "RAM">   --->   Core 82 'RAM' <Latency = 1> <II = 1> <Delay = 3.25> <Storage> <Opcode : 'load' 'store'> <Ports = 2> <Width = 32> <Depth = 2112> <RAM>
ST_11 : Operation 180 [1/1] (0.00ns)   --->   "%bitcast_ln36_12 = bitcast i32 %weights_2_load" [conv.cpp:36]   --->   Operation 180 'bitcast' 'bitcast_ln36_12' <Predicate = true> <Delay = 0.00>
ST_11 : Operation 181 [1/2] (3.25ns)   --->   "%weights_3_load = load i12 %weights_3_addr" [conv.cpp:36]   --->   Operation 181 'load' 'weights_3_load' <Predicate = true> <Delay = 3.25> <CoreInst = "RAM">   --->   Core 82 'RAM' <Latency = 1> <II = 1> <Delay = 3.25> <Storage> <Opcode : 'load' 'store'> <Ports = 2> <Width = 32> <Depth = 2112> <RAM>
ST_11 : Operation 182 [1/1] (0.00ns)   --->   "%bitcast_ln36_13 = bitcast i32 %weights_3_load" [conv.cpp:36]   --->   Operation 182 'bitcast' 'bitcast_ln36_13' <Predicate = true> <Delay = 0.00>
ST_11 : Operation 183 [1/2] (3.25ns)   --->   "%weights_4_load = load i12 %weights_4_addr" [conv.cpp:36]   --->   Operation 183 'load' 'weights_4_load' <Predicate = true> <Delay = 3.25> <CoreInst = "RAM">   --->   Core 82 'RAM' <Latency = 1> <II = 1> <Delay = 3.25> <Storage> <Opcode : 'load' 'store'> <Ports = 2> <Width = 32> <Depth = 2112> <RAM>
ST_11 : Operation 184 [1/1] (0.00ns)   --->   "%bitcast_ln36_14 = bitcast i32 %weights_4_load" [conv.cpp:36]   --->   Operation 184 'bitcast' 'bitcast_ln36_14' <Predicate = true> <Delay = 0.00>
ST_11 : Operation 185 [1/2] (3.25ns)   --->   "%weights_5_load = load i12 %weights_5_addr" [conv.cpp:36]   --->   Operation 185 'load' 'weights_5_load' <Predicate = true> <Delay = 3.25> <CoreInst = "RAM">   --->   Core 82 'RAM' <Latency = 1> <II = 1> <Delay = 3.25> <Storage> <Opcode : 'load' 'store'> <Ports = 2> <Width = 32> <Depth = 2112> <RAM>
ST_11 : Operation 186 [1/1] (0.00ns)   --->   "%bitcast_ln36_15 = bitcast i32 %weights_5_load" [conv.cpp:36]   --->   Operation 186 'bitcast' 'bitcast_ln36_15' <Predicate = true> <Delay = 0.00>
ST_11 : Operation 187 [1/2] (3.25ns)   --->   "%weights_6_load = load i12 %weights_6_addr" [conv.cpp:36]   --->   Operation 187 'load' 'weights_6_load' <Predicate = true> <Delay = 3.25> <CoreInst = "RAM">   --->   Core 82 'RAM' <Latency = 1> <II = 1> <Delay = 3.25> <Storage> <Opcode : 'load' 'store'> <Ports = 2> <Width = 32> <Depth = 2112> <RAM>
ST_11 : Operation 188 [1/1] (0.00ns)   --->   "%bitcast_ln36_16 = bitcast i32 %weights_6_load" [conv.cpp:36]   --->   Operation 188 'bitcast' 'bitcast_ln36_16' <Predicate = true> <Delay = 0.00>
ST_11 : Operation 189 [1/2] (3.25ns)   --->   "%weights_7_load = load i12 %weights_7_addr" [conv.cpp:36]   --->   Operation 189 'load' 'weights_7_load' <Predicate = true> <Delay = 3.25> <CoreInst = "RAM">   --->   Core 82 'RAM' <Latency = 1> <II = 1> <Delay = 3.25> <Storage> <Opcode : 'load' 'store'> <Ports = 2> <Width = 32> <Depth = 2112> <RAM>
ST_11 : Operation 190 [1/1] (0.00ns)   --->   "%bitcast_ln36_17 = bitcast i32 %weights_7_load" [conv.cpp:36]   --->   Operation 190 'bitcast' 'bitcast_ln36_17' <Predicate = true> <Delay = 0.00>
ST_11 : Operation 191 [1/2] (3.25ns)   --->   "%weights_8_load = load i12 %weights_8_addr" [conv.cpp:36]   --->   Operation 191 'load' 'weights_8_load' <Predicate = true> <Delay = 3.25> <CoreInst = "RAM">   --->   Core 82 'RAM' <Latency = 1> <II = 1> <Delay = 3.25> <Storage> <Opcode : 'load' 'store'> <Ports = 2> <Width = 32> <Depth = 2112> <RAM>
ST_11 : Operation 192 [1/1] (0.00ns)   --->   "%bitcast_ln36_18 = bitcast i32 %weights_8_load" [conv.cpp:36]   --->   Operation 192 'bitcast' 'bitcast_ln36_18' <Predicate = true> <Delay = 0.00>
ST_11 : Operation 193 [1/2] (3.25ns)   --->   "%weights_9_load = load i12 %weights_9_addr" [conv.cpp:36]   --->   Operation 193 'load' 'weights_9_load' <Predicate = true> <Delay = 3.25> <CoreInst = "RAM">   --->   Core 82 'RAM' <Latency = 1> <II = 1> <Delay = 3.25> <Storage> <Opcode : 'load' 'store'> <Ports = 2> <Width = 32> <Depth = 2112> <RAM>
ST_11 : Operation 194 [1/1] (0.00ns)   --->   "%bitcast_ln36_19 = bitcast i32 %weights_9_load" [conv.cpp:36]   --->   Operation 194 'bitcast' 'bitcast_ln36_19' <Predicate = true> <Delay = 0.00>
ST_11 : Operation 195 [1/2] (3.25ns)   --->   "%weights_10_load = load i12 %weights_10_addr" [conv.cpp:36]   --->   Operation 195 'load' 'weights_10_load' <Predicate = true> <Delay = 3.25> <CoreInst = "RAM">   --->   Core 82 'RAM' <Latency = 1> <II = 1> <Delay = 3.25> <Storage> <Opcode : 'load' 'store'> <Ports = 2> <Width = 32> <Depth = 2112> <RAM>
ST_11 : Operation 196 [1/1] (0.00ns)   --->   "%bitcast_ln36_20 = bitcast i32 %weights_10_load" [conv.cpp:36]   --->   Operation 196 'bitcast' 'bitcast_ln36_20' <Predicate = true> <Delay = 0.00>
ST_11 : Operation 197 [1/1] (0.00ns)   --->   "%specpipeline_ln0 = specpipeline void @_ssdm_op_SpecPipeline, i32 4294967295, i32 0, i32 1, i32 0, void @p_str"   --->   Operation 197 'specpipeline' 'specpipeline_ln0' <Predicate = true> <Delay = 0.00>
ST_11 : Operation 198 [1/1] (0.00ns)   --->   "%specloopname_ln27 = specloopname void @_ssdm_op_SpecLoopName, void @empty_2" [conv.cpp:27]   --->   Operation 198 'specloopname' 'specloopname_ln27' <Predicate = true> <Delay = 0.00>
ST_11 : Operation 199 [1/1] (2.66ns)   --->   "%tmp_6 = mux i32 @_ssdm_op_Mux.ap_auto.11f32.i4, i32 %bitcast_ln36, i32 %bitcast_ln36_11, i32 %bitcast_ln36_12, i32 %bitcast_ln36_13, i32 %bitcast_ln36_14, i32 %bitcast_ln36_15, i32 %bitcast_ln36_16, i32 %bitcast_ln36_17, i32 %bitcast_ln36_18, i32 %bitcast_ln36_19, i32 %bitcast_ln36_20, i4 %select_ln36" [conv.cpp:42]   --->   Operation 199 'mux' 'tmp_6' <Predicate = (!select_ln36_5)> <Delay = 2.66> <CoreInst = "Multiplexer">   --->   Core 76 'Multiplexer' <Latency = 0> <II = 1> <Delay = 2.66> <FuncUnit> <Opcode : 'mux'> <InPorts = 2> <OutPorts = 1>
ST_11 : Operation 200 [3/12] (4.38ns)   --->   "%urem_ln42 = urem i8 %add_ln40_2, i8 11" [conv.cpp:42]   --->   Operation 200 'urem' 'urem_ln42' <Predicate = (!select_ln36_5)> <Delay = 4.38> <CoreInst = "Divider">   --->   Core 6 'Divider' <Latency = 11> <II = 1> <Delay = 4.38> <FuncUnit> <Opcode : 'sdiv' 'srem' 'udiv' 'urem'> <InPorts = 2> <OutPorts = 1>

State 12 <SV = 11> <Delay = 4.38>
ST_12 : Operation 201 [2/12] (4.38ns)   --->   "%urem_ln42 = urem i8 %add_ln40_2, i8 11" [conv.cpp:42]   --->   Operation 201 'urem' 'urem_ln42' <Predicate = (!select_ln36_5)> <Delay = 4.38> <CoreInst = "Divider">   --->   Core 6 'Divider' <Latency = 11> <II = 1> <Delay = 4.38> <FuncUnit> <Opcode : 'sdiv' 'srem' 'udiv' 'urem'> <InPorts = 2> <OutPorts = 1>

State 13 <SV = 12> <Delay = 7.04>
ST_13 : Operation 202 [1/12] (4.38ns)   --->   "%urem_ln42 = urem i8 %add_ln40_2, i8 11" [conv.cpp:42]   --->   Operation 202 'urem' 'urem_ln42' <Predicate = (!select_ln36_5)> <Delay = 4.38> <CoreInst = "Divider">   --->   Core 6 'Divider' <Latency = 11> <II = 1> <Delay = 4.38> <FuncUnit> <Opcode : 'sdiv' 'srem' 'udiv' 'urem'> <InPorts = 2> <OutPorts = 1>
ST_13 : Operation 203 [1/1] (0.00ns)   --->   "%trunc_ln42 = trunc i4 %urem_ln42" [conv.cpp:42]   --->   Operation 203 'trunc' 'trunc_ln42' <Predicate = (!select_ln36_5)> <Delay = 0.00>
ST_13 : Operation 204 [1/1] (0.00ns)   --->   "%bitcast_ln42 = bitcast i32 %input_fm_0_load" [conv.cpp:42]   --->   Operation 204 'bitcast' 'bitcast_ln42' <Predicate = (!select_ln36_5)> <Delay = 0.00>
ST_13 : Operation 205 [1/1] (0.00ns)   --->   "%bitcast_ln42_13 = bitcast i32 %input_fm_1_load" [conv.cpp:42]   --->   Operation 205 'bitcast' 'bitcast_ln42_13' <Predicate = (!select_ln36_5)> <Delay = 0.00>
ST_13 : Operation 206 [1/1] (0.00ns)   --->   "%bitcast_ln42_14 = bitcast i32 %input_fm_2_load" [conv.cpp:42]   --->   Operation 206 'bitcast' 'bitcast_ln42_14' <Predicate = (!select_ln36_5)> <Delay = 0.00>
ST_13 : Operation 207 [1/1] (0.00ns)   --->   "%bitcast_ln42_15 = bitcast i32 %input_fm_3_load" [conv.cpp:42]   --->   Operation 207 'bitcast' 'bitcast_ln42_15' <Predicate = (!select_ln36_5)> <Delay = 0.00>
ST_13 : Operation 208 [1/1] (0.00ns)   --->   "%bitcast_ln42_16 = bitcast i32 %input_fm_4_load" [conv.cpp:42]   --->   Operation 208 'bitcast' 'bitcast_ln42_16' <Predicate = (!select_ln36_5)> <Delay = 0.00>
ST_13 : Operation 209 [1/1] (0.00ns)   --->   "%bitcast_ln42_17 = bitcast i32 %input_fm_5_load" [conv.cpp:42]   --->   Operation 209 'bitcast' 'bitcast_ln42_17' <Predicate = (!select_ln36_5)> <Delay = 0.00>
ST_13 : Operation 210 [1/1] (0.00ns)   --->   "%bitcast_ln42_18 = bitcast i32 %input_fm_6_load" [conv.cpp:42]   --->   Operation 210 'bitcast' 'bitcast_ln42_18' <Predicate = (!select_ln36_5)> <Delay = 0.00>
ST_13 : Operation 211 [1/1] (0.00ns)   --->   "%bitcast_ln42_19 = bitcast i32 %input_fm_7_load" [conv.cpp:42]   --->   Operation 211 'bitcast' 'bitcast_ln42_19' <Predicate = (!select_ln36_5)> <Delay = 0.00>
ST_13 : Operation 212 [1/1] (0.00ns)   --->   "%bitcast_ln42_20 = bitcast i32 %input_fm_8_load" [conv.cpp:42]   --->   Operation 212 'bitcast' 'bitcast_ln42_20' <Predicate = (!select_ln36_5)> <Delay = 0.00>
ST_13 : Operation 213 [1/1] (0.00ns)   --->   "%bitcast_ln42_21 = bitcast i32 %input_fm_9_load" [conv.cpp:42]   --->   Operation 213 'bitcast' 'bitcast_ln42_21' <Predicate = (!select_ln36_5)> <Delay = 0.00>
ST_13 : Operation 214 [1/1] (0.00ns)   --->   "%bitcast_ln42_22 = bitcast i32 %input_fm_10_load" [conv.cpp:42]   --->   Operation 214 'bitcast' 'bitcast_ln42_22' <Predicate = (!select_ln36_5)> <Delay = 0.00>
ST_13 : Operation 215 [1/1] (2.66ns)   --->   "%tmp_7 = mux i32 @_ssdm_op_Mux.ap_auto.11f32.i4, i32 %bitcast_ln42, i32 %bitcast_ln42_13, i32 %bitcast_ln42_14, i32 %bitcast_ln42_15, i32 %bitcast_ln42_16, i32 %bitcast_ln42_17, i32 %bitcast_ln42_18, i32 %bitcast_ln42_19, i32 %bitcast_ln42_20, i32 %bitcast_ln42_21, i32 %bitcast_ln42_22, i4 %trunc_ln42" [conv.cpp:42]   --->   Operation 215 'mux' 'tmp_7' <Predicate = (!select_ln36_5)> <Delay = 2.66> <CoreInst = "Multiplexer">   --->   Core 76 'Multiplexer' <Latency = 0> <II = 1> <Delay = 2.66> <FuncUnit> <Opcode : 'mux'> <InPorts = 2> <OutPorts = 1>

State 14 <SV = 13> <Delay = 5.70>
ST_14 : Operation 216 [4/4] (5.70ns)   --->   "%mul_3 = fmul i32 %tmp_6, i32 %tmp_7" [conv.cpp:42]   --->   Operation 216 'fmul' 'mul_3' <Predicate = (!select_ln36_5)> <Delay = 5.70> <CoreInst = "FMul_maxdsp">   --->   Core 30 'FMul_maxdsp' <Latency = 3> <II = 1> <Delay = 5.70> <FuncUnit> <Opcode : 'fmul'> <InPorts = 2> <OutPorts = 1>

State 15 <SV = 14> <Delay = 5.70>
ST_15 : Operation 217 [3/4] (5.70ns)   --->   "%mul_3 = fmul i32 %tmp_6, i32 %tmp_7" [conv.cpp:42]   --->   Operation 217 'fmul' 'mul_3' <Predicate = (!select_ln36_5)> <Delay = 5.70> <CoreInst = "FMul_maxdsp">   --->   Core 30 'FMul_maxdsp' <Latency = 3> <II = 1> <Delay = 5.70> <FuncUnit> <Opcode : 'fmul'> <InPorts = 2> <OutPorts = 1>
ST_15 : Operation 231 [1/1] (0.00ns)   --->   "%ret_ln0 = ret"   --->   Operation 231 'ret' 'ret_ln0' <Predicate = (icmp_ln36)> <Delay = 0.00>

State 16 <SV = 15> <Delay = 5.70>
ST_16 : Operation 218 [2/4] (5.70ns)   --->   "%mul_3 = fmul i32 %tmp_6, i32 %tmp_7" [conv.cpp:42]   --->   Operation 218 'fmul' 'mul_3' <Predicate = (!select_ln36_5)> <Delay = 5.70> <CoreInst = "FMul_maxdsp">   --->   Core 30 'FMul_maxdsp' <Latency = 3> <II = 1> <Delay = 5.70> <FuncUnit> <Opcode : 'fmul'> <InPorts = 2> <OutPorts = 1>
ST_16 : Operation 219 [2/2] (3.25ns)   --->   "%output_fm_load = load i18 %output_fm_addr" [conv.cpp:42]   --->   Operation 219 'load' 'output_fm_load' <Predicate = (!select_ln36_5)> <Delay = 3.25> <CoreInst = "RAM">   --->   Core 82 'RAM' <Latency = 1> <II = 1> <Delay = 3.25> <Storage> <Opcode : 'load' 'store'> <Ports = 2> <Width = 32> <Depth = 193600> <RAM>

State 17 <SV = 16> <Delay = 5.70>
ST_17 : Operation 220 [1/4] (5.70ns)   --->   "%mul_3 = fmul i32 %tmp_6, i32 %tmp_7" [conv.cpp:42]   --->   Operation 220 'fmul' 'mul_3' <Predicate = (!select_ln36_5)> <Delay = 5.70> <CoreInst = "FMul_maxdsp">   --->   Core 30 'FMul_maxdsp' <Latency = 3> <II = 1> <Delay = 5.70> <FuncUnit> <Opcode : 'fmul'> <InPorts = 2> <OutPorts = 1>
ST_17 : Operation 221 [1/2] (3.25ns)   --->   "%output_fm_load = load i18 %output_fm_addr" [conv.cpp:42]   --->   Operation 221 'load' 'output_fm_load' <Predicate = (!select_ln36_5)> <Delay = 3.25> <CoreInst = "RAM">   --->   Core 82 'RAM' <Latency = 1> <II = 1> <Delay = 3.25> <Storage> <Opcode : 'load' 'store'> <Ports = 2> <Width = 32> <Depth = 193600> <RAM>

State 18 <SV = 17> <Delay = 7.25>
ST_18 : Operation 222 [1/1] (0.00ns)   --->   "%bitcast_ln42_23 = bitcast i32 %output_fm_load" [conv.cpp:42]   --->   Operation 222 'bitcast' 'bitcast_ln42_23' <Predicate = (!select_ln36_5)> <Delay = 0.00>
ST_18 : Operation 223 [5/5] (7.25ns)   --->   "%add68_3 = fadd i32 %bitcast_ln42_23, i32 %mul_3" [conv.cpp:42]   --->   Operation 223 'fadd' 'add68_3' <Predicate = (!select_ln36_5)> <Delay = 7.25> <CoreInst = "FAddSub_fulldsp">   --->   Core 18 'FAddSub_fulldsp' <Latency = 4> <II = 1> <Delay = 7.25> <FuncUnit> <Opcode : 'fadd' 'fsub'> <InPorts = 2> <OutPorts = 1>

State 19 <SV = 18> <Delay = 7.25>
ST_19 : Operation 224 [4/5] (7.25ns)   --->   "%add68_3 = fadd i32 %bitcast_ln42_23, i32 %mul_3" [conv.cpp:42]   --->   Operation 224 'fadd' 'add68_3' <Predicate = (!select_ln36_5)> <Delay = 7.25> <CoreInst = "FAddSub_fulldsp">   --->   Core 18 'FAddSub_fulldsp' <Latency = 4> <II = 1> <Delay = 7.25> <FuncUnit> <Opcode : 'fadd' 'fsub'> <InPorts = 2> <OutPorts = 1>

State 20 <SV = 19> <Delay = 7.25>
ST_20 : Operation 225 [3/5] (7.25ns)   --->   "%add68_3 = fadd i32 %bitcast_ln42_23, i32 %mul_3" [conv.cpp:42]   --->   Operation 225 'fadd' 'add68_3' <Predicate = (!select_ln36_5)> <Delay = 7.25> <CoreInst = "FAddSub_fulldsp">   --->   Core 18 'FAddSub_fulldsp' <Latency = 4> <II = 1> <Delay = 7.25> <FuncUnit> <Opcode : 'fadd' 'fsub'> <InPorts = 2> <OutPorts = 1>

State 21 <SV = 20> <Delay = 7.25>
ST_21 : Operation 226 [2/5] (7.25ns)   --->   "%add68_3 = fadd i32 %bitcast_ln42_23, i32 %mul_3" [conv.cpp:42]   --->   Operation 226 'fadd' 'add68_3' <Predicate = (!select_ln36_5)> <Delay = 7.25> <CoreInst = "FAddSub_fulldsp">   --->   Core 18 'FAddSub_fulldsp' <Latency = 4> <II = 1> <Delay = 7.25> <FuncUnit> <Opcode : 'fadd' 'fsub'> <InPorts = 2> <OutPorts = 1>

State 22 <SV = 21> <Delay = 7.25>
ST_22 : Operation 227 [1/5] (7.25ns)   --->   "%add68_3 = fadd i32 %bitcast_ln42_23, i32 %mul_3" [conv.cpp:42]   --->   Operation 227 'fadd' 'add68_3' <Predicate = (!select_ln36_5)> <Delay = 7.25> <CoreInst = "FAddSub_fulldsp">   --->   Core 18 'FAddSub_fulldsp' <Latency = 4> <II = 1> <Delay = 7.25> <FuncUnit> <Opcode : 'fadd' 'fsub'> <InPorts = 2> <OutPorts = 1>

State 23 <SV = 22> <Delay = 3.25>
ST_23 : Operation 228 [1/1] (0.00ns)   --->   "%bitcast_ln42_24 = bitcast i32 %add68_3" [conv.cpp:42]   --->   Operation 228 'bitcast' 'bitcast_ln42_24' <Predicate = (!select_ln36_5)> <Delay = 0.00>
ST_23 : Operation 229 [1/1] (3.25ns)   --->   "%store_ln42 = store i32 %bitcast_ln42_24, i18 %output_fm_addr" [conv.cpp:42]   --->   Operation 229 'store' 'store_ln42' <Predicate = (!select_ln36_5)> <Delay = 3.25> <CoreInst = "RAM">   --->   Core 82 'RAM' <Latency = 1> <II = 1> <Delay = 3.25> <Storage> <Opcode : 'load' 'store'> <Ports = 2> <Width = 32> <Depth = 193600> <RAM>
ST_23 : Operation 230 [1/1] (0.00ns)   --->   "%br_ln43 = br void %for.inc69.3" [conv.cpp:43]   --->   Operation 230 'br' 'br_ln43' <Predicate = (!select_ln36_5)> <Delay = 0.00>


============================================================
+ Verbose Summary: Timing violations
============================================================
Target clock period: 10ns, clock uncertainty: 2.7ns.

 <State 1>: 4.06ns
The critical path consists of the following:
	'alloca' operation ('k') [29]  (0 ns)
	'load' operation ('k_load', conv.cpp:37) on local variable 'k' [78]  (0 ns)
	'icmp' operation ('icmp_ln37', conv.cpp:37) [82]  (1.3 ns)
	'select' operation ('select_ln36', conv.cpp:36) [83]  (1.02 ns)
	'add' operation ('add_ln40', conv.cpp:40) [133]  (1.74 ns)

 <State 2>: 6.43ns
The critical path consists of the following:
	'add' operation ('add_ln40_2', conv.cpp:40) [135]  (1.92 ns)
	'mul' operation ('mul_ln42', conv.cpp:42) [141]  (4.52 ns)

 <State 3>: 4.39ns
The critical path consists of the following:
	'urem' operation ('urem_ln42', conv.cpp:42) [139]  (4.39 ns)

 <State 4>: 4.39ns
The critical path consists of the following:
	'urem' operation ('urem_ln42', conv.cpp:42) [139]  (4.39 ns)

 <State 5>: 4.39ns
The critical path consists of the following:
	'urem' operation ('urem_ln42', conv.cpp:42) [139]  (4.39 ns)

 <State 6>: 4.39ns
The critical path consists of the following:
	'urem' operation ('urem_ln42', conv.cpp:42) [139]  (4.39 ns)

 <State 7>: 4.39ns
The critical path consists of the following:
	'urem' operation ('urem_ln42', conv.cpp:42) [139]  (4.39 ns)

 <State 8>: 4.39ns
The critical path consists of the following:
	'urem' operation ('urem_ln42', conv.cpp:42) [139]  (4.39 ns)

 <State 9>: 4.39ns
The critical path consists of the following:
	'urem' operation ('urem_ln42', conv.cpp:42) [139]  (4.39 ns)

 <State 10>: 4.8ns
The critical path consists of the following:
	'add' operation ('add_ln36_4', conv.cpp:36) [95]  (1.55 ns)
	'getelementptr' operation ('weights_0_addr', conv.cpp:42) [97]  (0 ns)
	'load' operation ('weights_0_load', conv.cpp:36) on array 'weights_0' [98]  (3.25 ns)

 <State 11>: 5.92ns
The critical path consists of the following:
	'load' operation ('weights_0_load', conv.cpp:36) on array 'weights_0' [98]  (3.25 ns)
	'mux' operation ('tmp_6', conv.cpp:42) [138]  (2.66 ns)

 <State 12>: 4.39ns
The critical path consists of the following:
	'urem' operation ('urem_ln42', conv.cpp:42) [139]  (4.39 ns)

 <State 13>: 7.05ns
The critical path consists of the following:
	'urem' operation ('urem_ln42', conv.cpp:42) [139]  (4.39 ns)
	'mux' operation ('tmp_7', conv.cpp:42) [180]  (2.66 ns)

 <State 14>: 5.7ns
The critical path consists of the following:
	'fmul' operation ('mul_3', conv.cpp:42) [181]  (5.7 ns)

 <State 15>: 5.7ns
The critical path consists of the following:
	'fmul' operation ('mul_3', conv.cpp:42) [181]  (5.7 ns)

 <State 16>: 5.7ns
The critical path consists of the following:
	'fmul' operation ('mul_3', conv.cpp:42) [181]  (5.7 ns)

 <State 17>: 5.7ns
The critical path consists of the following:
	'fmul' operation ('mul_3', conv.cpp:42) [181]  (5.7 ns)

 <State 18>: 7.26ns
The critical path consists of the following:
	'fadd' operation ('add68_3', conv.cpp:42) [184]  (7.26 ns)

 <State 19>: 7.26ns
The critical path consists of the following:
	'fadd' operation ('add68_3', conv.cpp:42) [184]  (7.26 ns)

 <State 20>: 7.26ns
The critical path consists of the following:
	'fadd' operation ('add68_3', conv.cpp:42) [184]  (7.26 ns)

 <State 21>: 7.26ns
The critical path consists of the following:
	'fadd' operation ('add68_3', conv.cpp:42) [184]  (7.26 ns)

 <State 22>: 7.26ns
The critical path consists of the following:
	'fadd' operation ('add68_3', conv.cpp:42) [184]  (7.26 ns)

 <State 23>: 3.25ns
The critical path consists of the following:
	'store' operation ('store_ln42', conv.cpp:42) of variable 'bitcast_ln42_24', conv.cpp:42 on array 'output_fm' [186]  (3.25 ns)


============================================================
+ Verbose Summary: Binding
============================================================
N/A
* FSMD analyzer results:
  - Output states:
 - Input state : 
  - Chain level:
	State 1
	State 2
	State 3
	State 4
	State 5
	State 6
	State 7
	State 8
	State 9
	State 10
	State 11
	State 12
	State 13
	State 14
	State 15
	State 16
	State 17
	State 18
	State 19
	State 20
	State 21
	State 22
	State 23


============================================================
+ Verbose Summary: Datapath Resource usage 
============================================================
N/A
