

================================================================
== Vitis HLS Report for 'conv_Pipeline_VITIS_LOOP_27_4_VITIS_LOOP_29_6_VITIS_LOOP_35_8_VITIS_LOOP_36_9'
================================================================
* Date:           Wed Oct  7 15:22:19 2026

* Version:        2022.2 (Build 3670227 on Oct 13 2022)
* Project:        vitis.prj
* Solution:       solution1 (Vivado IP Flow Target)
* Product family: zynq
* Target device:  xc7z020-clg400-1


================================================================
== Performance Estimates
================================================================
+ Timing: 
    * Summary: 
    +--------+----------+----------+------------+
    |  Clock |  Target  | Estimated| Uncertainty|
    +--------+----------+----------+------------+
    |ap_clk  |  10.00 ns|  7.256 ns|     2.70 ns|
    +--------+----------+----------+------------+

+ Latency: 
    * Summary: 
    +-----------+-----------+-----------+-----------+-----------+-----------+---------+
    |    Latency (cycles)   |   Latency (absolute)  |        Interval       | Pipeline|
    |    min    |    max    |    min    |    max    |    min    |    max    |   Type  |
    +-----------+-----------+-----------+-----------+-----------+-----------+---------+
    |  562214412|  562214412|  5.622 sec|  5.622 sec|  562214412|  562214412|       no|
    +-----------+-----------+-----------+-----------+-----------+-----------+---------+

    + Detail: 
        * Instance: 
        N/A

        * Loop: 
        +-------------------------------------------------------------------+-----------+-----------+----------+-----------+-----------+----------+----------+
        |                                                                   |    Latency (cycles)   | Iteration|  Initiation Interval  |   Trip   |          |
        |                             Loop Name                             |    min    |    max    |  Latency |  achieved |   target  |   Count  | Pipelined|
        +-------------------------------------------------------------------+-----------+-----------+----------+-----------+-----------+----------+----------+
        |- VITIS_LOOP_27_4_VITIS_LOOP_29_6_VITIS_LOOP_35_8_VITIS_LOOP_36_9  |  562214410|  562214410|        19|          8|          1|  70276800|       yes|
        +-------------------------------------------------------------------+-----------+-----------+----------+-----------+-----------+----------+----------+

============================================================
+ Verbose Summary: Synthesis Manager
============================================================
InlineROM: 1
ExposeGlobal: 0
============================================================
+ Verbose Summary: CDFG Model
============================================================
IsTopModel: 0
ResetActiveHigh: 1
IsCombinational: 0
IsDatapathOnly: 0
HasWiredReturn: 1
HasMFsm: 2
HasVarLatency: 1
IsPipeline: 0
IsRtlPipelined: 0
IsInstanceOverlapped: 0
IsDontTouch: 0
HasImplIP: 0
IsGatedGlobalClock: 0

+ Individual pipeline summary: 
  * Pipeline-0: initiation interval (II) = 8, depth = 20


============================================================
+ Verbose Summary: Schedule
============================================================
* Number of FSM states : 20
* Pipeline : 1
  Pipeline-0 : II = 8, D = 20, States = { 1 2 3 4 5 6 7 8 9 10 11 12 13 14 15 16 17 18 19 20 }
* Dataflow Pipeline: 0

* FSM state transitions: 
1 --> 2 
2 --> 3 
3 --> 4 
4 --> 5 
5 --> 6 
6 --> 7 
7 --> 8 
8 --> 9 
9 --> 10 
10 --> 11 
11 --> 12 
12 --> 13 
13 --> 14 
14 --> 15 
15 --> 16 
16 --> 17 
17 --> 18 
18 --> 19 
19 --> 20 
20 --> 

* FSM state operations: 

State 1 <SV = 0> <Delay = 1.58>
ST_1 : Operation 22 [1/1] (0.00ns)   --->   "%k = alloca i32 1"   --->   Operation 22 'alloca' 'k' <Predicate = true> <Delay = 0.00>
ST_1 : Operation 23 [1/1] (0.00ns)   --->   "%j = alloca i32 1"   --->   Operation 23 'alloca' 'j' <Predicate = true> <Delay = 0.00>
ST_1 : Operation 24 [1/1] (0.00ns)   --->   "%indvar_flatten21 = alloca i32 1"   --->   Operation 24 'alloca' 'indvar_flatten21' <Predicate = true> <Delay = 0.00>
ST_1 : Operation 25 [1/1] (0.00ns)   --->   "%a = alloca i32 1"   --->   Operation 25 'alloca' 'a' <Predicate = true> <Delay = 0.00>
ST_1 : Operation 26 [1/1] (0.00ns)   --->   "%indvar_flatten50 = alloca i32 1"   --->   Operation 26 'alloca' 'indvar_flatten50' <Predicate = true> <Delay = 0.00>
ST_1 : Operation 27 [1/1] (0.00ns)   --->   "%i = alloca i32 1"   --->   Operation 27 'alloca' 'i' <Predicate = true> <Delay = 0.00>
ST_1 : Operation 28 [1/1] (0.00ns)   --->   "%indvar_flatten95 = alloca i32 1"   --->   Operation 28 'alloca' 'indvar_flatten95' <Predicate = true> <Delay = 0.00>
ST_1 : Operation 29 [1/1] (0.00ns)   --->   "%m = alloca i32 1"   --->   Operation 29 'alloca' 'm' <Predicate = true> <Delay = 0.00>
ST_1 : Operation 30 [1/1] (0.00ns)   --->   "%indvar_flatten153 = alloca i32 1"   --->   Operation 30 'alloca' 'indvar_flatten153' <Predicate = true> <Delay = 0.00>
ST_1 : Operation 31 [1/1] (0.00ns)   --->   "%f = alloca i32 1"   --->   Operation 31 'alloca' 'f' <Predicate = true> <Delay = 0.00>
ST_1 : Operation 32 [1/1] (0.00ns)   --->   "%indvar_flatten221 = alloca i32 1"   --->   Operation 32 'alloca' 'indvar_flatten221' <Predicate = true> <Delay = 0.00>
ST_1 : Operation 33 [1/1] (0.00ns)   --->   "%specinterface_ln0 = specinterface void @_ssdm_op_SpecInterface, i32 %output_fm, void @empty_4, i32 0, i32 0, void @empty, i32 4294967295, i32 0, void @empty, void @empty, void @empty, i32 0, i32 0, i32 0, i32 0, void @empty, void @empty, i32 4294967295, i32 0"   --->   Operation 33 'specinterface' 'specinterface_ln0' <Predicate = true> <Delay = 0.00>
ST_1 : Operation 34 [1/1] (0.00ns)   --->   "%specinterface_ln0 = specinterface void @_ssdm_op_SpecInterface, i32 %weights, void @empty_4, i32 0, i32 0, void @empty, i32 4294967295, i32 0, void @empty, void @empty, void @empty, i32 0, i32 0, i32 0, i32 0, void @empty, void @empty, i32 4294967295, i32 0"   --->   Operation 34 'specinterface' 'specinterface_ln0' <Predicate = true> <Delay = 0.00>
ST_1 : Operation 35 [1/1] (0.00ns)   --->   "%specinterface_ln0 = specinterface void @_ssdm_op_SpecInterface, i32 %input_fm, void @empty_4, i32 0, i32 0, void @empty, i32 4294967295, i32 0, void @empty, void @empty, void @empty, i32 0, i32 0, i32 0, i32 0, void @empty, void @empty, i32 4294967295, i32 0"   --->   Operation 35 'specinterface' 'specinterface_ln0' <Predicate = true> <Delay = 0.00>
ST_1 : Operation 36 [1/1] (1.58ns)   --->   "%store_ln0 = store i27 0, i27 %indvar_flatten221"   --->   Operation 36 'store' 'store_ln0' <Predicate = true> <Delay = 1.58>
ST_1 : Operation 37 [1/1] (1.58ns)   --->   "%store_ln0 = store i7 0, i7 %f"   --->   Operation 37 'store' 'store_ln0' <Predicate = true> <Delay = 1.58>
ST_1 : Operation 38 [1/1] (1.58ns)   --->   "%store_ln0 = store i21 0, i21 %indvar_flatten153"   --->   Operation 38 'store' 'store_ln0' <Predicate = true> <Delay = 1.58>
ST_1 : Operation 39 [1/1] (1.58ns)   --->   "%store_ln0 = store i2 0, i2 %m"   --->   Operation 39 'store' 'store_ln0' <Predicate = true> <Delay = 1.58>
ST_1 : Operation 40 [1/1] (1.58ns)   --->   "%store_ln0 = store i19 0, i19 %indvar_flatten95"   --->   Operation 40 'store' 'store_ln0' <Predicate = true> <Delay = 1.58>
ST_1 : Operation 41 [1/1] (1.58ns)   --->   "%store_ln0 = store i8 4, i8 %i"   --->   Operation 41 'store' 'store_ln0' <Predicate = true> <Delay = 1.58>
ST_1 : Operation 42 [1/1] (1.58ns)   --->   "%store_ln0 = store i13 0, i13 %indvar_flatten50"   --->   Operation 42 'store' 'store_ln0' <Predicate = true> <Delay = 1.58>
ST_1 : Operation 43 [1/1] (1.58ns)   --->   "%store_ln0 = store i8 4, i8 %a"   --->   Operation 43 'store' 'store_ln0' <Predicate = true> <Delay = 1.58>
ST_1 : Operation 44 [1/1] (1.58ns)   --->   "%store_ln0 = store i8 0, i8 %indvar_flatten21"   --->   Operation 44 'store' 'store_ln0' <Predicate = true> <Delay = 1.58>
ST_1 : Operation 45 [1/1] (1.58ns)   --->   "%store_ln0 = store i4 0, i4 %j"   --->   Operation 45 'store' 'store_ln0' <Predicate = true> <Delay = 1.58>
ST_1 : Operation 46 [1/1] (1.58ns)   --->   "%store_ln0 = store i4 0, i4 %k"   --->   Operation 46 'store' 'store_ln0' <Predicate = true> <Delay = 1.58>
ST_1 : Operation 47 [1/1] (0.00ns)   --->   "%br_ln0 = br void %for.body38"   --->   Operation 47 'br' 'br_ln0' <Predicate = true> <Delay = 0.00>

State 2 <SV = 1> <Delay = 7.04>
ST_2 : Operation 48 [1/1] (0.00ns)   --->   "%indvar_flatten50_load = load i13 %indvar_flatten50" [conv.cpp:31]   --->   Operation 48 'load' 'indvar_flatten50_load' <Predicate = true> <Delay = 0.00>
ST_2 : Operation 49 [1/1] (0.00ns)   --->   "%indvar_flatten95_load = load i19 %indvar_flatten95" [conv.cpp:29]   --->   Operation 49 'load' 'indvar_flatten95_load' <Predicate = true> <Delay = 0.00>
ST_2 : Operation 50 [1/1] (0.00ns)   --->   "%indvar_flatten153_load = load i21 %indvar_flatten153" [conv.cpp:28]   --->   Operation 50 'load' 'indvar_flatten153_load' <Predicate = true> <Delay = 0.00>
ST_2 : Operation 51 [1/1] (0.00ns)   --->   "%indvar_flatten221_load = load i27 %indvar_flatten221" [conv.cpp:27]   --->   Operation 51 'load' 'indvar_flatten221_load' <Predicate = true> <Delay = 0.00>
ST_2 : Operation 52 [1/1] (2.45ns)   --->   "%icmp_ln27 = icmp_eq  i27 %indvar_flatten221_load, i27 70276800" [conv.cpp:27]   --->   Operation 52 'icmp' 'icmp_ln27' <Predicate = true> <Delay = 2.45> <CoreInst = "Cmp">   --->   Core 9 'Cmp' <Latency = 0> <II = 1> <Delay = 2.45> <FuncUnit> <Opcode : 'icmp'> <InPorts = 2> <OutPorts = 1>
ST_2 : Operation 53 [1/1] (2.40ns)   --->   "%add_ln27_1 = add i27 %indvar_flatten221_load, i27 1" [conv.cpp:27]   --->   Operation 53 'add' 'add_ln27_1' <Predicate = true> <Delay = 2.40> <CoreInst = "Adder">   --->   Core 1 'Adder' <Latency = 0> <II = 1> <Delay = 2.40> <FuncUnit> <Opcode : 'add' 'sub'> <InPorts = 2> <OutPorts = 1>
ST_2 : Operation 54 [1/1] (0.00ns)   --->   "%br_ln27 = br i1 %icmp_ln27, void %for.inc84, void %for.body95.preheader.exitStub" [conv.cpp:27]   --->   Operation 54 'br' 'br_ln27' <Predicate = true> <Delay = 0.00>
ST_2 : Operation 55 [1/1] (0.00ns)   --->   "%m_load = load i2 %m" [conv.cpp:27]   --->   Operation 55 'load' 'm_load' <Predicate = (!icmp_ln27)> <Delay = 0.00>
ST_2 : Operation 56 [1/1] (0.00ns)   --->   "%f_load = load i7 %f" [conv.cpp:27]   --->   Operation 56 'load' 'f_load' <Predicate = (!icmp_ln27)> <Delay = 0.00>
ST_2 : Operation 57 [1/1] (1.87ns)   --->   "%add_ln27 = add i7 %f_load, i7 1" [conv.cpp:27]   --->   Operation 57 'add' 'add_ln27' <Predicate = (!icmp_ln27)> <Delay = 1.87> <CoreInst = "Adder">   --->   Core 1 'Adder' <Latency = 0> <II = 1> <Delay = 1.87> <FuncUnit> <Opcode : 'add' 'sub'> <InPorts = 2> <OutPorts = 1>
ST_2 : Operation 58 [1/1] (2.44ns)   --->   "%icmp_ln28 = icmp_eq  i21 %indvar_flatten153_load, i21 1098075" [conv.cpp:28]   --->   Operation 58 'icmp' 'icmp_ln28' <Predicate = (!icmp_ln27)> <Delay = 2.44> <CoreInst = "Cmp">   --->   Core 9 'Cmp' <Latency = 0> <II = 1> <Delay = 2.44> <FuncUnit> <Opcode : 'icmp'> <InPorts = 2> <OutPorts = 1>
ST_2 : Operation 59 [1/1] (0.99ns)   --->   "%select_ln27 = select i1 %icmp_ln28, i2 0, i2 %m_load" [conv.cpp:27]   --->   Operation 59 'select' 'select_ln27' <Predicate = (!icmp_ln27)> <Delay = 0.99> <CoreInst = "Sel">   --->   Core 73 'Sel' <Latency = 0> <II = 1> <Delay = 0.99> <FuncUnit> <Opcode : 'select'> <InPorts = 3> <OutPorts = 1>
ST_2 : Operation 60 [1/1] (0.97ns)   --->   "%xor_ln27 = xor i1 %icmp_ln28, i1 1" [conv.cpp:27]   --->   Operation 60 'xor' 'xor_ln27' <Predicate = (!icmp_ln27)> <Delay = 0.97> <CoreInst = "LogicGate">   --->   Core 74 'LogicGate' <Latency = 0> <II = 1> <Delay = 0.97> <FuncUnit> <Opcode : 'and' 'or' 'xor'> <InPorts = 2> <OutPorts = 1>
ST_2 : Operation 61 [1/1] (2.09ns)   --->   "%icmp_ln31 = icmp_eq  i13 %indvar_flatten50_load, i13 6655" [conv.cpp:31]   --->   Operation 61 'icmp' 'icmp_ln31' <Predicate = (!icmp_ln27)> <Delay = 2.09> <CoreInst = "Cmp">   --->   Core 9 'Cmp' <Latency = 0> <II = 1> <Delay = 2.09> <FuncUnit> <Opcode : 'icmp'> <InPorts = 2> <OutPorts = 1>
ST_2 : Operation 62 [1/1] (2.43ns)   --->   "%icmp_ln29 = icmp_eq  i19 %indvar_flatten95_load, i19 366025" [conv.cpp:29]   --->   Operation 62 'icmp' 'icmp_ln29' <Predicate = (!icmp_ln27)> <Delay = 2.43> <CoreInst = "Cmp">   --->   Core 9 'Cmp' <Latency = 0> <II = 1> <Delay = 2.43> <FuncUnit> <Opcode : 'icmp'> <InPorts = 2> <OutPorts = 1>
ST_2 : Operation 63 [1/1] (0.97ns)   --->   "%and_ln27_4 = and i1 %icmp_ln29, i1 %xor_ln27" [conv.cpp:27]   --->   Operation 63 'and' 'and_ln27_4' <Predicate = (!icmp_ln27)> <Delay = 0.97> <CoreInst = "LogicGate">   --->   Core 74 'LogicGate' <Latency = 0> <II = 1> <Delay = 0.97> <FuncUnit> <Opcode : 'and' 'or' 'xor'> <InPorts = 2> <OutPorts = 1>
ST_2 : Operation 64 [1/1] (1.56ns)   --->   "%add_ln28 = add i2 %select_ln27, i2 1" [conv.cpp:28]   --->   Operation 64 'add' 'add_ln28' <Predicate = (!icmp_ln27)> <Delay = 1.56> <CoreInst = "Adder">   --->   Core 1 'Adder' <Latency = 0> <II = 1> <Delay = 1.56> <FuncUnit> <Opcode : 'add' 'sub'> <InPorts = 2> <OutPorts = 1>
ST_2 : Operation 65 [1/1] (0.99ns)   --->   "%select_ln28_1 = select i1 %and_ln27_4, i2 %add_ln28, i2 %select_ln27" [conv.cpp:28]   --->   Operation 65 'select' 'select_ln28_1' <Predicate = (!icmp_ln27)> <Delay = 0.99> <CoreInst = "Sel">   --->   Core 73 'Sel' <Latency = 0> <II = 1> <Delay = 0.99> <FuncUnit> <Opcode : 'select'> <InPorts = 3> <OutPorts = 1>
ST_2 : Operation 66 [1/1] (0.00ns)   --->   "%zext_ln41_4 = zext i2 %select_ln28_1" [conv.cpp:41]   --->   Operation 66 'zext' 'zext_ln41_4' <Predicate = (!icmp_ln27)> <Delay = 0.00>
ST_2 : Operation 67 [3/3] (1.05ns) (grouped into DSP with root node add_ln41_4)   --->   "%mul_ln41_1 = mul i10 %zext_ln41_4, i10 226" [conv.cpp:41]   --->   Operation 67 'mul' 'mul_ln41_1' <Predicate = (!icmp_ln27)> <Delay = 1.05> <CoreInst = "DSP48">   --->   Core 119 'DSP48' <Latency = 3> <II = 1> <Delay = 2.15> <IPBlock> <Opcode : 'mul' 'add' 'sub' 'select'> <InPorts = 0> <OutPorts = 1> <Sync> <CReg>

State 3 <SV = 2> <Delay = 7.07>
ST_3 : Operation 68 [1/1] (0.00ns)   --->   "%j_1 = load i4 %j"   --->   Operation 68 'load' 'j_1' <Predicate = true> <Delay = 0.00>
ST_3 : Operation 69 [1/1] (0.00ns)   --->   "%indvar_flatten21_load = load i8 %indvar_flatten21" [conv.cpp:35]   --->   Operation 69 'load' 'indvar_flatten21_load' <Predicate = true> <Delay = 0.00>
ST_3 : Operation 70 [1/1] (0.00ns)   --->   "%a_1 = load i8 %a" [conv.cpp:34]   --->   Operation 70 'load' 'a_1' <Predicate = true> <Delay = 0.00>
ST_3 : Operation 71 [1/1] (0.00ns)   --->   "%i_1 = load i8 %i" [conv.cpp:30]   --->   Operation 71 'load' 'i_1' <Predicate = true> <Delay = 0.00>
ST_3 : Operation 72 [1/1] (0.00ns)   --->   "%zext_ln29 = zext i8 %i_1" [conv.cpp:29]   --->   Operation 72 'zext' 'zext_ln29' <Predicate = true> <Delay = 0.00>
ST_3 : Operation 73 [1/1] (1.91ns)   --->   "%add_ln30 = add i8 %i_1, i8 252" [conv.cpp:30]   --->   Operation 73 'add' 'add_ln30' <Predicate = true> <Delay = 1.91> <CoreInst = "Adder">   --->   Core 1 'Adder' <Latency = 0> <II = 1> <Delay = 1.91> <FuncUnit> <Opcode : 'add' 'sub'> <InPorts = 2> <OutPorts = 1>
ST_3 : Operation 74 [1/1] (0.00ns)   --->   "%tmp_3 = partselect i6 @_ssdm_op_PartSelect.i6.i8.i32.i32, i8 %add_ln30, i32 2, i32 7" [conv.cpp:30]   --->   Operation 74 'partselect' 'tmp_3' <Predicate = true> <Delay = 0.00>
ST_3 : Operation 75 [1/1] (1.91ns)   --->   "%add_ln34 = add i8 %a_1, i8 252" [conv.cpp:34]   --->   Operation 75 'add' 'add_ln34' <Predicate = true> <Delay = 1.91> <CoreInst = "Adder">   --->   Core 1 'Adder' <Latency = 0> <II = 1> <Delay = 1.91> <FuncUnit> <Opcode : 'add' 'sub'> <InPorts = 2> <OutPorts = 1>
ST_3 : Operation 76 [1/1] (0.00ns)   --->   "%tmp_4 = partselect i6 @_ssdm_op_PartSelect.i6.i8.i32.i32, i8 %add_ln34, i32 2, i32 7" [conv.cpp:34]   --->   Operation 76 'partselect' 'tmp_4' <Predicate = true> <Delay = 0.00>
ST_3 : Operation 77 [1/1] (1.73ns)   --->   "%tmp = add i4 %j_1, i4 11"   --->   Operation 77 'add' 'tmp' <Predicate = true> <Delay = 1.73> <CoreInst = "Adder">   --->   Core 1 'Adder' <Latency = 0> <II = 1> <Delay = 1.73> <FuncUnit> <Opcode : 'add' 'sub'> <InPorts = 2> <OutPorts = 1>
ST_3 : Operation 78 [1/1] (0.00ns)   --->   "%tmp_cast = sext i4 %tmp"   --->   Operation 78 'sext' 'tmp_cast' <Predicate = true> <Delay = 0.00>
ST_3 : Operation 79 [1/1] (1.91ns)   --->   "%empty = add i9 %tmp_cast, i9 %zext_ln29" [conv.cpp:29]   --->   Operation 79 'add' 'empty' <Predicate = true> <Delay = 1.91> <CoreInst = "Adder">   --->   Core 1 'Adder' <Latency = 0> <II = 1> <Delay = 1.91> <FuncUnit> <Opcode : 'add' 'sub'> <InPorts = 2> <OutPorts = 1>
ST_3 : Operation 80 [1/1] (0.00ns)   --->   "%tmp_1 = bitselect i1 @_ssdm_op_BitSelect.i1.i9.i32, i9 %empty, i32 8" [conv.cpp:29]   --->   Operation 80 'bitselect' 'tmp_1' <Predicate = true> <Delay = 0.00>
ST_3 : Operation 81 [1/1] (0.97ns)   --->   "%rev = xor i1 %tmp_1, i1 1" [conv.cpp:29]   --->   Operation 81 'xor' 'rev' <Predicate = true> <Delay = 0.97> <CoreInst = "LogicGate">   --->   Core 74 'LogicGate' <Latency = 0> <II = 1> <Delay = 0.97> <FuncUnit> <Opcode : 'and' 'or' 'xor'> <InPorts = 2> <OutPorts = 1>
ST_3 : Operation 82 [1/1] (0.00ns)   --->   "%specpipeline_ln0 = specpipeline void @_ssdm_op_SpecPipeline, i32 4294967295, i32 0, i32 1, i32 0, void @p_str"   --->   Operation 82 'specpipeline' 'specpipeline_ln0' <Predicate = true> <Delay = 0.00>
ST_3 : Operation 83 [1/1] (0.00ns)   --->   "%k_load = load i4 %k" [conv.cpp:35]   --->   Operation 83 'load' 'k_load' <Predicate = (!icmp_ln27)> <Delay = 0.00>
ST_3 : Operation 84 [1/1] (0.99ns)   --->   "%select_ln27_1 = select i1 %icmp_ln28, i7 %add_ln27, i7 %f_load" [conv.cpp:27]   --->   Operation 84 'select' 'select_ln27_1' <Predicate = (!icmp_ln27)> <Delay = 0.99> <CoreInst = "Sel">   --->   Core 73 'Sel' <Latency = 0> <II = 1> <Delay = 0.99> <FuncUnit> <Opcode : 'select'> <InPorts = 3> <OutPorts = 1>
ST_3 : Operation 85 [1/1] (0.00ns)   --->   "%zext_ln41_1 = zext i7 %select_ln27_1" [conv.cpp:41]   --->   Operation 85 'zext' 'zext_ln41_1' <Predicate = (!icmp_ln27)> <Delay = 0.00>
ST_3 : Operation 86 [1/1] (0.00ns)   --->   "%tmp_5 = bitconcatenate i9 @_ssdm_op_BitConcatenate.i9.i7.i2, i7 %select_ln27_1, i2 0" [conv.cpp:41]   --->   Operation 86 'bitconcatenate' 'tmp_5' <Predicate = (!icmp_ln27)> <Delay = 0.00>
ST_3 : Operation 87 [1/1] (0.00ns)   --->   "%zext_ln41_2 = zext i9 %tmp_5" [conv.cpp:41]   --->   Operation 87 'zext' 'zext_ln41_2' <Predicate = (!icmp_ln27)> <Delay = 0.00>
ST_3 : Operation 88 [1/1] (1.82ns)   --->   "%sub_ln41 = sub i10 %zext_ln41_2, i10 %zext_ln41_1" [conv.cpp:41]   --->   Operation 88 'sub' 'sub_ln41' <Predicate = (!icmp_ln27)> <Delay = 1.82> <CoreInst = "Adder">   --->   Core 1 'Adder' <Latency = 0> <II = 1> <Delay = 1.82> <FuncUnit> <Opcode : 'add' 'sub'> <InPorts = 2> <OutPorts = 1>
ST_3 : Operation 89 [1/1] (0.00ns)   --->   "%sext_ln41 = sext i10 %sub_ln41" [conv.cpp:41]   --->   Operation 89 'sext' 'sext_ln41' <Predicate = (!icmp_ln27)> <Delay = 0.00>
ST_3 : Operation 90 [1/1] (1.30ns)   --->   "%icmp_ln36 = icmp_eq  i4 %k_load, i4 11" [conv.cpp:36]   --->   Operation 90 'icmp' 'icmp_ln36' <Predicate = (!icmp_ln27)> <Delay = 1.30> <CoreInst = "Cmp">   --->   Core 9 'Cmp' <Latency = 0> <II = 1> <Delay = 1.30> <FuncUnit> <Opcode : 'icmp'> <InPorts = 2> <OutPorts = 1>
ST_3 : Operation 91 [1/1] (0.00ns) (grouped into LUT with out node and_ln31)   --->   "%and_ln27_1 = and i1 %icmp_ln36, i1 %xor_ln27" [conv.cpp:27]   --->   Operation 91 'and' 'and_ln27_1' <Predicate = (!icmp_ln27)> <Delay = 0.00> <CoreInst = "LogicGate">   --->   Core 74 'LogicGate' <Latency = 0> <II = 1> <Delay = 0.97> <FuncUnit> <Opcode : 'and' 'or' 'xor'> <InPorts = 2> <OutPorts = 1>
ST_3 : Operation 92 [1/1] (1.55ns)   --->   "%icmp_ln35 = icmp_eq  i8 %indvar_flatten21_load, i8 121" [conv.cpp:35]   --->   Operation 92 'icmp' 'icmp_ln35' <Predicate = (!icmp_ln27)> <Delay = 1.55> <CoreInst = "Cmp">   --->   Core 9 'Cmp' <Latency = 0> <II = 1> <Delay = 1.55> <FuncUnit> <Opcode : 'icmp'> <InPorts = 2> <OutPorts = 1>
ST_3 : Operation 93 [1/1] (0.00ns) (grouped into LUT with out node and_ln28_2)   --->   "%and_ln27_2 = and i1 %icmp_ln35, i1 %xor_ln27" [conv.cpp:27]   --->   Operation 93 'and' 'and_ln27_2' <Predicate = (!icmp_ln27)> <Delay = 0.00> <CoreInst = "LogicGate">   --->   Core 74 'LogicGate' <Latency = 0> <II = 1> <Delay = 0.97> <FuncUnit> <Opcode : 'and' 'or' 'xor'> <InPorts = 2> <OutPorts = 1>
ST_3 : Operation 94 [1/1] (0.97ns)   --->   "%or_ln28 = or i1 %and_ln27_4, i1 %icmp_ln28" [conv.cpp:28]   --->   Operation 94 'or' 'or_ln28' <Predicate = (!icmp_ln27)> <Delay = 0.97> <CoreInst = "LogicGate">   --->   Core 74 'LogicGate' <Latency = 0> <II = 1> <Delay = 0.97> <FuncUnit> <Opcode : 'and' 'or' 'xor'> <InPorts = 2> <OutPorts = 1>
ST_3 : Operation 95 [1/1] (1.24ns)   --->   "%select_ln28 = select i1 %or_ln28, i8 4, i8 %i_1" [conv.cpp:28]   --->   Operation 95 'select' 'select_ln28' <Predicate = (!icmp_ln27)> <Delay = 1.24> <CoreInst = "Sel">   --->   Core 73 'Sel' <Latency = 0> <II = 1> <Delay = 1.24> <FuncUnit> <Opcode : 'select'> <InPorts = 3> <OutPorts = 1>
ST_3 : Operation 96 [1/1] (0.00ns)   --->   "%zext_ln41_3 = zext i2 %select_ln28_1" [conv.cpp:41]   --->   Operation 96 'zext' 'zext_ln41_3' <Predicate = (!icmp_ln27)> <Delay = 0.00>
ST_3 : Operation 97 [2/3] (1.05ns) (grouped into DSP with root node add_ln41_4)   --->   "%mul_ln41_1 = mul i10 %zext_ln41_4, i10 226" [conv.cpp:41]   --->   Operation 97 'mul' 'mul_ln41_1' <Predicate = (!icmp_ln27)> <Delay = 1.05> <CoreInst = "DSP48">   --->   Core 119 'DSP48' <Latency = 3> <II = 1> <Delay = 2.15> <IPBlock> <Opcode : 'mul' 'add' 'sub' 'select'> <InPorts = 0> <OutPorts = 1> <Sync> <CReg>
ST_3 : Operation 98 [1/1] (1.73ns)   --->   "%add_ln41 = add i11 %sext_ln41, i11 %zext_ln41_3" [conv.cpp:41]   --->   Operation 98 'add' 'add_ln41' <Predicate = (!icmp_ln27)> <Delay = 1.73> <CoreInst = "Adder">   --->   Core 1 'Adder' <Latency = 0> <II = 1> <Delay = 1.73> <FuncUnit> <Opcode : 'add' 'sub'> <InPorts = 2> <OutPorts = 1>
ST_3 : Operation 99 [1/1] (0.00ns)   --->   "%sext_ln28 = sext i11 %add_ln41" [conv.cpp:28]   --->   Operation 99 'sext' 'sext_ln28' <Predicate = (!icmp_ln27)> <Delay = 0.00>
ST_3 : Operation 100 [3/3] (1.05ns) (grouped into DSP with root node add_ln41_3)   --->   "%mul_ln28 = mul i14 %sext_ln28, i14 11" [conv.cpp:28]   --->   Operation 100 'mul' 'mul_ln28' <Predicate = (!icmp_ln27)> <Delay = 1.05> <CoreInst = "DSP48">   --->   Core 119 'DSP48' <Latency = 3> <II = 1> <Delay = 2.15> <IPBlock> <Opcode : 'mul' 'add' 'sub' 'select'> <InPorts = 0> <OutPorts = 1> <Sync> <CReg>
ST_3 : Operation 101 [1/1] (0.00ns) (grouped into LUT with out node select_ln29_2)   --->   "%select_ln28_2 = select i1 %or_ln28, i6 0, i6 %tmp_3" [conv.cpp:28]   --->   Operation 101 'select' 'select_ln28_2' <Predicate = (!icmp_ln27)> <Delay = 0.00> <CoreInst = "Sel">   --->   Core 73 'Sel' <Latency = 0> <II = 1> <Delay = 1.18> <FuncUnit> <Opcode : 'select'> <InPorts = 3> <OutPorts = 1>
ST_3 : Operation 102 [1/1] (0.00ns) (grouped into LUT with out node or_ln28_1)   --->   "%xor_ln28 = xor i1 %icmp_ln29, i1 1" [conv.cpp:28]   --->   Operation 102 'xor' 'xor_ln28' <Predicate = (!icmp_ln27)> <Delay = 0.00> <CoreInst = "LogicGate">   --->   Core 74 'LogicGate' <Latency = 0> <II = 1> <Delay = 0.97> <FuncUnit> <Opcode : 'and' 'or' 'xor'> <InPorts = 2> <OutPorts = 1>
ST_3 : Operation 103 [1/1] (0.97ns) (out node of the LUT)   --->   "%or_ln28_1 = or i1 %icmp_ln28, i1 %xor_ln28" [conv.cpp:28]   --->   Operation 103 'or' 'or_ln28_1' <Predicate = (!icmp_ln27)> <Delay = 0.97> <CoreInst = "LogicGate">   --->   Core 74 'LogicGate' <Latency = 0> <II = 1> <Delay = 0.97> <FuncUnit> <Opcode : 'and' 'or' 'xor'> <InPorts = 2> <OutPorts = 1>
ST_3 : Operation 104 [1/1] (0.00ns) (grouped into LUT with out node and_ln31)   --->   "%and_ln28_1 = and i1 %and_ln27_1, i1 %or_ln28_1" [conv.cpp:28]   --->   Operation 104 'and' 'and_ln28_1' <Predicate = (!icmp_ln27)> <Delay = 0.00> <CoreInst = "LogicGate">   --->   Core 74 'LogicGate' <Latency = 0> <II = 1> <Delay = 0.97> <FuncUnit> <Opcode : 'and' 'or' 'xor'> <InPorts = 2> <OutPorts = 1>
ST_3 : Operation 105 [1/1] (0.97ns) (out node of the LUT)   --->   "%and_ln28_2 = and i1 %and_ln27_2, i1 %or_ln28_1" [conv.cpp:28]   --->   Operation 105 'and' 'and_ln28_2' <Predicate = (!icmp_ln27)> <Delay = 0.97> <CoreInst = "LogicGate">   --->   Core 74 'LogicGate' <Latency = 0> <II = 1> <Delay = 0.97> <FuncUnit> <Opcode : 'and' 'or' 'xor'> <InPorts = 2> <OutPorts = 1>
ST_3 : Operation 106 [1/1] (0.00ns) (grouped into LUT with out node and_ln28_3)   --->   "%and_ln27_3 = and i1 %xor_ln27, i1 %icmp_ln31" [conv.cpp:27]   --->   Operation 106 'and' 'and_ln27_3' <Predicate = (!icmp_ln27)> <Delay = 0.00> <CoreInst = "LogicGate">   --->   Core 74 'LogicGate' <Latency = 0> <II = 1> <Delay = 0.97> <FuncUnit> <Opcode : 'and' 'or' 'xor'> <InPorts = 2> <OutPorts = 1>
ST_3 : Operation 107 [1/1] (0.97ns) (out node of the LUT)   --->   "%and_ln28_3 = and i1 %and_ln27_3, i1 %or_ln28_1" [conv.cpp:28]   --->   Operation 107 'and' 'and_ln28_3' <Predicate = (!icmp_ln27)> <Delay = 0.97> <CoreInst = "LogicGate">   --->   Core 74 'LogicGate' <Latency = 0> <II = 1> <Delay = 0.97> <FuncUnit> <Opcode : 'and' 'or' 'xor'> <InPorts = 2> <OutPorts = 1>
ST_3 : Operation 108 [1/1] (1.91ns)   --->   "%add_ln29 = add i8 %select_ln28, i8 4" [conv.cpp:29]   --->   Operation 108 'add' 'add_ln29' <Predicate = (!icmp_ln27)> <Delay = 1.91> <CoreInst = "Adder">   --->   Core 1 'Adder' <Latency = 0> <II = 1> <Delay = 1.91> <FuncUnit> <Opcode : 'add' 'sub'> <InPorts = 2> <OutPorts = 1>
ST_3 : Operation 109 [1/1] (0.97ns)   --->   "%or_ln29 = or i1 %and_ln28_3, i1 %and_ln27_4" [conv.cpp:29]   --->   Operation 109 'or' 'or_ln29' <Predicate = (!icmp_ln27)> <Delay = 0.97> <CoreInst = "LogicGate">   --->   Core 74 'LogicGate' <Latency = 0> <II = 1> <Delay = 0.97> <FuncUnit> <Opcode : 'and' 'or' 'xor'> <InPorts = 2> <OutPorts = 1>
ST_3 : Operation 110 [1/1] (0.97ns)   --->   "%or_ln29_1 = or i1 %or_ln29, i1 %icmp_ln28" [conv.cpp:29]   --->   Operation 110 'or' 'or_ln29_1' <Predicate = (!icmp_ln27)> <Delay = 0.97> <CoreInst = "LogicGate">   --->   Core 74 'LogicGate' <Latency = 0> <II = 1> <Delay = 0.97> <FuncUnit> <Opcode : 'and' 'or' 'xor'> <InPorts = 2> <OutPorts = 1>
ST_3 : Operation 111 [1/1] (1.24ns)   --->   "%select_ln29 = select i1 %or_ln29_1, i8 4, i8 %a_1" [conv.cpp:29]   --->   Operation 111 'select' 'select_ln29' <Predicate = (!icmp_ln27)> <Delay = 1.24> <CoreInst = "Sel">   --->   Core 73 'Sel' <Latency = 0> <II = 1> <Delay = 1.24> <FuncUnit> <Opcode : 'select'> <InPorts = 3> <OutPorts = 1>
ST_3 : Operation 112 [1/1] (0.00ns) (grouped into LUT with out node select_ln29_2)   --->   "%p_mid = partselect i6 @_ssdm_op_PartSelect.i6.i8.i32.i32, i8 %select_ln28, i32 2, i32 7" [conv.cpp:28]   --->   Operation 112 'partselect' 'p_mid' <Predicate = (!icmp_ln27)> <Delay = 0.00>
ST_3 : Operation 113 [1/1] (1.18ns) (out node of the LUT)   --->   "%select_ln29_2 = select i1 %and_ln28_3, i6 %p_mid, i6 %select_ln28_2" [conv.cpp:29]   --->   Operation 113 'select' 'select_ln29_2' <Predicate = (!icmp_ln27)> <Delay = 1.18> <CoreInst = "Sel">   --->   Core 73 'Sel' <Latency = 0> <II = 1> <Delay = 1.18> <FuncUnit> <Opcode : 'select'> <InPorts = 3> <OutPorts = 1>
ST_3 : Operation 114 [1/1] (0.00ns) (grouped into LUT with out node select_ln31_2)   --->   "%select_ln29_3 = select i1 %or_ln29_1, i6 0, i6 %tmp_4" [conv.cpp:29]   --->   Operation 114 'select' 'select_ln29_3' <Predicate = (!icmp_ln27)> <Delay = 0.00> <CoreInst = "Sel">   --->   Core 73 'Sel' <Latency = 0> <II = 1> <Delay = 1.18> <FuncUnit> <Opcode : 'select'> <InPorts = 3> <OutPorts = 1>
ST_3 : Operation 115 [1/1] (0.97ns)   --->   "%xor_ln29 = xor i1 %and_ln28_3, i1 1" [conv.cpp:29]   --->   Operation 115 'xor' 'xor_ln29' <Predicate = (!icmp_ln27)> <Delay = 0.97> <CoreInst = "LogicGate">   --->   Core 74 'LogicGate' <Latency = 0> <II = 1> <Delay = 0.97> <FuncUnit> <Opcode : 'and' 'or' 'xor'> <InPorts = 2> <OutPorts = 1>
ST_3 : Operation 116 [1/1] (0.00ns) (grouped into LUT with out node and_ln31)   --->   "%and_ln29 = and i1 %and_ln28_1, i1 %xor_ln29" [conv.cpp:29]   --->   Operation 116 'and' 'and_ln29' <Predicate = (!icmp_ln27)> <Delay = 0.00> <CoreInst = "LogicGate">   --->   Core 74 'LogicGate' <Latency = 0> <II = 1> <Delay = 0.97> <FuncUnit> <Opcode : 'and' 'or' 'xor'> <InPorts = 2> <OutPorts = 1>
ST_3 : Operation 117 [1/1] (0.97ns)   --->   "%and_ln29_1 = and i1 %and_ln28_2, i1 %xor_ln29" [conv.cpp:29]   --->   Operation 117 'and' 'and_ln29_1' <Predicate = (!icmp_ln27)> <Delay = 0.97> <CoreInst = "LogicGate">   --->   Core 74 'LogicGate' <Latency = 0> <II = 1> <Delay = 0.97> <FuncUnit> <Opcode : 'and' 'or' 'xor'> <InPorts = 2> <OutPorts = 1>
ST_3 : Operation 118 [1/1] (1.91ns)   --->   "%add_ln31 = add i8 %select_ln29, i8 4" [conv.cpp:31]   --->   Operation 118 'add' 'add_ln31' <Predicate = (!icmp_ln27)> <Delay = 1.91> <CoreInst = "Adder">   --->   Core 1 'Adder' <Latency = 0> <II = 1> <Delay = 1.91> <FuncUnit> <Opcode : 'add' 'sub'> <InPorts = 2> <OutPorts = 1>
ST_3 : Operation 119 [1/1] (0.00ns) (grouped into LUT with out node or_ln31_1)   --->   "%or_ln31 = or i1 %or_ln28, i1 %and_ln28_3" [conv.cpp:31]   --->   Operation 119 'or' 'or_ln31' <Predicate = (!icmp_ln27)> <Delay = 0.00> <CoreInst = "LogicGate">   --->   Core 74 'LogicGate' <Latency = 0> <II = 1> <Delay = 0.97> <FuncUnit> <Opcode : 'and' 'or' 'xor'> <InPorts = 2> <OutPorts = 1>
ST_3 : Operation 120 [1/1] (0.97ns) (out node of the LUT)   --->   "%or_ln31_1 = or i1 %or_ln31, i1 %and_ln29_1" [conv.cpp:31]   --->   Operation 120 'or' 'or_ln31_1' <Predicate = (!icmp_ln27)> <Delay = 0.97> <CoreInst = "LogicGate">   --->   Core 74 'LogicGate' <Latency = 0> <II = 1> <Delay = 0.97> <FuncUnit> <Opcode : 'and' 'or' 'xor'> <InPorts = 2> <OutPorts = 1>
ST_3 : Operation 121 [1/1] (1.02ns)   --->   "%select_ln31 = select i1 %or_ln31_1, i4 0, i4 %j_1" [conv.cpp:31]   --->   Operation 121 'select' 'select_ln31' <Predicate = (!icmp_ln27)> <Delay = 1.02> <CoreInst = "Sel">   --->   Core 73 'Sel' <Latency = 0> <II = 1> <Delay = 1.02> <FuncUnit> <Opcode : 'select'> <InPorts = 3> <OutPorts = 1>
ST_3 : Operation 122 [1/1] (0.00ns) (grouped into LUT with out node select_ln31_2)   --->   "%p_mid2 = partselect i6 @_ssdm_op_PartSelect.i6.i8.i32.i32, i8 %select_ln29, i32 2, i32 7" [conv.cpp:29]   --->   Operation 122 'partselect' 'p_mid2' <Predicate = (!icmp_ln27)> <Delay = 0.00>
ST_3 : Operation 123 [1/1] (1.18ns) (out node of the LUT)   --->   "%select_ln31_2 = select i1 %and_ln29_1, i6 %p_mid2, i6 %select_ln29_3" [conv.cpp:31]   --->   Operation 123 'select' 'select_ln31_2' <Predicate = (!icmp_ln27)> <Delay = 1.18> <CoreInst = "Sel">   --->   Core 73 'Sel' <Latency = 0> <II = 1> <Delay = 1.18> <FuncUnit> <Opcode : 'select'> <InPorts = 3> <OutPorts = 1>
ST_3 : Operation 124 [1/1] (0.00ns) (grouped into LUT with out node and_ln31)   --->   "%xor_ln31 = xor i1 %and_ln28_2, i1 1" [conv.cpp:31]   --->   Operation 124 'xor' 'xor_ln31' <Predicate = (!icmp_ln27)> <Delay = 0.00> <CoreInst = "LogicGate">   --->   Core 74 'LogicGate' <Latency = 0> <II = 1> <Delay = 0.97> <FuncUnit> <Opcode : 'and' 'or' 'xor'> <InPorts = 2> <OutPorts = 1>
ST_3 : Operation 125 [1/1] (0.00ns) (grouped into LUT with out node and_ln31)   --->   "%or_ln31_2 = or i1 %and_ln28_3, i1 %xor_ln31" [conv.cpp:31]   --->   Operation 125 'or' 'or_ln31_2' <Predicate = (!icmp_ln27)> <Delay = 0.00> <CoreInst = "LogicGate">   --->   Core 74 'LogicGate' <Latency = 0> <II = 1> <Delay = 0.97> <FuncUnit> <Opcode : 'and' 'or' 'xor'> <InPorts = 2> <OutPorts = 1>
ST_3 : Operation 126 [1/1] (0.97ns) (out node of the LUT)   --->   "%and_ln31 = and i1 %and_ln29, i1 %or_ln31_2" [conv.cpp:31]   --->   Operation 126 'and' 'and_ln31' <Predicate = (!icmp_ln27)> <Delay = 0.97> <CoreInst = "LogicGate">   --->   Core 74 'LogicGate' <Latency = 0> <II = 1> <Delay = 0.97> <FuncUnit> <Opcode : 'and' 'or' 'xor'> <InPorts = 2> <OutPorts = 1>
ST_3 : Operation 127 [1/1] (0.00ns) (grouped into LUT with out node select_ln35)   --->   "%or_ln35 = or i1 %and_ln31, i1 %and_ln29_1" [conv.cpp:35]   --->   Operation 127 'or' 'or_ln35' <Predicate = (!icmp_ln27)> <Delay = 0.00> <CoreInst = "LogicGate">   --->   Core 74 'LogicGate' <Latency = 0> <II = 1> <Delay = 0.97> <FuncUnit> <Opcode : 'and' 'or' 'xor'> <InPorts = 2> <OutPorts = 1>
ST_3 : Operation 128 [1/1] (0.00ns) (grouped into LUT with out node select_ln35)   --->   "%or_ln35_1 = or i1 %or_ln35, i1 %or_ln29" [conv.cpp:35]   --->   Operation 128 'or' 'or_ln35_1' <Predicate = (!icmp_ln27)> <Delay = 0.00> <CoreInst = "LogicGate">   --->   Core 74 'LogicGate' <Latency = 0> <II = 1> <Delay = 0.97> <FuncUnit> <Opcode : 'and' 'or' 'xor'> <InPorts = 2> <OutPorts = 1>
ST_3 : Operation 129 [1/1] (0.00ns) (grouped into LUT with out node select_ln35)   --->   "%or_ln35_2 = or i1 %or_ln35_1, i1 %icmp_ln28" [conv.cpp:35]   --->   Operation 129 'or' 'or_ln35_2' <Predicate = (!icmp_ln27)> <Delay = 0.00> <CoreInst = "LogicGate">   --->   Core 74 'LogicGate' <Latency = 0> <II = 1> <Delay = 0.97> <FuncUnit> <Opcode : 'and' 'or' 'xor'> <InPorts = 2> <OutPorts = 1>
ST_3 : Operation 130 [1/1] (1.02ns) (out node of the LUT)   --->   "%select_ln35 = select i1 %or_ln35_2, i4 0, i4 %k_load" [conv.cpp:35]   --->   Operation 130 'select' 'select_ln35' <Predicate = (!icmp_ln27)> <Delay = 1.02> <CoreInst = "Sel">   --->   Core 73 'Sel' <Latency = 0> <II = 1> <Delay = 1.02> <FuncUnit> <Opcode : 'select'> <InPorts = 3> <OutPorts = 1>
ST_3 : Operation 131 [1/1] (1.58ns)   --->   "%store_ln36 = store i27 %add_ln27_1, i27 %indvar_flatten221" [conv.cpp:36]   --->   Operation 131 'store' 'store_ln36' <Predicate = (!icmp_ln27)> <Delay = 1.58>
ST_3 : Operation 132 [1/1] (1.58ns)   --->   "%store_ln36 = store i7 %select_ln27_1, i7 %f" [conv.cpp:36]   --->   Operation 132 'store' 'store_ln36' <Predicate = (!icmp_ln27)> <Delay = 1.58>
ST_3 : Operation 133 [1/1] (1.58ns)   --->   "%store_ln36 = store i2 %select_ln28_1, i2 %m" [conv.cpp:36]   --->   Operation 133 'store' 'store_ln36' <Predicate = (!icmp_ln27)> <Delay = 1.58>

State 4 <SV = 3> <Delay = 7.19>
ST_4 : Operation 134 [1/1] (0.00ns)   --->   "%zext_ln41 = zext i7 %select_ln27_1" [conv.cpp:41]   --->   Operation 134 'zext' 'zext_ln41' <Predicate = (!icmp_ln27)> <Delay = 0.00>
ST_4 : Operation 135 [1/1] (3.74ns)   --->   "%mul_ln41 = mul i13 %zext_ln41, i13 55" [conv.cpp:41]   --->   Operation 135 'mul' 'mul_ln41' <Predicate = (!icmp_ln27)> <Delay = 3.74> <CoreInst = "Multiplier">   --->   Core 3 'Multiplier' <Latency = 0> <II = 1> <Delay = 3.74> <FuncUnit> <Opcode : 'mul'> <InPorts = 2> <OutPorts = 1>
ST_4 : Operation 136 [1/1] (0.00ns) (grouped into LUT with out node select_ln29_5)   --->   "%and_ln27 = and i1 %rev, i1 %xor_ln27" [conv.cpp:27]   --->   Operation 136 'and' 'and_ln27' <Predicate = (!icmp_ln27 & !and_ln28_3 & !and_ln29_1 & !and_ln31)> <Delay = 0.00> <CoreInst = "LogicGate">   --->   Core 74 'LogicGate' <Latency = 0> <II = 1> <Delay = 0.97> <FuncUnit> <Opcode : 'and' 'or' 'xor'> <InPorts = 2> <OutPorts = 1>
ST_4 : Operation 137 [1/3] (0.00ns) (grouped into DSP with root node add_ln41_4)   --->   "%mul_ln41_1 = mul i10 %zext_ln41_4, i10 226" [conv.cpp:41]   --->   Operation 137 'mul' 'mul_ln41_1' <Predicate = (!icmp_ln27)> <Delay = 0.00> <CoreInst = "DSP48">   --->   Core 119 'DSP48' <Latency = 3> <II = 1> <Delay = 2.15> <IPBlock> <Opcode : 'mul' 'add' 'sub' 'select'> <InPorts = 0> <OutPorts = 1> <Sync> <CReg>
ST_4 : Operation 138 [1/1] (0.00ns) (grouped into DSP with root node add_ln41_4)   --->   "%zext_ln41_5 = zext i10 %mul_ln41_1" [conv.cpp:41]   --->   Operation 138 'zext' 'zext_ln41_5' <Predicate = (!icmp_ln27)> <Delay = 0.00>
ST_4 : Operation 139 [2/3] (1.05ns) (grouped into DSP with root node add_ln41_3)   --->   "%mul_ln28 = mul i14 %sext_ln28, i14 11" [conv.cpp:28]   --->   Operation 139 'mul' 'mul_ln28' <Predicate = (!icmp_ln27)> <Delay = 1.05> <CoreInst = "DSP48">   --->   Core 119 'DSP48' <Latency = 3> <II = 1> <Delay = 2.15> <IPBlock> <Opcode : 'mul' 'add' 'sub' 'select'> <InPorts = 0> <OutPorts = 1> <Sync> <CReg>
ST_4 : Operation 140 [1/1] (0.00ns) (grouped into LUT with out node select_ln31_3)   --->   "%select_ln28_3 = select i1 %or_ln28, i9 511, i9 %empty" [conv.cpp:28]   --->   Operation 140 'select' 'select_ln28_3' <Predicate = (!icmp_ln27 & !and_ln28_3 & !and_ln29_1 & !and_ln31)> <Delay = 0.00> <CoreInst = "Sel">   --->   Core 73 'Sel' <Latency = 0> <II = 1> <Delay = 0.96> <FuncUnit> <Opcode : 'select'> <InPorts = 3> <OutPorts = 1>
ST_4 : Operation 141 [1/1] (0.00ns) (grouped into LUT with out node select_ln29_5)   --->   "%and_ln28 = and i1 %and_ln27, i1 %or_ln28_1" [conv.cpp:28]   --->   Operation 141 'and' 'and_ln28' <Predicate = (!icmp_ln27 & !and_ln28_3 & !and_ln29_1 & !and_ln31)> <Delay = 0.00> <CoreInst = "LogicGate">   --->   Core 74 'LogicGate' <Latency = 0> <II = 1> <Delay = 0.97> <FuncUnit> <Opcode : 'and' 'or' 'xor'> <InPorts = 2> <OutPorts = 1>
ST_4 : Operation 142 [1/1] (0.00ns)   --->   "%zext_ln29_1 = zext i8 %add_ln29" [conv.cpp:29]   --->   Operation 142 'zext' 'zext_ln29_1' <Predicate = (!icmp_ln27)> <Delay = 0.00>
ST_4 : Operation 143 [1/1] (1.24ns)   --->   "%select_ln29_1 = select i1 %and_ln28_3, i8 %add_ln29, i8 %select_ln28" [conv.cpp:29]   --->   Operation 143 'select' 'select_ln29_1' <Predicate = (!icmp_ln27)> <Delay = 1.24> <CoreInst = "Sel">   --->   Core 73 'Sel' <Latency = 0> <II = 1> <Delay = 1.24> <FuncUnit> <Opcode : 'select'> <InPorts = 3> <OutPorts = 1>
ST_4 : Operation 144 [1/1] (0.00ns)   --->   "%select_ln29_2_cast = zext i8 %select_ln29_1" [conv.cpp:29]   --->   Operation 144 'zext' 'select_ln29_2_cast' <Predicate = (!icmp_ln27)> <Delay = 0.00>
ST_4 : Operation 145 [1/1] (0.00ns)   --->   "%zext_ln41_6 = zext i6 %select_ln29_2" [conv.cpp:41]   --->   Operation 145 'zext' 'zext_ln41_6' <Predicate = (!icmp_ln27)> <Delay = 0.00>
ST_4 : Operation 146 [1/1] (1.65ns) (grouped into DSP with root node add_ln41_2)   --->   "%add_ln41_1 = add i13 %mul_ln41, i13 %zext_ln41_6" [conv.cpp:41]   --->   Operation 146 'add' 'add_ln41_1' <Predicate = (!icmp_ln27)> <Delay = 1.65> <CoreInst = "DSP48">   --->   Core 119 'DSP48' <Latency = 3> <II = 1> <Delay = 2.15> <IPBlock> <Opcode : 'mul' 'add' 'sub' 'select'> <InPorts = 0> <OutPorts = 1> <Sync> <CReg>
ST_4 : Operation 147 [1/1] (0.00ns) (grouped into DSP with root node add_ln41_2)   --->   "%zext_ln29_2 = zext i13 %add_ln41_1" [conv.cpp:29]   --->   Operation 147 'zext' 'zext_ln29_2' <Predicate = (!icmp_ln27)> <Delay = 0.00>
ST_4 : Operation 148 [3/3] (1.05ns) (grouped into DSP with root node add_ln41_2)   --->   "%mul_ln29 = mul i18 %zext_ln29_2, i18 55" [conv.cpp:29]   --->   Operation 148 'mul' 'mul_ln29' <Predicate = (!icmp_ln27)> <Delay = 1.05> <CoreInst = "DSP48">   --->   Core 119 'DSP48' <Latency = 3> <II = 1> <Delay = 2.15> <IPBlock> <Opcode : 'mul' 'add' 'sub' 'select'> <InPorts = 0> <OutPorts = 1> <Sync> <CReg>
ST_4 : Operation 149 [1/1] (1.91ns)   --->   "%p_mid183 = add i9 %zext_ln29_1, i9 507" [conv.cpp:29]   --->   Operation 149 'add' 'p_mid183' <Predicate = (!icmp_ln27)> <Delay = 1.91> <CoreInst = "Adder">   --->   Core 1 'Adder' <Latency = 0> <II = 1> <Delay = 1.91> <FuncUnit> <Opcode : 'add' 'sub'> <InPorts = 2> <OutPorts = 1>
ST_4 : Operation 150 [1/1] (0.00ns) (grouped into LUT with out node select_ln31_3)   --->   "%select_ln29_4 = select i1 %and_ln28_3, i9 %p_mid183, i9 %select_ln28_3" [conv.cpp:29]   --->   Operation 150 'select' 'select_ln29_4' <Predicate = (!icmp_ln27 & !and_ln29_1 & !and_ln31)> <Delay = 0.00> <CoreInst = "Sel">   --->   Core 73 'Sel' <Latency = 0> <II = 1> <Delay = 0.96> <FuncUnit> <Opcode : 'select'> <InPorts = 3> <OutPorts = 1>
ST_4 : Operation 151 [1/1] (0.00ns) (grouped into LUT with out node select_ln29_5)   --->   "%tmp_2 = bitselect i1 @_ssdm_op_BitSelect.i1.i9.i32, i9 %p_mid183, i32 8" [conv.cpp:29]   --->   Operation 151 'bitselect' 'tmp_2' <Predicate = (!icmp_ln27 & and_ln28_3 & !and_ln29_1 & !and_ln31)> <Delay = 0.00>
ST_4 : Operation 152 [1/1] (0.00ns) (grouped into LUT with out node select_ln29_5)   --->   "%rev34 = xor i1 %tmp_2, i1 1" [conv.cpp:29]   --->   Operation 152 'xor' 'rev34' <Predicate = (!icmp_ln27 & and_ln28_3 & !and_ln29_1 & !and_ln31)> <Delay = 0.00> <CoreInst = "LogicGate">   --->   Core 74 'LogicGate' <Latency = 0> <II = 1> <Delay = 0.97> <FuncUnit> <Opcode : 'and' 'or' 'xor'> <InPorts = 2> <OutPorts = 1>
ST_4 : Operation 153 [1/1] (0.99ns) (out node of the LUT)   --->   "%select_ln29_5 = select i1 %and_ln28_3, i1 %rev34, i1 %and_ln28" [conv.cpp:29]   --->   Operation 153 'select' 'select_ln29_5' <Predicate = (!icmp_ln27 & !and_ln29_1 & !and_ln31)> <Delay = 0.99> <CoreInst = "Sel">   --->   Core 73 'Sel' <Latency = 0> <II = 1> <Delay = 0.99> <FuncUnit> <Opcode : 'select'> <InPorts = 3> <OutPorts = 1>
ST_4 : Operation 154 [1/1] (1.24ns)   --->   "%select_ln31_1 = select i1 %and_ln29_1, i8 %add_ln31, i8 %select_ln29" [conv.cpp:31]   --->   Operation 154 'select' 'select_ln31_1' <Predicate = (!icmp_ln27)> <Delay = 1.24> <CoreInst = "Sel">   --->   Core 73 'Sel' <Latency = 0> <II = 1> <Delay = 1.24> <FuncUnit> <Opcode : 'select'> <InPorts = 3> <OutPorts = 1>
ST_4 : Operation 155 [1/1] (0.00ns)   --->   "%select_ln31_1_cast = zext i8 %select_ln31_1" [conv.cpp:31]   --->   Operation 155 'zext' 'select_ln31_1_cast' <Predicate = (!icmp_ln27)> <Delay = 0.00>
ST_4 : Operation 156 [1/1] (1.91ns)   --->   "%p_mid142 = add i9 %select_ln29_2_cast, i9 507" [conv.cpp:29]   --->   Operation 156 'add' 'p_mid142' <Predicate = (!icmp_ln27)> <Delay = 1.91> <CoreInst = "Adder">   --->   Core 1 'Adder' <Latency = 0> <II = 1> <Delay = 1.91> <FuncUnit> <Opcode : 'add' 'sub'> <InPorts = 2> <OutPorts = 1>
ST_4 : Operation 157 [1/1] (0.96ns) (out node of the LUT)   --->   "%select_ln31_3 = select i1 %and_ln29_1, i9 %p_mid142, i9 %select_ln29_4" [conv.cpp:31]   --->   Operation 157 'select' 'select_ln31_3' <Predicate = (!icmp_ln27 & !and_ln31)> <Delay = 0.96> <CoreInst = "Sel">   --->   Core 73 'Sel' <Latency = 0> <II = 1> <Delay = 0.96> <FuncUnit> <Opcode : 'select'> <InPorts = 3> <OutPorts = 1>
ST_4 : Operation 158 [1/1] (0.00ns) (grouped into LUT with out node and_ln40)   --->   "%tmp_6 = bitselect i1 @_ssdm_op_BitSelect.i1.i9.i32, i9 %p_mid142, i32 8" [conv.cpp:29]   --->   Operation 158 'bitselect' 'tmp_6' <Predicate = (!icmp_ln27 & and_ln29_1 & !and_ln31)> <Delay = 0.00>
ST_4 : Operation 159 [1/1] (0.00ns) (grouped into LUT with out node and_ln40)   --->   "%rev37 = xor i1 %tmp_6, i1 1" [conv.cpp:29]   --->   Operation 159 'xor' 'rev37' <Predicate = (!icmp_ln27 & and_ln29_1 & !and_ln31)> <Delay = 0.00> <CoreInst = "LogicGate">   --->   Core 74 'LogicGate' <Latency = 0> <II = 1> <Delay = 0.97> <FuncUnit> <Opcode : 'and' 'or' 'xor'> <InPorts = 2> <OutPorts = 1>
ST_4 : Operation 160 [1/1] (0.00ns) (grouped into LUT with out node and_ln40)   --->   "%select_ln31_4 = select i1 %and_ln29_1, i1 %rev37, i1 %select_ln29_5" [conv.cpp:31]   --->   Operation 160 'select' 'select_ln31_4' <Predicate = (!icmp_ln27 & !and_ln31)> <Delay = 0.00> <CoreInst = "Sel">   --->   Core 73 'Sel' <Latency = 0> <II = 1> <Delay = 0.99> <FuncUnit> <Opcode : 'select'> <InPorts = 3> <OutPorts = 1>
ST_4 : Operation 161 [1/1] (1.73ns)   --->   "%tmp_mid1 = add i4 %select_ln31, i4 12" [conv.cpp:31]   --->   Operation 161 'add' 'tmp_mid1' <Predicate = (!icmp_ln27)> <Delay = 1.73> <CoreInst = "Adder">   --->   Core 1 'Adder' <Latency = 0> <II = 1> <Delay = 1.73> <FuncUnit> <Opcode : 'add' 'sub'> <InPorts = 2> <OutPorts = 1>
ST_4 : Operation 162 [1/1] (0.00ns)   --->   "%tmp_cast_mid1 = sext i4 %tmp_mid1" [conv.cpp:31]   --->   Operation 162 'sext' 'tmp_cast_mid1' <Predicate = (!icmp_ln27)> <Delay = 0.00>
ST_4 : Operation 163 [1/1] (1.91ns)   --->   "%p_mid1 = add i9 %tmp_cast_mid1, i9 %select_ln29_2_cast" [conv.cpp:31]   --->   Operation 163 'add' 'p_mid1' <Predicate = (!icmp_ln27)> <Delay = 1.91> <CoreInst = "Adder">   --->   Core 1 'Adder' <Latency = 0> <II = 1> <Delay = 1.91> <FuncUnit> <Opcode : 'add' 'sub'> <InPorts = 2> <OutPorts = 1>
ST_4 : Operation 164 [1/1] (0.96ns) (out node of the LUT)   --->   "%select_ln35_2 = select i1 %and_ln31, i9 %p_mid1, i9 %select_ln31_3" [conv.cpp:35]   --->   Operation 164 'select' 'select_ln35_2' <Predicate = (!icmp_ln27)> <Delay = 0.96> <CoreInst = "Sel">   --->   Core 73 'Sel' <Latency = 0> <II = 1> <Delay = 0.96> <FuncUnit> <Opcode : 'select'> <InPorts = 3> <OutPorts = 1>
ST_4 : Operation 165 [1/1] (0.00ns)   --->   "%sext_ln41_1 = sext i9 %select_ln35_2" [conv.cpp:41]   --->   Operation 165 'sext' 'sext_ln41_1' <Predicate = (!icmp_ln27)> <Delay = 0.00>
ST_4 : Operation 166 [2/2] (2.10ns) (root node of the DSP)   --->   "%add_ln41_4 = add i11 %zext_ln41_5, i11 %sext_ln41_1" [conv.cpp:41]   --->   Operation 166 'add' 'add_ln41_4' <Predicate = (!icmp_ln27)> <Delay = 2.10> <CoreInst = "DSP48">   --->   Core 119 'DSP48' <Latency = 3> <II = 1> <Delay = 2.15> <IPBlock> <Opcode : 'mul' 'add' 'sub' 'select'> <InPorts = 0> <OutPorts = 1> <Sync> <CReg>
ST_4 : Operation 167 [1/1] (0.00ns) (grouped into LUT with out node and_ln40)   --->   "%tmp_7 = bitselect i1 @_ssdm_op_BitSelect.i1.i9.i32, i9 %p_mid1, i32 8" [conv.cpp:31]   --->   Operation 167 'bitselect' 'tmp_7' <Predicate = (!icmp_ln27 & and_ln31)> <Delay = 0.00>
ST_4 : Operation 168 [1/1] (0.00ns) (grouped into LUT with out node and_ln40)   --->   "%rev40 = xor i1 %tmp_7, i1 1" [conv.cpp:31]   --->   Operation 168 'xor' 'rev40' <Predicate = (!icmp_ln27 & and_ln31)> <Delay = 0.00> <CoreInst = "LogicGate">   --->   Core 74 'LogicGate' <Latency = 0> <II = 1> <Delay = 0.97> <FuncUnit> <Opcode : 'and' 'or' 'xor'> <InPorts = 2> <OutPorts = 1>
ST_4 : Operation 169 [1/1] (0.00ns) (grouped into LUT with out node and_ln40)   --->   "%select_ln35_3 = select i1 %and_ln31, i1 %rev40, i1 %select_ln31_4" [conv.cpp:35]   --->   Operation 169 'select' 'select_ln35_3' <Predicate = (!icmp_ln27)> <Delay = 0.00> <CoreInst = "Sel">   --->   Core 73 'Sel' <Latency = 0> <II = 1> <Delay = 0.99> <FuncUnit> <Opcode : 'select'> <InPorts = 3> <OutPorts = 1>
ST_4 : Operation 170 [1/1] (1.73ns)   --->   "%add_ln39_1 = add i4 %select_ln35, i4 11" [conv.cpp:39]   --->   Operation 170 'add' 'add_ln39_1' <Predicate = (!icmp_ln27)> <Delay = 1.73> <CoreInst = "Adder">   --->   Core 1 'Adder' <Latency = 0> <II = 1> <Delay = 1.73> <FuncUnit> <Opcode : 'add' 'sub'> <InPorts = 2> <OutPorts = 1>
ST_4 : Operation 171 [1/1] (0.00ns)   --->   "%sext_ln39 = sext i4 %add_ln39_1" [conv.cpp:39]   --->   Operation 171 'sext' 'sext_ln39' <Predicate = (!icmp_ln27)> <Delay = 0.00>
ST_4 : Operation 172 [1/1] (1.91ns)   --->   "%add_ln39 = add i9 %sext_ln39, i9 %select_ln31_1_cast" [conv.cpp:39]   --->   Operation 172 'add' 'add_ln39' <Predicate = (!icmp_ln27)> <Delay = 1.91> <CoreInst = "Adder">   --->   Core 1 'Adder' <Latency = 0> <II = 1> <Delay = 1.91> <FuncUnit> <Opcode : 'add' 'sub'> <InPorts = 2> <OutPorts = 1>
ST_4 : Operation 173 [1/1] (1.66ns)   --->   "%icmp_ln40 = icmp_ult  i9 %add_ln39, i9 226" [conv.cpp:40]   --->   Operation 173 'icmp' 'icmp_ln40' <Predicate = (!icmp_ln27)> <Delay = 1.66> <CoreInst = "Cmp">   --->   Core 9 'Cmp' <Latency = 0> <II = 1> <Delay = 1.66> <FuncUnit> <Opcode : 'icmp'> <InPorts = 2> <OutPorts = 1>
ST_4 : Operation 174 [1/1] (0.99ns) (out node of the LUT)   --->   "%and_ln40 = and i1 %icmp_ln40, i1 %select_ln35_3" [conv.cpp:40]   --->   Operation 174 'and' 'and_ln40' <Predicate = (!icmp_ln27)> <Delay = 0.99> <CoreInst = "LogicGate">   --->   Core 74 'LogicGate' <Latency = 0> <II = 1> <Delay = 0.97> <FuncUnit> <Opcode : 'and' 'or' 'xor'> <InPorts = 2> <OutPorts = 1>
ST_4 : Operation 175 [1/1] (0.00ns)   --->   "%br_ln40 = br i1 %and_ln40, void %for.inc69, void %if.then" [conv.cpp:40]   --->   Operation 175 'br' 'br_ln40' <Predicate = (!icmp_ln27)> <Delay = 0.00>
ST_4 : Operation 176 [1/1] (1.58ns)   --->   "%store_ln36 = store i8 %select_ln29_1, i8 %i" [conv.cpp:36]   --->   Operation 176 'store' 'store_ln36' <Predicate = (!icmp_ln27)> <Delay = 1.58>
ST_4 : Operation 177 [1/1] (1.58ns)   --->   "%store_ln36 = store i8 %select_ln31_1, i8 %a" [conv.cpp:36]   --->   Operation 177 'store' 'store_ln36' <Predicate = (!icmp_ln27)> <Delay = 1.58>

State 5 <SV = 4> <Delay = 4.85>
ST_5 : Operation 178 [1/3] (0.00ns) (grouped into DSP with root node add_ln41_3)   --->   "%mul_ln28 = mul i14 %sext_ln28, i14 11" [conv.cpp:28]   --->   Operation 178 'mul' 'mul_ln28' <Predicate = (!icmp_ln27)> <Delay = 0.00> <CoreInst = "DSP48">   --->   Core 119 'DSP48' <Latency = 3> <II = 1> <Delay = 2.15> <IPBlock> <Opcode : 'mul' 'add' 'sub' 'select'> <InPorts = 0> <OutPorts = 1> <Sync> <CReg>
ST_5 : Operation 179 [2/3] (1.05ns) (grouped into DSP with root node add_ln41_2)   --->   "%mul_ln29 = mul i18 %zext_ln29_2, i18 55" [conv.cpp:29]   --->   Operation 179 'mul' 'mul_ln29' <Predicate = (!icmp_ln27)> <Delay = 1.05> <CoreInst = "DSP48">   --->   Core 119 'DSP48' <Latency = 3> <II = 1> <Delay = 2.15> <IPBlock> <Opcode : 'mul' 'add' 'sub' 'select'> <InPorts = 0> <OutPorts = 1> <Sync> <CReg>
ST_5 : Operation 180 [1/1] (1.73ns)   --->   "%add_ln35 = add i4 %select_ln31, i4 1" [conv.cpp:35]   --->   Operation 180 'add' 'add_ln35' <Predicate = (!icmp_ln27 & and_ln31)> <Delay = 1.73> <CoreInst = "Adder">   --->   Core 1 'Adder' <Latency = 0> <II = 1> <Delay = 1.73> <FuncUnit> <Opcode : 'add' 'sub'> <InPorts = 2> <OutPorts = 1>
ST_5 : Operation 181 [1/1] (1.02ns)   --->   "%select_ln35_1 = select i1 %and_ln31, i4 %add_ln35, i4 %select_ln31" [conv.cpp:35]   --->   Operation 181 'select' 'select_ln35_1' <Predicate = (!icmp_ln27)> <Delay = 1.02> <CoreInst = "Sel">   --->   Core 73 'Sel' <Latency = 0> <II = 1> <Delay = 1.02> <FuncUnit> <Opcode : 'select'> <InPorts = 3> <OutPorts = 1>
ST_5 : Operation 182 [1/1] (0.00ns)   --->   "%zext_ln41_9 = zext i4 %select_ln35_1" [conv.cpp:41]   --->   Operation 182 'zext' 'zext_ln41_9' <Predicate = (!icmp_ln27)> <Delay = 0.00>
ST_5 : Operation 183 [2/2] (2.10ns) (root node of the DSP)   --->   "%add_ln41_3 = add i14 %mul_ln28, i14 %zext_ln41_9" [conv.cpp:41]   --->   Operation 183 'add' 'add_ln41_3' <Predicate = (!icmp_ln27)> <Delay = 2.10> <CoreInst = "DSP48">   --->   Core 119 'DSP48' <Latency = 3> <II = 1> <Delay = 2.15> <IPBlock> <Opcode : 'mul' 'add' 'sub' 'select'> <InPorts = 0> <OutPorts = 1> <Sync> <CReg>
ST_5 : Operation 184 [1/2] (2.10ns) (root node of the DSP)   --->   "%add_ln41_4 = add i11 %zext_ln41_5, i11 %sext_ln41_1" [conv.cpp:41]   --->   Operation 184 'add' 'add_ln41_4' <Predicate = (!icmp_ln27)> <Delay = 2.10> <CoreInst = "DSP48">   --->   Core 119 'DSP48' <Latency = 3> <II = 1> <Delay = 2.15> <IPBlock> <Opcode : 'mul' 'add' 'sub' 'select'> <InPorts = 0> <OutPorts = 1> <Sync> <CReg>
ST_5 : Operation 185 [1/1] (0.00ns)   --->   "%add_ln41_4_cast = sext i11 %add_ln41_4" [conv.cpp:41]   --->   Operation 185 'sext' 'add_ln41_4_cast' <Predicate = (!icmp_ln27)> <Delay = 0.00>
ST_5 : Operation 186 [3/3] (1.05ns) (grouped into DSP with root node add_ln41_6)   --->   "%mul_ln41_5 = mul i18 %add_ln41_4_cast, i18 226" [conv.cpp:41]   --->   Operation 186 'mul' 'mul_ln41_5' <Predicate = (!icmp_ln27)> <Delay = 1.05> <CoreInst = "DSP48">   --->   Core 119 'DSP48' <Latency = 3> <II = 1> <Delay = 2.15> <IPBlock> <Opcode : 'mul' 'add' 'sub' 'select'> <InPorts = 0> <OutPorts = 1> <Sync> <CReg>
ST_5 : Operation 187 [1/1] (1.58ns)   --->   "%store_ln36 = store i4 %select_ln35_1, i4 %j" [conv.cpp:36]   --->   Operation 187 'store' 'store_ln36' <Predicate = (!icmp_ln27)> <Delay = 1.58>

State 6 <SV = 5> <Delay = 3.15>
ST_6 : Operation 188 [1/3] (0.00ns) (grouped into DSP with root node add_ln41_2)   --->   "%mul_ln29 = mul i18 %zext_ln29_2, i18 55" [conv.cpp:29]   --->   Operation 188 'mul' 'mul_ln29' <Predicate = (!icmp_ln27)> <Delay = 0.00> <CoreInst = "DSP48">   --->   Core 119 'DSP48' <Latency = 3> <II = 1> <Delay = 2.15> <IPBlock> <Opcode : 'mul' 'add' 'sub' 'select'> <InPorts = 0> <OutPorts = 1> <Sync> <CReg>
ST_6 : Operation 189 [1/1] (0.00ns)   --->   "%zext_ln41_7 = zext i6 %select_ln31_2" [conv.cpp:41]   --->   Operation 189 'zext' 'zext_ln41_7' <Predicate = (!icmp_ln27)> <Delay = 0.00>
ST_6 : Operation 190 [2/2] (2.10ns) (root node of the DSP)   --->   "%add_ln41_2 = add i18 %mul_ln29, i18 %zext_ln41_7" [conv.cpp:41]   --->   Operation 190 'add' 'add_ln41_2' <Predicate = (!icmp_ln27)> <Delay = 2.10> <CoreInst = "DSP48">   --->   Core 119 'DSP48' <Latency = 3> <II = 1> <Delay = 2.15> <IPBlock> <Opcode : 'mul' 'add' 'sub' 'select'> <InPorts = 0> <OutPorts = 1> <Sync> <CReg>
ST_6 : Operation 191 [1/2] (2.10ns) (root node of the DSP)   --->   "%add_ln41_3 = add i14 %mul_ln28, i14 %zext_ln41_9" [conv.cpp:41]   --->   Operation 191 'add' 'add_ln41_3' <Predicate = (!icmp_ln27)> <Delay = 2.10> <CoreInst = "DSP48">   --->   Core 119 'DSP48' <Latency = 3> <II = 1> <Delay = 2.15> <IPBlock> <Opcode : 'mul' 'add' 'sub' 'select'> <InPorts = 0> <OutPorts = 1> <Sync> <CReg>
ST_6 : Operation 192 [1/1] (0.00ns)   --->   "%add_ln41_3_cast = sext i14 %add_ln41_3" [conv.cpp:41]   --->   Operation 192 'sext' 'add_ln41_3_cast' <Predicate = (!icmp_ln27)> <Delay = 0.00>
ST_6 : Operation 193 [3/3] (1.05ns) (grouped into DSP with root node add_ln41_5)   --->   "%mul_ln41_4 = mul i15 %add_ln41_3_cast, i15 11" [conv.cpp:41]   --->   Operation 193 'mul' 'mul_ln41_4' <Predicate = (!icmp_ln27)> <Delay = 1.05> <CoreInst = "DSP48">   --->   Core 119 'DSP48' <Latency = 3> <II = 1> <Delay = 2.15> <IPBlock> <Opcode : 'mul' 'add' 'sub' 'select'> <InPorts = 0> <OutPorts = 1> <Sync> <CReg>
ST_6 : Operation 194 [2/3] (1.05ns) (grouped into DSP with root node add_ln41_6)   --->   "%mul_ln41_5 = mul i18 %add_ln41_4_cast, i18 226" [conv.cpp:41]   --->   Operation 194 'mul' 'mul_ln41_5' <Predicate = (!icmp_ln27)> <Delay = 1.05> <CoreInst = "DSP48">   --->   Core 119 'DSP48' <Latency = 3> <II = 1> <Delay = 2.15> <IPBlock> <Opcode : 'mul' 'add' 'sub' 'select'> <InPorts = 0> <OutPorts = 1> <Sync> <CReg>

State 7 <SV = 6> <Delay = 4.48>
ST_7 : Operation 195 [1/2] (2.10ns) (root node of the DSP)   --->   "%add_ln41_2 = add i18 %mul_ln29, i18 %zext_ln41_7" [conv.cpp:41]   --->   Operation 195 'add' 'add_ln41_2' <Predicate = (!icmp_ln27)> <Delay = 2.10> <CoreInst = "DSP48">   --->   Core 119 'DSP48' <Latency = 3> <II = 1> <Delay = 2.15> <IPBlock> <Opcode : 'mul' 'add' 'sub' 'select'> <InPorts = 0> <OutPorts = 1> <Sync> <CReg>
ST_7 : Operation 196 [2/3] (1.05ns) (grouped into DSP with root node add_ln41_5)   --->   "%mul_ln41_4 = mul i15 %add_ln41_3_cast, i15 11" [conv.cpp:41]   --->   Operation 196 'mul' 'mul_ln41_4' <Predicate = (!icmp_ln27)> <Delay = 1.05> <CoreInst = "DSP48">   --->   Core 119 'DSP48' <Latency = 3> <II = 1> <Delay = 2.15> <IPBlock> <Opcode : 'mul' 'add' 'sub' 'select'> <InPorts = 0> <OutPorts = 1> <Sync> <CReg>
ST_7 : Operation 197 [1/3] (0.00ns) (grouped into DSP with root node add_ln41_6)   --->   "%mul_ln41_5 = mul i18 %add_ln41_4_cast, i18 226" [conv.cpp:41]   --->   Operation 197 'mul' 'mul_ln41_5' <Predicate = (!icmp_ln27)> <Delay = 0.00> <CoreInst = "DSP48">   --->   Core 119 'DSP48' <Latency = 3> <II = 1> <Delay = 2.15> <IPBlock> <Opcode : 'mul' 'add' 'sub' 'select'> <InPorts = 0> <OutPorts = 1> <Sync> <CReg>
ST_7 : Operation 198 [1/1] (0.00ns)   --->   "%sext_ln41_2 = sext i9 %add_ln39" [conv.cpp:41]   --->   Operation 198 'sext' 'sext_ln41_2' <Predicate = (!icmp_ln27)> <Delay = 0.00>
ST_7 : Operation 199 [2/2] (2.10ns) (root node of the DSP)   --->   "%add_ln41_6 = add i18 %mul_ln41_5, i18 %sext_ln41_2" [conv.cpp:41]   --->   Operation 199 'add' 'add_ln41_6' <Predicate = (!icmp_ln27)> <Delay = 2.10> <CoreInst = "DSP48">   --->   Core 119 'DSP48' <Latency = 3> <II = 1> <Delay = 2.15> <IPBlock> <Opcode : 'mul' 'add' 'sub' 'select'> <InPorts = 0> <OutPorts = 1> <Sync> <CReg>
ST_7 : Operation 200 [1/1] (1.73ns)   --->   "%add_ln36 = add i4 %select_ln35, i4 1" [conv.cpp:36]   --->   Operation 200 'add' 'add_ln36' <Predicate = (!icmp_ln27)> <Delay = 1.73> <CoreInst = "Adder">   --->   Core 1 'Adder' <Latency = 0> <II = 1> <Delay = 1.73> <FuncUnit> <Opcode : 'add' 'sub'> <InPorts = 2> <OutPorts = 1>
ST_7 : Operation 201 [1/1] (1.67ns)   --->   "%add_ln31_1 = add i13 %indvar_flatten50_load, i13 1" [conv.cpp:31]   --->   Operation 201 'add' 'add_ln31_1' <Predicate = (!icmp_ln27 & !or_ln29_1)> <Delay = 1.67> <CoreInst = "Adder">   --->   Core 1 'Adder' <Latency = 0> <II = 1> <Delay = 1.67> <FuncUnit> <Opcode : 'add' 'sub'> <InPorts = 2> <OutPorts = 1>
ST_7 : Operation 202 [1/1] (0.69ns)   --->   "%select_ln31_5 = select i1 %or_ln29_1, i13 1, i13 %add_ln31_1" [conv.cpp:31]   --->   Operation 202 'select' 'select_ln31_5' <Predicate = (!icmp_ln27)> <Delay = 0.69> <CoreInst = "Sel">   --->   Core 73 'Sel' <Latency = 0> <II = 1> <Delay = 0.69> <FuncUnit> <Opcode : 'select'> <InPorts = 3> <OutPorts = 1>
ST_7 : Operation 203 [1/1] (2.16ns)   --->   "%add_ln29_1 = add i19 %indvar_flatten95_load, i19 1" [conv.cpp:29]   --->   Operation 203 'add' 'add_ln29_1' <Predicate = (!icmp_ln27 & !or_ln28)> <Delay = 2.16> <CoreInst = "Adder">   --->   Core 1 'Adder' <Latency = 0> <II = 1> <Delay = 2.16> <FuncUnit> <Opcode : 'add' 'sub'> <InPorts = 2> <OutPorts = 1>
ST_7 : Operation 204 [1/1] (0.73ns)   --->   "%select_ln29_6 = select i1 %or_ln28, i19 1, i19 %add_ln29_1" [conv.cpp:29]   --->   Operation 204 'select' 'select_ln29_6' <Predicate = (!icmp_ln27)> <Delay = 0.73> <CoreInst = "Sel">   --->   Core 73 'Sel' <Latency = 0> <II = 1> <Delay = 0.73> <FuncUnit> <Opcode : 'select'> <InPorts = 3> <OutPorts = 1>
ST_7 : Operation 205 [1/1] (1.58ns)   --->   "%store_ln36 = store i19 %select_ln29_6, i19 %indvar_flatten95" [conv.cpp:36]   --->   Operation 205 'store' 'store_ln36' <Predicate = (!icmp_ln27)> <Delay = 1.58>
ST_7 : Operation 206 [1/1] (1.58ns)   --->   "%store_ln36 = store i13 %select_ln31_5, i13 %indvar_flatten50" [conv.cpp:36]   --->   Operation 206 'store' 'store_ln36' <Predicate = (!icmp_ln27)> <Delay = 1.58>
ST_7 : Operation 207 [1/1] (1.58ns)   --->   "%store_ln36 = store i4 %add_ln36, i4 %k" [conv.cpp:36]   --->   Operation 207 'store' 'store_ln36' <Predicate = (!icmp_ln27)> <Delay = 1.58>

State 8 <SV = 7> <Delay = 5.35>
ST_8 : Operation 208 [1/3] (0.00ns) (grouped into DSP with root node add_ln41_5)   --->   "%mul_ln41_4 = mul i15 %add_ln41_3_cast, i15 11" [conv.cpp:41]   --->   Operation 208 'mul' 'mul_ln41_4' <Predicate = (!icmp_ln27)> <Delay = 0.00> <CoreInst = "DSP48">   --->   Core 119 'DSP48' <Latency = 3> <II = 1> <Delay = 2.15> <IPBlock> <Opcode : 'mul' 'add' 'sub' 'select'> <InPorts = 0> <OutPorts = 1> <Sync> <CReg>
ST_8 : Operation 209 [1/1] (0.00ns)   --->   "%zext_ln41_10 = zext i4 %select_ln35" [conv.cpp:41]   --->   Operation 209 'zext' 'zext_ln41_10' <Predicate = (!icmp_ln27)> <Delay = 0.00>
ST_8 : Operation 210 [2/2] (2.10ns) (root node of the DSP)   --->   "%add_ln41_5 = add i15 %mul_ln41_4, i15 %zext_ln41_10" [conv.cpp:41]   --->   Operation 210 'add' 'add_ln41_5' <Predicate = (!icmp_ln27)> <Delay = 2.10> <CoreInst = "DSP48">   --->   Core 119 'DSP48' <Latency = 3> <II = 1> <Delay = 2.15> <IPBlock> <Opcode : 'mul' 'add' 'sub' 'select'> <InPorts = 0> <OutPorts = 1> <Sync> <CReg>
ST_8 : Operation 211 [1/2] (2.10ns) (root node of the DSP)   --->   "%add_ln41_6 = add i18 %mul_ln41_5, i18 %sext_ln41_2" [conv.cpp:41]   --->   Operation 211 'add' 'add_ln41_6' <Predicate = (!icmp_ln27)> <Delay = 2.10> <CoreInst = "DSP48">   --->   Core 119 'DSP48' <Latency = 3> <II = 1> <Delay = 2.15> <IPBlock> <Opcode : 'mul' 'add' 'sub' 'select'> <InPorts = 0> <OutPorts = 1> <Sync> <CReg>
ST_8 : Operation 212 [1/1] (0.00ns)   --->   "%zext_ln41_12 = zext i18 %add_ln41_6" [conv.cpp:41]   --->   Operation 212 'zext' 'zext_ln41_12' <Predicate = (!icmp_ln27)> <Delay = 0.00>
ST_8 : Operation 213 [1/1] (0.00ns)   --->   "%input_fm_addr = getelementptr i32 %input_fm, i64 0, i64 %zext_ln41_12" [conv.cpp:41]   --->   Operation 213 'getelementptr' 'input_fm_addr' <Predicate = (!icmp_ln27)> <Delay = 0.00>
ST_8 : Operation 214 [2/2] (3.25ns)   --->   "%input_fm_load = load i18 %input_fm_addr" [conv.cpp:41]   --->   Operation 214 'load' 'input_fm_load' <Predicate = (!icmp_ln27 & and_ln40)> <Delay = 3.25> <CoreInst = "RAM">   --->   Core 82 'RAM' <Latency = 1> <II = 1> <Delay = 3.25> <Storage> <Opcode : 'load' 'store'> <Ports = 2> <Width = 32> <Depth = 153228> <RAM>
ST_8 : Operation 215 [1/1] (1.91ns)   --->   "%add_ln35_1 = add i8 %indvar_flatten21_load, i8 1" [conv.cpp:35]   --->   Operation 215 'add' 'add_ln35_1' <Predicate = (!icmp_ln27 & !or_ln31_1)> <Delay = 1.91> <CoreInst = "Adder">   --->   Core 1 'Adder' <Latency = 0> <II = 1> <Delay = 1.91> <FuncUnit> <Opcode : 'add' 'sub'> <InPorts = 2> <OutPorts = 1>
ST_8 : Operation 216 [1/1] (1.24ns)   --->   "%select_ln35_4 = select i1 %or_ln31_1, i8 1, i8 %add_ln35_1" [conv.cpp:35]   --->   Operation 216 'select' 'select_ln35_4' <Predicate = (!icmp_ln27)> <Delay = 1.24> <CoreInst = "Sel">   --->   Core 73 'Sel' <Latency = 0> <II = 1> <Delay = 1.24> <FuncUnit> <Opcode : 'select'> <InPorts = 3> <OutPorts = 1>
ST_8 : Operation 217 [1/1] (1.58ns)   --->   "%store_ln36 = store i8 %select_ln35_4, i8 %indvar_flatten21" [conv.cpp:36]   --->   Operation 217 'store' 'store_ln36' <Predicate = (!icmp_ln27)> <Delay = 1.58>

State 9 <SV = 8> <Delay = 5.35>
ST_9 : Operation 218 [1/1] (0.00ns)   --->   "%specloopname_ln0 = specloopname void @_ssdm_op_SpecLoopName, void @VITIS_LOOP_27_4_VITIS_LOOP_29_6_VITIS_LOOP_35_8_VITIS_LOOP_36_9_str"   --->   Operation 218 'specloopname' 'specloopname_ln0' <Predicate = (!icmp_ln27)> <Delay = 0.00>
ST_9 : Operation 219 [1/1] (0.00ns)   --->   "%empty_12 = speclooptripcount i32 @_ssdm_op_SpecLoopTripCount, i64 70276800, i64 70276800, i64 70276800"   --->   Operation 219 'speclooptripcount' 'empty_12' <Predicate = (!icmp_ln27)> <Delay = 0.00>
ST_9 : Operation 220 [1/1] (0.00ns)   --->   "%specpipeline_ln0 = specpipeline void @_ssdm_op_SpecPipeline, i32 4294967295, i32 0, i32 1, i32 0, void @p_str"   --->   Operation 220 'specpipeline' 'specpipeline_ln0' <Predicate = (!icmp_ln27)> <Delay = 0.00>
ST_9 : Operation 221 [1/1] (0.00ns)   --->   "%specloopname_ln0 = specloopname void @_ssdm_op_SpecLoopName, void @VITIS_LOOP_28_5_VITIS_LOOP_31_7_VITIS_LOOP_35_8_VITIS_LOOP_36_9_str"   --->   Operation 221 'specloopname' 'specloopname_ln0' <Predicate = (!icmp_ln27)> <Delay = 0.00>
ST_9 : Operation 222 [1/1] (0.00ns)   --->   "%specpipeline_ln0 = specpipeline void @_ssdm_op_SpecPipeline, i32 4294967295, i32 0, i32 1, i32 0, void @p_str"   --->   Operation 222 'specpipeline' 'specpipeline_ln0' <Predicate = (!icmp_ln27)> <Delay = 0.00>
ST_9 : Operation 223 [1/1] (0.00ns)   --->   "%specloopname_ln0 = specloopname void @_ssdm_op_SpecLoopName, void @VITIS_LOOP_29_6_VITIS_LOOP_35_8_VITIS_LOOP_36_9_str"   --->   Operation 223 'specloopname' 'specloopname_ln0' <Predicate = (!icmp_ln27)> <Delay = 0.00>
ST_9 : Operation 224 [1/1] (0.00ns)   --->   "%specpipeline_ln0 = specpipeline void @_ssdm_op_SpecPipeline, i32 4294967295, i32 0, i32 1, i32 0, void @p_str"   --->   Operation 224 'specpipeline' 'specpipeline_ln0' <Predicate = (!icmp_ln27)> <Delay = 0.00>
ST_9 : Operation 225 [1/1] (0.00ns)   --->   "%specloopname_ln0 = specloopname void @_ssdm_op_SpecLoopName, void @VITIS_LOOP_31_7_VITIS_LOOP_35_8_VITIS_LOOP_36_9_str"   --->   Operation 225 'specloopname' 'specloopname_ln0' <Predicate = (!icmp_ln27)> <Delay = 0.00>
ST_9 : Operation 226 [1/1] (0.00ns)   --->   "%zext_ln41_8 = zext i18 %add_ln41_2" [conv.cpp:41]   --->   Operation 226 'zext' 'zext_ln41_8' <Predicate = (!icmp_ln27)> <Delay = 0.00>
ST_9 : Operation 227 [1/1] (0.00ns)   --->   "%output_fm_addr = getelementptr i32 %output_fm, i64 0, i64 %zext_ln41_8" [conv.cpp:41]   --->   Operation 227 'getelementptr' 'output_fm_addr' <Predicate = (!icmp_ln27)> <Delay = 0.00>
ST_9 : Operation 228 [1/1] (0.00ns)   --->   "%specpipeline_ln0 = specpipeline void @_ssdm_op_SpecPipeline, i32 4294967295, i32 0, i32 1, i32 0, void @p_str"   --->   Operation 228 'specpipeline' 'specpipeline_ln0' <Predicate = (!icmp_ln27)> <Delay = 0.00>
ST_9 : Operation 229 [1/1] (0.00ns)   --->   "%specloopname_ln0 = specloopname void @_ssdm_op_SpecLoopName, void @VITIS_LOOP_35_8_VITIS_LOOP_36_9_str"   --->   Operation 229 'specloopname' 'specloopname_ln0' <Predicate = (!icmp_ln27)> <Delay = 0.00>
ST_9 : Operation 230 [1/1] (0.00ns)   --->   "%specpipeline_ln0 = specpipeline void @_ssdm_op_SpecPipeline, i32 4294967295, i32 0, i32 1, i32 0, void @p_str"   --->   Operation 230 'specpipeline' 'specpipeline_ln0' <Predicate = (!icmp_ln27)> <Delay = 0.00>
ST_9 : Operation 231 [1/2] (2.10ns) (root node of the DSP)   --->   "%add_ln41_5 = add i15 %mul_ln41_4, i15 %zext_ln41_10" [conv.cpp:41]   --->   Operation 231 'add' 'add_ln41_5' <Predicate = (!icmp_ln27)> <Delay = 2.10> <CoreInst = "DSP48">   --->   Core 119 'DSP48' <Latency = 3> <II = 1> <Delay = 2.15> <IPBlock> <Opcode : 'mul' 'add' 'sub' 'select'> <InPorts = 0> <OutPorts = 1> <Sync> <CReg>
ST_9 : Operation 232 [1/1] (0.00ns)   --->   "%zext_ln41_11 = zext i15 %add_ln41_5" [conv.cpp:41]   --->   Operation 232 'zext' 'zext_ln41_11' <Predicate = (!icmp_ln27)> <Delay = 0.00>
ST_9 : Operation 233 [1/1] (0.00ns)   --->   "%weights_addr = getelementptr i32 %weights, i64 0, i64 %zext_ln41_11" [conv.cpp:41]   --->   Operation 233 'getelementptr' 'weights_addr' <Predicate = (!icmp_ln27)> <Delay = 0.00>
ST_9 : Operation 234 [1/1] (0.00ns)   --->   "%specloopname_ln26 = specloopname void @_ssdm_op_SpecLoopName, void @empty_2" [conv.cpp:26]   --->   Operation 234 'specloopname' 'specloopname_ln26' <Predicate = (!icmp_ln27)> <Delay = 0.00>
ST_9 : Operation 235 [2/2] (3.25ns)   --->   "%weights_load = load i15 %weights_addr" [conv.cpp:41]   --->   Operation 235 'load' 'weights_load' <Predicate = (!icmp_ln27 & and_ln40)> <Delay = 3.25> <CoreInst = "RAM">   --->   Core 82 'RAM' <Latency = 1> <II = 1> <Delay = 3.25> <Storage> <Opcode : 'load' 'store'> <Ports = 2> <Width = 32> <Depth = 23232> <RAM>
ST_9 : Operation 236 [1/2] (3.25ns)   --->   "%input_fm_load = load i18 %input_fm_addr" [conv.cpp:41]   --->   Operation 236 'load' 'input_fm_load' <Predicate = (!icmp_ln27 & and_ln40)> <Delay = 3.25> <CoreInst = "RAM">   --->   Core 82 'RAM' <Latency = 1> <II = 1> <Delay = 3.25> <Storage> <Opcode : 'load' 'store'> <Ports = 2> <Width = 32> <Depth = 153228> <RAM>
ST_9 : Operation 237 [1/1] (2.22ns)   --->   "%add_ln28_1 = add i21 %indvar_flatten153_load, i21 1" [conv.cpp:28]   --->   Operation 237 'add' 'add_ln28_1' <Predicate = (!icmp_ln27 & !icmp_ln28)> <Delay = 2.22> <CoreInst = "Adder">   --->   Core 1 'Adder' <Latency = 0> <II = 1> <Delay = 2.22> <FuncUnit> <Opcode : 'add' 'sub'> <InPorts = 2> <OutPorts = 1>
ST_9 : Operation 238 [1/1] (0.70ns)   --->   "%select_ln28_4 = select i1 %icmp_ln28, i21 1, i21 %add_ln28_1" [conv.cpp:28]   --->   Operation 238 'select' 'select_ln28_4' <Predicate = (!icmp_ln27)> <Delay = 0.70> <CoreInst = "Sel">   --->   Core 73 'Sel' <Latency = 0> <II = 1> <Delay = 0.70> <FuncUnit> <Opcode : 'select'> <InPorts = 3> <OutPorts = 1>
ST_9 : Operation 239 [1/1] (1.58ns)   --->   "%store_ln36 = store i21 %select_ln28_4, i21 %indvar_flatten153" [conv.cpp:36]   --->   Operation 239 'store' 'store_ln36' <Predicate = (!icmp_ln27)> <Delay = 1.58>
ST_9 : Operation 240 [1/1] (0.00ns)   --->   "%br_ln36 = br void %for.body38" [conv.cpp:36]   --->   Operation 240 'br' 'br_ln36' <Predicate = (!icmp_ln27)> <Delay = 0.00>

State 10 <SV = 9> <Delay = 3.25>
ST_10 : Operation 241 [1/2] (3.25ns)   --->   "%weights_load = load i15 %weights_addr" [conv.cpp:41]   --->   Operation 241 'load' 'weights_load' <Predicate = (and_ln40)> <Delay = 3.25> <CoreInst = "RAM">   --->   Core 82 'RAM' <Latency = 1> <II = 1> <Delay = 3.25> <Storage> <Opcode : 'load' 'store'> <Ports = 2> <Width = 32> <Depth = 23232> <RAM>

State 11 <SV = 10> <Delay = 5.70>
ST_11 : Operation 242 [1/1] (0.00ns)   --->   "%bitcast_ln41 = bitcast i32 %weights_load" [conv.cpp:41]   --->   Operation 242 'bitcast' 'bitcast_ln41' <Predicate = (and_ln40)> <Delay = 0.00>
ST_11 : Operation 243 [1/1] (0.00ns)   --->   "%bitcast_ln41_1 = bitcast i32 %input_fm_load" [conv.cpp:41]   --->   Operation 243 'bitcast' 'bitcast_ln41_1' <Predicate = (and_ln40)> <Delay = 0.00>
ST_11 : Operation 244 [4/4] (5.70ns)   --->   "%mul = fmul i32 %bitcast_ln41, i32 %bitcast_ln41_1" [conv.cpp:41]   --->   Operation 244 'fmul' 'mul' <Predicate = (and_ln40)> <Delay = 5.70> <CoreInst = "FMul_maxdsp">   --->   Core 30 'FMul_maxdsp' <Latency = 3> <II = 1> <Delay = 5.70> <FuncUnit> <Opcode : 'fmul'> <InPorts = 2> <OutPorts = 1>

State 12 <SV = 11> <Delay = 5.70>
ST_12 : Operation 245 [3/4] (5.70ns)   --->   "%mul = fmul i32 %bitcast_ln41, i32 %bitcast_ln41_1" [conv.cpp:41]   --->   Operation 245 'fmul' 'mul' <Predicate = (and_ln40)> <Delay = 5.70> <CoreInst = "FMul_maxdsp">   --->   Core 30 'FMul_maxdsp' <Latency = 3> <II = 1> <Delay = 5.70> <FuncUnit> <Opcode : 'fmul'> <InPorts = 2> <OutPorts = 1>
ST_12 : Operation 259 [1/1] (0.00ns)   --->   "%ret_ln0 = ret"   --->   Operation 259 'ret' 'ret_ln0' <Predicate = (icmp_ln27)> <Delay = 0.00>

State 13 <SV = 12> <Delay = 5.70>
ST_13 : Operation 246 [2/4] (5.70ns)   --->   "%mul = fmul i32 %bitcast_ln41, i32 %bitcast_ln41_1" [conv.cpp:41]   --->   Operation 246 'fmul' 'mul' <Predicate = (and_ln40)> <Delay = 5.70> <CoreInst = "FMul_maxdsp">   --->   Core 30 'FMul_maxdsp' <Latency = 3> <II = 1> <Delay = 5.70> <FuncUnit> <Opcode : 'fmul'> <InPorts = 2> <OutPorts = 1>
ST_13 : Operation 247 [2/2] (3.25ns)   --->   "%output_fm_load = load i18 %output_fm_addr" [conv.cpp:41]   --->   Operation 247 'load' 'output_fm_load' <Predicate = (and_ln40)> <Delay = 3.25> <CoreInst = "RAM">   --->   Core 82 'RAM' <Latency = 1> <II = 1> <Delay = 3.25> <Storage> <Opcode : 'load' 'store'> <Ports = 2> <Width = 32> <Depth = 193600> <RAM>

State 14 <SV = 13> <Delay = 5.70>
ST_14 : Operation 248 [1/4] (5.70ns)   --->   "%mul = fmul i32 %bitcast_ln41, i32 %bitcast_ln41_1" [conv.cpp:41]   --->   Operation 248 'fmul' 'mul' <Predicate = (and_ln40)> <Delay = 5.70> <CoreInst = "FMul_maxdsp">   --->   Core 30 'FMul_maxdsp' <Latency = 3> <II = 1> <Delay = 5.70> <FuncUnit> <Opcode : 'fmul'> <InPorts = 2> <OutPorts = 1>
ST_14 : Operation 249 [1/2] (3.25ns)   --->   "%output_fm_load = load i18 %output_fm_addr" [conv.cpp:41]   --->   Operation 249 'load' 'output_fm_load' <Predicate = (and_ln40)> <Delay = 3.25> <CoreInst = "RAM">   --->   Core 82 'RAM' <Latency = 1> <II = 1> <Delay = 3.25> <Storage> <Opcode : 'load' 'store'> <Ports = 2> <Width = 32> <Depth = 193600> <RAM>

State 15 <SV = 14> <Delay = 7.25>
ST_15 : Operation 250 [1/1] (0.00ns)   --->   "%bitcast_ln41_2 = bitcast i32 %output_fm_load" [conv.cpp:41]   --->   Operation 250 'bitcast' 'bitcast_ln41_2' <Predicate = (and_ln40)> <Delay = 0.00>
ST_15 : Operation 251 [5/5] (7.25ns)   --->   "%add = fadd i32 %bitcast_ln41_2, i32 %mul" [conv.cpp:41]   --->   Operation 251 'fadd' 'add' <Predicate = (and_ln40)> <Delay = 7.25> <CoreInst = "FAddSub_fulldsp">   --->   Core 18 'FAddSub_fulldsp' <Latency = 4> <II = 1> <Delay = 7.25> <FuncUnit> <Opcode : 'fadd' 'fsub'> <InPorts = 2> <OutPorts = 1>

State 16 <SV = 15> <Delay = 7.25>
ST_16 : Operation 252 [4/5] (7.25ns)   --->   "%add = fadd i32 %bitcast_ln41_2, i32 %mul" [conv.cpp:41]   --->   Operation 252 'fadd' 'add' <Predicate = (and_ln40)> <Delay = 7.25> <CoreInst = "FAddSub_fulldsp">   --->   Core 18 'FAddSub_fulldsp' <Latency = 4> <II = 1> <Delay = 7.25> <FuncUnit> <Opcode : 'fadd' 'fsub'> <InPorts = 2> <OutPorts = 1>

State 17 <SV = 16> <Delay = 7.25>
ST_17 : Operation 253 [3/5] (7.25ns)   --->   "%add = fadd i32 %bitcast_ln41_2, i32 %mul" [conv.cpp:41]   --->   Operation 253 'fadd' 'add' <Predicate = (and_ln40)> <Delay = 7.25> <CoreInst = "FAddSub_fulldsp">   --->   Core 18 'FAddSub_fulldsp' <Latency = 4> <II = 1> <Delay = 7.25> <FuncUnit> <Opcode : 'fadd' 'fsub'> <InPorts = 2> <OutPorts = 1>

State 18 <SV = 17> <Delay = 7.25>
ST_18 : Operation 254 [2/5] (7.25ns)   --->   "%add = fadd i32 %bitcast_ln41_2, i32 %mul" [conv.cpp:41]   --->   Operation 254 'fadd' 'add' <Predicate = (and_ln40)> <Delay = 7.25> <CoreInst = "FAddSub_fulldsp">   --->   Core 18 'FAddSub_fulldsp' <Latency = 4> <II = 1> <Delay = 7.25> <FuncUnit> <Opcode : 'fadd' 'fsub'> <InPorts = 2> <OutPorts = 1>

State 19 <SV = 18> <Delay = 7.25>
ST_19 : Operation 255 [1/5] (7.25ns)   --->   "%add = fadd i32 %bitcast_ln41_2, i32 %mul" [conv.cpp:41]   --->   Operation 255 'fadd' 'add' <Predicate = (and_ln40)> <Delay = 7.25> <CoreInst = "FAddSub_fulldsp">   --->   Core 18 'FAddSub_fulldsp' <Latency = 4> <II = 1> <Delay = 7.25> <FuncUnit> <Opcode : 'fadd' 'fsub'> <InPorts = 2> <OutPorts = 1>

State 20 <SV = 19> <Delay = 3.25>
ST_20 : Operation 256 [1/1] (0.00ns)   --->   "%bitcast_ln41_3 = bitcast i32 %add" [conv.cpp:41]   --->   Operation 256 'bitcast' 'bitcast_ln41_3' <Predicate = (and_ln40)> <Delay = 0.00>
ST_20 : Operation 257 [1/1] (3.25ns)   --->   "%store_ln41 = store i32 %bitcast_ln41_3, i18 %output_fm_addr" [conv.cpp:41]   --->   Operation 257 'store' 'store_ln41' <Predicate = (and_ln40)> <Delay = 3.25> <CoreInst = "RAM">   --->   Core 82 'RAM' <Latency = 1> <II = 1> <Delay = 3.25> <Storage> <Opcode : 'load' 'store'> <Ports = 2> <Width = 32> <Depth = 193600> <RAM>
ST_20 : Operation 258 [1/1] (0.00ns)   --->   "%br_ln42 = br void %for.inc69" [conv.cpp:42]   --->   Operation 258 'br' 'br_ln42' <Predicate = (and_ln40)> <Delay = 0.00>


============================================================
+ Verbose Summary: Timing violations
============================================================
Target clock period: 10ns, clock uncertainty: 2.7ns.

 <State 1>: 1.59ns
The critical path consists of the following:
	'alloca' operation ('indvar_flatten221') [14]  (0 ns)
	'store' operation ('store_ln0') of constant 0 on local variable 'indvar_flatten221' [18]  (1.59 ns)

 <State 2>: 7.04ns
The critical path consists of the following:
	'load' operation ('indvar_flatten153_load', conv.cpp:28) on local variable 'indvar_flatten153' [37]  (0 ns)
	'icmp' operation ('icmp_ln28', conv.cpp:28) [60]  (2.44 ns)
	'select' operation ('select_ln27', conv.cpp:27) [61]  (0.993 ns)
	'add' operation ('add_ln28', conv.cpp:28) [80]  (1.56 ns)
	'select' operation ('select_ln28_1', conv.cpp:28) [84]  (0.993 ns)
	'mul' operation of DSP[164] ('mul_ln41_1', conv.cpp:41) [87]  (1.05 ns)

 <State 3>: 7.08ns
The critical path consists of the following:
	'xor' operation ('xor_ln28', conv.cpp:28) [94]  (0 ns)
	'or' operation ('or_ln28_1', conv.cpp:28) [95]  (0.978 ns)
	'and' operation ('and_ln28_3', conv.cpp:28) [101]  (0.978 ns)
	'or' operation ('or_ln29', conv.cpp:29) [104]  (0.978 ns)
	'or' operation ('or_ln29_1', conv.cpp:29) [105]  (0.978 ns)
	'select' operation ('select_ln29', conv.cpp:29) [106]  (1.25 ns)
	'add' operation ('add_ln31', conv.cpp:31) [126]  (1.92 ns)

 <State 4>: 7.2ns
The critical path consists of the following:
	'select' operation ('select_ln29_1', conv.cpp:29) [108]  (1.25 ns)
	'add' operation ('p_mid142', conv.cpp:29) [139]  (1.92 ns)
	'select' operation ('select_ln31_3', conv.cpp:31) [140]  (0.968 ns)
	'select' operation ('select_ln35_2', conv.cpp:35) [162]  (0.968 ns)
	'add' operation of DSP[164] ('add_ln41_4', conv.cpp:41) [164]  (2.1 ns)

 <State 5>: 4.86ns
The critical path consists of the following:
	'add' operation ('add_ln35', conv.cpp:35) [148]  (1.74 ns)
	'select' operation ('select_ln35_1', conv.cpp:35) [154]  (1.02 ns)
	'add' operation of DSP[156] ('add_ln41_3', conv.cpp:41) [156]  (2.1 ns)

 <State 6>: 3.15ns
The critical path consists of the following:
	'add' operation of DSP[156] ('add_ln41_3', conv.cpp:41) [156]  (2.1 ns)
	'mul' operation of DSP[172] ('mul_ln41_4', conv.cpp:41) [158]  (1.05 ns)

 <State 7>: 4.49ns
The critical path consists of the following:
	'add' operation ('add_ln29_1', conv.cpp:29) [204]  (2.17 ns)
	'select' operation ('select_ln29_6', conv.cpp:29) [205]  (0.732 ns)
	'store' operation ('store_ln36', conv.cpp:36) of variable 'select_ln29_6', conv.cpp:29 on local variable 'indvar_flatten95' [212]  (1.59 ns)

 <State 8>: 5.35ns
The critical path consists of the following:
	'add' operation of DSP[180] ('add_ln41_6', conv.cpp:41) [180]  (2.1 ns)
	'getelementptr' operation ('input_fm_addr', conv.cpp:41) [182]  (0 ns)
	'load' operation ('input_fm_load', conv.cpp:41) on array 'input_fm' [189]  (3.25 ns)

 <State 9>: 5.35ns
The critical path consists of the following:
	'add' operation of DSP[172] ('add_ln41_5', conv.cpp:41) [172]  (2.1 ns)
	'getelementptr' operation ('weights_addr', conv.cpp:41) [174]  (0 ns)
	'load' operation ('weights_load', conv.cpp:41) on array 'weights' [187]  (3.25 ns)

 <State 10>: 3.25ns
The critical path consists of the following:
	'load' operation ('weights_load', conv.cpp:41) on array 'weights' [187]  (3.25 ns)

 <State 11>: 5.7ns
The critical path consists of the following:
	'fmul' operation ('mul', conv.cpp:41) [191]  (5.7 ns)

 <State 12>: 5.7ns
The critical path consists of the following:
	'fmul' operation ('mul', conv.cpp:41) [191]  (5.7 ns)

 <State 13>: 5.7ns
The critical path consists of the following:
	'fmul' operation ('mul', conv.cpp:41) [191]  (5.7 ns)

 <State 14>: 5.7ns
The critical path consists of the following:
	'fmul' operation ('mul', conv.cpp:41) [191]  (5.7 ns)

 <State 15>: 7.26ns
The critical path consists of the following:
	'fadd' operation ('add', conv.cpp:41) [194]  (7.26 ns)

 <State 16>: 7.26ns
The critical path consists of the following:
	'fadd' operation ('add', conv.cpp:41) [194]  (7.26 ns)

 <State 17>: 7.26ns
The critical path consists of the following:
	'fadd' operation ('add', conv.cpp:41) [194]  (7.26 ns)

 <State 18>: 7.26ns
The critical path consists of the following:
	'fadd' operation ('add', conv.cpp:41) [194]  (7.26 ns)

 <State 19>: 7.26ns
The critical path consists of the following:
	'fadd' operation ('add', conv.cpp:41) [194]  (7.26 ns)

 <State 20>: 3.25ns
The critical path consists of the following:
	'store' operation ('store_ln41', conv.cpp:41) of variable 'bitcast_ln41_3', conv.cpp:41 on array 'output_fm' [196]  (3.25 ns)


============================================================
+ Verbose Summary: Binding
============================================================
N/A
* FSMD analyzer results:
  - Output states:
 - Input state : 
  - Chain level:
	State 1
	State 2
	State 3
	State 4
	State 5
	State 6
	State 7
	State 8
	State 9
	State 10
	State 11
	State 12
	State 13
	State 14
	State 15
	State 16
	State 17
	State 18
	State 19
	State 20


============================================================
+ Verbose Summary: Datapath Resource usage 
============================================================
N/A
