

================================================================
== Vitis HLS Report for 'conv_Pipeline_VITIS_LOOP_61_10_VITIS_LOOP_62_11_VITIS_LOOP_63_12'
================================================================
* Date:           Wed Oct  7 01:14:38 2026

* Version:        2022.2 (Build 3670227 on Oct 13 2022)
* Project:        vitis.prj
* Solution:       solution1 (Vivado IP Flow Target)
* Product family: zynq
* Target device:  xc7z020-clg400-1


================================================================
== Performance Estimates
================================================================
+ Timing: 
    * Summary: 
    +--------+----------+----------+------------+
    |  Clock |  Target  | Estimated| Uncertainty|
    +--------+----------+----------+------------+
    |ap_clk  |  10.00 ns|  7.005 ns|     2.70 ns|
    +--------+----------+----------+------------+

+ Latency: 
    * Summary: 
    +---------+---------+----------+----------+--------+--------+---------+
    |  Latency (cycles) |  Latency (absolute) |     Interval    | Pipeline|
    |   min   |   max   |    min   |    max   |   min  |   max  |   Type  |
    +---------+---------+----------+----------+--------+--------+---------+
    |   193609|   193609|  1.936 ms|  1.936 ms|  193609|  193609|       no|
    +---------+---------+----------+----------+--------+--------+---------+

    + Detail: 
        * Instance: 
        N/A

        * Loop: 
        +------------------------------------------------------+---------+---------+----------+-----------+-----------+--------+----------+
        |                                                      |  Latency (cycles) | Iteration|  Initiation Interval  |  Trip  |          |
        |                       Loop Name                      |   min   |   max   |  Latency |  achieved |   target  |  Count | Pipelined|
        +------------------------------------------------------+---------+---------+----------+-----------+-----------+--------+----------+
        |- VITIS_LOOP_61_10_VITIS_LOOP_62_11_VITIS_LOOP_63_12  |   193607|   193607|         9|          1|          1|  193600|       yes|
        +------------------------------------------------------+---------+---------+----------+-----------+-----------+--------+----------+

============================================================
+ Verbose Summary: Synthesis Manager
============================================================
InlineROM: 1
ExposeGlobal: 0
============================================================
+ Verbose Summary: CDFG Model
============================================================
IsTopModel: 0
ResetActiveHigh: 1
IsCombinational: 0
IsDatapathOnly: 0
HasWiredReturn: 1
HasMFsm: 2
HasVarLatency: 1
IsPipeline: 0
IsRtlPipelined: 0
IsInstanceOverlapped: 0
IsDontTouch: 0
HasImplIP: 0
IsGatedGlobalClock: 0

+ Individual pipeline summary: 
  * Pipeline-0: initiation interval (II) = 1, depth = 10


============================================================
+ Verbose Summary: Schedule
============================================================
* Number of FSM states : 10
* Pipeline : 1
  Pipeline-0 : II = 1, D = 10, States = { 1 2 3 4 5 6 7 8 9 10 }
* Dataflow Pipeline: 0

* FSM state transitions: 
1 --> 2 
2 --> 3 
3 --> 4 
4 --> 5 
5 --> 6 
6 --> 7 
7 --> 8 
8 --> 9 
9 --> 10 
10 --> 

* FSM state operations: 

State 1 <SV = 0> <Delay = 1.58>
ST_1 : Operation 12 [1/1] (0.00ns)   --->   "%z = alloca i32 1"   --->   Operation 12 'alloca' 'z' <Predicate = true> <Delay = 0.00>
ST_1 : Operation 13 [1/1] (0.00ns)   --->   "%y = alloca i32 1"   --->   Operation 13 'alloca' 'y' <Predicate = true> <Delay = 0.00>
ST_1 : Operation 14 [1/1] (0.00ns)   --->   "%indvar_flatten74 = alloca i32 1"   --->   Operation 14 'alloca' 'indvar_flatten74' <Predicate = true> <Delay = 0.00>
ST_1 : Operation 15 [1/1] (0.00ns)   --->   "%x = alloca i32 1"   --->   Operation 15 'alloca' 'x' <Predicate = true> <Delay = 0.00>
ST_1 : Operation 16 [1/1] (0.00ns)   --->   "%indvar_flatten88 = alloca i32 1"   --->   Operation 16 'alloca' 'indvar_flatten88' <Predicate = true> <Delay = 0.00>
ST_1 : Operation 17 [1/1] (0.00ns)   --->   "%specinterface_ln0 = specinterface void @_ssdm_op_SpecInterface, i32 %output_fm, void @empty_4, i32 0, i32 0, void @empty, i32 4294967295, i32 0, void @empty, void @empty, void @empty, i32 0, i32 0, i32 0, i32 0, void @empty, void @empty, i32 4294967295, i32 0"   --->   Operation 17 'specinterface' 'specinterface_ln0' <Predicate = true> <Delay = 0.00>
ST_1 : Operation 18 [1/1] (1.58ns)   --->   "%store_ln0 = store i18 0, i18 %indvar_flatten88"   --->   Operation 18 'store' 'store_ln0' <Predicate = true> <Delay = 1.58>
ST_1 : Operation 19 [1/1] (1.58ns)   --->   "%store_ln0 = store i7 0, i7 %x"   --->   Operation 19 'store' 'store_ln0' <Predicate = true> <Delay = 1.58>
ST_1 : Operation 20 [1/1] (1.58ns)   --->   "%store_ln0 = store i12 0, i12 %indvar_flatten74"   --->   Operation 20 'store' 'store_ln0' <Predicate = true> <Delay = 1.58>
ST_1 : Operation 21 [1/1] (1.58ns)   --->   "%store_ln0 = store i6 0, i6 %y"   --->   Operation 21 'store' 'store_ln0' <Predicate = true> <Delay = 1.58>
ST_1 : Operation 22 [1/1] (1.58ns)   --->   "%store_ln0 = store i6 0, i6 %z"   --->   Operation 22 'store' 'store_ln0' <Predicate = true> <Delay = 1.58>
ST_1 : Operation 23 [1/1] (0.00ns)   --->   "%br_ln0 = br void %for.body89"   --->   Operation 23 'br' 'br_ln0' <Predicate = true> <Delay = 0.00>

State 2 <SV = 1> <Delay = 4.57>
ST_2 : Operation 24 [1/1] (0.00ns)   --->   "%indvar_flatten74_load = load i12 %indvar_flatten74" [conv.cpp:62]   --->   Operation 24 'load' 'indvar_flatten74_load' <Predicate = true> <Delay = 0.00>
ST_2 : Operation 25 [1/1] (0.00ns)   --->   "%indvar_flatten88_load = load i18 %indvar_flatten88" [conv.cpp:61]   --->   Operation 25 'load' 'indvar_flatten88_load' <Predicate = true> <Delay = 0.00>
ST_2 : Operation 26 [1/1] (0.00ns)   --->   "%specpipeline_ln0 = specpipeline void @_ssdm_op_SpecPipeline, i32 4294967295, i32 0, i32 1, i32 0, void @p_str"   --->   Operation 26 'specpipeline' 'specpipeline_ln0' <Predicate = true> <Delay = 0.00>
ST_2 : Operation 27 [1/1] (2.43ns)   --->   "%icmp_ln61 = icmp_eq  i18 %indvar_flatten88_load, i18 193600" [conv.cpp:61]   --->   Operation 27 'icmp' 'icmp_ln61' <Predicate = true> <Delay = 2.43> <CoreInst = "Cmp">   --->   Core 9 'Cmp' <Latency = 0> <II = 1> <Delay = 2.43> <FuncUnit> <Opcode : 'icmp'> <InPorts = 2> <OutPorts = 1>
ST_2 : Operation 28 [1/1] (2.13ns)   --->   "%add_ln61_1 = add i18 %indvar_flatten88_load, i18 1" [conv.cpp:61]   --->   Operation 28 'add' 'add_ln61_1' <Predicate = true> <Delay = 2.13> <CoreInst = "Adder">   --->   Core 1 'Adder' <Latency = 0> <II = 1> <Delay = 2.13> <FuncUnit> <Opcode : 'add' 'sub'> <InPorts = 2> <OutPorts = 1>
ST_2 : Operation 29 [1/1] (0.00ns)   --->   "%br_ln61 = br i1 %icmp_ln61, void %for.inc109, void %for.end111.exitStub" [conv.cpp:61]   --->   Operation 29 'br' 'br_ln61' <Predicate = true> <Delay = 0.00>
ST_2 : Operation 30 [1/1] (0.00ns)   --->   "%x_load = load i7 %x" [conv.cpp:61]   --->   Operation 30 'load' 'x_load' <Predicate = (!icmp_ln61)> <Delay = 0.00>
ST_2 : Operation 31 [1/1] (1.87ns)   --->   "%add_ln61 = add i7 %x_load, i7 1" [conv.cpp:61]   --->   Operation 31 'add' 'add_ln61' <Predicate = (!icmp_ln61)> <Delay = 1.87> <CoreInst = "Adder">   --->   Core 1 'Adder' <Latency = 0> <II = 1> <Delay = 1.87> <FuncUnit> <Opcode : 'add' 'sub'> <InPorts = 2> <OutPorts = 1>
ST_2 : Operation 32 [1/1] (1.99ns)   --->   "%icmp_ln62 = icmp_eq  i12 %indvar_flatten74_load, i12 3025" [conv.cpp:62]   --->   Operation 32 'icmp' 'icmp_ln62' <Predicate = (!icmp_ln61)> <Delay = 1.99> <CoreInst = "Cmp">   --->   Core 9 'Cmp' <Latency = 0> <II = 1> <Delay = 1.99> <FuncUnit> <Opcode : 'icmp'> <InPorts = 2> <OutPorts = 1>
ST_2 : Operation 33 [1/1] (0.99ns)   --->   "%select_ln61_1 = select i1 %icmp_ln62, i7 %add_ln61, i7 %x_load" [conv.cpp:61]   --->   Operation 33 'select' 'select_ln61_1' <Predicate = (!icmp_ln61)> <Delay = 0.99> <CoreInst = "Sel">   --->   Core 73 'Sel' <Latency = 0> <II = 1> <Delay = 0.99> <FuncUnit> <Opcode : 'select'> <InPorts = 3> <OutPorts = 1>
ST_2 : Operation 34 [1/1] (1.54ns)   --->   "%add_ln62_1 = add i12 %indvar_flatten74_load, i12 1" [conv.cpp:62]   --->   Operation 34 'add' 'add_ln62_1' <Predicate = (!icmp_ln61)> <Delay = 1.54> <CoreInst = "Adder">   --->   Core 1 'Adder' <Latency = 0> <II = 1> <Delay = 1.54> <FuncUnit> <Opcode : 'add' 'sub'> <InPorts = 2> <OutPorts = 1>
ST_2 : Operation 35 [1/1] (0.69ns)   --->   "%select_ln62_2 = select i1 %icmp_ln62, i12 1, i12 %add_ln62_1" [conv.cpp:62]   --->   Operation 35 'select' 'select_ln62_2' <Predicate = (!icmp_ln61)> <Delay = 0.69> <CoreInst = "Sel">   --->   Core 73 'Sel' <Latency = 0> <II = 1> <Delay = 0.69> <FuncUnit> <Opcode : 'select'> <InPorts = 3> <OutPorts = 1>
ST_2 : Operation 36 [1/1] (1.58ns)   --->   "%store_ln63 = store i18 %add_ln61_1, i18 %indvar_flatten88" [conv.cpp:63]   --->   Operation 36 'store' 'store_ln63' <Predicate = (!icmp_ln61)> <Delay = 1.58>
ST_2 : Operation 37 [1/1] (1.58ns)   --->   "%store_ln63 = store i7 %select_ln61_1, i7 %x" [conv.cpp:63]   --->   Operation 37 'store' 'store_ln63' <Predicate = (!icmp_ln61)> <Delay = 1.58>
ST_2 : Operation 38 [1/1] (1.58ns)   --->   "%store_ln63 = store i12 %select_ln62_2, i12 %indvar_flatten74" [conv.cpp:63]   --->   Operation 38 'store' 'store_ln63' <Predicate = (!icmp_ln61)> <Delay = 1.58>

State 3 <SV = 2> <Delay = 7.00>
ST_3 : Operation 39 [1/1] (0.00ns)   --->   "%z_load = load i6 %z" [conv.cpp:63]   --->   Operation 39 'load' 'z_load' <Predicate = true> <Delay = 0.00>
ST_3 : Operation 40 [1/1] (0.00ns)   --->   "%y_load = load i6 %y" [conv.cpp:61]   --->   Operation 40 'load' 'y_load' <Predicate = (!icmp_ln62)> <Delay = 0.00>
ST_3 : Operation 41 [1/1] (1.18ns)   --->   "%select_ln61 = select i1 %icmp_ln62, i6 0, i6 %y_load" [conv.cpp:61]   --->   Operation 41 'select' 'select_ln61' <Predicate = true> <Delay = 1.18> <CoreInst = "Sel">   --->   Core 73 'Sel' <Latency = 0> <II = 1> <Delay = 1.18> <FuncUnit> <Opcode : 'select'> <InPorts = 3> <OutPorts = 1>
ST_3 : Operation 42 [1/1] (0.00ns)   --->   "%zext_ln64 = zext i7 %select_ln61_1" [conv.cpp:64]   --->   Operation 42 'zext' 'zext_ln64' <Predicate = true> <Delay = 0.00>
ST_3 : Operation 43 [1/1] (3.74ns)   --->   "%mul_ln64 = mul i13 %zext_ln64, i13 55" [conv.cpp:64]   --->   Operation 43 'mul' 'mul_ln64' <Predicate = true> <Delay = 3.74> <CoreInst = "Multiplier">   --->   Core 3 'Multiplier' <Latency = 0> <II = 1> <Delay = 3.74> <FuncUnit> <Opcode : 'mul'> <InPorts = 2> <OutPorts = 1>
ST_3 : Operation 44 [1/1] (0.00ns) (grouped into LUT with out node and_ln61)   --->   "%xor_ln61 = xor i1 %icmp_ln62, i1 1" [conv.cpp:61]   --->   Operation 44 'xor' 'xor_ln61' <Predicate = true> <Delay = 0.00> <CoreInst = "LogicGate">   --->   Core 74 'LogicGate' <Latency = 0> <II = 1> <Delay = 0.97> <FuncUnit> <Opcode : 'and' 'or' 'xor'> <InPorts = 2> <OutPorts = 1>
ST_3 : Operation 45 [1/1] (1.42ns)   --->   "%icmp_ln63 = icmp_eq  i6 %z_load, i6 55" [conv.cpp:63]   --->   Operation 45 'icmp' 'icmp_ln63' <Predicate = true> <Delay = 1.42> <CoreInst = "Cmp">   --->   Core 9 'Cmp' <Latency = 0> <II = 1> <Delay = 1.42> <FuncUnit> <Opcode : 'icmp'> <InPorts = 2> <OutPorts = 1>
ST_3 : Operation 46 [1/1] (0.97ns) (out node of the LUT)   --->   "%and_ln61 = and i1 %icmp_ln63, i1 %xor_ln61" [conv.cpp:61]   --->   Operation 46 'and' 'and_ln61' <Predicate = true> <Delay = 0.97> <CoreInst = "LogicGate">   --->   Core 74 'LogicGate' <Latency = 0> <II = 1> <Delay = 0.97> <FuncUnit> <Opcode : 'and' 'or' 'xor'> <InPorts = 2> <OutPorts = 1>
ST_3 : Operation 47 [1/1] (1.82ns)   --->   "%add_ln62 = add i6 %select_ln61, i6 1" [conv.cpp:62]   --->   Operation 47 'add' 'add_ln62' <Predicate = true> <Delay = 1.82> <CoreInst = "Adder">   --->   Core 1 'Adder' <Latency = 0> <II = 1> <Delay = 1.82> <FuncUnit> <Opcode : 'add' 'sub'> <InPorts = 2> <OutPorts = 1>
ST_3 : Operation 48 [1/1] (0.00ns) (grouped into LUT with out node select_ln62)   --->   "%or_ln62 = or i1 %and_ln61, i1 %icmp_ln62" [conv.cpp:62]   --->   Operation 48 'or' 'or_ln62' <Predicate = true> <Delay = 0.00> <CoreInst = "LogicGate">   --->   Core 74 'LogicGate' <Latency = 0> <II = 1> <Delay = 0.97> <FuncUnit> <Opcode : 'and' 'or' 'xor'> <InPorts = 2> <OutPorts = 1>
ST_3 : Operation 49 [1/1] (1.18ns) (out node of the LUT)   --->   "%select_ln62 = select i1 %or_ln62, i6 0, i6 %z_load" [conv.cpp:62]   --->   Operation 49 'select' 'select_ln62' <Predicate = true> <Delay = 1.18> <CoreInst = "Sel">   --->   Core 73 'Sel' <Latency = 0> <II = 1> <Delay = 1.18> <FuncUnit> <Opcode : 'select'> <InPorts = 3> <OutPorts = 1>
ST_3 : Operation 50 [1/1] (1.18ns)   --->   "%select_ln62_1 = select i1 %and_ln61, i6 %add_ln62, i6 %select_ln61" [conv.cpp:62]   --->   Operation 50 'select' 'select_ln62_1' <Predicate = true> <Delay = 1.18> <CoreInst = "Sel">   --->   Core 73 'Sel' <Latency = 0> <II = 1> <Delay = 1.18> <FuncUnit> <Opcode : 'select'> <InPorts = 3> <OutPorts = 1>
ST_3 : Operation 51 [1/1] (0.00ns)   --->   "%zext_ln64_1 = zext i6 %select_ln62_1" [conv.cpp:64]   --->   Operation 51 'zext' 'zext_ln64_1' <Predicate = true> <Delay = 0.00>
ST_3 : Operation 52 [1/1] (1.65ns) (grouped into DSP with root node add_ln64_1)   --->   "%add_ln64 = add i13 %mul_ln64, i13 %zext_ln64_1" [conv.cpp:64]   --->   Operation 52 'add' 'add_ln64' <Predicate = true> <Delay = 1.65> <CoreInst = "DSP48">   --->   Core 119 'DSP48' <Latency = 3> <II = 1> <Delay = 2.15> <IPBlock> <Opcode : 'mul' 'add' 'sub' 'select'> <InPorts = 0> <OutPorts = 1> <Sync> <CReg>
ST_3 : Operation 53 [1/1] (0.00ns) (grouped into DSP with root node add_ln64_1)   --->   "%add_ln64_cast = zext i13 %add_ln64" [conv.cpp:64]   --->   Operation 53 'zext' 'add_ln64_cast' <Predicate = true> <Delay = 0.00>
ST_3 : Operation 54 [3/3] (1.05ns) (grouped into DSP with root node add_ln64_1)   --->   "%mul_ln64_1 = mul i18 %add_ln64_cast, i18 55" [conv.cpp:64]   --->   Operation 54 'mul' 'mul_ln64_1' <Predicate = true> <Delay = 1.05> <CoreInst = "DSP48">   --->   Core 119 'DSP48' <Latency = 3> <II = 1> <Delay = 2.15> <IPBlock> <Opcode : 'mul' 'add' 'sub' 'select'> <InPorts = 0> <OutPorts = 1> <Sync> <CReg>
ST_3 : Operation 55 [1/1] (1.82ns)   --->   "%add_ln63 = add i6 %select_ln62, i6 1" [conv.cpp:63]   --->   Operation 55 'add' 'add_ln63' <Predicate = true> <Delay = 1.82> <CoreInst = "Adder">   --->   Core 1 'Adder' <Latency = 0> <II = 1> <Delay = 1.82> <FuncUnit> <Opcode : 'add' 'sub'> <InPorts = 2> <OutPorts = 1>
ST_3 : Operation 56 [1/1] (1.58ns)   --->   "%store_ln63 = store i6 %select_ln62_1, i6 %y" [conv.cpp:63]   --->   Operation 56 'store' 'store_ln63' <Predicate = true> <Delay = 1.58>
ST_3 : Operation 57 [1/1] (1.58ns)   --->   "%store_ln63 = store i6 %add_ln63, i6 %z" [conv.cpp:63]   --->   Operation 57 'store' 'store_ln63' <Predicate = true> <Delay = 1.58>
ST_3 : Operation 58 [1/1] (0.00ns)   --->   "%br_ln63 = br void %for.body89" [conv.cpp:63]   --->   Operation 58 'br' 'br_ln63' <Predicate = true> <Delay = 0.00>

State 4 <SV = 3> <Delay = 1.05>
ST_4 : Operation 59 [2/3] (1.05ns) (grouped into DSP with root node add_ln64_1)   --->   "%mul_ln64_1 = mul i18 %add_ln64_cast, i18 55" [conv.cpp:64]   --->   Operation 59 'mul' 'mul_ln64_1' <Predicate = true> <Delay = 1.05> <CoreInst = "DSP48">   --->   Core 119 'DSP48' <Latency = 3> <II = 1> <Delay = 2.15> <IPBlock> <Opcode : 'mul' 'add' 'sub' 'select'> <InPorts = 0> <OutPorts = 1> <Sync> <CReg>

State 5 <SV = 4> <Delay = 2.10>
ST_5 : Operation 60 [1/3] (0.00ns) (grouped into DSP with root node add_ln64_1)   --->   "%mul_ln64_1 = mul i18 %add_ln64_cast, i18 55" [conv.cpp:64]   --->   Operation 60 'mul' 'mul_ln64_1' <Predicate = true> <Delay = 0.00> <CoreInst = "DSP48">   --->   Core 119 'DSP48' <Latency = 3> <II = 1> <Delay = 2.15> <IPBlock> <Opcode : 'mul' 'add' 'sub' 'select'> <InPorts = 0> <OutPorts = 1> <Sync> <CReg>
ST_5 : Operation 61 [1/1] (0.00ns)   --->   "%zext_ln64_2 = zext i6 %select_ln62" [conv.cpp:64]   --->   Operation 61 'zext' 'zext_ln64_2' <Predicate = true> <Delay = 0.00>
ST_5 : Operation 62 [2/2] (2.10ns) (root node of the DSP)   --->   "%add_ln64_1 = add i18 %mul_ln64_1, i18 %zext_ln64_2" [conv.cpp:64]   --->   Operation 62 'add' 'add_ln64_1' <Predicate = true> <Delay = 2.10> <CoreInst = "DSP48">   --->   Core 119 'DSP48' <Latency = 3> <II = 1> <Delay = 2.15> <IPBlock> <Opcode : 'mul' 'add' 'sub' 'select'> <InPorts = 0> <OutPorts = 1> <Sync> <CReg>

State 6 <SV = 5> <Delay = 5.35>
ST_6 : Operation 63 [1/2] (2.10ns) (root node of the DSP)   --->   "%add_ln64_1 = add i18 %mul_ln64_1, i18 %zext_ln64_2" [conv.cpp:64]   --->   Operation 63 'add' 'add_ln64_1' <Predicate = true> <Delay = 2.10> <CoreInst = "DSP48">   --->   Core 119 'DSP48' <Latency = 3> <II = 1> <Delay = 2.15> <IPBlock> <Opcode : 'mul' 'add' 'sub' 'select'> <InPorts = 0> <OutPorts = 1> <Sync> <CReg>
ST_6 : Operation 64 [1/1] (0.00ns)   --->   "%zext_ln64_3 = zext i18 %add_ln64_1" [conv.cpp:64]   --->   Operation 64 'zext' 'zext_ln64_3' <Predicate = true> <Delay = 0.00>
ST_6 : Operation 65 [1/1] (0.00ns)   --->   "%output_fm_addr = getelementptr i32 %output_fm, i64 0, i64 %zext_ln64_3" [conv.cpp:64]   --->   Operation 65 'getelementptr' 'output_fm_addr' <Predicate = true> <Delay = 0.00>
ST_6 : Operation 66 [2/2] (3.25ns)   --->   "%output_fm_load = load i18 %output_fm_addr" [conv.cpp:64]   --->   Operation 66 'load' 'output_fm_load' <Predicate = true> <Delay = 3.25> <CoreInst = "RAM">   --->   Core 82 'RAM' <Latency = 1> <II = 1> <Delay = 3.25> <Storage> <Opcode : 'load' 'store'> <Ports = 2> <Width = 32> <Depth = 193600> <RAM>

State 7 <SV = 6> <Delay = 5.70>
ST_7 : Operation 67 [1/2] (3.25ns)   --->   "%output_fm_load = load i18 %output_fm_addr" [conv.cpp:64]   --->   Operation 67 'load' 'output_fm_load' <Predicate = true> <Delay = 3.25> <CoreInst = "RAM">   --->   Core 82 'RAM' <Latency = 1> <II = 1> <Delay = 3.25> <Storage> <Opcode : 'load' 'store'> <Ports = 2> <Width = 32> <Depth = 193600> <RAM>
ST_7 : Operation 68 [1/1] (0.00ns)   --->   "%tmp = partselect i8 @_ssdm_op_PartSelect.i8.i32.i32.i32, i32 %output_fm_load, i32 23, i32 30" [conv.cpp:64]   --->   Operation 68 'partselect' 'tmp' <Predicate = true> <Delay = 0.00>
ST_7 : Operation 69 [1/1] (0.00ns)   --->   "%trunc_ln64 = trunc i32 %output_fm_load" [conv.cpp:64]   --->   Operation 69 'trunc' 'trunc_ln64' <Predicate = true> <Delay = 0.00>
ST_7 : Operation 70 [1/1] (1.55ns)   --->   "%icmp_ln64 = icmp_ne  i8 %tmp, i8 255" [conv.cpp:64]   --->   Operation 70 'icmp' 'icmp_ln64' <Predicate = true> <Delay = 1.55> <CoreInst = "Cmp">   --->   Core 9 'Cmp' <Latency = 0> <II = 1> <Delay = 1.55> <FuncUnit> <Opcode : 'icmp'> <InPorts = 2> <OutPorts = 1>
ST_7 : Operation 71 [1/1] (2.44ns)   --->   "%icmp_ln64_1 = icmp_eq  i23 %trunc_ln64, i23 0" [conv.cpp:64]   --->   Operation 71 'icmp' 'icmp_ln64_1' <Predicate = true> <Delay = 2.44> <CoreInst = "Cmp">   --->   Core 9 'Cmp' <Latency = 0> <II = 1> <Delay = 2.44> <FuncUnit> <Opcode : 'icmp'> <InPorts = 2> <OutPorts = 1>

State 8 <SV = 7> <Delay = 5.43>
ST_8 : Operation 72 [1/1] (0.00ns)   --->   "%bitcast_ln64 = bitcast i32 %output_fm_load" [conv.cpp:64]   --->   Operation 72 'bitcast' 'bitcast_ln64' <Predicate = true> <Delay = 0.00>
ST_8 : Operation 73 [2/2] (5.43ns)   --->   "%tmp_2 = fcmp_olt  i32 %bitcast_ln64, i32 0" [conv.cpp:64]   --->   Operation 73 'fcmp' 'tmp_2' <Predicate = true> <Delay = 5.43> <CoreInst = "FCompare">   --->   Core 19 'FCompare' <Latency = 1> <II = 1> <Delay = 5.43> <FuncUnit> <Opcode : 'fcmp'> <InPorts = 2> <OutPorts = 1>

State 9 <SV = 8> <Delay = 6.40>
ST_9 : Operation 74 [1/1] (0.00ns)   --->   "%specloopname_ln0 = specloopname void @_ssdm_op_SpecLoopName, void @VITIS_LOOP_61_10_VITIS_LOOP_62_11_VITIS_LOOP_63_12_str"   --->   Operation 74 'specloopname' 'specloopname_ln0' <Predicate = true> <Delay = 0.00>
ST_9 : Operation 75 [1/1] (0.00ns)   --->   "%empty = speclooptripcount i32 @_ssdm_op_SpecLoopTripCount, i64 193600, i64 193600, i64 193600"   --->   Operation 75 'speclooptripcount' 'empty' <Predicate = true> <Delay = 0.00>
ST_9 : Operation 76 [1/1] (0.00ns)   --->   "%specpipeline_ln0 = specpipeline void @_ssdm_op_SpecPipeline, i32 4294967295, i32 0, i32 1, i32 0, void @p_str"   --->   Operation 76 'specpipeline' 'specpipeline_ln0' <Predicate = true> <Delay = 0.00>
ST_9 : Operation 77 [1/1] (0.00ns)   --->   "%specloopname_ln0 = specloopname void @_ssdm_op_SpecLoopName, void @VITIS_LOOP_62_11_VITIS_LOOP_63_12_str"   --->   Operation 77 'specloopname' 'specloopname_ln0' <Predicate = true> <Delay = 0.00>
ST_9 : Operation 78 [1/1] (0.00ns)   --->   "%specpipeline_ln0 = specpipeline void @_ssdm_op_SpecPipeline, i32 4294967295, i32 0, i32 1, i32 0, void @p_str"   --->   Operation 78 'specpipeline' 'specpipeline_ln0' <Predicate = true> <Delay = 0.00>
ST_9 : Operation 79 [1/1] (0.00ns)   --->   "%specloopname_ln30 = specloopname void @_ssdm_op_SpecLoopName, void @empty_1" [conv.cpp:30]   --->   Operation 79 'specloopname' 'specloopname_ln30' <Predicate = true> <Delay = 0.00>
ST_9 : Operation 80 [1/1] (0.00ns) (grouped into LUT with out node and_ln64)   --->   "%or_ln64 = or i1 %icmp_ln64_1, i1 %icmp_ln64" [conv.cpp:64]   --->   Operation 80 'or' 'or_ln64' <Predicate = true> <Delay = 0.00> <CoreInst = "LogicGate">   --->   Core 74 'LogicGate' <Latency = 0> <II = 1> <Delay = 0.97> <FuncUnit> <Opcode : 'and' 'or' 'xor'> <InPorts = 2> <OutPorts = 1>
ST_9 : Operation 81 [1/2] (5.43ns)   --->   "%tmp_2 = fcmp_olt  i32 %bitcast_ln64, i32 0" [conv.cpp:64]   --->   Operation 81 'fcmp' 'tmp_2' <Predicate = true> <Delay = 5.43> <CoreInst = "FCompare">   --->   Core 19 'FCompare' <Latency = 1> <II = 1> <Delay = 5.43> <FuncUnit> <Opcode : 'fcmp'> <InPorts = 2> <OutPorts = 1>
ST_9 : Operation 82 [1/1] (0.97ns) (out node of the LUT)   --->   "%and_ln64 = and i1 %or_ln64, i1 %tmp_2" [conv.cpp:64]   --->   Operation 82 'and' 'and_ln64' <Predicate = true> <Delay = 0.97> <CoreInst = "LogicGate">   --->   Core 74 'LogicGate' <Latency = 0> <II = 1> <Delay = 0.97> <FuncUnit> <Opcode : 'and' 'or' 'xor'> <InPorts = 2> <OutPorts = 1>
ST_9 : Operation 83 [1/1] (0.00ns)   --->   "%br_ln64 = br i1 %and_ln64, void %for.inc103, void %if.then" [conv.cpp:64]   --->   Operation 83 'br' 'br_ln64' <Predicate = true> <Delay = 0.00>
ST_9 : Operation 86 [1/1] (0.00ns)   --->   "%ret_ln0 = ret"   --->   Operation 86 'ret' 'ret_ln0' <Predicate = (icmp_ln61)> <Delay = 0.00>

State 10 <SV = 9> <Delay = 3.25>
ST_10 : Operation 84 [1/1] (3.25ns)   --->   "%store_ln64 = store i32 0, i18 %output_fm_addr" [conv.cpp:64]   --->   Operation 84 'store' 'store_ln64' <Predicate = (and_ln64)> <Delay = 3.25> <CoreInst = "RAM">   --->   Core 82 'RAM' <Latency = 1> <II = 1> <Delay = 3.25> <Storage> <Opcode : 'load' 'store'> <Ports = 2> <Width = 32> <Depth = 193600> <RAM>
ST_10 : Operation 85 [1/1] (0.00ns)   --->   "%br_ln64 = br void %for.inc103" [conv.cpp:64]   --->   Operation 85 'br' 'br_ln64' <Predicate = (and_ln64)> <Delay = 0.00>


============================================================
+ Verbose Summary: Timing violations
============================================================
Target clock period: 10ns, clock uncertainty: 2.7ns.

 <State 1>: 1.59ns
The critical path consists of the following:
	'alloca' operation ('indvar_flatten88') [6]  (0 ns)
	'store' operation ('store_ln0') of constant 0 on local variable 'indvar_flatten88' [8]  (1.59 ns)

 <State 2>: 4.57ns
The critical path consists of the following:
	'load' operation ('indvar_flatten74_load', conv.cpp:62) on local variable 'indvar_flatten74' [15]  (0 ns)
	'icmp' operation ('icmp_ln62', conv.cpp:62) [28]  (1.99 ns)
	'select' operation ('select_ln61_1', conv.cpp:61) [30]  (0.993 ns)
	'store' operation ('store_ln63', conv.cpp:63) of variable 'select_ln61_1', conv.cpp:61 on local variable 'x' [70]  (1.59 ns)

 <State 3>: 7.01ns
The critical path consists of the following:
	'load' operation ('z_load', conv.cpp:63) on local variable 'z' [22]  (0 ns)
	'icmp' operation ('icmp_ln63', conv.cpp:63) [35]  (1.43 ns)
	'and' operation ('and_ln61', conv.cpp:61) [36]  (0.978 ns)
	'or' operation ('or_ln62', conv.cpp:62) [39]  (0 ns)
	'select' operation ('select_ln62', conv.cpp:62) [40]  (1.19 ns)
	'add' operation ('add_ln63', conv.cpp:63) [66]  (1.83 ns)
	'store' operation ('store_ln63', conv.cpp:63) of variable 'add_ln63', conv.cpp:63 on local variable 'z' [73]  (1.59 ns)

 <State 4>: 1.05ns
The critical path consists of the following:
	'mul' operation of DSP[48] ('mul_ln64_1', conv.cpp:64) [45]  (1.05 ns)

 <State 5>: 2.1ns
The critical path consists of the following:
	'mul' operation of DSP[48] ('mul_ln64_1', conv.cpp:64) [45]  (0 ns)
	'add' operation of DSP[48] ('add_ln64_1', conv.cpp:64) [48]  (2.1 ns)

 <State 6>: 5.35ns
The critical path consists of the following:
	'add' operation of DSP[48] ('add_ln64_1', conv.cpp:64) [48]  (2.1 ns)
	'getelementptr' operation ('output_fm_addr', conv.cpp:64) [50]  (0 ns)
	'load' operation ('output_fm_load', conv.cpp:64) on array 'output_fm' [52]  (3.25 ns)

 <State 7>: 5.7ns
The critical path consists of the following:
	'load' operation ('output_fm_load', conv.cpp:64) on array 'output_fm' [52]  (3.25 ns)
	'icmp' operation ('icmp_ln64_1', conv.cpp:64) [57]  (2.45 ns)

 <State 8>: 5.43ns
The critical path consists of the following:
	'fcmp' operation ('tmp_2', conv.cpp:64) [59]  (5.43 ns)

 <State 9>: 6.41ns
The critical path consists of the following:
	'fcmp' operation ('tmp_2', conv.cpp:64) [59]  (5.43 ns)
	'and' operation ('and_ln64', conv.cpp:64) [60]  (0.978 ns)

 <State 10>: 3.25ns
The critical path consists of the following:
	'store' operation ('store_ln64', conv.cpp:64) of constant 0 on array 'output_fm' [63]  (3.25 ns)


============================================================
+ Verbose Summary: Binding
============================================================
N/A
* FSMD analyzer results:
  - Output states:
 - Input state : 
  - Chain level:
	State 1
	State 2
	State 3
	State 4
	State 5
	State 6
	State 7
	State 8
	State 9
	State 10


============================================================
+ Verbose Summary: Datapath Resource usage 
============================================================
N/A
