

================================================================
== Synthesis Summary Report of 'matmul'
================================================================
+ General Information: 
    * Date:           Fri Oct  2 16:46:23 2026
    * Version:        2022.2 (Build 3670227 on Oct 13 2022)
    * Project:        vitis.prj
    * Solution:       solution1 (Vivado IP Flow Target)
    * Product family: zynq
    * Target device:  xc7z020-clg400-1
    

+ Performance & Resource Estimates: 
    
    PS: '+' for module; 'o' for loop; '*' for dataflow
    +------------------------------------------------------+------+------+---------+-----------+----------+---------+-------+----------+----------+--------+-----------+------------+-----+
    |                        Modules                       | Issue|      | Latency |  Latency  | Iteration|         |  Trip |          |          |        |           |            |     |
    |                        & Loops                       | Type | Slack| (cycles)|    (ns)   |  Latency | Interval| Count | Pipelined|   BRAM   |   DSP  |     FF    |     LUT    | URAM|
    +------------------------------------------------------+------+------+---------+-----------+----------+---------+-------+----------+----------+--------+-----------+------------+-----+
    |+ matmul                                              |     -|  0.00|  1870151|  1.870e+07|         -|  1870152|      -|        no|  80 (28%)|  5 (2%)|  2819 (2%)|  6048 (11%)|    -|
    | + matmul_Pipeline_VITIS_LOOP_19_1_VITIS_LOOP_21_2    |     -|  0.00|    15003|  1.500e+05|         -|    15003|      -|        no|         -|       -|   86 (~0%)|   282 (~0%)|    -|
    |  o VITIS_LOOP_19_1_VITIS_LOOP_21_2                   |    II|  7.30|    15001|  1.500e+05|         4|        2|   7500|       yes|         -|       -|          -|           -|    -|
    | + matmul_Pipeline_VITIS_LOOP_30_3_VITIS_LOOP_32_4    |     -|  0.00|    30003|  3.000e+05|         -|    30003|      -|        no|         -|       -|   98 (~0%)|   311 (~0%)|    -|
    |  o VITIS_LOOP_30_3_VITIS_LOOP_32_4                   |    II|  7.30|    30001|  3.000e+05|         4|        2|  15000|       yes|         -|       -|          -|           -|    -|
    | + matmul_Pipeline_VITIS_LOOP_41_5_VITIS_LOOP_43_6    |     -|  0.09|    10002|  1.000e+05|         -|    10002|      -|        no|         -|       -|   55 (~0%)|   257 (~0%)|    -|
    |  o VITIS_LOOP_41_5_VITIS_LOOP_43_6                   |     -|  7.30|    10000|  1.000e+05|         2|        1|  10000|       yes|         -|       -|          -|           -|    -|
    | + matmul_Pipeline_VITIS_LOOP_69_10_VITIS_LOOP_71_11  |     -|  0.00|    20004|  2.000e+05|         -|    20004|      -|        no|         -|       -|   92 (~0%)|   325 (~0%)|    -|
    |  o VITIS_LOOP_69_10_VITIS_LOOP_71_11                 |    II|  7.30|    20002|  2.000e+05|         5|        2|  10000|       yes|         -|       -|          -|           -|    -|
    | o VITIS_LOOP_55_7_VITIS_LOOP_57_8                    |     -|  7.30|  1820000|  1.820e+07|        91|        -|  20000|        no|         -|       -|          -|           -|    -|
    |  + matmul_Pipeline_VITIS_LOOP_59_9                   |     -|  1.54|       84|    840.000|         -|       84|      -|        no|         -|  4 (1%)|  257 (~0%)|   234 (~0%)|    -|
    |   o VITIS_LOOP_59_9                                  |     -|  7.30|       82|    820.000|         9|        1|     75|       yes|         -|       -|          -|           -|    -|
    +------------------------------------------------------+------+------+---------+-----------+----------+---------+-------+----------+----------+--------+-----------+------------+-----+


================================================================
== HW Interfaces
================================================================
* M_AXI
+------------+------------+---------------+---------+--------+----------+-----------+--------------+--------------+-------------+-------------+
| Interface  | Data Width | Address Width | Latency | Offset | Register | Max Widen | Max Read     | Max Write    | Num Read    | Num Write   |
|            | (SW->HW)   |               |         |        |          | Bitwidth  | Burst Length | Burst Length | Outstanding | Outstanding |
+------------+------------+---------------+---------+--------+----------+-----------+--------------+--------------+-------------+-------------+
| m_axi_mem1 | 16 -> 16   | 64            | 64      | slave  | 0        | 0         | 16           | 16           | 16          | 16          |
| m_axi_mem2 | 16 -> 16   | 64            | 64      | slave  | 0        | 0         | 16           | 16           | 16          | 16          |
+------------+------------+---------------+---------+--------+----------+-----------+--------------+--------------+-------------+-------------+

* S_AXILITE Interfaces
+---------------+------------+---------------+--------+----------+
| Interface     | Data Width | Address Width | Offset | Register |
+---------------+------------+---------------+--------+----------+
| s_axi_control | 32         | 6             | 16     | 0        |
+---------------+------------+---------------+--------+----------+

* S_AXILITE Registers
+---------------+-----------------+--------+-------+--------+----------------------------------+----------------------------------------------------------------------+
| Interface     | Register        | Offset | Width | Access | Description                      | Bit Fields                                                           |
+---------------+-----------------+--------+-------+--------+----------------------------------+----------------------------------------------------------------------+
| s_axi_control | CTRL            | 0x00   | 32    | RW     | Control signals                  | 0=AP_START 1=AP_DONE 2=AP_IDLE 3=AP_READY 7=AUTO_RESTART 9=INTERRUPT |
| s_axi_control | GIER            | 0x04   | 32    | RW     | Global Interrupt Enable Register | 0=Enable                                                             |
| s_axi_control | IP_IER          | 0x08   | 32    | RW     | IP Interrupt Enable Register     | 0=CHAN0_INT_EN 1=CHAN1_INT_EN                                        |
| s_axi_control | IP_ISR          | 0x0c   | 32    | RW     | IP Interrupt Status Register     | 0=CHAN0_INT_ST 1=CHAN1_INT_ST                                        |
| s_axi_control | Matrix_A_DRAM_1 | 0x10   | 32    | W      | Data signal of Matrix_A_DRAM     |                                                                      |
| s_axi_control | Matrix_A_DRAM_2 | 0x14   | 32    | W      | Data signal of Matrix_A_DRAM     |                                                                      |
| s_axi_control | Matrix_B_DRAM_1 | 0x1c   | 32    | W      | Data signal of Matrix_B_DRAM     |                                                                      |
| s_axi_control | Matrix_B_DRAM_2 | 0x20   | 32    | W      | Data signal of Matrix_B_DRAM     |                                                                      |
| s_axi_control | Matrix_C_DRAM_1 | 0x28   | 32    | W      | Data signal of Matrix_C_DRAM     |                                                                      |
| s_axi_control | Matrix_C_DRAM_2 | 0x2c   | 32    | W      | Data signal of Matrix_C_DRAM     |                                                                      |
+---------------+-----------------+--------+-------+--------+----------------------------------+----------------------------------------------------------------------+

* TOP LEVEL CONTROL
+-----------+------------+-----------+
| Interface | Type       | Ports     |
+-----------+------------+-----------+
| ap_clk    | clock      | ap_clk    |
| ap_rst_n  | reset      | ap_rst_n  |
| interrupt | interrupt  | interrupt |
| ap_ctrl   | ap_ctrl_hs |           |
+-----------+------------+-----------+


================================================================
== SW I/O Information
================================================================
* Top Function Arguments
+---------------+-----------+-------------+
| Argument      | Direction | Datatype    |
+---------------+-----------+-------------+
| Matrix_A_DRAM | inout     | ap_int<16>* |
| Matrix_B_DRAM | in        | ap_int<16>* |
| Matrix_C_DRAM | inout     | ap_int<16>* |
+---------------+-----------+-------------+

* SW-to-HW Mapping
+---------------+---------------+-----------+----------+-------------------------------------------+
| Argument      | HW Interface  | HW Type   | HW Usage | HW Info                                   |
+---------------+---------------+-----------+----------+-------------------------------------------+
| Matrix_A_DRAM | m_axi_mem1    | interface |          |                                           |
| Matrix_A_DRAM | s_axi_control | register  | offset   | name=Matrix_A_DRAM_1 offset=0x10 range=32 |
| Matrix_A_DRAM | s_axi_control | register  | offset   | name=Matrix_A_DRAM_2 offset=0x14 range=32 |
| Matrix_B_DRAM | m_axi_mem2    | interface |          |                                           |
| Matrix_B_DRAM | s_axi_control | register  | offset   | name=Matrix_B_DRAM_1 offset=0x1c range=32 |
| Matrix_B_DRAM | s_axi_control | register  | offset   | name=Matrix_B_DRAM_2 offset=0x20 range=32 |
| Matrix_C_DRAM | m_axi_mem1    | interface |          |                                           |
| Matrix_C_DRAM | s_axi_control | register  | offset   | name=Matrix_C_DRAM_1 offset=0x28 range=32 |
| Matrix_C_DRAM | s_axi_control | register  | offset   | name=Matrix_C_DRAM_2 offset=0x2c range=32 |
+---------------+---------------+-----------+----------+-------------------------------------------+


================================================================
== M_AXI Burst Information
================================================================
 Note: All burst requests might be further partitioned into multiple requests during RTL generation based on max_read_burst_length or max_write_burst_length settings.

* Inferred Burst Summary
+--------------+------------------+-----------+--------+-------+------------------+
| HW Interface | Loop             | Direction | Length | Width | Location         |
+--------------+------------------+-----------+--------+-------+------------------+
| m_axi_mem1   | VITIS_LOOP_19_1  | read      | 15000  | 16    | matmul.cpp:19:22 |
| m_axi_mem2   | VITIS_LOOP_30_3  | read      | 30000  | 16    | matmul.cpp:30:22 |
| m_axi_mem1   | VITIS_LOOP_69_10 | write     | 20000  | 16    | matmul.cpp:69:23 |
+--------------+------------------+-----------+--------+-------+------------------+

* Inferred Bursts and Widening Missed
+--------------+---------------+------------------+-------------------------------------------------------------------------------------------------------+------------+------------------+
| HW Interface | Variable      | Loop             | Problem                                                                                               | Resolution | Location         |
+--------------+---------------+------------------+-------------------------------------------------------------------------------------------------------+------------+------------------+
| m_axi_mem1   | Matrix_C_DRAM | VITIS_LOOP_71_11 | Could not widen since type i16 size is greater than or equal to the max_widen_bitwidth threshold of 0 | 214-353    | matmul.cpp:71:27 |
| m_axi_mem2   | Matrix_B_DRAM | VITIS_LOOP_32_4  | Could not widen since type i16 size is greater than or equal to the max_widen_bitwidth threshold of 0 | 214-353    | matmul.cpp:32:26 |
| m_axi_mem1   | Matrix_A_DRAM | VITIS_LOOP_21_2  | Could not widen since type i16 size is greater than or equal to the max_widen_bitwidth threshold of 0 | 214-353    | matmul.cpp:21:26 |
+--------------+---------------+------------------+-------------------------------------------------------------------------------------------------------+------------+------------------+

    * Resolution URL: www.xilinx.com/cgi-bin/docs/rdoc?v=2022.2;t=hls+guidance;d=XXX-YYY.html (replace XXX-YYY with column value)

================================================================
== Bind Op Report
================================================================
+------------------------------------------------------+-----+--------+-------------+-----+--------+---------+
| Name                                                 | DSP | Pragma | Variable    | Op  | Impl   | Latency |
+------------------------------------------------------+-----+--------+-------------+-----+--------+---------+
| + matmul                                             | 5   |        |             |     |        |         |
|   add_ln55_1_fu_298_p2                               | -   |        | add_ln55_1  | add | fabric | 0       |
|   add_ln55_fu_310_p2                                 | -   |        | add_ln55    | add | fabric | 0       |
|   mul_7ns_9ns_14_1_1_U31                             | -   |        | mul_ln186   | mul | auto   | 0       |
|   mac_muladd_7ns_8ns_8ns_15_4_1_U32                  | 1   |        | empty_25    | mul | dsp48  | 3       |
|   mac_muladd_7ns_8ns_8ns_15_4_1_U32                  | 1   |        | empty_26    | add | dsp48  | 3       |
|   add_ln57_fu_342_p2                                 | -   |        | add_ln57    | add | fabric | 0       |
|  + matmul_Pipeline_VITIS_LOOP_19_1_VITIS_LOOP_21_2   | 0   |        |             |     |        |         |
|    add_ln19_1_fu_149_p2                              | -   |        | add_ln19_1  | add | fabric | 0       |
|    add_ln19_fu_166_p2                                | -   |        | add_ln19    | add | fabric | 0       |
|    mul_7ns_9ns_14_1_1_U1                             | -   |        | mul_ln21    | mul | auto   | 0       |
|    add_ln25_fu_223_p2                                | -   |        | add_ln25    | add | fabric | 0       |
|    add_ln25_1_fu_242_p2                              | -   |        | add_ln25_1  | add | fabric | 0       |
|    add_ln21_fu_204_p2                                | -   |        | add_ln21    | add | fabric | 0       |
|  + matmul_Pipeline_VITIS_LOOP_30_3_VITIS_LOOP_32_4   | 0   |        |             |     |        |         |
|    add_ln30_1_fu_145_p2                              | -   |        | add_ln30_1  | add | fabric | 0       |
|    add_ln30_fu_157_p2                                | -   |        | add_ln30    | add | fabric | 0       |
|    mul_8ns_9ns_15_1_1_U6                             | -   |        | mul_ln32    | mul | auto   | 0       |
|    add_ln36_fu_218_p2                                | -   |        | add_ln36    | add | fabric | 0       |
|    add_ln36_1_fu_237_p2                              | -   |        | add_ln36_1  | add | fabric | 0       |
|    add_ln32_fu_185_p2                                | -   |        | add_ln32    | add | fabric | 0       |
|  + matmul_Pipeline_VITIS_LOOP_41_5_VITIS_LOOP_43_6   | 0   |        |             |     |        |         |
|    add_ln41_1_fu_107_p2                              | -   |        | add_ln41_1  | add | fabric | 0       |
|    add_ln41_fu_119_p2                                | -   |        | add_ln41    | add | fabric | 0       |
|    mul_7ns_9ns_15_1_1_U11                            | -   |        | mul_ln47    | mul | auto   | 0       |
|    add_ln47_fu_181_p2                                | -   |        | add_ln47    | add | fabric | 0       |
|    add_ln47_1_fu_200_p2                              | -   |        | add_ln47_1  | add | fabric | 0       |
|    add_ln43_fu_157_p2                                | -   |        | add_ln43    | add | fabric | 0       |
|  + matmul_Pipeline_VITIS_LOOP_59_9                   | 4   |        |             |     |        |         |
|    add_ln186_fu_198_p2                               | -   |        | add_ln186   | add | fabric | 0       |
|    mac_muladd_8ns_8ns_8ns_15_4_1_U15                 | 1   |        | mul_ln186_1 | mul | dsp48  | 3       |
|    mac_muladd_8ns_8ns_8ns_15_4_1_U15                 | 1   |        | add_ln186_1 | add | dsp48  | 3       |
|    mac_muladd_16s_16s_16ns_16_4_1_U17                | 1   |        | mul_ln840   | mul | dsp48  | 3       |
|    add_ln186_2_fu_181_p2                             | -   |        | add_ln186_2 | add | fabric | 0       |
|    mac_muladd_8ns_8ns_8ns_15_4_1_U14                 | 1   |        | mul_ln186_2 | mul | dsp48  | 3       |
|    mac_muladd_8ns_8ns_8ns_15_4_1_U14                 | 1   |        | add_ln186_3 | add | dsp48  | 3       |
|    mul_mul_16s_16s_16_4_1_U16                        | 1   |        | mul_ln840_1 | mul | dsp48  | 3       |
|    mac_muladd_16s_16s_16ns_16_4_1_U17                | 1   |        | add_ln840   | add | dsp48  | 3       |
|    add_ln840_1_fu_215_p2                             | -   |        | add_ln840_1 | add | fabric | 0       |
|    add_ln59_fu_164_p2                                | -   |        | add_ln59    | add | fabric | 0       |
|  + matmul_Pipeline_VITIS_LOOP_69_10_VITIS_LOOP_71_11 | 0   |        |             |     |        |         |
|    add_ln69_1_fu_161_p2                              | -   |        | add_ln69_1  | add | fabric | 0       |
|    add_ln69_fu_173_p2                                | -   |        | add_ln69    | add | fabric | 0       |
|    mul_7ns_9ns_15_1_1_U27                            | -   |        | mul_ln75    | mul | auto   | 0       |
|    add_ln75_fu_235_p2                                | -   |        | add_ln75    | add | fabric | 0       |
|    add_ln75_1_fu_254_p2                              | -   |        | add_ln75_1  | add | fabric | 0       |
|    add_ln71_fu_211_p2                                | -   |        | add_ln71    | add | fabric | 0       |
+------------------------------------------------------+-----+--------+-------------+-----+--------+---------+


================================================================
== Bind Storage Report
================================================================
+---------------------+------+------+--------+-----------------+---------+------+---------+
| Name                | BRAM | URAM | Pragma | Variable        | Storage | Impl | Latency |
+---------------------+------+------+--------+-----------------+---------+------+---------+
| + matmul            | 80   | 0    |        |                 |         |      |         |
|   Matrix_A_BRAM_V_U | 16   | -    |        | Matrix_A_BRAM_V | ram_s2p | auto | 1       |
|   Matrix_B_BRAM_V_U | 32   | -    |        | Matrix_B_BRAM_V | ram_s2p | auto | 1       |
|   Matrix_C_BRAM_V_U | 32   | -    |        | Matrix_C_BRAM_V | ram_t2p | auto | 1       |
+---------------------+------+------+--------+-----------------+---------+------+---------+


================================================================
== Pragma Report
================================================================
* Valid Pragma Syntax
+-----------+--------------------------------------------------------------------------+-------------------------+
| Type      | Options                                                                  | Location                |
+-----------+--------------------------------------------------------------------------+-------------------------+
| interface | mode = m_axi depth = 1 port = Matrix_A_DRAM offset = slave bundle = mem1 | matmul.cpp:9 in matmul  |
| interface | mode = m_axi depth = 1 port = Matrix_B_DRAM offset = slave bundle = mem2 | matmul.cpp:10 in matmul |
| interface | mode = m_axi depth = 1 port = Matrix_C_DRAM offset = slave bundle = mem1 | matmul.cpp:11 in matmul |
| interface | mode = s_axilite port = return                                           | matmul.cpp:12 in matmul |
| pipeline  | II = 1                                                                   | matmul.cpp:23 in matmul |
| unroll    | factor = 2                                                               | matmul.cpp:24 in matmul |
| pipeline  | II = 1                                                                   | matmul.cpp:34 in matmul |
| unroll    | factor = 2                                                               | matmul.cpp:35 in matmul |
| pipeline  | II = 1                                                                   | matmul.cpp:45 in matmul |
| unroll    | factor = 2                                                               | matmul.cpp:46 in matmul |
| pipeline  | II = 1                                                                   | matmul.cpp:61 in matmul |
| unroll    | factor = 2                                                               | matmul.cpp:62 in matmul |
| pipeline  | II = 1                                                                   | matmul.cpp:73 in matmul |
| unroll    | factor = 2                                                               | matmul.cpp:74 in matmul |
+-----------+--------------------------------------------------------------------------+-------------------------+


