

================================================================
== Vitis HLS Report for 'matmul_Pipeline_VITIS_LOOP_19_1_VITIS_LOOP_21_2'
================================================================
* Date:           Fri Oct  2 16:18:37 2026

* Version:        2022.2 (Build 3670227 on Oct 13 2022)
* Project:        vitis.prj
* Solution:       solution1 (Vivado IP Flow Target)
* Product family: zynq
* Target device:  xc7z020-clg400-1


================================================================
== Performance Estimates
================================================================
+ Timing: 
    * Summary: 
    +--------+----------+----------+------------+
    |  Clock |  Target  | Estimated| Uncertainty|
    +--------+----------+----------+------------+
    |ap_clk  |  10.00 ns|  7.300 ns|     2.70 ns|
    +--------+----------+----------+------------+

+ Latency: 
    * Summary: 
    +---------+---------+----------+----------+-------+-------+---------+
    |  Latency (cycles) |  Latency (absolute) |    Interval   | Pipeline|
    |   min   |   max   |    min   |    max   |  min  |  max  |   Type  |
    +---------+---------+----------+----------+-------+-------+---------+
    |    15004|    15004|  0.150 ms|  0.150 ms|  15004|  15004|       no|
    +---------+---------+----------+----------+-------+-------+---------+

    + Detail: 
        * Instance: 
        N/A

        * Loop: 
        +-----------------------------------+---------+---------+----------+-----------+-----------+-------+----------+
        |                                   |  Latency (cycles) | Iteration|  Initiation Interval  |  Trip |          |
        |             Loop Name             |   min   |   max   |  Latency |  achieved |   target  | Count | Pipelined|
        +-----------------------------------+---------+---------+----------+-----------+-----------+-------+----------+
        |- VITIS_LOOP_19_1_VITIS_LOOP_21_2  |    15002|    15002|         4|          1|          1|  15000|       yes|
        +-----------------------------------+---------+---------+----------+-----------+-----------+-------+----------+



================================================================
== Utilization Estimates
================================================================
* Summary: 
+-----------------+---------+-----+--------+-------+-----+
|       Name      | BRAM_18K| DSP |   FF   |  LUT  | URAM|
+-----------------+---------+-----+--------+-------+-----+
|DSP              |        -|    1|       -|      -|    -|
|Expression       |        -|    -|       0|     90|    -|
|FIFO             |        -|    -|       -|      -|    -|
|Instance         |        -|    -|       -|      -|    -|
|Memory           |        -|    -|       -|      -|    -|
|Multiplexer      |        -|    -|       -|     81|    -|
|Register         |        -|    -|      70|      -|    -|
+-----------------+---------+-----+--------+-------+-----+
|Total            |        0|    1|      70|    171|    0|
+-----------------+---------+-----+--------+-------+-----+
|Available        |      280|  220|  106400|  53200|    0|
+-----------------+---------+-----+--------+-------+-----+
|Utilization (%)  |        0|   ~0|      ~0|     ~0|    0|
+-----------------+---------+-----+--------+-------+-----+

+ Detail: 
    * Instance: 
    N/A

    * DSP: 
    +----------------------------------+-------------------------------+--------------+
    |             Instance             |             Module            |  Expression  |
    +----------------------------------+-------------------------------+--------------+
    |mac_muladd_7ns_8ns_8ns_14_4_1_U1  |mac_muladd_7ns_8ns_8ns_14_4_1  |  i0 * i1 + i2|
    +----------------------------------+-------------------------------+--------------+

    * Memory: 
    N/A

    * FIFO: 
    N/A

    * Expression: 
    +----------------------------------+----------+----+---+----+------------+------------+
    |           Variable Name          | Operation| DSP| FF| LUT| Bitwidth P0| Bitwidth P1|
    +----------------------------------+----------+----+---+----+------------+------------+
    |add_ln19_1_fu_130_p2              |         +|   0|  0|  17|          14|           1|
    |add_ln19_fu_142_p2                |         +|   0|  0|  14|           7|           1|
    |add_ln21_fu_174_p2                |         +|   0|  0|  15|           8|           1|
    |ap_block_pp0_stage0_11001         |       and|   0|  0|   2|           1|           1|
    |ap_block_state3_pp0_stage0_iter2  |       and|   0|  0|   2|           1|           1|
    |icmp_ln19_fu_124_p2               |      icmp|   0|  0|  12|          14|          12|
    |icmp_ln21_fu_148_p2               |      icmp|   0|  0|  11|           8|           8|
    |select_ln19_1_fu_162_p3           |    select|   0|  0|   7|           1|           7|
    |select_ln19_fu_154_p3             |    select|   0|  0|   8|           1|           1|
    |ap_enable_pp0                     |       xor|   0|  0|   2|           1|           2|
    +----------------------------------+----------+----+---+----+------------+------------+
    |Total                             |          |   0|  0|  90|          56|          35|
    +----------------------------------+----------+----+---+----+------------+------------+

    * Multiplexer: 
    +--------------------------------------+----+-----------+-----+-----------+
    |                 Name                 | LUT| Input Size| Bits| Total Bits|
    +--------------------------------------+----+-----------+-----+-----------+
    |ap_done_int                           |   9|          2|    1|          2|
    |ap_enable_reg_pp0_iter3               |   9|          2|    1|          2|
    |ap_sig_allocacmp_c_load               |   9|          2|    8|         16|
    |ap_sig_allocacmp_indvar_flatten_load  |   9|          2|   14|         28|
    |ap_sig_allocacmp_r_load               |   9|          2|    7|         14|
    |c_fu_66                               |   9|          2|    8|         16|
    |indvar_flatten_fu_74                  |   9|          2|   14|         28|
    |mem1_blk_n_R                          |   9|          2|    1|          2|
    |r_fu_70                               |   9|          2|    7|         14|
    +--------------------------------------+----+-----------+-----+-----------+
    |Total                                 |  81|         18|   61|        122|
    +--------------------------------------+----+-----------+-----+-----------+

    * Register: 
    +-----------------------------------+----+----+-----+-----------+
    |                Name               | FF | LUT| Bits| Const Bits|
    +-----------------------------------+----+----+-----+-----------+
    |ap_CS_fsm                          |   1|   0|    1|          0|
    |ap_done_reg                        |   1|   0|    1|          0|
    |ap_enable_reg_pp0_iter1            |   1|   0|    1|          0|
    |ap_enable_reg_pp0_iter2            |   1|   0|    1|          0|
    |ap_enable_reg_pp0_iter3            |   1|   0|    1|          0|
    |ap_loop_exit_ready_pp0_iter1_reg   |   1|   0|    1|          0|
    |ap_loop_exit_ready_pp0_iter2_reg   |   1|   0|    1|          0|
    |c_fu_66                            |   8|   0|    8|          0|
    |icmp_ln19_reg_243                  |   1|   0|    1|          0|
    |icmp_ln19_reg_243_pp0_iter1_reg    |   1|   0|    1|          0|
    |indvar_flatten_fu_74               |  14|   0|   14|          0|
    |mem1_addr_read_reg_262             |  16|   0|   16|          0|
    |r_fu_70                            |   7|   0|    7|          0|
    |select_ln19_reg_247                |   8|   0|    8|          0|
    |select_ln19_reg_247_pp0_iter1_reg  |   8|   0|    8|          0|
    +-----------------------------------+----+----+-----+-----------+
    |Total                              |  70|   0|   70|          0|
    +-----------------------------------+----+----+-----+-----------+



================================================================
== Interface
================================================================
* Summary: 
+--------------------------+-----+-----+------------+-------------------------------------------------+--------------+
|         RTL Ports        | Dir | Bits|  Protocol  |                  Source Object                  |    C Type    |
+--------------------------+-----+-----+------------+-------------------------------------------------+--------------+
|ap_clk                    |   in|    1|  ap_ctrl_hs|  matmul_Pipeline_VITIS_LOOP_19_1_VITIS_LOOP_21_2|  return value|
|ap_rst                    |   in|    1|  ap_ctrl_hs|  matmul_Pipeline_VITIS_LOOP_19_1_VITIS_LOOP_21_2|  return value|
|ap_start                  |   in|    1|  ap_ctrl_hs|  matmul_Pipeline_VITIS_LOOP_19_1_VITIS_LOOP_21_2|  return value|
|ap_done                   |  out|    1|  ap_ctrl_hs|  matmul_Pipeline_VITIS_LOOP_19_1_VITIS_LOOP_21_2|  return value|
|ap_idle                   |  out|    1|  ap_ctrl_hs|  matmul_Pipeline_VITIS_LOOP_19_1_VITIS_LOOP_21_2|  return value|
|ap_ready                  |  out|    1|  ap_ctrl_hs|  matmul_Pipeline_VITIS_LOOP_19_1_VITIS_LOOP_21_2|  return value|
|m_axi_mem1_AWVALID        |  out|    1|       m_axi|                                             mem1|       pointer|
|m_axi_mem1_AWREADY        |   in|    1|       m_axi|                                             mem1|       pointer|
|m_axi_mem1_AWADDR         |  out|   64|       m_axi|                                             mem1|       pointer|
|m_axi_mem1_AWID           |  out|    1|       m_axi|                                             mem1|       pointer|
|m_axi_mem1_AWLEN          |  out|   32|       m_axi|                                             mem1|       pointer|
|m_axi_mem1_AWSIZE         |  out|    3|       m_axi|                                             mem1|       pointer|
|m_axi_mem1_AWBURST        |  out|    2|       m_axi|                                             mem1|       pointer|
|m_axi_mem1_AWLOCK         |  out|    2|       m_axi|                                             mem1|       pointer|
|m_axi_mem1_AWCACHE        |  out|    4|       m_axi|                                             mem1|       pointer|
|m_axi_mem1_AWPROT         |  out|    3|       m_axi|                                             mem1|       pointer|
|m_axi_mem1_AWQOS          |  out|    4|       m_axi|                                             mem1|       pointer|
|m_axi_mem1_AWREGION       |  out|    4|       m_axi|                                             mem1|       pointer|
|m_axi_mem1_AWUSER         |  out|    1|       m_axi|                                             mem1|       pointer|
|m_axi_mem1_WVALID         |  out|    1|       m_axi|                                             mem1|       pointer|
|m_axi_mem1_WREADY         |   in|    1|       m_axi|                                             mem1|       pointer|
|m_axi_mem1_WDATA          |  out|   16|       m_axi|                                             mem1|       pointer|
|m_axi_mem1_WSTRB          |  out|    2|       m_axi|                                             mem1|       pointer|
|m_axi_mem1_WLAST          |  out|    1|       m_axi|                                             mem1|       pointer|
|m_axi_mem1_WID            |  out|    1|       m_axi|                                             mem1|       pointer|
|m_axi_mem1_WUSER          |  out|    1|       m_axi|                                             mem1|       pointer|
|m_axi_mem1_ARVALID        |  out|    1|       m_axi|                                             mem1|       pointer|
|m_axi_mem1_ARREADY        |   in|    1|       m_axi|                                             mem1|       pointer|
|m_axi_mem1_ARADDR         |  out|   64|       m_axi|                                             mem1|       pointer|
|m_axi_mem1_ARID           |  out|    1|       m_axi|                                             mem1|       pointer|
|m_axi_mem1_ARLEN          |  out|   32|       m_axi|                                             mem1|       pointer|
|m_axi_mem1_ARSIZE         |  out|    3|       m_axi|                                             mem1|       pointer|
|m_axi_mem1_ARBURST        |  out|    2|       m_axi|                                             mem1|       pointer|
|m_axi_mem1_ARLOCK         |  out|    2|       m_axi|                                             mem1|       pointer|
|m_axi_mem1_ARCACHE        |  out|    4|       m_axi|                                             mem1|       pointer|
|m_axi_mem1_ARPROT         |  out|    3|       m_axi|                                             mem1|       pointer|
|m_axi_mem1_ARQOS          |  out|    4|       m_axi|                                             mem1|       pointer|
|m_axi_mem1_ARREGION       |  out|    4|       m_axi|                                             mem1|       pointer|
|m_axi_mem1_ARUSER         |  out|    1|       m_axi|                                             mem1|       pointer|
|m_axi_mem1_RVALID         |   in|    1|       m_axi|                                             mem1|       pointer|
|m_axi_mem1_RREADY         |  out|    1|       m_axi|                                             mem1|       pointer|
|m_axi_mem1_RDATA          |   in|   16|       m_axi|                                             mem1|       pointer|
|m_axi_mem1_RLAST          |   in|    1|       m_axi|                                             mem1|       pointer|
|m_axi_mem1_RID            |   in|    1|       m_axi|                                             mem1|       pointer|
|m_axi_mem1_RFIFONUM       |   in|   10|       m_axi|                                             mem1|       pointer|
|m_axi_mem1_RUSER          |   in|    1|       m_axi|                                             mem1|       pointer|
|m_axi_mem1_RRESP          |   in|    2|       m_axi|                                             mem1|       pointer|
|m_axi_mem1_BVALID         |   in|    1|       m_axi|                                             mem1|       pointer|
|m_axi_mem1_BREADY         |  out|    1|       m_axi|                                             mem1|       pointer|
|m_axi_mem1_BRESP          |   in|    2|       m_axi|                                             mem1|       pointer|
|m_axi_mem1_BID            |   in|    1|       m_axi|                                             mem1|       pointer|
|m_axi_mem1_BUSER          |   in|    1|       m_axi|                                             mem1|       pointer|
|sext_ln19                 |   in|   63|     ap_none|                                        sext_ln19|        scalar|
|Matrix_A_BRAM_V_address0  |  out|   14|   ap_memory|                                  Matrix_A_BRAM_V|         array|
|Matrix_A_BRAM_V_ce0       |  out|    1|   ap_memory|                                  Matrix_A_BRAM_V|         array|
|Matrix_A_BRAM_V_we0       |  out|    1|   ap_memory|                                  Matrix_A_BRAM_V|         array|
|Matrix_A_BRAM_V_d0        |  out|   16|   ap_memory|                                  Matrix_A_BRAM_V|         array|
+--------------------------+-----+-----+------------+-------------------------------------------------+--------------+

