

================================================================
== Vitis HLS Report for 'matmul_Pipeline_VITIS_LOOP_21_1_VITIS_LOOP_23_2'
================================================================
* Date:           Tue Oct  6 17:16:01 2026

* Version:        2022.2 (Build 3670227 on Oct 13 2022)
* Project:        vitis.prj
* Solution:       solution1 (Vivado IP Flow Target)
* Product family: zynq
* Target device:  xc7z020-clg400-1


================================================================
== Performance Estimates
================================================================
+ Timing: 
    * Summary: 
    +--------+----------+----------+------------+
    |  Clock |  Target  | Estimated| Uncertainty|
    +--------+----------+----------+------------+
    |ap_clk  |  10.00 ns|  7.300 ns|     2.70 ns|
    +--------+----------+----------+------------+

+ Latency: 
    * Summary: 
    +---------+---------+----------+----------+-------+-------+---------+
    |  Latency (cycles) |  Latency (absolute) |    Interval   | Pipeline|
    |   min   |   max   |    min   |    max   |  min  |  max  |   Type  |
    +---------+---------+----------+----------+-------+-------+---------+
    |    15013|    15013|  0.150 ms|  0.150 ms|  15013|  15013|       no|
    +---------+---------+----------+----------+-------+-------+---------+

    + Detail: 
        * Instance: 
        N/A

        * Loop: 
        +-----------------------------------+---------+---------+----------+-----------+-----------+-------+----------+
        |                                   |  Latency (cycles) | Iteration|  Initiation Interval  |  Trip |          |
        |             Loop Name             |   min   |   max   |  Latency |  achieved |   target  | Count | Pipelined|
        +-----------------------------------+---------+---------+----------+-----------+-----------+-------+----------+
        |- VITIS_LOOP_21_1_VITIS_LOOP_23_2  |    15011|    15011|        13|          1|          1|  15000|       yes|
        +-----------------------------------+---------+---------+----------+-----------+-----------+-------+----------+



================================================================
== Utilization Estimates
================================================================
* Summary: 
+-----------------+---------+-----+--------+-------+-----+
|       Name      | BRAM_18K| DSP |   FF   |  LUT  | URAM|
+-----------------+---------+-----+--------+-------+-----+
|DSP              |        -|    -|       -|      -|    -|
|Expression       |        -|    -|       0|    110|    -|
|FIFO             |        -|    -|       -|      -|    -|
|Instance         |        -|    0|     195|    189|    -|
|Memory           |        -|    -|       -|      -|    -|
|Multiplexer      |        -|    -|       -|     72|    -|
|Register         |        -|    -|     291|     96|    -|
+-----------------+---------+-----+--------+-------+-----+
|Total            |        0|    0|     486|    467|    0|
+-----------------+---------+-----+--------+-------+-----+
|Available        |      280|  220|  106400|  53200|    0|
+-----------------+---------+-----+--------+-------+-----+
|Utilization (%)  |        0|    0|      ~0|     ~0|    0|
+-----------------+---------+-----+--------+-------+-----+

+ Detail: 
    * Instance: 
    +------------------------+---------------------+---------+----+-----+-----+-----+
    |        Instance        |        Module       | BRAM_18K| DSP|  FF | LUT | URAM|
    +------------------------+---------------------+---------+----+-----+-----+-----+
    |mul_8ns_10ns_17_1_1_U2  |mul_8ns_10ns_17_1_1  |        0|   0|    0|   63|    0|
    |urem_8ns_5ns_4_12_1_U1  |urem_8ns_5ns_4_12_1  |        0|   0|  195|  126|    0|
    +------------------------+---------------------+---------+----+-----+-----+-----+
    |Total                   |                     |        0|   0|  195|  189|    0|
    +------------------------+---------------------+---------+----+-----+-----+-----+

    * DSP: 
    N/A

    * Memory: 
    N/A

    * FIFO: 
    N/A

    * Expression: 
    +------------------------------------+----------+----+---+----+------------+------------+
    |            Variable Name           | Operation| DSP| FF| LUT| Bitwidth P0| Bitwidth P1|
    +------------------------------------+----------+----+---+----+------------+------------+
    |add_ln21_1_fu_380_p2                |         +|   0|  0|  17|          14|           1|
    |add_ln21_fu_453_p2                  |         +|   0|  0|  14|           7|           1|
    |add_ln23_fu_409_p2                  |         +|   0|  0|  15|           8|           1|
    |add_ln27_1_fu_495_p2                |         +|   0|  0|  10|          10|          10|
    |add_ln27_fu_486_p2                  |         +|   0|  0|  10|          10|          10|
    |ap_block_pp0_stage0_11001           |       and|   0|  0|   2|           1|           1|
    |ap_block_state12_pp0_stage0_iter11  |       and|   0|  0|   2|           1|           1|
    |icmp_ln21_fu_374_p2                 |      icmp|   0|  0|  12|          14|          12|
    |icmp_ln23_fu_389_p2                 |      icmp|   0|  0|  11|           8|           8|
    |select_ln21_1_fu_459_p3             |    select|   0|  0|   7|           1|           7|
    |select_ln21_fu_395_p3               |    select|   0|  0|   8|           1|           1|
    |ap_enable_pp0                       |       xor|   0|  0|   2|           1|           2|
    +------------------------------------+----------+----+---+----+------------+------------+
    |Total                               |          |   0|  0| 110|          76|          55|
    +------------------------------------+----------+----+---+----+------------+------------+

    * Multiplexer: 
    +--------------------------------------+----+-----------+-----+-----------+
    |                 Name                 | LUT| Input Size| Bits| Total Bits|
    +--------------------------------------+----+-----------+-----+-----------+
    |ap_done_int                           |   9|          2|    1|          2|
    |ap_enable_reg_pp0_iter12              |   9|          2|    1|          2|
    |ap_sig_allocacmp_c_load               |   9|          2|    8|         16|
    |ap_sig_allocacmp_indvar_flatten_load  |   9|          2|   14|         28|
    |c_fu_134                              |   9|          2|    8|         16|
    |indvar_flatten_fu_142                 |   9|          2|   14|         28|
    |mem1_blk_n_R                          |   9|          2|    1|          2|
    |r_fu_138                              |   9|          2|    7|         14|
    +--------------------------------------+----+-----------+-----+-----------+
    |Total                                 |  72|         16|   54|        108|
    +--------------------------------------+----+-----------+-----+-----------+

    * Register: 
    +-----------------------------------+----+----+-----+-----------+
    |                Name               | FF | LUT| Bits| Const Bits|
    +-----------------------------------+----+----+-----+-----------+
    |add_ln27_1_reg_574                 |  10|   0|   10|          0|
    |ap_CS_fsm                          |   1|   0|    1|          0|
    |ap_done_reg                        |   1|   0|    1|          0|
    |ap_enable_reg_pp0_iter1            |   1|   0|    1|          0|
    |ap_enable_reg_pp0_iter10           |   1|   0|    1|          0|
    |ap_enable_reg_pp0_iter11           |   1|   0|    1|          0|
    |ap_enable_reg_pp0_iter12           |   1|   0|    1|          0|
    |ap_enable_reg_pp0_iter2            |   1|   0|    1|          0|
    |ap_enable_reg_pp0_iter3            |   1|   0|    1|          0|
    |ap_enable_reg_pp0_iter4            |   1|   0|    1|          0|
    |ap_enable_reg_pp0_iter5            |   1|   0|    1|          0|
    |ap_enable_reg_pp0_iter6            |   1|   0|    1|          0|
    |ap_enable_reg_pp0_iter7            |   1|   0|    1|          0|
    |ap_enable_reg_pp0_iter8            |   1|   0|    1|          0|
    |ap_enable_reg_pp0_iter9            |   1|   0|    1|          0|
    |ap_loop_exit_ready_pp0_iter10_reg  |   1|   0|    1|          0|
    |ap_loop_exit_ready_pp0_iter11_reg  |   1|   0|    1|          0|
    |ap_loop_exit_ready_pp0_iter1_reg   |   1|   0|    1|          0|
    |ap_loop_exit_ready_pp0_iter2_reg   |   1|   0|    1|          0|
    |ap_loop_exit_ready_pp0_iter3_reg   |   1|   0|    1|          0|
    |ap_loop_exit_ready_pp0_iter4_reg   |   1|   0|    1|          0|
    |ap_loop_exit_ready_pp0_iter5_reg   |   1|   0|    1|          0|
    |ap_loop_exit_ready_pp0_iter6_reg   |   1|   0|    1|          0|
    |ap_loop_exit_ready_pp0_iter7_reg   |   1|   0|    1|          0|
    |ap_loop_exit_ready_pp0_iter8_reg   |   1|   0|    1|          0|
    |ap_loop_exit_ready_pp0_iter9_reg   |   1|   0|    1|          0|
    |c_fu_134                           |   8|   0|    8|          0|
    |icmp_ln21_reg_554                  |   1|   0|    1|          0|
    |icmp_ln23_reg_558                  |   1|   0|    1|          0|
    |indvar_flatten_fu_142              |  14|   0|   14|          0|
    |mem1_addr_read_reg_579             |  16|   0|   16|          0|
    |r_fu_138                           |   7|   0|    7|          0|
    |select_ln21_reg_563                |   8|   0|    8|          0|
    |tmp_1_reg_569                      |   5|   0|    5|          0|
    |trunc_ln27_reg_598                 |   4|   0|    4|          0|
    |icmp_ln21_reg_554                  |  64|  32|    1|          0|
    |icmp_ln23_reg_558                  |  64|  32|    1|          0|
    |tmp_1_reg_569                      |  64|  32|    5|          0|
    +-----------------------------------+----+----+-----+-----------+
    |Total                              | 291|  96|  106|          0|
    +-----------------------------------+----+----+-----+-----------+



================================================================
== Interface
================================================================
* Summary: 
+-----------------------------+-----+-----+------------+-------------------------------------------------+--------------+
|          RTL Ports          | Dir | Bits|  Protocol  |                  Source Object                  |    C Type    |
+-----------------------------+-----+-----+------------+-------------------------------------------------+--------------+
|ap_clk                       |   in|    1|  ap_ctrl_hs|  matmul_Pipeline_VITIS_LOOP_21_1_VITIS_LOOP_23_2|  return value|
|ap_rst                       |   in|    1|  ap_ctrl_hs|  matmul_Pipeline_VITIS_LOOP_21_1_VITIS_LOOP_23_2|  return value|
|ap_start                     |   in|    1|  ap_ctrl_hs|  matmul_Pipeline_VITIS_LOOP_21_1_VITIS_LOOP_23_2|  return value|
|ap_done                      |  out|    1|  ap_ctrl_hs|  matmul_Pipeline_VITIS_LOOP_21_1_VITIS_LOOP_23_2|  return value|
|ap_idle                      |  out|    1|  ap_ctrl_hs|  matmul_Pipeline_VITIS_LOOP_21_1_VITIS_LOOP_23_2|  return value|
|ap_ready                     |  out|    1|  ap_ctrl_hs|  matmul_Pipeline_VITIS_LOOP_21_1_VITIS_LOOP_23_2|  return value|
|m_axi_mem1_AWVALID           |  out|    1|       m_axi|                                             mem1|       pointer|
|m_axi_mem1_AWREADY           |   in|    1|       m_axi|                                             mem1|       pointer|
|m_axi_mem1_AWADDR            |  out|   64|       m_axi|                                             mem1|       pointer|
|m_axi_mem1_AWID              |  out|    1|       m_axi|                                             mem1|       pointer|
|m_axi_mem1_AWLEN             |  out|   32|       m_axi|                                             mem1|       pointer|
|m_axi_mem1_AWSIZE            |  out|    3|       m_axi|                                             mem1|       pointer|
|m_axi_mem1_AWBURST           |  out|    2|       m_axi|                                             mem1|       pointer|
|m_axi_mem1_AWLOCK            |  out|    2|       m_axi|                                             mem1|       pointer|
|m_axi_mem1_AWCACHE           |  out|    4|       m_axi|                                             mem1|       pointer|
|m_axi_mem1_AWPROT            |  out|    3|       m_axi|                                             mem1|       pointer|
|m_axi_mem1_AWQOS             |  out|    4|       m_axi|                                             mem1|       pointer|
|m_axi_mem1_AWREGION          |  out|    4|       m_axi|                                             mem1|       pointer|
|m_axi_mem1_AWUSER            |  out|    1|       m_axi|                                             mem1|       pointer|
|m_axi_mem1_WVALID            |  out|    1|       m_axi|                                             mem1|       pointer|
|m_axi_mem1_WREADY            |   in|    1|       m_axi|                                             mem1|       pointer|
|m_axi_mem1_WDATA             |  out|   16|       m_axi|                                             mem1|       pointer|
|m_axi_mem1_WSTRB             |  out|    2|       m_axi|                                             mem1|       pointer|
|m_axi_mem1_WLAST             |  out|    1|       m_axi|                                             mem1|       pointer|
|m_axi_mem1_WID               |  out|    1|       m_axi|                                             mem1|       pointer|
|m_axi_mem1_WUSER             |  out|    1|       m_axi|                                             mem1|       pointer|
|m_axi_mem1_ARVALID           |  out|    1|       m_axi|                                             mem1|       pointer|
|m_axi_mem1_ARREADY           |   in|    1|       m_axi|                                             mem1|       pointer|
|m_axi_mem1_ARADDR            |  out|   64|       m_axi|                                             mem1|       pointer|
|m_axi_mem1_ARID              |  out|    1|       m_axi|                                             mem1|       pointer|
|m_axi_mem1_ARLEN             |  out|   32|       m_axi|                                             mem1|       pointer|
|m_axi_mem1_ARSIZE            |  out|    3|       m_axi|                                             mem1|       pointer|
|m_axi_mem1_ARBURST           |  out|    2|       m_axi|                                             mem1|       pointer|
|m_axi_mem1_ARLOCK            |  out|    2|       m_axi|                                             mem1|       pointer|
|m_axi_mem1_ARCACHE           |  out|    4|       m_axi|                                             mem1|       pointer|
|m_axi_mem1_ARPROT            |  out|    3|       m_axi|                                             mem1|       pointer|
|m_axi_mem1_ARQOS             |  out|    4|       m_axi|                                             mem1|       pointer|
|m_axi_mem1_ARREGION          |  out|    4|       m_axi|                                             mem1|       pointer|
|m_axi_mem1_ARUSER            |  out|    1|       m_axi|                                             mem1|       pointer|
|m_axi_mem1_RVALID            |   in|    1|       m_axi|                                             mem1|       pointer|
|m_axi_mem1_RREADY            |  out|    1|       m_axi|                                             mem1|       pointer|
|m_axi_mem1_RDATA             |   in|   16|       m_axi|                                             mem1|       pointer|
|m_axi_mem1_RLAST             |   in|    1|       m_axi|                                             mem1|       pointer|
|m_axi_mem1_RID               |   in|    1|       m_axi|                                             mem1|       pointer|
|m_axi_mem1_RFIFONUM          |   in|   10|       m_axi|                                             mem1|       pointer|
|m_axi_mem1_RUSER             |   in|    1|       m_axi|                                             mem1|       pointer|
|m_axi_mem1_RRESP             |   in|    2|       m_axi|                                             mem1|       pointer|
|m_axi_mem1_BVALID            |   in|    1|       m_axi|                                             mem1|       pointer|
|m_axi_mem1_BREADY            |  out|    1|       m_axi|                                             mem1|       pointer|
|m_axi_mem1_BRESP             |   in|    2|       m_axi|                                             mem1|       pointer|
|m_axi_mem1_BID               |   in|    1|       m_axi|                                             mem1|       pointer|
|m_axi_mem1_BUSER             |   in|    1|       m_axi|                                             mem1|       pointer|
|sext_ln21                    |   in|   63|     ap_none|                                        sext_ln21|        scalar|
|Matrix_A_BRAM_V_14_address0  |  out|   10|   ap_memory|                               Matrix_A_BRAM_V_14|         array|
|Matrix_A_BRAM_V_14_ce0       |  out|    1|   ap_memory|                               Matrix_A_BRAM_V_14|         array|
|Matrix_A_BRAM_V_14_we0       |  out|    1|   ap_memory|                               Matrix_A_BRAM_V_14|         array|
|Matrix_A_BRAM_V_14_d0        |  out|   16|   ap_memory|                               Matrix_A_BRAM_V_14|         array|
|Matrix_A_BRAM_V_13_address0  |  out|   10|   ap_memory|                               Matrix_A_BRAM_V_13|         array|
|Matrix_A_BRAM_V_13_ce0       |  out|    1|   ap_memory|                               Matrix_A_BRAM_V_13|         array|
|Matrix_A_BRAM_V_13_we0       |  out|    1|   ap_memory|                               Matrix_A_BRAM_V_13|         array|
|Matrix_A_BRAM_V_13_d0        |  out|   16|   ap_memory|                               Matrix_A_BRAM_V_13|         array|
|Matrix_A_BRAM_V_12_address0  |  out|   10|   ap_memory|                               Matrix_A_BRAM_V_12|         array|
|Matrix_A_BRAM_V_12_ce0       |  out|    1|   ap_memory|                               Matrix_A_BRAM_V_12|         array|
|Matrix_A_BRAM_V_12_we0       |  out|    1|   ap_memory|                               Matrix_A_BRAM_V_12|         array|
|Matrix_A_BRAM_V_12_d0        |  out|   16|   ap_memory|                               Matrix_A_BRAM_V_12|         array|
|Matrix_A_BRAM_V_11_address0  |  out|   10|   ap_memory|                               Matrix_A_BRAM_V_11|         array|
|Matrix_A_BRAM_V_11_ce0       |  out|    1|   ap_memory|                               Matrix_A_BRAM_V_11|         array|
|Matrix_A_BRAM_V_11_we0       |  out|    1|   ap_memory|                               Matrix_A_BRAM_V_11|         array|
|Matrix_A_BRAM_V_11_d0        |  out|   16|   ap_memory|                               Matrix_A_BRAM_V_11|         array|
|Matrix_A_BRAM_V_10_address0  |  out|   10|   ap_memory|                               Matrix_A_BRAM_V_10|         array|
|Matrix_A_BRAM_V_10_ce0       |  out|    1|   ap_memory|                               Matrix_A_BRAM_V_10|         array|
|Matrix_A_BRAM_V_10_we0       |  out|    1|   ap_memory|                               Matrix_A_BRAM_V_10|         array|
|Matrix_A_BRAM_V_10_d0        |  out|   16|   ap_memory|                               Matrix_A_BRAM_V_10|         array|
|Matrix_A_BRAM_V_9_address0   |  out|   10|   ap_memory|                                Matrix_A_BRAM_V_9|         array|
|Matrix_A_BRAM_V_9_ce0        |  out|    1|   ap_memory|                                Matrix_A_BRAM_V_9|         array|
|Matrix_A_BRAM_V_9_we0        |  out|    1|   ap_memory|                                Matrix_A_BRAM_V_9|         array|
|Matrix_A_BRAM_V_9_d0         |  out|   16|   ap_memory|                                Matrix_A_BRAM_V_9|         array|
|Matrix_A_BRAM_V_8_address0   |  out|   10|   ap_memory|                                Matrix_A_BRAM_V_8|         array|
|Matrix_A_BRAM_V_8_ce0        |  out|    1|   ap_memory|                                Matrix_A_BRAM_V_8|         array|
|Matrix_A_BRAM_V_8_we0        |  out|    1|   ap_memory|                                Matrix_A_BRAM_V_8|         array|
|Matrix_A_BRAM_V_8_d0         |  out|   16|   ap_memory|                                Matrix_A_BRAM_V_8|         array|
|Matrix_A_BRAM_V_7_address0   |  out|   10|   ap_memory|                                Matrix_A_BRAM_V_7|         array|
|Matrix_A_BRAM_V_7_ce0        |  out|    1|   ap_memory|                                Matrix_A_BRAM_V_7|         array|
|Matrix_A_BRAM_V_7_we0        |  out|    1|   ap_memory|                                Matrix_A_BRAM_V_7|         array|
|Matrix_A_BRAM_V_7_d0         |  out|   16|   ap_memory|                                Matrix_A_BRAM_V_7|         array|
|Matrix_A_BRAM_V_6_address0   |  out|   10|   ap_memory|                                Matrix_A_BRAM_V_6|         array|
|Matrix_A_BRAM_V_6_ce0        |  out|    1|   ap_memory|                                Matrix_A_BRAM_V_6|         array|
|Matrix_A_BRAM_V_6_we0        |  out|    1|   ap_memory|                                Matrix_A_BRAM_V_6|         array|
|Matrix_A_BRAM_V_6_d0         |  out|   16|   ap_memory|                                Matrix_A_BRAM_V_6|         array|
|Matrix_A_BRAM_V_5_address0   |  out|   10|   ap_memory|                                Matrix_A_BRAM_V_5|         array|
|Matrix_A_BRAM_V_5_ce0        |  out|    1|   ap_memory|                                Matrix_A_BRAM_V_5|         array|
|Matrix_A_BRAM_V_5_we0        |  out|    1|   ap_memory|                                Matrix_A_BRAM_V_5|         array|
|Matrix_A_BRAM_V_5_d0         |  out|   16|   ap_memory|                                Matrix_A_BRAM_V_5|         array|
|Matrix_A_BRAM_V_4_address0   |  out|   10|   ap_memory|                                Matrix_A_BRAM_V_4|         array|
|Matrix_A_BRAM_V_4_ce0        |  out|    1|   ap_memory|                                Matrix_A_BRAM_V_4|         array|
|Matrix_A_BRAM_V_4_we0        |  out|    1|   ap_memory|                                Matrix_A_BRAM_V_4|         array|
|Matrix_A_BRAM_V_4_d0         |  out|   16|   ap_memory|                                Matrix_A_BRAM_V_4|         array|
|Matrix_A_BRAM_V_3_address0   |  out|   10|   ap_memory|                                Matrix_A_BRAM_V_3|         array|
|Matrix_A_BRAM_V_3_ce0        |  out|    1|   ap_memory|                                Matrix_A_BRAM_V_3|         array|
|Matrix_A_BRAM_V_3_we0        |  out|    1|   ap_memory|                                Matrix_A_BRAM_V_3|         array|
|Matrix_A_BRAM_V_3_d0         |  out|   16|   ap_memory|                                Matrix_A_BRAM_V_3|         array|
|Matrix_A_BRAM_V_2_address0   |  out|   10|   ap_memory|                                Matrix_A_BRAM_V_2|         array|
|Matrix_A_BRAM_V_2_ce0        |  out|    1|   ap_memory|                                Matrix_A_BRAM_V_2|         array|
|Matrix_A_BRAM_V_2_we0        |  out|    1|   ap_memory|                                Matrix_A_BRAM_V_2|         array|
|Matrix_A_BRAM_V_2_d0         |  out|   16|   ap_memory|                                Matrix_A_BRAM_V_2|         array|
|Matrix_A_BRAM_V_1_address0   |  out|   10|   ap_memory|                                Matrix_A_BRAM_V_1|         array|
|Matrix_A_BRAM_V_1_ce0        |  out|    1|   ap_memory|                                Matrix_A_BRAM_V_1|         array|
|Matrix_A_BRAM_V_1_we0        |  out|    1|   ap_memory|                                Matrix_A_BRAM_V_1|         array|
|Matrix_A_BRAM_V_1_d0         |  out|   16|   ap_memory|                                Matrix_A_BRAM_V_1|         array|
|Matrix_A_BRAM_V_address0     |  out|   10|   ap_memory|                                  Matrix_A_BRAM_V|         array|
|Matrix_A_BRAM_V_ce0          |  out|    1|   ap_memory|                                  Matrix_A_BRAM_V|         array|
|Matrix_A_BRAM_V_we0          |  out|    1|   ap_memory|                                  Matrix_A_BRAM_V|         array|
|Matrix_A_BRAM_V_d0           |  out|   16|   ap_memory|                                  Matrix_A_BRAM_V|         array|
+-----------------------------+-----+-----+------------+-------------------------------------------------+--------------+

