

================================================================
== Vitis HLS Report for 'matmul_Pipeline_VITIS_LOOP_59_9'
================================================================
* Date:           Fri Oct  2 16:46:22 2026

* Version:        2022.2 (Build 3670227 on Oct 13 2022)
* Project:        vitis.prj
* Solution:       solution1 (Vivado IP Flow Target)
* Product family: zynq
* Target device:  xc7z020-clg400-1


================================================================
== Performance Estimates
================================================================
+ Timing: 
    * Summary: 
    +--------+----------+----------+------------+
    |  Clock |  Target  | Estimated| Uncertainty|
    +--------+----------+----------+------------+
    |ap_clk  |  10.00 ns|  5.765 ns|     2.70 ns|
    +--------+----------+----------+------------+

+ Latency: 
    * Summary: 
    +---------+---------+----------+----------+-----+-----+---------+
    |  Latency (cycles) |  Latency (absolute) |  Interval | Pipeline|
    |   min   |   max   |    min   |    max   | min | max |   Type  |
    +---------+---------+----------+----------+-----+-----+---------+
    |       84|       84|  0.840 us|  0.840 us|   84|   84|       no|
    +---------+---------+----------+----------+-----+-----+---------+

    + Detail: 
        * Instance: 
        N/A

        * Loop: 
        +-------------------+---------+---------+----------+-----------+-----------+------+----------+
        |                   |  Latency (cycles) | Iteration|  Initiation Interval  | Trip |          |
        |     Loop Name     |   min   |   max   |  Latency |  achieved |   target  | Count| Pipelined|
        +-------------------+---------+---------+----------+-----------+-----------+------+----------+
        |- VITIS_LOOP_59_9  |       82|       82|         9|          1|          1|    75|       yes|
        +-------------------+---------+---------+----------+-----------+-----------+------+----------+



================================================================
== Utilization Estimates
================================================================
* Summary: 
+-----------------+---------+-----+--------+-------+-----+
|       Name      | BRAM_18K| DSP |   FF   |  LUT  | URAM|
+-----------------+---------+-----+--------+-------+-----+
|DSP              |        -|    4|       -|      -|    -|
|Expression       |        -|    -|       0|     93|    -|
|FIFO             |        -|    -|       -|      -|    -|
|Instance         |        -|    -|       -|      -|    -|
|Memory           |        -|    -|       -|      -|    -|
|Multiplexer      |        -|    -|       -|     45|    -|
|Register         |        -|    -|     257|     96|    -|
+-----------------+---------+-----+--------+-------+-----+
|Total            |        0|    4|     257|    234|    0|
+-----------------+---------+-----+--------+-------+-----+
|Available        |      280|  220|  106400|  53200|    0|
+-----------------+---------+-----+--------+-------+-----+
|Utilization (%)  |        0|    1|      ~0|     ~0|    0|
+-----------------+---------+-----+--------+-------+-----+

+ Detail: 
    * Instance: 
    N/A

    * DSP: 
    +------------------------------------+--------------------------------+--------------+
    |              Instance              |             Module             |  Expression  |
    +------------------------------------+--------------------------------+--------------+
    |mac_muladd_16s_16s_16ns_16_4_1_U17  |mac_muladd_16s_16s_16ns_16_4_1  |  i0 + i1 * i2|
    |mac_muladd_8ns_8ns_8ns_15_4_1_U14   |mac_muladd_8ns_8ns_8ns_15_4_1   |  i0 * i1 + i2|
    |mac_muladd_8ns_8ns_8ns_15_4_1_U15   |mac_muladd_8ns_8ns_8ns_15_4_1   |  i0 * i1 + i2|
    |mul_mul_16s_16s_16_4_1_U16          |mul_mul_16s_16s_16_4_1          |       i0 * i1|
    +------------------------------------+--------------------------------+--------------+

    * Memory: 
    N/A

    * FIFO: 
    N/A

    * Expression: 
    +-----------------------+----------+----+---+----+------------+------------+
    |     Variable Name     | Operation| DSP| FF| LUT| Bitwidth P0| Bitwidth P1|
    +-----------------------+----------+----+---+----+------------+------------+
    |add_ln186_2_fu_181_p2  |         +|   0|  0|  17|          14|          14|
    |add_ln186_fu_198_p2    |         +|   0|  0|  17|          14|          14|
    |add_ln59_fu_164_p2     |         +|   0|  0|  15|           8|           2|
    |add_ln840_1_fu_215_p2  |         +|   0|  0|  23|          16|          16|
    |icmp_ln59_fu_148_p2    |      icmp|   0|  0|  11|           8|           8|
    |or_ln59_fu_154_p2      |        or|   0|  0|   8|           8|           1|
    |ap_enable_pp0          |       xor|   0|  0|   2|           1|           2|
    +-----------------------+----------+----+---+----+------------+------------+
    |Total                  |          |   0|  0|  93|          69|          57|
    +-----------------------+----------+----+---+----+------------+------------+

    * Multiplexer: 
    +-------------------------+----+-----------+-----+-----------+
    |           Name          | LUT| Input Size| Bits| Total Bits|
    +-------------------------+----+-----------+-----+-----------+
    |ap_done_int              |   9|          2|    1|          2|
    |ap_enable_reg_pp0_iter1  |   9|          2|    1|          2|
    |ap_sig_allocacmp_dot_1   |   9|          2|    8|         16|
    |conv3_i_188_fu_48        |   9|          2|   16|         32|
    |dot_fu_52                |   9|          2|    8|         16|
    +-------------------------+----+-----------+-----+-----------+
    |Total                    |  45|         10|   34|         68|
    +-------------------------+----+-----------+-----+-----------+

    * Register: 
    +----------------------------------+----+----+-----+-----------+
    |               Name               | FF | LUT| Bits| Const Bits|
    +----------------------------------+----+----+-----+-----------+
    |ap_CS_fsm                         |   1|   0|    1|          0|
    |ap_done_reg                       |   1|   0|    1|          0|
    |ap_enable_reg_pp0_iter1           |   1|   0|    1|          0|
    |ap_enable_reg_pp0_iter2           |   1|   0|    1|          0|
    |ap_enable_reg_pp0_iter3           |   1|   0|    1|          0|
    |ap_enable_reg_pp0_iter4           |   1|   0|    1|          0|
    |ap_enable_reg_pp0_iter5           |   1|   0|    1|          0|
    |ap_enable_reg_pp0_iter6           |   1|   0|    1|          0|
    |ap_enable_reg_pp0_iter7           |   1|   0|    1|          0|
    |ap_enable_reg_pp0_iter8           |   1|   0|    1|          0|
    |ap_loop_exit_ready_pp0_iter1_reg  |   1|   0|    1|          0|
    |ap_loop_exit_ready_pp0_iter2_reg  |   1|   0|    1|          0|
    |ap_loop_exit_ready_pp0_iter3_reg  |   1|   0|    1|          0|
    |ap_loop_exit_ready_pp0_iter4_reg  |   1|   0|    1|          0|
    |ap_loop_exit_ready_pp0_iter5_reg  |   1|   0|    1|          0|
    |ap_loop_exit_ready_pp0_iter6_reg  |   1|   0|    1|          0|
    |ap_loop_exit_ready_pp0_iter7_reg  |   1|   0|    1|          0|
    |conv3_i_188_fu_48                 |  16|   0|   16|          0|
    |dot_1_reg_287                     |   8|   0|    8|          0|
    |dot_fu_52                         |   8|   0|    8|          0|
    |icmp_ln59_reg_293                 |   1|   0|    1|          0|
    |or_ln59_reg_297                   |   7|   0|    8|          1|
    |zext_ln57_cast_reg_281            |   8|   0|   15|          7|
    |dot_1_reg_287                     |  64|  32|    8|          0|
    |icmp_ln59_reg_293                 |  64|  32|    1|          0|
    |or_ln59_reg_297                   |  64|  32|    8|          1|
    +----------------------------------+----+----+-----+-----------+
    |Total                             | 257|  96|   90|          9|
    +----------------------------------+----+----+-----+-----------+



================================================================
== Interface
================================================================
* Summary: 
+--------------------------+-----+-----+------------+---------------------------------+--------------+
|         RTL Ports        | Dir | Bits|  Protocol  |          Source Object          |    C Type    |
+--------------------------+-----+-----+------------+---------------------------------+--------------+
|ap_clk                    |   in|    1|  ap_ctrl_hs|  matmul_Pipeline_VITIS_LOOP_59_9|  return value|
|ap_rst                    |   in|    1|  ap_ctrl_hs|  matmul_Pipeline_VITIS_LOOP_59_9|  return value|
|ap_start                  |   in|    1|  ap_ctrl_hs|  matmul_Pipeline_VITIS_LOOP_59_9|  return value|
|ap_done                   |  out|    1|  ap_ctrl_hs|  matmul_Pipeline_VITIS_LOOP_59_9|  return value|
|ap_idle                   |  out|    1|  ap_ctrl_hs|  matmul_Pipeline_VITIS_LOOP_59_9|  return value|
|ap_ready                  |  out|    1|  ap_ctrl_hs|  matmul_Pipeline_VITIS_LOOP_59_9|  return value|
|Matrix_C_BRAM_V_load      |   in|   16|     ap_none|             Matrix_C_BRAM_V_load|        scalar|
|mul_ln186                 |   in|   14|     ap_none|                        mul_ln186|        scalar|
|Matrix_A_BRAM_V_address0  |  out|   14|   ap_memory|                  Matrix_A_BRAM_V|         array|
|Matrix_A_BRAM_V_ce0       |  out|    1|   ap_memory|                  Matrix_A_BRAM_V|         array|
|Matrix_A_BRAM_V_q0        |   in|   16|   ap_memory|                  Matrix_A_BRAM_V|         array|
|Matrix_A_BRAM_V_address1  |  out|   14|   ap_memory|                  Matrix_A_BRAM_V|         array|
|Matrix_A_BRAM_V_ce1       |  out|    1|   ap_memory|                  Matrix_A_BRAM_V|         array|
|Matrix_A_BRAM_V_q1        |   in|   16|   ap_memory|                  Matrix_A_BRAM_V|         array|
|zext_ln57                 |   in|    8|     ap_none|                        zext_ln57|        scalar|
|Matrix_B_BRAM_V_address0  |  out|   15|   ap_memory|                  Matrix_B_BRAM_V|         array|
|Matrix_B_BRAM_V_ce0       |  out|    1|   ap_memory|                  Matrix_B_BRAM_V|         array|
|Matrix_B_BRAM_V_q0        |   in|   16|   ap_memory|                  Matrix_B_BRAM_V|         array|
|Matrix_B_BRAM_V_address1  |  out|   15|   ap_memory|                  Matrix_B_BRAM_V|         array|
|Matrix_B_BRAM_V_ce1       |  out|    1|   ap_memory|                  Matrix_B_BRAM_V|         array|
|Matrix_B_BRAM_V_q1        |   in|   16|   ap_memory|                  Matrix_B_BRAM_V|         array|
|conv3_i_188_out           |  out|   16|      ap_vld|                  conv3_i_188_out|       pointer|
|conv3_i_188_out_ap_vld    |  out|    1|      ap_vld|                  conv3_i_188_out|       pointer|
+--------------------------+-----+-----+------------+---------------------------------+--------------+

