

================================================================
== Vitis HLS Report for 'matmul_Pipeline_VITIS_LOOP_41_5_VITIS_LOOP_43_6'
================================================================
* Date:           Fri Oct  2 16:46:22 2026

* Version:        2022.2 (Build 3670227 on Oct 13 2022)
* Project:        vitis.prj
* Solution:       solution1 (Vivado IP Flow Target)
* Product family: zynq
* Target device:  xc7z020-clg400-1


================================================================
== Performance Estimates
================================================================
+ Timing: 
    * Summary: 
    +--------+----------+----------+------------+
    |  Clock |  Target  | Estimated| Uncertainty|
    +--------+----------+----------+------------+
    |ap_clk  |  10.00 ns|  7.213 ns|     2.70 ns|
    +--------+----------+----------+------------+

+ Latency: 
    * Summary: 
    +---------+---------+----------+----------+-------+-------+---------+
    |  Latency (cycles) |  Latency (absolute) |    Interval   | Pipeline|
    |   min   |   max   |    min   |    max   |  min  |  max  |   Type  |
    +---------+---------+----------+----------+-------+-------+---------+
    |    10002|    10002|  0.100 ms|  0.100 ms|  10002|  10002|       no|
    +---------+---------+----------+----------+-------+-------+---------+

    + Detail: 
        * Instance: 
        N/A

        * Loop: 
        +-----------------------------------+---------+---------+----------+-----------+-----------+-------+----------+
        |                                   |  Latency (cycles) | Iteration|  Initiation Interval  |  Trip |          |
        |             Loop Name             |   min   |   max   |  Latency |  achieved |   target  | Count | Pipelined|
        +-----------------------------------+---------+---------+----------+-----------+-----------+-------+----------+
        |- VITIS_LOOP_41_5_VITIS_LOOP_43_6  |    10000|    10000|         2|          1|          1|  10000|       yes|
        +-----------------------------------+---------+---------+----------+-----------+-----------+-------+----------+



================================================================
== Utilization Estimates
================================================================
* Summary: 
+-----------------+---------+-----+--------+-------+-----+
|       Name      | BRAM_18K| DSP |   FF   |  LUT  | URAM|
+-----------------+---------+-----+--------+-------+-----+
|DSP              |        -|    -|       -|      -|    -|
|Expression       |        -|    -|       0|    134|    -|
|FIFO             |        -|    -|       -|      -|    -|
|Instance         |        -|    0|       0|     51|    -|
|Memory           |        -|    -|       -|      -|    -|
|Multiplexer      |        -|    -|       -|     72|    -|
|Register         |        -|    -|      55|      -|    -|
+-----------------+---------+-----+--------+-------+-----+
|Total            |        0|    0|      55|    257|    0|
+-----------------+---------+-----+--------+-------+-----+
|Available        |      280|  220|  106400|  53200|    0|
+-----------------+---------+-----+--------+-------+-----+
|Utilization (%)  |        0|    0|      ~0|     ~0|    0|
+-----------------+---------+-----+--------+-------+-----+

+ Detail: 
    * Instance: 
    +------------------------+--------------------+---------+----+---+----+-----+
    |        Instance        |       Module       | BRAM_18K| DSP| FF| LUT| URAM|
    +------------------------+--------------------+---------+----+---+----+-----+
    |mul_7ns_9ns_15_1_1_U11  |mul_7ns_9ns_15_1_1  |        0|   0|  0|  51|    0|
    +------------------------+--------------------+---------+----+---+----+-----+
    |Total                   |                    |        0|   0|  0|  51|    0|
    +------------------------+--------------------+---------+----+---+----+-----+

    * DSP: 
    N/A

    * Memory: 
    N/A

    * FIFO: 
    N/A

    * Expression: 
    +-------------------------+----------+----+---+----+------------+------------+
    |      Variable Name      | Operation| DSP| FF| LUT| Bitwidth P0| Bitwidth P1|
    +-------------------------+----------+----+---+----+------------+------------+
    |add_ln41_1_fu_107_p2     |         +|   0|  0|  17|          14|           1|
    |add_ln41_fu_119_p2       |         +|   0|  0|  14|           7|           1|
    |add_ln43_fu_157_p2       |         +|   0|  0|  15|           8|           2|
    |add_ln47_1_fu_200_p2     |         +|   0|  0|  20|          15|          15|
    |add_ln47_fu_181_p2       |         +|   0|  0|  20|          15|          15|
    |icmp_ln41_fu_101_p2      |      icmp|   0|  0|  12|          14|          14|
    |icmp_ln43_fu_125_p2      |      icmp|   0|  0|  11|           8|           7|
    |or_ln43_fu_191_p2        |        or|   0|  0|   8|           8|           1|
    |select_ln41_1_fu_139_p3  |    select|   0|  0|   7|           1|           7|
    |select_ln41_fu_131_p3    |    select|   0|  0|   8|           1|           8|
    |ap_enable_pp0            |       xor|   0|  0|   2|           1|           2|
    +-------------------------+----------+----+---+----+------------+------------+
    |Total                    |          |   0|  0| 134|          92|          73|
    +-------------------------+----------+----+---+----+------------+------------+

    * Multiplexer: 
    +----------------------------------------+----+-----------+-----+-----------+
    |                  Name                  | LUT| Input Size| Bits| Total Bits|
    +----------------------------------------+----+-----------+-----+-----------+
    |ap_done_int                             |   9|          2|    1|          2|
    |ap_enable_reg_pp0_iter1                 |   9|          2|    1|          2|
    |ap_sig_allocacmp_c_load                 |   9|          2|    8|         16|
    |ap_sig_allocacmp_indvar_flatten13_load  |   9|          2|   14|         28|
    |ap_sig_allocacmp_r_load                 |   9|          2|    7|         14|
    |c_fu_44                                 |   9|          2|    8|         16|
    |indvar_flatten13_fu_52                  |   9|          2|   14|         28|
    |r_fu_48                                 |   9|          2|    7|         14|
    +----------------------------------------+----+-----------+-----+-----------+
    |Total                                   |  72|         16|   60|        120|
    +----------------------------------------+----+-----------+-----+-----------+

    * Register: 
    +-------------------------+----+----+-----+-----------+
    |           Name          | FF | LUT| Bits| Const Bits|
    +-------------------------+----+----+-----+-----------+
    |ap_CS_fsm                |   1|   0|    1|          0|
    |ap_done_reg              |   1|   0|    1|          0|
    |ap_enable_reg_pp0_iter1  |   1|   0|    1|          0|
    |c_fu_44                  |   8|   0|    8|          0|
    |indvar_flatten13_fu_52   |  14|   0|   14|          0|
    |mul_ln47_reg_240         |  15|   0|   15|          0|
    |r_fu_48                  |   7|   0|    7|          0|
    |select_ln41_reg_234      |   8|   0|    8|          0|
    +-------------------------+----+----+-----+-----------+
    |Total                    |  55|   0|   55|          0|
    +-------------------------+----+----+-----+-----------+



================================================================
== Interface
================================================================
* Summary: 
+--------------------------+-----+-----+------------+-------------------------------------------------+--------------+
|         RTL Ports        | Dir | Bits|  Protocol  |                  Source Object                  |    C Type    |
+--------------------------+-----+-----+------------+-------------------------------------------------+--------------+
|ap_clk                    |   in|    1|  ap_ctrl_hs|  matmul_Pipeline_VITIS_LOOP_41_5_VITIS_LOOP_43_6|  return value|
|ap_rst                    |   in|    1|  ap_ctrl_hs|  matmul_Pipeline_VITIS_LOOP_41_5_VITIS_LOOP_43_6|  return value|
|ap_start                  |   in|    1|  ap_ctrl_hs|  matmul_Pipeline_VITIS_LOOP_41_5_VITIS_LOOP_43_6|  return value|
|ap_done                   |  out|    1|  ap_ctrl_hs|  matmul_Pipeline_VITIS_LOOP_41_5_VITIS_LOOP_43_6|  return value|
|ap_idle                   |  out|    1|  ap_ctrl_hs|  matmul_Pipeline_VITIS_LOOP_41_5_VITIS_LOOP_43_6|  return value|
|ap_ready                  |  out|    1|  ap_ctrl_hs|  matmul_Pipeline_VITIS_LOOP_41_5_VITIS_LOOP_43_6|  return value|
|Matrix_C_BRAM_V_address0  |  out|   15|   ap_memory|                                  Matrix_C_BRAM_V|         array|
|Matrix_C_BRAM_V_ce0       |  out|    1|   ap_memory|                                  Matrix_C_BRAM_V|         array|
|Matrix_C_BRAM_V_we0       |  out|    1|   ap_memory|                                  Matrix_C_BRAM_V|         array|
|Matrix_C_BRAM_V_d0        |  out|   16|   ap_memory|                                  Matrix_C_BRAM_V|         array|
|Matrix_C_BRAM_V_address1  |  out|   15|   ap_memory|                                  Matrix_C_BRAM_V|         array|
|Matrix_C_BRAM_V_ce1       |  out|    1|   ap_memory|                                  Matrix_C_BRAM_V|         array|
|Matrix_C_BRAM_V_we1       |  out|    1|   ap_memory|                                  Matrix_C_BRAM_V|         array|
|Matrix_C_BRAM_V_d1        |  out|   16|   ap_memory|                                  Matrix_C_BRAM_V|         array|
+--------------------------+-----+-----+------------+-------------------------------------------------+--------------+

