

================================================================
== Vitis HLS Report for 'matmul_Pipeline_VITIS_LOOP_30_3_VITIS_LOOP_32_4'
================================================================
* Date:           Fri Oct  2 16:46:21 2026

* Version:        2022.2 (Build 3670227 on Oct 13 2022)
* Project:        vitis.prj
* Solution:       solution1 (Vivado IP Flow Target)
* Product family: zynq
* Target device:  xc7z020-clg400-1


================================================================
== Performance Estimates
================================================================
+ Timing: 
    * Summary: 
    +--------+----------+----------+------------+
    |  Clock |  Target  | Estimated| Uncertainty|
    +--------+----------+----------+------------+
    |ap_clk  |  10.00 ns|  7.300 ns|     2.70 ns|
    +--------+----------+----------+------------+

+ Latency: 
    * Summary: 
    +---------+---------+----------+----------+-------+-------+---------+
    |  Latency (cycles) |  Latency (absolute) |    Interval   | Pipeline|
    |   min   |   max   |    min   |    max   |  min  |  max  |   Type  |
    +---------+---------+----------+----------+-------+-------+---------+
    |    30003|    30003|  0.300 ms|  0.300 ms|  30003|  30003|       no|
    +---------+---------+----------+----------+-------+-------+---------+

    + Detail: 
        * Instance: 
        N/A

        * Loop: 
        +-----------------------------------+---------+---------+----------+-----------+-----------+-------+----------+
        |                                   |  Latency (cycles) | Iteration|  Initiation Interval  |  Trip |          |
        |             Loop Name             |   min   |   max   |  Latency |  achieved |   target  | Count | Pipelined|
        +-----------------------------------+---------+---------+----------+-----------+-----------+-------+----------+
        |- VITIS_LOOP_30_3_VITIS_LOOP_32_4  |    30001|    30001|         4|          2|          1|  15000|       yes|
        +-----------------------------------+---------+---------+----------+-----------+-----------+-------+----------+



================================================================
== Utilization Estimates
================================================================
* Summary: 
+-----------------+---------+-----+--------+-------+-----+
|       Name      | BRAM_18K| DSP |   FF   |  LUT  | URAM|
+-----------------+---------+-----+--------+-------+-----+
|DSP              |        -|    -|       -|      -|    -|
|Expression       |        -|    -|       0|    142|    -|
|FIFO             |        -|    -|       -|      -|    -|
|Instance         |        -|    0|       0|     51|    -|
|Memory           |        -|    -|       -|      -|    -|
|Multiplexer      |        -|    -|       -|    118|    -|
|Register         |        -|    -|      98|      -|    -|
+-----------------+---------+-----+--------+-------+-----+
|Total            |        0|    0|      98|    311|    0|
+-----------------+---------+-----+--------+-------+-----+
|Available        |      280|  220|  106400|  53200|    0|
+-----------------+---------+-----+--------+-------+-----+
|Utilization (%)  |        0|    0|      ~0|     ~0|    0|
+-----------------+---------+-----+--------+-------+-----+

+ Detail: 
    * Instance: 
    +-----------------------+--------------------+---------+----+---+----+-----+
    |        Instance       |       Module       | BRAM_18K| DSP| FF| LUT| URAM|
    +-----------------------+--------------------+---------+----+---+----+-----+
    |mul_8ns_9ns_15_1_1_U6  |mul_8ns_9ns_15_1_1  |        0|   0|  0|  51|    0|
    +-----------------------+--------------------+---------+----+---+----+-----+
    |Total                  |                    |        0|   0|  0|  51|    0|
    +-----------------------+--------------------+---------+----+---+----+-----+

    * DSP: 
    N/A

    * Memory: 
    N/A

    * FIFO: 
    N/A

    * Expression: 
    +----------------------------------+----------+----+---+----+------------+------------+
    |           Variable Name          | Operation| DSP| FF| LUT| Bitwidth P0| Bitwidth P1|
    +----------------------------------+----------+----+---+----+------------+------------+
    |add_ln30_1_fu_145_p2              |         +|   0|  0|  17|          14|           1|
    |add_ln30_fu_157_p2                |         +|   0|  0|  15|           8|           1|
    |add_ln32_fu_185_p2                |         +|   0|  0|  15|           8|           2|
    |add_ln36_1_fu_237_p2              |         +|   0|  0|  20|          15|          15|
    |add_ln36_fu_218_p2                |         +|   0|  0|  20|          15|          15|
    |ap_block_pp0_stage0_11001         |       and|   0|  0|   2|           1|           1|
    |ap_block_pp0_stage1_11001         |       and|   0|  0|   2|           1|           1|
    |ap_block_state2_pp0_stage1_iter0  |       and|   0|  0|   2|           1|           1|
    |icmp_ln30_fu_139_p2               |      icmp|   0|  0|  12|          14|          12|
    |icmp_ln32_fu_163_p2               |      icmp|   0|  0|  11|           8|           7|
    |or_ln32_fu_228_p2                 |        or|   0|  0|   8|           8|           1|
    |select_ln30_1_fu_177_p3           |    select|   0|  0|   8|           1|           8|
    |select_ln30_fu_169_p3             |    select|   0|  0|   8|           1|           8|
    |ap_enable_pp0                     |       xor|   0|  0|   2|           1|           2|
    +----------------------------------+----------+----+---+----+------------+------------+
    |Total                             |          |   0|  0| 142|          96|          75|
    +----------------------------------+----------+----+---+----+------------+------------+

    * Multiplexer: 
    +---------------------------------------+----+-----------+-----+-----------+
    |                  Name                 | LUT| Input Size| Bits| Total Bits|
    +---------------------------------------+----+-----------+-----+-----------+
    |Matrix_B_BRAM_V_address0               |  14|          3|   15|         45|
    |ap_NS_fsm                              |  14|          3|    1|          3|
    |ap_done_int                            |   9|          2|    1|          2|
    |ap_enable_reg_pp0_iter0                |   9|          2|    1|          2|
    |ap_enable_reg_pp0_iter1                |   9|          2|    1|          2|
    |ap_sig_allocacmp_c_load                |   9|          2|    8|         16|
    |ap_sig_allocacmp_indvar_flatten6_load  |   9|          2|   14|         28|
    |ap_sig_allocacmp_r_load                |   9|          2|    8|         16|
    |c_fu_62                                |   9|          2|    8|         16|
    |indvar_flatten6_fu_70                  |   9|          2|   14|         28|
    |mem2_blk_n_R                           |   9|          2|    1|          2|
    |r_fu_66                                |   9|          2|    8|         16|
    +---------------------------------------+----+-----------+-----+-----------+
    |Total                                  | 118|         26|   80|        176|
    +---------------------------------------+----+-----------+-----+-----------+

    * Register: 
    +-----------------------------+----+----+-----+-----------+
    |             Name            | FF | LUT| Bits| Const Bits|
    +-----------------------------+----+----+-----+-----------+
    |add_ln36_1_reg_293           |  15|   0|   15|          0|
    |ap_CS_fsm                    |   2|   0|    2|          0|
    |ap_done_reg                  |   1|   0|    1|          0|
    |ap_enable_reg_pp0_iter0_reg  |   1|   0|    1|          0|
    |ap_enable_reg_pp0_iter1      |   1|   0|    1|          0|
    |c_fu_62                      |   8|   0|    8|          0|
    |icmp_ln30_reg_272            |   1|   0|    1|          0|
    |indvar_flatten6_fu_70        |  14|   0|   14|          0|
    |mul_ln32_reg_287             |  15|   0|   15|          0|
    |r_fu_66                      |   8|   0|    8|          0|
    |reg_106                      |  16|   0|   16|          0|
    |select_ln30_1_reg_282        |   8|   0|    8|          0|
    |select_ln30_reg_276          |   8|   0|    8|          0|
    +-----------------------------+----+----+-----+-----------+
    |Total                        |  98|   0|   98|          0|
    +-----------------------------+----+----+-----+-----------+



================================================================
== Interface
================================================================
* Summary: 
+--------------------------+-----+-----+------------+-------------------------------------------------+--------------+
|         RTL Ports        | Dir | Bits|  Protocol  |                  Source Object                  |    C Type    |
+--------------------------+-----+-----+------------+-------------------------------------------------+--------------+
|ap_clk                    |   in|    1|  ap_ctrl_hs|  matmul_Pipeline_VITIS_LOOP_30_3_VITIS_LOOP_32_4|  return value|
|ap_rst                    |   in|    1|  ap_ctrl_hs|  matmul_Pipeline_VITIS_LOOP_30_3_VITIS_LOOP_32_4|  return value|
|ap_start                  |   in|    1|  ap_ctrl_hs|  matmul_Pipeline_VITIS_LOOP_30_3_VITIS_LOOP_32_4|  return value|
|ap_done                   |  out|    1|  ap_ctrl_hs|  matmul_Pipeline_VITIS_LOOP_30_3_VITIS_LOOP_32_4|  return value|
|ap_idle                   |  out|    1|  ap_ctrl_hs|  matmul_Pipeline_VITIS_LOOP_30_3_VITIS_LOOP_32_4|  return value|
|ap_ready                  |  out|    1|  ap_ctrl_hs|  matmul_Pipeline_VITIS_LOOP_30_3_VITIS_LOOP_32_4|  return value|
|m_axi_mem2_AWVALID        |  out|    1|       m_axi|                                             mem2|       pointer|
|m_axi_mem2_AWREADY        |   in|    1|       m_axi|                                             mem2|       pointer|
|m_axi_mem2_AWADDR         |  out|   64|       m_axi|                                             mem2|       pointer|
|m_axi_mem2_AWID           |  out|    1|       m_axi|                                             mem2|       pointer|
|m_axi_mem2_AWLEN          |  out|   32|       m_axi|                                             mem2|       pointer|
|m_axi_mem2_AWSIZE         |  out|    3|       m_axi|                                             mem2|       pointer|
|m_axi_mem2_AWBURST        |  out|    2|       m_axi|                                             mem2|       pointer|
|m_axi_mem2_AWLOCK         |  out|    2|       m_axi|                                             mem2|       pointer|
|m_axi_mem2_AWCACHE        |  out|    4|       m_axi|                                             mem2|       pointer|
|m_axi_mem2_AWPROT         |  out|    3|       m_axi|                                             mem2|       pointer|
|m_axi_mem2_AWQOS          |  out|    4|       m_axi|                                             mem2|       pointer|
|m_axi_mem2_AWREGION       |  out|    4|       m_axi|                                             mem2|       pointer|
|m_axi_mem2_AWUSER         |  out|    1|       m_axi|                                             mem2|       pointer|
|m_axi_mem2_WVALID         |  out|    1|       m_axi|                                             mem2|       pointer|
|m_axi_mem2_WREADY         |   in|    1|       m_axi|                                             mem2|       pointer|
|m_axi_mem2_WDATA          |  out|   16|       m_axi|                                             mem2|       pointer|
|m_axi_mem2_WSTRB          |  out|    2|       m_axi|                                             mem2|       pointer|
|m_axi_mem2_WLAST          |  out|    1|       m_axi|                                             mem2|       pointer|
|m_axi_mem2_WID            |  out|    1|       m_axi|                                             mem2|       pointer|
|m_axi_mem2_WUSER          |  out|    1|       m_axi|                                             mem2|       pointer|
|m_axi_mem2_ARVALID        |  out|    1|       m_axi|                                             mem2|       pointer|
|m_axi_mem2_ARREADY        |   in|    1|       m_axi|                                             mem2|       pointer|
|m_axi_mem2_ARADDR         |  out|   64|       m_axi|                                             mem2|       pointer|
|m_axi_mem2_ARID           |  out|    1|       m_axi|                                             mem2|       pointer|
|m_axi_mem2_ARLEN          |  out|   32|       m_axi|                                             mem2|       pointer|
|m_axi_mem2_ARSIZE         |  out|    3|       m_axi|                                             mem2|       pointer|
|m_axi_mem2_ARBURST        |  out|    2|       m_axi|                                             mem2|       pointer|
|m_axi_mem2_ARLOCK         |  out|    2|       m_axi|                                             mem2|       pointer|
|m_axi_mem2_ARCACHE        |  out|    4|       m_axi|                                             mem2|       pointer|
|m_axi_mem2_ARPROT         |  out|    3|       m_axi|                                             mem2|       pointer|
|m_axi_mem2_ARQOS          |  out|    4|       m_axi|                                             mem2|       pointer|
|m_axi_mem2_ARREGION       |  out|    4|       m_axi|                                             mem2|       pointer|
|m_axi_mem2_ARUSER         |  out|    1|       m_axi|                                             mem2|       pointer|
|m_axi_mem2_RVALID         |   in|    1|       m_axi|                                             mem2|       pointer|
|m_axi_mem2_RREADY         |  out|    1|       m_axi|                                             mem2|       pointer|
|m_axi_mem2_RDATA          |   in|   16|       m_axi|                                             mem2|       pointer|
|m_axi_mem2_RLAST          |   in|    1|       m_axi|                                             mem2|       pointer|
|m_axi_mem2_RID            |   in|    1|       m_axi|                                             mem2|       pointer|
|m_axi_mem2_RFIFONUM       |   in|   10|       m_axi|                                             mem2|       pointer|
|m_axi_mem2_RUSER          |   in|    1|       m_axi|                                             mem2|       pointer|
|m_axi_mem2_RRESP          |   in|    2|       m_axi|                                             mem2|       pointer|
|m_axi_mem2_BVALID         |   in|    1|       m_axi|                                             mem2|       pointer|
|m_axi_mem2_BREADY         |  out|    1|       m_axi|                                             mem2|       pointer|
|m_axi_mem2_BRESP          |   in|    2|       m_axi|                                             mem2|       pointer|
|m_axi_mem2_BID            |   in|    1|       m_axi|                                             mem2|       pointer|
|m_axi_mem2_BUSER          |   in|    1|       m_axi|                                             mem2|       pointer|
|sext_ln30                 |   in|   63|     ap_none|                                        sext_ln30|        scalar|
|Matrix_B_BRAM_V_address0  |  out|   15|   ap_memory|                                  Matrix_B_BRAM_V|         array|
|Matrix_B_BRAM_V_ce0       |  out|    1|   ap_memory|                                  Matrix_B_BRAM_V|         array|
|Matrix_B_BRAM_V_we0       |  out|    1|   ap_memory|                                  Matrix_B_BRAM_V|         array|
|Matrix_B_BRAM_V_d0        |  out|   16|   ap_memory|                                  Matrix_B_BRAM_V|         array|
+--------------------------+-----+-----+------------+-------------------------------------------------+--------------+

