

================================================================
== Vitis HLS Report for 'matmul_Pipeline_VITIS_LOOP_69_10_VITIS_LOOP_71_11'
================================================================
* Date:           Fri Oct  2 16:46:22 2026

* Version:        2022.2 (Build 3670227 on Oct 13 2022)
* Project:        vitis.prj
* Solution:       solution1 (Vivado IP Flow Target)
* Product family: zynq
* Target device:  xc7z020-clg400-1


================================================================
== Performance Estimates
================================================================
+ Timing: 
    * Summary: 
    +--------+----------+----------+------------+
    |  Clock |  Target  | Estimated| Uncertainty|
    +--------+----------+----------+------------+
    |ap_clk  |  10.00 ns|  7.300 ns|     2.70 ns|
    +--------+----------+----------+------------+

+ Latency: 
    * Summary: 
    +---------+---------+----------+----------+-------+-------+---------+
    |  Latency (cycles) |  Latency (absolute) |    Interval   | Pipeline|
    |   min   |   max   |    min   |    max   |  min  |  max  |   Type  |
    +---------+---------+----------+----------+-------+-------+---------+
    |    20004|    20004|  0.200 ms|  0.200 ms|  20004|  20004|       no|
    +---------+---------+----------+----------+-------+-------+---------+

    + Detail: 
        * Instance: 
        N/A

        * Loop: 
        +-------------------------------------+---------+---------+----------+-----------+-----------+-------+----------+
        |                                     |  Latency (cycles) | Iteration|  Initiation Interval  |  Trip |          |
        |              Loop Name              |   min   |   max   |  Latency |  achieved |   target  | Count | Pipelined|
        +-------------------------------------+---------+---------+----------+-----------+-----------+-------+----------+
        |- VITIS_LOOP_69_10_VITIS_LOOP_71_11  |    20002|    20002|         5|          2|          1|  10000|       yes|
        +-------------------------------------+---------+---------+----------+-----------+-----------+-------+----------+



================================================================
== Utilization Estimates
================================================================
* Summary: 
+-----------------+---------+-----+--------+-------+-----+
|       Name      | BRAM_18K| DSP |   FF   |  LUT  | URAM|
+-----------------+---------+-----+--------+-------+-----+
|DSP              |        -|    -|       -|      -|    -|
|Expression       |        -|    -|       0|    138|    -|
|FIFO             |        -|    -|       -|      -|    -|
|Instance         |        -|    0|       0|     51|    -|
|Memory           |        -|    -|       -|      -|    -|
|Multiplexer      |        -|    -|       -|    136|    -|
|Register         |        -|    -|      92|      -|    -|
+-----------------+---------+-----+--------+-------+-----+
|Total            |        0|    0|      92|    325|    0|
+-----------------+---------+-----+--------+-------+-----+
|Available        |      280|  220|  106400|  53200|    0|
+-----------------+---------+-----+--------+-------+-----+
|Utilization (%)  |        0|    0|      ~0|     ~0|    0|
+-----------------+---------+-----+--------+-------+-----+

+ Detail: 
    * Instance: 
    +------------------------+--------------------+---------+----+---+----+-----+
    |        Instance        |       Module       | BRAM_18K| DSP| FF| LUT| URAM|
    +------------------------+--------------------+---------+----+---+----+-----+
    |mul_7ns_9ns_15_1_1_U27  |mul_7ns_9ns_15_1_1  |        0|   0|  0|  51|    0|
    +------------------------+--------------------+---------+----+---+----+-----+
    |Total                   |                    |        0|   0|  0|  51|    0|
    +------------------------+--------------------+---------+----+---+----+-----+

    * DSP: 
    N/A

    * Memory: 
    N/A

    * FIFO: 
    N/A

    * Expression: 
    +---------------------------+----------+----+---+----+------------+------------+
    |       Variable Name       | Operation| DSP| FF| LUT| Bitwidth P0| Bitwidth P1|
    +---------------------------+----------+----+---+----+------------+------------+
    |add_ln69_1_fu_161_p2       |         +|   0|  0|  17|          14|           1|
    |add_ln69_fu_173_p2         |         +|   0|  0|  14|           7|           1|
    |add_ln71_fu_211_p2         |         +|   0|  0|  15|           8|           2|
    |add_ln75_1_fu_254_p2       |         +|   0|  0|  20|          15|          15|
    |add_ln75_fu_235_p2         |         +|   0|  0|  20|          15|          15|
    |ap_block_pp0_stage0_11001  |       and|   0|  0|   2|           1|           1|
    |ap_block_pp0_stage1_11001  |       and|   0|  0|   2|           1|           1|
    |icmp_ln69_fu_155_p2        |      icmp|   0|  0|  12|          14|          14|
    |icmp_ln71_fu_179_p2        |      icmp|   0|  0|  11|           8|           7|
    |or_ln71_fu_245_p2          |        or|   0|  0|   8|           8|           1|
    |select_ln69_1_fu_193_p3    |    select|   0|  0|   7|           1|           7|
    |select_ln69_fu_185_p3      |    select|   0|  0|   8|           1|           8|
    |ap_enable_pp0              |       xor|   0|  0|   2|           1|           2|
    +---------------------------+----------+----+---+----+------------+------------+
    |Total                      |          |   0|  0| 138|          94|          75|
    +---------------------------+----------+----+---+----+------------+------------+

    * Multiplexer: 
    +----------------------------------------+----+-----------+-----+-----------+
    |                  Name                  | LUT| Input Size| Bits| Total Bits|
    +----------------------------------------+----+-----------+-----+-----------+
    |ap_NS_fsm                               |  14|          3|    1|          3|
    |ap_done_int                             |   9|          2|    1|          2|
    |ap_enable_reg_pp0_iter0                 |   9|          2|    1|          2|
    |ap_enable_reg_pp0_iter1                 |   9|          2|    1|          2|
    |ap_enable_reg_pp0_iter2                 |   9|          2|    1|          2|
    |ap_loop_exit_ready_pp0_iter1_reg        |   9|          2|    1|          2|
    |ap_sig_allocacmp_c_load                 |   9|          2|    8|         16|
    |ap_sig_allocacmp_indvar_flatten27_load  |   9|          2|   14|         28|
    |ap_sig_allocacmp_r_load                 |   9|          2|    7|         14|
    |c_fu_68                                 |   9|          2|    8|         16|
    |indvar_flatten27_fu_76                  |   9|          2|   14|         28|
    |m_axi_mem1_WDATA                        |  14|          3|   16|         48|
    |mem1_blk_n_W                            |   9|          2|    1|          2|
    |r_fu_72                                 |   9|          2|    7|         14|
    +----------------------------------------+----+-----------+-----+-----------+
    |Total                                   | 136|         30|   81|        179|
    +----------------------------------------+----+-----------+-----+-----------+

    * Register: 
    +----------------------------------+----+----+-----+-----------+
    |               Name               | FF | LUT| Bits| Const Bits|
    +----------------------------------+----+----+-----+-----------+
    |Matrix_C_BRAM_V_load_1_reg_322    |  16|   0|   16|          0|
    |Matrix_C_BRAM_V_load_reg_317      |  16|   0|   16|          0|
    |ap_CS_fsm                         |   2|   0|    2|          0|
    |ap_done_reg                       |   1|   0|    1|          0|
    |ap_enable_reg_pp0_iter0_reg       |   1|   0|    1|          0|
    |ap_enable_reg_pp0_iter1           |   1|   0|    1|          0|
    |ap_enable_reg_pp0_iter2           |   1|   0|    1|          0|
    |ap_loop_exit_ready_pp0_iter1_reg  |   1|   0|    1|          0|
    |c_fu_68                           |   8|   0|    8|          0|
    |icmp_ln69_reg_291                 |   1|   0|    1|          0|
    |indvar_flatten27_fu_76            |  14|   0|   14|          0|
    |mul_ln75_reg_301                  |  15|   0|   15|          0|
    |r_fu_72                           |   7|   0|    7|          0|
    |select_ln69_reg_295               |   8|   0|    8|          0|
    +----------------------------------+----+----+-----+-----------+
    |Total                             |  92|   0|   92|          0|
    +----------------------------------+----+----+-----+-----------+



================================================================
== Interface
================================================================
* Summary: 
+--------------------------+-----+-----+------------+---------------------------------------------------+--------------+
|         RTL Ports        | Dir | Bits|  Protocol  |                   Source Object                   |    C Type    |
+--------------------------+-----+-----+------------+---------------------------------------------------+--------------+
|ap_clk                    |   in|    1|  ap_ctrl_hs|  matmul_Pipeline_VITIS_LOOP_69_10_VITIS_LOOP_71_11|  return value|
|ap_rst                    |   in|    1|  ap_ctrl_hs|  matmul_Pipeline_VITIS_LOOP_69_10_VITIS_LOOP_71_11|  return value|
|ap_start                  |   in|    1|  ap_ctrl_hs|  matmul_Pipeline_VITIS_LOOP_69_10_VITIS_LOOP_71_11|  return value|
|ap_done                   |  out|    1|  ap_ctrl_hs|  matmul_Pipeline_VITIS_LOOP_69_10_VITIS_LOOP_71_11|  return value|
|ap_idle                   |  out|    1|  ap_ctrl_hs|  matmul_Pipeline_VITIS_LOOP_69_10_VITIS_LOOP_71_11|  return value|
|ap_ready                  |  out|    1|  ap_ctrl_hs|  matmul_Pipeline_VITIS_LOOP_69_10_VITIS_LOOP_71_11|  return value|
|m_axi_mem1_AWVALID        |  out|    1|       m_axi|                                               mem1|       pointer|
|m_axi_mem1_AWREADY        |   in|    1|       m_axi|                                               mem1|       pointer|
|m_axi_mem1_AWADDR         |  out|   64|       m_axi|                                               mem1|       pointer|
|m_axi_mem1_AWID           |  out|    1|       m_axi|                                               mem1|       pointer|
|m_axi_mem1_AWLEN          |  out|   32|       m_axi|                                               mem1|       pointer|
|m_axi_mem1_AWSIZE         |  out|    3|       m_axi|                                               mem1|       pointer|
|m_axi_mem1_AWBURST        |  out|    2|       m_axi|                                               mem1|       pointer|
|m_axi_mem1_AWLOCK         |  out|    2|       m_axi|                                               mem1|       pointer|
|m_axi_mem1_AWCACHE        |  out|    4|       m_axi|                                               mem1|       pointer|
|m_axi_mem1_AWPROT         |  out|    3|       m_axi|                                               mem1|       pointer|
|m_axi_mem1_AWQOS          |  out|    4|       m_axi|                                               mem1|       pointer|
|m_axi_mem1_AWREGION       |  out|    4|       m_axi|                                               mem1|       pointer|
|m_axi_mem1_AWUSER         |  out|    1|       m_axi|                                               mem1|       pointer|
|m_axi_mem1_WVALID         |  out|    1|       m_axi|                                               mem1|       pointer|
|m_axi_mem1_WREADY         |   in|    1|       m_axi|                                               mem1|       pointer|
|m_axi_mem1_WDATA          |  out|   16|       m_axi|                                               mem1|       pointer|
|m_axi_mem1_WSTRB          |  out|    2|       m_axi|                                               mem1|       pointer|
|m_axi_mem1_WLAST          |  out|    1|       m_axi|                                               mem1|       pointer|
|m_axi_mem1_WID            |  out|    1|       m_axi|                                               mem1|       pointer|
|m_axi_mem1_WUSER          |  out|    1|       m_axi|                                               mem1|       pointer|
|m_axi_mem1_ARVALID        |  out|    1|       m_axi|                                               mem1|       pointer|
|m_axi_mem1_ARREADY        |   in|    1|       m_axi|                                               mem1|       pointer|
|m_axi_mem1_ARADDR         |  out|   64|       m_axi|                                               mem1|       pointer|
|m_axi_mem1_ARID           |  out|    1|       m_axi|                                               mem1|       pointer|
|m_axi_mem1_ARLEN          |  out|   32|       m_axi|                                               mem1|       pointer|
|m_axi_mem1_ARSIZE         |  out|    3|       m_axi|                                               mem1|       pointer|
|m_axi_mem1_ARBURST        |  out|    2|       m_axi|                                               mem1|       pointer|
|m_axi_mem1_ARLOCK         |  out|    2|       m_axi|                                               mem1|       pointer|
|m_axi_mem1_ARCACHE        |  out|    4|       m_axi|                                               mem1|       pointer|
|m_axi_mem1_ARPROT         |  out|    3|       m_axi|                                               mem1|       pointer|
|m_axi_mem1_ARQOS          |  out|    4|       m_axi|                                               mem1|       pointer|
|m_axi_mem1_ARREGION       |  out|    4|       m_axi|                                               mem1|       pointer|
|m_axi_mem1_ARUSER         |  out|    1|       m_axi|                                               mem1|       pointer|
|m_axi_mem1_RVALID         |   in|    1|       m_axi|                                               mem1|       pointer|
|m_axi_mem1_RREADY         |  out|    1|       m_axi|                                               mem1|       pointer|
|m_axi_mem1_RDATA          |   in|   16|       m_axi|                                               mem1|       pointer|
|m_axi_mem1_RLAST          |   in|    1|       m_axi|                                               mem1|       pointer|
|m_axi_mem1_RID            |   in|    1|       m_axi|                                               mem1|       pointer|
|m_axi_mem1_RFIFONUM       |   in|   10|       m_axi|                                               mem1|       pointer|
|m_axi_mem1_RUSER          |   in|    1|       m_axi|                                               mem1|       pointer|
|m_axi_mem1_RRESP          |   in|    2|       m_axi|                                               mem1|       pointer|
|m_axi_mem1_BVALID         |   in|    1|       m_axi|                                               mem1|       pointer|
|m_axi_mem1_BREADY         |  out|    1|       m_axi|                                               mem1|       pointer|
|m_axi_mem1_BRESP          |   in|    2|       m_axi|                                               mem1|       pointer|
|m_axi_mem1_BID            |   in|    1|       m_axi|                                               mem1|       pointer|
|m_axi_mem1_BUSER          |   in|    1|       m_axi|                                               mem1|       pointer|
|sext_ln69                 |   in|   63|     ap_none|                                          sext_ln69|        scalar|
|Matrix_C_BRAM_V_address0  |  out|   15|   ap_memory|                                    Matrix_C_BRAM_V|         array|
|Matrix_C_BRAM_V_ce0       |  out|    1|   ap_memory|                                    Matrix_C_BRAM_V|         array|
|Matrix_C_BRAM_V_q0        |   in|   16|   ap_memory|                                    Matrix_C_BRAM_V|         array|
|Matrix_C_BRAM_V_address1  |  out|   15|   ap_memory|                                    Matrix_C_BRAM_V|         array|
|Matrix_C_BRAM_V_ce1       |  out|    1|   ap_memory|                                    Matrix_C_BRAM_V|         array|
|Matrix_C_BRAM_V_q1        |   in|   16|   ap_memory|                                    Matrix_C_BRAM_V|         array|
+--------------------------+-----+-----+------------+---------------------------------------------------+--------------+

