

================================================================
== Vitis HLS Report for 'matmul'
================================================================
* Date:           Fri Oct  2 16:46:22 2026

* Version:        2022.2 (Build 3670227 on Oct 13 2022)
* Project:        vitis.prj
* Solution:       solution1 (Vivado IP Flow Target)
* Product family: zynq
* Target device:  xc7z020-clg400-1


================================================================
== Performance Estimates
================================================================
+ Timing: 
    * Summary: 
    +--------+----------+----------+------------+
    |  Clock |  Target  | Estimated| Uncertainty|
    +--------+----------+----------+------------+
    |ap_clk  |  10.00 ns|  7.300 ns|     2.70 ns|
    +--------+----------+----------+------------+

+ Latency: 
    * Summary: 
    +---------+---------+-----------+-----------+---------+---------+---------+
    |  Latency (cycles) |   Latency (absolute)  |      Interval     | Pipeline|
    |   min   |   max   |    min    |    max    |   min   |   max   |   Type  |
    +---------+---------+-----------+-----------+---------+---------+---------+
    |  1870151|  1870151|  18.702 ms|  18.702 ms|  1870152|  1870152|       no|
    +---------+---------+-----------+-----------+---------+---------+---------+

    + Detail: 
        * Instance: 
        +--------------------------------------------------------------+---------------------------------------------------+---------+---------+----------+----------+-------+-------+---------+
        |                                                              |                                                   |  Latency (cycles) |  Latency (absolute) |    Interval   | Pipeline|
        |                           Instance                           |                       Module                      |   min   |   max   |    min   |    max   |  min  |  max  |   Type  |
        +--------------------------------------------------------------+---------------------------------------------------+---------+---------+----------+----------+-------+-------+---------+
        |grp_matmul_Pipeline_VITIS_LOOP_19_1_VITIS_LOOP_21_2_fu_194    |matmul_Pipeline_VITIS_LOOP_19_1_VITIS_LOOP_21_2    |    15003|    15003|  0.150 ms|  0.150 ms|  15003|  15003|       no|
        |grp_matmul_Pipeline_VITIS_LOOP_30_3_VITIS_LOOP_32_4_fu_202    |matmul_Pipeline_VITIS_LOOP_30_3_VITIS_LOOP_32_4    |    30003|    30003|  0.300 ms|  0.300 ms|  30003|  30003|       no|
        |grp_matmul_Pipeline_VITIS_LOOP_41_5_VITIS_LOOP_43_6_fu_210    |matmul_Pipeline_VITIS_LOOP_41_5_VITIS_LOOP_43_6    |    10002|    10002|  0.100 ms|  0.100 ms|  10002|  10002|       no|
        |grp_matmul_Pipeline_VITIS_LOOP_59_9_fu_215                    |matmul_Pipeline_VITIS_LOOP_59_9                    |       84|       84|  0.840 us|  0.840 us|     84|     84|       no|
        |grp_matmul_Pipeline_VITIS_LOOP_69_10_VITIS_LOOP_71_11_fu_226  |matmul_Pipeline_VITIS_LOOP_69_10_VITIS_LOOP_71_11  |    20004|    20004|  0.200 ms|  0.200 ms|  20004|  20004|       no|
        +--------------------------------------------------------------+---------------------------------------------------+---------+---------+----------+----------+-------+-------+---------+

        * Loop: 
        +-----------------------------------+---------+---------+----------+-----------+-----------+-------+----------+
        |                                   |  Latency (cycles) | Iteration|  Initiation Interval  |  Trip |          |
        |             Loop Name             |   min   |   max   |  Latency |  achieved |   target  | Count | Pipelined|
        +-----------------------------------+---------+---------+----------+-----------+-----------+-------+----------+
        |- VITIS_LOOP_55_7_VITIS_LOOP_57_8  |  1820000|  1820000|        91|          -|          -|  20000|        no|
        +-----------------------------------+---------+---------+----------+-----------+-----------+-------+----------+



================================================================
== Utilization Estimates
================================================================
* Summary: 
+-----------------+---------+-----+--------+-------+-----+
|       Name      | BRAM_18K| DSP |   FF   |  LUT  | URAM|
+-----------------+---------+-----+--------+-------+-----+
|DSP              |        -|    1|       -|      -|    -|
|Expression       |        -|    -|       0|     91|    -|
|FIFO             |        -|    -|       -|      -|    -|
|Instance         |        0|    4|    2320|   4714|    -|
|Memory           |       80|    -|       0|      0|    0|
|Multiplexer      |        -|    -|       -|   1243|    -|
|Register         |        -|    -|     499|      -|    -|
+-----------------+---------+-----+--------+-------+-----+
|Total            |       80|    5|    2819|   6048|    0|
+-----------------+---------+-----+--------+-------+-----+
|Available        |      280|  220|  106400|  53200|    0|
+-----------------+---------+-----+--------+-------+-----+
|Utilization (%)  |       28|    2|       2|     11|    0|
+-----------------+---------+-----+--------+-------+-----+

+ Detail: 
    * Instance: 
    +--------------------------------------------------------------+---------------------------------------------------+---------+----+-----+------+-----+
    |                           Instance                           |                       Module                      | BRAM_18K| DSP|  FF |  LUT | URAM|
    +--------------------------------------------------------------+---------------------------------------------------+---------+----+-----+------+-----+
    |control_s_axi_U                                               |control_s_axi                                      |        0|   0|  246|   424|    0|
    |grp_matmul_Pipeline_VITIS_LOOP_19_1_VITIS_LOOP_21_2_fu_194    |matmul_Pipeline_VITIS_LOOP_19_1_VITIS_LOOP_21_2    |        0|   0|   86|   282|    0|
    |grp_matmul_Pipeline_VITIS_LOOP_30_3_VITIS_LOOP_32_4_fu_202    |matmul_Pipeline_VITIS_LOOP_30_3_VITIS_LOOP_32_4    |        0|   0|   98|   311|    0|
    |grp_matmul_Pipeline_VITIS_LOOP_41_5_VITIS_LOOP_43_6_fu_210    |matmul_Pipeline_VITIS_LOOP_41_5_VITIS_LOOP_43_6    |        0|   0|   55|   257|    0|
    |grp_matmul_Pipeline_VITIS_LOOP_59_9_fu_215                    |matmul_Pipeline_VITIS_LOOP_59_9                    |        0|   4|  257|   234|    0|
    |grp_matmul_Pipeline_VITIS_LOOP_69_10_VITIS_LOOP_71_11_fu_226  |matmul_Pipeline_VITIS_LOOP_69_10_VITIS_LOOP_71_11  |        0|   0|   92|   325|    0|
    |mem1_m_axi_U                                                  |mem1_m_axi                                         |        0|   0|  743|  1415|    0|
    |mem2_m_axi_U                                                  |mem2_m_axi                                         |        0|   0|  743|  1415|    0|
    |mul_7ns_9ns_14_1_1_U31                                        |mul_7ns_9ns_14_1_1                                 |        0|   0|    0|    51|    0|
    +--------------------------------------------------------------+---------------------------------------------------+---------+----+-----+------+-----+
    |Total                                                         |                                                   |        0|   4| 2320|  4714|    0|
    +--------------------------------------------------------------+---------------------------------------------------+---------+----+-----+------+-----+

    * DSP: 
    +-----------------------------------+-------------------------------+--------------+
    |              Instance             |             Module            |  Expression  |
    +-----------------------------------+-------------------------------+--------------+
    |mac_muladd_7ns_8ns_8ns_15_4_1_U32  |mac_muladd_7ns_8ns_8ns_15_4_1  |  i0 * i1 + i2|
    +-----------------------------------+-------------------------------+--------------+

    * Memory: 
    +-------------------+-------------------------------+---------+---+----+-----+-------+-----+------+-------------+
    |       Memory      |             Module            | BRAM_18K| FF| LUT| URAM| Words | Bits| Banks| W*Bits*Banks|
    +-------------------+-------------------------------+---------+---+----+-----+-------+-----+------+-------------+
    |Matrix_A_BRAM_V_U  |Matrix_A_BRAM_V_RAM_AUTO_1R1W  |       16|  0|   0|    0|  15000|   16|     1|       240000|
    |Matrix_B_BRAM_V_U  |Matrix_B_BRAM_V_RAM_AUTO_1R1W  |       32|  0|   0|    0|  30000|   16|     1|       480000|
    |Matrix_C_BRAM_V_U  |Matrix_C_BRAM_V_RAM_AUTO_1R1W  |       32|  0|   0|    0|  20000|   16|     1|       320000|
    +-------------------+-------------------------------+---------+---+----+-----+-------+-----+------+-------------+
    |Total              |                               |       80|  0|   0|    0|  65000|   48|     3|      1040000|
    +-------------------+-------------------------------+---------+---+----+-----+-------+-----+------+-------------+

    * FIFO: 
    N/A

    * Expression: 
    +----------------------------------+----------+----+---+----+------------+------------+
    |           Variable Name          | Operation| DSP| FF| LUT| Bitwidth P0| Bitwidth P1|
    +----------------------------------+----------+----+---+----+------------+------------+
    |add_ln55_1_fu_298_p2              |         +|   0|  0|  20|          15|           1|
    |add_ln55_fu_310_p2                |         +|   0|  0|  14|           7|           1|
    |add_ln57_fu_342_p2                |         +|   0|  0|  15|           8|           1|
    |icmp_ln55_fu_292_p2               |      icmp|   0|  0|  12|          15|          15|
    |icmp_ln57_fu_316_p2               |      icmp|   0|  0|  11|           8|           7|
    |ap_block_state2_io                |        or|   0|  0|   2|           1|           1|
    |ap_block_state73_on_subcall_done  |        or|   0|  0|   2|           1|           1|
    |select_ln55_1_fu_330_p3           |    select|   0|  0|   7|           1|           7|
    |select_ln55_fu_322_p3             |    select|   0|  0|   8|           1|           1|
    +----------------------------------+----------+----+---+----+------------+------------+
    |Total                             |          |   0|  0|  91|          57|          35|
    +----------------------------------+----------+----+---+----+------------+------------+

    * Multiplexer: 
    +--------------------------+-----+-----------+-----+-----------+
    |           Name           | LUT | Input Size| Bits| Total Bits|
    +--------------------------+-----+-----------+-----+-----------+
    |Matrix_A_BRAM_V_address0  |   14|          3|   14|         42|
    |Matrix_A_BRAM_V_ce0       |   14|          3|    1|          3|
    |Matrix_A_BRAM_V_ce1       |    9|          2|    1|          2|
    |Matrix_A_BRAM_V_we0       |    9|          2|    1|          2|
    |Matrix_B_BRAM_V_address0  |   14|          3|   15|         45|
    |Matrix_B_BRAM_V_ce0       |   14|          3|    1|          3|
    |Matrix_B_BRAM_V_ce1       |    9|          2|    1|          2|
    |Matrix_B_BRAM_V_we0       |    9|          2|    1|          2|
    |Matrix_C_BRAM_V_address0  |   25|          5|   15|         75|
    |Matrix_C_BRAM_V_address1  |   14|          3|   15|         45|
    |Matrix_C_BRAM_V_ce0       |   20|          4|    1|          4|
    |Matrix_C_BRAM_V_ce1       |   14|          3|    1|          3|
    |Matrix_C_BRAM_V_d0        |   14|          3|   16|         48|
    |Matrix_C_BRAM_V_we0       |   14|          3|    1|          3|
    |Matrix_C_BRAM_V_we1       |    9|          2|    1|          2|
    |ap_NS_fsm                 |  811|        152|    1|        152|
    |c_fu_114                  |    9|          2|    8|         16|
    |indvar_flatten20_fu_122   |    9|          2|   15|         30|
    |mem1_ARADDR               |   14|          3|   64|        192|
    |mem1_ARLEN                |   14|          3|   32|         96|
    |mem1_ARVALID              |   14|          3|    1|          3|
    |mem1_AWADDR               |   14|          3|   64|        192|
    |mem1_AWLEN                |   14|          3|   32|         96|
    |mem1_AWVALID              |   14|          3|    1|          3|
    |mem1_BREADY               |   14|          3|    1|          3|
    |mem1_RREADY               |    9|          2|    1|          2|
    |mem1_WVALID               |    9|          2|    1|          2|
    |mem1_blk_n_AR             |    9|          2|    1|          2|
    |mem1_blk_n_AW             |    9|          2|    1|          2|
    |mem1_blk_n_B              |    9|          2|    1|          2|
    |mem2_ARADDR               |   14|          3|   64|        192|
    |mem2_ARLEN                |   14|          3|   32|         96|
    |mem2_ARVALID              |   14|          3|    1|          3|
    |mem2_RREADY               |    9|          2|    1|          2|
    |mem2_blk_n_AR             |    9|          2|    1|          2|
    |r_fu_118                  |    9|          2|    7|         14|
    +--------------------------+-----+-----------+-----+-----------+
    |Total                     | 1243|        245|  415|       1383|
    +--------------------------+-----+-----------+-----+-----------+

    * Register: 
    +---------------------------------------------------------------------------+-----+----+-----+-----------+
    |                                    Name                                   |  FF | LUT| Bits| Const Bits|
    +---------------------------------------------------------------------------+-----+----+-----+-----------+
    |Matrix_C_BRAM_V_addr_reg_500                                               |   15|   0|   15|          0|
    |Matrix_C_BRAM_V_load_reg_505                                               |   16|   0|   16|          0|
    |Matrix_C_DRAM_read_reg_432                                                 |   64|   0|   64|          0|
    |ap_CS_fsm                                                                  |  151|   0|  151|          0|
    |c_fu_114                                                                   |    8|   0|    8|          0|
    |grp_matmul_Pipeline_VITIS_LOOP_19_1_VITIS_LOOP_21_2_fu_194_ap_start_reg    |    1|   0|    1|          0|
    |grp_matmul_Pipeline_VITIS_LOOP_30_3_VITIS_LOOP_32_4_fu_202_ap_start_reg    |    1|   0|    1|          0|
    |grp_matmul_Pipeline_VITIS_LOOP_41_5_VITIS_LOOP_43_6_fu_210_ap_start_reg    |    1|   0|    1|          0|
    |grp_matmul_Pipeline_VITIS_LOOP_59_9_fu_215_ap_start_reg                    |    1|   0|    1|          0|
    |grp_matmul_Pipeline_VITIS_LOOP_69_10_VITIS_LOOP_71_11_fu_226_ap_start_reg  |    1|   0|    1|          0|
    |indvar_flatten20_fu_122                                                    |   15|   0|   15|          0|
    |mul_ln186_reg_495                                                          |   14|   0|   14|          0|
    |r_fu_118                                                                   |    7|   0|    7|          0|
    |select_ln55_1_reg_474                                                      |    7|   0|    7|          0|
    |select_ln55_reg_468                                                        |    8|   0|    8|          0|
    |trunc_ln1_reg_449                                                          |   63|   0|   63|          0|
    |trunc_ln2_reg_484                                                          |   63|   0|   63|          0|
    |trunc_ln_reg_443                                                           |   63|   0|   63|          0|
    +---------------------------------------------------------------------------+-----+----+-----+-----------+
    |Total                                                                      |  499|   0|  499|          0|
    +---------------------------------------------------------------------------+-----+----+-----+-----------+



================================================================
== Interface
================================================================
* Summary: 
+-----------------------+-----+-----+------------+--------------+--------------+
|       RTL Ports       | Dir | Bits|  Protocol  | Source Object|    C Type    |
+-----------------------+-----+-----+------------+--------------+--------------+
|s_axi_control_AWVALID  |   in|    1|       s_axi|       control|        scalar|
|s_axi_control_AWREADY  |  out|    1|       s_axi|       control|        scalar|
|s_axi_control_AWADDR   |   in|    6|       s_axi|       control|        scalar|
|s_axi_control_WVALID   |   in|    1|       s_axi|       control|        scalar|
|s_axi_control_WREADY   |  out|    1|       s_axi|       control|        scalar|
|s_axi_control_WDATA    |   in|   32|       s_axi|       control|        scalar|
|s_axi_control_WSTRB    |   in|    4|       s_axi|       control|        scalar|
|s_axi_control_ARVALID  |   in|    1|       s_axi|       control|        scalar|
|s_axi_control_ARREADY  |  out|    1|       s_axi|       control|        scalar|
|s_axi_control_ARADDR   |   in|    6|       s_axi|       control|        scalar|
|s_axi_control_RVALID   |  out|    1|       s_axi|       control|        scalar|
|s_axi_control_RREADY   |   in|    1|       s_axi|       control|        scalar|
|s_axi_control_RDATA    |  out|   32|       s_axi|       control|        scalar|
|s_axi_control_RRESP    |  out|    2|       s_axi|       control|        scalar|
|s_axi_control_BVALID   |  out|    1|       s_axi|       control|        scalar|
|s_axi_control_BREADY   |   in|    1|       s_axi|       control|        scalar|
|s_axi_control_BRESP    |  out|    2|       s_axi|       control|        scalar|
|ap_clk                 |   in|    1|  ap_ctrl_hs|        matmul|  return value|
|ap_rst_n               |   in|    1|  ap_ctrl_hs|        matmul|  return value|
|interrupt              |  out|    1|  ap_ctrl_hs|        matmul|  return value|
|m_axi_mem1_AWVALID     |  out|    1|       m_axi|          mem1|       pointer|
|m_axi_mem1_AWREADY     |   in|    1|       m_axi|          mem1|       pointer|
|m_axi_mem1_AWADDR      |  out|   64|       m_axi|          mem1|       pointer|
|m_axi_mem1_AWID        |  out|    1|       m_axi|          mem1|       pointer|
|m_axi_mem1_AWLEN       |  out|    8|       m_axi|          mem1|       pointer|
|m_axi_mem1_AWSIZE      |  out|    3|       m_axi|          mem1|       pointer|
|m_axi_mem1_AWBURST     |  out|    2|       m_axi|          mem1|       pointer|
|m_axi_mem1_AWLOCK      |  out|    2|       m_axi|          mem1|       pointer|
|m_axi_mem1_AWCACHE     |  out|    4|       m_axi|          mem1|       pointer|
|m_axi_mem1_AWPROT      |  out|    3|       m_axi|          mem1|       pointer|
|m_axi_mem1_AWQOS       |  out|    4|       m_axi|          mem1|       pointer|
|m_axi_mem1_AWREGION    |  out|    4|       m_axi|          mem1|       pointer|
|m_axi_mem1_AWUSER      |  out|    1|       m_axi|          mem1|       pointer|
|m_axi_mem1_WVALID      |  out|    1|       m_axi|          mem1|       pointer|
|m_axi_mem1_WREADY      |   in|    1|       m_axi|          mem1|       pointer|
|m_axi_mem1_WDATA       |  out|   32|       m_axi|          mem1|       pointer|
|m_axi_mem1_WSTRB       |  out|    4|       m_axi|          mem1|       pointer|
|m_axi_mem1_WLAST       |  out|    1|       m_axi|          mem1|       pointer|
|m_axi_mem1_WID         |  out|    1|       m_axi|          mem1|       pointer|
|m_axi_mem1_WUSER       |  out|    1|       m_axi|          mem1|       pointer|
|m_axi_mem1_ARVALID     |  out|    1|       m_axi|          mem1|       pointer|
|m_axi_mem1_ARREADY     |   in|    1|       m_axi|          mem1|       pointer|
|m_axi_mem1_ARADDR      |  out|   64|       m_axi|          mem1|       pointer|
|m_axi_mem1_ARID        |  out|    1|       m_axi|          mem1|       pointer|
|m_axi_mem1_ARLEN       |  out|    8|       m_axi|          mem1|       pointer|
|m_axi_mem1_ARSIZE      |  out|    3|       m_axi|          mem1|       pointer|
|m_axi_mem1_ARBURST     |  out|    2|       m_axi|          mem1|       pointer|
|m_axi_mem1_ARLOCK      |  out|    2|       m_axi|          mem1|       pointer|
|m_axi_mem1_ARCACHE     |  out|    4|       m_axi|          mem1|       pointer|
|m_axi_mem1_ARPROT      |  out|    3|       m_axi|          mem1|       pointer|
|m_axi_mem1_ARQOS       |  out|    4|       m_axi|          mem1|       pointer|
|m_axi_mem1_ARREGION    |  out|    4|       m_axi|          mem1|       pointer|
|m_axi_mem1_ARUSER      |  out|    1|       m_axi|          mem1|       pointer|
|m_axi_mem1_RVALID      |   in|    1|       m_axi|          mem1|       pointer|
|m_axi_mem1_RREADY      |  out|    1|       m_axi|          mem1|       pointer|
|m_axi_mem1_RDATA       |   in|   32|       m_axi|          mem1|       pointer|
|m_axi_mem1_RLAST       |   in|    1|       m_axi|          mem1|       pointer|
|m_axi_mem1_RID         |   in|    1|       m_axi|          mem1|       pointer|
|m_axi_mem1_RUSER       |   in|    1|       m_axi|          mem1|       pointer|
|m_axi_mem1_RRESP       |   in|    2|       m_axi|          mem1|       pointer|
|m_axi_mem1_BVALID      |   in|    1|       m_axi|          mem1|       pointer|
|m_axi_mem1_BREADY      |  out|    1|       m_axi|          mem1|       pointer|
|m_axi_mem1_BRESP       |   in|    2|       m_axi|          mem1|       pointer|
|m_axi_mem1_BID         |   in|    1|       m_axi|          mem1|       pointer|
|m_axi_mem1_BUSER       |   in|    1|       m_axi|          mem1|       pointer|
|m_axi_mem2_AWVALID     |  out|    1|       m_axi|          mem2|       pointer|
|m_axi_mem2_AWREADY     |   in|    1|       m_axi|          mem2|       pointer|
|m_axi_mem2_AWADDR      |  out|   64|       m_axi|          mem2|       pointer|
|m_axi_mem2_AWID        |  out|    1|       m_axi|          mem2|       pointer|
|m_axi_mem2_AWLEN       |  out|    8|       m_axi|          mem2|       pointer|
|m_axi_mem2_AWSIZE      |  out|    3|       m_axi|          mem2|       pointer|
|m_axi_mem2_AWBURST     |  out|    2|       m_axi|          mem2|       pointer|
|m_axi_mem2_AWLOCK      |  out|    2|       m_axi|          mem2|       pointer|
|m_axi_mem2_AWCACHE     |  out|    4|       m_axi|          mem2|       pointer|
|m_axi_mem2_AWPROT      |  out|    3|       m_axi|          mem2|       pointer|
|m_axi_mem2_AWQOS       |  out|    4|       m_axi|          mem2|       pointer|
|m_axi_mem2_AWREGION    |  out|    4|       m_axi|          mem2|       pointer|
|m_axi_mem2_AWUSER      |  out|    1|       m_axi|          mem2|       pointer|
|m_axi_mem2_WVALID      |  out|    1|       m_axi|          mem2|       pointer|
|m_axi_mem2_WREADY      |   in|    1|       m_axi|          mem2|       pointer|
|m_axi_mem2_WDATA       |  out|   32|       m_axi|          mem2|       pointer|
|m_axi_mem2_WSTRB       |  out|    4|       m_axi|          mem2|       pointer|
|m_axi_mem2_WLAST       |  out|    1|       m_axi|          mem2|       pointer|
|m_axi_mem2_WID         |  out|    1|       m_axi|          mem2|       pointer|
|m_axi_mem2_WUSER       |  out|    1|       m_axi|          mem2|       pointer|
|m_axi_mem2_ARVALID     |  out|    1|       m_axi|          mem2|       pointer|
|m_axi_mem2_ARREADY     |   in|    1|       m_axi|          mem2|       pointer|
|m_axi_mem2_ARADDR      |  out|   64|       m_axi|          mem2|       pointer|
|m_axi_mem2_ARID        |  out|    1|       m_axi|          mem2|       pointer|
|m_axi_mem2_ARLEN       |  out|    8|       m_axi|          mem2|       pointer|
|m_axi_mem2_ARSIZE      |  out|    3|       m_axi|          mem2|       pointer|
|m_axi_mem2_ARBURST     |  out|    2|       m_axi|          mem2|       pointer|
|m_axi_mem2_ARLOCK      |  out|    2|       m_axi|          mem2|       pointer|
|m_axi_mem2_ARCACHE     |  out|    4|       m_axi|          mem2|       pointer|
|m_axi_mem2_ARPROT      |  out|    3|       m_axi|          mem2|       pointer|
|m_axi_mem2_ARQOS       |  out|    4|       m_axi|          mem2|       pointer|
|m_axi_mem2_ARREGION    |  out|    4|       m_axi|          mem2|       pointer|
|m_axi_mem2_ARUSER      |  out|    1|       m_axi|          mem2|       pointer|
|m_axi_mem2_RVALID      |   in|    1|       m_axi|          mem2|       pointer|
|m_axi_mem2_RREADY      |  out|    1|       m_axi|          mem2|       pointer|
|m_axi_mem2_RDATA       |   in|   32|       m_axi|          mem2|       pointer|
|m_axi_mem2_RLAST       |   in|    1|       m_axi|          mem2|       pointer|
|m_axi_mem2_RID         |   in|    1|       m_axi|          mem2|       pointer|
|m_axi_mem2_RUSER       |   in|    1|       m_axi|          mem2|       pointer|
|m_axi_mem2_RRESP       |   in|    2|       m_axi|          mem2|       pointer|
|m_axi_mem2_BVALID      |   in|    1|       m_axi|          mem2|       pointer|
|m_axi_mem2_BREADY      |  out|    1|       m_axi|          mem2|       pointer|
|m_axi_mem2_BRESP       |   in|    2|       m_axi|          mem2|       pointer|
|m_axi_mem2_BID         |   in|    1|       m_axi|          mem2|       pointer|
|m_axi_mem2_BUSER       |   in|    1|       m_axi|          mem2|       pointer|
+-----------------------+-----+-----+------------+--------------+--------------+

