
****** Vitis HLS - High-Level Synthesis from C, C++ and OpenCL v2022.2 (64-bit)
  **** SW Build 3670227 on Oct 13 2022
  **** IP Build 3669848 on Fri Oct 14 08:30:02 MDT 2022
    ** Copyright 1986-2022 Xilinx, Inc. All Rights Reserved.

source /apps/Xilinx/Vitis_HLS/2022.2/scripts/vitis_hls/hls.tcl -notrace
INFO: [HLS 200-10] Running '/apps/Xilinx/Vitis_HLS/2022.2/bin/unwrapped/lnx64.o/vitis_hls'
INFO: [HLS 200-10] For user 'ykim131_588fa26' on host 'hunmin.ece.iit.edu' (Linux_x86_64 version 3.10.0-1160.99.1.el7.x86_64) on Tue Oct 06 17:14:59 CDT 2026
INFO: [HLS 200-10] On os "Red Hat Enterprise Linux Server release 7.9 (Maipo)"
INFO: [HLS 200-10] In directory '/home/ykim131_588fa26/Desktop/ECE588/ECE588_fa2026_Lab03/part1'
Sourcing Tcl script 'vitis_hls.tcl'
INFO: [HLS 200-1510] Running: open_project vitis.prj -reset 
INFO: [HLS 200-10] Opening and resetting project '/home/ykim131_588fa26/Desktop/ECE588/ECE588_fa2026_Lab03/part1/vitis.prj'.
INFO: [HLS 200-1510] Running: set_top matmul 
INFO: [HLS 200-1510] Running: add_files matmul.cpp 
INFO: [HLS 200-10] Adding design file 'matmul.cpp' to the project
INFO: [HLS 200-1510] Running: add_files -tb tb_matmul.cpp 
INFO: [HLS 200-10] Adding test bench file 'tb_matmul.cpp' to the project
INFO: [HLS 200-1510] Running: open_solution solution1 
INFO: [HLS 200-10] Creating and opening solution '/home/ykim131_588fa26/Desktop/ECE588/ECE588_fa2026_Lab03/part1/vitis.prj/solution1'.
INFO: [HLS 200-1505] Using default flow_target 'vivado'
Resolution: For help on HLS 200-1505 see www.xilinx.com/cgi-bin/docs/rdoc?v=2022.2;t=hls+guidance;d=200-1505.html
INFO: [HLS 200-435] Setting 'open_solution -flow_target vivado' configuration: config_interface -m_axi_latency=0
INFO: [HLS 200-1510] Running: set_part xc7z020clg400-1 
INFO: [HLS 200-1611] Setting target device to 'xc7z020-clg400-1'
INFO: [HLS 200-1510] Running: create_clock -period 10 -name default 
INFO: [SYN 201-201] Setting up clock 'default' with a period of 10ns.
INFO: [HLS 200-1510] Running: config_interface -m_axi_latency 64 
INFO: [HLS 200-1510] Running: csynth_design 
Running Dispatch Server on port: 38593
INFO: [HLS 200-111] Finished File checks and directory preparation: CPU user time: 0.01 seconds. CPU system time: 0.01 seconds. Elapsed time: 10.03 seconds; current allocated memory: 317.656 MB.
INFO: [HLS 200-10] Analyzing design file 'matmul.cpp' ... 
INFO: [HLS 200-111] Finished Source Code Analysis and Preprocessing: CPU user time: 4.16 seconds. CPU system time: 0.72 seconds. Elapsed time: 4.88 seconds; current allocated memory: 317.656 MB.
INFO: [HLS 200-777] Using interface defaults for 'Vivado' flow target.
INFO: [HLS 214-188] Unrolling loop 'VITIS_LOOP_61_9' (matmul.cpp:61:30) in function 'matmul' partially with a factor of 15 (matmul.cpp:7:0)
INFO: [HLS 214-248] Applying array_partition to 'Matrix_B_BRAM': Complete partitioning on dimension 1. (matmul.cpp:16:13)
INFO: [HLS 214-241] Aggregating maxi variable 'Matrix_C_DRAM' with compact=none mode in 16-bits
INFO: [HLS 214-241] Aggregating maxi variable 'Matrix_B_DRAM' with compact=none mode in 16-bits
INFO: [HLS 214-241] Aggregating maxi variable 'Matrix_A_DRAM' with compact=none mode in 16-bits
INFO: [HLS 214-270] Inferring pragma 'array_partition type=cyclic factor=15 dim=2' for array 'Matrix_A_BRAM' due to pipeline pragma (matmul.cpp:63:9)
INFO: [HLS 214-248] Applying array_partition to 'Matrix_A_BRAM': Cyclic partitioning with factor 15 on dimension 2. (matmul.cpp:15:10)
INFO: [HLS 214-115] Multiple burst reads of length 15000 and bit width 16 in loop 'VITIS_LOOP_21_1'(matmul.cpp:21:19) has been inferred on bundle 'mem1'. These burst requests might be further partitioned into multiple requests during RTL generation, based on max_read_burst_length or max_write_burst_length settings. (matmul.cpp:21:19)
INFO: [HLS 214-115] Multiple burst reads of length 30000 and bit width 16 in loop 'VITIS_LOOP_32_3'(matmul.cpp:32:22) has been inferred on bundle 'mem2'. These burst requests might be further partitioned into multiple requests during RTL generation, based on max_read_burst_length or max_write_burst_length settings. (matmul.cpp:32:22)
INFO: [HLS 214-115] Multiple burst writes of length 20000 and bit width 16 in loop 'VITIS_LOOP_71_10'(matmul.cpp:71:23) has been inferred on bundle 'mem1'. These burst requests might be further partitioned into multiple requests during RTL generation, based on max_read_burst_length or max_write_burst_length settings. (matmul.cpp:71:23)
INFO: [HLS 200-111] Finished Compiling Optimization and Transform: CPU user time: 6.53 seconds. CPU system time: 0.74 seconds. Elapsed time: 7.27 seconds; current allocated memory: 317.656 MB.
INFO: [HLS 200-111] Finished Checking Pragmas: CPU user time: 0 seconds. CPU system time: 0 seconds. Elapsed time: 0 seconds; current allocated memory: 317.656 MB.
INFO: [HLS 200-10] Starting code transformations ...
INFO: [HLS 200-111] Finished Standard Transforms: CPU user time: 10.14 seconds. CPU system time: 0.06 seconds. Elapsed time: 10.19 seconds; current allocated memory: 317.656 MB.
INFO: [HLS 200-10] Checking synthesizability ...
INFO: [HLS 200-111] Finished Checking Synthesizability: CPU user time: 9.93 seconds. CPU system time: 0.03 seconds. Elapsed time: 9.96 seconds; current allocated memory: 317.656 MB.
INFO: [XFORM 203-11] Balancing expressions in function 'matmul' (matmul.cpp:3:26)...15 expression(s) balanced.
INFO: [HLS 200-111] Finished Loop, function and other optimizations: CPU user time: 10.57 seconds. CPU system time: 0.03 seconds. Elapsed time: 10.6 seconds; current allocated memory: 317.656 MB.
INFO: [XFORM 203-541] Flattening a loop nest 'VITIS_LOOP_21_1' (matmul.cpp:21:28) in function 'matmul'.
INFO: [XFORM 203-541] Flattening a loop nest 'VITIS_LOOP_32_3' (matmul.cpp:32:31) in function 'matmul'.
INFO: [XFORM 203-541] Flattening a loop nest 'VITIS_LOOP_43_5' (matmul.cpp:43:31) in function 'matmul'.
WARNING: [HLS 200-960] Cannot flatten loop 'VITIS_LOOP_59_8' (matmul.cpp:59:35) in function 'matmul' the outer loop is not a perfect loop because there is nontrivial logic in the loop latch.
Resolution: For help on HLS 200-960 see www.xilinx.com/cgi-bin/docs/rdoc?v=2022.2;t=hls+guidance;d=200-960.html
INFO: [XFORM 203-541] Flattening a loop nest 'VITIS_LOOP_57_7' (matmul.cpp:57:31) in function 'matmul'.
INFO: [XFORM 203-541] Flattening a loop nest 'VITIS_LOOP_71_10' (matmul.cpp:71:32) in function 'matmul'.
INFO: [HLS 200-472] Inferring partial write operation for 'Matrix_A_BRAM.V' (matmul.cpp:27:22)
INFO: [HLS 200-472] Inferring partial write operation for 'Matrix_B_BRAM.V' (matmul.cpp:38:22)
INFO: [HLS 200-472] Inferring partial write operation for 'Matrix_C_BRAM.V' (matmul.cpp:49:22)
INFO: [HLS 200-472] Inferring partial write operation for 'Matrix_C_BRAM.V' 
INFO: [HLS 200-111] Finished Architecture Synthesis: CPU user time: 3.14 seconds. CPU system time: 0.03 seconds. Elapsed time: 3.18 seconds; current allocated memory: 445.656 MB.
INFO: [HLS 200-10] Starting hardware synthesis ...
INFO: [HLS 200-10] Synthesizing 'matmul' ...
INFO: [HLS 200-10] ----------------------------------------------------------------
INFO: [HLS 200-42] -- Implementing module 'matmul_Pipeline_VITIS_LOOP_21_1_VITIS_LOOP_23_2' 
INFO: [HLS 200-10] ----------------------------------------------------------------
INFO: [SCHED 204-11] Starting scheduling ...
INFO: [SCHED 204-61] Pipelining loop 'VITIS_LOOP_21_1_VITIS_LOOP_23_2'.
INFO: [HLS 200-1470] Pipelining result : Target II = 1, Final II = 1, Depth = 13, loop 'VITIS_LOOP_21_1_VITIS_LOOP_23_2'
INFO: [SCHED 204-11] Finished scheduling.
INFO: [HLS 200-111] Finished Scheduling: CPU user time: 0.15 seconds. CPU system time: 0.03 seconds. Elapsed time: 0.18 seconds; current allocated memory: 445.656 MB.
INFO: [BIND 205-100] Starting micro-architecture generation ...
INFO: [BIND 205-101] Performing variable lifetime analysis.
INFO: [BIND 205-101] Exploring resource sharing.
INFO: [BIND 205-101] Binding ...
INFO: [BIND 205-100] Finished micro-architecture generation.
INFO: [HLS 200-111] Finished Binding: CPU user time: 0.11 seconds. CPU system time: 0.01 seconds. Elapsed time: 0.11 seconds; current allocated memory: 445.656 MB.
INFO: [HLS 200-10] ----------------------------------------------------------------
INFO: [HLS 200-42] -- Implementing module 'matmul_Pipeline_VITIS_LOOP_32_3_VITIS_LOOP_34_4' 
INFO: [HLS 200-10] ----------------------------------------------------------------
INFO: [SCHED 204-11] Starting scheduling ...
INFO: [SCHED 204-61] Pipelining loop 'VITIS_LOOP_32_3_VITIS_LOOP_34_4'.
INFO: [HLS 200-1470] Pipelining result : Target II = 1, Final II = 1, Depth = 3, loop 'VITIS_LOOP_32_3_VITIS_LOOP_34_4'
INFO: [SCHED 204-11] Finished scheduling.
INFO: [HLS 200-111] Finished Scheduling: CPU user time: 0.6 seconds. CPU system time: 0.01 seconds. Elapsed time: 0.61 seconds; current allocated memory: 445.656 MB.
INFO: [BIND 205-100] Starting micro-architecture generation ...
INFO: [BIND 205-101] Performing variable lifetime analysis.
INFO: [BIND 205-101] Exploring resource sharing.
INFO: [BIND 205-101] Binding ...
INFO: [BIND 205-100] Finished micro-architecture generation.
INFO: [HLS 200-111] Finished Binding: CPU user time: 0.21 seconds. CPU system time: 0.01 seconds. Elapsed time: 0.22 seconds; current allocated memory: 445.656 MB.
INFO: [HLS 200-10] ----------------------------------------------------------------
INFO: [HLS 200-42] -- Implementing module 'matmul_Pipeline_VITIS_LOOP_43_5_VITIS_LOOP_45_6' 
INFO: [HLS 200-10] ----------------------------------------------------------------
INFO: [SCHED 204-11] Starting scheduling ...
INFO: [HLS 200-486] Changing DSP latency (root=mul_ln49) to 3 in order to utilize available DSP registers.
INFO: [SCHED 204-61] Pipelining loop 'VITIS_LOOP_43_5_VITIS_LOOP_45_6'.
INFO: [HLS 200-1470] Pipelining result : Target II = 1, Final II = 1, Depth = 4, loop 'VITIS_LOOP_43_5_VITIS_LOOP_45_6'
INFO: [SCHED 204-11] Finished scheduling.
INFO: [HLS 200-111] Finished Scheduling: CPU user time: 0.17 seconds. CPU system time: 0.01 seconds. Elapsed time: 0.18 seconds; current allocated memory: 445.656 MB.
INFO: [BIND 205-100] Starting micro-architecture generation ...
INFO: [BIND 205-101] Performing variable lifetime analysis.
INFO: [BIND 205-101] Exploring resource sharing.
INFO: [BIND 205-101] Binding ...
INFO: [BIND 205-100] Finished micro-architecture generation.
INFO: [HLS 200-111] Finished Binding: CPU user time: 0.04 seconds. CPU system time: 0 seconds. Elapsed time: 0.05 seconds; current allocated memory: 445.656 MB.
INFO: [HLS 200-10] ----------------------------------------------------------------
INFO: [HLS 200-42] -- Implementing module 'matmul_Pipeline_VITIS_LOOP_61_9' 
INFO: [HLS 200-10] ----------------------------------------------------------------
INFO: [SCHED 204-11] Starting scheduling ...
INFO: [HLS 200-486] Changing DSP latency (root=mul_ln840_14) to 3 in order to utilize available DSP registers.
INFO: [HLS 200-486] Changing DSP latency (root=mul_ln840_13) to 3 in order to utilize available DSP registers.
INFO: [HLS 200-486] Changing DSP latency (root=mul_ln840_11) to 3 in order to utilize available DSP registers.
INFO: [HLS 200-486] Changing DSP latency (root=mul_ln840_9) to 3 in order to utilize available DSP registers.
INFO: [HLS 200-486] Changing DSP latency (root=mul_ln840_8) to 3 in order to utilize available DSP registers.
INFO: [HLS 200-486] Changing DSP latency (root=mul_ln840_6) to 3 in order to utilize available DSP registers.
INFO: [HLS 200-486] Changing DSP latency (root=mul_ln840_4) to 3 in order to utilize available DSP registers.
INFO: [HLS 200-486] Changing DSP latency (root=mul_ln840) to 3 in order to utilize available DSP registers.
INFO: [HLS 200-486] Changing DSP latency (root=mul_ln840_2) to 3 in order to utilize available DSP registers.
INFO: [HLS 200-486] Changing DSP latency (root=mul_ln840_12) to 3 in order to utilize available DSP registers.
INFO: [HLS 200-486] Changing DSP latency (root=mul_ln840_10) to 3 in order to utilize available DSP registers.
INFO: [HLS 200-486] Changing DSP latency (root=mul_ln840_7) to 3 in order to utilize available DSP registers.
INFO: [HLS 200-486] Changing DSP latency (root=mul_ln840_5) to 3 in order to utilize available DSP registers.
INFO: [HLS 200-486] Changing DSP latency (root=mul_ln840_3) to 3 in order to utilize available DSP registers.
INFO: [HLS 200-486] Changing DSP latency (root=mul_ln840_1) to 3 in order to utilize available DSP registers.
INFO: [SCHED 204-61] Pipelining loop 'VITIS_LOOP_61_9'.
INFO: [HLS 200-1470] Pipelining result : Target II = 1, Final II = 1, Depth = 8, loop 'VITIS_LOOP_61_9'
INFO: [SCHED 204-11] Finished scheduling.
INFO: [HLS 200-111] Finished Scheduling: CPU user time: 0.43 seconds. CPU system time: 0.02 seconds. Elapsed time: 0.44 seconds; current allocated memory: 445.656 MB.
INFO: [BIND 205-100] Starting micro-architecture generation ...
INFO: [BIND 205-101] Performing variable lifetime analysis.
INFO: [BIND 205-101] Exploring resource sharing.
INFO: [BIND 205-101] Binding ...
INFO: [BIND 205-100] Finished micro-architecture generation.
INFO: [HLS 200-111] Finished Binding: CPU user time: 0.12 seconds. CPU system time: 0.01 seconds. Elapsed time: 0.13 seconds; current allocated memory: 445.656 MB.
INFO: [HLS 200-10] ----------------------------------------------------------------
INFO: [HLS 200-42] -- Implementing module 'matmul_Pipeline_VITIS_LOOP_71_10_VITIS_LOOP_73_11' 
INFO: [HLS 200-10] ----------------------------------------------------------------
INFO: [SCHED 204-11] Starting scheduling ...
INFO: [HLS 200-486] Changing DSP latency (root=mul_ln77) to 3 in order to utilize available DSP registers.
INFO: [SCHED 204-61] Pipelining loop 'VITIS_LOOP_71_10_VITIS_LOOP_73_11'.
INFO: [HLS 200-1470] Pipelining result : Target II = 1, Final II = 1, Depth = 6, loop 'VITIS_LOOP_71_10_VITIS_LOOP_73_11'
INFO: [SCHED 204-11] Finished scheduling.
INFO: [HLS 200-111] Finished Scheduling: CPU user time: 0.15 seconds. CPU system time: 0.01 seconds. Elapsed time: 0.16 seconds; current allocated memory: 445.656 MB.
INFO: [BIND 205-100] Starting micro-architecture generation ...
INFO: [BIND 205-101] Performing variable lifetime analysis.
INFO: [BIND 205-101] Exploring resource sharing.
INFO: [BIND 205-101] Binding ...
INFO: [BIND 205-100] Finished micro-architecture generation.
INFO: [HLS 200-111] Finished Binding: CPU user time: 0.06 seconds. CPU system time: 0.01 seconds. Elapsed time: 0.06 seconds; current allocated memory: 445.656 MB.
INFO: [HLS 200-10] ----------------------------------------------------------------
INFO: [HLS 200-42] -- Implementing module 'matmul' 
INFO: [HLS 200-10] ----------------------------------------------------------------
INFO: [SCHED 204-11] Starting scheduling ...
INFO: [HLS 200-486] Changing DSP latency (root=empty_27) to 3 in order to utilize available DSP registers.
INFO: [SCHED 204-11] Finished scheduling.
INFO: [HLS 200-111] Finished Scheduling: CPU user time: 0.69 seconds. CPU system time: 0.01 seconds. Elapsed time: 0.7 seconds; current allocated memory: 445.656 MB.
INFO: [BIND 205-100] Starting micro-architecture generation ...
INFO: [BIND 205-101] Performing variable lifetime analysis.
INFO: [BIND 205-101] Exploring resource sharing.
INFO: [BIND 205-101] Binding ...
INFO: [BIND 205-100] Finished micro-architecture generation.
INFO: [HLS 200-111] Finished Binding: CPU user time: 1 seconds. CPU system time: 0.01 seconds. Elapsed time: 1.02 seconds; current allocated memory: 445.656 MB.
INFO: [HLS 200-10] ----------------------------------------------------------------
INFO: [HLS 200-10] -- Generating RTL for module 'matmul_Pipeline_VITIS_LOOP_21_1_VITIS_LOOP_23_2' 
INFO: [HLS 200-10] ----------------------------------------------------------------
INFO: [HLS 200-1030] Apply Unified Pipeline Control on module 'matmul_Pipeline_VITIS_LOOP_21_1_VITIS_LOOP_23_2' pipeline 'VITIS_LOOP_21_1_VITIS_LOOP_23_2' pipeline type 'loop pipeline'
WARNING: [RTGEN 206-101] Setting dangling out port 'matmul_Pipeline_VITIS_LOOP_21_1_VITIS_LOOP_23_2/m_axi_mem1_ARVALID' to 0.
WARNING: [RTGEN 206-101] Setting dangling out port 'matmul_Pipeline_VITIS_LOOP_21_1_VITIS_LOOP_23_2/m_axi_mem1_ARADDR' to 0.
WARNING: [RTGEN 206-101] Setting dangling out port 'matmul_Pipeline_VITIS_LOOP_21_1_VITIS_LOOP_23_2/m_axi_mem1_ARID' to 0.
WARNING: [RTGEN 206-101] Setting dangling out port 'matmul_Pipeline_VITIS_LOOP_21_1_VITIS_LOOP_23_2/m_axi_mem1_ARLEN' to 0.
WARNING: [RTGEN 206-101] Setting dangling out port 'matmul_Pipeline_VITIS_LOOP_21_1_VITIS_LOOP_23_2/m_axi_mem1_ARSIZE' to 0.
WARNING: [RTGEN 206-101] Setting dangling out port 'matmul_Pipeline_VITIS_LOOP_21_1_VITIS_LOOP_23_2/m_axi_mem1_ARBURST' to 0.
WARNING: [RTGEN 206-101] Setting dangling out port 'matmul_Pipeline_VITIS_LOOP_21_1_VITIS_LOOP_23_2/m_axi_mem1_ARLOCK' to 0.
WARNING: [RTGEN 206-101] Setting dangling out port 'matmul_Pipeline_VITIS_LOOP_21_1_VITIS_LOOP_23_2/m_axi_mem1_ARCACHE' to 0.
WARNING: [RTGEN 206-101] Setting dangling out port 'matmul_Pipeline_VITIS_LOOP_21_1_VITIS_LOOP_23_2/m_axi_mem1_ARPROT' to 0.
WARNING: [RTGEN 206-101] Setting dangling out port 'matmul_Pipeline_VITIS_LOOP_21_1_VITIS_LOOP_23_2/m_axi_mem1_ARQOS' to 0.
WARNING: [RTGEN 206-101] Setting dangling out port 'matmul_Pipeline_VITIS_LOOP_21_1_VITIS_LOOP_23_2/m_axi_mem1_ARREGION' to 0.
WARNING: [RTGEN 206-101] Setting dangling out port 'matmul_Pipeline_VITIS_LOOP_21_1_VITIS_LOOP_23_2/m_axi_mem1_ARUSER' to 0.
INFO: [RTGEN 206-100] Generating core module 'mul_8ns_10ns_17_1_1': 1 instance(s).
INFO: [RTGEN 206-100] Generating core module 'urem_8ns_5ns_4_12_1': 1 instance(s).
INFO: [RTGEN 206-100] Finished creating RTL model for 'matmul_Pipeline_VITIS_LOOP_21_1_VITIS_LOOP_23_2'.
INFO: [HLS 200-111] Finished Creating RTL model: CPU user time: 0.54 seconds. CPU system time: 0.01 seconds. Elapsed time: 0.55 seconds; current allocated memory: 445.656 MB.
INFO: [HLS 200-10] ----------------------------------------------------------------
INFO: [HLS 200-10] -- Generating RTL for module 'matmul_Pipeline_VITIS_LOOP_32_3_VITIS_LOOP_34_4' 
INFO: [HLS 200-10] ----------------------------------------------------------------
INFO: [HLS 200-1030] Apply Unified Pipeline Control on module 'matmul_Pipeline_VITIS_LOOP_32_3_VITIS_LOOP_34_4' pipeline 'VITIS_LOOP_32_3_VITIS_LOOP_34_4' pipeline type 'loop pipeline'
WARNING: [RTGEN 206-101] Setting dangling out port 'matmul_Pipeline_VITIS_LOOP_32_3_VITIS_LOOP_34_4/m_axi_mem2_ARVALID' to 0.
WARNING: [RTGEN 206-101] Setting dangling out port 'matmul_Pipeline_VITIS_LOOP_32_3_VITIS_LOOP_34_4/m_axi_mem2_ARADDR' to 0.
WARNING: [RTGEN 206-101] Setting dangling out port 'matmul_Pipeline_VITIS_LOOP_32_3_VITIS_LOOP_34_4/m_axi_mem2_ARID' to 0.
WARNING: [RTGEN 206-101] Setting dangling out port 'matmul_Pipeline_VITIS_LOOP_32_3_VITIS_LOOP_34_4/m_axi_mem2_ARLEN' to 0.
WARNING: [RTGEN 206-101] Setting dangling out port 'matmul_Pipeline_VITIS_LOOP_32_3_VITIS_LOOP_34_4/m_axi_mem2_ARSIZE' to 0.
WARNING: [RTGEN 206-101] Setting dangling out port 'matmul_Pipeline_VITIS_LOOP_32_3_VITIS_LOOP_34_4/m_axi_mem2_ARBURST' to 0.
WARNING: [RTGEN 206-101] Setting dangling out port 'matmul_Pipeline_VITIS_LOOP_32_3_VITIS_LOOP_34_4/m_axi_mem2_ARLOCK' to 0.
WARNING: [RTGEN 206-101] Setting dangling out port 'matmul_Pipeline_VITIS_LOOP_32_3_VITIS_LOOP_34_4/m_axi_mem2_ARCACHE' to 0.
WARNING: [RTGEN 206-101] Setting dangling out port 'matmul_Pipeline_VITIS_LOOP_32_3_VITIS_LOOP_34_4/m_axi_mem2_ARPROT' to 0.
WARNING: [RTGEN 206-101] Setting dangling out port 'matmul_Pipeline_VITIS_LOOP_32_3_VITIS_LOOP_34_4/m_axi_mem2_ARQOS' to 0.
WARNING: [RTGEN 206-101] Setting dangling out port 'matmul_Pipeline_VITIS_LOOP_32_3_VITIS_LOOP_34_4/m_axi_mem2_ARREGION' to 0.
WARNING: [RTGEN 206-101] Setting dangling out port 'matmul_Pipeline_VITIS_LOOP_32_3_VITIS_LOOP_34_4/m_axi_mem2_ARUSER' to 0.
INFO: [RTGEN 206-100] Finished creating RTL model for 'matmul_Pipeline_VITIS_LOOP_32_3_VITIS_LOOP_34_4'.
INFO: [HLS 200-111] Finished Creating RTL model: CPU user time: 0.35 seconds. CPU system time: 0.03 seconds. Elapsed time: 0.37 seconds; current allocated memory: 445.656 MB.
INFO: [HLS 200-10] ----------------------------------------------------------------
INFO: [HLS 200-10] -- Generating RTL for module 'matmul_Pipeline_VITIS_LOOP_43_5_VITIS_LOOP_45_6' 
INFO: [HLS 200-10] ----------------------------------------------------------------
INFO: [HLS 200-1030] Apply Unified Pipeline Control on module 'matmul_Pipeline_VITIS_LOOP_43_5_VITIS_LOOP_45_6' pipeline 'VITIS_LOOP_43_5_VITIS_LOOP_45_6' pipeline type 'loop pipeline'
INFO: [RTGEN 206-100] Generating core module 'mac_muladd_7ns_8ns_8ns_15_4_1': 1 instance(s).
INFO: [RTGEN 206-100] Finished creating RTL model for 'matmul_Pipeline_VITIS_LOOP_43_5_VITIS_LOOP_45_6'.
INFO: [HLS 200-111] Finished Creating RTL model: CPU user time: 0.39 seconds. CPU system time: 0.02 seconds. Elapsed time: 0.41 seconds; current allocated memory: 445.656 MB.
INFO: [HLS 200-10] ----------------------------------------------------------------
INFO: [HLS 200-10] -- Generating RTL for module 'matmul_Pipeline_VITIS_LOOP_61_9' 
INFO: [HLS 200-10] ----------------------------------------------------------------
INFO: [HLS 200-1030] Apply Unified Pipeline Control on module 'matmul_Pipeline_VITIS_LOOP_61_9' pipeline 'VITIS_LOOP_61_9' pipeline type 'loop pipeline'
INFO: [RTGEN 206-100] Generating core module 'mac_muladd_16s_16s_16ns_16_4_1': 9 instance(s).
INFO: [RTGEN 206-100] Generating core module 'mul_mul_16s_16s_16_4_1': 6 instance(s).
INFO: [RTGEN 206-100] Generating core module 'mux_1368_16_1_1': 15 instance(s).
INFO: [RTGEN 206-100] Finished creating RTL model for 'matmul_Pipeline_VITIS_LOOP_61_9'.
INFO: [HLS 200-111] Finished Creating RTL model: CPU user time: 0.43 seconds. CPU system time: 0.02 seconds. Elapsed time: 0.45 seconds; current allocated memory: 445.656 MB.
INFO: [HLS 200-10] ----------------------------------------------------------------
INFO: [HLS 200-10] -- Generating RTL for module 'matmul_Pipeline_VITIS_LOOP_71_10_VITIS_LOOP_73_11' 
INFO: [HLS 200-10] ----------------------------------------------------------------
INFO: [HLS 200-1030] Apply Unified Pipeline Control on module 'matmul_Pipeline_VITIS_LOOP_71_10_VITIS_LOOP_73_11' pipeline 'VITIS_LOOP_71_10_VITIS_LOOP_73_11' pipeline type 'loop pipeline'
WARNING: [RTGEN 206-101] Setting dangling out port 'matmul_Pipeline_VITIS_LOOP_71_10_VITIS_LOOP_73_11/m_axi_mem1_AWVALID' to 0.
WARNING: [RTGEN 206-101] Setting dangling out port 'matmul_Pipeline_VITIS_LOOP_71_10_VITIS_LOOP_73_11/m_axi_mem1_AWADDR' to 0.
WARNING: [RTGEN 206-101] Setting dangling out port 'matmul_Pipeline_VITIS_LOOP_71_10_VITIS_LOOP_73_11/m_axi_mem1_AWID' to 0.
WARNING: [RTGEN 206-101] Setting dangling out port 'matmul_Pipeline_VITIS_LOOP_71_10_VITIS_LOOP_73_11/m_axi_mem1_AWLEN' to 0.
WARNING: [RTGEN 206-101] Setting dangling out port 'matmul_Pipeline_VITIS_LOOP_71_10_VITIS_LOOP_73_11/m_axi_mem1_AWSIZE' to 0.
WARNING: [RTGEN 206-101] Setting dangling out port 'matmul_Pipeline_VITIS_LOOP_71_10_VITIS_LOOP_73_11/m_axi_mem1_AWBURST' to 0.
WARNING: [RTGEN 206-101] Setting dangling out port 'matmul_Pipeline_VITIS_LOOP_71_10_VITIS_LOOP_73_11/m_axi_mem1_AWLOCK' to 0.
WARNING: [RTGEN 206-101] Setting dangling out port 'matmul_Pipeline_VITIS_LOOP_71_10_VITIS_LOOP_73_11/m_axi_mem1_AWCACHE' to 0.
WARNING: [RTGEN 206-101] Setting dangling out port 'matmul_Pipeline_VITIS_LOOP_71_10_VITIS_LOOP_73_11/m_axi_mem1_AWPROT' to 0.
WARNING: [RTGEN 206-101] Setting dangling out port 'matmul_Pipeline_VITIS_LOOP_71_10_VITIS_LOOP_73_11/m_axi_mem1_AWQOS' to 0.
WARNING: [RTGEN 206-101] Setting dangling out port 'matmul_Pipeline_VITIS_LOOP_71_10_VITIS_LOOP_73_11/m_axi_mem1_AWREGION' to 0.
WARNING: [RTGEN 206-101] Setting dangling out port 'matmul_Pipeline_VITIS_LOOP_71_10_VITIS_LOOP_73_11/m_axi_mem1_AWUSER' to 0.
WARNING: [RTGEN 206-101] Setting dangling out port 'matmul_Pipeline_VITIS_LOOP_71_10_VITIS_LOOP_73_11/m_axi_mem1_BREADY' to 0.
INFO: [RTGEN 206-100] Generating core module 'mac_muladd_7ns_8ns_8ns_15_4_1': 1 instance(s).
INFO: [RTGEN 206-100] Finished creating RTL model for 'matmul_Pipeline_VITIS_LOOP_71_10_VITIS_LOOP_73_11'.
INFO: [HLS 200-111] Finished Creating RTL model: CPU user time: 0.38 seconds. CPU system time: 0.02 seconds. Elapsed time: 0.4 seconds; current allocated memory: 445.656 MB.
INFO: [HLS 200-10] ----------------------------------------------------------------
INFO: [HLS 200-10] -- Generating RTL for module 'matmul' 
INFO: [HLS 200-10] ----------------------------------------------------------------
WARNING: [RTGEN 206-101] Design contains AXI ports. Reset is fixed to synchronous and active low.
INFO: [RTGEN 206-500] Setting interface mode on port 'matmul/mem1' to 'm_axi'.
INFO: [RTGEN 206-500] Setting interface mode on port 'matmul/mem2' to 'm_axi'.
INFO: [RTGEN 206-500] Setting interface mode on port 'matmul/Matrix_A_DRAM' to 's_axilite & ap_none'.
INFO: [RTGEN 206-500] Setting interface mode on port 'matmul/Matrix_B_DRAM' to 's_axilite & ap_none'.
INFO: [RTGEN 206-500] Setting interface mode on port 'matmul/Matrix_C_DRAM' to 's_axilite & ap_none'.
INFO: [RTGEN 206-500] Setting interface mode on function 'matmul' to 's_axilite & ap_ctrl_hs'.
INFO: [RTGEN 206-100] Bundling port 'Matrix_A_DRAM', 'Matrix_B_DRAM', 'Matrix_C_DRAM' and 'return' to AXI-Lite port control.
INFO: [RTGEN 206-100] Generating core module 'mac_muladd_7ns_8ns_8ns_15_4_1': 1 instance(s).
INFO: [RTGEN 206-100] Finished creating RTL model for 'matmul'.
INFO: [RTMG 210-278] Implementing memory 'matmul_Matrix_A_BRAM_V_RAM_AUTO_1R1W' using auto RAMs.
INFO: [RTMG 210-278] Implementing memory 'matmul_Matrix_B_BRAM_V_RAM_AUTO_1R1W' using auto RAMs.
INFO: [RTMG 210-278] Implementing memory 'matmul_Matrix_C_BRAM_V_RAM_AUTO_1R1W' using auto RAMs.
INFO: [HLS 200-111] Finished Creating RTL model: CPU user time: 0.39 seconds. CPU system time: 0.03 seconds. Elapsed time: 0.42 seconds; current allocated memory: 509.656 MB.
INFO: [HLS 200-111] Finished Generating all RTL models: CPU user time: 1.87 seconds. CPU system time: 0.1 seconds. Elapsed time: 1.97 seconds; current allocated memory: 509.656 MB.
INFO: [HLS 200-1603] Design has inferred MAXI bursts and missed bursts, see Vitis HLS GUI synthesis summary report for detailed information.
INFO: [HLS 200-111] Finished Updating report files: CPU user time: 1.06 seconds. CPU system time: 0.05 seconds. Elapsed time: 1.1 seconds; current allocated memory: 509.656 MB.
INFO: [VHDL 208-304] Generating VHDL RTL for matmul.
INFO: [VLOG 209-307] Generating Verilog RTL for matmul.
INFO: [HLS 200-790] **** Loop Constraint Status: All loop constraints were satisfied.
INFO: [HLS 200-789] **** Estimated Fmax: 136.99 MHz
INFO: [HLS 200-111] Finished Command csynth_design CPU user time: 53.67 seconds. CPU system time: 2.04 seconds. Elapsed time: 55.7 seconds; current allocated memory: 192.000 MB.
INFO: [HLS 200-1510] Running: export_design -format ip_catalog 
INFO: [IMPL 213-8] Exporting RTL as a Vivado IP.

****** Vivado v2022.2 (64-bit)
  **** SW Build 3671981 on Fri Oct 14 04:59:54 MDT 2022
  **** IP Build 3669848 on Fri Oct 14 08:30:02 MDT 2022
    ** Copyright 1986-2022 Xilinx, Inc. All Rights Reserved.

source run_ippack.tcl -notrace
ipx::create_core: Time (s): cpu = 00:00:06 ; elapsed = 00:00:06 . Memory (MB): peak = 1424.566 ; gain = 2.020 ; free physical = 181698 ; free virtual = 284010
INFO: [IP_Flow 19-234] Refreshing IP repositories
INFO: [IP_Flow 19-1704] No user IP repositories specified
INFO: [IP_Flow 19-2313] Loaded Vivado IP repository '/apps/Xilinx/Vivado/2022.2/data/ip'.
INFO: [Common 17-206] Exiting Vivado at Tue Oct  6 17:16:22 2026...
INFO: [HLS 200-802] Generated output file vitis.prj/solution1/impl/export.zip
INFO: [HLS 200-111] Finished Command export_design CPU user time: 16.57 seconds. CPU system time: 1.22 seconds. Elapsed time: 26.4 seconds; current allocated memory: 0.000 MB.
INFO: [HLS 200-112] Total CPU user time: 71.94 seconds. Total CPU system time: 3.62 seconds. Total elapsed time: 93.96 seconds; peak allocated memory: 509.656 MB.
INFO: [Common 17-206] Exiting vitis_hls at Tue Oct  6 17:16:33 2026...
