==============================================================
Vitis HLS - High-Level Synthesis from C, C++ and OpenCL v2022.2 (64-bit)
Tool Version Limit: 2019.12
Copyright 1986-2022 Xilinx, Inc. All Rights Reserved.
==============================================================
INFO: [HLS 200-1505] Using default flow_target 'vivado'
INFO: [HLS 200-435] Setting 'open_solution -flow_target vivado' configuration: config_interface -m_axi_latency=0
INFO: [HLS 200-1510] Running: set_part xc7z020clg400-1 
INFO: [HLS 200-1611] Setting target device to 'xc7z020-clg400-1'
INFO: [HLS 200-1510] Running: create_clock -period 10 -name default 
INFO: [SYN 201-201] Setting up clock 'default' with a period of 10ns.
INFO: [HLS 200-1510] Running: config_interface -m_axi_latency 64 
INFO: [HLS 200-1510] Running: csynth_design 
INFO: [HLS 200-111] Finished File checks and directory preparation: CPU user time: 0.01 seconds. CPU system time: 0.01 seconds. Elapsed time: 10.02 seconds; current allocated memory: 317.656 MB.
INFO: [HLS 200-10] Analyzing design file 'matmul.cpp' ... 
INFO: [HLS 200-111] Finished Source Code Analysis and Preprocessing: CPU user time: 4.29 seconds. CPU system time: 0.65 seconds. Elapsed time: 4.94 seconds; current allocated memory: 317.656 MB.
INFO: [HLS 200-777] Using interface defaults for 'Vivado' flow target.
INFO: [HLS 214-188] Unrolling loop 'VITIS_LOOP_71_11' (matmul.cpp:71:27) in function 'matmul' partially with a factor of 2 (matmul.cpp:7:0)
INFO: [HLS 214-188] Unrolling loop 'VITIS_LOOP_59_9' (matmul.cpp:59:30) in function 'matmul' partially with a factor of 2 (matmul.cpp:7:0)
INFO: [HLS 214-188] Unrolling loop 'VITIS_LOOP_43_6' (matmul.cpp:43:26) in function 'matmul' partially with a factor of 2 (matmul.cpp:7:0)
INFO: [HLS 214-188] Unrolling loop 'VITIS_LOOP_32_4' (matmul.cpp:32:26) in function 'matmul' partially with a factor of 2 (matmul.cpp:7:0)
INFO: [HLS 214-188] Unrolling loop 'VITIS_LOOP_21_2' (matmul.cpp:21:26) in function 'matmul' partially with a factor of 2 (matmul.cpp:7:0)
INFO: [HLS 214-241] Aggregating maxi variable 'Matrix_C_DRAM' with compact=none mode in 16-bits
INFO: [HLS 214-241] Aggregating maxi variable 'Matrix_B_DRAM' with compact=none mode in 16-bits
INFO: [HLS 214-241] Aggregating maxi variable 'Matrix_A_DRAM' with compact=none mode in 16-bits
INFO: [HLS 214-115] Multiple burst reads of length 15000 and bit width 16 in loop 'VITIS_LOOP_19_1'(matmul.cpp:19:22) has been inferred on bundle 'mem1'. These burst requests might be further partitioned into multiple requests during RTL generation, based on max_read_burst_length or max_write_burst_length settings. (matmul.cpp:19:22)
INFO: [HLS 214-115] Multiple burst reads of length 30000 and bit width 16 in loop 'VITIS_LOOP_30_3'(matmul.cpp:30:22) has been inferred on bundle 'mem2'. These burst requests might be further partitioned into multiple requests during RTL generation, based on max_read_burst_length or max_write_burst_length settings. (matmul.cpp:30:22)
INFO: [HLS 214-115] Multiple burst writes of length 20000 and bit width 16 in loop 'VITIS_LOOP_69_10'(matmul.cpp:69:23) has been inferred on bundle 'mem1'. These burst requests might be further partitioned into multiple requests during RTL generation, based on max_read_burst_length or max_write_burst_length settings. (matmul.cpp:69:23)
INFO: [HLS 200-111] Finished Compiling Optimization and Transform: CPU user time: 4.73 seconds. CPU system time: 0.63 seconds. Elapsed time: 5.36 seconds; current allocated memory: 317.656 MB.
INFO: [HLS 200-111] Finished Checking Pragmas: CPU user time: 0 seconds. CPU system time: 0 seconds. Elapsed time: 0 seconds; current allocated memory: 317.656 MB.
INFO: [HLS 200-10] Starting code transformations ...
INFO: [HLS 200-111] Finished Standard Transforms: CPU user time: 0.03 seconds. CPU system time: 0 seconds. Elapsed time: 0.04 seconds; current allocated memory: 317.656 MB.
INFO: [HLS 200-10] Checking synthesizability ...
INFO: [HLS 200-111] Finished Checking Synthesizability: CPU user time: 0.05 seconds. CPU system time: 0.01 seconds. Elapsed time: 0.05 seconds; current allocated memory: 317.656 MB.
INFO: [HLS 200-111] Finished Loop, function and other optimizations: CPU user time: 0.11 seconds. CPU system time: 0.01 seconds. Elapsed time: 0.13 seconds; current allocated memory: 317.656 MB.
INFO: [XFORM 203-541] Flattening a loop nest 'VITIS_LOOP_19_1' (matmul.cpp:19:31) in function 'matmul'.
INFO: [XFORM 203-541] Flattening a loop nest 'VITIS_LOOP_30_3' (matmul.cpp:30:31) in function 'matmul'.
INFO: [XFORM 203-541] Flattening a loop nest 'VITIS_LOOP_41_5' (matmul.cpp:41:31) in function 'matmul'.
WARNING: [HLS 200-960] Cannot flatten loop 'VITIS_LOOP_57_8' (matmul.cpp:57:35) in function 'matmul' the outer loop is not a perfect loop because there is nontrivial logic in the loop latch.
INFO: [XFORM 203-541] Flattening a loop nest 'VITIS_LOOP_55_7' (matmul.cpp:55:31) in function 'matmul'.
INFO: [XFORM 203-541] Flattening a loop nest 'VITIS_LOOP_69_10' (matmul.cpp:69:32) in function 'matmul'.
INFO: [HLS 200-472] Inferring partial write operation for 'Matrix_A_BRAM.V' (matmul.cpp:25:22)
INFO: [HLS 200-472] Inferring partial write operation for 'Matrix_B_BRAM.V' (matmul.cpp:36:22)
INFO: [HLS 200-472] Inferring partial write operation for 'Matrix_C_BRAM.V' (matmul.cpp:47:22)
INFO: [HLS 200-472] Inferring partial write operation for 'Matrix_C_BRAM.V' 
INFO: [HLS 200-111] Finished Architecture Synthesis: CPU user time: 0.1 seconds. CPU system time: 0.01 seconds. Elapsed time: 0.11 seconds; current allocated memory: 381.656 MB.
INFO: [HLS 200-10] Starting hardware synthesis ...
INFO: [HLS 200-10] Synthesizing 'matmul' ...
INFO: [HLS 200-10] ----------------------------------------------------------------
INFO: [HLS 200-42] -- Implementing module 'matmul_Pipeline_VITIS_LOOP_19_1_VITIS_LOOP_21_2' 
INFO: [HLS 200-10] ----------------------------------------------------------------
INFO: [SCHED 204-11] Starting scheduling ...
INFO: [SCHED 204-61] Pipelining loop 'VITIS_LOOP_19_1_VITIS_LOOP_21_2'.
WARNING: [HLS 200-880] The II Violation in module 'matmul_Pipeline_VITIS_LOOP_19_1_VITIS_LOOP_21_2' (loop 'VITIS_LOOP_19_1_VITIS_LOOP_21_2'): Unable to enforce a carried dependence constraint (II = 1, distance = 1, offset = 1) between bus read operation ('mem1_addr_read_1', matmul.cpp:25) on port 'mem1' (matmul.cpp:25) and bus read operation ('mem1_addr_read', matmul.cpp:25) on port 'mem1' (matmul.cpp:25).
INFO: [HLS 200-1470] Pipelining result : Target II = 1, Final II = 2, Depth = 4, loop 'VITIS_LOOP_19_1_VITIS_LOOP_21_2'
INFO: [SCHED 204-11] Finished scheduling.
INFO: [HLS 200-111] Finished Scheduling: CPU user time: 0.08 seconds. CPU system time: 0.02 seconds. Elapsed time: 0.1 seconds; current allocated memory: 381.656 MB.
INFO: [BIND 205-100] Starting micro-architecture generation ...
INFO: [BIND 205-101] Performing variable lifetime analysis.
INFO: [BIND 205-101] Exploring resource sharing.
INFO: [BIND 205-101] Binding ...
INFO: [BIND 205-100] Finished micro-architecture generation.
INFO: [HLS 200-111] Finished Binding: CPU user time: 0.05 seconds. CPU system time: 0 seconds. Elapsed time: 0.05 seconds; current allocated memory: 381.656 MB.
INFO: [HLS 200-10] ----------------------------------------------------------------
INFO: [HLS 200-42] -- Implementing module 'matmul_Pipeline_VITIS_LOOP_30_3_VITIS_LOOP_32_4' 
INFO: [HLS 200-10] ----------------------------------------------------------------
INFO: [SCHED 204-11] Starting scheduling ...
INFO: [SCHED 204-61] Pipelining loop 'VITIS_LOOP_30_3_VITIS_LOOP_32_4'.
WARNING: [HLS 200-880] The II Violation in module 'matmul_Pipeline_VITIS_LOOP_30_3_VITIS_LOOP_32_4' (loop 'VITIS_LOOP_30_3_VITIS_LOOP_32_4'): Unable to enforce a carried dependence constraint (II = 1, distance = 1, offset = 1) between bus read operation ('mem2_addr_read_1', matmul.cpp:36) on port 'mem2' (matmul.cpp:36) and bus read operation ('mem2_addr_read', matmul.cpp:36) on port 'mem2' (matmul.cpp:36).
INFO: [HLS 200-1470] Pipelining result : Target II = 1, Final II = 2, Depth = 4, loop 'VITIS_LOOP_30_3_VITIS_LOOP_32_4'
INFO: [SCHED 204-11] Finished scheduling.
INFO: [HLS 200-111] Finished Scheduling: CPU user time: 0.1 seconds. CPU system time: 0 seconds. Elapsed time: 0.1 seconds; current allocated memory: 381.656 MB.
INFO: [BIND 205-100] Starting micro-architecture generation ...
INFO: [BIND 205-101] Performing variable lifetime analysis.
INFO: [BIND 205-101] Exploring resource sharing.
INFO: [BIND 205-101] Binding ...
INFO: [BIND 205-100] Finished micro-architecture generation.
INFO: [HLS 200-111] Finished Binding: CPU user time: 0.05 seconds. CPU system time: 0 seconds. Elapsed time: 0.05 seconds; current allocated memory: 381.656 MB.
INFO: [HLS 200-10] ----------------------------------------------------------------
INFO: [HLS 200-42] -- Implementing module 'matmul_Pipeline_VITIS_LOOP_41_5_VITIS_LOOP_43_6' 
INFO: [HLS 200-10] ----------------------------------------------------------------
INFO: [SCHED 204-11] Starting scheduling ...
INFO: [SCHED 204-61] Pipelining loop 'VITIS_LOOP_41_5_VITIS_LOOP_43_6'.
INFO: [HLS 200-1470] Pipelining result : Target II = 1, Final II = 1, Depth = 2, loop 'VITIS_LOOP_41_5_VITIS_LOOP_43_6'
INFO: [SCHED 204-11] Finished scheduling.
INFO: [HLS 200-111] Finished Scheduling: CPU user time: 0.09 seconds. CPU system time: 0 seconds. Elapsed time: 0.1 seconds; current allocated memory: 381.656 MB.
INFO: [BIND 205-100] Starting micro-architecture generation ...
INFO: [BIND 205-101] Performing variable lifetime analysis.
INFO: [BIND 205-101] Exploring resource sharing.
INFO: [BIND 205-101] Binding ...
INFO: [BIND 205-100] Finished micro-architecture generation.
INFO: [HLS 200-111] Finished Binding: CPU user time: 0.04 seconds. CPU system time: 0 seconds. Elapsed time: 0.04 seconds; current allocated memory: 381.656 MB.
INFO: [HLS 200-10] ----------------------------------------------------------------
INFO: [HLS 200-42] -- Implementing module 'matmul_Pipeline_VITIS_LOOP_59_9' 
INFO: [HLS 200-10] ----------------------------------------------------------------
INFO: [SCHED 204-11] Starting scheduling ...
INFO: [HLS 200-486] Changing DSP latency (root=mul_ln840) to 3 in order to utilize available DSP registers.
INFO: [HLS 200-486] Changing DSP latency (root=mul_ln840_1) to 3 in order to utilize available DSP registers.
INFO: [HLS 200-486] Changing DSP latency (root=mul_ln186_2) to 3 in order to utilize available DSP registers.
INFO: [HLS 200-486] Changing DSP latency (root=mul_ln186_1) to 3 in order to utilize available DSP registers.
INFO: [SCHED 204-61] Pipelining loop 'VITIS_LOOP_59_9'.
INFO: [HLS 200-1470] Pipelining result : Target II = 1, Final II = 1, Depth = 9, loop 'VITIS_LOOP_59_9'
INFO: [SCHED 204-11] Finished scheduling.
INFO: [HLS 200-111] Finished Scheduling: CPU user time: 0.1 seconds. CPU system time: 0 seconds. Elapsed time: 0.1 seconds; current allocated memory: 381.656 MB.
INFO: [BIND 205-100] Starting micro-architecture generation ...
INFO: [BIND 205-101] Performing variable lifetime analysis.
INFO: [BIND 205-101] Exploring resource sharing.
INFO: [BIND 205-101] Binding ...
INFO: [BIND 205-100] Finished micro-architecture generation.
INFO: [HLS 200-111] Finished Binding: CPU user time: 0.07 seconds. CPU system time: 0.01 seconds. Elapsed time: 0.07 seconds; current allocated memory: 381.656 MB.
INFO: [HLS 200-10] ----------------------------------------------------------------
INFO: [HLS 200-42] -- Implementing module 'matmul_Pipeline_VITIS_LOOP_69_10_VITIS_LOOP_71_11' 
INFO: [HLS 200-10] ----------------------------------------------------------------
INFO: [SCHED 204-11] Starting scheduling ...
INFO: [SCHED 204-61] Pipelining loop 'VITIS_LOOP_69_10_VITIS_LOOP_71_11'.
WARNING: [HLS 200-880] The II Violation in module 'matmul_Pipeline_VITIS_LOOP_69_10_VITIS_LOOP_71_11' (loop 'VITIS_LOOP_69_10_VITIS_LOOP_71_11'): Unable to enforce a carried dependence constraint (II = 1, distance = 1, offset = 1) between bus write operation ('mem1_addr_write_ln71', matmul.cpp:71) on port 'mem1' (matmul.cpp:71) and bus write operation ('mem1_addr_write_ln71', matmul.cpp:71) on port 'mem1' (matmul.cpp:71).
INFO: [HLS 200-1470] Pipelining result : Target II = 1, Final II = 2, Depth = 5, loop 'VITIS_LOOP_69_10_VITIS_LOOP_71_11'
INFO: [SCHED 204-11] Finished scheduling.
INFO: [HLS 200-111] Finished Scheduling: CPU user time: 0.1 seconds. CPU system time: 0 seconds. Elapsed time: 0.1 seconds; current allocated memory: 381.656 MB.
INFO: [BIND 205-100] Starting micro-architecture generation ...
INFO: [BIND 205-101] Performing variable lifetime analysis.
INFO: [BIND 205-101] Exploring resource sharing.
INFO: [BIND 205-101] Binding ...
INFO: [BIND 205-100] Finished micro-architecture generation.
INFO: [HLS 200-111] Finished Binding: CPU user time: 0.05 seconds. CPU system time: 0.01 seconds. Elapsed time: 0.06 seconds; current allocated memory: 381.656 MB.
INFO: [HLS 200-10] ----------------------------------------------------------------
INFO: [HLS 200-42] -- Implementing module 'matmul' 
INFO: [HLS 200-10] ----------------------------------------------------------------
INFO: [SCHED 204-11] Starting scheduling ...
INFO: [HLS 200-486] Changing DSP latency (root=empty_25) to 3 in order to utilize available DSP registers.
INFO: [SCHED 204-11] Finished scheduling.
INFO: [HLS 200-111] Finished Scheduling: CPU user time: 0.35 seconds. CPU system time: 0 seconds. Elapsed time: 0.35 seconds; current allocated memory: 381.656 MB.
INFO: [BIND 205-100] Starting micro-architecture generation ...
INFO: [BIND 205-101] Performing variable lifetime analysis.
INFO: [BIND 205-101] Exploring resource sharing.
INFO: [BIND 205-101] Binding ...
INFO: [BIND 205-100] Finished micro-architecture generation.
INFO: [HLS 200-111] Finished Binding: CPU user time: 0.79 seconds. CPU system time: 0.01 seconds. Elapsed time: 0.78 seconds; current allocated memory: 381.656 MB.
INFO: [HLS 200-10] ----------------------------------------------------------------
INFO: [HLS 200-10] -- Generating RTL for module 'matmul_Pipeline_VITIS_LOOP_19_1_VITIS_LOOP_21_2' 
INFO: [HLS 200-10] ----------------------------------------------------------------
INFO: [HLS 200-1030] Apply Unified Pipeline Control on module 'matmul_Pipeline_VITIS_LOOP_19_1_VITIS_LOOP_21_2' pipeline 'VITIS_LOOP_19_1_VITIS_LOOP_21_2' pipeline type 'loop pipeline'
WARNING: [RTGEN 206-101] Setting dangling out port 'matmul_Pipeline_VITIS_LOOP_19_1_VITIS_LOOP_21_2/m_axi_mem1_ARVALID' to 0.
WARNING: [RTGEN 206-101] Setting dangling out port 'matmul_Pipeline_VITIS_LOOP_19_1_VITIS_LOOP_21_2/m_axi_mem1_ARADDR' to 0.
WARNING: [RTGEN 206-101] Setting dangling out port 'matmul_Pipeline_VITIS_LOOP_19_1_VITIS_LOOP_21_2/m_axi_mem1_ARID' to 0.
WARNING: [RTGEN 206-101] Setting dangling out port 'matmul_Pipeline_VITIS_LOOP_19_1_VITIS_LOOP_21_2/m_axi_mem1_ARLEN' to 0.
WARNING: [RTGEN 206-101] Setting dangling out port 'matmul_Pipeline_VITIS_LOOP_19_1_VITIS_LOOP_21_2/m_axi_mem1_ARSIZE' to 0.
WARNING: [RTGEN 206-101] Setting dangling out port 'matmul_Pipeline_VITIS_LOOP_19_1_VITIS_LOOP_21_2/m_axi_mem1_ARBURST' to 0.
WARNING: [RTGEN 206-101] Setting dangling out port 'matmul_Pipeline_VITIS_LOOP_19_1_VITIS_LOOP_21_2/m_axi_mem1_ARLOCK' to 0.
WARNING: [RTGEN 206-101] Setting dangling out port 'matmul_Pipeline_VITIS_LOOP_19_1_VITIS_LOOP_21_2/m_axi_mem1_ARCACHE' to 0.
WARNING: [RTGEN 206-101] Setting dangling out port 'matmul_Pipeline_VITIS_LOOP_19_1_VITIS_LOOP_21_2/m_axi_mem1_ARPROT' to 0.
WARNING: [RTGEN 206-101] Setting dangling out port 'matmul_Pipeline_VITIS_LOOP_19_1_VITIS_LOOP_21_2/m_axi_mem1_ARQOS' to 0.
WARNING: [RTGEN 206-101] Setting dangling out port 'matmul_Pipeline_VITIS_LOOP_19_1_VITIS_LOOP_21_2/m_axi_mem1_ARREGION' to 0.
WARNING: [RTGEN 206-101] Setting dangling out port 'matmul_Pipeline_VITIS_LOOP_19_1_VITIS_LOOP_21_2/m_axi_mem1_ARUSER' to 0.
INFO: [RTGEN 206-100] Generating core module 'mul_7ns_9ns_14_1_1': 1 instance(s).
INFO: [RTGEN 206-100] Finished creating RTL model for 'matmul_Pipeline_VITIS_LOOP_19_1_VITIS_LOOP_21_2'.
INFO: [HLS 200-111] Finished Creating RTL model: CPU user time: 0.33 seconds. CPU system time: 0.01 seconds. Elapsed time: 0.34 seconds; current allocated memory: 381.656 MB.
INFO: [HLS 200-10] ----------------------------------------------------------------
INFO: [HLS 200-10] -- Generating RTL for module 'matmul_Pipeline_VITIS_LOOP_30_3_VITIS_LOOP_32_4' 
INFO: [HLS 200-10] ----------------------------------------------------------------
INFO: [HLS 200-1030] Apply Unified Pipeline Control on module 'matmul_Pipeline_VITIS_LOOP_30_3_VITIS_LOOP_32_4' pipeline 'VITIS_LOOP_30_3_VITIS_LOOP_32_4' pipeline type 'loop pipeline'
WARNING: [RTGEN 206-101] Setting dangling out port 'matmul_Pipeline_VITIS_LOOP_30_3_VITIS_LOOP_32_4/m_axi_mem2_ARVALID' to 0.
WARNING: [RTGEN 206-101] Setting dangling out port 'matmul_Pipeline_VITIS_LOOP_30_3_VITIS_LOOP_32_4/m_axi_mem2_ARADDR' to 0.
WARNING: [RTGEN 206-101] Setting dangling out port 'matmul_Pipeline_VITIS_LOOP_30_3_VITIS_LOOP_32_4/m_axi_mem2_ARID' to 0.
WARNING: [RTGEN 206-101] Setting dangling out port 'matmul_Pipeline_VITIS_LOOP_30_3_VITIS_LOOP_32_4/m_axi_mem2_ARLEN' to 0.
WARNING: [RTGEN 206-101] Setting dangling out port 'matmul_Pipeline_VITIS_LOOP_30_3_VITIS_LOOP_32_4/m_axi_mem2_ARSIZE' to 0.
WARNING: [RTGEN 206-101] Setting dangling out port 'matmul_Pipeline_VITIS_LOOP_30_3_VITIS_LOOP_32_4/m_axi_mem2_ARBURST' to 0.
WARNING: [RTGEN 206-101] Setting dangling out port 'matmul_Pipeline_VITIS_LOOP_30_3_VITIS_LOOP_32_4/m_axi_mem2_ARLOCK' to 0.
WARNING: [RTGEN 206-101] Setting dangling out port 'matmul_Pipeline_VITIS_LOOP_30_3_VITIS_LOOP_32_4/m_axi_mem2_ARCACHE' to 0.
WARNING: [RTGEN 206-101] Setting dangling out port 'matmul_Pipeline_VITIS_LOOP_30_3_VITIS_LOOP_32_4/m_axi_mem2_ARPROT' to 0.
WARNING: [RTGEN 206-101] Setting dangling out port 'matmul_Pipeline_VITIS_LOOP_30_3_VITIS_LOOP_32_4/m_axi_mem2_ARQOS' to 0.
WARNING: [RTGEN 206-101] Setting dangling out port 'matmul_Pipeline_VITIS_LOOP_30_3_VITIS_LOOP_32_4/m_axi_mem2_ARREGION' to 0.
WARNING: [RTGEN 206-101] Setting dangling out port 'matmul_Pipeline_VITIS_LOOP_30_3_VITIS_LOOP_32_4/m_axi_mem2_ARUSER' to 0.
INFO: [RTGEN 206-100] Generating core module 'mul_8ns_9ns_15_1_1': 1 instance(s).
INFO: [RTGEN 206-100] Finished creating RTL model for 'matmul_Pipeline_VITIS_LOOP_30_3_VITIS_LOOP_32_4'.
INFO: [HLS 200-111] Finished Creating RTL model: CPU user time: 0.19 seconds. CPU system time: 0.01 seconds. Elapsed time: 0.21 seconds; current allocated memory: 381.656 MB.
INFO: [HLS 200-10] ----------------------------------------------------------------
INFO: [HLS 200-10] -- Generating RTL for module 'matmul_Pipeline_VITIS_LOOP_41_5_VITIS_LOOP_43_6' 
INFO: [HLS 200-10] ----------------------------------------------------------------
INFO: [HLS 200-1030] Apply Unified Pipeline Control on module 'matmul_Pipeline_VITIS_LOOP_41_5_VITIS_LOOP_43_6' pipeline 'VITIS_LOOP_41_5_VITIS_LOOP_43_6' pipeline type 'loop pipeline'
INFO: [RTGEN 206-100] Generating core module 'mul_7ns_9ns_15_1_1': 1 instance(s).
INFO: [RTGEN 206-100] Finished creating RTL model for 'matmul_Pipeline_VITIS_LOOP_41_5_VITIS_LOOP_43_6'.
INFO: [HLS 200-111] Finished Creating RTL model: CPU user time: 0.18 seconds. CPU system time: 0.01 seconds. Elapsed time: 0.18 seconds; current allocated memory: 381.656 MB.
INFO: [HLS 200-10] ----------------------------------------------------------------
INFO: [HLS 200-10] -- Generating RTL for module 'matmul_Pipeline_VITIS_LOOP_59_9' 
INFO: [HLS 200-10] ----------------------------------------------------------------
INFO: [HLS 200-1030] Apply Unified Pipeline Control on module 'matmul_Pipeline_VITIS_LOOP_59_9' pipeline 'VITIS_LOOP_59_9' pipeline type 'loop pipeline'
INFO: [RTGEN 206-100] Generating core module 'mac_muladd_16s_16s_16ns_16_4_1': 1 instance(s).
INFO: [RTGEN 206-100] Generating core module 'mac_muladd_8ns_8ns_8ns_15_4_1': 2 instance(s).
INFO: [RTGEN 206-100] Generating core module 'mul_mul_16s_16s_16_4_1': 1 instance(s).
INFO: [RTGEN 206-100] Finished creating RTL model for 'matmul_Pipeline_VITIS_LOOP_59_9'.
INFO: [HLS 200-111] Finished Creating RTL model: CPU user time: 0.16 seconds. CPU system time: 0.01 seconds. Elapsed time: 0.17 seconds; current allocated memory: 381.656 MB.
INFO: [HLS 200-10] ----------------------------------------------------------------
INFO: [HLS 200-10] -- Generating RTL for module 'matmul_Pipeline_VITIS_LOOP_69_10_VITIS_LOOP_71_11' 
INFO: [HLS 200-10] ----------------------------------------------------------------
INFO: [HLS 200-1030] Apply Unified Pipeline Control on module 'matmul_Pipeline_VITIS_LOOP_69_10_VITIS_LOOP_71_11' pipeline 'VITIS_LOOP_69_10_VITIS_LOOP_71_11' pipeline type 'loop pipeline'
WARNING: [RTGEN 206-101] Setting dangling out port 'matmul_Pipeline_VITIS_LOOP_69_10_VITIS_LOOP_71_11/m_axi_mem1_AWVALID' to 0.
WARNING: [RTGEN 206-101] Setting dangling out port 'matmul_Pipeline_VITIS_LOOP_69_10_VITIS_LOOP_71_11/m_axi_mem1_AWADDR' to 0.
WARNING: [RTGEN 206-101] Setting dangling out port 'matmul_Pipeline_VITIS_LOOP_69_10_VITIS_LOOP_71_11/m_axi_mem1_AWID' to 0.
WARNING: [RTGEN 206-101] Setting dangling out port 'matmul_Pipeline_VITIS_LOOP_69_10_VITIS_LOOP_71_11/m_axi_mem1_AWLEN' to 0.
WARNING: [RTGEN 206-101] Setting dangling out port 'matmul_Pipeline_VITIS_LOOP_69_10_VITIS_LOOP_71_11/m_axi_mem1_AWSIZE' to 0.
WARNING: [RTGEN 206-101] Setting dangling out port 'matmul_Pipeline_VITIS_LOOP_69_10_VITIS_LOOP_71_11/m_axi_mem1_AWBURST' to 0.
WARNING: [RTGEN 206-101] Setting dangling out port 'matmul_Pipeline_VITIS_LOOP_69_10_VITIS_LOOP_71_11/m_axi_mem1_AWLOCK' to 0.
WARNING: [RTGEN 206-101] Setting dangling out port 'matmul_Pipeline_VITIS_LOOP_69_10_VITIS_LOOP_71_11/m_axi_mem1_AWCACHE' to 0.
WARNING: [RTGEN 206-101] Setting dangling out port 'matmul_Pipeline_VITIS_LOOP_69_10_VITIS_LOOP_71_11/m_axi_mem1_AWPROT' to 0.
WARNING: [RTGEN 206-101] Setting dangling out port 'matmul_Pipeline_VITIS_LOOP_69_10_VITIS_LOOP_71_11/m_axi_mem1_AWQOS' to 0.
WARNING: [RTGEN 206-101] Setting dangling out port 'matmul_Pipeline_VITIS_LOOP_69_10_VITIS_LOOP_71_11/m_axi_mem1_AWREGION' to 0.
WARNING: [RTGEN 206-101] Setting dangling out port 'matmul_Pipeline_VITIS_LOOP_69_10_VITIS_LOOP_71_11/m_axi_mem1_AWUSER' to 0.
WARNING: [RTGEN 206-101] Setting dangling out port 'matmul_Pipeline_VITIS_LOOP_69_10_VITIS_LOOP_71_11/m_axi_mem1_BREADY' to 0.
INFO: [RTGEN 206-100] Generating core module 'mul_7ns_9ns_15_1_1': 1 instance(s).
INFO: [RTGEN 206-100] Finished creating RTL model for 'matmul_Pipeline_VITIS_LOOP_69_10_VITIS_LOOP_71_11'.
INFO: [HLS 200-111] Finished Creating RTL model: CPU user time: 0.17 seconds. CPU system time: 0.01 seconds. Elapsed time: 0.18 seconds; current allocated memory: 381.656 MB.
INFO: [HLS 200-10] ----------------------------------------------------------------
INFO: [HLS 200-10] -- Generating RTL for module 'matmul' 
INFO: [HLS 200-10] ----------------------------------------------------------------
WARNING: [RTGEN 206-101] Design contains AXI ports. Reset is fixed to synchronous and active low.
INFO: [RTGEN 206-500] Setting interface mode on port 'matmul/mem1' to 'm_axi'.
INFO: [RTGEN 206-500] Setting interface mode on port 'matmul/mem2' to 'm_axi'.
INFO: [RTGEN 206-500] Setting interface mode on port 'matmul/Matrix_A_DRAM' to 's_axilite & ap_none'.
INFO: [RTGEN 206-500] Setting interface mode on port 'matmul/Matrix_B_DRAM' to 's_axilite & ap_none'.
INFO: [RTGEN 206-500] Setting interface mode on port 'matmul/Matrix_C_DRAM' to 's_axilite & ap_none'.
INFO: [RTGEN 206-500] Setting interface mode on function 'matmul' to 's_axilite & ap_ctrl_hs'.
INFO: [RTGEN 206-100] Bundling port 'Matrix_A_DRAM', 'Matrix_B_DRAM', 'Matrix_C_DRAM' and 'return' to AXI-Lite port control.
INFO: [RTGEN 206-100] Generating core module 'mac_muladd_7ns_8ns_8ns_15_4_1': 1 instance(s).
INFO: [RTGEN 206-100] Generating core module 'mul_7ns_9ns_14_1_1': 1 instance(s).
INFO: [RTGEN 206-100] Finished creating RTL model for 'matmul'.
INFO: [RTMG 210-278] Implementing memory 'matmul_Matrix_A_BRAM_V_RAM_AUTO_1R1W' using auto RAMs.
INFO: [RTMG 210-278] Implementing memory 'matmul_Matrix_B_BRAM_V_RAM_AUTO_1R1W' using auto RAMs.
INFO: [RTMG 210-278] Implementing memory 'matmul_Matrix_C_BRAM_V_RAM_AUTO_1R1W' using auto RAMs.
INFO: [HLS 200-111] Finished Creating RTL model: CPU user time: 0.25 seconds. CPU system time: 0.01 seconds. Elapsed time: 0.27 seconds; current allocated memory: 381.656 MB.
INFO: [HLS 200-111] Finished Generating all RTL models: CPU user time: 0.89 seconds. CPU system time: 0.08 seconds. Elapsed time: 0.97 seconds; current allocated memory: 381.656 MB.
INFO: [HLS 200-1603] Design has inferred MAXI bursts and missed bursts, see Vitis HLS GUI synthesis summary report for detailed information.
INFO: [HLS 200-111] Finished Updating report files: CPU user time: 0.81 seconds. CPU system time: 0.04 seconds. Elapsed time: 0.84 seconds; current allocated memory: 381.656 MB.
