Tue Oct  6 17:15:02 2026: Running xcd server. This server was built by gradle.
Tue Oct  6 17:15:02 2026: Server was asked to start on port: '38593'
Tue Oct  6 17:15:02 2026: Server is using token UUID: 'f7b51001-acce-4ea9-b745-eee11a1a39a2'
Tue Oct  6 17:15:02 2026: SESSION_MGR: creating session with session uuid: '6d04a3e9-ade5-4ab9-8d63-1f78fcd2ec76' and name 'default'
Tue Oct  6 17:15:02 2026: Attempting to start server on port '38593'
Tue Oct  6 17:15:02 2026: XCD main fifo: created main fifo '/tmp/xcdmainf7b51001-acce-4ea9-b745-eee11a1a39a2', fd read = 13
Tue Oct  6 17:15:02 2026: Running Dispatch Server
Tue Oct  6 17:15:02 2026: Version 2.2.0
Tue Oct  6 17:15:10 2026: Dispatch Server: Accepted socket connection from client
Tue Oct  6 17:15:10 2026: Starting Socket connection
Tue Oct  6 17:15:10 2026: EXCHANGE_TOKEN received, server token: f7b51001-acce-4ea9-b745-eee11a1a39a2, passed token: f7b51001-acce-4ea9-b745-eee11a1a39a2
Tue Oct  6 17:15:10 2026: SESSION_MGR: creating session with session uuid: '5c029053-32b1-4156-896f-0fca5ba25d86' and name 'vitis_hls'
Tue Oct  6 17:15:10 2026: KERNEL_SVC: creating session with uuid: '5c029053-32b1-4156-896f-0fca5ba25d86' and name 'vitis_hls'
Tue Oct  6 17:15:10 2026: GUIDANCE_SMGR: creating guidance session with uuid: '5c029053-32b1-4156-896f-0fca5ba25d86' and name 'vitis_hls'
Tue Oct  6 17:16:33 2026: STOP_SERVER received, server token: f7b51001-acce-4ea9-b745-eee11a1a39a2, passed token: f7b51001-acce-4ea9-b745-eee11a1a39a2
Tue Oct  6 17:16:33 2026: Socket received request to stop server.
Tue Oct  6 17:16:33 2026: Dispatch Server: do_await_stop
Tue Oct  6 17:16:33 2026: Dispatch Server: stopping mainFifo_
Tue Oct  6 17:16:33 2026: XCD main fifo: Stopping
Tue Oct  6 17:16:33 2026: XCD main fifo: do_read error code: Operation canceled
Tue Oct  6 17:16:33 2026: XCD main fifo: bytes_transferred: 0
Tue Oct  6 17:16:33 2026: SERVER: destructor for server bound to port 38593
Tue Oct  6 17:16:33 2026: XCD main fifo: Good unlink of /tmp/xcdmainf7b51001-acce-4ea9-b745-eee11a1a39a2
Tue Oct  6 17:16:33 2026: Server exiting with status 0.
Tue Oct  6 17:16:33 2026: Closing log file.
