

================================================================
== Vitis HLS Report for 'conv'
================================================================
* Date:           Wed Oct  7 16:46:10 2026

* Version:        2022.2 (Build 3670227 on Oct 13 2022)
* Project:        vitis.prj
* Solution:       solution1 (Vivado IP Flow Target)
* Product family: zynq
* Target device:  xc7z020-clg400-1


================================================================
== Performance Estimates
================================================================
+ Timing: 
    * Summary: 
    +--------+----------+----------+------------+
    |  Clock |  Target  | Estimated| Uncertainty|
    +--------+----------+----------+------------+
    |ap_clk  |  10.00 ns|  7.300 ns|     2.70 ns|
    +--------+----------+----------+------------+

+ Latency: 
    * Summary: 
    +-------------+-------------+-------------+-------------+-------------+-------------+---------+
    |      Latency (cycles)     |     Latency (absolute)    |          Interval         | Pipeline|
    |     min     |     max     |     min     |     max     |     min     |     max     |   Type  |
    +-------------+-------------+-------------+-------------+-------------+-------------+---------+
    |  10190523825|  10190523825|  101.905 sec|  101.905 sec|  10190523826|  10190523826|       no|
    +-------------+-------------+-------------+-------------+-------------+-------------+---------+

    + Detail: 
        * Instance: 
        +------------------------------------------------------------------------------------------+-------------------------------------------------------------------------------+-------------+-------------+-------------+-------------+-------------+-------------+---------+
        |                                                                                          |                                                                               |      Latency (cycles)     |     Latency (absolute)    |          Interval         | Pipeline|
        |                                         Instance                                         |                                     Module                                    |     min     |     max     |     min     |     max     |     min     |     max     |   Type  |
        +------------------------------------------------------------------------------------------+-------------------------------------------------------------------------------+-------------+-------------+-------------+-------------+-------------+-------------+---------+
        |grp_conv_Pipeline_VITIS_LOOP_29_2_VITIS_LOOP_30_3_fu_146                                  |conv_Pipeline_VITIS_LOOP_29_2_VITIS_LOOP_30_3                                  |         3027|         3027|    30.270 us|    30.270 us|         3027|         3027|       no|
        |grp_conv_Pipeline_VITIS_LOOP_38_4_VITIS_LOOP_40_6_VITIS_LOOP_46_8_VITIS_LOOP_47_9_fu_155  |conv_Pipeline_VITIS_LOOP_38_4_VITIS_LOOP_40_6_VITIS_LOOP_46_8_VITIS_LOOP_47_9  |  10190136014|  10190136014|  101.901 sec|  101.901 sec|  10190136014|  10190136014|       no|
        |grp_conv_Pipeline_VITIS_LOOP_62_10_VITIS_LOOP_63_11_VITIS_LOOP_64_12_fu_166               |conv_Pipeline_VITIS_LOOP_62_10_VITIS_LOOP_63_11_VITIS_LOOP_64_12               |       193748|       193748|     1.937 ms|     1.937 ms|       193748|       193748|       no|
        +------------------------------------------------------------------------------------------+-------------------------------------------------------------------------------+-------------+-------------+-------------+-------------+-------------+-------------+---------+

        * Loop: 
        +-------------------+---------+---------+----------+-----------+-----------+------+----------+
        |                   |  Latency (cycles) | Iteration|  Initiation Interval  | Trip |          |
        |     Loop Name     |   min   |   max   |  Latency |  achieved |   target  | Count| Pipelined|
        +-------------------+---------+---------+----------+-----------+-----------+------+----------+
        |- VITIS_LOOP_28_1  |   193920|   193920|      3030|          -|          -|    64|        no|
        +-------------------+---------+---------+----------+-----------+-----------+------+----------+



================================================================
== Utilization Estimates
================================================================
* Summary: 
+-----------------+---------+-----+--------+-------+-----+
|       Name      | BRAM_18K| DSP |   FF   |  LUT  | URAM|
+-----------------+---------+-----+--------+-------+-----+
|DSP              |        -|    -|       -|      -|    -|
|Expression       |        -|    -|       0|     25|    -|
|FIFO             |        -|    -|       -|      -|    -|
|Instance         |        0|   13|    4311|   8021|    -|
|Memory           |        -|    -|       -|      -|    -|
|Multiplexer      |        -|    -|       -|   1102|    -|
|Register         |        -|    -|     506|      -|    -|
+-----------------+---------+-----+--------+-------+-----+
|Total            |        0|   13|    4817|   9148|    0|
+-----------------+---------+-----+--------+-------+-----+
|Available        |      280|  220|  106400|  53200|    0|
+-----------------+---------+-----+--------+-------+-----+
|Utilization (%)  |        0|    5|       4|     17|    0|
+-----------------+---------+-----+--------+-------+-----+

+ Detail: 
    * Instance: 
    +------------------------------------------------------------------------------------------+-------------------------------------------------------------------------------+---------+----+------+------+-----+
    |                                         Instance                                         |                                     Module                                    | BRAM_18K| DSP|  FF  |  LUT | URAM|
    +------------------------------------------------------------------------------------------+-------------------------------------------------------------------------------+---------+----+------+------+-----+
    |control_s_axi_U                                                                           |control_s_axi                                                                  |        0|   0|   316|   552|    0|
    |grp_conv_Pipeline_VITIS_LOOP_29_2_VITIS_LOOP_30_3_fu_146                                  |conv_Pipeline_VITIS_LOOP_29_2_VITIS_LOOP_30_3                                  |        0|   0|    15|    73|    0|
    |grp_conv_Pipeline_VITIS_LOOP_38_4_VITIS_LOOP_40_6_VITIS_LOOP_46_8_VITIS_LOOP_47_9_fu_155  |conv_Pipeline_VITIS_LOOP_38_4_VITIS_LOOP_40_6_VITIS_LOOP_46_8_VITIS_LOOP_47_9  |        0|  12|  1757|  4041|    0|
    |grp_conv_Pipeline_VITIS_LOOP_62_10_VITIS_LOOP_63_11_VITIS_LOOP_64_12_fu_166               |conv_Pipeline_VITIS_LOOP_62_10_VITIS_LOOP_63_11_VITIS_LOOP_64_12               |        0|   1|   787|   719|    0|
    |mem1_m_axi_U                                                                              |mem1_m_axi                                                                     |        0|   0|   718|  1318|    0|
    |mem2_m_axi_U                                                                              |mem2_m_axi                                                                     |        0|   0|   718|  1318|    0|
    +------------------------------------------------------------------------------------------+-------------------------------------------------------------------------------+---------+----+------+------+-----+
    |Total                                                                                     |                                                                               |        0|  13|  4311|  8021|    0|
    +------------------------------------------------------------------------------------------+-------------------------------------------------------------------------------+---------+----+------+------+-----+

    * DSP: 
    N/A

    * Memory: 
    N/A

    * FIFO: 
    N/A

    * Expression: 
    +---------------------+----------+----+---+----+------------+------------+
    |    Variable Name    | Operation| DSP| FF| LUT| Bitwidth P0| Bitwidth P1|
    +---------------------+----------+----+---+----+------------+------------+
    |add_ln28_fu_227_p2   |         +|   0|  0|  14|           7|           1|
    |icmp_ln28_fu_221_p2  |      icmp|   0|  0|  11|           7|           8|
    +---------------------+----------+----+---+----+------------+------------+
    |Total                |          |   0|  0|  25|          14|           9|
    +---------------------+----------+----+---+----+------------+------------+

    * Multiplexer: 
    +---------------+-----+-----------+-----+-----------+
    |      Name     | LUT | Input Size| Bits| Total Bits|
    +---------------+-----+-----------+-----+-----------+
    |ap_NS_fsm      |  785|        147|    1|        147|
    |mem1_ARADDR    |   14|          3|   64|        192|
    |mem1_ARLEN     |   14|          3|   32|         96|
    |mem1_ARVALID   |   14|          3|    1|          3|
    |mem1_AWADDR    |   25|          5|   64|        320|
    |mem1_AWLEN     |   25|          5|   32|        160|
    |mem1_AWVALID   |   25|          5|    1|          5|
    |mem1_BREADY    |   25|          5|    1|          5|
    |mem1_RREADY    |   14|          3|    1|          3|
    |mem1_WDATA     |   20|          4|   32|        128|
    |mem1_WSTRB     |   20|          4|    4|         16|
    |mem1_WVALID    |   20|          4|    1|          4|
    |mem1_blk_n_AW  |    9|          2|    1|          2|
    |mem1_blk_n_B   |    9|          2|    1|          2|
    |mem2_ARADDR    |   14|          3|   64|        192|
    |mem2_ARLEN     |   14|          3|   32|         96|
    |mem2_ARVALID   |   14|          3|    1|          3|
    |mem2_RREADY    |   14|          3|    1|          3|
    |mem2_blk_n_AR  |    9|          2|    1|          2|
    |mem2_blk_n_R   |    9|          2|    1|          2|
    |x_fu_98        |    9|          2|    7|         14|
    +---------------+-----+-----------+-----+-----------+
    |Total          | 1102|        213|  343|       1395|
    +---------------+-----+-----------+-----+-----------+

    * Register: 
    +-------------------------------------------------------------------------------------------------------+-----+----+-----+-----------+
    |                                                  Name                                                 |  FF | LUT| Bits| Const Bits|
    +-------------------------------------------------------------------------------------------------------+-----+----+-----+-----------+
    |ap_CS_fsm                                                                                              |  146|   0|  146|          0|
    |grp_conv_Pipeline_VITIS_LOOP_29_2_VITIS_LOOP_30_3_fu_146_ap_start_reg                                  |    1|   0|    1|          0|
    |grp_conv_Pipeline_VITIS_LOOP_38_4_VITIS_LOOP_40_6_VITIS_LOOP_46_8_VITIS_LOOP_47_9_fu_155_ap_start_reg  |    1|   0|    1|          0|
    |grp_conv_Pipeline_VITIS_LOOP_62_10_VITIS_LOOP_63_11_VITIS_LOOP_64_12_fu_166_ap_start_reg               |    1|   0|    1|          0|
    |input_fm_read_reg_256                                                                                  |   64|   0|   64|          0|
    |mem2_addr_read_reg_281                                                                                 |   32|   0|   32|          0|
    |mem2_addr_reg_267                                                                                      |   64|   0|   64|          0|
    |output_fm_read_reg_245                                                                                 |   64|   0|   64|          0|
    |trunc_ln_reg_261                                                                                       |   62|   0|   62|          0|
    |weights_read_reg_251                                                                                   |   64|   0|   64|          0|
    |x_fu_98                                                                                                |    7|   0|    7|          0|
    +-------------------------------------------------------------------------------------------------------+-----+----+-----+-----------+
    |Total                                                                                                  |  506|   0|  506|          0|
    +-------------------------------------------------------------------------------------------------------+-----+----+-----+-----------+



================================================================
== Interface
================================================================
* Summary: 
+-----------------------+-----+-----+------------+--------------+--------------+
|       RTL Ports       | Dir | Bits|  Protocol  | Source Object|    C Type    |
+-----------------------+-----+-----+------------+--------------+--------------+
|s_axi_control_AWVALID  |   in|    1|       s_axi|       control|        scalar|
|s_axi_control_AWREADY  |  out|    1|       s_axi|       control|        scalar|
|s_axi_control_AWADDR   |   in|    6|       s_axi|       control|        scalar|
|s_axi_control_WVALID   |   in|    1|       s_axi|       control|        scalar|
|s_axi_control_WREADY   |  out|    1|       s_axi|       control|        scalar|
|s_axi_control_WDATA    |   in|   32|       s_axi|       control|        scalar|
|s_axi_control_WSTRB    |   in|    4|       s_axi|       control|        scalar|
|s_axi_control_ARVALID  |   in|    1|       s_axi|       control|        scalar|
|s_axi_control_ARREADY  |  out|    1|       s_axi|       control|        scalar|
|s_axi_control_ARADDR   |   in|    6|       s_axi|       control|        scalar|
|s_axi_control_RVALID   |  out|    1|       s_axi|       control|        scalar|
|s_axi_control_RREADY   |   in|    1|       s_axi|       control|        scalar|
|s_axi_control_RDATA    |  out|   32|       s_axi|       control|        scalar|
|s_axi_control_RRESP    |  out|    2|       s_axi|       control|        scalar|
|s_axi_control_BVALID   |  out|    1|       s_axi|       control|        scalar|
|s_axi_control_BREADY   |   in|    1|       s_axi|       control|        scalar|
|s_axi_control_BRESP    |  out|    2|       s_axi|       control|        scalar|
|ap_clk                 |   in|    1|  ap_ctrl_hs|          conv|  return value|
|ap_rst_n               |   in|    1|  ap_ctrl_hs|          conv|  return value|
|interrupt              |  out|    1|  ap_ctrl_hs|          conv|  return value|
|m_axi_mem1_AWVALID     |  out|    1|       m_axi|          mem1|       pointer|
|m_axi_mem1_AWREADY     |   in|    1|       m_axi|          mem1|       pointer|
|m_axi_mem1_AWADDR      |  out|   64|       m_axi|          mem1|       pointer|
|m_axi_mem1_AWID        |  out|    1|       m_axi|          mem1|       pointer|
|m_axi_mem1_AWLEN       |  out|    8|       m_axi|          mem1|       pointer|
|m_axi_mem1_AWSIZE      |  out|    3|       m_axi|          mem1|       pointer|
|m_axi_mem1_AWBURST     |  out|    2|       m_axi|          mem1|       pointer|
|m_axi_mem1_AWLOCK      |  out|    2|       m_axi|          mem1|       pointer|
|m_axi_mem1_AWCACHE     |  out|    4|       m_axi|          mem1|       pointer|
|m_axi_mem1_AWPROT      |  out|    3|       m_axi|          mem1|       pointer|
|m_axi_mem1_AWQOS       |  out|    4|       m_axi|          mem1|       pointer|
|m_axi_mem1_AWREGION    |  out|    4|       m_axi|          mem1|       pointer|
|m_axi_mem1_AWUSER      |  out|    1|       m_axi|          mem1|       pointer|
|m_axi_mem1_WVALID      |  out|    1|       m_axi|          mem1|       pointer|
|m_axi_mem1_WREADY      |   in|    1|       m_axi|          mem1|       pointer|
|m_axi_mem1_WDATA       |  out|   32|       m_axi|          mem1|       pointer|
|m_axi_mem1_WSTRB       |  out|    4|       m_axi|          mem1|       pointer|
|m_axi_mem1_WLAST       |  out|    1|       m_axi|          mem1|       pointer|
|m_axi_mem1_WID         |  out|    1|       m_axi|          mem1|       pointer|
|m_axi_mem1_WUSER       |  out|    1|       m_axi|          mem1|       pointer|
|m_axi_mem1_ARVALID     |  out|    1|       m_axi|          mem1|       pointer|
|m_axi_mem1_ARREADY     |   in|    1|       m_axi|          mem1|       pointer|
|m_axi_mem1_ARADDR      |  out|   64|       m_axi|          mem1|       pointer|
|m_axi_mem1_ARID        |  out|    1|       m_axi|          mem1|       pointer|
|m_axi_mem1_ARLEN       |  out|    8|       m_axi|          mem1|       pointer|
|m_axi_mem1_ARSIZE      |  out|    3|       m_axi|          mem1|       pointer|
|m_axi_mem1_ARBURST     |  out|    2|       m_axi|          mem1|       pointer|
|m_axi_mem1_ARLOCK      |  out|    2|       m_axi|          mem1|       pointer|
|m_axi_mem1_ARCACHE     |  out|    4|       m_axi|          mem1|       pointer|
|m_axi_mem1_ARPROT      |  out|    3|       m_axi|          mem1|       pointer|
|m_axi_mem1_ARQOS       |  out|    4|       m_axi|          mem1|       pointer|
|m_axi_mem1_ARREGION    |  out|    4|       m_axi|          mem1|       pointer|
|m_axi_mem1_ARUSER      |  out|    1|       m_axi|          mem1|       pointer|
|m_axi_mem1_RVALID      |   in|    1|       m_axi|          mem1|       pointer|
|m_axi_mem1_RREADY      |  out|    1|       m_axi|          mem1|       pointer|
|m_axi_mem1_RDATA       |   in|   32|       m_axi|          mem1|       pointer|
|m_axi_mem1_RLAST       |   in|    1|       m_axi|          mem1|       pointer|
|m_axi_mem1_RID         |   in|    1|       m_axi|          mem1|       pointer|
|m_axi_mem1_RUSER       |   in|    1|       m_axi|          mem1|       pointer|
|m_axi_mem1_RRESP       |   in|    2|       m_axi|          mem1|       pointer|
|m_axi_mem1_BVALID      |   in|    1|       m_axi|          mem1|       pointer|
|m_axi_mem1_BREADY      |  out|    1|       m_axi|          mem1|       pointer|
|m_axi_mem1_BRESP       |   in|    2|       m_axi|          mem1|       pointer|
|m_axi_mem1_BID         |   in|    1|       m_axi|          mem1|       pointer|
|m_axi_mem1_BUSER       |   in|    1|       m_axi|          mem1|       pointer|
|m_axi_mem2_AWVALID     |  out|    1|       m_axi|          mem2|       pointer|
|m_axi_mem2_AWREADY     |   in|    1|       m_axi|          mem2|       pointer|
|m_axi_mem2_AWADDR      |  out|   64|       m_axi|          mem2|       pointer|
|m_axi_mem2_AWID        |  out|    1|       m_axi|          mem2|       pointer|
|m_axi_mem2_AWLEN       |  out|    8|       m_axi|          mem2|       pointer|
|m_axi_mem2_AWSIZE      |  out|    3|       m_axi|          mem2|       pointer|
|m_axi_mem2_AWBURST     |  out|    2|       m_axi|          mem2|       pointer|
|m_axi_mem2_AWLOCK      |  out|    2|       m_axi|          mem2|       pointer|
|m_axi_mem2_AWCACHE     |  out|    4|       m_axi|          mem2|       pointer|
|m_axi_mem2_AWPROT      |  out|    3|       m_axi|          mem2|       pointer|
|m_axi_mem2_AWQOS       |  out|    4|       m_axi|          mem2|       pointer|
|m_axi_mem2_AWREGION    |  out|    4|       m_axi|          mem2|       pointer|
|m_axi_mem2_AWUSER      |  out|    1|       m_axi|          mem2|       pointer|
|m_axi_mem2_WVALID      |  out|    1|       m_axi|          mem2|       pointer|
|m_axi_mem2_WREADY      |   in|    1|       m_axi|          mem2|       pointer|
|m_axi_mem2_WDATA       |  out|   32|       m_axi|          mem2|       pointer|
|m_axi_mem2_WSTRB       |  out|    4|       m_axi|          mem2|       pointer|
|m_axi_mem2_WLAST       |  out|    1|       m_axi|          mem2|       pointer|
|m_axi_mem2_WID         |  out|    1|       m_axi|          mem2|       pointer|
|m_axi_mem2_WUSER       |  out|    1|       m_axi|          mem2|       pointer|
|m_axi_mem2_ARVALID     |  out|    1|       m_axi|          mem2|       pointer|
|m_axi_mem2_ARREADY     |   in|    1|       m_axi|          mem2|       pointer|
|m_axi_mem2_ARADDR      |  out|   64|       m_axi|          mem2|       pointer|
|m_axi_mem2_ARID        |  out|    1|       m_axi|          mem2|       pointer|
|m_axi_mem2_ARLEN       |  out|    8|       m_axi|          mem2|       pointer|
|m_axi_mem2_ARSIZE      |  out|    3|       m_axi|          mem2|       pointer|
|m_axi_mem2_ARBURST     |  out|    2|       m_axi|          mem2|       pointer|
|m_axi_mem2_ARLOCK      |  out|    2|       m_axi|          mem2|       pointer|
|m_axi_mem2_ARCACHE     |  out|    4|       m_axi|          mem2|       pointer|
|m_axi_mem2_ARPROT      |  out|    3|       m_axi|          mem2|       pointer|
|m_axi_mem2_ARQOS       |  out|    4|       m_axi|          mem2|       pointer|
|m_axi_mem2_ARREGION    |  out|    4|       m_axi|          mem2|       pointer|
|m_axi_mem2_ARUSER      |  out|    1|       m_axi|          mem2|       pointer|
|m_axi_mem2_RVALID      |   in|    1|       m_axi|          mem2|       pointer|
|m_axi_mem2_RREADY      |  out|    1|       m_axi|          mem2|       pointer|
|m_axi_mem2_RDATA       |   in|   32|       m_axi|          mem2|       pointer|
|m_axi_mem2_RLAST       |   in|    1|       m_axi|          mem2|       pointer|
|m_axi_mem2_RID         |   in|    1|       m_axi|          mem2|       pointer|
|m_axi_mem2_RUSER       |   in|    1|       m_axi|          mem2|       pointer|
|m_axi_mem2_RRESP       |   in|    2|       m_axi|          mem2|       pointer|
|m_axi_mem2_BVALID      |   in|    1|       m_axi|          mem2|       pointer|
|m_axi_mem2_BREADY      |  out|    1|       m_axi|          mem2|       pointer|
|m_axi_mem2_BRESP       |   in|    2|       m_axi|          mem2|       pointer|
|m_axi_mem2_BID         |   in|    1|       m_axi|          mem2|       pointer|
|m_axi_mem2_BUSER       |   in|    1|       m_axi|          mem2|       pointer|
+-----------------------+-----+-----+------------+--------------+--------------+

